command=build_stage07_b03_cwt_20e76c9b0ef/stage07_wavelets_cwt --dtype INT32 --n 128 --width 2 --warmup 20 --measured 100 --output /tmp/ZKX_dev/results/stage07_b03_formal_20e76c9b0ef/formal/20260810T100949Z_20e76c9b0ef0_stage07_b03_formal_d763bb18/cwt_probe_raw.json
STAGE07_WAVELET_PROBE PASS operator=cwt dtype=INT32
{"run_id": "20260810T100949Z_20e76c9b0ef0_stage07_b03_formal_d763bb18", "case_id": "cwt__cwt_task_int32_10e2__67c8850527963744", "operator_name": "cwt", "task_name": "Task2", "step_name": "Step4", "scale_id": "cwt_task_int32_10e2", "requested_dtype": "INT32", "input_content": [{"input_name": "signal", "shape": "[128]", "dtype": "INT32", "element_count": "128", "generator": "sinusoid_mixture_plus_transient", "preview_head4_tail2": "i=0:2;i=1:2;i=2:2;i=3:2;i=126:-3;i=127:-3"}, {"input_name": "widths", "shape": "[4]", "dtype": "INT32", "element_count": "4", "generator": "configured_ricker_widths(base=2)", "preview_head4_tail2": "i=0:2;i=1:4;i=2:8;i=3:12"}], "case_parameters": {"n": 128, "width_base": 2, "widths": [2, 4, 8, 12], "wavelet": "ricker_typed_cpu_float", "expected_output_shape": [4, 128], "output_dtype": "FP64", "backend_truth": "not_applicable_direct_custom_convolution"}, "output_dtype": "FP64", "backend": "not_applicable", "task_gpu_call_status": "proved_gpu_cpu", "warmup_runs": 20, "measured_runs": 100, "mse": 1.24384e-12, "rmse": 1.11528e-06, "relative_l2": 1.35183e-07, "relative_linf": 2.76731e-07, "actual_input_digest": "67c8850527963744e6cf2c6255dcaec3e76224ad92dbf36ead0d7c0b8054fffb", "typed_array_digest": "73056506913714b98ff7ef4a6af274028dfb43b55839e20a64d42e28f6459179", "status": "PASS", "error_code": "OK"}
[stage07] identity and status
+--------+---------------------+--------+----------------+-------+--------+----------+--------------------------+--------+------------+
| target | scale_id            | device | backend        | dtype | warmup | measured | timing_scope             | status | error_code |
+--------+---------------------+--------+----------------+-------+--------+----------+--------------------------+--------+------------+
| cwt    | cwt_task_int32_10e2 | CPU    | not_applicable | INT32 | 20     | 100      | compatibility/end-to-end | PASS   | OK         |
| cwt    | cwt_task_int32_10e2 | GPU    | not_applicable | INT32 | 20     | 100      | compatibility/end-to-end | PASS   | OK         |
+--------+---------------------+--------+----------------+-------+--------+----------+--------------------------+--------+------------+

[stage07] timing detail
+--------+------------+---------------------+---------------------+---------------------+----------+----------+----------------------+----------------------+--------------------+
| device | mean_ms    | p50_ms              | p95_ms              | p99_ms              | min_ms   | max_ms   | std_ms               | cv                   | speedup            |
+--------+------------+---------------------+---------------------+---------------------+----------+----------+----------------------+----------------------+--------------------+
| CPU    | 0.40951005 | 0.40793250000000003 | 0.41892755000000004 | 0.42598749000000025 | 0.406952 | 0.475932 | 0.007465257272693288 | 0.018229729093811712 | NA                 |
| GPU    | 0.60967759 | 0.5994585           | 0.6699465           | 0.6825720100000009  | 0.584303 | 0.855625 | 0.03378617525914853  | 0.05541646242754065  | 0.6716829627934988 |
+--------+------------+---------------------+---------------------+---------------------+----------+----------+----------------------+----------------------+--------------------+

[stage07] accuracy detail
+---------------------+-------------+-------------+-------------+---------------+-------------+----------------+----------------------------------------------------------+--------+
| reference           | mse         | rmse        | relative_l2 | relative_linf | exact_match | mismatch_count | semantic_check                                           | status |
+---------------------+-------------+-------------+-------------+---------------+-------------+----------------+----------------------------------------------------------+--------+
| typed_cpu_reference | 1.24384e-12 | 1.11528e-06 | 1.35183e-07 | 2.76731e-07   | NA          | NA             | output_count=512;output_dtype=FP64;task_gpu_call=present | PASS   |
+---------------------+-------------+-------------+-------------+---------------+-------------+----------------+----------------------------------------------------------+--------+

[stage07] resource detail
+--------+------------+--------------+-------------+------------+-------------+
| device | metric     | before_bytes | after_bytes | peak_bytes | delta_bytes |
+--------+------------+--------------+-------------+------------+-------------+
| CPU    | cpu_heap   | 1387136      | 1395328     | 1395328    | 8192        |
| CPU    | rss        | 69443584     | 69443584    | 69443584   | 0           |
| GPU    | cpu_heap   | 1395424      | 1402544     | 1403136    | 7120        |
| GPU    | rss        | 69443584     | 69443584    | 69443584   | 0           |
| GPU    | gpu_memory | 341000192    | 341000192   | 341000192  | 0           |
+--------+------------+--------------+-------------+------------+-------------+

[stage07] input content
+------------+-------+-------+----------+----------------------------------+-------------------------------------------+
| input_name | shape | dtype | elements | generator                        | values(head4/tail2)                       |
+------------+-------+-------+----------+----------------------------------+-------------------------------------------+
| signal     | [128] | INT32 | 128      | sinusoid_mixture_plus_transient  | i=0:2;i=1:2;i=2:2;i=3:2;i=126:-3;i=127:-3 |
| widths     | [4]   | INT32 | 4        | configured_ricker_widths(base=2) | i=0:2;i=1:4;i=2:8;i=3:12                  |
+------------+-------+-------+----------+----------------------------------+-------------------------------------------+

[stage07] case parameters
+--------------------------------------------------------------------------------------------------------------------------------------------------------------------------------------------------+
| parameters                                                                                                                                                                                       |
+--------------------------------------------------------------------------------------------------------------------------------------------------------------------------------------------------+
| {"backend_truth":"not_applicable_direct_custom_convolution","expected_output_shape":[4,128],"n":128,"output_dtype":"FP64","wavelet":"ricker_typed_cpu_float","width_base":2,"widths":[2,4,8,12]} |
+--------------------------------------------------------------------------------------------------------------------------------------------------------------------------------------------------+

[stage07] input and output identity
+--------+------------------------------------------------------------------+------------------------------------------------------------------+
| device | input_digest                                                     | output_digest                                                    |
+--------+------------------------------------------------------------------+------------------------------------------------------------------+
| CPU    | 67c8850527963744e6cf2c6255dcaec3e76224ad92dbf36ead0d7c0b8054fffb | c091e3c21131b9e4f100f0c577e7a885f401a72a48bd6a056de0ae695d8d8e67 |
| GPU    | 67c8850527963744e6cf2c6255dcaec3e76224ad92dbf36ead0d7c0b8054fffb | 705adc13fd7c16a8134617265cf4f382eccf0fa98cdaae98bbfa512e23a855dd |
+--------+------------------------------------------------------------------+------------------------------------------------------------------+

[stage07] dtype evidence
+-----------------+--------------------+--------------+------------------------------------------------------------------+------------------------------------------------------------------+----------------------+
| requested_dtype | config_input_dtype | output_dtype | typed_array_digest                                               | actual_input_digest                                              | task_gpu_call_status |
+-----------------+--------------------+--------------+------------------------------------------------------------------+------------------------------------------------------------------+----------------------+
| INT32           | INT32              | FP64         | 73056506913714b98ff7ef4a6af274028dfb43b55839e20a64d42e28f6459179 | 67c8850527963744e6cf2c6255dcaec3e76224ad92dbf36ead0d7c0b8054fffb | proved_gpu_cpu       |
+-----------------+--------------------+--------------+------------------------------------------------------------------+------------------------------------------------------------------+----------------------+

[stage07] evidence files
+-------------+-------------------------------------------------------------------------------------------------------------------------------------------------------------------------------------------------------------------------------+
| kind        | path                                                                                                                                                                                                                          |
+-------------+-------------------------------------------------------------------------------------------------------------------------------------------------------------------------------------------------------------------------------+
| main_csv    | /tmp/ZKX_dev/results/stage07_b03_formal_20e76c9b0ef/formal/20260810T100949Z_20e76c9b0ef0_stage07_b03_formal_d763bb18/operator_main_results_cwt_not_applicable_20260810T100949Z_20e76c9b0ef0_stage07_b03_formal_d763bb18.csv   |
| timing_csv  | /tmp/ZKX_dev/results/stage07_b03_formal_20e76c9b0ef/formal/20260810T100949Z_20e76c9b0ef0_stage07_b03_formal_d763bb18/operator_timing_samples_cwt_not_applicable_20260810T100949Z_20e76c9b0ef0_stage07_b03_formal_d763bb18.csv |
| memory_csv  | /tmp/ZKX_dev/results/stage07_b03_formal_20e76c9b0ef/formal/20260810T100949Z_20e76c9b0ef0_stage07_b03_formal_d763bb18/operator_wavelets_cwt_memory_trace_not_applicable.csv                                                    |
| dtype_csv   | /tmp/ZKX_dev/results/stage07_b03_formal_20e76c9b0ef/formal/20260810T100949Z_20e76c9b0ef0_stage07_b03_formal_d763bb18/operator_dtype_evidence_cwt_not_applicable_20260810T100949Z_20e76c9b0ef0_stage07_b03_formal_d763bb18.csv |
| report_json | /tmp/ZKX_dev/results/stage07_b03_formal_20e76c9b0ef/formal/20260810T100949Z_20e76c9b0ef0_stage07_b03_formal_d763bb18/operator_cwt_report.json                                                                                 |
| summary_txt | /tmp/ZKX_dev/results/stage07_b03_formal_20e76c9b0ef/formal/20260810T100949Z_20e76c9b0ef0_stage07_b03_formal_d763bb18/operator_cwt_summary.txt                                                                                 |
| full_log    | /tmp/ZKX_dev/results/stage07_b03_formal_20e76c9b0ef/formal/20260810T100949Z_20e76c9b0ef0_stage07_b03_formal_d763bb18/operator_cwt_full.log                                                                                    |
| result_dir  | /tmp/ZKX_dev/results/stage07_b03_formal_20e76c9b0ef/formal/20260810T100949Z_20e76c9b0ef0_stage07_b03_formal_d763bb18                                                                                                          |
+-------------+-------------------------------------------------------------------------------------------------------------------------------------------------------------------------------------------------------------------------------+
