[stage08-b01] operator=kaiser entry=cpu:kaiser_typed_cpu gpu:kaiser_device
[stage08-b01] config=test_all/configs/operators/windows/kaiser/operator_scales.json config_sha256=3c4c14a97768005f5dc56b0d0c17628fff55c481c5608f82bbef4fa7c495f9fe
[stage08-b01] run_type=formal scale=kaiser_int16_10e2 dtype=INT16 sym=true backend=not_applicable
[stage08-b01] dtype_semantics=actual_typed_scalar_input typed_input_count=1 actual_input_digest=d5c749764ba8c02489fb772902dd2d3b7760b304b0be42d3b804c83be3b34827
[stage08-b01] timing_scope=compatibility/end-to-end warmup=20 measured=100
[stage08-b01] cpu_mean_ms=0.0057662199999999973 gpu_mean_ms=0.24817833000000009 speedup=0.02323418003497725
[stage08-b01] mse=1.0393479857547649e-14 rmse=1.0194841763140638e-07 relative_l2=1.8219090234977226e-07 relative_linf=3.4051494144698818e-07
[stage08-b01] resources=available cuda_event_ms=0.27843001484870911
[stage08-b01] status=PASS error_code=OK
[stage08] identity and status
target | scale_id          | device | backend        | dtype | warmup | measured | timing_scope             | status | error_code
kaiser | kaiser_int16_10e2 | CPU    | not_applicable | INT16 | 20     | 100      | compatibility/end-to-end | PASS   | OK        
kaiser | kaiser_int16_10e2 | GPU    | not_applicable | INT16 | 20     | 100      | compatibility/end-to-end | PASS   | OK        

[stage08] timing detail
device | mean_ms               | p50_ms                | p95_ms                | p99_ms                | min_ms                | max_ms                | std_ms                 | cv                   | speedup            
CPU    | 0.0057662199999999973 | 0.0058900000000000003 | 0.0059800000000000001 | 0.0059800000000000001 | 0.0054900000000000001 | 0.0059800000000000001 | 0.00021276214794930064 | 0.036898028162175696 | NA                 
GPU    | 0.24817833000000009   | 0.24732100000000001   | 0.25635249999999998   | 0.26265360000000026   | 0.23359099999999999   | 0.31637100000000001   | 0.0085463823891223142  | 0.034436456998974532 | 0.02323418003497725

[stage08] accuracy detail
accuracy_reference  | mse                    | rmse                   | relative_l2            | relative_linf          | exact_match | mismatch_count | semantic_check                                                                                   | status
cpu_typed_reference | 1.0393479857547649e-14 | 1.0194841763140638e-07 | 1.8219090234977226e-07 | 3.4051494144698818e-07 | NA          | NA             | finite_normalized_fp64_window_shape_beta_and_symmetry_match_cpu:shape=[100];finite=true;sym=true | PASS  

[stage08] resource detail
device | metric     | before_bytes | after_bytes | peak_bytes | delta_bytes
CPU    | cpu_heap   | 1426576      | 1429888     | 1429888    | 3312       
CPU    | rss        | 70160384     | 70160384    | 70160384   | 0          
GPU    | cpu_heap   | 1429888      | 1432816     | 1432816    | 2928       
GPU    | rss        | 70160384     | 70160384    | 70160384   | 0          
GPU    | gpu_memory | 341000192    | 341000192   | 341000192  | 0          

[stage08] input/output identity
device | input_digest                                                     | output_digest                                                   
CPU    | d5c749764ba8c02489fb772902dd2d3b7760b304b0be42d3b804c83be3b34827 | e903ce7639a93d7d6c6a4b5d0cf816ff0d7efefa18070bf561405a919bd7e0f2
GPU    | d5c749764ba8c02489fb772902dd2d3b7760b304b0be42d3b804c83be3b34827 | d23071610d5c6371ebc003491dc529a113124c4d34335b18fa51c7d40ec85fb0

[stage08] input content
input_name       | shape  | dtype       | elements | generator                                           | values(head4/tail2)                                                                          
window_positions | [100]  | INDEX_INT64 | 100      | implicit_window_index_domain(no_materialized_array) | i=0:position=0;i=1:position=1;i=2:position=2;i=3:position=3;i=98:position=98;i=99:position=99
beta             | scalar | INT16       | 1        | exact_config_scalar                                 | value=8                                                                                      

[stage08] case parameters
parameters                                                  
{"length":100,"requested_dtype":"INT16","sym":true,"beta":8}

[stage08] dtype evidence
requested_dtype | config_input_dtype | output_dtype | actual_input_digest                                              | status
INT16           | INT16              | FP64         | d5c749764ba8c02489fb772902dd2d3b7760b304b0be42d3b804c83be3b34827 | PASS  

[stage08] evidence files
kind        | path                                                                                                                                                                                                                                           
main_csv    | /tmp/ZKX_dev/results/stage08_input_preview_b01_kaiser_8b745f9a6864/formal/20260810T082129Z_8b745f9a6864_stage08_b01_formal_a1040013/operator_main_results_kaiser_not_applicable_20260810T082129Z_8b745f9a6864_stage08_b01_formal_a1040013.csv  
timing_csv  | /tmp/ZKX_dev/results/stage08_input_preview_b01_kaiser_8b745f9a6864/formal/20260810T082129Z_8b745f9a6864_stage08_b01_formal_a1040013/operator_timing_samples_kaiser_not_applicable_20260810T082129Z_8b745f9a6864_stage08_b01_formal_a1040013.csv
memory_csv  | /tmp/ZKX_dev/results/stage08_input_preview_b01_kaiser_8b745f9a6864/formal/20260810T082129Z_8b745f9a6864_stage08_b01_formal_a1040013/operator_windows_kaiser_memory_trace_not_applicable.csv                                                    
input_csv   | /tmp/ZKX_dev/results/stage08_input_preview_b01_kaiser_8b745f9a6864/formal/20260810T082129Z_8b745f9a6864_stage08_b01_formal_a1040013/operator_input_evidence_kaiser_not_applicable_20260810T082129Z_8b745f9a6864_stage08_b01_formal_a1040013.csv
dtype_csv   | /tmp/ZKX_dev/results/stage08_input_preview_b01_kaiser_8b745f9a6864/formal/20260810T082129Z_8b745f9a6864_stage08_b01_formal_a1040013/operator_dtype_evidence_kaiser_not_applicable_20260810T082129Z_8b745f9a6864_stage08_b01_formal_a1040013.csv
module_csv  | /tmp/ZKX_dev/results/stage08_input_preview_b01_kaiser_8b745f9a6864/formal/20260810T082129Z_8b745f9a6864_stage08_b01_formal_a1040013/windows_batch01_module_summary_not_applicable_20260810T082129Z_8b745f9a6864_stage08_b01_formal_a1040013.csv
report_json | /tmp/ZKX_dev/results/stage08_input_preview_b01_kaiser_8b745f9a6864/formal/20260810T082129Z_8b745f9a6864_stage08_b01_formal_a1040013/operator_kaiser_report.json                                                                                
summary_txt | /tmp/ZKX_dev/results/stage08_input_preview_b01_kaiser_8b745f9a6864/formal/20260810T082129Z_8b745f9a6864_stage08_b01_formal_a1040013/operator_kaiser_summary.txt                                                                                
full_log    | /tmp/ZKX_dev/results/stage08_input_preview_b01_kaiser_8b745f9a6864/formal/20260810T082129Z_8b745f9a6864_stage08_b01_formal_a1040013/operator_kaiser_full.log                                                                                   
results_dir | /tmp/ZKX_dev/results/stage08_input_preview_b01_kaiser_8b745f9a6864/formal/20260810T082129Z_8b745f9a6864_stage08_b01_formal_a1040013                                                                                                            
