[stage08-b08-formal] case=0 scale=gauss_spline_fp32_10e2 status=starting
STAGE08_GAUSS_SPLINE_CASE PASS scale=gauss_spline_fp32_10e2 dtype=FP32 backend=not_applicable measured=100 results=/tmp/ZKX_dev/results/stage08_b08_rerun_gauss_spline_a1467e3b776a/formal/20260810T012601Z_a1467e3b776a_stage08_b08_formal_8763f000
[stage08-b08-formal] case=0 scale=gauss_spline_fp32_10e2 status=completed
[stage08-b08-formal] case=1 scale=gauss_spline_fp32_10e3 status=starting
STAGE08_GAUSS_SPLINE_CASE PASS scale=gauss_spline_fp32_10e3 dtype=FP32 backend=not_applicable measured=100 results=/tmp/ZKX_dev/results/stage08_b08_rerun_gauss_spline_a1467e3b776a/formal/20260810T012601Z_a1467e3b776a_stage08_b08_formal_8763f001
[stage08-b08-formal] case=1 scale=gauss_spline_fp32_10e3 status=completed
[stage08-b08-formal] case=2 scale=gauss_spline_fp32_10e4 status=starting
STAGE08_GAUSS_SPLINE_CASE PASS scale=gauss_spline_fp32_10e4 dtype=FP32 backend=not_applicable measured=100 results=/tmp/ZKX_dev/results/stage08_b08_rerun_gauss_spline_a1467e3b776a/formal/20260810T012601Z_a1467e3b776a_stage08_b08_formal_8763f002
[stage08-b08-formal] case=2 scale=gauss_spline_fp32_10e4 status=completed
[stage08-b08-formal] case=3 scale=gauss_spline_fp16_10e2 status=starting
STAGE08_GAUSS_SPLINE_CASE PASS scale=gauss_spline_fp16_10e2 dtype=FP16 backend=not_applicable measured=100 results=/tmp/ZKX_dev/results/stage08_b08_rerun_gauss_spline_a1467e3b776a/formal/20260810T012602Z_a1467e3b776a_stage08_b08_formal_8763f003
[stage08-b08-formal] case=3 scale=gauss_spline_fp16_10e2 status=completed
[stage08-b08-formal] case=4 scale=gauss_spline_fp16_10e3 status=starting
STAGE08_GAUSS_SPLINE_CASE PASS scale=gauss_spline_fp16_10e3 dtype=FP16 backend=not_applicable measured=100 results=/tmp/ZKX_dev/results/stage08_b08_rerun_gauss_spline_a1467e3b776a/formal/20260810T012602Z_a1467e3b776a_stage08_b08_formal_8763f004
[stage08-b08-formal] case=4 scale=gauss_spline_fp16_10e3 status=completed
[stage08-b08-formal] case=5 scale=gauss_spline_fp16_10e4 status=starting
STAGE08_GAUSS_SPLINE_CASE PASS scale=gauss_spline_fp16_10e4 dtype=FP16 backend=not_applicable measured=100 results=/tmp/ZKX_dev/results/stage08_b08_rerun_gauss_spline_a1467e3b776a/formal/20260810T012602Z_a1467e3b776a_stage08_b08_formal_8763f005
[stage08-b08-formal] case=5 scale=gauss_spline_fp16_10e4 status=completed
[stage08-b08-formal] case=6 scale=gauss_spline_int32_10e2 status=starting
STAGE08_GAUSS_SPLINE_CASE PASS scale=gauss_spline_int32_10e2 dtype=INT32 backend=not_applicable measured=100 results=/tmp/ZKX_dev/results/stage08_b08_rerun_gauss_spline_a1467e3b776a/formal/20260810T012602Z_a1467e3b776a_stage08_b08_formal_8763f006
[stage08-b08-formal] case=6 scale=gauss_spline_int32_10e2 status=completed
[stage08-b08-formal] case=7 scale=gauss_spline_int32_10e3 status=starting
STAGE08_GAUSS_SPLINE_CASE PASS scale=gauss_spline_int32_10e3 dtype=INT32 backend=not_applicable measured=100 results=/tmp/ZKX_dev/results/stage08_b08_rerun_gauss_spline_a1467e3b776a/formal/20260810T012602Z_a1467e3b776a_stage08_b08_formal_8763f007
[stage08-b08-formal] case=7 scale=gauss_spline_int32_10e3 status=completed
[stage08-b08-formal] case=8 scale=gauss_spline_int32_10e4 status=starting
STAGE08_GAUSS_SPLINE_CASE PASS scale=gauss_spline_int32_10e4 dtype=INT32 backend=not_applicable measured=100 results=/tmp/ZKX_dev/results/stage08_b08_rerun_gauss_spline_a1467e3b776a/formal/20260810T012602Z_a1467e3b776a_stage08_b08_formal_8763f008
[stage08-b08-formal] case=8 scale=gauss_spline_int32_10e4 status=completed
[stage08-b08-formal] case=9 scale=gauss_spline_int16_10e2 status=starting
STAGE08_GAUSS_SPLINE_CASE PASS scale=gauss_spline_int16_10e2 dtype=INT16 backend=not_applicable measured=100 results=/tmp/ZKX_dev/results/stage08_b08_rerun_gauss_spline_a1467e3b776a/formal/20260810T012603Z_a1467e3b776a_stage08_b08_formal_8763f009
[stage08-b08-formal] case=9 scale=gauss_spline_int16_10e2 status=completed
[stage08-b08-formal] case=10 scale=gauss_spline_int16_10e3 status=starting
STAGE08_GAUSS_SPLINE_CASE PASS scale=gauss_spline_int16_10e3 dtype=INT16 backend=not_applicable measured=100 results=/tmp/ZKX_dev/results/stage08_b08_rerun_gauss_spline_a1467e3b776a/formal/20260810T012603Z_a1467e3b776a_stage08_b08_formal_8763f00a
[stage08-b08-formal] case=10 scale=gauss_spline_int16_10e3 status=completed
[stage08-b08-formal] case=11 scale=gauss_spline_int16_10e4 status=starting
STAGE08_GAUSS_SPLINE_CASE PASS scale=gauss_spline_int16_10e4 dtype=INT16 backend=not_applicable measured=100 results=/tmp/ZKX_dev/results/stage08_b08_rerun_gauss_spline_a1467e3b776a/formal/20260810T012603Z_a1467e3b776a_stage08_b08_formal_8763f00b
[stage08-b08-formal] case=11 scale=gauss_spline_int16_10e4 status=completed
[stage08-b08-formal] case=12 scale=gauss_spline_int8_10e2 status=starting
STAGE08_GAUSS_SPLINE_CASE PASS scale=gauss_spline_int8_10e2 dtype=INT8 backend=not_applicable measured=100 results=/tmp/ZKX_dev/results/stage08_b08_rerun_gauss_spline_a1467e3b776a/formal/20260810T012603Z_a1467e3b776a_stage08_b08_formal_8763f00c
[stage08-b08-formal] case=12 scale=gauss_spline_int8_10e2 status=completed
[stage08-b08-formal] case=13 scale=gauss_spline_int8_10e3 status=starting
STAGE08_GAUSS_SPLINE_CASE PASS scale=gauss_spline_int8_10e3 dtype=INT8 backend=not_applicable measured=100 results=/tmp/ZKX_dev/results/stage08_b08_rerun_gauss_spline_a1467e3b776a/formal/20260810T012603Z_a1467e3b776a_stage08_b08_formal_8763f00d
[stage08-b08-formal] case=13 scale=gauss_spline_int8_10e3 status=completed
[stage08-b08-formal] case=14 scale=gauss_spline_int8_10e4 status=starting
STAGE08_GAUSS_SPLINE_CASE PASS scale=gauss_spline_int8_10e4 dtype=INT8 backend=not_applicable measured=100 results=/tmp/ZKX_dev/results/stage08_b08_rerun_gauss_spline_a1467e3b776a/formal/20260810T012603Z_a1467e3b776a_stage08_b08_formal_8763f00e
[stage08-b08-formal] case=14 scale=gauss_spline_int8_10e4 status=completed
[stage08-b08-formal] cases=15 status=completed
