command=build_stage08_b03_hilbert_0b2008e7f76a/stage08_filtering_hilbert --dtype FP32 --rows 32 --cols 32 --axis 1 --seed 83110002 --warmup 20 --measured 100 --output /tmp/ZKX_dev/results/stage08_table_rerun_hilbert_47ebe13410d3/formal/20260810T032306Z_47ebe13410d3_stage08_b03_formal_88310001/hilbert_probe_raw.json
STAGE08_HILBERT_PROBE PASS dtype=FP32 shape=32x32 backend=fft_thrust
{"actual_input_digest": "0c76a6bf97b295b2eb4c0b1129981e6cc6ed789d5e30dcb939c3dfd733213d53", "backend": "fft_thrust", "case_id": "hilbert__hilbert_fp32_10e3__0c76a6bf97b295b2", "compute_dtype": "FP32", "dtype_semantics": "actual_typed_array_input_fp32_fft_extension", "error_code": "OK", "fft_dtype": "ComplexFP32", "measured_runs": 100, "metrics": {"mse": 5.725303044496254e-14, "relative_l2": 1.0272172354477734e-07, "relative_linf": 1.694607944333162e-07, "rmse": 2.3927605489259166e-07}, "operator_name": "hilbert", "output_dtype": "ComplexFP32", "requested_dtype": "FP32", "run_id": "20260810T032306Z_47ebe13410d3_stage08_b03_formal_88310001", "scale_id": "hilbert_fp32_10e3", "schema_version": 1, "status": "PASS", "typed_input_count": 1, "typed_input_names": "x", "warmup_runs": 20}
[stage08] identity and status
+---------+-------------------+--------+------------+-------+--------+----------+--------------------------+--------+------------+
| target  | scale_id          | device | backend    | dtype | warmup | measured | timing_scope             | status | error_code |
+---------+-------------------+--------+------------+-------+--------+----------+--------------------------+--------+------------+
| hilbert | hilbert_fp32_10e3 | CPU    | fft_thrust | FP32  | 20     | 100      | compatibility/end-to-end | PASS   | OK         |
| hilbert | hilbert_fp32_10e3 | GPU    | fft_thrust | FP32  | 20     | 100      | compatibility/end-to-end | PASS   | OK         |
+---------+-------------------+--------+------------+-------+--------+----------+--------------------------+--------+------------+

[stage08] timing detail
+--------+--------------------+---------------------+---------------------+---------------------+--------------------+---------------------+----------------------+----------------------+--------------------+
| device | mean_ms            | p50_ms              | p95_ms              | p99_ms              | min_ms             | max_ms              | std_ms               | cv                   | speedup            |
+--------+--------------------+---------------------+---------------------+---------------------+--------------------+---------------------+----------------------+----------------------+--------------------+
| CPU    | 3.6374715900000001 | 3.6085105000000004  | 3.6266880000000001  | 4.605457030000002   | 3.5928810000000002 | 5.0012619999999997  | 0.17735129142834538  | 0.048756749582845642 | NA                 |
| GPU    | 0.45443306         | 0.45075399999999999 | 0.48795454999999999 | 0.54055601000000031 | 0.424234           | 0.61302500000000004 | 0.024645236592826615 | 0.054232930572495355 | 8.0044167341170116 |
+--------+--------------------+---------------------+---------------------+---------------------+--------------------+---------------------+----------------------+----------------------+--------------------+

[stage08] accuracy detail
+-----------------------------+-----------------------+------------------------+------------------------+-----------------------+-------------+----------------+------------------------------------------------------------------------------------+--------+
| accuracy_reference          | mse                   | rmse                   | relative_l2            | relative_linf         | exact_match | mismatch_count | semantic_check                                                                     | status |
+-----------------------------+-----------------------+------------------------+------------------------+-----------------------+-------------+----------------+------------------------------------------------------------------------------------+--------+
| cpu_typed_double_direct_dft | 5.725303044496254e-14 | 2.3927605489259166e-07 | 1.0272172354477734e-07 | 1.694607944333162e-07 | NA          | NA             | finite_analytic_signal_shape_and_output_dtype_match_cpu:shape=[32, 32];finite=true | PASS   |
+-----------------------------+-----------------------+------------------------+------------------------+-----------------------+-------------+----------------+------------------------------------------------------------------------------------+--------+

[stage08] resource detail
+--------+------------+--------------+-------------+------------+-------------+
| device | metric     | before_bytes | after_bytes | peak_bytes | delta_bytes |
+--------+------------+--------------+-------------+------------+-------------+
| CPU    | cpu_heap   | 1535680      | 1543376     | 1550464    | 7696        |
| CPU    | rss        | 70832128     | 70832128    | 70832128   | 0           |
| GPU    | cpu_heap   | 1543376      | 1546416     | 1546416    | 3040        |
| GPU    | rss        | 70832128     | 70832128    | 70832128   | 0           |
| GPU    | gpu_memory | 357777408    | 357777408   | 357777408  | 0           |
+--------+------------+--------------+-------------+------------+-------------+

[stage08] input/output identity
+--------+------------------------------------------------------------------+------------------------------------------------------------------+
| device | input_digest                                                     | output_digest                                                    |
+--------+------------------------------------------------------------------+------------------------------------------------------------------+
| CPU    | 0c76a6bf97b295b2eb4c0b1129981e6cc6ed789d5e30dcb939c3dfd733213d53 | 7619d0fe572d658e8c2513bcabe0fff3c43c38f81d2b15001688a2d07e2553a9 |
| GPU    | 0c76a6bf97b295b2eb4c0b1129981e6cc6ed789d5e30dcb939c3dfd733213d53 | 0cdb434d8a4a24b6b606395099d04c2de3f72e01f8ceb4b2f9d1d045250ec5ca |
+--------+------------------------------------------------------------------+------------------------------------------------------------------+

[stage08] dtype evidence
+-----------------+--------------------+--------------+------------------------------------------------------------------+--------+
| requested_dtype | config_input_dtype | output_dtype | actual_input_digest                                              | status |
+-----------------+--------------------+--------------+------------------------------------------------------------------+--------+
| FP32            | NA                 | ComplexFP32  | 0c76a6bf97b295b2eb4c0b1129981e6cc6ed789d5e30dcb939c3dfd733213d53 | PASS   |
+-----------------+--------------------+--------------+------------------------------------------------------------------+--------+

[stage08] evidence files
+----------------+-----------------------------------------------------------------------------------------------------------------------------------------------------------------------------------------------------------------------------------------+
| kind           | path                                                                                                                                                                                                                                    |
+----------------+-----------------------------------------------------------------------------------------------------------------------------------------------------------------------------------------------------------------------------------------+
| probe_raw_json | /tmp/ZKX_dev/results/stage08_table_rerun_hilbert_47ebe13410d3/formal/20260810T032306Z_47ebe13410d3_stage08_b03_formal_88310001/hilbert_probe_raw.json                                                                                   |
| dtype_csv      | /tmp/ZKX_dev/results/stage08_table_rerun_hilbert_47ebe13410d3/formal/20260810T032306Z_47ebe13410d3_stage08_b03_formal_88310001/operator_dtype_evidence_hilbert_fft_thrust_20260810T032306Z_47ebe13410d3_stage08_b03_formal_88310001.csv |
| memory_csv     | /tmp/ZKX_dev/results/stage08_table_rerun_hilbert_47ebe13410d3/formal/20260810T032306Z_47ebe13410d3_stage08_b03_formal_88310001/operator_filtering_hilbert_memory_trace_fft_thrust.csv                                                   |
| full_log       | /tmp/ZKX_dev/results/stage08_table_rerun_hilbert_47ebe13410d3/formal/20260810T032306Z_47ebe13410d3_stage08_b03_formal_88310001/operator_hilbert_full.log                                                                                |
| report_json    | /tmp/ZKX_dev/results/stage08_table_rerun_hilbert_47ebe13410d3/formal/20260810T032306Z_47ebe13410d3_stage08_b03_formal_88310001/operator_hilbert_report.json                                                                             |
| summary_txt    | /tmp/ZKX_dev/results/stage08_table_rerun_hilbert_47ebe13410d3/formal/20260810T032306Z_47ebe13410d3_stage08_b03_formal_88310001/operator_hilbert_summary.txt                                                                             |
| main_csv       | /tmp/ZKX_dev/results/stage08_table_rerun_hilbert_47ebe13410d3/formal/20260810T032306Z_47ebe13410d3_stage08_b03_formal_88310001/operator_main_results_hilbert_fft_thrust_20260810T032306Z_47ebe13410d3_stage08_b03_formal_88310001.csv   |
| timing_csv     | /tmp/ZKX_dev/results/stage08_table_rerun_hilbert_47ebe13410d3/formal/20260810T032306Z_47ebe13410d3_stage08_b03_formal_88310001/operator_timing_samples_hilbert_fft_thrust_20260810T032306Z_47ebe13410d3_stage08_b03_formal_88310001.csv |
+----------------+-----------------------------------------------------------------------------------------------------------------------------------------------------------------------------------------------------------------------------------------+
