command=build_stage08_b06_stft_81f248cc9e2d/stage08_spectral_analysis_stft --dtype FP16 --count 10000 --fs 1000 --nperseg 128 --noverlap 96 --nfft 128 --detrend none --onesided true --boundary even --padded true --seed 86420003 --warmup 20 --measured 100 --output /tmp/ZKX_dev/results/stage08_input_preview_b06_stft_9b01dadd36f6/formal/20260810T085828Z_9b01dadd36f6_stage08_b06_formal_86740005/stft_probe_raw.json
{"run_id": "20260810T085828Z_9b01dadd36f6_stage08_b06_formal_86740005", "case_id": "stft__stft_fp16_10e4__051e545a15553aa9", "operator_name": "stft", "scale_id": "stft_fp16_10e4", "requested_dtype": "FP16", "output_dtype": "ComplexFP32", "backend": "fft_thrust", "nperseg": 128, "noverlap": 96, "nfft": 128, "detrend": "none", "return_onesided": true, "boundary": "even", "padded": true, "frequency_count": 65, "time_count": 314, "output_count": 20410, "warmup_runs": 20, "measured_runs": 100, "mse": 1.30491e-16, "rmse": 1.14233e-08, "relative_l2": 9.91409e-10, "relative_linf": 1.49012e-10, "status": "PASS", "error_code": "OK"}
[stage08] identity and status
+--------+----------------+--------+------------+-------+--------+----------+--------------------------+--------+------------+
| target | scale_id       | device | backend    | dtype | warmup | measured | timing_scope             | status | error_code |
+--------+----------------+--------+------------+-------+--------+----------+--------------------------+--------+------------+
| stft   | stft_fp16_10e4 | CPU    | fft_thrust | FP16  | 20     | 100      | compatibility/end-to-end | PASS   | OK         |
| stft   | stft_fp16_10e4 | GPU    | fft_thrust | FP16  | 20     | 100      | compatibility/end-to-end | PASS   | OK         |
+--------+----------------+--------+------------+-------+--------+----------+--------------------------+--------+------------+

[stage08] timing detail
+--------+--------------+------------+--------------------+--------------------+------------+------------+---------------------+-----------------------+-------------------+
| device | mean_ms      | p50_ms     | p95_ms             | p99_ms             | min_ms     | max_ms     | std_ms              | cv                    | speedup           |
+--------+--------------+------------+--------------------+--------------------+------------+------------+---------------------+-----------------------+-------------------+
| CPU    | 201.79096172 | 201.802671 | 202.21000895       | 202.37063722       | 201.240813 | 202.668451 | 0.2564337949365134  | 0.0012707892997325342 | NA                |
| GPU    | 2.29797428   | 2.289727   | 2.3691994999999997 | 2.3875184000000007 | 2.264002   | 2.448443   | 0.03059241190036511 | 0.013312773848959314  | 87.81254145281383 |
+--------+--------------+------------+--------------------+--------------------+------------+------------+---------------------+-----------------------+-------------------+

[stage08] accuracy detail
+---------------------+-------------+-------------+-------------+---------------+-------------+----------------+-----------------------------+--------+
| accuracy_reference  | mse         | rmse        | relative_l2 | relative_linf | exact_match | mismatch_count | semantic_check              | status |
+---------------------+-------------+-------------+-------------+---------------+-------------+----------------+-----------------------------+--------+
| cpu_stft_direct_dft | 1.30491e-16 | 1.14233e-08 | 9.91409e-10 | 1.49012e-10   | NA          | NA             | frequency_time_shape=65x314 | PASS   |
+---------------------+-------------+-------------+-------------+---------------+-------------+----------------+-----------------------------+--------+

[stage08] resource detail
+--------+------------+--------------+-------------+------------+-------------+
| device | metric     | before_bytes | after_bytes | peak_bytes | delta_bytes |
+--------+------------+--------------+-------------+------------+-------------+
| CPU    | cpu_heap   | 1706880      | 2118608     | 2283312    | 411728      |
| CPU    | rss        | 71032832     | 71561216    | 71561216   | 528384      |
| GPU    | cpu_heap   | 2118608      | 2510336     | 2511088    | 391728      |
| GPU    | rss        | 71561216     | 72159232    | 72159232   | 598016      |
| GPU    | gpu_memory | 357777408    | 357777408   | 357777408  | 0           |
+--------+------------+--------------+-------------+------------+-------------+

[stage08] input/output identity
+--------+------------------------------------------------------------------+------------------------------------------------------------------+
| device | input_digest                                                     | output_digest                                                    |
+--------+------------------------------------------------------------------+------------------------------------------------------------------+
| CPU    | 051e545a15553aa941c394dbf3735cc3be7c70aa62ae1a1b52acac60c5720d8e | 03d0b968a1c68599608ffb6a8370e41f89b94df1d3f7be9abb7138a4444d79a8 |
| GPU    | 051e545a15553aa941c394dbf3735cc3be7c70aa62ae1a1b52acac60c5720d8e | 364fb72816a87b7ad13f40da50c55e953570f7ca577dad47b5e1d799a24bdf70 |
+--------+------------------------------------------------------------------+------------------------------------------------------------------+

[stage08] input content
+------------+---------+-------+----------+---------------------------------------------------------------------+----------------------------------------------------------------------------+
| input_name | shape   | dtype | elements | generator                                                           | values(head4/tail2)                                                        |
+------------+---------+-------+----------+---------------------------------------------------------------------+----------------------------------------------------------------------------+
| x          | [10000] | FP16  | 10000    | spectral_modular_plus_periodic_offset(seed=86420003,integral=false) | i=0:1.25;i=1:0.03125;i=2:-1.1875;i=3:0.34375;i=9998:-0.21875;i=9999:1.3125 |
+------------+---------+-------+----------+---------------------------------------------------------------------+----------------------------------------------------------------------------+

[stage08] case parameters
+----------------------------------------------------------------------------------------------------------------------------------------------------------------------------------+
| parameters                                                                                                                                                                       |
+----------------------------------------------------------------------------------------------------------------------------------------------------------------------------------+
| {"boundary":"even","count":"10000","detrend":"none","dtype":"FP16","fs":"1000","nfft":"128","noverlap":"96","nperseg":"128","onesided":"true","padded":"true","seed":"86420003"} |
+----------------------------------------------------------------------------------------------------------------------------------------------------------------------------------+

[stage08] dtype evidence
+-----------------+--------------------+--------------+------------------------------------------------------------------+--------+
| requested_dtype | config_input_dtype | output_dtype | actual_input_digest                                              | status |
+-----------------+--------------------+--------------+------------------------------------------------------------------+--------+
| FP16            | NA                 | ComplexFP32  | 051e545a15553aa941c394dbf3735cc3be7c70aa62ae1a1b52acac60c5720d8e | PASS   |
+-----------------+--------------------+--------------+------------------------------------------------------------------+--------+

[stage08] evidence files
+----------------+-----------------------------------------------------------------------------------------------------------------------------------------------------------------------------------------------------------------------------------------+
| kind           | path                                                                                                                                                                                                                                    |
+----------------+-----------------------------------------------------------------------------------------------------------------------------------------------------------------------------------------------------------------------------------------+
| dtype_csv      | /tmp/ZKX_dev/results/stage08_input_preview_b06_stft_9b01dadd36f6/formal/20260810T085828Z_9b01dadd36f6_stage08_b06_formal_86740005/operator_dtype_evidence_stft_fft_thrust_20260810T085828Z_9b01dadd36f6_stage08_b06_formal_86740005.csv |
| main_csv       | /tmp/ZKX_dev/results/stage08_input_preview_b06_stft_9b01dadd36f6/formal/20260810T085828Z_9b01dadd36f6_stage08_b06_formal_86740005/operator_main_results_stft_fft_thrust_20260810T085828Z_9b01dadd36f6_stage08_b06_formal_86740005.csv   |
| memory_csv     | /tmp/ZKX_dev/results/stage08_input_preview_b06_stft_9b01dadd36f6/formal/20260810T085828Z_9b01dadd36f6_stage08_b06_formal_86740005/operator_spectral_analysis_stft_memory_trace_fft_thrust.csv                                           |
| full_log       | /tmp/ZKX_dev/results/stage08_input_preview_b06_stft_9b01dadd36f6/formal/20260810T085828Z_9b01dadd36f6_stage08_b06_formal_86740005/operator_stft_full.log                                                                                |
| report_json    | /tmp/ZKX_dev/results/stage08_input_preview_b06_stft_9b01dadd36f6/formal/20260810T085828Z_9b01dadd36f6_stage08_b06_formal_86740005/operator_stft_report.json                                                                             |
| summary_txt    | /tmp/ZKX_dev/results/stage08_input_preview_b06_stft_9b01dadd36f6/formal/20260810T085828Z_9b01dadd36f6_stage08_b06_formal_86740005/operator_stft_summary.txt                                                                             |
| timing_csv     | /tmp/ZKX_dev/results/stage08_input_preview_b06_stft_9b01dadd36f6/formal/20260810T085828Z_9b01dadd36f6_stage08_b06_formal_86740005/operator_timing_samples_stft_fft_thrust_20260810T085828Z_9b01dadd36f6_stage08_b06_formal_86740005.csv |
| probe_raw_json | /tmp/ZKX_dev/results/stage08_input_preview_b06_stft_9b01dadd36f6/formal/20260810T085828Z_9b01dadd36f6_stage08_b06_formal_86740005/stft_probe_raw.json                                                                                   |
+----------------+-----------------------------------------------------------------------------------------------------------------------------------------------------------------------------------------------------------------------------------------+
