command=build_stage08_b03_channelize_poly_0b2008e7f76a/stage08_filtering_channelize_poly --dtype INT32 --x-count 1024 --h-count 64 --n-chans 8 --seed 83030002 --warmup 20 --measured 100 --output /tmp/ZKX_dev/results/stage08_table_rerun_channelize_poly_47ebe13410d3/formal/20260810T032232Z_47ebe13410d3_stage08_b03_formal_88300007/channelize_poly_probe_raw.json
STAGE08_CHANNELIZE_PROBE PASS dtype=INT32 x=1024 h=64 n_chans=8 backend=fft_thrust
status=PASS
error_code=OK
case_id=channelize_poly__channelize_poly_int32_10e3__3419666f653392f3
{"actual_input_digest": "3419666f653392f315509f9f102e8df95fed833a38f83df6d548ec1fd8d3d718", "backend": "fft_thrust", "case_id": "channelize_poly__channelize_poly_int32_10e3__3419666f653392f3", "compute_dtype": "FP32", "dtype_semantics": "actual_typed_array_inputs_fp32_compute_extension", "error_code": "OK", "fft_dtype": "ComplexFP32", "measured_runs": 100, "metrics": {"mse": 1.9241235327200712e-11, "relative_l2": 3.6768042986263904e-08, "relative_linf": 4.76837158203125e-08, "rmse": 4.386483252812065e-06}, "operator_name": "channelize_poly", "output_dtype": "ComplexFP32", "requested_dtype": "INT32", "run_id": "20260810T032232Z_47ebe13410d3_stage08_b03_formal_88300007", "scale_id": "channelize_poly_int32_10e3", "schema_version": 1, "status": "PASS", "typed_input_count": 2, "warmup_runs": 20}
[stage08] identity and status
+-----------------+----------------------------+--------+------------+-------+--------+----------+--------------------------+--------+------------+
| target          | scale_id                   | device | backend    | dtype | warmup | measured | timing_scope             | status | error_code |
+-----------------+----------------------------+--------+------------+-------+--------+----------+--------------------------+--------+------------+
| channelize_poly | channelize_poly_int32_10e3 | CPU    | fft_thrust | INT32 | 20     | 100      | compatibility/end-to-end | PASS   | OK         |
| channelize_poly | channelize_poly_int32_10e3 | GPU    | fft_thrust | INT32 | 20     | 100      | compatibility/end-to-end | PASS   | OK         |
+-----------------+----------------------------+--------+------------+-------+--------+----------+--------------------------+--------+------------+

[stage08] timing detail
+--------+---------------------+---------------------+---------------------+---------------------+---------------------+---------------------+-----------------------+----------------------+--------------------+
| device | mean_ms             | p50_ms              | p95_ms              | p99_ms              | min_ms              | max_ms              | std_ms                | cv                   | speedup            |
+--------+---------------------+---------------------+---------------------+---------------------+---------------------+---------------------+-----------------------+----------------------+--------------------+
| CPU    | 1.1841182299999999  | 1.1811              | 1.1928375           | 1.2031529900000004  | 1.17658             | 1.2677              | 0.0098443851589167328 | 0.008313684317584346 | NA                 |
| GPU    | 0.48471420999999998 | 0.47851949999999999 | 0.50256699999999999 | 0.62894392000000043 | 0.46022400000000002 | 0.72981700000000005 | 0.032790325492832485  | 0.067648781109248865 | 2.4429203963300354 |
+--------+---------------------+---------------------+---------------------+---------------------+---------------------+---------------------+-----------------------+----------------------+--------------------+

[stage08] accuracy detail
+-----------------------------+------------------------+-----------------------+------------------------+------------------------+-------------+----------------+--------------------------------------------------------------------------------+--------+
| accuracy_reference          | mse                    | rmse                  | relative_l2            | relative_linf          | exact_match | mismatch_count | semantic_check                                                                 | status |
+-----------------------------+------------------------+-----------------------+------------------------+------------------------+-------------+----------------+--------------------------------------------------------------------------------+--------+
| cpu_typed_double_direct_dft | 1.9241235327200712e-11 | 4.386483252812065e-06 | 3.6768042986263904e-08 | 4.7683715820312503e-08 | NA          | NA             | finite_complex_fp32_channel_major_shape_matches_cpu:shape=[8, 128];finite=true | PASS   |
+-----------------------------+------------------------+-----------------------+------------------------+------------------------+-------------+----------------+--------------------------------------------------------------------------------+--------+

[stage08] resource detail
+--------+------------+--------------+-------------+------------+-------------+
| device | metric     | before_bytes | after_bytes | peak_bytes | delta_bytes |
+--------+------------+--------------+-------------+------------+-------------+
| CPU    | cpu_heap   | 1500256      | 1515664     | 1515664    | 15408       |
| CPU    | rss        | 70631424     | 70668288    | 70668288   | 36864       |
| GPU    | cpu_heap   | 1515664      | 1526848     | 1526848    | 11184       |
| GPU    | rss        | 70668288     | 70668288    | 70668288   | 0           |
| GPU    | gpu_memory | 357777408    | 357777408   | 357777408  | 0           |
+--------+------------+--------------+-------------+------------+-------------+

[stage08] input/output identity
+--------+------------------------------------------------------------------+------------------------------------------------------------------+
| device | input_digest                                                     | output_digest                                                    |
+--------+------------------------------------------------------------------+------------------------------------------------------------------+
| CPU    | 3419666f653392f315509f9f102e8df95fed833a38f83df6d548ec1fd8d3d718 | 34ea67d0db64978f33ccdece134fea6e936b7ad7599c171693a720a7e5a5e094 |
| GPU    | 3419666f653392f315509f9f102e8df95fed833a38f83df6d548ec1fd8d3d718 | 6a9cacc57c6bd0ae7c672d0bf04e03dcec7926bdb99c3b2358b6bda062f173f5 |
+--------+------------------------------------------------------------------+------------------------------------------------------------------+

[stage08] dtype evidence
+-----------------+--------------------+--------------+------------------------------------------------------------------+--------+
| requested_dtype | config_input_dtype | output_dtype | actual_input_digest                                              | status |
+-----------------+--------------------+--------------+------------------------------------------------------------------+--------+
| INT32           | NA                 | ComplexFP32  | 3419666f653392f315509f9f102e8df95fed833a38f83df6d548ec1fd8d3d718 | PASS   |
+-----------------+--------------------+--------------+------------------------------------------------------------------+--------+

[stage08] evidence files
+----------------+---------------------------------------------------------------------------------------------------------------------------------------------------------------------------------------------------------------------------------------------------------+
| kind           | path                                                                                                                                                                                                                                                    |
+----------------+---------------------------------------------------------------------------------------------------------------------------------------------------------------------------------------------------------------------------------------------------------+
| probe_raw_json | /tmp/ZKX_dev/results/stage08_table_rerun_channelize_poly_47ebe13410d3/formal/20260810T032232Z_47ebe13410d3_stage08_b03_formal_88300007/channelize_poly_probe_raw.json                                                                                   |
| related_file   | /tmp/ZKX_dev/results/stage08_table_rerun_channelize_poly_47ebe13410d3/formal/20260810T032232Z_47ebe13410d3_stage08_b03_formal_88300007/filtering_batch03_module_summary_fft_thrust_20260810T032232Z_47ebe13410d3_stage08_b03_formal_88300007.csv        |
| full_log       | /tmp/ZKX_dev/results/stage08_table_rerun_channelize_poly_47ebe13410d3/formal/20260810T032232Z_47ebe13410d3_stage08_b03_formal_88300007/operator_channelize_poly_full.log                                                                                |
| report_json    | /tmp/ZKX_dev/results/stage08_table_rerun_channelize_poly_47ebe13410d3/formal/20260810T032232Z_47ebe13410d3_stage08_b03_formal_88300007/operator_channelize_poly_report.json                                                                             |
| summary_txt    | /tmp/ZKX_dev/results/stage08_table_rerun_channelize_poly_47ebe13410d3/formal/20260810T032232Z_47ebe13410d3_stage08_b03_formal_88300007/operator_channelize_poly_summary.txt                                                                             |
| dtype_csv      | /tmp/ZKX_dev/results/stage08_table_rerun_channelize_poly_47ebe13410d3/formal/20260810T032232Z_47ebe13410d3_stage08_b03_formal_88300007/operator_dtype_evidence_channelize_poly_fft_thrust_20260810T032232Z_47ebe13410d3_stage08_b03_formal_88300007.csv |
| memory_csv     | /tmp/ZKX_dev/results/stage08_table_rerun_channelize_poly_47ebe13410d3/formal/20260810T032232Z_47ebe13410d3_stage08_b03_formal_88300007/operator_filtering_channelize_poly_memory_trace_fft_thrust.csv                                                   |
| main_csv       | /tmp/ZKX_dev/results/stage08_table_rerun_channelize_poly_47ebe13410d3/formal/20260810T032232Z_47ebe13410d3_stage08_b03_formal_88300007/operator_main_results_channelize_poly_fft_thrust_20260810T032232Z_47ebe13410d3_stage08_b03_formal_88300007.csv   |
| timing_csv     | /tmp/ZKX_dev/results/stage08_table_rerun_channelize_poly_47ebe13410d3/formal/20260810T032232Z_47ebe13410d3_stage08_b03_formal_88300007/operator_timing_samples_channelize_poly_fft_thrust_20260810T032232Z_47ebe13410d3_stage08_b03_formal_88300007.csv |
+----------------+---------------------------------------------------------------------------------------------------------------------------------------------------------------------------------------------------------------------------------------------------------+
