command=build_stage08_b06_stft_81f248cc9e2d/stage08_spectral_analysis_stft --dtype FP16 --count 100 --fs 100 --nperseg 20 --noverlap 10 --nfft 32 --detrend none --onesided true --boundary zeros --padded true --seed 86420001 --warmup 20 --measured 100 --output /tmp/ZKX_dev/results/stage08_input_preview_b06_stft_9b01dadd36f6/formal/20260810T085826Z_9b01dadd36f6_stage08_b06_formal_86740003/stft_probe_raw.json
{"run_id": "20260810T085826Z_9b01dadd36f6_stage08_b06_formal_86740003", "case_id": "stft__stft_fp16_10e2__93781e2d3511b914", "operator_name": "stft", "scale_id": "stft_fp16_10e2", "requested_dtype": "FP16", "output_dtype": "ComplexFP32", "backend": "fft_thrust", "nperseg": 20, "noverlap": 10, "nfft": 32, "detrend": "none", "return_onesided": true, "boundary": "zeros", "padded": true, "frequency_count": 17, "time_count": 11, "output_count": 187, "warmup_runs": 20, "measured_runs": 100, "mse": 5.67613e-16, "rmse": 2.38246e-08, "relative_l2": 3.95034e-09, "relative_linf": 1.78814e-09, "status": "PASS", "error_code": "OK"}
[stage08] identity and status
+--------+----------------+--------+------------+-------+--------+----------+--------------------------+--------+------------+
| target | scale_id       | device | backend    | dtype | warmup | measured | timing_scope             | status | error_code |
+--------+----------------+--------+------------+-------+--------+----------+--------------------------+--------+------------+
| stft   | stft_fp16_10e2 | CPU    | fft_thrust | FP16  | 20     | 100      | compatibility/end-to-end | PASS   | OK         |
| stft   | stft_fp16_10e2 | GPU    | fft_thrust | FP16  | 20     | 100      | compatibility/end-to-end | PASS   | OK         |
+--------+----------------+--------+------------+-------+--------+----------+--------------------------+--------+------------+

[stage08] timing detail
+--------+--------------------+---------------------+--------------------+--------------------+----------+----------+-----------------------+---------------------+---------------------+
| device | mean_ms            | p50_ms              | p95_ms             | p99_ms             | min_ms   | max_ms   | std_ms                | cv                  | speedup             |
+--------+--------------------+---------------------+--------------------+--------------------+----------+----------+-----------------------+---------------------+---------------------+
| CPU    | 0.29202928         | 0.29086599999999996 | 0.301031           | 0.3075942000000002 | 0.289352 | 0.357312 | 0.0071638375624800445 | 0.024531230438537   | NA                  |
| GPU    | 0.8358770400000001 | 0.826005            | 0.8866310000000001 | 0.907332600000001  | 0.806244 | 1.100145 | 0.03382686515032689   | 0.04046870954886724 | 0.34936870619152305 |
+--------+--------------------+---------------------+--------------------+--------------------+----------+----------+-----------------------+---------------------+---------------------+

[stage08] accuracy detail
+---------------------+-------------+-------------+-------------+---------------+-------------+----------------+----------------------------+--------+
| accuracy_reference  | mse         | rmse        | relative_l2 | relative_linf | exact_match | mismatch_count | semantic_check             | status |
+---------------------+-------------+-------------+-------------+---------------+-------------+----------------+----------------------------+--------+
| cpu_stft_direct_dft | 5.67613e-16 | 2.38246e-08 | 3.95034e-09 | 1.78814e-09   | NA          | NA             | frequency_time_shape=17x11 | PASS   |
+---------------------+-------------+-------------+-------------+---------------+-------------+----------------+----------------------------+--------+

[stage08] resource detail
+--------+------------+--------------+-------------+------------+-------------+
| device | metric     | before_bytes | after_bytes | peak_bytes | delta_bytes |
+--------+------------+--------------+-------------+------------+-------------+
| CPU    | cpu_heap   | 1486464      | 1494272     | 1494656    | 7808        |
| CPU    | rss        | 69857280     | 69857280    | 69857280   | 0           |
| GPU    | cpu_heap   | 1494272      | 1501504     | 1502064    | 7232        |
| GPU    | rss        | 69857280     | 69857280    | 69857280   | 0           |
| GPU    | gpu_memory | 341000192    | 341000192   | 341000192  | 0           |
+--------+------------+--------------+-------------+------------+-------------+

[stage08] input/output identity
+--------+------------------------------------------------------------------+------------------------------------------------------------------+
| device | input_digest                                                     | output_digest                                                    |
+--------+------------------------------------------------------------------+------------------------------------------------------------------+
| CPU    | 93781e2d3511b914f4c1b0249cb644624097ab96fa6735b1ca2215f502886c48 | c67df3435ba14d7ea71afbf333c2866ec0d5b518cceaac384ae2f6a8327c8631 |
| GPU    | 93781e2d3511b914f4c1b0249cb644624097ab96fa6735b1ca2215f502886c48 | eb2c97a27a462ca4fbe147fca924d65ac8f3d9a3ea93b09f5d6c54e8d44daddf |
+--------+------------------------------------------------------------------+------------------------------------------------------------------+

[stage08] input content
+------------+-------+-------+----------+---------------------------------------------------------------------+--------------------------------------------------------------------+
| input_name | shape | dtype | elements | generator                                                           | values(head4/tail2)                                                |
+------------+-------+-------+----------+---------------------------------------------------------------------+--------------------------------------------------------------------+
| x          | [100] | FP16  | 100      | spectral_modular_plus_periodic_offset(seed=86420001,integral=false) | i=0:0.75;i=1:-0.46875;i=2:1.0625;i=3:-0.15625;i=98:-0.53125;i=99:1 |
+------------+-------+-------+----------+---------------------------------------------------------------------+--------------------------------------------------------------------+

[stage08] case parameters
+------------------------------------------------------------------------------------------------------------------------------------------------------------------------------+
| parameters                                                                                                                                                                   |
+------------------------------------------------------------------------------------------------------------------------------------------------------------------------------+
| {"boundary":"zeros","count":"100","detrend":"none","dtype":"FP16","fs":"100","nfft":"32","noverlap":"10","nperseg":"20","onesided":"true","padded":"true","seed":"86420001"} |
+------------------------------------------------------------------------------------------------------------------------------------------------------------------------------+

[stage08] dtype evidence
+-----------------+--------------------+--------------+------------------------------------------------------------------+--------+
| requested_dtype | config_input_dtype | output_dtype | actual_input_digest                                              | status |
+-----------------+--------------------+--------------+------------------------------------------------------------------+--------+
| FP16            | NA                 | ComplexFP32  | 93781e2d3511b914f4c1b0249cb644624097ab96fa6735b1ca2215f502886c48 | PASS   |
+-----------------+--------------------+--------------+------------------------------------------------------------------+--------+

[stage08] evidence files
+----------------+-----------------------------------------------------------------------------------------------------------------------------------------------------------------------------------------------------------------------------------------+
| kind           | path                                                                                                                                                                                                                                    |
+----------------+-----------------------------------------------------------------------------------------------------------------------------------------------------------------------------------------------------------------------------------------+
| dtype_csv      | /tmp/ZKX_dev/results/stage08_input_preview_b06_stft_9b01dadd36f6/formal/20260810T085826Z_9b01dadd36f6_stage08_b06_formal_86740003/operator_dtype_evidence_stft_fft_thrust_20260810T085826Z_9b01dadd36f6_stage08_b06_formal_86740003.csv |
| main_csv       | /tmp/ZKX_dev/results/stage08_input_preview_b06_stft_9b01dadd36f6/formal/20260810T085826Z_9b01dadd36f6_stage08_b06_formal_86740003/operator_main_results_stft_fft_thrust_20260810T085826Z_9b01dadd36f6_stage08_b06_formal_86740003.csv   |
| memory_csv     | /tmp/ZKX_dev/results/stage08_input_preview_b06_stft_9b01dadd36f6/formal/20260810T085826Z_9b01dadd36f6_stage08_b06_formal_86740003/operator_spectral_analysis_stft_memory_trace_fft_thrust.csv                                           |
| full_log       | /tmp/ZKX_dev/results/stage08_input_preview_b06_stft_9b01dadd36f6/formal/20260810T085826Z_9b01dadd36f6_stage08_b06_formal_86740003/operator_stft_full.log                                                                                |
| report_json    | /tmp/ZKX_dev/results/stage08_input_preview_b06_stft_9b01dadd36f6/formal/20260810T085826Z_9b01dadd36f6_stage08_b06_formal_86740003/operator_stft_report.json                                                                             |
| summary_txt    | /tmp/ZKX_dev/results/stage08_input_preview_b06_stft_9b01dadd36f6/formal/20260810T085826Z_9b01dadd36f6_stage08_b06_formal_86740003/operator_stft_summary.txt                                                                             |
| timing_csv     | /tmp/ZKX_dev/results/stage08_input_preview_b06_stft_9b01dadd36f6/formal/20260810T085826Z_9b01dadd36f6_stage08_b06_formal_86740003/operator_timing_samples_stft_fft_thrust_20260810T085826Z_9b01dadd36f6_stage08_b06_formal_86740003.csv |
| probe_raw_json | /tmp/ZKX_dev/results/stage08_input_preview_b06_stft_9b01dadd36f6/formal/20260810T085826Z_9b01dadd36f6_stage08_b06_formal_86740003/stft_probe_raw.json                                                                                   |
+----------------+-----------------------------------------------------------------------------------------------------------------------------------------------------------------------------------------------------------------------------------------+
