command=build_stage08_b04_upfirdn_8c1bc3832603/stage08_filtering_upfirdn --dtype INT16 --rank 1 --rows 100 --cols 1 --taps 5 --axis 0 --up 2 --down 1 --seed 84440001 --warmup 20 --measured 100 --output /tmp/ZKX_dev/results/stage08_input_preview_b04_upfirdn_db927ed96663/formal/20260810T083724Z_db927ed96663_stage08_b04_formal_b405000a/upfirdn_probe_raw.json
STAGE08_UPFIRDN_PROBE PASS dtype=INT16 backend=not_applicable
{"actual_input_digest": "1ad28f72ca09ac50055f71ac18488777e3c5cad7bed89b201d30753eaa2377cb", "axis": 0, "backend": "not_applicable", "case_id": "upfirdn__upfirdn_int16_10e2__1ad28f72ca09ac50", "compute_dtype": "FP32", "down": 1, "dtype_semantics": "actual_same_dtype_h_x_arrays", "error_code": "OK", "fft_dtype": "not_applicable", "measured_runs": 100, "mse": 0, "operator_name": "upfirdn", "output_dtype": "FP32", "rank": 1, "relative_l2": 0, "relative_linf": 0, "requested_dtype": "INT16", "rmse": 0, "run_id": "20260810T083724Z_db927ed96663_stage08_b04_formal_b405000a", "scale_id": "upfirdn_int16_10e2", "schema_version": 1, "status": "PASS", "tap_count": 5, "typed_input_count": 2, "typed_input_names": "h|x", "up": 2, "warmup_runs": 20}
[stage08] identity and status
+---------+--------------------+--------+----------------+-------+--------+----------+--------------------------+--------+------------+
| target  | scale_id           | device | backend        | dtype | warmup | measured | timing_scope             | status | error_code |
+---------+--------------------+--------+----------------+-------+--------+----------+--------------------------+--------+------------+
| upfirdn | upfirdn_int16_10e2 | CPU    | not_applicable | INT16 | 20     | 100      | compatibility/end-to-end | PASS   | OK         |
| upfirdn | upfirdn_int16_10e2 | GPU    | not_applicable | INT16 | 20     | 100      | compatibility/end-to-end | PASS   | OK         |
+---------+--------------------+--------+----------------+-------+--------+----------+--------------------------+--------+------------+

[stage08] timing detail
+--------+---------------------+----------------------+---------------------+----------------------+---------------------+----------------------+-----------------------+----------------------+----------------------+
| device | mean_ms             | p50_ms               | p95_ms              | p99_ms               | min_ms              | max_ms               | std_ms                | cv                   | speedup              |
+--------+---------------------+----------------------+---------------------+----------------------+---------------------+----------------------+-----------------------+----------------------+----------------------+
| CPU    | 0.01469517          | 0.014579999999999999 | 0.01463005          | 0.014883400000000059 | 0.01451             | 0.026110000000000001 | 0.0011477280780306806 | 0.078102402219959385 | NA                   |
| GPU    | 0.46863456999999997 | 0.4674625            | 0.48040899999999997 | 0.48734070000000007  | 0.45647199999999999 | 0.49909199999999998  | 0.0062907910126708223 | 0.013423659745525864 | 0.031357417785034515 |
+--------+---------------------+----------------------+---------------------+----------------------+---------------------+----------------------+-----------------------+----------------------+----------------------+

[stage08] accuracy detail
+--------------------------------+-----+------+-------------+---------------+-------------+----------------+--------------------------------------------------------------------------------------+--------+
| accuracy_reference             | mse | rmse | relative_l2 | relative_linf | exact_match | mismatch_count | semantic_check                                                                       | status |
+--------------------------------+-----+------+-------------+---------------+-------------+----------------+--------------------------------------------------------------------------------------+--------+
| cpu_causal_polyphase_reference | 0   | 0    | 0           | 0             | NA          | NA             | causal_polyphase_shape_ratio_axis_and_output_dtype_match_cpu:ratio=2/1;axis=0;taps=5 | PASS   |
+--------------------------------+-----+------+-------------+---------------+-------------+----------------+--------------------------------------------------------------------------------------+--------+

[stage08] resource detail
+--------+------------+--------------+-------------+------------+-------------+
| device | metric     | before_bytes | after_bytes | peak_bytes | delta_bytes |
+--------+------------+--------------+-------------+------------+-------------+
| CPU    | cpu_heap   | 1427344      | 1430080     | 1430080    | 2736        |
| CPU    | rss        | 70258688     | 70258688    | 70258688   | 0           |
| GPU    | cpu_heap   | 1431888      | 1437360     | 1437376    | 5472        |
| GPU    | rss        | 70258688     | 70258688    | 70258688   | 0           |
| GPU    | gpu_memory | 391544832    | 391544832   | 391544832  | 0           |
+--------+------------+--------------+-------------+------------+-------------+

[stage08] input/output identity
+--------+------------------------------------------------------------------+------------------------------------------------------------------+
| device | input_digest                                                     | output_digest                                                    |
+--------+------------------------------------------------------------------+------------------------------------------------------------------+
| CPU    | 1ad28f72ca09ac50055f71ac18488777e3c5cad7bed89b201d30753eaa2377cb | be9145cbe9820230a27b4166f47d36dd63ee7d70fac1f4ee3d0fecb067e5bf4b |
| GPU    | 1ad28f72ca09ac50055f71ac18488777e3c5cad7bed89b201d30753eaa2377cb | be9145cbe9820230a27b4166f47d36dd63ee7d70fac1f4ee3d0fecb067e5bf4b |
+--------+------------------------------------------------------------------+------------------------------------------------------------------+

[stage08] input content
+------------+-------+-------+----------+----------------------------------------------+--------------------------------------------+
| input_name | shape | dtype | elements | generator                                    | values(head4/tail2)                        |
+------------+-------+-------+----------+----------------------------------------------+--------------------------------------------+
| h          | [5]   | INT16 | 5        | upfirdn_modular(seed=84440002,integral=true) | i=0:0;i=1:-1;i=2:-2;i=3:-3;i=4:-4          |
| x          | [100] | INT16 | 100      | upfirdn_modular(seed=84440001,integral=true) | i=0:-1;i=1:-2;i=2:-3;i=3:-4;i=98:0;i=99:-1 |
+------------+-------+-------+----------+----------------------------------------------+--------------------------------------------+

[stage08] case parameters
+------------------------------------------------------------------------------------------------------------------+
| parameters                                                                                                       |
+------------------------------------------------------------------------------------------------------------------+
| {"axis":"0","cols":"1","down":"1","dtype":"INT16","rank":"1","rows":"100","seed":"84440001","taps":"5","up":"2"} |
+------------------------------------------------------------------------------------------------------------------+

[stage08] dtype evidence
+-----------------+--------------------+--------------+------------------------------------------------------------------+--------+
| requested_dtype | config_input_dtype | output_dtype | actual_input_digest                                              | status |
+-----------------+--------------------+--------------+------------------------------------------------------------------+--------+
| INT16           | NA                 | FP32         | 1ad28f72ca09ac50055f71ac18488777e3c5cad7bed89b201d30753eaa2377cb | PASS   |
+-----------------+--------------------+--------------+------------------------------------------------------------------+--------+

[stage08] evidence files
+----------------+---------------------------------------------------------------------------------------------------------------------------------------------------------------------------------------------------------------------------------------------------+
| kind           | path                                                                                                                                                                                                                                              |
+----------------+---------------------------------------------------------------------------------------------------------------------------------------------------------------------------------------------------------------------------------------------------+
| dtype_csv      | /tmp/ZKX_dev/results/stage08_input_preview_b04_upfirdn_db927ed96663/formal/20260810T083724Z_db927ed96663_stage08_b04_formal_b405000a/operator_dtype_evidence_upfirdn_not_applicable_20260810T083724Z_db927ed96663_stage08_b04_formal_b405000a.csv |
| memory_csv     | /tmp/ZKX_dev/results/stage08_input_preview_b04_upfirdn_db927ed96663/formal/20260810T083724Z_db927ed96663_stage08_b04_formal_b405000a/operator_filtering_upfirdn_memory_trace_not_applicable.csv                                                   |
| main_csv       | /tmp/ZKX_dev/results/stage08_input_preview_b04_upfirdn_db927ed96663/formal/20260810T083724Z_db927ed96663_stage08_b04_formal_b405000a/operator_main_results_upfirdn_not_applicable_20260810T083724Z_db927ed96663_stage08_b04_formal_b405000a.csv   |
| timing_csv     | /tmp/ZKX_dev/results/stage08_input_preview_b04_upfirdn_db927ed96663/formal/20260810T083724Z_db927ed96663_stage08_b04_formal_b405000a/operator_timing_samples_upfirdn_not_applicable_20260810T083724Z_db927ed96663_stage08_b04_formal_b405000a.csv |
| full_log       | /tmp/ZKX_dev/results/stage08_input_preview_b04_upfirdn_db927ed96663/formal/20260810T083724Z_db927ed96663_stage08_b04_formal_b405000a/operator_upfirdn_full.log                                                                                    |
| report_json    | /tmp/ZKX_dev/results/stage08_input_preview_b04_upfirdn_db927ed96663/formal/20260810T083724Z_db927ed96663_stage08_b04_formal_b405000a/operator_upfirdn_report.json                                                                                 |
| summary_txt    | /tmp/ZKX_dev/results/stage08_input_preview_b04_upfirdn_db927ed96663/formal/20260810T083724Z_db927ed96663_stage08_b04_formal_b405000a/operator_upfirdn_summary.txt                                                                                 |
| probe_raw_json | /tmp/ZKX_dev/results/stage08_input_preview_b04_upfirdn_db927ed96663/formal/20260810T083724Z_db927ed96663_stage08_b04_formal_b405000a/upfirdn_probe_raw.json                                                                                       |
+----------------+---------------------------------------------------------------------------------------------------------------------------------------------------------------------------------------------------------------------------------------------------+
