sample_index=0 cpu_pipeline_ms=52.1485 gpu_pipeline_ms=8.4073 cpu_resource_sampling_overhead_ms=0.131871 gpu_resource_sampling_overhead_ms=0.03321 semantic_gates=16/16 timing_direct=true resource_overhead_excluded=true step_sum_used=false status=PASS
sample_index=1 cpu_pipeline_ms=51.5554 gpu_pipeline_ms=8.44633 cpu_resource_sampling_overhead_ms=0.140631 gpu_resource_sampling_overhead_ms=0.032581 semantic_gates=16/16 timing_direct=true resource_overhead_excluded=true step_sum_used=false status=PASS
sample_index=2 cpu_pipeline_ms=51.5541 gpu_pipeline_ms=8.06193 cpu_resource_sampling_overhead_ms=0.127931 gpu_resource_sampling_overhead_ms=0.0323 semantic_gates=16/16 timing_direct=true resource_overhead_excluded=true step_sum_used=false status=PASS
sample_index=3 cpu_pipeline_ms=51.6435 gpu_pipeline_ms=8.03686 cpu_resource_sampling_overhead_ms=0.136372 gpu_resource_sampling_overhead_ms=0.032391 semantic_gates=16/16 timing_direct=true resource_overhead_excluded=true step_sum_used=false status=PASS
sample_index=4 cpu_pipeline_ms=51.6348 gpu_pipeline_ms=8.38983 cpu_resource_sampling_overhead_ms=0.13366 gpu_resource_sampling_overhead_ms=0.03263 semantic_gates=16/16 timing_direct=true resource_overhead_excluded=true step_sum_used=false status=PASS
sample_index=5 cpu_pipeline_ms=53.2253 gpu_pipeline_ms=8.17293 cpu_resource_sampling_overhead_ms=0.137351 gpu_resource_sampling_overhead_ms=0.03115 semantic_gates=16/16 timing_direct=true resource_overhead_excluded=true step_sum_used=false status=PASS
sample_index=6 cpu_pipeline_ms=51.0304 gpu_pipeline_ms=8.05757 cpu_resource_sampling_overhead_ms=0.129462 gpu_resource_sampling_overhead_ms=0.03151 semantic_gates=16/16 timing_direct=true resource_overhead_excluded=true step_sum_used=false status=PASS
sample_index=7 cpu_pipeline_ms=51.5992 gpu_pipeline_ms=8.0413 cpu_resource_sampling_overhead_ms=0.13041 gpu_resource_sampling_overhead_ms=0.0309 semantic_gates=16/16 timing_direct=true resource_overhead_excluded=true step_sum_used=false status=PASS
sample_index=8 cpu_pipeline_ms=51.4626 gpu_pipeline_ms=8.1692 cpu_resource_sampling_overhead_ms=0.14522 gpu_resource_sampling_overhead_ms=0.03191 semantic_gates=16/16 timing_direct=true resource_overhead_excluded=true step_sum_used=false status=PASS
sample_index=9 cpu_pipeline_ms=51.5143 gpu_pipeline_ms=8.45379 cpu_resource_sampling_overhead_ms=0.14487 gpu_resource_sampling_overhead_ms=0.0315 semantic_gates=16/16 timing_direct=true resource_overhead_excluded=true step_sum_used=false status=PASS
sample_index=10 cpu_pipeline_ms=51.3031 gpu_pipeline_ms=8.43677 cpu_resource_sampling_overhead_ms=0.13356 gpu_resource_sampling_overhead_ms=0.03157 semantic_gates=16/16 timing_direct=true resource_overhead_excluded=true step_sum_used=false status=PASS
sample_index=11 cpu_pipeline_ms=51.6207 gpu_pipeline_ms=8.40702 cpu_resource_sampling_overhead_ms=0.14445 gpu_resource_sampling_overhead_ms=0.0315 semantic_gates=16/16 timing_direct=true resource_overhead_excluded=true step_sum_used=false status=PASS
sample_index=12 cpu_pipeline_ms=51.6813 gpu_pipeline_ms=8.24521 cpu_resource_sampling_overhead_ms=0.14837 gpu_resource_sampling_overhead_ms=0.031231 semantic_gates=16/16 timing_direct=true resource_overhead_excluded=true step_sum_used=false status=PASS
sample_index=13 cpu_pipeline_ms=51.1739 gpu_pipeline_ms=8.34587 cpu_resource_sampling_overhead_ms=0.13669 gpu_resource_sampling_overhead_ms=0.03141 semantic_gates=16/16 timing_direct=true resource_overhead_excluded=true step_sum_used=false status=PASS
sample_index=14 cpu_pipeline_ms=51.3858 gpu_pipeline_ms=8.11884 cpu_resource_sampling_overhead_ms=0.125661 gpu_resource_sampling_overhead_ms=0.03135 semantic_gates=16/16 timing_direct=true resource_overhead_excluded=true step_sum_used=false status=PASS
sample_index=15 cpu_pipeline_ms=51.5998 gpu_pipeline_ms=8.32484 cpu_resource_sampling_overhead_ms=0.130411 gpu_resource_sampling_overhead_ms=0.030941 semantic_gates=16/16 timing_direct=true resource_overhead_excluded=true step_sum_used=false status=PASS
sample_index=16 cpu_pipeline_ms=51.3359 gpu_pipeline_ms=8.57761 cpu_resource_sampling_overhead_ms=0.14679 gpu_resource_sampling_overhead_ms=0.03135 semantic_gates=16/16 timing_direct=true resource_overhead_excluded=true step_sum_used=false status=PASS
sample_index=17 cpu_pipeline_ms=51.7661 gpu_pipeline_ms=8.21834 cpu_resource_sampling_overhead_ms=0.136151 gpu_resource_sampling_overhead_ms=0.03079 semantic_gates=16/16 timing_direct=true resource_overhead_excluded=true step_sum_used=false status=PASS
sample_index=18 cpu_pipeline_ms=51.2341 gpu_pipeline_ms=8.08078 cpu_resource_sampling_overhead_ms=0.126161 gpu_resource_sampling_overhead_ms=0.03144 semantic_gates=16/16 timing_direct=true resource_overhead_excluded=true step_sum_used=false status=PASS
sample_index=19 cpu_pipeline_ms=51.6296 gpu_pipeline_ms=8.11344 cpu_resource_sampling_overhead_ms=0.143251 gpu_resource_sampling_overhead_ms=0.03089 semantic_gates=16/16 timing_direct=true resource_overhead_excluded=true step_sum_used=false status=PASS
sample_index=20 cpu_pipeline_ms=51.8728 gpu_pipeline_ms=8.03781 cpu_resource_sampling_overhead_ms=0.14786 gpu_resource_sampling_overhead_ms=0.03139 semantic_gates=16/16 timing_direct=true resource_overhead_excluded=true step_sum_used=false status=PASS
sample_index=21 cpu_pipeline_ms=51.8889 gpu_pipeline_ms=8.1536 cpu_resource_sampling_overhead_ms=0.162722 gpu_resource_sampling_overhead_ms=0.03167 semantic_gates=16/16 timing_direct=true resource_overhead_excluded=true step_sum_used=false status=PASS
sample_index=22 cpu_pipeline_ms=51.6956 gpu_pipeline_ms=8.20523 cpu_resource_sampling_overhead_ms=0.13169 gpu_resource_sampling_overhead_ms=0.03207 semantic_gates=16/16 timing_direct=true resource_overhead_excluded=true step_sum_used=false status=PASS
sample_index=23 cpu_pipeline_ms=51.8488 gpu_pipeline_ms=8.28676 cpu_resource_sampling_overhead_ms=0.13665 gpu_resource_sampling_overhead_ms=0.0337 semantic_gates=16/16 timing_direct=true resource_overhead_excluded=true step_sum_used=false status=PASS
sample_index=24 cpu_pipeline_ms=53.1135 gpu_pipeline_ms=8.16252 cpu_resource_sampling_overhead_ms=0.129832 gpu_resource_sampling_overhead_ms=0.03137 semantic_gates=16/16 timing_direct=true resource_overhead_excluded=true step_sum_used=false status=PASS
sample_index=25 cpu_pipeline_ms=51.8291 gpu_pipeline_ms=8.20646 cpu_resource_sampling_overhead_ms=0.131991 gpu_resource_sampling_overhead_ms=0.03158 semantic_gates=16/16 timing_direct=true resource_overhead_excluded=true step_sum_used=false status=PASS
sample_index=26 cpu_pipeline_ms=54.3327 gpu_pipeline_ms=9.22525 cpu_resource_sampling_overhead_ms=0.149353 gpu_resource_sampling_overhead_ms=0.035971 semantic_gates=16/16 timing_direct=true resource_overhead_excluded=true step_sum_used=false status=PASS
sample_index=27 cpu_pipeline_ms=52.0794 gpu_pipeline_ms=8.30789 cpu_resource_sampling_overhead_ms=0.210941 gpu_resource_sampling_overhead_ms=0.031301 semantic_gates=16/16 timing_direct=true resource_overhead_excluded=true step_sum_used=false status=PASS
sample_index=28 cpu_pipeline_ms=51.6419 gpu_pipeline_ms=8.26688 cpu_resource_sampling_overhead_ms=0.140621 gpu_resource_sampling_overhead_ms=0.03185 semantic_gates=16/16 timing_direct=true resource_overhead_excluded=true step_sum_used=false status=PASS
sample_index=29 cpu_pipeline_ms=51.1929 gpu_pipeline_ms=8.00191 cpu_resource_sampling_overhead_ms=0.1296 gpu_resource_sampling_overhead_ms=0.03117 semantic_gates=16/16 timing_direct=true resource_overhead_excluded=true step_sum_used=false status=PASS
sample_index=30 cpu_pipeline_ms=51.9336 gpu_pipeline_ms=7.99574 cpu_resource_sampling_overhead_ms=0.123711 gpu_resource_sampling_overhead_ms=0.03143 semantic_gates=16/16 timing_direct=true resource_overhead_excluded=true step_sum_used=false status=PASS
sample_index=31 cpu_pipeline_ms=51.8505 gpu_pipeline_ms=8.11114 cpu_resource_sampling_overhead_ms=0.126562 gpu_resource_sampling_overhead_ms=0.03198 semantic_gates=16/16 timing_direct=true resource_overhead_excluded=true step_sum_used=false status=PASS
sample_index=32 cpu_pipeline_ms=51.6132 gpu_pipeline_ms=7.96598 cpu_resource_sampling_overhead_ms=0.17637 gpu_resource_sampling_overhead_ms=0.03187 semantic_gates=16/16 timing_direct=true resource_overhead_excluded=true step_sum_used=false status=PASS
sample_index=33 cpu_pipeline_ms=51.2646 gpu_pipeline_ms=8.94338 cpu_resource_sampling_overhead_ms=0.157852 gpu_resource_sampling_overhead_ms=0.03174 semantic_gates=16/16 timing_direct=true resource_overhead_excluded=true step_sum_used=false status=PASS
sample_index=34 cpu_pipeline_ms=51.5206 gpu_pipeline_ms=7.9731 cpu_resource_sampling_overhead_ms=0.124503 gpu_resource_sampling_overhead_ms=0.03145 semantic_gates=16/16 timing_direct=true resource_overhead_excluded=true step_sum_used=false status=PASS
sample_index=35 cpu_pipeline_ms=53.572 gpu_pipeline_ms=7.98519 cpu_resource_sampling_overhead_ms=0.140321 gpu_resource_sampling_overhead_ms=0.031401 semantic_gates=16/16 timing_direct=true resource_overhead_excluded=true step_sum_used=false status=PASS
sample_index=36 cpu_pipeline_ms=51.986 gpu_pipeline_ms=8.17042 cpu_resource_sampling_overhead_ms=0.133332 gpu_resource_sampling_overhead_ms=0.030991 semantic_gates=16/16 timing_direct=true resource_overhead_excluded=true step_sum_used=false status=PASS
sample_index=37 cpu_pipeline_ms=51.9154 gpu_pipeline_ms=8.10806 cpu_resource_sampling_overhead_ms=0.16202 gpu_resource_sampling_overhead_ms=0.03241 semantic_gates=16/16 timing_direct=true resource_overhead_excluded=true step_sum_used=false status=PASS
sample_index=38 cpu_pipeline_ms=51.6503 gpu_pipeline_ms=8.00375 cpu_resource_sampling_overhead_ms=0.137401 gpu_resource_sampling_overhead_ms=0.03164 semantic_gates=16/16 timing_direct=true resource_overhead_excluded=true step_sum_used=false status=PASS
sample_index=39 cpu_pipeline_ms=51.5115 gpu_pipeline_ms=8.01334 cpu_resource_sampling_overhead_ms=0.12566 gpu_resource_sampling_overhead_ms=0.031591 semantic_gates=16/16 timing_direct=true resource_overhead_excluded=true step_sum_used=false status=PASS
sample_index=40 cpu_pipeline_ms=51.8114 gpu_pipeline_ms=8.04067 cpu_resource_sampling_overhead_ms=0.13506 gpu_resource_sampling_overhead_ms=0.03121 semantic_gates=16/16 timing_direct=true resource_overhead_excluded=true step_sum_used=false status=PASS
sample_index=41 cpu_pipeline_ms=51.5 gpu_pipeline_ms=8.14399 cpu_resource_sampling_overhead_ms=0.138891 gpu_resource_sampling_overhead_ms=0.03094 semantic_gates=16/16 timing_direct=true resource_overhead_excluded=true step_sum_used=false status=PASS
sample_index=42 cpu_pipeline_ms=51.2471 gpu_pipeline_ms=8.05419 cpu_resource_sampling_overhead_ms=0.164612 gpu_resource_sampling_overhead_ms=0.03087 semantic_gates=16/16 timing_direct=true resource_overhead_excluded=true step_sum_used=false status=PASS
sample_index=43 cpu_pipeline_ms=51.5139 gpu_pipeline_ms=7.96749 cpu_resource_sampling_overhead_ms=0.130893 gpu_resource_sampling_overhead_ms=0.03121 semantic_gates=16/16 timing_direct=true resource_overhead_excluded=true step_sum_used=false status=PASS
sample_index=44 cpu_pipeline_ms=51.5158 gpu_pipeline_ms=7.92414 cpu_resource_sampling_overhead_ms=0.130172 gpu_resource_sampling_overhead_ms=0.03119 semantic_gates=16/16 timing_direct=true resource_overhead_excluded=true step_sum_used=false status=PASS
sample_index=45 cpu_pipeline_ms=51.7643 gpu_pipeline_ms=7.94349 cpu_resource_sampling_overhead_ms=0.155811 gpu_resource_sampling_overhead_ms=0.03111 semantic_gates=16/16 timing_direct=true resource_overhead_excluded=true step_sum_used=false status=PASS
sample_index=46 cpu_pipeline_ms=51.2985 gpu_pipeline_ms=8.09334 cpu_resource_sampling_overhead_ms=0.148321 gpu_resource_sampling_overhead_ms=0.03141 semantic_gates=16/16 timing_direct=true resource_overhead_excluded=true step_sum_used=false status=PASS
sample_index=47 cpu_pipeline_ms=51.4975 gpu_pipeline_ms=8.11416 cpu_resource_sampling_overhead_ms=0.142251 gpu_resource_sampling_overhead_ms=0.031751 semantic_gates=16/16 timing_direct=true resource_overhead_excluded=true step_sum_used=false status=PASS
sample_index=48 cpu_pipeline_ms=51.2276 gpu_pipeline_ms=7.96006 cpu_resource_sampling_overhead_ms=0.12688 gpu_resource_sampling_overhead_ms=0.031371 semantic_gates=16/16 timing_direct=true resource_overhead_excluded=true step_sum_used=false status=PASS
sample_index=49 cpu_pipeline_ms=51.5899 gpu_pipeline_ms=7.94779 cpu_resource_sampling_overhead_ms=0.13199 gpu_resource_sampling_overhead_ms=0.031791 semantic_gates=16/16 timing_direct=true resource_overhead_excluded=true step_sum_used=false status=PASS
sample_index=50 cpu_pipeline_ms=51.7778 gpu_pipeline_ms=8.09953 cpu_resource_sampling_overhead_ms=0.131142 gpu_resource_sampling_overhead_ms=0.031481 semantic_gates=16/16 timing_direct=true resource_overhead_excluded=true step_sum_used=false status=PASS
sample_index=51 cpu_pipeline_ms=51.0591 gpu_pipeline_ms=8.12705 cpu_resource_sampling_overhead_ms=0.141611 gpu_resource_sampling_overhead_ms=0.030901 semantic_gates=16/16 timing_direct=true resource_overhead_excluded=true step_sum_used=false status=PASS
sample_index=52 cpu_pipeline_ms=51.6132 gpu_pipeline_ms=7.9906 cpu_resource_sampling_overhead_ms=0.153631 gpu_resource_sampling_overhead_ms=0.03132 semantic_gates=16/16 timing_direct=true resource_overhead_excluded=true step_sum_used=false status=PASS
sample_index=53 cpu_pipeline_ms=51.4208 gpu_pipeline_ms=8.02579 cpu_resource_sampling_overhead_ms=0.13333 gpu_resource_sampling_overhead_ms=0.03123 semantic_gates=16/16 timing_direct=true resource_overhead_excluded=true step_sum_used=false status=PASS
sample_index=54 cpu_pipeline_ms=51.6522 gpu_pipeline_ms=8.113 cpu_resource_sampling_overhead_ms=0.137352 gpu_resource_sampling_overhead_ms=0.03087 semantic_gates=16/16 timing_direct=true resource_overhead_excluded=true step_sum_used=false status=PASS
sample_index=55 cpu_pipeline_ms=52.0338 gpu_pipeline_ms=8.07347 cpu_resource_sampling_overhead_ms=0.140512 gpu_resource_sampling_overhead_ms=0.03131 semantic_gates=16/16 timing_direct=true resource_overhead_excluded=true step_sum_used=false status=PASS
sample_index=56 cpu_pipeline_ms=51.3497 gpu_pipeline_ms=8.23324 cpu_resource_sampling_overhead_ms=0.13531 gpu_resource_sampling_overhead_ms=0.03214 semantic_gates=16/16 timing_direct=true resource_overhead_excluded=true step_sum_used=false status=PASS
sample_index=57 cpu_pipeline_ms=51.7737 gpu_pipeline_ms=7.89341 cpu_resource_sampling_overhead_ms=0.15681 gpu_resource_sampling_overhead_ms=0.03135 semantic_gates=16/16 timing_direct=true resource_overhead_excluded=true step_sum_used=false status=PASS
sample_index=58 cpu_pipeline_ms=51.7249 gpu_pipeline_ms=7.98957 cpu_resource_sampling_overhead_ms=0.123611 gpu_resource_sampling_overhead_ms=0.03192 semantic_gates=16/16 timing_direct=true resource_overhead_excluded=true step_sum_used=false status=PASS
sample_index=59 cpu_pipeline_ms=51.3244 gpu_pipeline_ms=8.09048 cpu_resource_sampling_overhead_ms=0.14281 gpu_resource_sampling_overhead_ms=0.031261 semantic_gates=16/16 timing_direct=true resource_overhead_excluded=true step_sum_used=false status=PASS
sample_index=60 cpu_pipeline_ms=58.6599 gpu_pipeline_ms=7.94172 cpu_resource_sampling_overhead_ms=0.140221 gpu_resource_sampling_overhead_ms=0.03152 semantic_gates=16/16 timing_direct=true resource_overhead_excluded=true step_sum_used=false status=PASS
sample_index=61 cpu_pipeline_ms=53.8518 gpu_pipeline_ms=7.9875 cpu_resource_sampling_overhead_ms=0.136171 gpu_resource_sampling_overhead_ms=0.03158 semantic_gates=16/16 timing_direct=true resource_overhead_excluded=true step_sum_used=false status=PASS
sample_index=62 cpu_pipeline_ms=51.7502 gpu_pipeline_ms=7.99329 cpu_resource_sampling_overhead_ms=0.139233 gpu_resource_sampling_overhead_ms=0.031561 semantic_gates=16/16 timing_direct=true resource_overhead_excluded=true step_sum_used=false status=PASS
sample_index=63 cpu_pipeline_ms=51.5285 gpu_pipeline_ms=8.36793 cpu_resource_sampling_overhead_ms=0.150782 gpu_resource_sampling_overhead_ms=0.031311 semantic_gates=16/16 timing_direct=true resource_overhead_excluded=true step_sum_used=false status=PASS
sample_index=64 cpu_pipeline_ms=50.9024 gpu_pipeline_ms=8.20111 cpu_resource_sampling_overhead_ms=0.14519 gpu_resource_sampling_overhead_ms=0.03082 semantic_gates=16/16 timing_direct=true resource_overhead_excluded=true step_sum_used=false status=PASS
sample_index=65 cpu_pipeline_ms=51.4845 gpu_pipeline_ms=7.9876 cpu_resource_sampling_overhead_ms=0.14002 gpu_resource_sampling_overhead_ms=0.031261 semantic_gates=16/16 timing_direct=true resource_overhead_excluded=true step_sum_used=false status=PASS
sample_index=66 cpu_pipeline_ms=51.6631 gpu_pipeline_ms=7.95581 cpu_resource_sampling_overhead_ms=0.144682 gpu_resource_sampling_overhead_ms=0.03117 semantic_gates=16/16 timing_direct=true resource_overhead_excluded=true step_sum_used=false status=PASS
sample_index=67 cpu_pipeline_ms=53.8582 gpu_pipeline_ms=7.93218 cpu_resource_sampling_overhead_ms=0.143211 gpu_resource_sampling_overhead_ms=0.0312 semantic_gates=16/16 timing_direct=true resource_overhead_excluded=true step_sum_used=false status=PASS
sample_index=68 cpu_pipeline_ms=51.6071 gpu_pipeline_ms=8.1944 cpu_resource_sampling_overhead_ms=0.148673 gpu_resource_sampling_overhead_ms=0.03084 semantic_gates=16/16 timing_direct=true resource_overhead_excluded=true step_sum_used=false status=PASS
sample_index=69 cpu_pipeline_ms=51.5267 gpu_pipeline_ms=8.09057 cpu_resource_sampling_overhead_ms=0.152154 gpu_resource_sampling_overhead_ms=0.03181 semantic_gates=16/16 timing_direct=true resource_overhead_excluded=true step_sum_used=false status=PASS
sample_index=70 cpu_pipeline_ms=51.4244 gpu_pipeline_ms=7.89058 cpu_resource_sampling_overhead_ms=0.144264 gpu_resource_sampling_overhead_ms=0.0316 semantic_gates=16/16 timing_direct=true resource_overhead_excluded=true step_sum_used=false status=PASS
sample_index=71 cpu_pipeline_ms=51.4824 gpu_pipeline_ms=7.95084 cpu_resource_sampling_overhead_ms=0.133731 gpu_resource_sampling_overhead_ms=0.04167 semantic_gates=16/16 timing_direct=true resource_overhead_excluded=true step_sum_used=false status=PASS
sample_index=72 cpu_pipeline_ms=51.2933 gpu_pipeline_ms=7.92062 cpu_resource_sampling_overhead_ms=0.13806 gpu_resource_sampling_overhead_ms=0.03164 semantic_gates=16/16 timing_direct=true resource_overhead_excluded=true step_sum_used=false status=PASS
sample_index=73 cpu_pipeline_ms=51.4509 gpu_pipeline_ms=10.0194 cpu_resource_sampling_overhead_ms=0.15237 gpu_resource_sampling_overhead_ms=0.03112 semantic_gates=16/16 timing_direct=true resource_overhead_excluded=true step_sum_used=false status=PASS
sample_index=74 cpu_pipeline_ms=51.0997 gpu_pipeline_ms=8.10938 cpu_resource_sampling_overhead_ms=0.148192 gpu_resource_sampling_overhead_ms=0.03166 semantic_gates=16/16 timing_direct=true resource_overhead_excluded=true step_sum_used=false status=PASS
sample_index=75 cpu_pipeline_ms=51.3952 gpu_pipeline_ms=7.89216 cpu_resource_sampling_overhead_ms=0.130433 gpu_resource_sampling_overhead_ms=0.03113 semantic_gates=16/16 timing_direct=true resource_overhead_excluded=true step_sum_used=false status=PASS
sample_index=76 cpu_pipeline_ms=51.3619 gpu_pipeline_ms=8.22467 cpu_resource_sampling_overhead_ms=0.138371 gpu_resource_sampling_overhead_ms=0.03044 semantic_gates=16/16 timing_direct=true resource_overhead_excluded=true step_sum_used=false status=PASS
sample_index=77 cpu_pipeline_ms=51.2236 gpu_pipeline_ms=8.61319 cpu_resource_sampling_overhead_ms=0.146451 gpu_resource_sampling_overhead_ms=0.03227 semantic_gates=16/16 timing_direct=true resource_overhead_excluded=true step_sum_used=false status=PASS
sample_index=78 cpu_pipeline_ms=51.4063 gpu_pipeline_ms=7.87908 cpu_resource_sampling_overhead_ms=0.132841 gpu_resource_sampling_overhead_ms=0.03227 semantic_gates=16/16 timing_direct=true resource_overhead_excluded=true step_sum_used=false status=PASS
sample_index=79 cpu_pipeline_ms=51.328 gpu_pipeline_ms=7.97193 cpu_resource_sampling_overhead_ms=0.14676 gpu_resource_sampling_overhead_ms=0.03085 semantic_gates=16/16 timing_direct=true resource_overhead_excluded=true step_sum_used=false status=PASS
sample_index=80 cpu_pipeline_ms=51.4054 gpu_pipeline_ms=8.00418 cpu_resource_sampling_overhead_ms=0.13644 gpu_resource_sampling_overhead_ms=0.0312 semantic_gates=16/16 timing_direct=true resource_overhead_excluded=true step_sum_used=false status=PASS
sample_index=81 cpu_pipeline_ms=51.702 gpu_pipeline_ms=8.07644 cpu_resource_sampling_overhead_ms=0.134422 gpu_resource_sampling_overhead_ms=0.03156 semantic_gates=16/16 timing_direct=true resource_overhead_excluded=true step_sum_used=false status=PASS
sample_index=82 cpu_pipeline_ms=51.2143 gpu_pipeline_ms=8.02347 cpu_resource_sampling_overhead_ms=0.137072 gpu_resource_sampling_overhead_ms=0.03177 semantic_gates=16/16 timing_direct=true resource_overhead_excluded=true step_sum_used=false status=PASS
sample_index=83 cpu_pipeline_ms=51.3728 gpu_pipeline_ms=7.95908 cpu_resource_sampling_overhead_ms=0.13985 gpu_resource_sampling_overhead_ms=0.03125 semantic_gates=16/16 timing_direct=true resource_overhead_excluded=true step_sum_used=false status=PASS
sample_index=84 cpu_pipeline_ms=51.8822 gpu_pipeline_ms=7.9614 cpu_resource_sampling_overhead_ms=0.140911 gpu_resource_sampling_overhead_ms=0.031261 semantic_gates=16/16 timing_direct=true resource_overhead_excluded=true step_sum_used=false status=PASS
sample_index=85 cpu_pipeline_ms=51.9227 gpu_pipeline_ms=8.13778 cpu_resource_sampling_overhead_ms=0.13967 gpu_resource_sampling_overhead_ms=0.031171 semantic_gates=16/16 timing_direct=true resource_overhead_excluded=true step_sum_used=false status=PASS
sample_index=86 cpu_pipeline_ms=51.6432 gpu_pipeline_ms=8.15596 cpu_resource_sampling_overhead_ms=0.160002 gpu_resource_sampling_overhead_ms=0.03101 semantic_gates=16/16 timing_direct=true resource_overhead_excluded=true step_sum_used=false status=PASS
sample_index=87 cpu_pipeline_ms=51.0162 gpu_pipeline_ms=7.96525 cpu_resource_sampling_overhead_ms=0.144085 gpu_resource_sampling_overhead_ms=0.03171 semantic_gates=16/16 timing_direct=true resource_overhead_excluded=true step_sum_used=false status=PASS
sample_index=88 cpu_pipeline_ms=51.4578 gpu_pipeline_ms=7.84507 cpu_resource_sampling_overhead_ms=0.134011 gpu_resource_sampling_overhead_ms=0.03141 semantic_gates=16/16 timing_direct=true resource_overhead_excluded=true step_sum_used=false status=PASS
sample_index=89 cpu_pipeline_ms=51.2411 gpu_pipeline_ms=8.00983 cpu_resource_sampling_overhead_ms=0.13348 gpu_resource_sampling_overhead_ms=0.03079 semantic_gates=16/16 timing_direct=true resource_overhead_excluded=true step_sum_used=false status=PASS
sample_index=90 cpu_pipeline_ms=51.2074 gpu_pipeline_ms=7.9645 cpu_resource_sampling_overhead_ms=0.16236 gpu_resource_sampling_overhead_ms=0.03101 semantic_gates=16/16 timing_direct=true resource_overhead_excluded=true step_sum_used=false status=PASS
sample_index=91 cpu_pipeline_ms=51.8449 gpu_pipeline_ms=7.968 cpu_resource_sampling_overhead_ms=0.14061 gpu_resource_sampling_overhead_ms=0.0316 semantic_gates=16/16 timing_direct=true resource_overhead_excluded=true step_sum_used=false status=PASS
sample_index=92 cpu_pipeline_ms=53.5431 gpu_pipeline_ms=8.08469 cpu_resource_sampling_overhead_ms=0.134681 gpu_resource_sampling_overhead_ms=0.03126 semantic_gates=16/16 timing_direct=true resource_overhead_excluded=true step_sum_used=false status=PASS
sample_index=93 cpu_pipeline_ms=51.6004 gpu_pipeline_ms=7.93798 cpu_resource_sampling_overhead_ms=0.146931 gpu_resource_sampling_overhead_ms=0.03231 semantic_gates=16/16 timing_direct=true resource_overhead_excluded=true step_sum_used=false status=PASS
sample_index=94 cpu_pipeline_ms=51.3079 gpu_pipeline_ms=7.87862 cpu_resource_sampling_overhead_ms=0.13978 gpu_resource_sampling_overhead_ms=0.031 semantic_gates=16/16 timing_direct=true resource_overhead_excluded=true step_sum_used=false status=PASS
sample_index=95 cpu_pipeline_ms=51.1887 gpu_pipeline_ms=7.98862 cpu_resource_sampling_overhead_ms=0.13101 gpu_resource_sampling_overhead_ms=0.03151 semantic_gates=16/16 timing_direct=true resource_overhead_excluded=true step_sum_used=false status=PASS
sample_index=96 cpu_pipeline_ms=51.6152 gpu_pipeline_ms=8.01157 cpu_resource_sampling_overhead_ms=0.139482 gpu_resource_sampling_overhead_ms=0.031901 semantic_gates=16/16 timing_direct=true resource_overhead_excluded=true step_sum_used=false status=PASS
sample_index=97 cpu_pipeline_ms=51.5863 gpu_pipeline_ms=8.53688 cpu_resource_sampling_overhead_ms=0.14066 gpu_resource_sampling_overhead_ms=0.03167 semantic_gates=16/16 timing_direct=true resource_overhead_excluded=true step_sum_used=false status=PASS
sample_index=98 cpu_pipeline_ms=53.3311 gpu_pipeline_ms=8.40045 cpu_resource_sampling_overhead_ms=0.13867 gpu_resource_sampling_overhead_ms=0.031511 semantic_gates=16/16 timing_direct=true resource_overhead_excluded=true step_sum_used=false status=PASS
sample_index=99 cpu_pipeline_ms=51.7183 gpu_pipeline_ms=8.28468 cpu_resource_sampling_overhead_ms=0.13451 gpu_resource_sampling_overhead_ms=0.03123 semantic_gates=16/16 timing_direct=true resource_overhead_excluded=true step_sum_used=false status=PASS
function=Task2 frozen full six-step pipeline
call_chain=Step1->Step2;Step2+Step1->Step3;Step3 dual outputs->Step4;Step4->Step5;Step5+Step4+Kalman/delay->Step6
timing=pipeline_total measured directly;not=sum(step timings)
cpu_correlation_method=direct_parallel_exact workers=255
resource_sampling_mode=same_pipeline_execution
status=PASS return_code=0
