command=build_stage08_b05_freq_shift_99442e69c882/stage08_filtering_freq_shift --dtype FP32 --count 10000 --freq 37.25 --fs 2000.0 --seed 85210003 --warmup 20 --measured 100 --output /tmp/ZKX_dev/results/stage08_input_preview_b05_freq_shift_652061b694fc/formal/20260810T084614Z_652061b694fc_stage08_b05_formal_85620002/freq_shift_probe_raw.json
STAGE08_FREQ_SHIFT_PROBE PASS dtype=FP32 backend=not_applicable
{"run_id": "20260810T084614Z_652061b694fc_stage08_b05_formal_85620002", "case_id": "freq_shift__freq_shift_fp32_10e4__c73391044583edb2", "operator_name": "freq_shift", "scale_id": "freq_shift_fp32_10e4", "requested_dtype": "FP32", "output_dtype": "ComplexFP64", "backend": "not_applicable", "freq": 37.25, "fs": 2000.0, "rank": 2, "shape": [100, 100], "warmup_runs": 20, "measured_runs": 100, "mse": 1.98871314414967e-09, "rmse": 4.4594990123888016e-05, "relative_l2": 3.307158468621033e-05, "relative_linf": 0.00011895670389464098, "status": "PASS", "error_code": "OK"}
[stage08] identity and status
+------------+----------------------+--------+----------------+-------+--------+----------+--------------------------+--------+------------+
| target     | scale_id             | device | backend        | dtype | warmup | measured | timing_scope             | status | error_code |
+------------+----------------------+--------+----------------+-------+--------+----------+--------------------------+--------+------------+
| freq_shift | freq_shift_fp32_10e4 | CPU    | not_applicable | FP32  | 20     | 100      | compatibility/end-to-end | PASS   | OK         |
| freq_shift | freq_shift_fp32_10e4 | GPU    | not_applicable | FP32  | 20     | 100      | compatibility/end-to-end | PASS   | OK         |
+------------+----------------------+--------+----------------+-------+--------+----------+--------------------------+--------+------------+

[stage08] timing detail
+--------+---------------------+---------------------+---------------------+---------------------+---------------------+---------------------+----------------------+----------------------+--------------------+
| device | mean_ms             | p50_ms              | p95_ms              | p99_ms              | min_ms              | max_ms              | std_ms               | cv                   | speedup            |
+--------+---------------------+---------------------+---------------------+---------------------+---------------------+---------------------+----------------------+----------------------+--------------------+
| CPU    | 0.51606153999999993 | 0.51335249999999999 | 0.52654645          | 0.5317679000000004  | 0.51280199999999998 | 0.61739299999999997 | 0.011015846183040134 | 0.02134599331513861  | NA                 |
| GPU    | 0.44539408000000003 | 0.43816250000000001 | 0.49392199999999997 | 0.51385831000000093 | 0.42742200000000002 | 0.67783300000000002 | 0.02900777966087029  | 0.065128345803047688 | 1.1586627734252775 |
+--------+---------------------+---------------------+---------------------+---------------------+---------------------+---------------------+----------------------+----------------------+--------------------+

[stage08] accuracy detail
+-------------------------------------+----------------------+------------------------+-----------------------+------------------------+-------------+----------------+-----------------------------------------------+--------+
| accuracy_reference                  | mse                  | rmse                   | relative_l2           | relative_linf          | exact_match | mismatch_count | semantic_check                                | status |
+-------------------------------------+----------------------+------------------------+-----------------------+------------------------+-------------+----------------+-----------------------------------------------+--------+
| cpu_freq_shift_complex128_reference | 1.98871314414967e-09 | 4.4594990123888016e-05 | 3.307158468621033e-05 | 0.00011895670389464098 | NA          | NA             | same_shape_negative_phase_complex_fp64_output | PASS   |
+-------------------------------------+----------------------+------------------------+-----------------------+------------------------+-------------+----------------+-----------------------------------------------+--------+

[stage08] resource detail
+--------+------------+--------------+-------------+------------+-------------+
| device | metric     | before_bytes | after_bytes | peak_bytes | delta_bytes |
+--------+------------+--------------+-------------+------------+-------------+
| CPU    | cpu_heap   | 1770432      | 1773168     | 1933184    | 2736        |
| CPU    | rss        | 71331840     | 71331840    | 71331840   | 0           |
| GPU    | cpu_heap   | 1774896      | 1779184     | 1938432    | 4288        |
| GPU    | rss        | 71331840     | 71331840    | 71331840   | 0           |
| GPU    | gpu_memory | 391544832    | 391544832   | 391544832  | 0           |
+--------+------------+--------------+-------------+------------+-------------+

[stage08] input/output identity
+--------+------------------------------------------------------------------+------------------------------------------------------------------+
| device | input_digest                                                     | output_digest                                                    |
+--------+------------------------------------------------------------------+------------------------------------------------------------------+
| CPU    | c73391044583edb20a26e6918836239be8de3198ce0a44567f5e89fd58fe1364 | c011d1a05cf9366e69a513b3b9d754af13fac56cc7714547334c443285561eb5 |
| GPU    | c73391044583edb20a26e6918836239be8de3198ce0a44567f5e89fd58fe1364 | 9ba9f61b084531c02270e2db1dec2ecfe883d2c9d1b0222fa8e3017e7e40283d |
+--------+------------------------------------------------------------------+------------------------------------------------------------------+

[stage08] input content
+------------+---------+-------+----------+-------------------------------------------------------+-------------------------------------------------------------------------+
| input_name | shape   | dtype | elements | generator                                             | values(head4/tail2)                                                     |
+------------+---------+-------+----------+-------------------------------------------------------+-------------------------------------------------------------------------+
| x          | [10000] | FP32  | 10000    | modular_noise_plus_ramp(seed=85210003,integral=false) | i=0:1.25;i=1:0.03125;i=2:-1.1875;i=3:0.34375;i=9998:-0.03125;i=9999:1.5 |
+------------+---------+-------+----------+-------------------------------------------------------+-------------------------------------------------------------------------+

[stage08] case parameters
+---------------------------------------------------------------------------------+
| parameters                                                                      |
+---------------------------------------------------------------------------------+
| {"count":"10000","dtype":"FP32","freq":"37.25","fs":"2000.0","seed":"85210003"} |
+---------------------------------------------------------------------------------+

[stage08] dtype evidence
+-----------------+--------------------+--------------+------------------------------------------------------------------+--------+
| requested_dtype | config_input_dtype | output_dtype | actual_input_digest                                              | status |
+-----------------+--------------------+--------------+------------------------------------------------------------------+--------+
| FP32            | NA                 | ComplexFP64  | c73391044583edb20a26e6918836239be8de3198ce0a44567f5e89fd58fe1364 | PASS   |
+-----------------+--------------------+--------------+------------------------------------------------------------------+--------+

[stage08] evidence files
+----------------+---------------------------------------------------------------------------------------------------------------------------------------------------------------------------------------------------------------------------------------------------------+
| kind           | path                                                                                                                                                                                                                                                    |
+----------------+---------------------------------------------------------------------------------------------------------------------------------------------------------------------------------------------------------------------------------------------------------+
| probe_raw_json | /tmp/ZKX_dev/results/stage08_input_preview_b05_freq_shift_652061b694fc/formal/20260810T084614Z_652061b694fc_stage08_b05_formal_85620002/freq_shift_probe_raw.json                                                                                       |
| dtype_csv      | /tmp/ZKX_dev/results/stage08_input_preview_b05_freq_shift_652061b694fc/formal/20260810T084614Z_652061b694fc_stage08_b05_formal_85620002/operator_dtype_evidence_freq_shift_not_applicable_20260810T084614Z_652061b694fc_stage08_b05_formal_85620002.csv |
| memory_csv     | /tmp/ZKX_dev/results/stage08_input_preview_b05_freq_shift_652061b694fc/formal/20260810T084614Z_652061b694fc_stage08_b05_formal_85620002/operator_filtering_freq_shift_memory_trace_not_applicable.csv                                                   |
| full_log       | /tmp/ZKX_dev/results/stage08_input_preview_b05_freq_shift_652061b694fc/formal/20260810T084614Z_652061b694fc_stage08_b05_formal_85620002/operator_freq_shift_full.log                                                                                    |
| report_json    | /tmp/ZKX_dev/results/stage08_input_preview_b05_freq_shift_652061b694fc/formal/20260810T084614Z_652061b694fc_stage08_b05_formal_85620002/operator_freq_shift_report.json                                                                                 |
| summary_txt    | /tmp/ZKX_dev/results/stage08_input_preview_b05_freq_shift_652061b694fc/formal/20260810T084614Z_652061b694fc_stage08_b05_formal_85620002/operator_freq_shift_summary.txt                                                                                 |
| main_csv       | /tmp/ZKX_dev/results/stage08_input_preview_b05_freq_shift_652061b694fc/formal/20260810T084614Z_652061b694fc_stage08_b05_formal_85620002/operator_main_results_freq_shift_not_applicable_20260810T084614Z_652061b694fc_stage08_b05_formal_85620002.csv   |
| timing_csv     | /tmp/ZKX_dev/results/stage08_input_preview_b05_freq_shift_652061b694fc/formal/20260810T084614Z_652061b694fc_stage08_b05_formal_85620002/operator_timing_samples_freq_shift_not_applicable_20260810T084614Z_652061b694fc_stage08_b05_formal_85620002.csv |
+----------------+---------------------------------------------------------------------------------------------------------------------------------------------------------------------------------------------------------------------------------------------------------+
