[stage07] identity and status
+--------+------------------+--------+----------------+-------+--------+----------+--------------------------+--------+------------+
| target | scale_id         | device | backend        | dtype | warmup | measured | timing_scope             | status | error_code |
+--------+------------------+--------+----------------+-------+--------+----------+--------------------------+--------+------------+
| square | square_fp16_10e2 | CPU    | not_applicable | FP16  | 20     | 100      | compatibility/end-to-end | PASS   | OK         |
| square | square_fp16_10e2 | GPU    | not_applicable | FP16  | 20     | 100      | compatibility/end-to-end | PASS   | OK         |
+--------+------------------+--------+----------------+-------+--------+----------+--------------------------+--------+------------+

[stage07] timing detail
+--------+------------+-----------+---------------------+---------------------+----------+----------+------------------------+----------------------+---------------------+
| device | mean_ms    | p50_ms    | p95_ms              | p99_ms              | min_ms   | max_ms   | std_ms                 | cv                   | speedup             |
+--------+------------+-----------+---------------------+---------------------+----------+----------+------------------------+----------------------+---------------------+
| CPU    | 0.00697581 | 0.006971  | 0.00701             | 0.0070204           | 0.00694  | 0.00706  | 1.7979263054975357e-05 | 0.002577372814766365 | NA                  |
| GPU    | 0.17297431 | 0.1721655 | 0.17817349999999998 | 0.19409310000000002 | 0.167745 | 0.199746 | 0.004581311540803571   | 0.02648550262061211  | 0.04032858983510326 |
+--------+------------+-----------+---------------------+---------------------+----------+----------+------------------------+----------------------+---------------------+

[stage07] accuracy detail
+---------------------+-----+------+-------------+---------------+-------------+----------------+-----------------------------------------------------------------+--------+
| reference           | mse | rmse | relative_l2 | relative_linf | exact_match | mismatch_count | semantic_check                                                  | status |
+---------------------+-----+------+-------------+---------------+-------------+----------------+-----------------------------------------------------------------+--------+
| typed_cpu_reference | 0   | 0    | 0           | 0             | NA          | NA             | output_shape=[128];output_dtype=FP64;finite_numeric_output=true | PASS   |
+---------------------+-----+------+-------------+---------------+-------------+----------------+-----------------------------------------------------------------+--------+

[stage07] resource detail
+--------+------------+--------------+-------------+------------+-------------+
| device | metric     | before_bytes | after_bytes | peak_bytes | delta_bytes |
+--------+------------+--------------+-------------+------------+-------------+
| CPU    | cpu_heap   | 1355280      | 1361200     | 1361200    | 5920        |
| CPU    | rss        | 69804032     | 69804032    | 69804032   | 0           |
| GPU    | cpu_heap   | 1361248      | 1364384     | 1364384    | 3136        |
| GPU    | rss        | 69804032     | 69804032    | 69804032   | 0           |
| GPU    | gpu_memory | 391544832    | 391544832   | 391544832  | 0           |
+--------+------------+--------------+-------------+------------+-------------+

[stage07] input content
+------------+-------+-------+----------+---------------------------------------+---------------------------------------------------------------------------+
| input_name | shape | dtype | elements | generator                             | values(head4/tail2)                                                       |
+------------+-------+-------+----------+---------------------------------------+---------------------------------------------------------------------------+
| phase      | [128] | FP16  | 128      | periodic_phase_8cycles(16*pi*i/(N-1)) | i=0:0;i=1:0.395751953;i=2:0.791503906;i=3:1.1875;i=126:49.875;i=127:50.25 |
+------------+-------+-------+----------+---------------------------------------+---------------------------------------------------------------------------+

[stage07] case parameters
+------------------------------------------------------+
| parameters                                           |
+------------------------------------------------------+
| {"duty":0.35,"output_dtype":"FP64","phase_cycles":8} |
+------------------------------------------------------+

[stage07] input and output identity
+--------+------------------------------------------------------------------+------------------------------------------------------------------+
| device | input_digest                                                     | output_digest                                                    |
+--------+------------------------------------------------------------------+------------------------------------------------------------------+
| CPU    | 0a3e46c42aa1223e0a134543ac57a47f29175aba8fdb885f046b1fac02f8140e | c9199dd162f56c26386d0c2f31ccb68429f946b923ad23982e204403fb04bf77 |
| GPU    | 0a3e46c42aa1223e0a134543ac57a47f29175aba8fdb885f046b1fac02f8140e | c9199dd162f56c26386d0c2f31ccb68429f946b923ad23982e204403fb04bf77 |
+--------+------------------------------------------------------------------+------------------------------------------------------------------+

[stage07] dtype evidence
+-----------------+--------------------+--------------+------------------------------------------------------------------+------------------------------------------------------------------+
| requested_dtype | config_input_dtype | output_dtype | typed_array_digest                                               | actual_input_digest                                              |
+-----------------+--------------------+--------------+------------------------------------------------------------------+------------------------------------------------------------------+
| FP16            | FP16               | FP64         | 5de09b7f4ad6ee1c64f7000fdc866b0a3d8ec98c8a361677a388adc63407e517 | 0a3e46c42aa1223e0a134543ac57a47f29175aba8fdb885f046b1fac02f8140e |
+-----------------+--------------------+--------------+------------------------------------------------------------------+------------------------------------------------------------------+

[stage07] evidence files
+-------------+-----------------------------------------------------------------------------------------------------------------------------------------------------------------------------------------------------------------------------------+
| kind        | path                                                                                                                                                                                                                              |
+-------------+-----------------------------------------------------------------------------------------------------------------------------------------------------------------------------------------------------------------------------------+
| main_csv    | /tmp/ZKX_dev/results/stage07_b02_formal_76c5b6f8b36d/formal/20260810T092026Z_76c5b6f8b36d_stage07_b02_formal_adcaccd0/operator_main_results_square_not_applicable_20260810T092026Z_76c5b6f8b36d_stage07_b02_formal_adcaccd0.csv   |
| timing_csv  | /tmp/ZKX_dev/results/stage07_b02_formal_76c5b6f8b36d/formal/20260810T092026Z_76c5b6f8b36d_stage07_b02_formal_adcaccd0/operator_timing_samples_square_not_applicable_20260810T092026Z_76c5b6f8b36d_stage07_b02_formal_adcaccd0.csv |
| memory_csv  | /tmp/ZKX_dev/results/stage07_b02_formal_76c5b6f8b36d/formal/20260810T092026Z_76c5b6f8b36d_stage07_b02_formal_adcaccd0/operator_waveforms_square_memory_trace_not_applicable.csv                                                   |
| dtype_csv   | /tmp/ZKX_dev/results/stage07_b02_formal_76c5b6f8b36d/formal/20260810T092026Z_76c5b6f8b36d_stage07_b02_formal_adcaccd0/operator_dtype_evidence_square_not_applicable_20260810T092026Z_76c5b6f8b36d_stage07_b02_formal_adcaccd0.csv |
| report_json | /tmp/ZKX_dev/results/stage07_b02_formal_76c5b6f8b36d/formal/20260810T092026Z_76c5b6f8b36d_stage07_b02_formal_adcaccd0/operator_square_report.json                                                                                 |
| summary_txt | /tmp/ZKX_dev/results/stage07_b02_formal_76c5b6f8b36d/formal/20260810T092026Z_76c5b6f8b36d_stage07_b02_formal_adcaccd0/operator_square_summary.txt                                                                                 |
| full_log    | /tmp/ZKX_dev/results/stage07_b02_formal_76c5b6f8b36d/formal/20260810T092026Z_76c5b6f8b36d_stage07_b02_formal_adcaccd0/operator_square_full.log                                                                                    |
| result_dir  | /tmp/ZKX_dev/results/stage07_b02_formal_76c5b6f8b36d/formal/20260810T092026Z_76c5b6f8b36d_stage07_b02_formal_adcaccd0                                                                                                             |
+-------------+-----------------------------------------------------------------------------------------------------------------------------------------------------------------------------------------------------------------------------------+
STAGE07_WAVEFORM_CASE PASS operator=square scale=square_fp16_10e2 dtype=FP16 backend=not_applicable measured=100 results=/tmp/ZKX_dev/results/stage07_b02_formal_76c5b6f8b36d/formal/20260810T092026Z_76c5b6f8b36d_stage07_b02_formal_adcaccd0
