[stage07] identity and status
+--------+------------------+--------+----------------+-------+--------+----------+--------------------------+--------+------------+
| target | scale_id         | device | backend        | dtype | warmup | measured | timing_scope             | status | error_code |
+--------+------------------+--------+----------------+-------+--------+----------+--------------------------+--------+------------+
| square | square_fp16_10e3 | CPU    | not_applicable | FP16  | 20     | 100      | compatibility/end-to-end | PASS   | OK         |
| square | square_fp16_10e3 | GPU    | not_applicable | FP16  | 20     | 100      | compatibility/end-to-end | PASS   | OK         |
+--------+------------------+--------+----------------+-------+--------+----------+--------------------------+--------+------------+

[stage07] timing detail
+--------+----------------------+---------------------+------------+---------------------+----------+----------+-----------------------+---------------------+--------------------+
| device | mean_ms              | p50_ms              | p95_ms     | p99_ms              | min_ms   | max_ms   | std_ms                | cv                  | speedup            |
+--------+----------------------+---------------------+------------+---------------------+----------+----------+-----------------------+---------------------+--------------------+
| CPU    | 0.051759320000000004 | 0.0514665           | 0.05159255 | 0.06367120000000002 | 0.051132 | 0.066562 | 0.0019367523067238103 | 0.03741842641525835 | NA                 |
| GPU    | 0.18273910000000002  | 0.18111549999999998 | 0.1872085  | 0.20862582000000027 | 0.177325 | 0.258108 | 0.00872971384697116   | 0.04777146131819167 | 0.2832416269971779 |
+--------+----------------------+---------------------+------------+---------------------+----------+----------+-----------------------+---------------------+--------------------+

[stage07] accuracy detail
+---------------------+-----+------+-------------+---------------+-------------+----------------+------------------------------------------------------------------+--------+
| reference           | mse | rmse | relative_l2 | relative_linf | exact_match | mismatch_count | semantic_check                                                   | status |
+---------------------+-----+------+-------------+---------------+-------------+----------------+------------------------------------------------------------------+--------+
| typed_cpu_reference | 0   | 0    | 0           | 0             | NA          | NA             | output_shape=[1024];output_dtype=FP64;finite_numeric_output=true | PASS   |
+---------------------+-----+------+-------------+---------------+-------------+----------------+------------------------------------------------------------------+--------+

[stage07] resource detail
+--------+------------+--------------+-------------+------------+-------------+
| device | metric     | before_bytes | after_bytes | peak_bytes | delta_bytes |
+--------+------------+--------------+-------------+------------+-------------+
| CPU    | cpu_heap   | 1392416      | 1406528     | 1406528    | 14112       |
| CPU    | rss        | 69701632     | 69754880    | 69754880   | 53248       |
| GPU    | cpu_heap   | 1406576      | 1417904     | 1417904    | 11328       |
| GPU    | rss        | 69754880     | 69754880    | 69754880   | 0           |
| GPU    | gpu_memory | 408322048    | 408322048   | 408322048  | 0           |
+--------+------------+--------------+-------------+------------+-------------+

[stage07] input content
+------------+--------+-------+----------+---------------------------------------+--------------------------------------------------------------------------------------+
| input_name | shape  | dtype | elements | generator                             | values(head4/tail2)                                                                  |
+------------+--------+-------+----------+---------------------------------------+--------------------------------------------------------------------------------------+
| phase      | [1024] | FP16  | 1024     | periodic_phase_8cycles(16*pi*i/(N-1)) | i=0:0;i=1:0.0491333008;i=2:0.0982666016;i=3:0.147460938;i=1022:50.21875;i=1023:50.25 |
+------------+--------+-------+----------+---------------------------------------+--------------------------------------------------------------------------------------+

[stage07] case parameters
+------------------------------------------------------+
| parameters                                           |
+------------------------------------------------------+
| {"duty":0.35,"output_dtype":"FP64","phase_cycles":8} |
+------------------------------------------------------+

[stage07] input and output identity
+--------+------------------------------------------------------------------+------------------------------------------------------------------+
| device | input_digest                                                     | output_digest                                                    |
+--------+------------------------------------------------------------------+------------------------------------------------------------------+
| CPU    | 4846868ee364daafb867c02587a823e08d46a5cb170520cbeb99312565e3b690 | 0da5ff67dc8c305194f1b765f974cc404f8f6d282abfe7a6b529b78b262e983d |
| GPU    | 4846868ee364daafb867c02587a823e08d46a5cb170520cbeb99312565e3b690 | 0da5ff67dc8c305194f1b765f974cc404f8f6d282abfe7a6b529b78b262e983d |
+--------+------------------------------------------------------------------+------------------------------------------------------------------+

[stage07] dtype evidence
+-----------------+--------------------+--------------+------------------------------------------------------------------+------------------------------------------------------------------+
| requested_dtype | config_input_dtype | output_dtype | typed_array_digest                                               | actual_input_digest                                              |
+-----------------+--------------------+--------------+------------------------------------------------------------------+------------------------------------------------------------------+
| FP16            | FP16               | FP64         | 8eff7a8b4aa314a6272b68a0e8f3c5d601508c0d5997c2602073a3b8ad1efd9e | 4846868ee364daafb867c02587a823e08d46a5cb170520cbeb99312565e3b690 |
+-----------------+--------------------+--------------+------------------------------------------------------------------+------------------------------------------------------------------+

[stage07] evidence files
+-------------+-----------------------------------------------------------------------------------------------------------------------------------------------------------------------------------------------------------------------------------+
| kind        | path                                                                                                                                                                                                                              |
+-------------+-----------------------------------------------------------------------------------------------------------------------------------------------------------------------------------------------------------------------------------+
| main_csv    | /tmp/ZKX_dev/results/stage07_b02_formal_76c5b6f8b36d/formal/20260810T092027Z_76c5b6f8b36d_stage07_b02_formal_eed5563c/operator_main_results_square_not_applicable_20260810T092027Z_76c5b6f8b36d_stage07_b02_formal_eed5563c.csv   |
| timing_csv  | /tmp/ZKX_dev/results/stage07_b02_formal_76c5b6f8b36d/formal/20260810T092027Z_76c5b6f8b36d_stage07_b02_formal_eed5563c/operator_timing_samples_square_not_applicable_20260810T092027Z_76c5b6f8b36d_stage07_b02_formal_eed5563c.csv |
| memory_csv  | /tmp/ZKX_dev/results/stage07_b02_formal_76c5b6f8b36d/formal/20260810T092027Z_76c5b6f8b36d_stage07_b02_formal_eed5563c/operator_waveforms_square_memory_trace_not_applicable.csv                                                   |
| dtype_csv   | /tmp/ZKX_dev/results/stage07_b02_formal_76c5b6f8b36d/formal/20260810T092027Z_76c5b6f8b36d_stage07_b02_formal_eed5563c/operator_dtype_evidence_square_not_applicable_20260810T092027Z_76c5b6f8b36d_stage07_b02_formal_eed5563c.csv |
| report_json | /tmp/ZKX_dev/results/stage07_b02_formal_76c5b6f8b36d/formal/20260810T092027Z_76c5b6f8b36d_stage07_b02_formal_eed5563c/operator_square_report.json                                                                                 |
| summary_txt | /tmp/ZKX_dev/results/stage07_b02_formal_76c5b6f8b36d/formal/20260810T092027Z_76c5b6f8b36d_stage07_b02_formal_eed5563c/operator_square_summary.txt                                                                                 |
| full_log    | /tmp/ZKX_dev/results/stage07_b02_formal_76c5b6f8b36d/formal/20260810T092027Z_76c5b6f8b36d_stage07_b02_formal_eed5563c/operator_square_full.log                                                                                    |
| result_dir  | /tmp/ZKX_dev/results/stage07_b02_formal_76c5b6f8b36d/formal/20260810T092027Z_76c5b6f8b36d_stage07_b02_formal_eed5563c                                                                                                             |
+-------------+-----------------------------------------------------------------------------------------------------------------------------------------------------------------------------------------------------------------------------------+
STAGE07_WAVEFORM_CASE PASS operator=square scale=square_fp16_10e3 dtype=FP16 backend=not_applicable measured=100 results=/tmp/ZKX_dev/results/stage07_b02_formal_76c5b6f8b36d/formal/20260810T092027Z_76c5b6f8b36d_stage07_b02_formal_eed5563c
