[stage07] identity and status
+--------+-------------------+--------+----------------+-------+--------+----------+--------------------------+--------+------------+
| target | scale_id          | device | backend        | dtype | warmup | measured | timing_scope             | status | error_code |
+--------+-------------------+--------+----------------+-------+--------+----------+--------------------------+--------+------------+
| square | square_int16_10e3 | CPU    | not_applicable | INT16 | 20     | 100      | compatibility/end-to-end | PASS   | OK         |
| square | square_int16_10e3 | GPU    | not_applicable | INT16 | 20     | 100      | compatibility/end-to-end | PASS   | OK         |
+--------+-------------------+--------+----------------+-------+--------+----------+--------------------------+--------+------------+

[stage07] timing detail
+--------+------------+----------+-----------+----------------------+----------+----------+----------------------+----------------------+-------------------+
| device | mean_ms    | p50_ms   | p95_ms    | p99_ms               | min_ms   | max_ms   | std_ms               | cv                   | speedup           |
+--------+------------+----------+-----------+----------------------+----------+----------+----------------------+----------------------+-------------------+
| CPU    | 0.030695   | 0.030411 | 0.030481  | 0.030762610000000145 | 0.03013  | 0.058642 | 0.002809186487223659 | 0.09151935126970709  | NA                |
| GPU    | 0.18430184 | 0.181911 | 0.1971955 | 0.23635941000000013  | 0.174585 | 0.263328 | 0.010398595680879221 | 0.056421551086409234 | 0.166547441957172 |
+--------+------------+----------+-----------+----------------------+----------+----------+----------------------+----------------------+-------------------+

[stage07] accuracy detail
+---------------------+-----+------+-------------+---------------+-------------+----------------+------------------------------------------------------------------+--------+
| reference           | mse | rmse | relative_l2 | relative_linf | exact_match | mismatch_count | semantic_check                                                   | status |
+---------------------+-----+------+-------------+---------------+-------------+----------------+------------------------------------------------------------------+--------+
| typed_cpu_reference | 0   | 0    | 0           | 0             | NA          | NA             | output_shape=[1024];output_dtype=FP64;finite_numeric_output=true | PASS   |
+---------------------+-----+------+-------------+---------------+-------------+----------------+------------------------------------------------------------------+--------+

[stage07] resource detail
+--------+------------+--------------+-------------+------------+-------------+
| device | metric     | before_bytes | after_bytes | peak_bytes | delta_bytes |
+--------+------------+--------------+-------------+------------+-------------+
| CPU    | cpu_heap   | 1392224      | 1406336     | 1406336    | 14112       |
| CPU    | rss        | 69398528     | 69451776    | 69451776   | 53248       |
| GPU    | cpu_heap   | 1406384      | 1417712     | 1417712    | 11328       |
| GPU    | rss        | 69451776     | 69451776    | 69451776   | 0           |
| GPU    | gpu_memory | 408322048    | 408322048   | 408322048  | 0           |
+--------+------------+--------------+-------------+------------+-------------+

[stage07] input content
+------------+--------+-------+----------+--------------------------------------------------------+---------------------------------------------+
| input_name | shape  | dtype | elements | generator                                              | values(head4/tail2)                         |
+------------+--------+-------+----------+--------------------------------------------------------+---------------------------------------------+
| phase      | [1024] | INT16 | 1024     | quantized_periodic_phase_8cycles(floor(16*pi*i/(N-1))) | i=0:0;i=1:0;i=2:0;i=3:0;i=1022:50;i=1023:50 |
+------------+--------+-------+----------+--------------------------------------------------------+---------------------------------------------+

[stage07] case parameters
+------------------------------------------------------+
| parameters                                           |
+------------------------------------------------------+
| {"duty":0.35,"output_dtype":"FP64","phase_cycles":8} |
+------------------------------------------------------+

[stage07] input and output identity
+--------+------------------------------------------------------------------+------------------------------------------------------------------+
| device | input_digest                                                     | output_digest                                                    |
+--------+------------------------------------------------------------------+------------------------------------------------------------------+
| CPU    | 408b67def4df6f3f27cce1f1fa6170ba01bbe7cdfc656ac08df438177ae8b619 | 892c2defec8b3a44000e0beee779556676c53bbcdfac256ba1c96db82fab9da1 |
| GPU    | 408b67def4df6f3f27cce1f1fa6170ba01bbe7cdfc656ac08df438177ae8b619 | 892c2defec8b3a44000e0beee779556676c53bbcdfac256ba1c96db82fab9da1 |
+--------+------------------------------------------------------------------+------------------------------------------------------------------+

[stage07] dtype evidence
+-----------------+--------------------+--------------+------------------------------------------------------------------+------------------------------------------------------------------+
| requested_dtype | config_input_dtype | output_dtype | typed_array_digest                                               | actual_input_digest                                              |
+-----------------+--------------------+--------------+------------------------------------------------------------------+------------------------------------------------------------------+
| INT16           | INT16              | FP64         | 17872077ca03e92b36ab9a4ae6372b39722cfcb1040417ee9dfa0cfac08ae60f | 408b67def4df6f3f27cce1f1fa6170ba01bbe7cdfc656ac08df438177ae8b619 |
+-----------------+--------------------+--------------+------------------------------------------------------------------+------------------------------------------------------------------+

[stage07] evidence files
+-------------+-----------------------------------------------------------------------------------------------------------------------------------------------------------------------------------------------------------------------------------+
| kind        | path                                                                                                                                                                                                                              |
+-------------+-----------------------------------------------------------------------------------------------------------------------------------------------------------------------------------------------------------------------------------+
| main_csv    | /tmp/ZKX_dev/results/stage07_b02_formal_76c5b6f8b36d/formal/20260810T092028Z_76c5b6f8b36d_stage07_b02_formal_ee922b85/operator_main_results_square_not_applicable_20260810T092028Z_76c5b6f8b36d_stage07_b02_formal_ee922b85.csv   |
| timing_csv  | /tmp/ZKX_dev/results/stage07_b02_formal_76c5b6f8b36d/formal/20260810T092028Z_76c5b6f8b36d_stage07_b02_formal_ee922b85/operator_timing_samples_square_not_applicable_20260810T092028Z_76c5b6f8b36d_stage07_b02_formal_ee922b85.csv |
| memory_csv  | /tmp/ZKX_dev/results/stage07_b02_formal_76c5b6f8b36d/formal/20260810T092028Z_76c5b6f8b36d_stage07_b02_formal_ee922b85/operator_waveforms_square_memory_trace_not_applicable.csv                                                   |
| dtype_csv   | /tmp/ZKX_dev/results/stage07_b02_formal_76c5b6f8b36d/formal/20260810T092028Z_76c5b6f8b36d_stage07_b02_formal_ee922b85/operator_dtype_evidence_square_not_applicable_20260810T092028Z_76c5b6f8b36d_stage07_b02_formal_ee922b85.csv |
| report_json | /tmp/ZKX_dev/results/stage07_b02_formal_76c5b6f8b36d/formal/20260810T092028Z_76c5b6f8b36d_stage07_b02_formal_ee922b85/operator_square_report.json                                                                                 |
| summary_txt | /tmp/ZKX_dev/results/stage07_b02_formal_76c5b6f8b36d/formal/20260810T092028Z_76c5b6f8b36d_stage07_b02_formal_ee922b85/operator_square_summary.txt                                                                                 |
| full_log    | /tmp/ZKX_dev/results/stage07_b02_formal_76c5b6f8b36d/formal/20260810T092028Z_76c5b6f8b36d_stage07_b02_formal_ee922b85/operator_square_full.log                                                                                    |
| result_dir  | /tmp/ZKX_dev/results/stage07_b02_formal_76c5b6f8b36d/formal/20260810T092028Z_76c5b6f8b36d_stage07_b02_formal_ee922b85                                                                                                             |
+-------------+-----------------------------------------------------------------------------------------------------------------------------------------------------------------------------------------------------------------------------------+
STAGE07_WAVEFORM_CASE PASS operator=square scale=square_int16_10e3 dtype=INT16 backend=not_applicable measured=100 results=/tmp/ZKX_dev/results/stage07_b02_formal_76c5b6f8b36d/formal/20260810T092028Z_76c5b6f8b36d_stage07_b02_formal_ee922b85
