[stage08-b01] operator=kaiser entry=cpu:kaiser_typed_cpu gpu:kaiser_device
[stage08-b01] config=test_all/configs/operators/windows/kaiser/operator_scales.json config_sha256=3c4c14a97768005f5dc56b0d0c17628fff55c481c5608f82bbef4fa7c495f9fe
[stage08-b01] run_type=formal scale=kaiser_int16_10e4 dtype=INT16 sym=true backend=not_applicable
[stage08-b01] dtype_semantics=actual_typed_scalar_input typed_input_count=1 actual_input_digest=81052564d4c970de615a4b7233424716df676788e639d4727cd514f260b6b36d
[stage08-b01] timing_scope=compatibility/end-to-end warmup=20 measured=100
[stage08-b01] cpu_mean_ms=0.48477683000000005 gpu_mean_ms=0.32439016999999992 speedup=1.4944251547449794
[stage08-b01] mse=1.5984623541104168e-14 rmse=1.2643031100611975e-07 relative_l2=2.2482093325615244e-07 relative_linf=7.0414503653548794e-07
[stage08-b01] resources=available cuda_event_ms=0.33140799403190613
[stage08-b01] status=PASS error_code=OK
[stage08] identity and status
target | scale_id          | device | backend        | dtype | warmup | measured | timing_scope             | status | error_code
kaiser | kaiser_int16_10e4 | CPU    | not_applicable | INT16 | 20     | 100      | compatibility/end-to-end | PASS   | OK        
kaiser | kaiser_int16_10e4 | GPU    | not_applicable | INT16 | 20     | 100      | compatibility/end-to-end | PASS   | OK        

[stage08] timing detail
device | mean_ms             | p50_ms              | p95_ms              | p99_ms              | min_ms              | max_ms              | std_ms                | cv                  | speedup           
CPU    | 0.48477683000000005 | 0.48236699999999999 | 0.4945              | 0.50397600000000031 | 0.47906199999999999 | 0.569712            | 0.0097021094016249872 | 0.0200135584071231  | NA                
GPU    | 0.32439016999999992 | 0.31409549999999997 | 0.35632799999999992 | 0.5345407900000001  | 0.306591            | 0.56808099999999995 | 0.040663400892954095  | 0.12535336965652843 | 1.4944251547449794

[stage08] accuracy detail
accuracy_reference  | mse                    | rmse                   | relative_l2            | relative_linf          | exact_match | mismatch_count | semantic_check                                                                                     | status
cpu_typed_reference | 1.5984623541104168e-14 | 1.2643031100611975e-07 | 2.2482093325615244e-07 | 7.0414503653548794e-07 | NA          | NA             | finite_normalized_fp64_window_shape_beta_and_symmetry_match_cpu:shape=[10000];finite=true;sym=true | PASS  

[stage08] resource detail
device | metric     | before_bytes | after_bytes | peak_bytes | delta_bytes
CPU    | cpu_heap   | 1566016      | 1569184     | 1648080    | 3168       
CPU    | rss        | 70959104     | 70959104    | 70959104   | 0          
GPU    | cpu_heap   | 1569184      | 1572208     | 1651104    | 3024       
GPU    | rss        | 70959104     | 70959104    | 70959104   | 0          
GPU    | gpu_memory | 391544832    | 391544832   | 391544832  | 0          

[stage08] input/output identity
device | input_digest                                                     | output_digest                                                   
CPU    | 81052564d4c970de615a4b7233424716df676788e639d4727cd514f260b6b36d | 380f4cd33270ce5cc46aac69d3569414c18b15bea91bc2572efa199e97060941
GPU    | 81052564d4c970de615a4b7233424716df676788e639d4727cd514f260b6b36d | bc90d7ed1953bab8b6d0256cf3d4310d0811c2a6115cc538325a43b8f696c28f

[stage08] input content
input_name       | shape   | dtype       | elements | generator                                           | values(head4/tail2)                                                                                  
window_positions | [10000] | INDEX_INT64 | 10000    | implicit_window_index_domain(no_materialized_array) | i=0:position=0;i=1:position=1;i=2:position=2;i=3:position=3;i=9998:position=9998;i=9999:position=9999
beta             | scalar  | INT16       | 1        | exact_config_scalar                                 | value=8                                                                                              

[stage08] case parameters
parameters                                                    
{"length":10000,"requested_dtype":"INT16","sym":true,"beta":8}

[stage08] dtype evidence
requested_dtype | config_input_dtype | output_dtype | actual_input_digest                                              | status
INT16           | INT16              | FP64         | 81052564d4c970de615a4b7233424716df676788e639d4727cd514f260b6b36d | PASS  

[stage08] evidence files
kind        | path                                                                                                                                                                                                                                           
main_csv    | /tmp/ZKX_dev/results/stage08_input_preview_b01_kaiser_8b745f9a6864/formal/20260810T082130Z_8b745f9a6864_stage08_b01_formal_a1040017/operator_main_results_kaiser_not_applicable_20260810T082130Z_8b745f9a6864_stage08_b01_formal_a1040017.csv  
timing_csv  | /tmp/ZKX_dev/results/stage08_input_preview_b01_kaiser_8b745f9a6864/formal/20260810T082130Z_8b745f9a6864_stage08_b01_formal_a1040017/operator_timing_samples_kaiser_not_applicable_20260810T082130Z_8b745f9a6864_stage08_b01_formal_a1040017.csv
memory_csv  | /tmp/ZKX_dev/results/stage08_input_preview_b01_kaiser_8b745f9a6864/formal/20260810T082130Z_8b745f9a6864_stage08_b01_formal_a1040017/operator_windows_kaiser_memory_trace_not_applicable.csv                                                    
input_csv   | /tmp/ZKX_dev/results/stage08_input_preview_b01_kaiser_8b745f9a6864/formal/20260810T082130Z_8b745f9a6864_stage08_b01_formal_a1040017/operator_input_evidence_kaiser_not_applicable_20260810T082130Z_8b745f9a6864_stage08_b01_formal_a1040017.csv
dtype_csv   | /tmp/ZKX_dev/results/stage08_input_preview_b01_kaiser_8b745f9a6864/formal/20260810T082130Z_8b745f9a6864_stage08_b01_formal_a1040017/operator_dtype_evidence_kaiser_not_applicable_20260810T082130Z_8b745f9a6864_stage08_b01_formal_a1040017.csv
module_csv  | /tmp/ZKX_dev/results/stage08_input_preview_b01_kaiser_8b745f9a6864/formal/20260810T082130Z_8b745f9a6864_stage08_b01_formal_a1040017/windows_batch01_module_summary_not_applicable_20260810T082130Z_8b745f9a6864_stage08_b01_formal_a1040017.csv
report_json | /tmp/ZKX_dev/results/stage08_input_preview_b01_kaiser_8b745f9a6864/formal/20260810T082130Z_8b745f9a6864_stage08_b01_formal_a1040017/operator_kaiser_report.json                                                                                
summary_txt | /tmp/ZKX_dev/results/stage08_input_preview_b01_kaiser_8b745f9a6864/formal/20260810T082130Z_8b745f9a6864_stage08_b01_formal_a1040017/operator_kaiser_summary.txt                                                                                
full_log    | /tmp/ZKX_dev/results/stage08_input_preview_b01_kaiser_8b745f9a6864/formal/20260810T082130Z_8b745f9a6864_stage08_b01_formal_a1040017/operator_kaiser_full.log                                                                                   
results_dir | /tmp/ZKX_dev/results/stage08_input_preview_b01_kaiser_8b745f9a6864/formal/20260810T082130Z_8b745f9a6864_stage08_b01_formal_a1040017                                                                                                            
