command=build_stage08_b05_freq_shift_99442e69c882/stage08_filtering_freq_shift --dtype FP32 --count 1024 --freq -7.5 --fs 256.0 --seed 85210002 --warmup 20 --measured 100 --output /tmp/ZKX_dev/results/stage08_input_preview_b05_freq_shift_652061b694fc/formal/20260810T084613Z_652061b694fc_stage08_b05_formal_85620001/freq_shift_probe_raw.json
STAGE08_FREQ_SHIFT_PROBE PASS dtype=FP32 backend=not_applicable
{"run_id": "20260810T084613Z_652061b694fc_stage08_b05_formal_85620001", "case_id": "freq_shift__freq_shift_fp32_10e3__f93a92e882896031", "operator_name": "freq_shift", "scale_id": "freq_shift_fp32_10e3", "requested_dtype": "FP32", "output_dtype": "ComplexFP64", "backend": "not_applicable", "freq": -7.5, "fs": 256.0, "rank": 2, "shape": [32, 32], "warmup_runs": 20, "measured_runs": 100, "mse": 1.429688233807463e-11, "rmse": 3.7811218359204756e-06, "relative_l2": 2.8437174078783606e-06, "relative_linf": 6.9139989748121226e-06, "status": "PASS", "error_code": "OK"}
[stage08] identity and status
+------------+----------------------+--------+----------------+-------+--------+----------+--------------------------+--------+------------+
| target     | scale_id             | device | backend        | dtype | warmup | measured | timing_scope             | status | error_code |
+------------+----------------------+--------+----------------+-------+--------+----------+--------------------------+--------+------------+
| freq_shift | freq_shift_fp32_10e3 | CPU    | not_applicable | FP32  | 20     | 100      | compatibility/end-to-end | PASS   | OK         |
| freq_shift | freq_shift_fp32_10e3 | GPU    | not_applicable | FP32  | 20     | 100      | compatibility/end-to-end | PASS   | OK         |
+------------+----------------------+--------+----------------+-------+--------+----------+--------------------------+--------+------------+

[stage08] timing detail
+--------+----------------------+----------------------+----------------------+----------------------+----------------------+----------------------+------------------------+----------------------+---------------------+
| device | mean_ms              | p50_ms               | p95_ms               | p99_ms               | min_ms               | max_ms               | std_ms                 | cv                   | speedup             |
+--------+----------------------+----------------------+----------------------+----------------------+----------------------+----------------------+------------------------+----------------------+---------------------+
| CPU    | 0.051779469999999994 | 0.051670500000000001 | 0.051810000000000002 | 0.051930690000000043 | 0.051589999999999997 | 0.060810000000000003 | 0.00090958891214658094 | 0.017566593712654476 | NA                  |
| GPU    | 0.35505398999999999  | 0.34947149999999999  | 0.38454199999999999  | 0.40590791000000076  | 0.332592             | 0.54707300000000003  | 0.023030477298351854   | 0.064864719020202688 | 0.14583548265434221 |
+--------+----------------------+----------------------+----------------------+----------------------+----------------------+----------------------+------------------------+----------------------+---------------------+

[stage08] accuracy detail
+-------------------------------------+-----------------------+------------------------+------------------------+------------------------+-------------+----------------+-----------------------------------------------+--------+
| accuracy_reference                  | mse                   | rmse                   | relative_l2            | relative_linf          | exact_match | mismatch_count | semantic_check                                | status |
+-------------------------------------+-----------------------+------------------------+------------------------+------------------------+-------------+----------------+-----------------------------------------------+--------+
| cpu_freq_shift_complex128_reference | 1.429688233807463e-11 | 3.7811218359204756e-06 | 2.8437174078783606e-06 | 6.9139989748121226e-06 | NA          | NA             | same_shape_negative_phase_complex_fp64_output | PASS   |
+-------------------------------------+-----------------------+------------------------+------------------------+------------------------+-------------+----------------+-----------------------------------------------+--------+

[stage08] resource detail
+--------+------------+--------------+-------------+------------+-------------+
| device | metric     | before_bytes | after_bytes | peak_bytes | delta_bytes |
+--------+------------+--------------+-------------+------------+-------------+
| CPU    | cpu_heap   | 1488096      | 1490832     | 1507232    | 2736        |
| CPU    | rss        | 70914048     | 70914048    | 70914048   | 0           |
| GPU    | cpu_heap   | 1492672      | 1496576     | 1512496    | 3904        |
| GPU    | rss        | 70914048     | 70914048    | 70914048   | 0           |
| GPU    | gpu_memory | 408322048    | 408322048   | 408322048  | 0           |
+--------+------------+--------------+-------------+------------+-------------+

[stage08] input/output identity
+--------+------------------------------------------------------------------+------------------------------------------------------------------+
| device | input_digest                                                     | output_digest                                                    |
+--------+------------------------------------------------------------------+------------------------------------------------------------------+
| CPU    | f93a92e8828960312e8de4e31f75420e4e4f9c0d4d9f608c57684fcfd0d80d7d | 30d51a2c8c0e0ba2401748f3674235d74127972816d46e4cd3fd00ddccee51d0 |
| GPU    | f93a92e8828960312e8de4e31f75420e4e4f9c0d4d9f608c57684fcfd0d80d7d | b065a7d0255cf124815c2a8ee036160c644e4575cf5b04bd79ad71b14a65eb5a |
+--------+------------------------------------------------------------------+------------------------------------------------------------------+

[stage08] input content
+------------+--------+-------+----------+-------------------------------------------------------+-----------------------------------------------------------------------+
| input_name | shape  | dtype | elements | generator                                             | values(head4/tail2)                                                   |
+------------+--------+-------+----------+-------------------------------------------------------+-----------------------------------------------------------------------+
| x          | [1024] | FP32  | 1024     | modular_noise_plus_ramp(seed=85210002,integral=false) | i=0:1;i=1:-0.21875;i=2:1.3125;i=3:0.09375;i=1022:1.125;i=1023:2.65625 |
+------------+--------+-------+----------+-------------------------------------------------------+-----------------------------------------------------------------------+

[stage08] case parameters
+------------------------------------------------------------------------------+
| parameters                                                                   |
+------------------------------------------------------------------------------+
| {"count":"1024","dtype":"FP32","freq":"-7.5","fs":"256.0","seed":"85210002"} |
+------------------------------------------------------------------------------+

[stage08] dtype evidence
+-----------------+--------------------+--------------+------------------------------------------------------------------+--------+
| requested_dtype | config_input_dtype | output_dtype | actual_input_digest                                              | status |
+-----------------+--------------------+--------------+------------------------------------------------------------------+--------+
| FP32            | NA                 | ComplexFP64  | f93a92e8828960312e8de4e31f75420e4e4f9c0d4d9f608c57684fcfd0d80d7d | PASS   |
+-----------------+--------------------+--------------+------------------------------------------------------------------+--------+

[stage08] evidence files
+----------------+---------------------------------------------------------------------------------------------------------------------------------------------------------------------------------------------------------------------------------------------------------+
| kind           | path                                                                                                                                                                                                                                                    |
+----------------+---------------------------------------------------------------------------------------------------------------------------------------------------------------------------------------------------------------------------------------------------------+
| probe_raw_json | /tmp/ZKX_dev/results/stage08_input_preview_b05_freq_shift_652061b694fc/formal/20260810T084613Z_652061b694fc_stage08_b05_formal_85620001/freq_shift_probe_raw.json                                                                                       |
| dtype_csv      | /tmp/ZKX_dev/results/stage08_input_preview_b05_freq_shift_652061b694fc/formal/20260810T084613Z_652061b694fc_stage08_b05_formal_85620001/operator_dtype_evidence_freq_shift_not_applicable_20260810T084613Z_652061b694fc_stage08_b05_formal_85620001.csv |
| memory_csv     | /tmp/ZKX_dev/results/stage08_input_preview_b05_freq_shift_652061b694fc/formal/20260810T084613Z_652061b694fc_stage08_b05_formal_85620001/operator_filtering_freq_shift_memory_trace_not_applicable.csv                                                   |
| full_log       | /tmp/ZKX_dev/results/stage08_input_preview_b05_freq_shift_652061b694fc/formal/20260810T084613Z_652061b694fc_stage08_b05_formal_85620001/operator_freq_shift_full.log                                                                                    |
| report_json    | /tmp/ZKX_dev/results/stage08_input_preview_b05_freq_shift_652061b694fc/formal/20260810T084613Z_652061b694fc_stage08_b05_formal_85620001/operator_freq_shift_report.json                                                                                 |
| summary_txt    | /tmp/ZKX_dev/results/stage08_input_preview_b05_freq_shift_652061b694fc/formal/20260810T084613Z_652061b694fc_stage08_b05_formal_85620001/operator_freq_shift_summary.txt                                                                                 |
| main_csv       | /tmp/ZKX_dev/results/stage08_input_preview_b05_freq_shift_652061b694fc/formal/20260810T084613Z_652061b694fc_stage08_b05_formal_85620001/operator_main_results_freq_shift_not_applicable_20260810T084613Z_652061b694fc_stage08_b05_formal_85620001.csv   |
| timing_csv     | /tmp/ZKX_dev/results/stage08_input_preview_b05_freq_shift_652061b694fc/formal/20260810T084613Z_652061b694fc_stage08_b05_formal_85620001/operator_timing_samples_freq_shift_not_applicable_20260810T084613Z_652061b694fc_stage08_b05_formal_85620001.csv |
+----------------+---------------------------------------------------------------------------------------------------------------------------------------------------------------------------------------------------------------------------------------------------------+
