command=build_stage08_b06_lombscargle_ab7484afd8df_developer/stage08_spectral_analysis_lombscargle --dtype INT32 --samples 17 --frequencies 7 --precenter false --normalize false --seed 86330001 --warmup 20 --measured 100 --output /tmp/ZKX_dev/results/stage08_input_preview_b06_lombscargle_9b01dadd36f6/formal/20260810T085747Z_9b01dadd36f6_stage08_b06_formal_86730006/lombscargle_probe_raw.json
{"run_id": "20260810T085747Z_9b01dadd36f6_stage08_b06_formal_86730006", "case_id": "lombscargle__lombscargle_int32_10e2__c813437da217dbce", "operator_name": "lombscargle", "scale_id": "lombscargle_int32_10e2", "requested_dtype": "INT32", "output_dtype": "FP64", "backend": "not_applicable", "sample_count": 17, "frequency_count": 7, "scientific_work": 119, "precenter": false, "normalize": false, "warmup_runs": 20, "measured_runs": 100, "mse": 3.28449e-12, "rmse": 1.81232e-06, "relative_l2": 1.35759e-07, "relative_linf": 1.09192e-07, "status": "PASS", "error_code": "OK"}
[stage08] identity and status
+-------------+------------------------+--------+----------------+-------+--------+----------+--------------------------+--------+------------+
| target      | scale_id               | device | backend        | dtype | warmup | measured | timing_scope             | status | error_code |
+-------------+------------------------+--------+----------------+-------+--------+----------+--------------------------+--------+------------+
| lombscargle | lombscargle_int32_10e2 | CPU    | not_applicable | INT32 | 20     | 100      | compatibility/end-to-end | PASS   | OK         |
| lombscargle | lombscargle_int32_10e2 | GPU    | not_applicable | INT32 | 20     | 100      | compatibility/end-to-end | PASS   | OK         |
+-------------+------------------------+--------+----------------+-------+--------+----------+--------------------------+--------+------------+

[stage08] timing detail
+--------+----------------------+-----------+--------------------+----------------------+----------+----------+-----------------------+-----------------------+----------------------+
| device | mean_ms              | p50_ms    | p95_ms             | p99_ms               | min_ms   | max_ms   | std_ms                | cv                    | speedup              |
+--------+----------------------+-----------+--------------------+----------------------+----------+----------+-----------------------+-----------------------+----------------------+
| CPU    | 0.006163640000000001 | 0.00616   | 0.0061905          | 0.006270110000000001 | 0.00613  | 0.006281 | 2.123653455722006e-05 | 0.0034454534264201117 | NA                   |
| GPU    | 0.50823056           | 0.4980375 | 0.5611334499999999 | 0.7428331900000001   | 0.478473 | 0.787204 | 0.04430997183712036   | 0.08718478447482647   | 0.012127645374178209 |
+--------+----------------------+-----------+--------------------+----------------------+----------+----------+-----------------------+-----------------------+----------------------+

[stage08] accuracy detail
+------------------------------+-------------+-------------+-------------+---------------+-------------+----------------+------------------------------------------+--------+
| accuracy_reference           | mse         | rmse        | relative_l2 | relative_linf | exact_match | mismatch_count | semantic_check                           | status |
+------------------------------+-------------+-------------+-------------+---------------+-------------+----------------+------------------------------------------+--------+
| cpu_lombscargle_fp64_formula | 3.28449e-12 | 1.81232e-06 | 1.35759e-07 | 1.09192e-07   | NA          | NA             | irregular_periodogram_frequency_length=7 | PASS   |
+------------------------------+-------------+-------------+-------------+---------------+-------------+----------------+------------------------------------------+--------+

[stage08] resource detail
+--------+------------+--------------+-------------+------------+-------------+
| device | metric     | before_bytes | after_bytes | peak_bytes | delta_bytes |
+--------+------------+--------------+-------------+------------+-------------+
| CPU    | cpu_heap   | 1439152      | 1442432     | 1442432    | 3280        |
| CPU    | rss        | 69902336     | 69902336    | 69902336   | 0           |
| GPU    | cpu_heap   | 1442496      | 1445776     | 1445904    | 3280        |
| GPU    | rss        | 69902336     | 69902336    | 69902336   | 0           |
| GPU    | gpu_memory | 341000192    | 341000192   | 341000192  | 0           |
+--------+------------+--------------+-------------+------------+-------------+

[stage08] input/output identity
+--------+------------------------------------------------------------------+------------------------------------------------------------------+
| device | input_digest                                                     | output_digest                                                    |
+--------+------------------------------------------------------------------+------------------------------------------------------------------+
| CPU    | c813437da217dbce80c08561258b361dd91c3759e2efdec527fde5eb2859b319 | 77b3fbea0efc6bd0aa03e9bff4c86749df41dc6c26376c403778a3aeba816be9 |
| GPU    | c813437da217dbce80c08561258b361dd91c3759e2efdec527fde5eb2859b319 | 33e9949f4293016755636555f64bf28d93422f9efdb510b1adc13c25e2460bd8 |
+--------+------------------------------------------------------------------+------------------------------------------------------------------+

[stage08] input content
+------------+-------+-------+----------+---------------------------------------------------+-----------------------------------------+
| input_name | shape | dtype | elements | generator                                         | values(head4/tail2)                     |
+------------+-------+-------+----------+---------------------------------------------------+-----------------------------------------+
| time       | [17]  | INT32 | 17       | deterministic_sample_times(integral=true)         | i=0:0;i=1:3;i=2:6;i=3:9;i=15:47;i=16:50 |
| value      | [17]  | INT32 | 17       | modular_observations(seed=86330001,integral=true) | i=0:5;i=1:0;i=2:-5;i=3:1;i=15:-4;i=16:2 |
| frequency  | [7]   | INT32 | 7        | deterministic_frequency_grid(integral=true)       | i=0:1;i=1:2;i=2:3;i=3:4;i=5:6;i=6:7     |
+------------+-------+-------+----------+---------------------------------------------------+-----------------------------------------+

[stage08] case parameters
+--------------------------------------------------------------------------------------------------------------+
| parameters                                                                                                   |
+--------------------------------------------------------------------------------------------------------------+
| {"dtype":"INT32","frequencies":"7","normalize":"false","precenter":"false","samples":"17","seed":"86330001"} |
+--------------------------------------------------------------------------------------------------------------+

[stage08] dtype evidence
+-----------------+--------------------+--------------+------------------------------------------------------------------+--------+
| requested_dtype | config_input_dtype | output_dtype | actual_input_digest                                              | status |
+-----------------+--------------------+--------------+------------------------------------------------------------------+--------+
| INT32           | NA                 | FP64         | c813437da217dbce80c08561258b361dd91c3759e2efdec527fde5eb2859b319 | PASS   |
+-----------------+--------------------+--------------+------------------------------------------------------------------+--------+

[stage08] evidence files
+----------------+-----------------------------------------------------------------------------------------------------------------------------------------------------------------------------------------------------------------------------------------------------------+
| kind           | path                                                                                                                                                                                                                                                      |
+----------------+-----------------------------------------------------------------------------------------------------------------------------------------------------------------------------------------------------------------------------------------------------------+
| probe_raw_json | /tmp/ZKX_dev/results/stage08_input_preview_b06_lombscargle_9b01dadd36f6/formal/20260810T085747Z_9b01dadd36f6_stage08_b06_formal_86730006/lombscargle_probe_raw.json                                                                                       |
| dtype_csv      | /tmp/ZKX_dev/results/stage08_input_preview_b06_lombscargle_9b01dadd36f6/formal/20260810T085747Z_9b01dadd36f6_stage08_b06_formal_86730006/operator_dtype_evidence_lombscargle_not_applicable_20260810T085747Z_9b01dadd36f6_stage08_b06_formal_86730006.csv |
| full_log       | /tmp/ZKX_dev/results/stage08_input_preview_b06_lombscargle_9b01dadd36f6/formal/20260810T085747Z_9b01dadd36f6_stage08_b06_formal_86730006/operator_lombscargle_full.log                                                                                    |
| report_json    | /tmp/ZKX_dev/results/stage08_input_preview_b06_lombscargle_9b01dadd36f6/formal/20260810T085747Z_9b01dadd36f6_stage08_b06_formal_86730006/operator_lombscargle_report.json                                                                                 |
| summary_txt    | /tmp/ZKX_dev/results/stage08_input_preview_b06_lombscargle_9b01dadd36f6/formal/20260810T085747Z_9b01dadd36f6_stage08_b06_formal_86730006/operator_lombscargle_summary.txt                                                                                 |
| main_csv       | /tmp/ZKX_dev/results/stage08_input_preview_b06_lombscargle_9b01dadd36f6/formal/20260810T085747Z_9b01dadd36f6_stage08_b06_formal_86730006/operator_main_results_lombscargle_not_applicable_20260810T085747Z_9b01dadd36f6_stage08_b06_formal_86730006.csv   |
| memory_csv     | /tmp/ZKX_dev/results/stage08_input_preview_b06_lombscargle_9b01dadd36f6/formal/20260810T085747Z_9b01dadd36f6_stage08_b06_formal_86730006/operator_spectral_analysis_lombscargle_memory_trace_not_applicable.csv                                           |
| timing_csv     | /tmp/ZKX_dev/results/stage08_input_preview_b06_lombscargle_9b01dadd36f6/formal/20260810T085747Z_9b01dadd36f6_stage08_b06_formal_86730006/operator_timing_samples_lombscargle_not_applicable_20260810T085747Z_9b01dadd36f6_stage08_b06_formal_86730006.csv |
+----------------+-----------------------------------------------------------------------------------------------------------------------------------------------------------------------------------------------------------------------------------------------------------+
