command=/tmp/ZKX_dev/build_stage07_b02_gausspulse_76c5b6f8b36d/stage07_waveforms_gausspulse --dtype FP16 --count 16384 --p0 0.05 --p1 0.2 --p2 0 --p3 0 --warmup 20 --measured 100 --output /tmp/ZKX_dev/results/stage07_b02_formal_76c5b6f8b36d/formal/20260810T092021Z_76c5b6f8b36d_stage07_b02_formal_04902b88/gausspulse_probe_raw.json
STAGE07_WAVEFORM_PROBE PASS operator=gausspulse dtype=FP16
{"run_id": "20260810T092021Z_76c5b6f8b36d_stage07_b02_formal_04902b88", "case_id": "gausspulse__gauss_fp16_10e4__3d22933a6005579d", "operator_name": "gausspulse", "task_name": "Task2", "step_name": "Step1", "scale_id": "gauss_fp16_10e4", "requested_dtype": "FP16", "config_input_dtype": "FP16", "input_content": [{"input_name": "time", "shape": "[16384]", "dtype": "FP16", "element_count": "16384", "generator": "centered_time_minus16_to_16(32*i/(N-1)-16)", "preview_head4_tail2": "i=0:-16;i=1:-16;i=2:-16;i=3:-15.9921875;i=16382:16;i=16383:16"}], "case_parameters": {"fc": 0.05, "bw": 0.2, "bwr_db": -6, "return_component": "in_phase"}, "output_dtype": "FP16", "backend": "not_applicable", "warmup_runs": 20, "measured_runs": 100, "mse": 0, "rmse": 0, "relative_l2": 0, "relative_linf": 0, "actual_input_digest": "3d22933a6005579d95f833039226aa1c27b9a0611e8545a7587931cc61cc0081", "typed_array_digest": "195c2ade44805bcb9232ff7836848cc3ddfb37afe282708b531b0b399000e379", "status": "PASS", "error_code": "OK"}
[stage07] identity and status
+------------+-----------------+--------+----------------+-------+--------+----------+--------------------------+--------+------------+
| target     | scale_id        | device | backend        | dtype | warmup | measured | timing_scope             | status | error_code |
+------------+-----------------+--------+----------------+-------+--------+----------+--------------------------+--------+------------+
| gausspulse | gauss_fp16_10e4 | CPU    | not_applicable | FP16  | 20     | 100      | compatibility/end-to-end | PASS   | OK         |
| gausspulse | gauss_fp16_10e4 | GPU    | not_applicable | FP16  | 20     | 100      | compatibility/end-to-end | PASS   | OK         |
+------------+-----------------+--------+----------------+-------+--------+----------+--------------------------+--------+------------+

[stage07] timing detail
+--------+---------------------+-----------+--------------------+---------------------+----------+----------+----------------------+----------------------+-------------------+
| device | mean_ms             | p50_ms    | p95_ms             | p99_ms              | min_ms   | max_ms   | std_ms               | cv                   | speedup           |
+--------+---------------------+-----------+--------------------+---------------------+----------+----------+----------------------+----------------------+-------------------+
| CPU    | 1.4699153999999999  | 1.4658585 | 1.4815690000000001 | 1.4919563           | 1.460223 | 1.500104 | 0.007511145467903019 | 0.005109916848209781 | NA                |
| GPU    | 0.24316400999999999 | 0.239542  | 0.2598695          | 0.31691641000000004 | 0.234736 | 0.32755  | 0.013579889925544316 | 0.055846627654907964 | 6.044954596693811 |
+--------+---------------------+-----------+--------------------+---------------------+----------+----------+----------------------+----------------------+-------------------+

[stage07] accuracy detail
+---------------------+-----+------+-------------+---------------+-------------+----------------+-------------------------------------------------------------------+--------+
| reference           | mse | rmse | relative_l2 | relative_linf | exact_match | mismatch_count | semantic_check                                                    | status |
+---------------------+-----+------+-------------+---------------+-------------+----------------+-------------------------------------------------------------------+--------+
| typed_cpu_reference | 0   | 0    | 0           | 0             | NA          | NA             | output_shape=[16384];output_dtype=FP16;finite_numeric_output=true | PASS   |
+---------------------+-----+------+-------------+---------------+-------------+----------------+-------------------------------------------------------------------+--------+

[stage07] resource detail
+--------+------------+--------------+-------------+------------+-------------+
| device | metric     | before_bytes | after_bytes | peak_bytes | delta_bytes |
+--------+------------+--------------+-------------+------------+-------------+
| CPU    | cpu_heap   | 1445840      | 1613776     | 1613776    | 167936      |
| CPU    | rss        | 70221824     | 70672384    | 70672384   | 450560      |
| GPU    | cpu_heap   | 1613776      | 1748064     | 1748064    | 134288      |
| GPU    | rss        | 70672384     | 70672384    | 70672384   | 0           |
| GPU    | gpu_memory | 391544832    | 391544832   | 391544832  | 0           |
+--------+------------+--------------+-------------+------------+-------------+

[stage07] input content
+------------+---------+-------+----------+--------------------------------------------+---------------------------------------------------------------+
| input_name | shape   | dtype | elements | generator                                  | values(head4/tail2)                                           |
+------------+---------+-------+----------+--------------------------------------------+---------------------------------------------------------------+
| time       | [16384] | FP16  | 16384    | centered_time_minus16_to_16(32*i/(N-1)-16) | i=0:-16;i=1:-16;i=2:-16;i=3:-15.9921875;i=16382:16;i=16383:16 |
+------------+---------+-------+----------+--------------------------------------------+---------------------------------------------------------------+

[stage07] case parameters
+----------------------------------------------------------------+
| parameters                                                     |
+----------------------------------------------------------------+
| {"bw":0.2,"bwr_db":-6,"fc":0.05,"return_component":"in_phase"} |
+----------------------------------------------------------------+

[stage07] input and output identity
+--------+------------------------------------------------------------------+------------------------------------------------------------------+
| device | input_digest                                                     | output_digest                                                    |
+--------+------------------------------------------------------------------+------------------------------------------------------------------+
| CPU    | 3d22933a6005579d95f833039226aa1c27b9a0611e8545a7587931cc61cc0081 | 3b0b7dd5cd620151079a871a13282551d7099867c7a7df92098bdcb91b76abe1 |
| GPU    | 3d22933a6005579d95f833039226aa1c27b9a0611e8545a7587931cc61cc0081 | 3b0b7dd5cd620151079a871a13282551d7099867c7a7df92098bdcb91b76abe1 |
+--------+------------------------------------------------------------------+------------------------------------------------------------------+

[stage07] dtype evidence
+-----------------+--------------------+--------------+------------------------------------------------------------------+------------------------------------------------------------------+
| requested_dtype | config_input_dtype | output_dtype | typed_array_digest                                               | actual_input_digest                                              |
+-----------------+--------------------+--------------+------------------------------------------------------------------+------------------------------------------------------------------+
| FP16            | FP16               | FP16         | 195c2ade44805bcb9232ff7836848cc3ddfb37afe282708b531b0b399000e379 | 3d22933a6005579d95f833039226aa1c27b9a0611e8545a7587931cc61cc0081 |
+-----------------+--------------------+--------------+------------------------------------------------------------------+------------------------------------------------------------------+

[stage07] evidence files
+-------------+---------------------------------------------------------------------------------------------------------------------------------------------------------------------------------------------------------------------------------------+
| kind        | path                                                                                                                                                                                                                                  |
+-------------+---------------------------------------------------------------------------------------------------------------------------------------------------------------------------------------------------------------------------------------+
| main_csv    | /tmp/ZKX_dev/results/stage07_b02_formal_76c5b6f8b36d/formal/20260810T092021Z_76c5b6f8b36d_stage07_b02_formal_04902b88/operator_main_results_gausspulse_not_applicable_20260810T092021Z_76c5b6f8b36d_stage07_b02_formal_04902b88.csv   |
| timing_csv  | /tmp/ZKX_dev/results/stage07_b02_formal_76c5b6f8b36d/formal/20260810T092021Z_76c5b6f8b36d_stage07_b02_formal_04902b88/operator_timing_samples_gausspulse_not_applicable_20260810T092021Z_76c5b6f8b36d_stage07_b02_formal_04902b88.csv |
| memory_csv  | /tmp/ZKX_dev/results/stage07_b02_formal_76c5b6f8b36d/formal/20260810T092021Z_76c5b6f8b36d_stage07_b02_formal_04902b88/operator_waveforms_gausspulse_memory_trace_not_applicable.csv                                                   |
| dtype_csv   | /tmp/ZKX_dev/results/stage07_b02_formal_76c5b6f8b36d/formal/20260810T092021Z_76c5b6f8b36d_stage07_b02_formal_04902b88/operator_dtype_evidence_gausspulse_not_applicable_20260810T092021Z_76c5b6f8b36d_stage07_b02_formal_04902b88.csv |
| report_json | /tmp/ZKX_dev/results/stage07_b02_formal_76c5b6f8b36d/formal/20260810T092021Z_76c5b6f8b36d_stage07_b02_formal_04902b88/operator_gausspulse_report.json                                                                                 |
| summary_txt | /tmp/ZKX_dev/results/stage07_b02_formal_76c5b6f8b36d/formal/20260810T092021Z_76c5b6f8b36d_stage07_b02_formal_04902b88/operator_gausspulse_summary.txt                                                                                 |
| full_log    | /tmp/ZKX_dev/results/stage07_b02_formal_76c5b6f8b36d/formal/20260810T092021Z_76c5b6f8b36d_stage07_b02_formal_04902b88/operator_gausspulse_full.log                                                                                    |
| result_dir  | /tmp/ZKX_dev/results/stage07_b02_formal_76c5b6f8b36d/formal/20260810T092021Z_76c5b6f8b36d_stage07_b02_formal_04902b88                                                                                                                 |
+-------------+---------------------------------------------------------------------------------------------------------------------------------------------------------------------------------------------------------------------------------------+
