[stage07] identity and status
+---------+-------------------+--------+----------------+-------+--------+----------+--------------------------+--------+------------+
| target  | scale_id          | device | backend        | dtype | warmup | measured | timing_scope             | status | error_code |
+---------+-------------------+--------+----------------+-------+--------+----------+--------------------------+--------+------------+
| hamming | hamming_fp16_10e4 | CPU    | not_applicable | FP16  | 20     | 100      | compatibility/end-to-end | PASS   | OK         |
| hamming | hamming_fp16_10e4 | GPU    | not_applicable | FP16  | 20     | 100      | compatibility/end-to-end | PASS   | OK         |
+---------+-------------------+--------+----------------+-------+--------+----------+--------------------------+--------+------------+

[stage07] timing detail
+--------+------------+---------------------+------------+---------------------+----------+----------+----------------------+----------------------+--------------------+
| device | mean_ms    | p50_ms              | p95_ms     | p99_ms              | min_ms   | max_ms   | std_ms               | cv                   | speedup            |
+--------+------------+---------------------+------------+---------------------+----------+----------+----------------------+----------------------+--------------------+
| CPU    | 0.34889011 | 0.34746200000000005 | 0.35622345 | 0.37198671000000044 | 0.341902 | 0.460563 | 0.012029892677738234 | 0.03448046342654492  | NA                 |
| GPU    | 0.15067955 | 0.149801            | 0.1557035  | 0.17879120000000004 | 0.142371 | 0.183761 | 0.005915163864805438 | 0.039256580370763246 | 2.3154443320278033 |
+--------+------------+---------------------+------------+---------------------+----------+----------+----------------------+----------------------+--------------------+

[stage07] accuracy detail
+-----------------------------------+-------------+-------------+-------------+---------------+-------------+----------------+------------------------------------------------------------+--------+
| reference                         | mse         | rmse        | relative_l2 | relative_linf | exact_match | mismatch_count | semantic_check                                             | status |
+-----------------------------------+-------------+-------------+-------------+---------------+-------------+----------------+------------------------------------------------------------+--------+
| typed_cpu_task_resident_reference | 3.18972e-15 | 5.64776e-08 | 8.95949e-08 | 2.38419e-07   | NA          | NA             | output_count=10000;output_dtype=FP32;task_gpu_call=present | PASS   |
+-----------------------------------+-------------+-------------+-------------+---------------+-------------+----------------+------------------------------------------------------------+--------+

[stage07] resource detail
+--------+------------+--------------+-------------+------------+-------------+
| device | metric     | before_bytes | after_bytes | peak_bytes | delta_bytes |
+--------+------------+--------------+-------------+------------+-------------+
| CPU    | cpu_heap   | 1453408      | 1537280     | 1537280    | 83872       |
| CPU    | rss        | 71266304     | 71512064    | 71512064   | 245760      |
| GPU    | cpu_heap   | 1537376      | 1620464     | 1620464    | 83088       |
| GPU    | rss        | 71512064     | 71593984    | 71593984   | 81920       |
| GPU    | gpu_memory | 341000192    | 341000192   | 341000192  | 0           |
+--------+------------+--------------+-------------+------------+-------------+

[stage07] input content
+--------------+-------+-------+----------+-----------------------+---------------------------------+
| input_name   | shape | dtype | elements | generator             | values(head4/tail2)             |
+--------------+-------+-------+----------+-----------------------+---------------------------------+
| request_spec | [1]   | FP16  | 1        | typed_hamming_request | i=0:n=10000,sym=true,dtype=FP16 |
+--------------+-------+-------+----------+-----------------------+---------------------------------+

[stage07] case parameters
+-------------------------------------------------------------------------------------+
| parameters                                                                          |
+-------------------------------------------------------------------------------------+
| {"equivalent_work":"10^4","n":10000,"output_dtype":"FP32_TASK_RESIDENT","sym":true} |
+-------------------------------------------------------------------------------------+

[stage07] input and output identity
+--------+------------------------------------------------------------------+------------------------------------------------------------------+
| device | input_digest                                                     | output_digest                                                    |
+--------+------------------------------------------------------------------+------------------------------------------------------------------+
| CPU    | 55dce539ce6c16c52874f1922d5768365e56ff69e7c3e2c88e7f7c13b133a600 | f9546a5ccd980893d8c955e8a327d2b62d54680326d954643ea43524df6181a9 |
| GPU    | 55dce539ce6c16c52874f1922d5768365e56ff69e7c3e2c88e7f7c13b133a600 | a9895c5cb0dab1b83cf96476d6dc9349b3bb0c30605d967d2dbbaa589d07ca56 |
+--------+------------------------------------------------------------------+------------------------------------------------------------------+

[stage07] dtype evidence
+-----------------+--------------------+--------------+------------------------------------------------------------------+------------------------------------------------------------------+----------------------+
| requested_dtype | config_input_dtype | output_dtype | typed_array_digest                                               | actual_input_digest                                              | task_gpu_call_status |
+-----------------+--------------------+--------------+------------------------------------------------------------------+------------------------------------------------------------------+----------------------+
| FP16            | FP16               | FP32         | 505114fe537172ea35e17ca1a7516edac516a89b31f983f7c6387d5d2bb462aa | 55dce539ce6c16c52874f1922d5768365e56ff69e7c3e2c88e7f7c13b133a600 | proved_gpu_cpu       |
+-----------------+--------------------+--------------+------------------------------------------------------------------+------------------------------------------------------------------+----------------------+

[stage07] evidence files
+-------------+----------------------------------------------------------------------------------------------------------------------------------------------------------------------------------------------------------------------------------+
| kind        | path                                                                                                                                                                                                                             |
+-------------+----------------------------------------------------------------------------------------------------------------------------------------------------------------------------------------------------------------------------------+
| main_csv    | /tmp/ZKX_dev/results/stage07_b04_formal_v2_e6d8c17/formal/20260810T103324Z_e6d8c17f237e_stage07_b04_formal_48b60234/operator_main_results_hamming_not_applicable_20260810T103324Z_e6d8c17f237e_stage07_b04_formal_48b60234.csv   |
| timing_csv  | /tmp/ZKX_dev/results/stage07_b04_formal_v2_e6d8c17/formal/20260810T103324Z_e6d8c17f237e_stage07_b04_formal_48b60234/operator_timing_samples_hamming_not_applicable_20260810T103324Z_e6d8c17f237e_stage07_b04_formal_48b60234.csv |
| memory_csv  | /tmp/ZKX_dev/results/stage07_b04_formal_v2_e6d8c17/formal/20260810T103324Z_e6d8c17f237e_stage07_b04_formal_48b60234/operator_windows_hamming_memory_trace_not_applicable.csv                                                     |
| dtype_csv   | /tmp/ZKX_dev/results/stage07_b04_formal_v2_e6d8c17/formal/20260810T103324Z_e6d8c17f237e_stage07_b04_formal_48b60234/operator_dtype_evidence_hamming_not_applicable_20260810T103324Z_e6d8c17f237e_stage07_b04_formal_48b60234.csv |
| report_json | /tmp/ZKX_dev/results/stage07_b04_formal_v2_e6d8c17/formal/20260810T103324Z_e6d8c17f237e_stage07_b04_formal_48b60234/operator_hamming_report.json                                                                                 |
| summary_txt | /tmp/ZKX_dev/results/stage07_b04_formal_v2_e6d8c17/formal/20260810T103324Z_e6d8c17f237e_stage07_b04_formal_48b60234/operator_hamming_summary.txt                                                                                 |
| full_log    | /tmp/ZKX_dev/results/stage07_b04_formal_v2_e6d8c17/formal/20260810T103324Z_e6d8c17f237e_stage07_b04_formal_48b60234/operator_hamming_full.log                                                                                    |
| result_dir  | /tmp/ZKX_dev/results/stage07_b04_formal_v2_e6d8c17/formal/20260810T103324Z_e6d8c17f237e_stage07_b04_formal_48b60234                                                                                                              |
+-------------+----------------------------------------------------------------------------------------------------------------------------------------------------------------------------------------------------------------------------------+
STAGE07_FILTER_CASE PASS operator=hamming scale=hamming_fp16_10e4 dtype=FP16 backend=not_applicable measured=100 results=/tmp/ZKX_dev/results/stage07_b04_formal_v2_e6d8c17/formal/20260810T103324Z_e6d8c17f237e_stage07_b04_formal_48b60234
