[stage07] identity and status
+---------+--------------------+--------+----------------+-------+--------+----------+--------------------------+--------+------------+
| target  | scale_id           | device | backend        | dtype | warmup | measured | timing_scope             | status | error_code |
+---------+--------------------+--------+----------------+-------+--------+----------+--------------------------+--------+------------+
| hamming | hamming_int32_10e4 | CPU    | not_applicable | INT32 | 20     | 100      | compatibility/end-to-end | PASS   | OK         |
| hamming | hamming_int32_10e4 | GPU    | not_applicable | INT32 | 20     | 100      | compatibility/end-to-end | PASS   | OK         |
+---------+--------------------+--------+----------------+-------+--------+----------+--------------------------+--------+------------+

[stage07] timing detail
+--------+---------------------+-----------+------------+---------------------+----------+----------+----------------------+---------------------+-------------------+
| device | mean_ms             | p50_ms    | p95_ms     | p99_ms              | min_ms   | max_ms   | std_ms               | cv                  | speedup           |
+--------+---------------------+-----------+------------+---------------------+----------+----------+----------------------+---------------------+-------------------+
| CPU    | 0.34824250999999995 | 0.3447475 | 0.36047495 | 0.4214864000000001  | 0.341242 | 0.435683 | 0.013734498562011649 | 0.03943946579644068 | NA                |
| GPU    | 0.14896635          | 0.148191  | 0.1527135  | 0.16580331000000018 | 0.142511 | 0.199692 | 0.006043062952468725 | 0.04056663100404034 | 2.337726003221533 |
+--------+---------------------+-----------+------------+---------------------+----------+----------+----------------------+---------------------+-------------------+

[stage07] accuracy detail
+-----------------------------------+-------------+-------------+-------------+---------------+-------------+----------------+------------------------------------------------------------+--------+
| reference                         | mse         | rmse        | relative_l2 | relative_linf | exact_match | mismatch_count | semantic_check                                             | status |
+-----------------------------------+-------------+-------------+-------------+---------------+-------------+----------------+------------------------------------------------------------+--------+
| typed_cpu_task_resident_reference | 3.18972e-15 | 5.64776e-08 | 8.95949e-08 | 2.38419e-07   | NA          | NA             | output_count=10000;output_dtype=FP32;task_gpu_call=present | PASS   |
+-----------------------------------+-------------+-------------+-------------+---------------+-------------+----------------+------------------------------------------------------------+--------+

[stage07] resource detail
+--------+------------+--------------+-------------+------------+-------------+
| device | metric     | before_bytes | after_bytes | peak_bytes | delta_bytes |
+--------+------------+--------------+-------------+------------+-------------+
| CPU    | cpu_heap   | 1453552      | 1537424     | 1537424    | 83872       |
| CPU    | rss        | 70422528     | 70668288    | 70668288   | 245760      |
| GPU    | cpu_heap   | 1537520      | 1620528     | 1620528    | 83008       |
| GPU    | rss        | 70668288     | 70750208    | 70750208   | 81920       |
| GPU    | gpu_memory | 341000192    | 341000192   | 341000192  | 0           |
+--------+------------+--------------+-------------+------------+-------------+

[stage07] input content
+--------------+-------+-------+----------+-----------------------+----------------------------------+
| input_name   | shape | dtype | elements | generator             | values(head4/tail2)              |
+--------------+-------+-------+----------+-----------------------+----------------------------------+
| request_spec | [1]   | INT32 | 1        | typed_hamming_request | i=0:n=10000,sym=true,dtype=INT32 |
+--------------+-------+-------+----------+-----------------------+----------------------------------+

[stage07] case parameters
+-------------------------------------------------------------------------------------+
| parameters                                                                          |
+-------------------------------------------------------------------------------------+
| {"equivalent_work":"10^4","n":10000,"output_dtype":"FP32_TASK_RESIDENT","sym":true} |
+-------------------------------------------------------------------------------------+

[stage07] input and output identity
+--------+------------------------------------------------------------------+------------------------------------------------------------------+
| device | input_digest                                                     | output_digest                                                    |
+--------+------------------------------------------------------------------+------------------------------------------------------------------+
| CPU    | bd2e203f85b325875c61b24fd98e597607f066e61dcc774129c5fa9e55b46d7b | f9546a5ccd980893d8c955e8a327d2b62d54680326d954643ea43524df6181a9 |
| GPU    | bd2e203f85b325875c61b24fd98e597607f066e61dcc774129c5fa9e55b46d7b | a9895c5cb0dab1b83cf96476d6dc9349b3bb0c30605d967d2dbbaa589d07ca56 |
+--------+------------------------------------------------------------------+------------------------------------------------------------------+

[stage07] dtype evidence
+-----------------+--------------------+--------------+------------------------------------------------------------------+------------------------------------------------------------------+----------------------+
| requested_dtype | config_input_dtype | output_dtype | typed_array_digest                                               | actual_input_digest                                              | task_gpu_call_status |
+-----------------+--------------------+--------------+------------------------------------------------------------------+------------------------------------------------------------------+----------------------+
| INT32           | INT32              | FP32         | 67abdd721024f0ff4e0b3f4c2fc13bc5bad42d0b7851d456d88d203d15aaa450 | bd2e203f85b325875c61b24fd98e597607f066e61dcc774129c5fa9e55b46d7b | proved_gpu_cpu       |
+-----------------+--------------------+--------------+------------------------------------------------------------------+------------------------------------------------------------------+----------------------+

[stage07] evidence files
+-------------+----------------------------------------------------------------------------------------------------------------------------------------------------------------------------------------------------------------------------------+
| kind        | path                                                                                                                                                                                                                             |
+-------------+----------------------------------------------------------------------------------------------------------------------------------------------------------------------------------------------------------------------------------+
| main_csv    | /tmp/ZKX_dev/results/stage07_b04_formal_v2_e6d8c17/formal/20260810T103324Z_e6d8c17f237e_stage07_b04_formal_f1683fe7/operator_main_results_hamming_not_applicable_20260810T103324Z_e6d8c17f237e_stage07_b04_formal_f1683fe7.csv   |
| timing_csv  | /tmp/ZKX_dev/results/stage07_b04_formal_v2_e6d8c17/formal/20260810T103324Z_e6d8c17f237e_stage07_b04_formal_f1683fe7/operator_timing_samples_hamming_not_applicable_20260810T103324Z_e6d8c17f237e_stage07_b04_formal_f1683fe7.csv |
| memory_csv  | /tmp/ZKX_dev/results/stage07_b04_formal_v2_e6d8c17/formal/20260810T103324Z_e6d8c17f237e_stage07_b04_formal_f1683fe7/operator_windows_hamming_memory_trace_not_applicable.csv                                                     |
| dtype_csv   | /tmp/ZKX_dev/results/stage07_b04_formal_v2_e6d8c17/formal/20260810T103324Z_e6d8c17f237e_stage07_b04_formal_f1683fe7/operator_dtype_evidence_hamming_not_applicable_20260810T103324Z_e6d8c17f237e_stage07_b04_formal_f1683fe7.csv |
| report_json | /tmp/ZKX_dev/results/stage07_b04_formal_v2_e6d8c17/formal/20260810T103324Z_e6d8c17f237e_stage07_b04_formal_f1683fe7/operator_hamming_report.json                                                                                 |
| summary_txt | /tmp/ZKX_dev/results/stage07_b04_formal_v2_e6d8c17/formal/20260810T103324Z_e6d8c17f237e_stage07_b04_formal_f1683fe7/operator_hamming_summary.txt                                                                                 |
| full_log    | /tmp/ZKX_dev/results/stage07_b04_formal_v2_e6d8c17/formal/20260810T103324Z_e6d8c17f237e_stage07_b04_formal_f1683fe7/operator_hamming_full.log                                                                                    |
| result_dir  | /tmp/ZKX_dev/results/stage07_b04_formal_v2_e6d8c17/formal/20260810T103324Z_e6d8c17f237e_stage07_b04_formal_f1683fe7                                                                                                              |
+-------------+----------------------------------------------------------------------------------------------------------------------------------------------------------------------------------------------------------------------------------+
STAGE07_FILTER_CASE PASS operator=hamming scale=hamming_int32_10e4 dtype=INT32 backend=not_applicable measured=100 results=/tmp/ZKX_dev/results/stage07_b04_formal_v2_e6d8c17/formal/20260810T103324Z_e6d8c17f237e_stage07_b04_formal_f1683fe7
