command=build_stage08_b07_morlet2_90c7905b71ff/stage08_wavelets_morlet2 --dtype INT32 --n 1024 --frequency 6 --scale 2 --warmup 20 --measured 100 --output /tmp/ZKX_dev/results/stage08_input_preview_b07_morlet2_ed9b9505e41d/formal/20260810T090729Z_ed9b9505e41d_stage08_b07_formal_87520007/morlet2_probe_raw.json
{"run_id": "20260810T090729Z_ed9b9505e41d_stage08_b07_formal_87520007", "case_id": "morlet2__morlet2_int32_10e3__b2687d44af72301b", "operator_name": "morlet2", "scale_id": "morlet2_int32_10e3", "requested_dtype": "INT32", "output_dtype": "ComplexFP64", "backend": "not_applicable", "n": 1024, "frequency": 6, "scale": 2, "output_count": 1024, "warmup_runs": 20, "measured_runs": 100, "mse": 1.62417e-18, "rmse": 1.27443e-09, "relative_l2": 5.7674e-08, "relative_linf": 7.47485e-08, "status": "PASS", "error_code": "OK"}
[stage08] identity and status
+---------+--------------------+--------+----------------+-------+--------+----------+--------------------------+--------+------------+
| target  | scale_id           | device | backend        | dtype | warmup | measured | timing_scope             | status | error_code |
+---------+--------------------+--------+----------------+-------+--------+----------+--------------------------+--------+------------+
| morlet2 | morlet2_int32_10e3 | CPU    | not_applicable | INT32 | 20     | 100      | compatibility/end-to-end | PASS   | OK         |
| morlet2 | morlet2_int32_10e3 | GPU    | not_applicable | INT32 | 20     | 100      | compatibility/end-to-end | PASS   | OK         |
+---------+--------------------+--------+----------------+-------+--------+----------+--------------------------+--------+------------+

[stage08] timing detail
+--------+---------------------+---------------------+---------------------+--------------------+----------+----------+---------------------+---------------------+--------------------+
| device | mean_ms             | p50_ms              | p95_ms              | p99_ms             | min_ms   | max_ms   | std_ms              | cv                  | speedup            |
+--------+---------------------+---------------------+---------------------+--------------------+----------+----------+---------------------+---------------------+--------------------+
| CPU    | 0.09864853999999999 | 0.09821550000000001 | 0.09932550000000001 | 0.11003379         | 0.097411 | 0.11031  | 0.00203023491458501 | 0.02058048618443831 | NA                 |
| GPU    | 0.26677354999999997 | 0.2608815           | 0.30990049999999997 | 0.3369882000000002 | 0.256781 | 0.376212 | 0.01902822839750196 | 0.07132726763017534 | 0.3697838110262431 |
+--------+---------------------+---------------------+---------------------+--------------------+----------+----------+---------------------+---------------------+--------------------+

[stage08] accuracy detail
+--------------------------+-------------+-------------+-------------+---------------+-------------+----------------+-------------------+--------+
| accuracy_reference       | mse         | rmse        | relative_l2 | relative_linf | exact_match | mismatch_count | semantic_check    | status |
+--------------------------+-------------+-------------+-------------+---------------+-------------+----------------+-------------------+--------+
| cpu_morlet2_complex_fp64 | 1.62417e-18 | 1.27443e-09 | 5.7674e-08  | 7.47485e-08   | NA          | NA             | output_count=1024 | PASS   |
+--------------------------+-------------+-------------+-------------+---------------+-------------+----------------+-------------------+--------+

[stage08] resource detail
+--------+------------+--------------+-------------+------------+-------------+
| device | metric     | before_bytes | after_bytes | peak_bytes | delta_bytes |
+--------+------------+--------------+-------------+------------+-------------+
| CPU    | cpu_heap   | 1399680      | 1435856     | 1435856    | 36176       |
| CPU    | rss        | 69906432     | 69967872    | 69967872   | 61440       |
| GPU    | cpu_heap   | 1435856      | 1455168     | 1455168    | 19312       |
| GPU    | rss        | 69967872     | 69967872    | 69967872   | 0           |
| GPU    | gpu_memory | 341000192    | 341000192   | 341000192  | 0           |
+--------+------------+--------------+-------------+------------+-------------+

[stage08] input/output identity
+--------+------------------------------------------------------------------+------------------------------------------------------------------+
| device | input_digest                                                     | output_digest                                                    |
+--------+------------------------------------------------------------------+------------------------------------------------------------------+
| CPU    | b2687d44af72301b72db554024256951709d1a26ab9b65838dc543a436b0734a | 9dbc69ae72cd18e595bd0bb71e0a535634ebe1ccaaca51b73936276657ddfe64 |
| GPU    | b2687d44af72301b72db554024256951709d1a26ab9b65838dc543a436b0734a | b8ccce89e436f08504c0d1322910211a7f0cfccc017aac820089f7f1ab2d1614 |
+--------+------------------------------------------------------------------+------------------------------------------------------------------+

[stage08] input content
+------------+--------+-------+----------+-------------------------+---------------------+
| input_name | shape  | dtype | elements | generator               | values(head4/tail2) |
+------------+--------+-------+----------+-------------------------+---------------------+
| frequency  | scalar | INT32 | 1        | configured_typed_scalar | i=0:6               |
| scale      | scalar | INT32 | 1        | configured_typed_scalar | i=0:2               |
+------------+--------+-------+----------+-------------------------+---------------------+

[stage08] case parameters
+----------------------------------------------------------+
| parameters                                               |
+----------------------------------------------------------+
| {"dtype":"INT32","frequency":"6","n":"1024","scale":"2"} |
+----------------------------------------------------------+

[stage08] dtype evidence
+-----------------+--------------------+--------------+------------------------------------------------------------------+--------+
| requested_dtype | config_input_dtype | output_dtype | actual_input_digest                                              | status |
+-----------------+--------------------+--------------+------------------------------------------------------------------+--------+
| INT32           | NA                 | ComplexFP64  | b2687d44af72301b72db554024256951709d1a26ab9b65838dc543a436b0734a | PASS   |
+-----------------+--------------------+--------------+------------------------------------------------------------------+--------+

[stage08] evidence files
+----------------+---------------------------------------------------------------------------------------------------------------------------------------------------------------------------------------------------------------------------------------------------+
| kind           | path                                                                                                                                                                                                                                              |
+----------------+---------------------------------------------------------------------------------------------------------------------------------------------------------------------------------------------------------------------------------------------------+
| probe_raw_json | /tmp/ZKX_dev/results/stage08_input_preview_b07_morlet2_ed9b9505e41d/formal/20260810T090729Z_ed9b9505e41d_stage08_b07_formal_87520007/morlet2_probe_raw.json                                                                                       |
| dtype_csv      | /tmp/ZKX_dev/results/stage08_input_preview_b07_morlet2_ed9b9505e41d/formal/20260810T090729Z_ed9b9505e41d_stage08_b07_formal_87520007/operator_dtype_evidence_morlet2_not_applicable_20260810T090729Z_ed9b9505e41d_stage08_b07_formal_87520007.csv |
| main_csv       | /tmp/ZKX_dev/results/stage08_input_preview_b07_morlet2_ed9b9505e41d/formal/20260810T090729Z_ed9b9505e41d_stage08_b07_formal_87520007/operator_main_results_morlet2_not_applicable_20260810T090729Z_ed9b9505e41d_stage08_b07_formal_87520007.csv   |
| full_log       | /tmp/ZKX_dev/results/stage08_input_preview_b07_morlet2_ed9b9505e41d/formal/20260810T090729Z_ed9b9505e41d_stage08_b07_formal_87520007/operator_morlet2_full.log                                                                                    |
| report_json    | /tmp/ZKX_dev/results/stage08_input_preview_b07_morlet2_ed9b9505e41d/formal/20260810T090729Z_ed9b9505e41d_stage08_b07_formal_87520007/operator_morlet2_report.json                                                                                 |
| summary_txt    | /tmp/ZKX_dev/results/stage08_input_preview_b07_morlet2_ed9b9505e41d/formal/20260810T090729Z_ed9b9505e41d_stage08_b07_formal_87520007/operator_morlet2_summary.txt                                                                                 |
| timing_csv     | /tmp/ZKX_dev/results/stage08_input_preview_b07_morlet2_ed9b9505e41d/formal/20260810T090729Z_ed9b9505e41d_stage08_b07_formal_87520007/operator_timing_samples_morlet2_not_applicable_20260810T090729Z_ed9b9505e41d_stage08_b07_formal_87520007.csv |
| memory_csv     | /tmp/ZKX_dev/results/stage08_input_preview_b07_morlet2_ed9b9505e41d/formal/20260810T090729Z_ed9b9505e41d_stage08_b07_formal_87520007/operator_wavelets_morlet2_memory_trace_not_applicable.csv                                                    |
+----------------+---------------------------------------------------------------------------------------------------------------------------------------------------------------------------------------------------------------------------------------------------+
