command=build_stage08_b04_upfirdn_8c1bc3832603/stage08_filtering_upfirdn --dtype FP32 --rank 2 --rows 32 --cols 32 --taps 7 --axis 1 --up 3 --down 2 --seed 84410002 --warmup 20 --measured 100 --output /tmp/ZKX_dev/results/stage08_input_preview_b04_upfirdn_db927ed96663/formal/20260810T083722Z_db927ed96663_stage08_b04_formal_b4050002/upfirdn_probe_raw.json
STAGE08_UPFIRDN_PROBE PASS dtype=FP32 backend=not_applicable
{"actual_input_digest": "dce29283d772c6a3999dbd23868530f983f9b29ae9c27c6ebf1b07cfde4b7983", "axis": 1, "backend": "not_applicable", "case_id": "upfirdn__upfirdn_fp32_10e3__dce29283d772c6a3", "compute_dtype": "FP32", "down": 2, "dtype_semantics": "actual_same_dtype_h_x_arrays", "error_code": "OK", "fft_dtype": "not_applicable", "measured_runs": 100, "mse": 0, "operator_name": "upfirdn", "output_dtype": "FP32", "rank": 2, "relative_l2": 0, "relative_linf": 0, "requested_dtype": "FP32", "rmse": 0, "run_id": "20260810T083722Z_db927ed96663_stage08_b04_formal_b4050002", "scale_id": "upfirdn_fp32_10e3", "schema_version": 1, "status": "PASS", "tap_count": 7, "typed_input_count": 2, "typed_input_names": "h|x", "up": 3, "warmup_runs": 20}
[stage08] identity and status
+---------+-------------------+--------+----------------+-------+--------+----------+--------------------------+--------+------------+
| target  | scale_id          | device | backend        | dtype | warmup | measured | timing_scope             | status | error_code |
+---------+-------------------+--------+----------------+-------+--------+----------+--------------------------+--------+------------+
| upfirdn | upfirdn_fp32_10e3 | CPU    | not_applicable | FP32  | 20     | 100      | compatibility/end-to-end | PASS   | OK         |
| upfirdn | upfirdn_fp32_10e3 | GPU    | not_applicable | FP32  | 20     | 100      | compatibility/end-to-end | PASS   | OK         |
+---------+-------------------+--------+----------------+-------+--------+----------+--------------------------+--------+------------+

[stage08] timing detail
+--------+------------+---------------------+---------------------+---------------------+---------------------+--------------------+-----------------------+----------------------+---------------------+
| device | mean_ms    | p50_ms              | p95_ms              | p99_ms              | min_ms              | max_ms             | std_ms                | cv                   | speedup             |
+--------+------------+---------------------+---------------------+---------------------+---------------------+--------------------+-----------------------+----------------------+---------------------+
| CPU    | 0.10395503 | 0.10379099999999999 | 0.10398155000000001 | 0.11095421          | 0.10358100000000001 | 0.112361           | 0.0011102320609224002 | 0.010679926319317114 | NA                  |
| GPU    | 0.49541541 | 0.47920200000000002 | 0.5559424999999999  | 0.71994071000000159 | 0.46870299999999998 | 1.0265150000000001 | 0.063412182641523235  | 0.12799800200305281  | 0.20983406632425908 |
+--------+------------+---------------------+---------------------+---------------------+---------------------+--------------------+-----------------------+----------------------+---------------------+

[stage08] accuracy detail
+--------------------------------+-----+------+-------------+---------------+-------------+----------------+--------------------------------------------------------------------------------------+--------+
| accuracy_reference             | mse | rmse | relative_l2 | relative_linf | exact_match | mismatch_count | semantic_check                                                                       | status |
+--------------------------------+-----+------+-------------+---------------+-------------+----------------+--------------------------------------------------------------------------------------+--------+
| cpu_causal_polyphase_reference | 0   | 0    | 0           | 0             | NA          | NA             | causal_polyphase_shape_ratio_axis_and_output_dtype_match_cpu:ratio=3/2;axis=1;taps=7 | PASS   |
+--------------------------------+-----+------+-------------+---------------+-------------+----------------+--------------------------------------------------------------------------------------+--------+

[stage08] resource detail
+--------+------------+--------------+-------------+------------+-------------+
| device | metric     | before_bytes | after_bytes | peak_bytes | delta_bytes |
+--------+------------+--------------+-------------+------------+-------------+
| CPU    | cpu_heap   | 1458928      | 1461664     | 1468080    | 2736        |
| CPU    | rss        | 70451200     | 70451200    | 70451200   | 0           |
| GPU    | cpu_heap   | 1463504      | 1480112     | 1480112    | 16608       |
| GPU    | rss        | 70451200     | 70451200    | 70451200   | 0           |
| GPU    | gpu_memory | 408322048    | 408322048   | 408322048  | 0           |
+--------+------------+--------------+-------------+------------+-------------+

[stage08] input/output identity
+--------+------------------------------------------------------------------+------------------------------------------------------------------+
| device | input_digest                                                     | output_digest                                                    |
+--------+------------------------------------------------------------------+------------------------------------------------------------------+
| CPU    | dce29283d772c6a3999dbd23868530f983f9b29ae9c27c6ebf1b07cfde4b7983 | 37b2943e97611c985f586291ec5fa6f86945f12490ae7f938fbef4696320fb0e |
| GPU    | dce29283d772c6a3999dbd23868530f983f9b29ae9c27c6ebf1b07cfde4b7983 | 37b2943e97611c985f586291ec5fa6f86945f12490ae7f938fbef4696320fb0e |
+--------+------------------------------------------------------------------+------------------------------------------------------------------+

[stage08] input content
+------------+---------+-------+----------+-----------------------------------------------+------------------------------------------------------+
| input_name | shape   | dtype | elements | generator                                     | values(head4/tail2)                                  |
+------------+---------+-------+----------+-----------------------------------------------+------------------------------------------------------+
| h          | [7]     | FP32  | 7        | upfirdn_modular(seed=84410003,integral=false) | i=0:-0.5;i=1:-0.75;i=2:-1;i=3:1;i=5:0.5;i=6:0.25     |
| x          | [32x32] | FP32  | 1024     | upfirdn_modular(seed=84410002,integral=false) | i=0:-0.75;i=1:-1;i=2:1;i=3:0.75;i=1022:0.25;i=1023:0 |
+------------+---------+-------+----------+-----------------------------------------------+------------------------------------------------------+

[stage08] case parameters
+-----------------------------------------------------------------------------------------------------------------+
| parameters                                                                                                      |
+-----------------------------------------------------------------------------------------------------------------+
| {"axis":"1","cols":"32","down":"2","dtype":"FP32","rank":"2","rows":"32","seed":"84410002","taps":"7","up":"3"} |
+-----------------------------------------------------------------------------------------------------------------+

[stage08] dtype evidence
+-----------------+--------------------+--------------+------------------------------------------------------------------+--------+
| requested_dtype | config_input_dtype | output_dtype | actual_input_digest                                              | status |
+-----------------+--------------------+--------------+------------------------------------------------------------------+--------+
| FP32            | NA                 | FP32         | dce29283d772c6a3999dbd23868530f983f9b29ae9c27c6ebf1b07cfde4b7983 | PASS   |
+-----------------+--------------------+--------------+------------------------------------------------------------------+--------+

[stage08] evidence files
+----------------+---------------------------------------------------------------------------------------------------------------------------------------------------------------------------------------------------------------------------------------------------+
| kind           | path                                                                                                                                                                                                                                              |
+----------------+---------------------------------------------------------------------------------------------------------------------------------------------------------------------------------------------------------------------------------------------------+
| dtype_csv      | /tmp/ZKX_dev/results/stage08_input_preview_b04_upfirdn_db927ed96663/formal/20260810T083722Z_db927ed96663_stage08_b04_formal_b4050002/operator_dtype_evidence_upfirdn_not_applicable_20260810T083722Z_db927ed96663_stage08_b04_formal_b4050002.csv |
| memory_csv     | /tmp/ZKX_dev/results/stage08_input_preview_b04_upfirdn_db927ed96663/formal/20260810T083722Z_db927ed96663_stage08_b04_formal_b4050002/operator_filtering_upfirdn_memory_trace_not_applicable.csv                                                   |
| main_csv       | /tmp/ZKX_dev/results/stage08_input_preview_b04_upfirdn_db927ed96663/formal/20260810T083722Z_db927ed96663_stage08_b04_formal_b4050002/operator_main_results_upfirdn_not_applicable_20260810T083722Z_db927ed96663_stage08_b04_formal_b4050002.csv   |
| timing_csv     | /tmp/ZKX_dev/results/stage08_input_preview_b04_upfirdn_db927ed96663/formal/20260810T083722Z_db927ed96663_stage08_b04_formal_b4050002/operator_timing_samples_upfirdn_not_applicable_20260810T083722Z_db927ed96663_stage08_b04_formal_b4050002.csv |
| full_log       | /tmp/ZKX_dev/results/stage08_input_preview_b04_upfirdn_db927ed96663/formal/20260810T083722Z_db927ed96663_stage08_b04_formal_b4050002/operator_upfirdn_full.log                                                                                    |
| report_json    | /tmp/ZKX_dev/results/stage08_input_preview_b04_upfirdn_db927ed96663/formal/20260810T083722Z_db927ed96663_stage08_b04_formal_b4050002/operator_upfirdn_report.json                                                                                 |
| summary_txt    | /tmp/ZKX_dev/results/stage08_input_preview_b04_upfirdn_db927ed96663/formal/20260810T083722Z_db927ed96663_stage08_b04_formal_b4050002/operator_upfirdn_summary.txt                                                                                 |
| probe_raw_json | /tmp/ZKX_dev/results/stage08_input_preview_b04_upfirdn_db927ed96663/formal/20260810T083722Z_db927ed96663_stage08_b04_formal_b4050002/upfirdn_probe_raw.json                                                                                       |
+----------------+---------------------------------------------------------------------------------------------------------------------------------------------------------------------------------------------------------------------------------------------------+
