[stage07] identity and status
+---------+----------------+--------+------------+-------+--------+----------+--------------------------+--------+------------+
| target  | scale_id       | device | backend    | dtype | warmup | measured | timing_scope             | status | error_code |
+---------+----------------+--------+------------+-------+--------+----------+--------------------------+--------+------------+
| ambgfun | amb_int32_10e2 | CPU    | fft_thrust | INT32 | 20     | 100      | compatibility/end-to-end | PASS   | OK         |
| ambgfun | amb_int32_10e2 | GPU    | fft_thrust | INT32 | 20     | 100      | compatibility/end-to-end | PASS   | OK         |
+---------+----------------+--------+------------+-------+--------+----------+--------------------------+--------+------------+

[stage07] timing detail
+--------+--------------------+-----------+--------------------+--------------------+----------+----------+---------------------+---------------------+--------------------+
| device | mean_ms            | p50_ms    | p95_ms             | p99_ms             | min_ms   | max_ms   | std_ms              | cv                  | speedup            |
+--------+--------------------+-----------+--------------------+--------------------+----------+----------+---------------------+---------------------+--------------------+
| CPU    | 0.84252751         | 0.823708  | 0.95009205         | 1.0603609000000007 | 0.822378 | 1.214098 | 0.05365395965881641 | 0.06368214571274522 | NA                 |
| GPU    | 0.7056685500000001 | 0.6977685 | 0.7799119999999999 | 0.8543926000000003 | 0.633469 | 0.910189 | 0.03893066720013286 | 0.05516848837904545 | 1.1939422693557762 |
+--------+--------------------+-----------+--------------------+--------------------+----------+----------+---------------------+---------------------+--------------------+

[stage07] accuracy detail
+---------------------+-------------+-------------+-------------+---------------+-------------+----------------+---------------------------------+--------+
| reference           | mse         | rmse        | relative_l2 | relative_linf | exact_match | mismatch_count | semantic_check                  | status |
+---------------------+-------------+-------------+-------------+---------------+-------------+----------------+---------------------------------+--------+
| typed_cpu_reference | 5.44857e-16 | 2.33422e-08 | 1.29964e-07 | 1.19209e-07   | NA          | NA             | typed_output_shape_dtype_finite | PASS   |
+---------------------+-------------+-------------+-------------+---------------+-------------+----------------+---------------------------------+--------+

[stage07] resource detail
+--------+------------+--------------+-------------+------------+-------------+
| device | metric     | before_bytes | after_bytes | peak_bytes | delta_bytes |
+--------+------------+--------------+-------------+------------+-------------+
| CPU    | cpu_heap   | 1547936      | 1543344     | 1550176    | -4592       |
| CPU    | rss        | 70672384     | 70672384    | 70672384   | 0           |
| GPU    | cpu_heap   | 1543344      | 1546960     | 1546960    | 3616        |
| GPU    | rss        | 70672384     | 70672384    | 70672384   | 0           |
| GPU    | gpu_memory | 357777408    | 357777408   | 357777408  | 0           |
+--------+------------+--------------+-------------+------------+-------------+

[stage07] input content
+------------+-------+--------------+----------+----------------------------------------+--------------------------------------------------------------------+
| input_name | shape | dtype        | elements | generator                              | values(head4/tail2)                                                |
+------------+-------+--------------+----------+----------------------------------------+--------------------------------------------------------------------+
| waveform   | [16]  | ComplexINT32 | 16       | complex_modular(seed=19,integral=true) | i=0:(3,-3);i=1:(5,4);i=2:(-4,2);i=3:(-2,0);i=14:(-2,-4);i=15:(0,3) |
+------------+-------+--------------+----------+----------------------------------------+--------------------------------------------------------------------+

[stage07] case parameters
+--------------------------------------------------------------+
| parameters                                                   |
+--------------------------------------------------------------+
| {"cut":"2d","expected_output_shape":[31,32],"fs":16,"prf":8} |
+--------------------------------------------------------------+

[stage07] input and output identity
+--------+------------------------------------------------------------------+------------------------------------------------------------------+
| device | input_digest                                                     | output_digest                                                    |
+--------+------------------------------------------------------------------+------------------------------------------------------------------+
| CPU    | 8cc2533d558e5a7303061229fd92d83dee51383f95ef42e8f6de67737badb475 | 277848123a7c9ad37946c654e96a785686796d59bf6ef583b0e3f508a96b62a4 |
| GPU    | 8cc2533d558e5a7303061229fd92d83dee51383f95ef42e8f6de67737badb475 | e8c0cf4e63a9da39e7c5bbc02155a6e3e1761a239cf2c2af270ff8167f9d1623 |
+--------+------------------------------------------------------------------+------------------------------------------------------------------+

[stage07] dtype evidence
+-----------------+--------------------+--------------+------------------------------------------------------------------+
| requested_dtype | config_input_dtype | output_dtype | actual_input_digest                                              |
+-----------------+--------------------+--------------+------------------------------------------------------------------+
| INT32           | ComplexINT32       | FP64         | 8cc2533d558e5a7303061229fd92d83dee51383f95ef42e8f6de67737badb475 |
+-----------------+--------------------+--------------+------------------------------------------------------------------+

[stage07] evidence files
+-------------+---------------------------------------------------------------------------------------------------------------------------------------------------------------------------------------------------------------------------------------+
| kind        | path                                                                                                                                                                                                                                  |
+-------------+---------------------------------------------------------------------------------------------------------------------------------------------------------------------------------------------------------------------------------------+
| main_csv    | /tmp/ZKX_dev/results/stage07_b01_input_preview_1662dd06774d/formal/20260810T081229Z_1662dd06774d_stage07_b01_formal_d8d7005c/operator_main_results_ambgfun_fft_thrust_20260810T081229Z_1662dd06774d_stage07_b01_formal_d8d7005c.csv   |
| timing_csv  | /tmp/ZKX_dev/results/stage07_b01_input_preview_1662dd06774d/formal/20260810T081229Z_1662dd06774d_stage07_b01_formal_d8d7005c/operator_timing_samples_ambgfun_fft_thrust_20260810T081229Z_1662dd06774d_stage07_b01_formal_d8d7005c.csv |
| memory_csv  | /tmp/ZKX_dev/results/stage07_b01_input_preview_1662dd06774d/formal/20260810T081229Z_1662dd06774d_stage07_b01_formal_d8d7005c/operator_radartools_ambgfun_memory_trace_fft_thrust.csv                                                  |
| dtype_csv   | /tmp/ZKX_dev/results/stage07_b01_input_preview_1662dd06774d/formal/20260810T081229Z_1662dd06774d_stage07_b01_formal_d8d7005c/operator_dtype_evidence_ambgfun_fft_thrust_20260810T081229Z_1662dd06774d_stage07_b01_formal_d8d7005c.csv |
| report_json | /tmp/ZKX_dev/results/stage07_b01_input_preview_1662dd06774d/formal/20260810T081229Z_1662dd06774d_stage07_b01_formal_d8d7005c/operator_ambgfun_report.json                                                                             |
| summary_txt | /tmp/ZKX_dev/results/stage07_b01_input_preview_1662dd06774d/formal/20260810T081229Z_1662dd06774d_stage07_b01_formal_d8d7005c/operator_ambgfun_summary.txt                                                                             |
| full_log    | /tmp/ZKX_dev/results/stage07_b01_input_preview_1662dd06774d/formal/20260810T081229Z_1662dd06774d_stage07_b01_formal_d8d7005c/operator_ambgfun_full.log                                                                                |
| result_dir  | /tmp/ZKX_dev/results/stage07_b01_input_preview_1662dd06774d/formal/20260810T081229Z_1662dd06774d_stage07_b01_formal_d8d7005c                                                                                                          |
+-------------+---------------------------------------------------------------------------------------------------------------------------------------------------------------------------------------------------------------------------------------+
STAGE07_RADAR_CASE PASS operator=ambgfun scale=amb_int32_10e2 dtype=INT32 backend=fft_thrust measured=100 results=/tmp/ZKX_dev/results/stage07_b01_input_preview_1662dd06774d/formal/20260810T081229Z_1662dd06774d_stage07_b01_formal_d8d7005c
