[stage07] identity and status
+---------+---------------+--------+------------+-------+--------+----------+--------------------------+--------+------------+
| target  | scale_id      | device | backend    | dtype | warmup | measured | timing_scope             | status | error_code |
+---------+---------------+--------+------------+-------+--------+----------+--------------------------+--------+------------+
| ambgfun | amb_fp32_10e2 | CPU    | fft_thrust | FP32  | 20     | 100      | compatibility/end-to-end | PASS   | OK         |
| ambgfun | amb_fp32_10e2 | GPU    | fft_thrust | FP32  | 20     | 100      | compatibility/end-to-end | PASS   | OK         |
+---------+---------------+--------+------------+-------+--------+----------+--------------------------+--------+------------+

[stage07] timing detail
+--------+------------+---------------------+------------+--------------------+----------+----------+---------------------+---------------------+--------------------+
| device | mean_ms    | p50_ms              | p95_ms     | p99_ms             | min_ms   | max_ms   | std_ms              | cv                  | speedup            |
+--------+------------+---------------------+------------+--------------------+----------+----------+---------------------+---------------------+--------------------+
| CPU    | 0.84185243 | 0.836009            | 0.85018505 | 0.8598436900000017 | 0.834578 | 1.184137 | 0.03474494574646937 | 0.0412720145577882  | NA                 |
| GPU    | 0.5016237  | 0.49787400000000004 | 0.5159315  | 0.5566362000000008 | 0.487419 | 0.713769 | 0.02316038222374579 | 0.04617082929643434 | 1.6782548950538023 |
+--------+------------+---------------------+------------+--------------------+----------+----------+---------------------+---------------------+--------------------+

[stage07] accuracy detail
+---------------------+-------------+-------------+-------------+---------------+-------------+----------------+---------------------------------+--------+
| reference           | mse         | rmse        | relative_l2 | relative_linf | exact_match | mismatch_count | semantic_check                  | status |
+---------------------+-------------+-------------+-------------+---------------+-------------+----------------+---------------------------------+--------+
| typed_cpu_reference | 5.48915e-16 | 2.34289e-08 | 1.30447e-07 | 1.19209e-07   | NA          | NA             | typed_output_shape_dtype_finite | PASS   |
+---------------------+-------------+-------------+-------------+---------------+-------------+----------------+---------------------------------+--------+

[stage07] resource detail
+--------+------------+--------------+-------------+------------+-------------+
| device | metric     | before_bytes | after_bytes | peak_bytes | delta_bytes |
+--------+------------+--------------+-------------+------------+-------------+
| CPU    | cpu_heap   | 1515792      | 1515760     | 1518624    | -32         |
| CPU    | rss        | 69988352     | 69988352    | 69988352   | 0           |
| GPU    | cpu_heap   | 1515760      | 1518832     | 1518832    | 3072        |
| GPU    | rss        | 69988352     | 69988352    | 69988352   | 0           |
| GPU    | gpu_memory | 357777408    | 357777408   | 357777408  | 0           |
+--------+------------+--------------+-------------+------------+-------------+

[stage07] input content
+------------+-------+-------------+----------+-----------------------------------------+--------------------------------------------------------------------------------------+
| input_name | shape | dtype       | elements | generator                               | values(head4/tail2)                                                                  |
+------------+-------+-------------+----------+-----------------------------------------+--------------------------------------------------------------------------------------+
| waveform   | [16]  | ComplexFP32 | 16       | complex_modular(seed=19,integral=false) | i=0:(0.75,-0.75);i=1:(1.25,1);i=2:(-1,0.5);i=3:(-0.5,0);i=14:(-0.5,-1);i=15:(0,0.75) |
+------------+-------+-------------+----------+-----------------------------------------+--------------------------------------------------------------------------------------+

[stage07] case parameters
+--------------------------------------------------------------+
| parameters                                                   |
+--------------------------------------------------------------+
| {"cut":"2d","expected_output_shape":[31,32],"fs":16,"prf":8} |
+--------------------------------------------------------------+

[stage07] input and output identity
+--------+------------------------------------------------------------------+------------------------------------------------------------------+
| device | input_digest                                                     | output_digest                                                    |
+--------+------------------------------------------------------------------+------------------------------------------------------------------+
| CPU    | ffdd11f42cbae39803d46336c5e0981ee5d8d7ad7990e5c2fa8a16567e915f9b | 451c889d4247c4fbb1da9093b8f75678d2cd8f2b17db4e30a63e8d4454a6de45 |
| GPU    | ffdd11f42cbae39803d46336c5e0981ee5d8d7ad7990e5c2fa8a16567e915f9b | e8c0cf4e63a9da39e7c5bbc02155a6e3e1761a239cf2c2af270ff8167f9d1623 |
+--------+------------------------------------------------------------------+------------------------------------------------------------------+

[stage07] dtype evidence
+-----------------+--------------------+--------------+------------------------------------------------------------------+
| requested_dtype | config_input_dtype | output_dtype | actual_input_digest                                              |
+-----------------+--------------------+--------------+------------------------------------------------------------------+
| FP32            | ComplexFP32        | FP32         | ffdd11f42cbae39803d46336c5e0981ee5d8d7ad7990e5c2fa8a16567e915f9b |
+-----------------+--------------------+--------------+------------------------------------------------------------------+

[stage07] evidence files
+-------------+---------------------------------------------------------------------------------------------------------------------------------------------------------------------------------------------------------------------------------------+
| kind        | path                                                                                                                                                                                                                                  |
+-------------+---------------------------------------------------------------------------------------------------------------------------------------------------------------------------------------------------------------------------------------+
| main_csv    | /tmp/ZKX_dev/results/stage07_b01_input_preview_1662dd06774d/formal/20260810T081214Z_1662dd06774d_stage07_b01_formal_f1b6b137/operator_main_results_ambgfun_fft_thrust_20260810T081214Z_1662dd06774d_stage07_b01_formal_f1b6b137.csv   |
| timing_csv  | /tmp/ZKX_dev/results/stage07_b01_input_preview_1662dd06774d/formal/20260810T081214Z_1662dd06774d_stage07_b01_formal_f1b6b137/operator_timing_samples_ambgfun_fft_thrust_20260810T081214Z_1662dd06774d_stage07_b01_formal_f1b6b137.csv |
| memory_csv  | /tmp/ZKX_dev/results/stage07_b01_input_preview_1662dd06774d/formal/20260810T081214Z_1662dd06774d_stage07_b01_formal_f1b6b137/operator_radartools_ambgfun_memory_trace_fft_thrust.csv                                                  |
| dtype_csv   | /tmp/ZKX_dev/results/stage07_b01_input_preview_1662dd06774d/formal/20260810T081214Z_1662dd06774d_stage07_b01_formal_f1b6b137/operator_dtype_evidence_ambgfun_fft_thrust_20260810T081214Z_1662dd06774d_stage07_b01_formal_f1b6b137.csv |
| report_json | /tmp/ZKX_dev/results/stage07_b01_input_preview_1662dd06774d/formal/20260810T081214Z_1662dd06774d_stage07_b01_formal_f1b6b137/operator_ambgfun_report.json                                                                             |
| summary_txt | /tmp/ZKX_dev/results/stage07_b01_input_preview_1662dd06774d/formal/20260810T081214Z_1662dd06774d_stage07_b01_formal_f1b6b137/operator_ambgfun_summary.txt                                                                             |
| full_log    | /tmp/ZKX_dev/results/stage07_b01_input_preview_1662dd06774d/formal/20260810T081214Z_1662dd06774d_stage07_b01_formal_f1b6b137/operator_ambgfun_full.log                                                                                |
| result_dir  | /tmp/ZKX_dev/results/stage07_b01_input_preview_1662dd06774d/formal/20260810T081214Z_1662dd06774d_stage07_b01_formal_f1b6b137                                                                                                          |
+-------------+---------------------------------------------------------------------------------------------------------------------------------------------------------------------------------------------------------------------------------------+
STAGE07_RADAR_CASE PASS operator=ambgfun scale=amb_fp32_10e2 dtype=FP32 backend=fft_thrust measured=100 results=/tmp/ZKX_dev/results/stage07_b01_input_preview_1662dd06774d/formal/20260810T081214Z_1662dd06774d_stage07_b01_formal_f1b6b137
