[stage07] identity and status
+---------+----------------+--------+------------+-------+--------+----------+--------------------------+--------+------------+
| target  | scale_id       | device | backend    | dtype | warmup | measured | timing_scope             | status | error_code |
+---------+----------------+--------+------------+-------+--------+----------+--------------------------+--------+------------+
| ambgfun | amb_int16_10e4 | CPU    | fft_thrust | INT16 | 20     | 100      | compatibility/end-to-end | PASS   | OK         |
| ambgfun | amb_int16_10e4 | GPU    | fft_thrust | INT16 | 20     | 100      | compatibility/end-to-end | PASS   | OK         |
+---------+----------------+--------+------------+-------+--------+----------+--------------------------+--------+------------+

[stage07] timing detail
+--------+-------------+------------+-------------+-------------+----------+-----------+----------------------+-----------------------+-----------------+
| device | mean_ms     | p50_ms     | p95_ms      | p99_ms      | min_ms   | max_ms    | std_ms               | cv                    | speedup         |
+--------+-------------+------------+-------------+-------------+----------+-----------+----------------------+-----------------------+-----------------+
| CPU    | 50.25520638 | 50.2303945 | 50.40667295 | 50.42649428 | 50.17789 | 50.471468 | 0.0657367404016627   | 0.0013080583115031017 | NA              |
| GPU    | 0.80367385  | 0.800033   | 0.841232    | 0.8611219   | 0.783608 | 0.867448  | 0.015258825063795048 | 0.018986340122669223  | 62.531842214351 |
+--------+-------------+------------+-------------+-------------+----------+-----------+----------------------+-----------------------+-----------------+

[stage07] accuracy detail
+---------------------+-------------+-------------+-------------+---------------+-------------+----------------+---------------------------------+--------+
| reference           | mse         | rmse        | relative_l2 | relative_linf | exact_match | mismatch_count | semantic_check                  | status |
+---------------------+-------------+-------------+-------------+---------------+-------------+----------------+---------------------------------+--------+
| typed_cpu_reference | 1.00351e-15 | 3.16782e-08 | 3.56995e-07 | 3.57628e-07   | NA          | NA             | typed_output_shape_dtype_finite | PASS   |
+---------------------+-------------+-------------+-------------+---------------+-------------+----------------+---------------------------------+--------+

[stage07] resource detail
+--------+------------+--------------+-------------+------------+-------------+
| device | metric     | before_bytes | after_bytes | peak_bytes | delta_bytes |
+--------+------------+--------------+-------------+------------+-------------+
| CPU    | cpu_heap   | 1905536      | 1778560     | 1907504    | -126976     |
| CPU    | rss        | 71303168     | 71303168    | 71303168   | 0           |
| GPU    | cpu_heap   | 1778560      | 1781632     | 1781632    | 3072        |
| GPU    | rss        | 71303168     | 71266304    | 71303168   | -36864      |
| GPU    | gpu_memory | 357777408    | 357777408   | 357777408  | 0           |
+--------+------------+--------------+-------------+------------+-------------+

[stage07] input content
+------------+-------+--------------+----------+----------------------------------------+----------------------------------------------------------------------+
| input_name | shape | dtype        | elements | generator                              | values(head4/tail2)                                                  |
+------------+-------+--------------+----------+----------------------------------------+----------------------------------------------------------------------+
| waveform   | [64]  | ComplexINT16 | 64       | complex_modular(seed=19,integral=true) | i=0:(3,-3);i=1:(5,4);i=2:(-4,2);i=3:(-2,0);i=62:(-5,-1);i=63:(-3,-3) |
+------------+-------+--------------+----------+----------------------------------------+----------------------------------------------------------------------+

[stage07] case parameters
+----------------------------------------------------------------+
| parameters                                                     |
+----------------------------------------------------------------+
| {"cut":"2d","expected_output_shape":[127,128],"fs":64,"prf":8} |
+----------------------------------------------------------------+

[stage07] input and output identity
+--------+------------------------------------------------------------------+------------------------------------------------------------------+
| device | input_digest                                                     | output_digest                                                    |
+--------+------------------------------------------------------------------+------------------------------------------------------------------+
| CPU    | 34100fb40bb410d4cb62dc249685f3f8028c23c31c68cd3b106fcaf355c32497 | bea0a64555d95076046d7316fa07e37ce2db0be643b0624cb6feb70b94af2162 |
| GPU    | 34100fb40bb410d4cb62dc249685f3f8028c23c31c68cd3b106fcaf355c32497 | fda26d6086b371b891e27dd9f0575af3043ab6221983fdf81d9b7ba3e3e6371c |
+--------+------------------------------------------------------------------+------------------------------------------------------------------+

[stage07] dtype evidence
+-----------------+--------------------+--------------+------------------------------------------------------------------+
| requested_dtype | config_input_dtype | output_dtype | actual_input_digest                                              |
+-----------------+--------------------+--------------+------------------------------------------------------------------+
| INT16           | ComplexINT16       | FP64         | 34100fb40bb410d4cb62dc249685f3f8028c23c31c68cd3b106fcaf355c32497 |
+-----------------+--------------------+--------------+------------------------------------------------------------------+

[stage07] evidence files
+-------------+---------------------------------------------------------------------------------------------------------------------------------------------------------------------------------------------------------------------------------------+
| kind        | path                                                                                                                                                                                                                                  |
+-------------+---------------------------------------------------------------------------------------------------------------------------------------------------------------------------------------------------------------------------------------+
| main_csv    | /tmp/ZKX_dev/results/stage07_b01_input_preview_1662dd06774d/formal/20260810T081238Z_1662dd06774d_stage07_b01_formal_4cdf74c7/operator_main_results_ambgfun_fft_thrust_20260810T081238Z_1662dd06774d_stage07_b01_formal_4cdf74c7.csv   |
| timing_csv  | /tmp/ZKX_dev/results/stage07_b01_input_preview_1662dd06774d/formal/20260810T081238Z_1662dd06774d_stage07_b01_formal_4cdf74c7/operator_timing_samples_ambgfun_fft_thrust_20260810T081238Z_1662dd06774d_stage07_b01_formal_4cdf74c7.csv |
| memory_csv  | /tmp/ZKX_dev/results/stage07_b01_input_preview_1662dd06774d/formal/20260810T081238Z_1662dd06774d_stage07_b01_formal_4cdf74c7/operator_radartools_ambgfun_memory_trace_fft_thrust.csv                                                  |
| dtype_csv   | /tmp/ZKX_dev/results/stage07_b01_input_preview_1662dd06774d/formal/20260810T081238Z_1662dd06774d_stage07_b01_formal_4cdf74c7/operator_dtype_evidence_ambgfun_fft_thrust_20260810T081238Z_1662dd06774d_stage07_b01_formal_4cdf74c7.csv |
| report_json | /tmp/ZKX_dev/results/stage07_b01_input_preview_1662dd06774d/formal/20260810T081238Z_1662dd06774d_stage07_b01_formal_4cdf74c7/operator_ambgfun_report.json                                                                             |
| summary_txt | /tmp/ZKX_dev/results/stage07_b01_input_preview_1662dd06774d/formal/20260810T081238Z_1662dd06774d_stage07_b01_formal_4cdf74c7/operator_ambgfun_summary.txt                                                                             |
| full_log    | /tmp/ZKX_dev/results/stage07_b01_input_preview_1662dd06774d/formal/20260810T081238Z_1662dd06774d_stage07_b01_formal_4cdf74c7/operator_ambgfun_full.log                                                                                |
| result_dir  | /tmp/ZKX_dev/results/stage07_b01_input_preview_1662dd06774d/formal/20260810T081238Z_1662dd06774d_stage07_b01_formal_4cdf74c7                                                                                                          |
+-------------+---------------------------------------------------------------------------------------------------------------------------------------------------------------------------------------------------------------------------------------+
STAGE07_RADAR_CASE PASS operator=ambgfun scale=amb_int16_10e4 dtype=INT16 backend=fft_thrust measured=100 results=/tmp/ZKX_dev/results/stage07_b01_input_preview_1662dd06774d/formal/20260810T081238Z_1662dd06774d_stage07_b01_formal_4cdf74c7
