command=build_stage07_b05_fm_demod_2836c8d/stage07_fm_demod --dtype FP16 --count 10000 --reference-count 31 --frame 64 --hop 32 --warmup 20 --measured 100 --output /tmp/ZKX_dev/results/stage07_b05_formal_2836c8d/formal/20260810T105058Z_2836c8dc200d_stage07_b05_formal_4b6dc00b/fm_demod_probe_raw.json
STAGE07_TASK_FEATURE_PROBE PASS operator=fm_demod dtype=FP16
{"run_id": "20260810T105058Z_2836c8dc200d_stage07_b05_formal_4b6dc00b", "case_id": "fm_demod__fm_demod_fp16_10e4__c72713db771e1223", "operator_name": "fm_demod", "task_name": "Task2", "step_name": "Step4", "scale_id": "fm_demod_fp16_10e4", "requested_dtype": "FP16", "input_content": [{"input_name": "analytic", "shape": "[10000]", "dtype": "ComplexFP16", "element_count": "10000", "generator": "deterministic_chirped_analytic_signal", "preview_head4_tail2": "i=0:(20,0);i=1:(20,0.5);i=2:(19.96875,0.999511719);i=3:(19.9375,1.49902344);i=9998:(-16.25,-11.65625);i=9999:(-15.4609375,-12.6875)"}], "case_parameters": {"count": 10000, "output_count": 9999}, "output_dtype": "FP32", "backend": "not_applicable", "warmup_runs": 20, "measured_runs": 100, "output_count": 9999, "mse": 1.14602e-14, "rmse": 1.07052e-07, "relative_l2": 2.30438e-06, "relative_linf": 1.4626e-05, "actual_input_digest": "c72713db771e1223ea6a8da76ea7b840ef13a24c273fd3d4520d44267fe32658", "typed_array_digest": "ee5c32e68b171bdb179e0363a01515d758098d5227e538a989b2835a51f0c972", "status": "PASS", "error_code": "OK"}
[stage07] identity and status
+----------+--------------------+--------+----------------+-------+--------+----------+--------------------------+--------+------------+
| target   | scale_id           | device | backend        | dtype | warmup | measured | timing_scope             | status | error_code |
+----------+--------------------+--------+----------------+-------+--------+----------+--------------------------+--------+------------+
| fm_demod | fm_demod_fp16_10e4 | CPU    | not_applicable | FP16  | 20     | 100      | compatibility/end-to-end | PASS   | OK         |
| fm_demod | fm_demod_fp16_10e4 | GPU    | not_applicable | FP16  | 20     | 100      | compatibility/end-to-end | PASS   | OK         |
+----------+--------------------+--------+----------------+-------+--------+----------+--------------------------+--------+------------+

[stage07] timing detail
+--------+--------------------+--------------------+-----------+--------------------+----------+----------+----------------------+----------------------+-------------------+
| device | mean_ms            | p50_ms             | p95_ms    | p99_ms             | min_ms   | max_ms   | std_ms               | cv                   | speedup           |
+--------+--------------------+--------------------+-----------+--------------------+----------+----------+----------------------+----------------------+-------------------+
| CPU    | 1.6420420999999998 | 1.6369855000000002 | 1.6562245 | 1.6620371999999999 | 1.634046 | 1.669977 | 0.008083615398446412 | 0.004922903863698995 | NA                |
| GPU    | 0.25246825         | 0.2503965          | 0.2573395 | 0.3115346100000001 | 0.242711 | 0.329415 | 0.01115870675694545  | 0.04419845567490348  | 6.503954853729131 |
+--------+--------------------+--------------------+-----------+--------------------+----------+----------+----------------------+----------------------+-------------------+

[stage07] accuracy detail
+---------------------------------+-------------+-------------+-------------+---------------+-------------+----------------+-----------------------------------------------------------+--------+
| reference                       | mse         | rmse        | relative_l2 | relative_linf | exact_match | mismatch_count | semantic_check                                            | status |
+---------------------------------+-------------+-------------+-------------+---------------+-------------+----------------+-----------------------------------------------------------+--------+
| typed_cpu_task2_step4_reference | 1.14602e-14 | 1.07052e-07 | 2.30438e-06 | 1.4626e-05    | NA          | NA             | output_count=9999;output_dtype=FP32;task_gpu_call=present | PASS   |
+---------------------------------+-------------+-------------+-------------+---------------+-------------+----------------+-----------------------------------------------------------+--------+

[stage07] resource detail
+--------+------------+--------------+-------------+------------+-------------+
| device | metric     | before_bytes | after_bytes | peak_bytes | delta_bytes |
+--------+------------+--------------+-------------+------------+-------------+
| CPU    | cpu_heap   | 1493696      | 1537024     | 1537024    | 43328       |
| CPU    | rss        | 70766592     | 70766592    | 70766592   | 0           |
| GPU    | cpu_heap   | 1537056      | 1539984     | 1539984    | 2928        |
| GPU    | rss        | 70766592     | 70766592    | 70766592   | 0           |
| GPU    | gpu_memory | 341000192    | 341000192   | 341000192  | 0           |
+--------+------------+--------------+-------------+------------+-------------+

[stage07] input content
+------------+---------+-------------+----------+---------------------------------------+-------------------------------------------------------------------------------------------------------------------------------------+
| input_name | shape   | dtype       | elements | generator                             | values(head4/tail2)                                                                                                                 |
+------------+---------+-------------+----------+---------------------------------------+-------------------------------------------------------------------------------------------------------------------------------------+
| analytic   | [10000] | ComplexFP16 | 10000    | deterministic_chirped_analytic_signal | i=0:(20,0);i=1:(20,0.5);i=2:(19.96875,0.999511719);i=3:(19.9375,1.49902344);i=9998:(-16.25,-11.65625);i=9999:(-15.4609375,-12.6875) |
+------------+---------+-------------+----------+---------------------------------------+-------------------------------------------------------------------------------------------------------------------------------------+

[stage07] case parameters
+-------------------------------------+
| parameters                          |
+-------------------------------------+
| {"count":10000,"output_count":9999} |
+-------------------------------------+

[stage07] input and output identity
+--------+------------------------------------------------------------------+------------------------------------------------------------------+
| device | input_digest                                                     | output_digest                                                    |
+--------+------------------------------------------------------------------+------------------------------------------------------------------+
| CPU    | c72713db771e1223ea6a8da76ea7b840ef13a24c273fd3d4520d44267fe32658 | e74cce4288de81d442a09d3170c103adcabe1bcefc6434ba16aa44598308de50 |
| GPU    | c72713db771e1223ea6a8da76ea7b840ef13a24c273fd3d4520d44267fe32658 | 9020b3f5119d079c83c94b09c8470582f69283bc5ec31c41a56b23803c718a62 |
+--------+------------------------------------------------------------------+------------------------------------------------------------------+

[stage07] dtype evidence
+-----------------+--------------------+--------------+------------------------------------------------------------------+------------------------------------------------------------------+----------------------+
| requested_dtype | config_input_dtype | output_dtype | typed_array_digest                                               | actual_input_digest                                              | task_gpu_call_status |
+-----------------+--------------------+--------------+------------------------------------------------------------------+------------------------------------------------------------------+----------------------+
| FP16            | ComplexFP16        | FP32         | ee5c32e68b171bdb179e0363a01515d758098d5227e538a989b2835a51f0c972 | c72713db771e1223ea6a8da76ea7b840ef13a24c273fd3d4520d44267fe32658 | proved_gpu_cpu       |
+-----------------+--------------------+--------------+------------------------------------------------------------------+------------------------------------------------------------------+----------------------+

[stage07] evidence files
+-------------+--------------------------------------------------------------------------------------------------------------------------------------------------------------------------------------------------------------------------------+
| kind        | path                                                                                                                                                                                                                           |
+-------------+--------------------------------------------------------------------------------------------------------------------------------------------------------------------------------------------------------------------------------+
| main_csv    | /tmp/ZKX_dev/results/stage07_b05_formal_2836c8d/formal/20260810T105058Z_2836c8dc200d_stage07_b05_formal_4b6dc00b/operator_main_results_fm_demod_not_applicable_20260810T105058Z_2836c8dc200d_stage07_b05_formal_4b6dc00b.csv   |
| timing_csv  | /tmp/ZKX_dev/results/stage07_b05_formal_2836c8d/formal/20260810T105058Z_2836c8dc200d_stage07_b05_formal_4b6dc00b/operator_timing_samples_fm_demod_not_applicable_20260810T105058Z_2836c8dc200d_stage07_b05_formal_4b6dc00b.csv |
| memory_csv  | /tmp/ZKX_dev/results/stage07_b05_formal_2836c8d/formal/20260810T105058Z_2836c8dc200d_stage07_b05_formal_4b6dc00b/operator_demod_fm_demod_memory_trace_not_applicable.csv                                                       |
| dtype_csv   | /tmp/ZKX_dev/results/stage07_b05_formal_2836c8d/formal/20260810T105058Z_2836c8dc200d_stage07_b05_formal_4b6dc00b/operator_dtype_evidence_fm_demod_not_applicable_20260810T105058Z_2836c8dc200d_stage07_b05_formal_4b6dc00b.csv |
| report_json | /tmp/ZKX_dev/results/stage07_b05_formal_2836c8d/formal/20260810T105058Z_2836c8dc200d_stage07_b05_formal_4b6dc00b/operator_fm_demod_report.json                                                                                 |
| summary_txt | /tmp/ZKX_dev/results/stage07_b05_formal_2836c8d/formal/20260810T105058Z_2836c8dc200d_stage07_b05_formal_4b6dc00b/operator_fm_demod_summary.txt                                                                                 |
| full_log    | /tmp/ZKX_dev/results/stage07_b05_formal_2836c8d/formal/20260810T105058Z_2836c8dc200d_stage07_b05_formal_4b6dc00b/operator_fm_demod_full.log                                                                                    |
| result_dir  | /tmp/ZKX_dev/results/stage07_b05_formal_2836c8d/formal/20260810T105058Z_2836c8dc200d_stage07_b05_formal_4b6dc00b                                                                                                               |
+-------------+--------------------------------------------------------------------------------------------------------------------------------------------------------------------------------------------------------------------------------+
