command=build_stage08_b03_decimate_02b9734201c9/stage08_filtering_decimate --dtype FP32 --rows 10 --cols 10 --q 2 --filter-order -1 --zero-phase false --custom-coefficients true --seed 83410001 --warmup 20 --measured 100 --output /tmp/ZKX_dev/results/stage08_input_preview_b03_decimate_5bf09d215ce4/formal/20260810T075002Z_5bf09d215ce4_stage08_b03_formal_99014001/decimate_probe_raw.json
STAGE08_DECIMATE_PROBE PASS dtype=FP32 shape=10x10 q=2 custom=true backend=not_applicable
{"actual_input_digest": "acbb4b6c1f9c68180591d831c1a9a4e460c2a1256382f2eed64857482a49cf9f", "axis": 1, "backend": "not_applicable", "case_id": "decimate__decimate_fp32_10e2__acbb4b6c1f9c6818", "compute_dtype": "FP32", "custom_coefficients": true, "dtype_semantics": "actual_typed_array_inputs_fp32_fir_decimate_extension", "error_code": "OK", "fft_dtype": "not_applicable", "measured_runs": 100, "metrics": {"mse": 0, "relative_l2": 0, "relative_linf": 0, "rmse": 0}, "operator_name": "decimate", "output_dtype": "FP32", "q": 2, "requested_dtype": "FP32", "run_id": "20260810T075002Z_5bf09d215ce4_stage08_b03_formal_99014001", "scale_id": "decimate_fp32_10e2", "schema_version": 1, "status": "PASS", "typed_input_count": 2, "typed_input_names": "x|h", "warmup_runs": 20, "zero_phase": false}
[stage08] identity and status
+----------+--------------------+--------+----------------+-------+--------+----------+--------------------------+--------+------------+
| target   | scale_id           | device | backend        | dtype | warmup | measured | timing_scope             | status | error_code |
+----------+--------------------+--------+----------------+-------+--------+----------+--------------------------+--------+------------+
| decimate | decimate_fp32_10e2 | CPU    | not_applicable | FP32  | 20     | 100      | compatibility/end-to-end | PASS   | OK         |
| decimate | decimate_fp32_10e2 | GPU    | not_applicable | FP32  | 20     | 100      | compatibility/end-to-end | PASS   | OK         |
+----------+--------------------+--------+----------------+-------+--------+----------+--------------------------+--------+------------+

[stage08] timing detail
+--------+-----------------------+-----------------------+-----------------------+-----------------------+-----------------------+---------------------+-----------------------+-----------------------+----------------------+
| device | mean_ms               | p50_ms                | p95_ms                | p99_ms                | min_ms                | max_ms              | std_ms                | cv                    | speedup              |
+--------+-----------------------+-----------------------+-----------------------+-----------------------+-----------------------+---------------------+-----------------------+-----------------------+----------------------+
| CPU    | 0.0042984399999999997 | 0.0042950000000000002 | 0.0043404999999999997 | 0.0043908000000000003 | 0.0042500000000000003 | 0.00447             | 3.092905430174021e-05 | 0.0071954137551623869 | NA                   |
| GPU    | 0.38222928            | 0.38010900000000003   | 0.40133955000000004   | 0.41630861000000019   | 0.37059399999999998   | 0.45537499999999997 | 0.01013505621896593   | 0.02651564584211322   | 0.011245710951290806 |
+--------+-----------------------+-----------------------+-----------------------+-----------------------+-----------------------+---------------------+-----------------------+-----------------------+----------------------+

[stage08] accuracy detail
+----------------------------------+-----+------+-------------+---------------+-------------+----------------+------------------------------------------------------------------------------------------------------------------------------------------+--------+
| accuracy_reference               | mse | rmse | relative_l2 | relative_linf | exact_match | mismatch_count | semantic_check                                                                                                                           | status |
+----------------------------------+-----+------+-------------+---------------+-------------+----------------+------------------------------------------------------------------------------------------------------------------------------------------+--------+
| cpu_typed_fir_decimate_reference | 0   | 0    | 0           | 0             | NA          | NA             | finite_decimated_signal_shape_filter_phase_and_output_dtype_match_cpu:shape=[10, 10];axis=1;q=2;zero_phase=False;custom=True;finite=true | PASS   |
+----------------------------------+-----+------+-------------+---------------+-------------+----------------+------------------------------------------------------------------------------------------------------------------------------------------+--------+

[stage08] resource detail
+--------+------------+--------------+-------------+------------+-------------+
| device | metric     | before_bytes | after_bytes | peak_bytes | delta_bytes |
+--------+------------+--------------+-------------+------------+-------------+
| CPU    | cpu_heap   | 1405760      | 1409552     | 1409552    | 3792        |
| CPU    | rss        | 69984256     | 70238208    | 70238208   | 253952      |
| GPU    | cpu_heap   | 1409552      | 1412544     | 1412544    | 2992        |
| GPU    | rss        | 70238208     | 70238208    | 70238208   | 0           |
| GPU    | gpu_memory | 341000192    | 341000192   | 341000192  | 0           |
+--------+------------+--------------+-------------+------------+-------------+

[stage08] input/output identity
+--------+------------------------------------------------------------------+------------------------------------------------------------------+
| device | input_digest                                                     | output_digest                                                    |
+--------+------------------------------------------------------------------+------------------------------------------------------------------+
| CPU    | acbb4b6c1f9c68180591d831c1a9a4e460c2a1256382f2eed64857482a49cf9f | a05633e23118609525e853b6e15981fcdddda2f92b6aa57eb3cd89a801f14597 |
| GPU    | acbb4b6c1f9c68180591d831c1a9a4e460c2a1256382f2eed64857482a49cf9f | a05633e23118609525e853b6e15981fcdddda2f92b6aa57eb3cd89a801f14597 |
+--------+------------------------------------------------------------------+------------------------------------------------------------------+

[stage08] input content
+------------+---------+-------+----------+----------------------------------------------+-----------------------------------------------------------+
| input_name | shape   | dtype | elements | generator                                    | values(head4/tail2)                                       |
+------------+---------+-------+----------+----------------------------------------------+-----------------------------------------------------------+
| x          | [10x10] | FP32  | 100      | modular_signal(seed=83410001,integral=false) | i=0:1.75;i=1:0.25;i=2:-1.25;i=3:-2.75;i=98:-1.5;i=99:2.75 |
| h          | [5]     | FP32  | 5        | fixed_custom_coefficients                    | i=0:1;i=1:2;i=2:1;i=3:-1;i=4:1                            |
+------------+---------+-------+----------+----------------------------------------------+-----------------------------------------------------------+

[stage08] case parameters
+------------------------------------------------------------------------------------------------------------------------------------------+
| parameters                                                                                                                               |
+------------------------------------------------------------------------------------------------------------------------------------------+
| {"cols":"10","custom-coefficients":"true","dtype":"FP32","filter-order":"-1","q":"2","rows":"10","seed":"83410001","zero-phase":"false"} |
+------------------------------------------------------------------------------------------------------------------------------------------+

[stage08] dtype evidence
+-----------------+--------------------+--------------+------------------------------------------------------------------+--------+
| requested_dtype | config_input_dtype | output_dtype | actual_input_digest                                              | status |
+-----------------+--------------------+--------------+------------------------------------------------------------------+--------+
| FP32            | NA                 | FP32         | acbb4b6c1f9c68180591d831c1a9a4e460c2a1256382f2eed64857482a49cf9f | PASS   |
+-----------------+--------------------+--------------+------------------------------------------------------------------+--------+

[stage08] evidence files
+----------------+-----------------------------------------------------------------------------------------------------------------------------------------------------------------------------------------------------------------------------------------------------+
| kind           | path                                                                                                                                                                                                                                                |
+----------------+-----------------------------------------------------------------------------------------------------------------------------------------------------------------------------------------------------------------------------------------------------+
| probe_raw_json | /tmp/ZKX_dev/results/stage08_input_preview_b03_decimate_5bf09d215ce4/formal/20260810T075002Z_5bf09d215ce4_stage08_b03_formal_99014001/decimate_probe_raw.json                                                                                       |
| full_log       | /tmp/ZKX_dev/results/stage08_input_preview_b03_decimate_5bf09d215ce4/formal/20260810T075002Z_5bf09d215ce4_stage08_b03_formal_99014001/operator_decimate_full.log                                                                                    |
| report_json    | /tmp/ZKX_dev/results/stage08_input_preview_b03_decimate_5bf09d215ce4/formal/20260810T075002Z_5bf09d215ce4_stage08_b03_formal_99014001/operator_decimate_report.json                                                                                 |
| summary_txt    | /tmp/ZKX_dev/results/stage08_input_preview_b03_decimate_5bf09d215ce4/formal/20260810T075002Z_5bf09d215ce4_stage08_b03_formal_99014001/operator_decimate_summary.txt                                                                                 |
| dtype_csv      | /tmp/ZKX_dev/results/stage08_input_preview_b03_decimate_5bf09d215ce4/formal/20260810T075002Z_5bf09d215ce4_stage08_b03_formal_99014001/operator_dtype_evidence_decimate_not_applicable_20260810T075002Z_5bf09d215ce4_stage08_b03_formal_99014001.csv |
| memory_csv     | /tmp/ZKX_dev/results/stage08_input_preview_b03_decimate_5bf09d215ce4/formal/20260810T075002Z_5bf09d215ce4_stage08_b03_formal_99014001/operator_filtering_decimate_memory_trace_not_applicable.csv                                                   |
| main_csv       | /tmp/ZKX_dev/results/stage08_input_preview_b03_decimate_5bf09d215ce4/formal/20260810T075002Z_5bf09d215ce4_stage08_b03_formal_99014001/operator_main_results_decimate_not_applicable_20260810T075002Z_5bf09d215ce4_stage08_b03_formal_99014001.csv   |
| timing_csv     | /tmp/ZKX_dev/results/stage08_input_preview_b03_decimate_5bf09d215ce4/formal/20260810T075002Z_5bf09d215ce4_stage08_b03_formal_99014001/operator_timing_samples_decimate_not_applicable_20260810T075002Z_5bf09d215ce4_stage08_b03_formal_99014001.csv |
+----------------+-----------------------------------------------------------------------------------------------------------------------------------------------------------------------------------------------------------------------------------------------------+
