command=build_stage08_b03_hilbert2_0b2008e7f76a/stage08_filtering_hilbert2 --dtype INT8 --rows 100 --cols 100 --seed 83250003 --warmup 20 --measured 100 --output /tmp/ZKX_dev/results/stage08_input_preview_b03_hilbert2_5bf09d215ce4/formal/20260810T074733Z_5bf09d215ce4_stage08_b03_formal_9901200f/hilbert2_probe_raw.json
STAGE08_HILBERT2_PROBE PASS dtype=INT8 shape=100x100 backend=fft_thrust
{"actual_input_digest": "6d503966d75655343fa71f0ca019ff4e9a4a8aa5ceb94b072ec9342f6a749062", "backend": "fft_thrust", "case_id": "hilbert2__hilbert2_int8_10e4__6d503966d7565534", "compute_dtype": "FP32", "dtype_semantics": "actual_typed_array_input_fp32_fft2d_extension", "error_code": "OK", "fft_dtype": "ComplexFP32", "measured_runs": 100, "metrics": {"mse": 4.988042953508043e-11, "relative_l2": 4.3737456333072315e-07, "relative_linf": 9.288334658486471e-07, "rmse": 7.062607842368174e-06}, "operator_name": "hilbert2", "output_dtype": "ComplexFP64", "requested_dtype": "INT8", "run_id": "20260810T074733Z_5bf09d215ce4_stage08_b03_formal_9901200f", "scale_id": "hilbert2_int8_10e4", "schema_version": 1, "status": "PASS", "typed_input_count": 1, "typed_input_names": "x", "warmup_runs": 20}
[stage08] identity and status
+----------+--------------------+--------+------------+-------+--------+----------+--------------------------+--------+------------+
| target   | scale_id           | device | backend    | dtype | warmup | measured | timing_scope             | status | error_code |
+----------+--------------------+--------+------------+-------+--------+----------+--------------------------+--------+------------+
| hilbert2 | hilbert2_int8_10e4 | CPU    | fft_thrust | INT8  | 20     | 100      | compatibility/end-to-end | PASS   | OK         |
| hilbert2 | hilbert2_int8_10e4 | GPU    | fft_thrust | INT8  | 20     | 100      | compatibility/end-to-end | PASS   | OK         |
+----------+--------------------+--------+------------+-------+--------+----------+--------------------------+--------+------------+

[stage08] timing detail
+--------+--------------------+--------------------+--------------------+--------------------+--------------------+--------------------+---------------------+-----------------------+---------------------+
| device | mean_ms            | p50_ms             | p95_ms             | p99_ms             | min_ms             | max_ms             | std_ms              | cv                    | speedup             |
+--------+--------------------+--------------------+--------------------+--------------------+--------------------+--------------------+---------------------+-----------------------+---------------------+
| CPU    | 85.577516329999995 | 85.534177999999997 | 85.72811505        | 86.509177210000004 | 85.451592000000005 | 86.672053000000005 | 0.18495081872703711 | 0.0021612080679443706 | NA                  |
| GPU    | 305.89177508       | 305.87846250000001 | 306.53045889999999 | 306.63174322999998 | 305.15360600000002 | 307.00440200000003 | 0.36869805255031263 | 0.0012053218902465974 | 0.27976403192802052 |
+--------+--------------------+--------------------+--------------------+--------------------+--------------------+--------------------+---------------------+-----------------------+---------------------+

[stage08] accuracy detail
+-------------------------------+------------------------+------------------------+------------------------+------------------------+-------------+----------------+-----------------------------------------------------------------------------------------------------------+--------+
| accuracy_reference            | mse                    | rmse                   | relative_l2            | relative_linf          | exact_match | mismatch_count | semantic_check                                                                                            | status |
+-------------------------------+------------------------+------------------------+------------------------+------------------------+-------------+----------------+-----------------------------------------------------------------------------------------------------------+--------+
| cpu_typed_double_direct_dft2d | 4.9880429535080432e-11 | 7.0626078423681741e-06 | 4.3737456333072315e-07 | 9.2883346584864714e-07 | NA          | NA             | finite_analytic_signal_shape_and_output_dtype_match_cpu:shape=[100, 100];fft_shape=[100, 100];finite=true | PASS   |
+-------------------------------+------------------------+------------------------+------------------------+------------------------+-------------+----------------+-----------------------------------------------------------------------------------------------------------+--------+

[stage08] resource detail
+--------+------------+--------------+-------------+------------+-------------+
| device | metric     | before_bytes | after_bytes | peak_bytes | delta_bytes |
+--------+------------+--------------+-------------+------------+-------------+
| CPU    | cpu_heap   | 2261040      | 2273856     | 2432752    | 12816       |
| CPU    | rss        | 72511488     | 72482816    | 72998912   | -28672      |
| GPU    | cpu_heap   | 2273856      | 2276688     | 2276688    | 2832        |
| GPU    | rss        | 72482816     | 72482816    | 72482816   | 0           |
| GPU    | gpu_memory | 341000192    | 341000192   | 341000192  | 0           |
+--------+------------+--------------+-------------+------------+-------------+

[stage08] input/output identity
+--------+------------------------------------------------------------------+------------------------------------------------------------------+
| device | input_digest                                                     | output_digest                                                    |
+--------+------------------------------------------------------------------+------------------------------------------------------------------+
| CPU    | 6d503966d75655343fa71f0ca019ff4e9a4a8aa5ceb94b072ec9342f6a749062 | 24aa3bf28279f533c2fede9d2ac573eb47ac501f3a02cfb21c9525c76ad1a038 |
| GPU    | 6d503966d75655343fa71f0ca019ff4e9a4a8aa5ceb94b072ec9342f6a749062 | ce5a6c814f08b9d59f503b489510db6c56836b4719dc83ce2f8892e36135b2c0 |
+--------+------------------------------------------------------------------+------------------------------------------------------------------+

[stage08] input content
+------------+-----------+-------+----------+---------------------------------------------+-----------------------------------------------+
| input_name | shape     | dtype | elements | generator                                   | values(head4/tail2)                           |
+------------+-----------+-------+----------+---------------------------------------------+-----------------------------------------------+
| x          | [100x100] | INT8  | 10000    | modular_signal(seed=83250003,integral=true) | i=0:-3;i=1:-9;i=2:8;i=3:2;i=9998:-7;i=9999:10 |
+------------+-----------+-------+----------+---------------------------------------------+-----------------------------------------------+

[stage08] case parameters
+--------------------------------------------------------------+
| parameters                                                   |
+--------------------------------------------------------------+
| {"cols":"100","dtype":"INT8","rows":"100","seed":"83250003"} |
+--------------------------------------------------------------+

[stage08] dtype evidence
+-----------------+--------------------+--------------+------------------------------------------------------------------+--------+
| requested_dtype | config_input_dtype | output_dtype | actual_input_digest                                              | status |
+-----------------+--------------------+--------------+------------------------------------------------------------------+--------+
| INT8            | NA                 | ComplexFP64  | 6d503966d75655343fa71f0ca019ff4e9a4a8aa5ceb94b072ec9342f6a749062 | PASS   |
+-----------------+--------------------+--------------+------------------------------------------------------------------+--------+

[stage08] evidence files
+----------------+-------------------------------------------------------------------------------------------------------------------------------------------------------------------------------------------------------------------------------------------------+
| kind           | path                                                                                                                                                                                                                                            |
+----------------+-------------------------------------------------------------------------------------------------------------------------------------------------------------------------------------------------------------------------------------------------+
| probe_raw_json | /tmp/ZKX_dev/results/stage08_input_preview_b03_hilbert2_5bf09d215ce4/formal/20260810T074733Z_5bf09d215ce4_stage08_b03_formal_9901200f/hilbert2_probe_raw.json                                                                                   |
| dtype_csv      | /tmp/ZKX_dev/results/stage08_input_preview_b03_hilbert2_5bf09d215ce4/formal/20260810T074733Z_5bf09d215ce4_stage08_b03_formal_9901200f/operator_dtype_evidence_hilbert2_fft_thrust_20260810T074733Z_5bf09d215ce4_stage08_b03_formal_9901200f.csv |
| memory_csv     | /tmp/ZKX_dev/results/stage08_input_preview_b03_hilbert2_5bf09d215ce4/formal/20260810T074733Z_5bf09d215ce4_stage08_b03_formal_9901200f/operator_filtering_hilbert2_memory_trace_fft_thrust.csv                                                   |
| full_log       | /tmp/ZKX_dev/results/stage08_input_preview_b03_hilbert2_5bf09d215ce4/formal/20260810T074733Z_5bf09d215ce4_stage08_b03_formal_9901200f/operator_hilbert2_full.log                                                                                |
| report_json    | /tmp/ZKX_dev/results/stage08_input_preview_b03_hilbert2_5bf09d215ce4/formal/20260810T074733Z_5bf09d215ce4_stage08_b03_formal_9901200f/operator_hilbert2_report.json                                                                             |
| summary_txt    | /tmp/ZKX_dev/results/stage08_input_preview_b03_hilbert2_5bf09d215ce4/formal/20260810T074733Z_5bf09d215ce4_stage08_b03_formal_9901200f/operator_hilbert2_summary.txt                                                                             |
| main_csv       | /tmp/ZKX_dev/results/stage08_input_preview_b03_hilbert2_5bf09d215ce4/formal/20260810T074733Z_5bf09d215ce4_stage08_b03_formal_9901200f/operator_main_results_hilbert2_fft_thrust_20260810T074733Z_5bf09d215ce4_stage08_b03_formal_9901200f.csv   |
| timing_csv     | /tmp/ZKX_dev/results/stage08_input_preview_b03_hilbert2_5bf09d215ce4/formal/20260810T074733Z_5bf09d215ce4_stage08_b03_formal_9901200f/operator_timing_samples_hilbert2_fft_thrust_20260810T074733Z_5bf09d215ce4_stage08_b03_formal_9901200f.csv |
+----------------+-------------------------------------------------------------------------------------------------------------------------------------------------------------------------------------------------------------------------------------------------+
