command=build_stage07_b05_spectrogram_2836c8d/stage07_spectrogram --dtype INT16 --count 128 --reference-count 31 --frame 64 --hop 32 --warmup 20 --measured 100 --output /tmp/ZKX_dev/results/stage07_b05_formal_2836c8d/formal/20260810T105155Z_2836c8dc200d_stage07_b05_formal_2956e124/spectrogram_probe_raw.json
STAGE07_TASK_FEATURE_PROBE PASS operator=spectrogram dtype=INT16
{"run_id": "20260810T105155Z_2836c8dc200d_stage07_b05_formal_2956e124", "case_id": "spectrogram__spectrogram_int16_10e2__5f3dcb82b6c1eae2", "operator_name": "spectrogram", "task_name": "Task2", "step_name": "Step4", "scale_id": "spectrogram_int16_10e2", "requested_dtype": "INT16", "input_content": [{"input_name": "signal", "shape": "[128]", "dtype": "INT16", "element_count": "128", "generator": "task2_signal_mixture", "preview_head4_tail2": "i=0:2;i=1:3;i=2:2;i=3:2;i=126:-5;i=127:-5"}], "case_parameters": {"count": 128, "frame": 64, "hop": 32, "output_count": 192}, "output_dtype": "FP32", "backend": "fft_thrust", "warmup_runs": 20, "measured_runs": 100, "output_count": 192, "mse": 7.68017e-12, "rmse": 2.77131e-06, "relative_l2": 2.75027e-06, "relative_linf": 3.00053e-06, "actual_input_digest": "5f3dcb82b6c1eae2573592ef30a3f78e66fabb80eed7db2a403bf26e169cccb2", "typed_array_digest": "a6eaf5666282d9edff75af09b696ffa8eda64a01b29870f5419cf13686434b26", "status": "PASS", "error_code": "OK"}
[stage07] identity and status
+-------------+------------------------+--------+------------+-------+--------+----------+--------------------------+--------+------------+
| target      | scale_id               | device | backend    | dtype | warmup | measured | timing_scope             | status | error_code |
+-------------+------------------------+--------+------------+-------+--------+----------+--------------------------+--------+------------+
| spectrogram | spectrogram_int16_10e2 | CPU    | fft_thrust | INT16 | 20     | 100      | compatibility/end-to-end | PASS   | OK         |
| spectrogram | spectrogram_int16_10e2 | GPU    | fft_thrust | INT16 | 20     | 100      | compatibility/end-to-end | PASS   | OK         |
+-------------+------------------------+--------+------------+-------+--------+----------+--------------------------+--------+------------+

[stage07] timing detail
+--------+--------------------+--------------------+--------------------+--------------------+----------+----------+----------------------+----------------------+-------------------+
| device | mean_ms            | p50_ms             | p95_ms             | p99_ms             | min_ms   | max_ms   | std_ms               | cv                   | speedup           |
+--------+--------------------+--------------------+--------------------+--------------------+----------+----------+----------------------+----------------------+-------------------+
| CPU    | 0.6329683500000001 | 0.6321220000000001 | 0.6418629499999999 | 0.6443230000000001 | 0.630167 | 0.656698 | 0.004140315631386092 | 0.006541110043473883 | NA                |
| GPU    | 0.56968785         | 0.5625235          | 0.6206425499999999 | 0.728056           | 0.543293 | 0.735481 | 0.030228160216716798 | 0.05306091786355773  | 1.111079251558551 |
+--------+--------------------+--------------------+--------------------+--------------------+----------+----------+----------------------+----------------------+-------------------+

[stage07] accuracy detail
+---------------------------------+-------------+-------------+-------------+---------------+-------------+----------------+----------------------------------------------------------+--------+
| reference                       | mse         | rmse        | relative_l2 | relative_linf | exact_match | mismatch_count | semantic_check                                           | status |
+---------------------------------+-------------+-------------+-------------+---------------+-------------+----------------+----------------------------------------------------------+--------+
| typed_cpu_task2_step4_reference | 7.68017e-12 | 2.77131e-06 | 2.75027e-06 | 3.00053e-06   | NA          | NA             | output_count=192;output_dtype=FP32;task_gpu_call=present | PASS   |
+---------------------------------+-------------+-------------+-------------+---------------+-------------+----------------+----------------------------------------------------------+--------+

[stage07] resource detail
+--------+------------+--------------+-------------+------------+-------------+
| device | metric     | before_bytes | after_bytes | peak_bytes | delta_bytes |
+--------+------------+--------------+-------------+------------+-------------+
| CPU    | cpu_heap   | 1488128      | 1491216     | 1491216    | 3088        |
| CPU    | rss        | 70467584     | 70467584    | 70467584   | 0           |
| GPU    | cpu_heap   | 1491216      | 1494976     | 1494976    | 3760        |
| GPU    | rss        | 70467584     | 70467584    | 70467584   | 0           |
| GPU    | gpu_memory | 341000192    | 341000192   | 341000192  | 0           |
+--------+------------+--------------+-------------+------------+-------------+

[stage07] input content
+------------+-------+-------+----------+----------------------+-------------------------------------------+
| input_name | shape | dtype | elements | generator            | values(head4/tail2)                       |
+------------+-------+-------+----------+----------------------+-------------------------------------------+
| signal     | [128] | INT16 | 128      | task2_signal_mixture | i=0:2;i=1:3;i=2:2;i=3:2;i=126:-5;i=127:-5 |
+------------+-------+-------+----------+----------------------+-------------------------------------------+

[stage07] case parameters
+------------------------------------------------------+
| parameters                                           |
+------------------------------------------------------+
| {"count":128,"frame":64,"hop":32,"output_count":192} |
+------------------------------------------------------+

[stage07] input and output identity
+--------+------------------------------------------------------------------+------------------------------------------------------------------+
| device | input_digest                                                     | output_digest                                                    |
+--------+------------------------------------------------------------------+------------------------------------------------------------------+
| CPU    | 5f3dcb82b6c1eae2573592ef30a3f78e66fabb80eed7db2a403bf26e169cccb2 | e6ffe1b7ad514c686a90f50e625ccccb3c3d75814715112de69a03156c99dec6 |
| GPU    | 5f3dcb82b6c1eae2573592ef30a3f78e66fabb80eed7db2a403bf26e169cccb2 | de2e87f13f09eddf44f586b6f8c82846f16a98e2a02250a5c66d1d97b34e623c |
+--------+------------------------------------------------------------------+------------------------------------------------------------------+

[stage07] dtype evidence
+-----------------+--------------------+--------------+------------------------------------------------------------------+------------------------------------------------------------------+----------------------+
| requested_dtype | config_input_dtype | output_dtype | typed_array_digest                                               | actual_input_digest                                              | task_gpu_call_status |
+-----------------+--------------------+--------------+------------------------------------------------------------------+------------------------------------------------------------------+----------------------+
| INT16           | INT16              | FP32         | a6eaf5666282d9edff75af09b696ffa8eda64a01b29870f5419cf13686434b26 | 5f3dcb82b6c1eae2573592ef30a3f78e66fabb80eed7db2a403bf26e169cccb2 | proved_gpu_cpu       |
+-----------------+--------------------+--------------+------------------------------------------------------------------+------------------------------------------------------------------+----------------------+

[stage07] evidence files
+-------------+-------------------------------------------------------------------------------------------------------------------------------------------------------------------------------------------------------------------------------+
| kind        | path                                                                                                                                                                                                                          |
+-------------+-------------------------------------------------------------------------------------------------------------------------------------------------------------------------------------------------------------------------------+
| main_csv    | /tmp/ZKX_dev/results/stage07_b05_formal_2836c8d/formal/20260810T105155Z_2836c8dc200d_stage07_b05_formal_2956e124/operator_main_results_spectrogram_fft_thrust_20260810T105155Z_2836c8dc200d_stage07_b05_formal_2956e124.csv   |
| timing_csv  | /tmp/ZKX_dev/results/stage07_b05_formal_2836c8d/formal/20260810T105155Z_2836c8dc200d_stage07_b05_formal_2956e124/operator_timing_samples_spectrogram_fft_thrust_20260810T105155Z_2836c8dc200d_stage07_b05_formal_2956e124.csv |
| memory_csv  | /tmp/ZKX_dev/results/stage07_b05_formal_2836c8d/formal/20260810T105155Z_2836c8dc200d_stage07_b05_formal_2956e124/operator_spectral_analysis_spectrogram_memory_trace_fft_thrust.csv                                           |
| dtype_csv   | /tmp/ZKX_dev/results/stage07_b05_formal_2836c8d/formal/20260810T105155Z_2836c8dc200d_stage07_b05_formal_2956e124/operator_dtype_evidence_spectrogram_fft_thrust_20260810T105155Z_2836c8dc200d_stage07_b05_formal_2956e124.csv |
| report_json | /tmp/ZKX_dev/results/stage07_b05_formal_2836c8d/formal/20260810T105155Z_2836c8dc200d_stage07_b05_formal_2956e124/operator_spectrogram_report.json                                                                             |
| summary_txt | /tmp/ZKX_dev/results/stage07_b05_formal_2836c8d/formal/20260810T105155Z_2836c8dc200d_stage07_b05_formal_2956e124/operator_spectrogram_summary.txt                                                                             |
| full_log    | /tmp/ZKX_dev/results/stage07_b05_formal_2836c8d/formal/20260810T105155Z_2836c8dc200d_stage07_b05_formal_2956e124/operator_spectrogram_full.log                                                                                |
| result_dir  | /tmp/ZKX_dev/results/stage07_b05_formal_2836c8d/formal/20260810T105155Z_2836c8dc200d_stage07_b05_formal_2956e124                                                                                                              |
+-------------+-------------------------------------------------------------------------------------------------------------------------------------------------------------------------------------------------------------------------------+
