command=/tmp/ZKX_dev/build_stage07_b02_chirp_76c5b6f8b36d/stage07_waveforms_chirp --dtype INT16 --count 128 --p0 0.02 --p1 31 --p2 0.07 --p3 0 --warmup 20 --measured 100 --output /tmp/ZKX_dev/results/stage07_b02_formal_76c5b6f8b36d/formal/20260810T092019Z_76c5b6f8b36d_stage07_b02_formal_16eaf3b4/chirp_probe_raw.json
STAGE07_WAVEFORM_PROBE PASS operator=chirp dtype=INT16
{"run_id": "20260810T092019Z_76c5b6f8b36d_stage07_b02_formal_16eaf3b4", "case_id": "chirp__chirp_int16_10e2__44c94a8ce0e38935", "operator_name": "chirp", "task_name": "Task2", "step_name": "Step1", "scale_id": "chirp_int16_10e2", "requested_dtype": "INT16", "config_input_dtype": "INT16", "input_content": [{"input_name": "time", "shape": "[128]", "dtype": "INT16", "element_count": "128", "generator": "quantized_uniform_time_0_to_31(floor(31*i/(N-1)))", "preview_head4_tail2": "i=0:0;i=1:0;i=2:0;i=3:0;i=126:30;i=127:31"}], "case_parameters": {"f0": 0.02, "t1": 31, "f1": 0.07, "phase_degrees": 0, "method": "linear"}, "output_dtype": "INT16", "backend": "not_applicable", "warmup_runs": 20, "measured_runs": 100, "mse": 0, "rmse": 0, "relative_l2": 0, "relative_linf": 0, "actual_input_digest": "44c94a8ce0e389352b7cf3bcd18ebe5caa5e27bd6489c16558dc59e130b4e951", "typed_array_digest": "bc14b7074ce6d43ce870563e92705f483e291160d5cd210bc53fffd641a680a0", "status": "PASS", "error_code": "OK"}
[stage07] identity and status
+--------+------------------+--------+----------------+-------+--------+----------+--------------------------+--------+------------+
| target | scale_id         | device | backend        | dtype | warmup | measured | timing_scope             | status | error_code |
+--------+------------------+--------+----------------+-------+--------+----------+--------------------------+--------+------------+
| chirp  | chirp_int16_10e2 | CPU    | not_applicable | INT16 | 20     | 100      | compatibility/end-to-end | PASS   | OK         |
| chirp  | chirp_int16_10e2 | GPU    | not_applicable | INT16 | 20     | 100      | compatibility/end-to-end | PASS   | OK         |
+--------+------------------+--------+----------------+-------+--------+----------+--------------------------+--------+------------+

[stage07] timing detail
+--------+------------+----------+---------------------+----------------------+----------+----------+-----------------------+---------------------+---------------------+
| device | mean_ms    | p50_ms   | p95_ms              | p99_ms               | min_ms   | max_ms   | std_ms                | cv                  | speedup             |
+--------+------------+----------+---------------------+----------------------+----------+----------+-----------------------+---------------------+---------------------+
| CPU    | 0.00813404 | 0.00797  | 0.008001            | 0.008788010000000075 | 0.00795  | 0.023441 | 0.0015399242573581337 | 0.18931850069069414 | NA                  |
| GPU    | 0.17186121 | 0.171475 | 0.17491505000000002 | 0.19002460000000002  | 0.166175 | 0.192955 | 0.0037416498160437184 | 0.02177134570415115 | 0.04732912098081935 |
+--------+------------+----------+---------------------+----------------------+----------+----------+-----------------------+---------------------+---------------------+

[stage07] accuracy detail
+---------------------+-----+------+-------------+---------------+-------------+----------------+------------------------------------------------------------------+--------+
| reference           | mse | rmse | relative_l2 | relative_linf | exact_match | mismatch_count | semantic_check                                                   | status |
+---------------------+-----+------+-------------+---------------+-------------+----------------+------------------------------------------------------------------+--------+
| typed_cpu_reference | 0   | 0    | 0           | 0             | NA          | NA             | output_shape=[128];output_dtype=INT16;finite_numeric_output=true | PASS   |
+---------------------+-----+------+-------------+---------------+-------------+----------------+------------------------------------------------------------------+--------+

[stage07] resource detail
+--------+------------+--------------+-------------+------------+-------------+
| device | metric     | before_bytes | after_bytes | peak_bytes | delta_bytes |
+--------+------------+--------------+-------------+------------+-------------+
| CPU    | cpu_heap   | 1391888      | 1397344     | 1397344    | 5456        |
| CPU    | rss        | 69644288     | 69644288    | 69644288   | 0           |
| GPU    | cpu_heap   | 1397344      | 1401472     | 1401472    | 4128        |
| GPU    | rss        | 69644288     | 69644288    | 69644288   | 0           |
| GPU    | gpu_memory | 391544832    | 391544832   | 391544832  | 0           |
+--------+------------+--------------+-------------+------------+-------------+

[stage07] input content
+------------+-------+-------+----------+---------------------------------------------------+-------------------------------------------+
| input_name | shape | dtype | elements | generator                                         | values(head4/tail2)                       |
+------------+-------+-------+----------+---------------------------------------------------+-------------------------------------------+
| time       | [128] | INT16 | 128      | quantized_uniform_time_0_to_31(floor(31*i/(N-1))) | i=0:0;i=1:0;i=2:0;i=3:0;i=126:30;i=127:31 |
+------------+-------+-------+----------+---------------------------------------------------+-------------------------------------------+

[stage07] case parameters
+-------------------------------------------------------------------+
| parameters                                                        |
+-------------------------------------------------------------------+
| {"f0":0.02,"f1":0.07,"method":"linear","phase_degrees":0,"t1":31} |
+-------------------------------------------------------------------+

[stage07] input and output identity
+--------+------------------------------------------------------------------+------------------------------------------------------------------+
| device | input_digest                                                     | output_digest                                                    |
+--------+------------------------------------------------------------------+------------------------------------------------------------------+
| CPU    | 44c94a8ce0e389352b7cf3bcd18ebe5caa5e27bd6489c16558dc59e130b4e951 | defc9b34b0dbc009240c1826839d5a5f1b4197a22e05eb853b65ba4f2f9cf5e5 |
| GPU    | 44c94a8ce0e389352b7cf3bcd18ebe5caa5e27bd6489c16558dc59e130b4e951 | defc9b34b0dbc009240c1826839d5a5f1b4197a22e05eb853b65ba4f2f9cf5e5 |
+--------+------------------------------------------------------------------+------------------------------------------------------------------+

[stage07] dtype evidence
+-----------------+--------------------+--------------+------------------------------------------------------------------+------------------------------------------------------------------+
| requested_dtype | config_input_dtype | output_dtype | typed_array_digest                                               | actual_input_digest                                              |
+-----------------+--------------------+--------------+------------------------------------------------------------------+------------------------------------------------------------------+
| INT16           | INT16              | INT16        | bc14b7074ce6d43ce870563e92705f483e291160d5cd210bc53fffd641a680a0 | 44c94a8ce0e389352b7cf3bcd18ebe5caa5e27bd6489c16558dc59e130b4e951 |
+-----------------+--------------------+--------------+------------------------------------------------------------------+------------------------------------------------------------------+

[stage07] evidence files
+-------------+----------------------------------------------------------------------------------------------------------------------------------------------------------------------------------------------------------------------------------+
| kind        | path                                                                                                                                                                                                                             |
+-------------+----------------------------------------------------------------------------------------------------------------------------------------------------------------------------------------------------------------------------------+
| main_csv    | /tmp/ZKX_dev/results/stage07_b02_formal_76c5b6f8b36d/formal/20260810T092019Z_76c5b6f8b36d_stage07_b02_formal_16eaf3b4/operator_main_results_chirp_not_applicable_20260810T092019Z_76c5b6f8b36d_stage07_b02_formal_16eaf3b4.csv   |
| timing_csv  | /tmp/ZKX_dev/results/stage07_b02_formal_76c5b6f8b36d/formal/20260810T092019Z_76c5b6f8b36d_stage07_b02_formal_16eaf3b4/operator_timing_samples_chirp_not_applicable_20260810T092019Z_76c5b6f8b36d_stage07_b02_formal_16eaf3b4.csv |
| memory_csv  | /tmp/ZKX_dev/results/stage07_b02_formal_76c5b6f8b36d/formal/20260810T092019Z_76c5b6f8b36d_stage07_b02_formal_16eaf3b4/operator_waveforms_chirp_memory_trace_not_applicable.csv                                                   |
| dtype_csv   | /tmp/ZKX_dev/results/stage07_b02_formal_76c5b6f8b36d/formal/20260810T092019Z_76c5b6f8b36d_stage07_b02_formal_16eaf3b4/operator_dtype_evidence_chirp_not_applicable_20260810T092019Z_76c5b6f8b36d_stage07_b02_formal_16eaf3b4.csv |
| report_json | /tmp/ZKX_dev/results/stage07_b02_formal_76c5b6f8b36d/formal/20260810T092019Z_76c5b6f8b36d_stage07_b02_formal_16eaf3b4/operator_chirp_report.json                                                                                 |
| summary_txt | /tmp/ZKX_dev/results/stage07_b02_formal_76c5b6f8b36d/formal/20260810T092019Z_76c5b6f8b36d_stage07_b02_formal_16eaf3b4/operator_chirp_summary.txt                                                                                 |
| full_log    | /tmp/ZKX_dev/results/stage07_b02_formal_76c5b6f8b36d/formal/20260810T092019Z_76c5b6f8b36d_stage07_b02_formal_16eaf3b4/operator_chirp_full.log                                                                                    |
| result_dir  | /tmp/ZKX_dev/results/stage07_b02_formal_76c5b6f8b36d/formal/20260810T092019Z_76c5b6f8b36d_stage07_b02_formal_16eaf3b4                                                                                                            |
+-------------+----------------------------------------------------------------------------------------------------------------------------------------------------------------------------------------------------------------------------------+
