command=build/stage07_b06_kalman_filter_6132f71/stage07_kalman_filter --dtype INT8 --count 10000 --order 3 --warmup 20 --measured 100 --output /tmp/ZKX_dev/results/stage07_b06_formal_6132f71/formal/20260810T110513Z_6132f71eb1e0_stage07_b06_formal_0821d4c5/kalman_filter_probe_raw.json
STAGE07_TASK_FINAL_PROBE PASS operator=kalman_filter dtype=INT8
{"run_id": "20260810T110513Z_6132f71eb1e0_stage07_b06_formal_0821d4c5", "case_id": "kalman_filter__kalman_filter_int8_10e4__ef4a082ea3d00433", "operator_name": "kalman_filter", "task_name": "Task2", "step_name": "Step6", "scale_id": "kalman_filter_int8_10e4", "requested_dtype": "INT8", "input_content": [{"input_name": "observations", "shape": "[10000]", "dtype": "INT8", "element_count": "10000", "generator": "deterministic_task2_observations", "preview_head4_tail2": "i=0:1;i=1:1;i=2:1;i=3:1;i=9998:1;i=9999:1"}], "case_parameters": {"observation_count": 10000, "f": 1, "q": 1, "alpha_sq": 1, "h": 1, "r": 2, "output_count": 2, "execution_dtype": "FP32_TASK_SEQUENCE"}, "output_dtype": "FP32_STATE_COVARIANCE", "backend": "not_applicable", "warmup_runs": 20, "measured_runs": 100, "output_count": 2, "actual_input_digest": "ef4a082ea3d004333a9c098454daecdb18f3732ae95485d84cba5ec7f9893f18", "typed_array_digest": "684ad25fdc2bbb80cbc910dd1bde6d5499ccf860ca6ee44704b77ec445271353", "status": "PASS", "error_code": "OK", "mse": 0, "rmse": 0, "relative_l2": 0, "relative_linf": 0}
[stage07] identity and status
+---------------+-------------------------+--------+----------------+-------+--------+----------+--------------------------+--------+------------+
| target        | scale_id                | device | backend        | dtype | warmup | measured | timing_scope             | status | error_code |
+---------------+-------------------------+--------+----------------+-------+--------+----------+--------------------------+--------+------------+
| kalman_filter | kalman_filter_int8_10e4 | CPU    | not_applicable | INT8  | 20     | 100      | compatibility/end-to-end | PASS   | OK         |
| kalman_filter | kalman_filter_int8_10e4 | GPU    | not_applicable | INT8  | 20     | 100      | compatibility/end-to-end | PASS   | OK         |
+---------------+-------------------------+--------+----------------+-------+--------+----------+--------------------------+--------+------------+

[stage07] timing detail
+--------+------------+----------+--------------------+-------------------+----------+----------+---------------------+----------------------+--------------------+
| device | mean_ms    | p50_ms   | p95_ms             | p99_ms            | min_ms   | max_ms   | std_ms              | cv                   | speedup            |
+--------+------------+----------+--------------------+-------------------+----------+----------+---------------------+----------------------+--------------------+
| CPU    | 5.27902702 | 5.23663  | 5.3527280500000005 | 5.458952130000006 | 5.164414 | 6.726462 | 0.15595045574245556 | 0.029541514970774965 | NA                 |
| GPU    | 4.5557621  | 4.518267 | 4.7225215          | 4.745656230000001 | 4.439611 | 4.855569 | 0.09649594298368196 | 0.021181075935392226 | 1.1587582722987226 |
+--------+------------+----------+--------------------+-------------------+----------+----------+---------------------+----------------------+--------------------+

[stage07] accuracy detail
+---------------------------+-----+------+-------------+---------------+-------------+----------------+-------------------------------------------------------------------------+--------+
| reference                 | mse | rmse | relative_l2 | relative_linf | exact_match | mismatch_count | semantic_check                                                          | status |
+---------------------------+-----+------+-------------+---------------+-------------+----------------+-------------------------------------------------------------------------+--------+
| typed_cpu_task2_reference | 0   | 0    | 0           | 0             | NA          | NA             | output_count=2;output_dtype=FP32_STATE_COVARIANCE;task_gpu_call=present | PASS   |
+---------------------------+-----+------+-------------+---------------+-------------+----------------+-------------------------------------------------------------------------+--------+

[stage07] resource detail
+--------+------------+--------------+-------------+------------+-------------+
| device | metric     | before_bytes | after_bytes | peak_bytes | delta_bytes |
+--------+------------+--------------+-------------+------------+-------------+
| CPU    | cpu_heap   | 1452144      | 1464944     | 1464944    | 12800       |
| CPU    | rss        | 69390336     | 69390336    | 69390336   | 0           |
| GPU    | cpu_heap   | 1465104      | 1467904     | 1470816    | 2800        |
| GPU    | rss        | 69390336     | 69390336    | 69390336   | 0           |
| GPU    | gpu_memory | 357777408    | 357777408   | 357777408  | 0           |
+--------+------------+--------------+-------------+------------+-------------+

[stage07] input content
+--------------+---------+-------+----------+----------------------------------+-------------------------------------------+
| input_name   | shape   | dtype | elements | generator                        | values(head4/tail2)                       |
+--------------+---------+-------+----------+----------------------------------+-------------------------------------------+
| observations | [10000] | INT8  | 10000    | deterministic_task2_observations | i=0:1;i=1:1;i=2:1;i=3:1;i=9998:1;i=9999:1 |
+--------------+---------+-------+----------+----------------------------------+-------------------------------------------+

[stage07] case parameters
+--------------------------------------------------------------------------------------------------------------------------+
| parameters                                                                                                               |
+--------------------------------------------------------------------------------------------------------------------------+
| {"alpha_sq":1,"execution_dtype":"FP32_TASK_SEQUENCE","f":1,"h":1,"observation_count":10000,"output_count":2,"q":1,"r":2} |
+--------------------------------------------------------------------------------------------------------------------------+

[stage07] input and output identity
+--------+------------------------------------------------------------------+------------------------------------------------------------------+
| device | input_digest                                                     | output_digest                                                    |
+--------+------------------------------------------------------------------+------------------------------------------------------------------+
| CPU    | ef4a082ea3d004333a9c098454daecdb18f3732ae95485d84cba5ec7f9893f18 | 80b8fd6d60fa85fd14a38b5295cb92abd80dfec5ca406c9f969609a79d36809d |
| GPU    | ef4a082ea3d004333a9c098454daecdb18f3732ae95485d84cba5ec7f9893f18 | 80b8fd6d60fa85fd14a38b5295cb92abd80dfec5ca406c9f969609a79d36809d |
+--------+------------------------------------------------------------------+------------------------------------------------------------------+

[stage07] dtype evidence
+-----------------+--------------------+-----------------------+------------------------------------------------------------------+------------------------------------------------------------------+----------------------+
| requested_dtype | config_input_dtype | output_dtype          | typed_array_digest                                               | actual_input_digest                                              | task_gpu_call_status |
+-----------------+--------------------+-----------------------+------------------------------------------------------------------+------------------------------------------------------------------+----------------------+
| INT8            | INT8               | FP32_STATE_COVARIANCE | 684ad25fdc2bbb80cbc910dd1bde6d5499ccf860ca6ee44704b77ec445271353 | ef4a082ea3d004333a9c098454daecdb18f3732ae95485d84cba5ec7f9893f18 | proved_gpu_cpu       |
+-----------------+--------------------+-----------------------+------------------------------------------------------------------+------------------------------------------------------------------+----------------------+

[stage07] evidence files
+-------------+-------------------------------------------------------------------------------------------------------------------------------------------------------------------------------------------------------------------------------------+
| kind        | path                                                                                                                                                                                                                                |
+-------------+-------------------------------------------------------------------------------------------------------------------------------------------------------------------------------------------------------------------------------------+
| main_csv    | /tmp/ZKX_dev/results/stage07_b06_formal_6132f71/formal/20260810T110513Z_6132f71eb1e0_stage07_b06_formal_0821d4c5/operator_main_results_kalman_filter_not_applicable_20260810T110513Z_6132f71eb1e0_stage07_b06_formal_0821d4c5.csv   |
| timing_csv  | /tmp/ZKX_dev/results/stage07_b06_formal_6132f71/formal/20260810T110513Z_6132f71eb1e0_stage07_b06_formal_0821d4c5/operator_timing_samples_kalman_filter_not_applicable_20260810T110513Z_6132f71eb1e0_stage07_b06_formal_0821d4c5.csv |
| memory_csv  | /tmp/ZKX_dev/results/stage07_b06_formal_6132f71/formal/20260810T110513Z_6132f71eb1e0_stage07_b06_formal_0821d4c5/operator_estimation_kalman_filter_memory_trace_not_applicable.csv                                                  |
| dtype_csv   | /tmp/ZKX_dev/results/stage07_b06_formal_6132f71/formal/20260810T110513Z_6132f71eb1e0_stage07_b06_formal_0821d4c5/operator_dtype_evidence_kalman_filter_not_applicable_20260810T110513Z_6132f71eb1e0_stage07_b06_formal_0821d4c5.csv |
| report_json | /tmp/ZKX_dev/results/stage07_b06_formal_6132f71/formal/20260810T110513Z_6132f71eb1e0_stage07_b06_formal_0821d4c5/operator_kalman_filter_report.json                                                                                 |
| summary_txt | /tmp/ZKX_dev/results/stage07_b06_formal_6132f71/formal/20260810T110513Z_6132f71eb1e0_stage07_b06_formal_0821d4c5/operator_kalman_filter_summary.txt                                                                                 |
| full_log    | /tmp/ZKX_dev/results/stage07_b06_formal_6132f71/formal/20260810T110513Z_6132f71eb1e0_stage07_b06_formal_0821d4c5/operator_kalman_filter_full.log                                                                                    |
| result_dir  | /tmp/ZKX_dev/results/stage07_b06_formal_6132f71/formal/20260810T110513Z_6132f71eb1e0_stage07_b06_formal_0821d4c5                                                                                                                    |
+-------------+-------------------------------------------------------------------------------------------------------------------------------------------------------------------------------------------------------------------------------------+
