command=build_stage08_b05_detrend_2140b2b84ec4/stage08_filtering_detrend --dtype INT32 --mode constant --breakpoints  --rank 1 --rows 100 --cols 1 --axis 0 --seed 85130001 --warmup 20 --measured 100 --output /tmp/ZKX_dev/results/stage08_input_preview_b05_detrend_652061b694fc/formal/20260810T084554Z_652061b694fc_stage08_b05_formal_85610006/detrend_probe_raw.json
STAGE08_DETREND_PROBE PASS dtype=INT32 mode=constant
{"run_id": "20260810T084554Z_652061b694fc_stage08_b05_formal_85610006", "case_id": "detrend__detrend_int32_10e2__463abaac4ef6945f", "operator_name": "detrend", "scale_id": "detrend_int32_10e2", "requested_dtype": "INT32", "output_dtype": "FP64", "backend": "not_applicable", "mode": "constant", "axis": 0, "breakpoints": [], "rank": 1, "warmup_runs": 20, "measured_runs": 100, "mse": 1.45519e-15, "rmse": 3.8147e-08, "relative_l2": 2.4946e-08, "relative_linf": 1.25483e-08, "status": "PASS", "error_code": "OK"}
[stage08] identity and status
+---------+--------------------+--------+----------------+-------+--------+----------+--------------------------+--------+------------+
| target  | scale_id           | device | backend        | dtype | warmup | measured | timing_scope             | status | error_code |
+---------+--------------------+--------+----------------+-------+--------+----------+--------------------------+--------+------------+
| detrend | detrend_int32_10e2 | CPU    | not_applicable | INT32 | 20     | 100      | compatibility/end-to-end | PASS   | OK         |
| detrend | detrend_int32_10e2 | GPU    | not_applicable | INT32 | 20     | 100      | compatibility/end-to-end | PASS   | OK         |
+---------+--------------------+--------+----------------+-------+--------+----------+--------------------------+--------+------------+

[stage08] timing detail
+--------+-----------------------+-----------------------+-----------------------+-----------------------+-----------------------+-----------------------+------------------------+-----------------------+-----------------------+
| device | mean_ms               | p50_ms                | p95_ms                | p99_ms                | min_ms                | max_ms                | std_ms                 | cv                    | speedup               |
+--------+-----------------------+-----------------------+-----------------------+-----------------------+-----------------------+-----------------------+------------------------+-----------------------+-----------------------+
| CPU    | 0.0035806200000000001 | 0.0035799999999999998 | 0.0036110000000000001 | 0.0036906000000000005 | 0.0035400000000000002 | 0.0037499999999999999 | 2.7911209217803524e-05 | 0.0077950771703792984 | NA                    |
| GPU    | 0.43858151999999995   | 0.42765249999999999   | 0.52924499999999997   | 0.55194670000000035   | 0.41411199999999998   | 0.62161299999999997   | 0.03324526323688233    | 0.075801787628631351  | 0.0081640922763914006 |
+--------+-----------------------+-----------------------+-----------------------+-----------------------+-----------------------+-----------------------+------------------------+-----------------------+-----------------------+

[stage08] accuracy detail
+-----------------------+-------------+------------+-------------+---------------+-------------+----------------+--------------------------------------------------------+--------+
| accuracy_reference    | mse         | rmse       | relative_l2 | relative_linf | exact_match | mismatch_count | semantic_check                                         | status |
+-----------------------+-------------+------------+-------------+---------------+-------------+----------------+--------------------------------------------------------+--------+
| cpu_detrend_reference | 1.45519e-15 | 3.8147e-08 | 2.4946e-08  | 1.25483e-08   | NA          | NA             | shape_axis_mode_breakpoints_and_output_dtype_match_cpu | PASS   |
+-----------------------+-------------+------------+-------------+---------------+-------------+----------------+--------------------------------------------------------+--------+

[stage08] resource detail
+--------+------------+--------------+-------------+------------+-------------+
| device | metric     | before_bytes | after_bytes | peak_bytes | delta_bytes |
+--------+------------+--------------+-------------+------------+-------------+
| CPU    | cpu_heap   | 1427440      | 1430592     | 1430592    | 3152        |
| CPU    | rss        | 70180864     | 70180864    | 70180864   | 0           |
| GPU    | cpu_heap   | 1432400      | 1436336     | 1436336    | 3936        |
| GPU    | rss        | 70180864     | 70180864    | 70180864   | 0           |
| GPU    | gpu_memory | 391544832    | 391544832   | 391544832  | 0           |
+--------+------------+--------------+-------------+------------+-------------+

[stage08] input/output identity
+--------+------------------------------------------------------------------+------------------------------------------------------------------+
| device | input_digest                                                     | output_digest                                                    |
+--------+------------------------------------------------------------------+------------------------------------------------------------------+
| CPU    | 463abaac4ef6945f7aa70dbd597e643439e62d8634e3d9b684f0600a805abd17 | 01a06a808065f0ce3dcdf5e9d2cf65b491c96f41672b62bc0f1d7892e13f9f84 |
| GPU    | 463abaac4ef6945f7aa70dbd597e643439e62d8634e3d9b684f0600a805abd17 | 6f55be957090879e069a1cb6e3594279a6d42ebd020704464ceed7ac4e14fdb3 |
+--------+------------------------------------------------------------------+------------------------------------------------------------------+

[stage08] input content
+------------+-------+-------+----------+-------------------------------------------------------+----------------------------------------+
| input_name | shape | dtype | elements | generator                                             | values(head4/tail2)                    |
+------------+-------+-------+----------+-------------------------------------------------------+----------------------------------------+
| x          | [100] | INT32 | 100      | trend_plus_modular_noise(seed=85130001,integral=true) | i=0:-1;i=1:0;i=2:1;i=3:0;i=98:5;i=99:3 |
+------------+-------+-------+----------+-------------------------------------------------------+----------------------------------------+

[stage08] case parameters
+----------------------------------------------------------------------------------------------------------------------+
| parameters                                                                                                           |
+----------------------------------------------------------------------------------------------------------------------+
| {"axis":"0","breakpoints":"","cols":"1","dtype":"INT32","mode":"constant","rank":"1","rows":"100","seed":"85130001"} |
+----------------------------------------------------------------------------------------------------------------------+

[stage08] dtype evidence
+-----------------+--------------------+--------------+------------------------------------------------------------------+--------+
| requested_dtype | config_input_dtype | output_dtype | actual_input_digest                                              | status |
+-----------------+--------------------+--------------+------------------------------------------------------------------+--------+
| INT32           | NA                 | FP64         | 463abaac4ef6945f7aa70dbd597e643439e62d8634e3d9b684f0600a805abd17 | PASS   |
+-----------------+--------------------+--------------+------------------------------------------------------------------+--------+

[stage08] evidence files
+----------------+---------------------------------------------------------------------------------------------------------------------------------------------------------------------------------------------------------------------------------------------------+
| kind           | path                                                                                                                                                                                                                                              |
+----------------+---------------------------------------------------------------------------------------------------------------------------------------------------------------------------------------------------------------------------------------------------+
| probe_raw_json | /tmp/ZKX_dev/results/stage08_input_preview_b05_detrend_652061b694fc/formal/20260810T084554Z_652061b694fc_stage08_b05_formal_85610006/detrend_probe_raw.json                                                                                       |
| full_log       | /tmp/ZKX_dev/results/stage08_input_preview_b05_detrend_652061b694fc/formal/20260810T084554Z_652061b694fc_stage08_b05_formal_85610006/operator_detrend_full.log                                                                                    |
| report_json    | /tmp/ZKX_dev/results/stage08_input_preview_b05_detrend_652061b694fc/formal/20260810T084554Z_652061b694fc_stage08_b05_formal_85610006/operator_detrend_report.json                                                                                 |
| summary_txt    | /tmp/ZKX_dev/results/stage08_input_preview_b05_detrend_652061b694fc/formal/20260810T084554Z_652061b694fc_stage08_b05_formal_85610006/operator_detrend_summary.txt                                                                                 |
| dtype_csv      | /tmp/ZKX_dev/results/stage08_input_preview_b05_detrend_652061b694fc/formal/20260810T084554Z_652061b694fc_stage08_b05_formal_85610006/operator_dtype_evidence_detrend_not_applicable_20260810T084554Z_652061b694fc_stage08_b05_formal_85610006.csv |
| memory_csv     | /tmp/ZKX_dev/results/stage08_input_preview_b05_detrend_652061b694fc/formal/20260810T084554Z_652061b694fc_stage08_b05_formal_85610006/operator_filtering_detrend_memory_trace_not_applicable.csv                                                   |
| main_csv       | /tmp/ZKX_dev/results/stage08_input_preview_b05_detrend_652061b694fc/formal/20260810T084554Z_652061b694fc_stage08_b05_formal_85610006/operator_main_results_detrend_not_applicable_20260810T084554Z_652061b694fc_stage08_b05_formal_85610006.csv   |
| timing_csv     | /tmp/ZKX_dev/results/stage08_input_preview_b05_detrend_652061b694fc/formal/20260810T084554Z_652061b694fc_stage08_b05_formal_85610006/operator_timing_samples_detrend_not_applicable_20260810T084554Z_652061b694fc_stage08_b05_formal_85610006.csv |
+----------------+---------------------------------------------------------------------------------------------------------------------------------------------------------------------------------------------------------------------------------------------------+
