command=build_stage08_b06_lombscargle_ab7484afd8df_developer/stage08_spectral_analysis_lombscargle --dtype INT16 --samples 257 --frequencies 40 --precenter true --normalize true --seed 86340003 --warmup 20 --measured 100 --output /tmp/ZKX_dev/results/stage08_input_preview_b06_lombscargle_9b01dadd36f6/formal/20260810T085748Z_9b01dadd36f6_stage08_b06_formal_8673000b/lombscargle_probe_raw.json
{"run_id": "20260810T085748Z_9b01dadd36f6_stage08_b06_formal_8673000b", "case_id": "lombscargle__lombscargle_int16_10e4__d62b9bc6030d9dd3", "operator_name": "lombscargle", "scale_id": "lombscargle_int16_10e4", "requested_dtype": "INT16", "output_dtype": "FP64", "backend": "not_applicable", "sample_count": 257, "frequency_count": 40, "scientific_work": 10280, "precenter": true, "normalize": true, "warmup_runs": 20, "measured_runs": 100, "mse": 2.31919e-19, "rmse": 4.81579e-10, "relative_l2": 8.64926e-08, "relative_linf": 8.13949e-08, "status": "PASS", "error_code": "OK"}
[stage08] identity and status
+-------------+------------------------+--------+----------------+-------+--------+----------+--------------------------+--------+------------+
| target      | scale_id               | device | backend        | dtype | warmup | measured | timing_scope             | status | error_code |
+-------------+------------------------+--------+----------------+-------+--------+----------+--------------------------+--------+------------+
| lombscargle | lombscargle_int16_10e4 | CPU    | not_applicable | INT16 | 20     | 100      | compatibility/end-to-end | PASS   | OK         |
| lombscargle | lombscargle_int16_10e4 | GPU    | not_applicable | INT16 | 20     | 100      | compatibility/end-to-end | PASS   | OK         |
+-------------+------------------------+--------+----------------+-------+--------+----------+--------------------------+--------+------------+

[stage08] timing detail
+--------+------------+-----------+--------------------+--------------------+----------+----------+----------------------+----------------------+-------------------+
| device | mean_ms    | p50_ms    | p95_ms             | p99_ms             | min_ms   | max_ms   | std_ms               | cv                   | speedup           |
+--------+------------+-----------+--------------------+--------------------+----------+----------+----------------------+----------------------+-------------------+
| CPU    | 0.53819772 | 0.536293  | 0.5469729999999999 | 0.5531313100000004 | 0.535103 | 0.612364 | 0.00818559531259639  | 0.015209271627156634 | NA                |
| GPU    | 0.84675279 | 0.8455145 | 0.8614675          | 0.88096641         | 0.828744 | 0.883185 | 0.009899860672044833 | 0.01169155955428837  | 0.635601944695098 |
+--------+------------+-----------+--------------------+--------------------+----------+----------+----------------------+----------------------+-------------------+

[stage08] accuracy detail
+------------------------------+-------------+-------------+-------------+---------------+-------------+----------------+-------------------------------------------+--------+
| accuracy_reference           | mse         | rmse        | relative_l2 | relative_linf | exact_match | mismatch_count | semantic_check                            | status |
+------------------------------+-------------+-------------+-------------+---------------+-------------+----------------+-------------------------------------------+--------+
| cpu_lombscargle_fp64_formula | 2.31919e-19 | 4.81579e-10 | 8.64926e-08 | 8.13949e-08   | NA          | NA             | irregular_periodogram_frequency_length=40 | PASS   |
+------------------------------+-------------+-------------+-------------+---------------+-------------+----------------+-------------------------------------------+--------+

[stage08] resource detail
+--------+------------+--------------+-------------+------------+-------------+
| device | metric     | before_bytes | after_bytes | peak_bytes | delta_bytes |
+--------+------------+--------------+-------------+------------+-------------+
| CPU    | cpu_heap   | 1441440      | 1445920     | 1445920    | 4480        |
| CPU    | rss        | 70029312     | 70029312    | 70029312   | 0           |
| GPU    | cpu_heap   | 1445920      | 1449376     | 1449616    | 3456        |
| GPU    | rss        | 70029312     | 70029312    | 70029312   | 0           |
| GPU    | gpu_memory | 341000192    | 341000192   | 341000192  | 0           |
+--------+------------+--------------+-------------+------------+-------------+

[stage08] input/output identity
+--------+------------------------------------------------------------------+------------------------------------------------------------------+
| device | input_digest                                                     | output_digest                                                    |
+--------+------------------------------------------------------------------+------------------------------------------------------------------+
| CPU    | d62b9bc6030d9dd3155e749474e876e3f095d80a41e99992baf154ccc2339d18 | 5aa5b3be1c3d01364a2b2bdbddcee299231f2f77b421d900d35b75d05b5f2dbe |
| GPU    | d62b9bc6030d9dd3155e749474e876e3f095d80a41e99992baf154ccc2339d18 | 26573d2a8a935358e69de3b203054e1c2e6623b23a249c026b2b5e9beb8d90f4 |
+--------+------------------------------------------------------------------+------------------------------------------------------------------+

[stage08] input content
+------------+-------+-------+----------+---------------------------------------------------+--------------------------------------------+
| input_name | shape | dtype | elements | generator                                         | values(head4/tail2)                        |
+------------+-------+-------+----------+---------------------------------------------------+--------------------------------------------+
| time       | [257] | INT16 | 257      | deterministic_sample_times(integral=true)         | i=0:0;i=1:3;i=2:6;i=3:9;i=255:94;i=256:97  |
| value      | [257] | INT16 | 257      | modular_observations(seed=86340003,integral=true) | i=0:-3;i=1:3;i=2:-2;i=3:4;i=255:-2;i=256:4 |
| frequency  | [40]  | INT16 | 40       | deterministic_frequency_grid(integral=true)       | i=0:1;i=1:2;i=2:3;i=3:4;i=38:39;i=39:40    |
+------------+-------+-------+----------+---------------------------------------------------+--------------------------------------------+

[stage08] case parameters
+--------------------------------------------------------------------------------------------------------------+
| parameters                                                                                                   |
+--------------------------------------------------------------------------------------------------------------+
| {"dtype":"INT16","frequencies":"40","normalize":"true","precenter":"true","samples":"257","seed":"86340003"} |
+--------------------------------------------------------------------------------------------------------------+

[stage08] dtype evidence
+-----------------+--------------------+--------------+------------------------------------------------------------------+--------+
| requested_dtype | config_input_dtype | output_dtype | actual_input_digest                                              | status |
+-----------------+--------------------+--------------+------------------------------------------------------------------+--------+
| INT16           | NA                 | FP64         | d62b9bc6030d9dd3155e749474e876e3f095d80a41e99992baf154ccc2339d18 | PASS   |
+-----------------+--------------------+--------------+------------------------------------------------------------------+--------+

[stage08] evidence files
+----------------+-----------------------------------------------------------------------------------------------------------------------------------------------------------------------------------------------------------------------------------------------------------+
| kind           | path                                                                                                                                                                                                                                                      |
+----------------+-----------------------------------------------------------------------------------------------------------------------------------------------------------------------------------------------------------------------------------------------------------+
| probe_raw_json | /tmp/ZKX_dev/results/stage08_input_preview_b06_lombscargle_9b01dadd36f6/formal/20260810T085748Z_9b01dadd36f6_stage08_b06_formal_8673000b/lombscargle_probe_raw.json                                                                                       |
| dtype_csv      | /tmp/ZKX_dev/results/stage08_input_preview_b06_lombscargle_9b01dadd36f6/formal/20260810T085748Z_9b01dadd36f6_stage08_b06_formal_8673000b/operator_dtype_evidence_lombscargle_not_applicable_20260810T085748Z_9b01dadd36f6_stage08_b06_formal_8673000b.csv |
| full_log       | /tmp/ZKX_dev/results/stage08_input_preview_b06_lombscargle_9b01dadd36f6/formal/20260810T085748Z_9b01dadd36f6_stage08_b06_formal_8673000b/operator_lombscargle_full.log                                                                                    |
| report_json    | /tmp/ZKX_dev/results/stage08_input_preview_b06_lombscargle_9b01dadd36f6/formal/20260810T085748Z_9b01dadd36f6_stage08_b06_formal_8673000b/operator_lombscargle_report.json                                                                                 |
| summary_txt    | /tmp/ZKX_dev/results/stage08_input_preview_b06_lombscargle_9b01dadd36f6/formal/20260810T085748Z_9b01dadd36f6_stage08_b06_formal_8673000b/operator_lombscargle_summary.txt                                                                                 |
| main_csv       | /tmp/ZKX_dev/results/stage08_input_preview_b06_lombscargle_9b01dadd36f6/formal/20260810T085748Z_9b01dadd36f6_stage08_b06_formal_8673000b/operator_main_results_lombscargle_not_applicable_20260810T085748Z_9b01dadd36f6_stage08_b06_formal_8673000b.csv   |
| memory_csv     | /tmp/ZKX_dev/results/stage08_input_preview_b06_lombscargle_9b01dadd36f6/formal/20260810T085748Z_9b01dadd36f6_stage08_b06_formal_8673000b/operator_spectral_analysis_lombscargle_memory_trace_not_applicable.csv                                           |
| timing_csv     | /tmp/ZKX_dev/results/stage08_input_preview_b06_lombscargle_9b01dadd36f6/formal/20260810T085748Z_9b01dadd36f6_stage08_b06_formal_8673000b/operator_timing_samples_lombscargle_not_applicable_20260810T085748Z_9b01dadd36f6_stage08_b06_formal_8673000b.csv |
+----------------+-----------------------------------------------------------------------------------------------------------------------------------------------------------------------------------------------------------------------------------------------------------+
