command=build_stage08_b06_lombscargle_ab7484afd8df_developer/stage08_spectral_analysis_lombscargle --dtype FP32 --samples 257 --frequencies 40 --precenter true --normalize true --seed 86310003 --warmup 20 --measured 100 --output /tmp/ZKX_dev/results/stage08_input_preview_b06_lombscargle_9b01dadd36f6/formal/20260810T085746Z_9b01dadd36f6_stage08_b06_formal_86730002/lombscargle_probe_raw.json
{"run_id": "20260810T085746Z_9b01dadd36f6_stage08_b06_formal_86730002", "case_id": "lombscargle__lombscargle_fp32_10e4__f580f90c40df8923", "operator_name": "lombscargle", "scale_id": "lombscargle_fp32_10e4", "requested_dtype": "FP32", "output_dtype": "FP64", "backend": "not_applicable", "sample_count": 257, "frequency_count": 40, "scientific_work": 10280, "precenter": true, "normalize": true, "warmup_runs": 20, "measured_runs": 100, "mse": 3.82811e-20, "rmse": 1.95656e-10, "relative_l2": 1.31491e-05, "relative_linf": 2.55385e-05, "status": "PASS", "error_code": "OK"}
[stage08] identity and status
+-------------+-----------------------+--------+----------------+-------+--------+----------+--------------------------+--------+------------+
| target      | scale_id              | device | backend        | dtype | warmup | measured | timing_scope             | status | error_code |
+-------------+-----------------------+--------+----------------+-------+--------+----------+--------------------------+--------+------------+
| lombscargle | lombscargle_fp32_10e4 | CPU    | not_applicable | FP32  | 20     | 100      | compatibility/end-to-end | PASS   | OK         |
| lombscargle | lombscargle_fp32_10e4 | GPU    | not_applicable | FP32  | 20     | 100      | compatibility/end-to-end | PASS   | OK         |
+-------------+-----------------------+--------+----------------+-------+--------+----------+--------------------------+--------+------------+

[stage08] timing detail
+--------+---------------------+--------------------+---------------------+---------------------+----------+----------+----------------------+----------------------+--------------------+
| device | mean_ms             | p50_ms             | p95_ms              | p99_ms              | min_ms   | max_ms   | std_ms               | cv                   | speedup            |
+--------+---------------------+--------------------+---------------------+---------------------+----------+----------+----------------------+----------------------+--------------------+
| CPU    | 0.47570296999999995 | 0.474222           | 0.48581399999999997 | 0.48955251000000005 | 0.473672 | 0.505443 | 0.00454890074953279  | 0.00956248128855027  | NA                 |
| GPU    | 0.84831771          | 0.8421244999999999 | 0.8929475           | 0.9367059100000004  | 0.824535 | 1.011046 | 0.024869925795343653 | 0.029316758924370037 | 0.5607603901137463 |
+--------+---------------------+--------------------+---------------------+---------------------+----------+----------+----------------------+----------------------+--------------------+

[stage08] accuracy detail
+------------------------------+-------------+-------------+-------------+---------------+-------------+----------------+-------------------------------------------+--------+
| accuracy_reference           | mse         | rmse        | relative_l2 | relative_linf | exact_match | mismatch_count | semantic_check                            | status |
+------------------------------+-------------+-------------+-------------+---------------+-------------+----------------+-------------------------------------------+--------+
| cpu_lombscargle_fp64_formula | 3.82811e-20 | 1.95656e-10 | 1.31491e-05 | 2.55385e-05   | NA          | NA             | irregular_periodogram_frequency_length=40 | PASS   |
+------------------------------+-------------+-------------+-------------+---------------+-------------+----------------+-------------------------------------------+--------+

[stage08] resource detail
+--------+------------+--------------+-------------+------------+-------------+
| device | metric     | before_bytes | after_bytes | peak_bytes | delta_bytes |
+--------+------------+--------------+-------------+------------+-------------+
| CPU    | cpu_heap   | 1452112      | 1457616     | 1457616    | 5504        |
| CPU    | rss        | 70332416     | 70332416    | 70332416   | 0           |
| GPU    | cpu_heap   | 1457616      | 1460976     | 1461248    | 3360        |
| GPU    | rss        | 70332416     | 70332416    | 70332416   | 0           |
| GPU    | gpu_memory | 341000192    | 341000192   | 341000192  | 0           |
+--------+------------+--------------+-------------+------------+-------------+

[stage08] input/output identity
+--------+------------------------------------------------------------------+------------------------------------------------------------------+
| device | input_digest                                                     | output_digest                                                    |
+--------+------------------------------------------------------------------+------------------------------------------------------------------+
| CPU    | f580f90c40df892321258cf67afafa91aaf4eae2914cf2d44f7910cfd9967334 | 41cdafaec36a6d20015345501133c1f003c7102a45b759e80c6ce8f378f20427 |
| GPU    | f580f90c40df892321258cf67afafa91aaf4eae2914cf2d44f7910cfd9967334 | 11bd68fe8a9a69532072397d137828f548a6f952d47197426462ea23cab84d83 |
+--------+------------------------------------------------------------------+------------------------------------------------------------------+

[stage08] input content
+------------+-------+-------+----------+----------------------------------------------------+--------------------------------------------------------------------------+
| input_name | shape | dtype | elements | generator                                          | values(head4/tail2)                                                      |
+------------+-------+-------+----------+----------------------------------------------------+--------------------------------------------------------------------------+
| time       | [257] | FP32  | 257      | deterministic_sample_times(integral=false)         | i=0:0;i=1:0.132812;i=2:0.265625;i=3:0.398438;i=255:31.8984;i=256:32.0312 |
| value      | [257] | FP32  | 257      | modular_observations(seed=86310003,integral=false) | i=0:1.25;i=1:0.03125;i=2:-1.1875;i=3:0.34375;i=255:-1;i=256:0.53125      |
| frequency  | [40]  | FP32  | 40       | deterministic_frequency_grid(integral=false)       | i=0:0.085;i=1:0.12;i=2:0.155;i=3:0.19;i=38:1.415;i=39:1.45               |
+------------+-------+-------+----------+----------------------------------------------------+--------------------------------------------------------------------------+

[stage08] case parameters
+-------------------------------------------------------------------------------------------------------------+
| parameters                                                                                                  |
+-------------------------------------------------------------------------------------------------------------+
| {"dtype":"FP32","frequencies":"40","normalize":"true","precenter":"true","samples":"257","seed":"86310003"} |
+-------------------------------------------------------------------------------------------------------------+

[stage08] dtype evidence
+-----------------+--------------------+--------------+------------------------------------------------------------------+--------+
| requested_dtype | config_input_dtype | output_dtype | actual_input_digest                                              | status |
+-----------------+--------------------+--------------+------------------------------------------------------------------+--------+
| FP32            | NA                 | FP64         | f580f90c40df892321258cf67afafa91aaf4eae2914cf2d44f7910cfd9967334 | PASS   |
+-----------------+--------------------+--------------+------------------------------------------------------------------+--------+

[stage08] evidence files
+----------------+-----------------------------------------------------------------------------------------------------------------------------------------------------------------------------------------------------------------------------------------------------------+
| kind           | path                                                                                                                                                                                                                                                      |
+----------------+-----------------------------------------------------------------------------------------------------------------------------------------------------------------------------------------------------------------------------------------------------------+
| probe_raw_json | /tmp/ZKX_dev/results/stage08_input_preview_b06_lombscargle_9b01dadd36f6/formal/20260810T085746Z_9b01dadd36f6_stage08_b06_formal_86730002/lombscargle_probe_raw.json                                                                                       |
| dtype_csv      | /tmp/ZKX_dev/results/stage08_input_preview_b06_lombscargle_9b01dadd36f6/formal/20260810T085746Z_9b01dadd36f6_stage08_b06_formal_86730002/operator_dtype_evidence_lombscargle_not_applicable_20260810T085746Z_9b01dadd36f6_stage08_b06_formal_86730002.csv |
| full_log       | /tmp/ZKX_dev/results/stage08_input_preview_b06_lombscargle_9b01dadd36f6/formal/20260810T085746Z_9b01dadd36f6_stage08_b06_formal_86730002/operator_lombscargle_full.log                                                                                    |
| report_json    | /tmp/ZKX_dev/results/stage08_input_preview_b06_lombscargle_9b01dadd36f6/formal/20260810T085746Z_9b01dadd36f6_stage08_b06_formal_86730002/operator_lombscargle_report.json                                                                                 |
| summary_txt    | /tmp/ZKX_dev/results/stage08_input_preview_b06_lombscargle_9b01dadd36f6/formal/20260810T085746Z_9b01dadd36f6_stage08_b06_formal_86730002/operator_lombscargle_summary.txt                                                                                 |
| main_csv       | /tmp/ZKX_dev/results/stage08_input_preview_b06_lombscargle_9b01dadd36f6/formal/20260810T085746Z_9b01dadd36f6_stage08_b06_formal_86730002/operator_main_results_lombscargle_not_applicable_20260810T085746Z_9b01dadd36f6_stage08_b06_formal_86730002.csv   |
| memory_csv     | /tmp/ZKX_dev/results/stage08_input_preview_b06_lombscargle_9b01dadd36f6/formal/20260810T085746Z_9b01dadd36f6_stage08_b06_formal_86730002/operator_spectral_analysis_lombscargle_memory_trace_not_applicable.csv                                           |
| timing_csv     | /tmp/ZKX_dev/results/stage08_input_preview_b06_lombscargle_9b01dadd36f6/formal/20260810T085746Z_9b01dadd36f6_stage08_b06_formal_86730002/operator_timing_samples_lombscargle_not_applicable_20260810T085746Z_9b01dadd36f6_stage08_b06_formal_86730002.csv |
+----------------+-----------------------------------------------------------------------------------------------------------------------------------------------------------------------------------------------------------------------------------------------------------+
