[stage07] identity and status
+-------------------+--------------+--------+------------+-------+--------+----------+--------------------------+--------+------------+
| target            | scale_id     | device | backend    | dtype | warmup | measured | timing_scope             | status | error_code |
+-------------------+--------------+--------+------------+-------+--------+----------+--------------------------+--------+------------+
| pulse_compression | pc_fp16_10e2 | CPU    | fft_thrust | FP16  | 20     | 100      | compatibility/end-to-end | PASS   | OK         |
| pulse_compression | pc_fp16_10e2 | GPU    | fft_thrust | FP16  | 20     | 100      | compatibility/end-to-end | PASS   | OK         |
+-------------------+--------------+--------+------------+-------+--------+----------+--------------------------+--------+------------+

[stage07] timing detail
+--------+------------+-----------+--------------------+--------------------+----------+----------+---------------------+----------------------+--------------------+
| device | mean_ms    | p50_ms    | p95_ms             | p99_ms             | min_ms   | max_ms   | std_ms              | cv                   | speedup            |
+--------+------------+-----------+--------------------+--------------------+----------+----------+---------------------+----------------------+--------------------+
| CPU    | 1.46442063 | 1.4605345 | 1.4725460000000001 | 1.4970242200000003 | 1.45815  | 1.551793 | 0.01060408717019528 | 0.007241148446669506 | NA                 |
| GPU    | 0.86864992 | 0.864514  | 0.9654524999999999 | 0.9955878500000009 | 0.799538 | 1.158329 | 0.05537522314495536 | 0.06374860789137626  | 1.6858582454022446 |
+--------+------------+-----------+--------------------+--------------------+----------+----------+---------------------+----------------------+--------------------+

[stage07] accuracy detail
+---------------------+-------------+-------------+-------------+---------------+-------------+----------------+---------------------------------+--------+
| reference           | mse         | rmse        | relative_l2 | relative_linf | exact_match | mismatch_count | semantic_check                  | status |
+---------------------+-------------+-------------+-------------+---------------+-------------+----------------+---------------------------------+--------+
| typed_cpu_reference | 9.47498e-12 | 3.07814e-06 | 1.98601e-07 | 1.72277e-07   | NA          | NA             | typed_output_shape_dtype_finite | PASS   |
+---------------------+-------------+-------------+-------------+---------------+-------------+----------------+---------------------------------+--------+

[stage07] resource detail
+--------+------------+--------------+-------------+------------+-------------+
| device | metric     | before_bytes | after_bytes | peak_bytes | delta_bytes |
+--------+------------+--------------+-------------+------------+-------------+
| CPU    | cpu_heap   | 1498704      | 1500528     | 1501472    | 1824        |
| CPU    | rss        | 70426624     | 70426624    | 70426624   | 0           |
| GPU    | cpu_heap   | 1500528      | 1503328     | 1503744    | 2800        |
| GPU    | rss        | 70426624     | 70426624    | 70426624   | 0           |
| GPU    | gpu_memory | 341000192    | 341000192   | 341000192  | 0           |
+--------+------------+--------------+-------------+------------+-------------+

[stage07] input and output identity
+--------+------------------------------------------------------------------+------------------------------------------------------------------+
| device | input_digest                                                     | output_digest                                                    |
+--------+------------------------------------------------------------------+------------------------------------------------------------------+
| CPU    | 369612766bef3619446dd23a61fcabae907d8aa147c1d9b230de308354e2a46c | d9f41645fad07c4af43241124d0274870b951bf41e3708c9994f115d4163cd69 |
| GPU    | 369612766bef3619446dd23a61fcabae907d8aa147c1d9b230de308354e2a46c | d00eb37429b8379ede533df6487a52f8ce663282b1dac2b79e5effe095aaf4db |
+--------+------------------------------------------------------------------+------------------------------------------------------------------+

[stage07] dtype evidence
+-----------------+--------------------+--------------+------------------------------------------------------------------+
| requested_dtype | config_input_dtype | output_dtype | actual_input_digest                                              |
+-----------------+--------------------+--------------+------------------------------------------------------------------+
| FP16            | ComplexFP16        | ComplexFP32  | 369612766bef3619446dd23a61fcabae907d8aa147c1d9b230de308354e2a46c |
+-----------------+--------------------+--------------+------------------------------------------------------------------+

[stage07] evidence files
+-------------+-----------------------------------------------------------------------------------------------------------------------------------------------------------------------------------------------------------------------------------------+
| kind        | path                                                                                                                                                                                                                                    |
+-------------+-----------------------------------------------------------------------------------------------------------------------------------------------------------------------------------------------------------------------------------------+
| main_csv    | /tmp/ZKX_dev/results/stage07_b01_rerun_3ab9f5f39b2e/formal/20260810T032752Z_3ab9f5f39b2e_stage07_b01_formal_065f6a0d/operator_main_results_pulse_compression_fft_thrust_20260810T032752Z_3ab9f5f39b2e_stage07_b01_formal_065f6a0d.csv   |
| timing_csv  | /tmp/ZKX_dev/results/stage07_b01_rerun_3ab9f5f39b2e/formal/20260810T032752Z_3ab9f5f39b2e_stage07_b01_formal_065f6a0d/operator_timing_samples_pulse_compression_fft_thrust_20260810T032752Z_3ab9f5f39b2e_stage07_b01_formal_065f6a0d.csv |
| memory_csv  | /tmp/ZKX_dev/results/stage07_b01_rerun_3ab9f5f39b2e/formal/20260810T032752Z_3ab9f5f39b2e_stage07_b01_formal_065f6a0d/operator_radartools_pulse_compression_memory_trace_fft_thrust.csv                                                  |
| dtype_csv   | /tmp/ZKX_dev/results/stage07_b01_rerun_3ab9f5f39b2e/formal/20260810T032752Z_3ab9f5f39b2e_stage07_b01_formal_065f6a0d/operator_dtype_evidence_pulse_compression_fft_thrust_20260810T032752Z_3ab9f5f39b2e_stage07_b01_formal_065f6a0d.csv |
| report_json | /tmp/ZKX_dev/results/stage07_b01_rerun_3ab9f5f39b2e/formal/20260810T032752Z_3ab9f5f39b2e_stage07_b01_formal_065f6a0d/operator_pulse_compression_report.json                                                                             |
| summary_txt | /tmp/ZKX_dev/results/stage07_b01_rerun_3ab9f5f39b2e/formal/20260810T032752Z_3ab9f5f39b2e_stage07_b01_formal_065f6a0d/operator_pulse_compression_summary.txt                                                                             |
| full_log    | /tmp/ZKX_dev/results/stage07_b01_rerun_3ab9f5f39b2e/formal/20260810T032752Z_3ab9f5f39b2e_stage07_b01_formal_065f6a0d/operator_pulse_compression_full.log                                                                                |
| result_dir  | /tmp/ZKX_dev/results/stage07_b01_rerun_3ab9f5f39b2e/formal/20260810T032752Z_3ab9f5f39b2e_stage07_b01_formal_065f6a0d                                                                                                                    |
+-------------+-----------------------------------------------------------------------------------------------------------------------------------------------------------------------------------------------------------------------------------------+
STAGE07_RADAR_CASE PASS operator=pulse_compression scale=pc_fp16_10e2 dtype=FP16 backend=fft_thrust measured=100 results=/tmp/ZKX_dev/results/stage07_b01_rerun_3ab9f5f39b2e/formal/20260810T032752Z_3ab9f5f39b2e_stage07_b01_formal_065f6a0d
