[stage07] identity and status
+-------------------+--------------+--------+------------+-------+--------+----------+--------------------------+--------+------------+
| target            | scale_id     | device | backend    | dtype | warmup | measured | timing_scope             | status | error_code |
+-------------------+--------------+--------+------------+-------+--------+----------+--------------------------+--------+------------+
| pulse_compression | pc_fp32_10e3 | CPU    | fft_thrust | FP32  | 20     | 100      | compatibility/end-to-end | PASS   | OK         |
| pulse_compression | pc_fp32_10e3 | GPU    | fft_thrust | FP32  | 20     | 100      | compatibility/end-to-end | PASS   | OK         |
+-------------------+--------------+--------+------------+-------+--------+----------+--------------------------+--------+------------+

[stage07] timing detail
+--------+------------+----------+-----------+-------------------+----------+----------+---------------------+----------------------+--------------------+
| device | mean_ms    | p50_ms   | p95_ms    | p99_ms            | min_ms   | max_ms   | std_ms              | cv                   | speedup            |
+--------+------------+----------+-----------+-------------------+----------+----------+---------------------+----------------------+--------------------+
| CPU    | 2.18884216 | 2.177955 | 2.1929905 | 2.568387020000002 | 2.170375 | 2.90984  | 0.08226371587494939 | 0.037583210602517535 | NA                 |
| GPU    | 1.89640255 | 0.868405 | 4.232677  | 4.25010511        | 0.814888 | 4.280806 | 1.4668365794813365  | 0.7734837624434414   | 1.1542075599929984 |
+--------+------------+----------+-----------+-------------------+----------+----------+---------------------+----------------------+--------------------+

[stage07] accuracy detail
+---------------------+-------------+-------------+-------------+---------------+-------------+----------------+---------------------------------+--------+
| reference           | mse         | rmse        | relative_l2 | relative_linf | exact_match | mismatch_count | semantic_check                  | status |
+---------------------+-------------+-------------+-------------+---------------+-------------+----------------+---------------------------------+--------+
| typed_cpu_reference | 9.61726e-12 | 3.10117e-06 | 1.99692e-07 | 2.7072e-07    | NA          | NA             | typed_output_shape_dtype_finite | PASS   |
+---------------------+-------------+-------------+-------------+---------------+-------------+----------------+---------------------------------+--------+

[stage07] resource detail
+--------+------------+--------------+-------------+------------+-------------+
| device | metric     | before_bytes | after_bytes | peak_bytes | delta_bytes |
+--------+------------+--------------+-------------+------------+-------------+
| CPU    | cpu_heap   | 1559872      | 1564016     | 1571104    | 4144        |
| CPU    | rss        | 69910528     | 69910528    | 69910528   | 0           |
| GPU    | cpu_heap   | 1564016      | 1567120     | 1567872    | 3104        |
| GPU    | rss        | 69910528     | 69910528    | 69910528   | 0           |
| GPU    | gpu_memory | 391544832    | 391544832   | 391544832  | 0           |
+--------+------------+--------------+-------------+------------+-------------+

[stage07] input and output identity
+--------+------------------------------------------------------------------+------------------------------------------------------------------+
| device | input_digest                                                     | output_digest                                                    |
+--------+------------------------------------------------------------------+------------------------------------------------------------------+
| CPU    | b072f67b4953fb9f05cc39a488cdb77ccb10817bcf3026fe5f0a186c010ec383 | 420e21b6a880cfdaa38d41036239b464d0d460cba9ad05a9a3de8d7fa6f23190 |
| GPU    | b072f67b4953fb9f05cc39a488cdb77ccb10817bcf3026fe5f0a186c010ec383 | 13528acbdb61d454d423b54e90dd5a7fb7bcccfeefd309d017790bc1289c0deb |
+--------+------------------------------------------------------------------+------------------------------------------------------------------+

[stage07] dtype evidence
+-----------------+--------------------+--------------+------------------------------------------------------------------+
| requested_dtype | config_input_dtype | output_dtype | actual_input_digest                                              |
+-----------------+--------------------+--------------+------------------------------------------------------------------+
| FP32            | ComplexFP32        | ComplexFP32  | b072f67b4953fb9f05cc39a488cdb77ccb10817bcf3026fe5f0a186c010ec383 |
+-----------------+--------------------+--------------+------------------------------------------------------------------+

[stage07] evidence files
+-------------+-----------------------------------------------------------------------------------------------------------------------------------------------------------------------------------------------------------------------------------------+
| kind        | path                                                                                                                                                                                                                                    |
+-------------+-----------------------------------------------------------------------------------------------------------------------------------------------------------------------------------------------------------------------------------------+
| main_csv    | /tmp/ZKX_dev/results/stage07_b01_rerun_3ab9f5f39b2e/formal/20260810T032747Z_3ab9f5f39b2e_stage07_b01_formal_0538c3ed/operator_main_results_pulse_compression_fft_thrust_20260810T032747Z_3ab9f5f39b2e_stage07_b01_formal_0538c3ed.csv   |
| timing_csv  | /tmp/ZKX_dev/results/stage07_b01_rerun_3ab9f5f39b2e/formal/20260810T032747Z_3ab9f5f39b2e_stage07_b01_formal_0538c3ed/operator_timing_samples_pulse_compression_fft_thrust_20260810T032747Z_3ab9f5f39b2e_stage07_b01_formal_0538c3ed.csv |
| memory_csv  | /tmp/ZKX_dev/results/stage07_b01_rerun_3ab9f5f39b2e/formal/20260810T032747Z_3ab9f5f39b2e_stage07_b01_formal_0538c3ed/operator_radartools_pulse_compression_memory_trace_fft_thrust.csv                                                  |
| dtype_csv   | /tmp/ZKX_dev/results/stage07_b01_rerun_3ab9f5f39b2e/formal/20260810T032747Z_3ab9f5f39b2e_stage07_b01_formal_0538c3ed/operator_dtype_evidence_pulse_compression_fft_thrust_20260810T032747Z_3ab9f5f39b2e_stage07_b01_formal_0538c3ed.csv |
| report_json | /tmp/ZKX_dev/results/stage07_b01_rerun_3ab9f5f39b2e/formal/20260810T032747Z_3ab9f5f39b2e_stage07_b01_formal_0538c3ed/operator_pulse_compression_report.json                                                                             |
| summary_txt | /tmp/ZKX_dev/results/stage07_b01_rerun_3ab9f5f39b2e/formal/20260810T032747Z_3ab9f5f39b2e_stage07_b01_formal_0538c3ed/operator_pulse_compression_summary.txt                                                                             |
| full_log    | /tmp/ZKX_dev/results/stage07_b01_rerun_3ab9f5f39b2e/formal/20260810T032747Z_3ab9f5f39b2e_stage07_b01_formal_0538c3ed/operator_pulse_compression_full.log                                                                                |
| result_dir  | /tmp/ZKX_dev/results/stage07_b01_rerun_3ab9f5f39b2e/formal/20260810T032747Z_3ab9f5f39b2e_stage07_b01_formal_0538c3ed                                                                                                                    |
+-------------+-----------------------------------------------------------------------------------------------------------------------------------------------------------------------------------------------------------------------------------------+
STAGE07_RADAR_CASE PASS operator=pulse_compression scale=pc_fp32_10e3 dtype=FP32 backend=fft_thrust measured=100 results=/tmp/ZKX_dev/results/stage07_b01_rerun_3ab9f5f39b2e/formal/20260810T032747Z_3ab9f5f39b2e_stage07_b01_formal_0538c3ed
