[stage07] identity and status
+-------------------+--------------+--------+------------+-------+--------+----------+--------------------------+--------+------------+
| target            | scale_id     | device | backend    | dtype | warmup | measured | timing_scope             | status | error_code |
+-------------------+--------------+--------+------------+-------+--------+----------+--------------------------+--------+------------+
| pulse_compression | pc_int8_10e3 | CPU    | fft_thrust | INT8  | 20     | 100      | compatibility/end-to-end | PASS   | OK         |
| pulse_compression | pc_int8_10e3 | GPU    | fft_thrust | INT8  | 20     | 100      | compatibility/end-to-end | PASS   | OK         |
+-------------------+--------------+--------+------------+-------+--------+----------+--------------------------+--------+------------+

[stage07] timing detail
+--------+------------+--------------------+----------+-------------------+----------+----------+----------------------+-----------------------+---------------------+
| device | mean_ms    | p50_ms             | p95_ms   | p99_ms            | min_ms   | max_ms   | std_ms               | cv                    | speedup             |
+--------+------------+--------------------+----------+-------------------+----------+----------+----------------------+-----------------------+---------------------+
| CPU    | 2.39451877 | 2.3957344999999997 | 2.401978 | 2.4057739         | 2.386769 | 2.413189 | 0.005297725373884524 | 0.0022124384407663355 | NA                  |
| GPU    | 6.22097625 | 6.2536205          | 6.354213 | 7.083657630000003 | 2.970857 | 7.768206 | 0.45042776541022367  | 0.07240467529677898   | 0.38491045034933224 |
+--------+------------+--------------------+----------+-------------------+----------+----------+----------------------+-----------------------+---------------------+

[stage07] accuracy detail
+---------------------+-------------+-------------+-------------+---------------+-------------+----------------+---------------------------------+--------+
| reference           | mse         | rmse        | relative_l2 | relative_linf | exact_match | mismatch_count | semantic_check                  | status |
+---------------------+-------------+-------------+-------------+---------------+-------------+----------------+---------------------------------+--------+
| typed_cpu_reference | 2.46202e-09 | 4.96187e-05 | 1.99692e-07 | 2.7072e-07    | NA          | NA             | typed_output_shape_dtype_finite | PASS   |
+---------------------+-------------+-------------+-------------+---------------+-------------+----------------+---------------------------------+--------+

[stage07] resource detail
+--------+------------+--------------+-------------+------------+-------------+
| device | metric     | before_bytes | after_bytes | peak_bytes | delta_bytes |
+--------+------------+--------------+-------------+------------+-------------+
| CPU    | cpu_heap   | 1574944      | 1564224     | 1579504    | -10720      |
| CPU    | rss        | 70250496     | 70250496    | 70250496   | 0           |
| GPU    | cpu_heap   | 1564224      | 1567056     | 1567600    | 2832        |
| GPU    | rss        | 70250496     | 70250496    | 70250496   | 0           |
| GPU    | gpu_memory | 391544832    | 391544832   | 391544832  | 0           |
+--------+------------+--------------+-------------+------------+-------------+

[stage07] input and output identity
+--------+------------------------------------------------------------------+------------------------------------------------------------------+
| device | input_digest                                                     | output_digest                                                    |
+--------+------------------------------------------------------------------+------------------------------------------------------------------+
| CPU    | b2491b437307f15d4388373f0d0922d2685c9cf4bffb6b2216189eca5b022a1c | 7ae04ca56ac8f7c2d23b66bb7ec98e91c188fa96aa0d0d0b2307e80456e788d6 |
| GPU    | b2491b437307f15d4388373f0d0922d2685c9cf4bffb6b2216189eca5b022a1c | 591ec4bb8a3eb34b099dc93ee6d9c9ed663b801c0b8ae39f4c79e9f6c5b7f26f |
+--------+------------------------------------------------------------------+------------------------------------------------------------------+

[stage07] dtype evidence
+-----------------+--------------------+--------------+------------------------------------------------------------------+
| requested_dtype | config_input_dtype | output_dtype | actual_input_digest                                              |
+-----------------+--------------------+--------------+------------------------------------------------------------------+
| INT8            | ComplexINT8        | ComplexFP64  | b2491b437307f15d4388373f0d0922d2685c9cf4bffb6b2216189eca5b022a1c |
+-----------------+--------------------+--------------+------------------------------------------------------------------+

[stage07] evidence files
+-------------+-----------------------------------------------------------------------------------------------------------------------------------------------------------------------------------------------------------------------------------------+
| kind        | path                                                                                                                                                                                                                                    |
+-------------+-----------------------------------------------------------------------------------------------------------------------------------------------------------------------------------------------------------------------------------------+
| main_csv    | /tmp/ZKX_dev/results/stage07_b01_rerun_3ab9f5f39b2e/formal/20260810T032822Z_3ab9f5f39b2e_stage07_b01_formal_74645e58/operator_main_results_pulse_compression_fft_thrust_20260810T032822Z_3ab9f5f39b2e_stage07_b01_formal_74645e58.csv   |
| timing_csv  | /tmp/ZKX_dev/results/stage07_b01_rerun_3ab9f5f39b2e/formal/20260810T032822Z_3ab9f5f39b2e_stage07_b01_formal_74645e58/operator_timing_samples_pulse_compression_fft_thrust_20260810T032822Z_3ab9f5f39b2e_stage07_b01_formal_74645e58.csv |
| memory_csv  | /tmp/ZKX_dev/results/stage07_b01_rerun_3ab9f5f39b2e/formal/20260810T032822Z_3ab9f5f39b2e_stage07_b01_formal_74645e58/operator_radartools_pulse_compression_memory_trace_fft_thrust.csv                                                  |
| dtype_csv   | /tmp/ZKX_dev/results/stage07_b01_rerun_3ab9f5f39b2e/formal/20260810T032822Z_3ab9f5f39b2e_stage07_b01_formal_74645e58/operator_dtype_evidence_pulse_compression_fft_thrust_20260810T032822Z_3ab9f5f39b2e_stage07_b01_formal_74645e58.csv |
| report_json | /tmp/ZKX_dev/results/stage07_b01_rerun_3ab9f5f39b2e/formal/20260810T032822Z_3ab9f5f39b2e_stage07_b01_formal_74645e58/operator_pulse_compression_report.json                                                                             |
| summary_txt | /tmp/ZKX_dev/results/stage07_b01_rerun_3ab9f5f39b2e/formal/20260810T032822Z_3ab9f5f39b2e_stage07_b01_formal_74645e58/operator_pulse_compression_summary.txt                                                                             |
| full_log    | /tmp/ZKX_dev/results/stage07_b01_rerun_3ab9f5f39b2e/formal/20260810T032822Z_3ab9f5f39b2e_stage07_b01_formal_74645e58/operator_pulse_compression_full.log                                                                                |
| result_dir  | /tmp/ZKX_dev/results/stage07_b01_rerun_3ab9f5f39b2e/formal/20260810T032822Z_3ab9f5f39b2e_stage07_b01_formal_74645e58                                                                                                                    |
+-------------+-----------------------------------------------------------------------------------------------------------------------------------------------------------------------------------------------------------------------------------------+
STAGE07_RADAR_CASE PASS operator=pulse_compression scale=pc_int8_10e3 dtype=INT8 backend=fft_thrust measured=100 results=/tmp/ZKX_dev/results/stage07_b01_rerun_3ab9f5f39b2e/formal/20260810T032822Z_3ab9f5f39b2e_stage07_b01_formal_74645e58
