[stage07] identity and status
+-------------------+---------------+--------+------------+-------+--------+----------+--------------------------+--------+------------+
| target            | scale_id      | device | backend    | dtype | warmup | measured | timing_scope             | status | error_code |
+-------------------+---------------+--------+------------+-------+--------+----------+--------------------------+--------+------------+
| pulse_compression | pc_int16_10e2 | CPU    | fft_thrust | INT16 | 20     | 100      | compatibility/end-to-end | PASS   | OK         |
| pulse_compression | pc_int16_10e2 | GPU    | fft_thrust | INT16 | 20     | 100      | compatibility/end-to-end | PASS   | OK         |
+-------------------+---------------+--------+------------+-------+--------+----------+--------------------------+--------+------------+

[stage07] timing detail
+--------+-------------------+----------+--------------------+--------------------+----------+----------+----------------------+---------------------+---------------------+
| device | mean_ms           | p50_ms   | p95_ms             | p99_ms             | min_ms   | max_ms   | std_ms               | cv                  | speedup             |
+--------+-------------------+----------+--------------------+--------------------+----------+----------+----------------------+---------------------+---------------------+
| CPU    | 0.6038064         | 0.601515 | 0.61167295         | 0.6259256300000003 | 0.60078  | 0.690833 | 0.009621001569483296 | 0.01593391784102205 | NA                  |
| GPU    | 6.163938819999999 | 6.252233 | 6.3222625500000005 | 6.35984179         | 3.552098 | 6.365761 | 0.4318504081067744   | 0.0700607875447366  | 0.09795788336523431 |
+--------+-------------------+----------+--------------------+--------------------+----------+----------+----------------------+---------------------+---------------------+

[stage07] accuracy detail
+---------------------+-------------+-------------+-------------+---------------+-------------+----------------+---------------------------------+--------+
| reference           | mse         | rmse        | relative_l2 | relative_linf | exact_match | mismatch_count | semantic_check                  | status |
+---------------------+-------------+-------------+-------------+---------------+-------------+----------------+---------------------------------+--------+
| typed_cpu_reference | 2.42559e-09 | 4.92503e-05 | 1.98601e-07 | 1.72277e-07   | NA          | NA             | typed_output_shape_dtype_finite | PASS   |
+---------------------+-------------+-------------+-------------+---------------+-------------+----------------+---------------------------------+--------+

[stage07] resource detail
+--------+------------+--------------+-------------+------------+-------------+
| device | metric     | before_bytes | after_bytes | peak_bytes | delta_bytes |
+--------+------------+--------------+-------------+------------+-------------+
| CPU    | cpu_heap   | 1516896      | 1516672     | 1519664    | -224        |
| CPU    | rss        | 70414336     | 70414336    | 70414336   | 0           |
| GPU    | cpu_heap   | 1516672      | 1519360     | 1519888    | 2688        |
| GPU    | rss        | 70414336     | 70414336    | 70414336   | 0           |
| GPU    | gpu_memory | 374767616    | 374767616   | 374767616  | 0           |
+--------+------------+--------------+-------------+------------+-------------+

[stage07] input and output identity
+--------+------------------------------------------------------------------+------------------------------------------------------------------+
| device | input_digest                                                     | output_digest                                                    |
+--------+------------------------------------------------------------------+------------------------------------------------------------------+
| CPU    | ce3729a7f32c96cce2c7efd76f8ea85b5a94f421952ee2d9fbe4cdf8908bd175 | 325bd628958a96809cd4f9d417f435f4e737611768379fa2c810523277db845b |
| GPU    | ce3729a7f32c96cce2c7efd76f8ea85b5a94f421952ee2d9fbe4cdf8908bd175 | 2bb20941fd09152eb443602666bfd9f323365672933da08210b0bd2375d03304 |
+--------+------------------------------------------------------------------+------------------------------------------------------------------+

[stage07] dtype evidence
+-----------------+--------------------+--------------+------------------------------------------------------------------+
| requested_dtype | config_input_dtype | output_dtype | actual_input_digest                                              |
+-----------------+--------------------+--------------+------------------------------------------------------------------+
| INT16           | ComplexINT16       | ComplexFP64  | ce3729a7f32c96cce2c7efd76f8ea85b5a94f421952ee2d9fbe4cdf8908bd175 |
+-----------------+--------------------+--------------+------------------------------------------------------------------+

[stage07] evidence files
+-------------+-----------------------------------------------------------------------------------------------------------------------------------------------------------------------------------------------------------------------------------------+
| kind        | path                                                                                                                                                                                                                                    |
+-------------+-----------------------------------------------------------------------------------------------------------------------------------------------------------------------------------------------------------------------------------------+
| main_csv    | /tmp/ZKX_dev/results/stage07_b01_rerun_3ab9f5f39b2e/formal/20260810T032813Z_3ab9f5f39b2e_stage07_b01_formal_e2187b97/operator_main_results_pulse_compression_fft_thrust_20260810T032813Z_3ab9f5f39b2e_stage07_b01_formal_e2187b97.csv   |
| timing_csv  | /tmp/ZKX_dev/results/stage07_b01_rerun_3ab9f5f39b2e/formal/20260810T032813Z_3ab9f5f39b2e_stage07_b01_formal_e2187b97/operator_timing_samples_pulse_compression_fft_thrust_20260810T032813Z_3ab9f5f39b2e_stage07_b01_formal_e2187b97.csv |
| memory_csv  | /tmp/ZKX_dev/results/stage07_b01_rerun_3ab9f5f39b2e/formal/20260810T032813Z_3ab9f5f39b2e_stage07_b01_formal_e2187b97/operator_radartools_pulse_compression_memory_trace_fft_thrust.csv                                                  |
| dtype_csv   | /tmp/ZKX_dev/results/stage07_b01_rerun_3ab9f5f39b2e/formal/20260810T032813Z_3ab9f5f39b2e_stage07_b01_formal_e2187b97/operator_dtype_evidence_pulse_compression_fft_thrust_20260810T032813Z_3ab9f5f39b2e_stage07_b01_formal_e2187b97.csv |
| report_json | /tmp/ZKX_dev/results/stage07_b01_rerun_3ab9f5f39b2e/formal/20260810T032813Z_3ab9f5f39b2e_stage07_b01_formal_e2187b97/operator_pulse_compression_report.json                                                                             |
| summary_txt | /tmp/ZKX_dev/results/stage07_b01_rerun_3ab9f5f39b2e/formal/20260810T032813Z_3ab9f5f39b2e_stage07_b01_formal_e2187b97/operator_pulse_compression_summary.txt                                                                             |
| full_log    | /tmp/ZKX_dev/results/stage07_b01_rerun_3ab9f5f39b2e/formal/20260810T032813Z_3ab9f5f39b2e_stage07_b01_formal_e2187b97/operator_pulse_compression_full.log                                                                                |
| result_dir  | /tmp/ZKX_dev/results/stage07_b01_rerun_3ab9f5f39b2e/formal/20260810T032813Z_3ab9f5f39b2e_stage07_b01_formal_e2187b97                                                                                                                    |
+-------------+-----------------------------------------------------------------------------------------------------------------------------------------------------------------------------------------------------------------------------------------+
STAGE07_RADAR_CASE PASS operator=pulse_compression scale=pc_int16_10e2 dtype=INT16 backend=fft_thrust measured=100 results=/tmp/ZKX_dev/results/stage07_b01_rerun_3ab9f5f39b2e/formal/20260810T032813Z_3ab9f5f39b2e_stage07_b01_formal_e2187b97
