[stage07] identity and status
+-------------+------------------------+--------+------------+-------+--------+----------+--------------------------+--------+------------+
| target      | scale_id               | device | backend    | dtype | warmup | measured | timing_scope             | status | error_code |
+-------------+------------------------+--------+------------+-------+--------+----------+--------------------------+--------+------------+
| spectrogram | spectrogram_int16_10e3 | CPU    | fft_thrust | INT16 | 20     | 100      | compatibility/end-to-end | PASS   | OK         |
| spectrogram | spectrogram_int16_10e3 | GPU    | fft_thrust | INT16 | 20     | 100      | compatibility/end-to-end | PASS   | OK         |
+-------------+------------------------+--------+------------+-------+--------+----------+--------------------------+--------+------------+

[stage07] timing detail
+--------+--------------------+--------------------+------------+--------------------+----------+----------+----------------------+----------------------+--------------------+
| device | mean_ms            | p50_ms             | p95_ms     | p99_ms             | min_ms   | max_ms   | std_ms               | cv                   | speedup            |
+--------+--------------------+--------------------+------------+--------------------+----------+----------+----------------------+----------------------+--------------------+
| CPU    | 6.45175285         | 6.451494           | 6.47294105 | 6.4785425100000005 | 6.429634 | 6.485226 | 0.012292558856784038 | 0.001905305293395428 | NA                 |
| GPU    | 0.5909533299999999 | 0.5783294999999999 | 0.64823805 | 0.6906240100000012 | 0.559374 | 0.92575  | 0.04171569535919424  | 0.07059050730654863  | 10.917533623171225 |
+--------+--------------------+--------------------+------------+--------------------+----------+----------+----------------------+----------------------+--------------------+

[stage07] accuracy detail
+---------------------------------+-------------+-------------+-------------+---------------+-------------+----------------+-----------------------------------------------------------+--------+
| reference                       | mse         | rmse        | relative_l2 | relative_linf | exact_match | mismatch_count | semantic_check                                            | status |
+---------------------------------+-------------+-------------+-------------+---------------+-------------+----------------+-----------------------------------------------------------+--------+
| typed_cpu_task2_step4_reference | 1.61383e-11 | 4.01725e-06 | 2.69077e-06 | 3.02319e-06   | NA          | NA             | output_count=1984;output_dtype=FP32;task_gpu_call=present | PASS   |
+---------------------------------+-------------+-------------+-------------+---------------+-------------+----------------+-----------------------------------------------------------+--------+

[stage07] resource detail
+--------+------------+--------------+-------------+------------+-------------+
| device | metric     | before_bytes | after_bytes | peak_bytes | delta_bytes |
+--------+------------+--------------+-------------+------------+-------------+
| CPU    | cpu_heap   | 1527232      | 1532384     | 1532384    | 5152        |
| CPU    | rss        | 71049216     | 71049216    | 71049216   | 0           |
| GPU    | cpu_heap   | 1532384      | 1535344     | 1535344    | 2960        |
| GPU    | rss        | 71049216     | 71049216    | 71049216   | 0           |
| GPU    | gpu_memory | 357777408    | 357777408   | 357777408  | 0           |
+--------+------------+--------------+-------------+------------+-------------+

[stage07] input content
+------------+--------+-------+----------+----------------------+--------------------------------------------+
| input_name | shape  | dtype | elements | generator            | values(head4/tail2)                        |
+------------+--------+-------+----------+----------------------+--------------------------------------------+
| signal     | [1024] | INT16 | 1024     | task2_signal_mixture | i=0:2;i=1:3;i=2:2;i=3:2;i=1022:0;i=1023:-1 |
+------------+--------+-------+----------+----------------------+--------------------------------------------+

[stage07] case parameters
+--------------------------------------------------------+
| parameters                                             |
+--------------------------------------------------------+
| {"count":1024,"frame":64,"hop":32,"output_count":1984} |
+--------------------------------------------------------+

[stage07] input and output identity
+--------+------------------------------------------------------------------+------------------------------------------------------------------+
| device | input_digest                                                     | output_digest                                                    |
+--------+------------------------------------------------------------------+------------------------------------------------------------------+
| CPU    | 0cbb2df9e4623f8e5f69eafab26a37f8a815101613fbad85c03820a9447eb726 | 763b4c079273b18c9c749dd3aa1134c4affdbed3a9c384849a1eb89a7b2ac198 |
| GPU    | 0cbb2df9e4623f8e5f69eafab26a37f8a815101613fbad85c03820a9447eb726 | 18f320eb5032557fdc2bc6e75baff644a8f29d12a93bf87afc26f1d86b2c753a |
+--------+------------------------------------------------------------------+------------------------------------------------------------------+

[stage07] dtype evidence
+-----------------+--------------------+--------------+------------------------------------------------------------------+------------------------------------------------------------------+----------------------+
| requested_dtype | config_input_dtype | output_dtype | typed_array_digest                                               | actual_input_digest                                              | task_gpu_call_status |
+-----------------+--------------------+--------------+------------------------------------------------------------------+------------------------------------------------------------------+----------------------+
| INT16           | INT16              | FP32         | c106d920158b5b5045669b908901efdbd44b453b726eb418fa8b3ee4aa765951 | 0cbb2df9e4623f8e5f69eafab26a37f8a815101613fbad85c03820a9447eb726 | proved_gpu_cpu       |
+-----------------+--------------------+--------------+------------------------------------------------------------------+------------------------------------------------------------------+----------------------+

[stage07] evidence files
+-------------+-------------------------------------------------------------------------------------------------------------------------------------------------------------------------------------------------------------------------------+
| kind        | path                                                                                                                                                                                                                          |
+-------------+-------------------------------------------------------------------------------------------------------------------------------------------------------------------------------------------------------------------------------+
| main_csv    | /tmp/ZKX_dev/results/stage07_b05_formal_2836c8d/formal/20260810T105155Z_2836c8dc200d_stage07_b05_formal_b83dc473/operator_main_results_spectrogram_fft_thrust_20260810T105155Z_2836c8dc200d_stage07_b05_formal_b83dc473.csv   |
| timing_csv  | /tmp/ZKX_dev/results/stage07_b05_formal_2836c8d/formal/20260810T105155Z_2836c8dc200d_stage07_b05_formal_b83dc473/operator_timing_samples_spectrogram_fft_thrust_20260810T105155Z_2836c8dc200d_stage07_b05_formal_b83dc473.csv |
| memory_csv  | /tmp/ZKX_dev/results/stage07_b05_formal_2836c8d/formal/20260810T105155Z_2836c8dc200d_stage07_b05_formal_b83dc473/operator_spectral_analysis_spectrogram_memory_trace_fft_thrust.csv                                           |
| dtype_csv   | /tmp/ZKX_dev/results/stage07_b05_formal_2836c8d/formal/20260810T105155Z_2836c8dc200d_stage07_b05_formal_b83dc473/operator_dtype_evidence_spectrogram_fft_thrust_20260810T105155Z_2836c8dc200d_stage07_b05_formal_b83dc473.csv |
| report_json | /tmp/ZKX_dev/results/stage07_b05_formal_2836c8d/formal/20260810T105155Z_2836c8dc200d_stage07_b05_formal_b83dc473/operator_spectrogram_report.json                                                                             |
| summary_txt | /tmp/ZKX_dev/results/stage07_b05_formal_2836c8d/formal/20260810T105155Z_2836c8dc200d_stage07_b05_formal_b83dc473/operator_spectrogram_summary.txt                                                                             |
| full_log    | /tmp/ZKX_dev/results/stage07_b05_formal_2836c8d/formal/20260810T105155Z_2836c8dc200d_stage07_b05_formal_b83dc473/operator_spectrogram_full.log                                                                                |
| result_dir  | /tmp/ZKX_dev/results/stage07_b05_formal_2836c8d/formal/20260810T105155Z_2836c8dc200d_stage07_b05_formal_b83dc473                                                                                                              |
+-------------+-------------------------------------------------------------------------------------------------------------------------------------------------------------------------------------------------------------------------------+
STAGE07_TASK_FEATURE_CASE PASS operator=spectrogram scale=spectrogram_int16_10e3 dtype=INT16 backend=fft_thrust measured=100 results=/tmp/ZKX_dev/results/stage07_b05_formal_2836c8d/formal/20260810T105155Z_2836c8dc200d_stage07_b05_formal_b83dc473
