[stage07] identity and status
+-------------+-----------------------+--------+------------+-------+--------+----------+--------------------------+--------+------------+
| target      | scale_id              | device | backend    | dtype | warmup | measured | timing_scope             | status | error_code |
+-------------+-----------------------+--------+------------+-------+--------+----------+--------------------------+--------+------------+
| spectrogram | spectrogram_int8_10e3 | CPU    | fft_thrust | INT8  | 20     | 100      | compatibility/end-to-end | PASS   | OK         |
| spectrogram | spectrogram_int8_10e3 | GPU    | fft_thrust | INT8  | 20     | 100      | compatibility/end-to-end | PASS   | OK         |
+-------------+-----------------------+--------+------------+-------+--------+----------+--------------------------+--------+------------+

[stage07] timing detail
+--------+------------+--------------------+------------+--------------------+----------+----------+----------------------+----------------------+--------------------+
| device | mean_ms    | p50_ms             | p95_ms     | p99_ms             | min_ms   | max_ms   | std_ms               | cv                   | speedup            |
+--------+------------+--------------------+------------+--------------------+----------+----------+----------------------+----------------------+--------------------+
| CPU    | 6.18143525 | 6.1790295          | 6.193183   | 6.2462368800000005 | 6.162739 | 6.40116  | 0.024117321212927013 | 0.003901573055048504 | NA                 |
| GPU    | 0.59079161 | 0.5801095000000001 | 0.65492045 | 0.6964936700000007 | 0.557643 | 0.850406 | 0.035711455878441864 | 0.060446789145231536 | 10.462970606505396 |
+--------+------------+--------------------+------------+--------------------+----------+----------+----------------------+----------------------+--------------------+

[stage07] accuracy detail
+---------------------------------+-------------+-------------+-------------+---------------+-------------+----------------+-----------------------------------------------------------+--------+
| reference                       | mse         | rmse        | relative_l2 | relative_linf | exact_match | mismatch_count | semantic_check                                            | status |
+---------------------------------+-------------+-------------+-------------+---------------+-------------+----------------+-----------------------------------------------------------+--------+
| typed_cpu_task2_step4_reference | 1.61383e-11 | 4.01725e-06 | 2.69077e-06 | 3.02319e-06   | NA          | NA             | output_count=1984;output_dtype=FP32;task_gpu_call=present | PASS   |
+---------------------------------+-------------+-------------+-------------+---------------+-------------+----------------+-----------------------------------------------------------+--------+

[stage07] resource detail
+--------+------------+--------------+-------------+------------+-------------+
| device | metric     | before_bytes | after_bytes | peak_bytes | delta_bytes |
+--------+------------+--------------+-------------+------------+-------------+
| CPU    | cpu_heap   | 1525280      | 1528368     | 1528368    | 3088        |
| CPU    | rss        | 70893568     | 70893568    | 70893568   | 0           |
| GPU    | cpu_heap   | 1528368      | 1531392     | 1531392    | 3024        |
| GPU    | rss        | 70893568     | 70893568    | 70893568   | 0           |
| GPU    | gpu_memory | 357777408    | 357777408   | 357777408  | 0           |
+--------+------------+--------------+-------------+------------+-------------+

[stage07] input content
+------------+--------+-------+----------+----------------------+--------------------------------------------+
| input_name | shape  | dtype | elements | generator            | values(head4/tail2)                        |
+------------+--------+-------+----------+----------------------+--------------------------------------------+
| signal     | [1024] | INT8  | 1024     | task2_signal_mixture | i=0:2;i=1:3;i=2:2;i=3:2;i=1022:0;i=1023:-1 |
+------------+--------+-------+----------+----------------------+--------------------------------------------+

[stage07] case parameters
+--------------------------------------------------------+
| parameters                                             |
+--------------------------------------------------------+
| {"count":1024,"frame":64,"hop":32,"output_count":1984} |
+--------------------------------------------------------+

[stage07] input and output identity
+--------+------------------------------------------------------------------+------------------------------------------------------------------+
| device | input_digest                                                     | output_digest                                                    |
+--------+------------------------------------------------------------------+------------------------------------------------------------------+
| CPU    | 08b9a4cc27423fcf5a000ac2e8d12ad62e997913b98f9ebb8abcb27af4657dc2 | 763b4c079273b18c9c749dd3aa1134c4affdbed3a9c384849a1eb89a7b2ac198 |
| GPU    | 08b9a4cc27423fcf5a000ac2e8d12ad62e997913b98f9ebb8abcb27af4657dc2 | 18f320eb5032557fdc2bc6e75baff644a8f29d12a93bf87afc26f1d86b2c753a |
+--------+------------------------------------------------------------------+------------------------------------------------------------------+

[stage07] dtype evidence
+-----------------+--------------------+--------------+------------------------------------------------------------------+------------------------------------------------------------------+----------------------+
| requested_dtype | config_input_dtype | output_dtype | typed_array_digest                                               | actual_input_digest                                              | task_gpu_call_status |
+-----------------+--------------------+--------------+------------------------------------------------------------------+------------------------------------------------------------------+----------------------+
| INT8            | INT8               | FP32         | 153cf5fd0a94dc30ecc6cd624bf532174a66f8cc4203d407a809546cb76d8d94 | 08b9a4cc27423fcf5a000ac2e8d12ad62e997913b98f9ebb8abcb27af4657dc2 | proved_gpu_cpu       |
+-----------------+--------------------+--------------+------------------------------------------------------------------+------------------------------------------------------------------+----------------------+

[stage07] evidence files
+-------------+-------------------------------------------------------------------------------------------------------------------------------------------------------------------------------------------------------------------------------+
| kind        | path                                                                                                                                                                                                                          |
+-------------+-------------------------------------------------------------------------------------------------------------------------------------------------------------------------------------------------------------------------------+
| main_csv    | /tmp/ZKX_dev/results/stage07_b05_formal_2836c8d/formal/20260810T105204Z_2836c8dc200d_stage07_b05_formal_0d628023/operator_main_results_spectrogram_fft_thrust_20260810T105204Z_2836c8dc200d_stage07_b05_formal_0d628023.csv   |
| timing_csv  | /tmp/ZKX_dev/results/stage07_b05_formal_2836c8d/formal/20260810T105204Z_2836c8dc200d_stage07_b05_formal_0d628023/operator_timing_samples_spectrogram_fft_thrust_20260810T105204Z_2836c8dc200d_stage07_b05_formal_0d628023.csv |
| memory_csv  | /tmp/ZKX_dev/results/stage07_b05_formal_2836c8d/formal/20260810T105204Z_2836c8dc200d_stage07_b05_formal_0d628023/operator_spectral_analysis_spectrogram_memory_trace_fft_thrust.csv                                           |
| dtype_csv   | /tmp/ZKX_dev/results/stage07_b05_formal_2836c8d/formal/20260810T105204Z_2836c8dc200d_stage07_b05_formal_0d628023/operator_dtype_evidence_spectrogram_fft_thrust_20260810T105204Z_2836c8dc200d_stage07_b05_formal_0d628023.csv |
| report_json | /tmp/ZKX_dev/results/stage07_b05_formal_2836c8d/formal/20260810T105204Z_2836c8dc200d_stage07_b05_formal_0d628023/operator_spectrogram_report.json                                                                             |
| summary_txt | /tmp/ZKX_dev/results/stage07_b05_formal_2836c8d/formal/20260810T105204Z_2836c8dc200d_stage07_b05_formal_0d628023/operator_spectrogram_summary.txt                                                                             |
| full_log    | /tmp/ZKX_dev/results/stage07_b05_formal_2836c8d/formal/20260810T105204Z_2836c8dc200d_stage07_b05_formal_0d628023/operator_spectrogram_full.log                                                                                |
| result_dir  | /tmp/ZKX_dev/results/stage07_b05_formal_2836c8d/formal/20260810T105204Z_2836c8dc200d_stage07_b05_formal_0d628023                                                                                                              |
+-------------+-------------------------------------------------------------------------------------------------------------------------------------------------------------------------------------------------------------------------------+
STAGE07_TASK_FEATURE_CASE PASS operator=spectrogram scale=spectrogram_int8_10e3 dtype=INT8 backend=fft_thrust measured=100 results=/tmp/ZKX_dev/results/stage07_b05_formal_2836c8d/formal/20260810T105204Z_2836c8dc200d_stage07_b05_formal_0d628023
