command=build_stage08_b03_resample_35406beea576/stage08_filtering_resample --dtype INT8 --rows 100 --cols 100 --output-count 80 --domain frequency --seed 83350003 --warmup 20 --measured 100 --output /tmp/ZKX_dev/results/stage08_input_preview_b03_resample_5bf09d215ce4/formal/20260810T074946Z_5bf09d215ce4_stage08_b03_formal_9901300f/resample_probe_raw.json
STAGE08_RESAMPLE_PROBE PASS dtype=INT8 shape=100x100 output_count=80 domain=frequency backend=fft_thrust
{"actual_input_digest": "876d5cd7fa774becfc5e928bbf56a191e5651b0626e32e88f8b8303a7fb05bae", "axis": 1, "backend": "fft_thrust", "case_id": "resample__resample_int8_10e4__876d5cd7fa774bec", "compute_dtype": "FP32", "domain": "frequency", "dtype_semantics": "actual_typed_array_input_fp32_fft_resample_extension", "error_code": "OK", "fft_dtype": "ComplexFP32", "measured_runs": 100, "metrics": {"mse": 8.800881809224127e-15, "relative_l2": 2.1823502323541274e-07, "relative_linf": 1.498643551175143e-07, "rmse": 9.381301513768826e-08}, "operator_name": "resample", "output_dtype": "FP64", "output_sample_count": 80, "requested_dtype": "INT8", "run_id": "20260810T074946Z_5bf09d215ce4_stage08_b03_formal_9901300f", "scale_id": "resample_int8_10e4", "schema_version": 1, "status": "PASS", "typed_input_count": 1, "typed_input_names": "x", "warmup_runs": 20}
[stage08] identity and status
+----------+--------------------+--------+------------+-------+--------+----------+--------------------------+--------+------------+
| target   | scale_id           | device | backend    | dtype | warmup | measured | timing_scope             | status | error_code |
+----------+--------------------+--------+------------+-------+--------+----------+--------------------------+--------+------------+
| resample | resample_int8_10e4 | CPU    | fft_thrust | INT8  | 20     | 100      | compatibility/end-to-end | PASS   | OK         |
| resample | resample_int8_10e4 | GPU    | fft_thrust | INT8  | 20     | 100      | compatibility/end-to-end | PASS   | OK         |
+----------+--------------------+--------+------------+-------+--------+----------+--------------------------+--------+------------+

[stage08] timing detail
+--------+--------------------+--------------------+--------------------+--------------------+--------------------+--------------------+---------------------+-----------------------+--------------------+
| device | mean_ms            | p50_ms             | p95_ms             | p99_ms             | min_ms             | max_ms             | std_ms              | cv                    | speedup            |
+--------+--------------------+--------------------+--------------------+--------------------+--------------------+--------------------+---------------------+-----------------------+--------------------+
| CPU    | 41.935407050000002 | 41.907982000000004 | 41.997791499999998 | 42.120072460000003 | 41.859211000000002 | 43.832619999999999 | 0.19492198364799038 | 0.0046481481249385026 | NA                 |
| GPU    | 76.891139030000005 | 76.907049499999999 | 77.701374000000001 | 77.99264033        | 76.097251999999997 | 78.289771999999999 | 0.64004245083932387 | 0.0083240079274882837 | 0.5453867321907977 |
+--------+--------------------+--------------------+--------------------+--------------------+--------------------+--------------------+---------------------+-----------------------+--------------------+

[stage08] accuracy detail
+--------------------------------------+------------------------+------------------------+------------------------+-----------------------+-------------+----------------+-----------------------------------------------------------------------------------------------------------------------------+--------+
| accuracy_reference                   | mse                    | rmse                   | relative_l2            | relative_linf         | exact_match | mismatch_count | semantic_check                                                                                                              | status |
+--------------------------------------+------------------------+------------------------+------------------------+-----------------------+-------------+----------------+-----------------------------------------------------------------------------------------------------------------------------+--------+
| cpu_typed_double_direct_dft_resample | 8.8008818092241269e-15 | 9.3813015137688259e-08 | 2.1823502323541274e-07 | 1.498643551175143e-07 | NA          | NA             | finite_resampled_signal_shape_domain_and_output_dtype_match_cpu:shape=[100, 100];axis=1;num=80;domain=frequency;finite=true | PASS   |
+--------------------------------------+------------------------+------------------------+------------------------+-----------------------+-------------+----------------+-----------------------------------------------------------------------------------------------------------------------------+--------+

[stage08] resource detail
+--------+------------+--------------+-------------+------------+-------------+
| device | metric     | before_bytes | after_bytes | peak_bytes | delta_bytes |
+--------+------------+--------------+-------------+------------+-------------+
| CPU    | cpu_heap   | 2074944      | 2087728     | 2150624    | 12784       |
| CPU    | rss        | 71806976     | 71806976    | 71806976   | 0           |
| GPU    | cpu_heap   | 2087728      | 2091296     | 2091296    | 3568        |
| GPU    | rss        | 71806976     | 71806976    | 71806976   | 0           |
| GPU    | gpu_memory | 341000192    | 341000192   | 341000192  | 0           |
+--------+------------+--------------+-------------+------------+-------------+

[stage08] input/output identity
+--------+------------------------------------------------------------------+------------------------------------------------------------------+
| device | input_digest                                                     | output_digest                                                    |
+--------+------------------------------------------------------------------+------------------------------------------------------------------+
| CPU    | 876d5cd7fa774becfc5e928bbf56a191e5651b0626e32e88f8b8303a7fb05bae | e4507dce4801de6385168946380c202477e70cb131689483a0492efaa9845aaa |
| GPU    | 876d5cd7fa774becfc5e928bbf56a191e5651b0626e32e88f8b8303a7fb05bae | 5d4949f1bc8583cb0265e9df5d129569a40e96eff9000c48579356e9a9973c93 |
+--------+------------------------------------------------------------------+------------------------------------------------------------------+

[stage08] input content
+------------+-----------+-------+----------+---------------------------------------------+------------------------------------------------+
| input_name | shape     | dtype | elements | generator                                   | values(head4/tail2)                            |
+------------+-----------+-------+----------+---------------------------------------------+------------------------------------------------+
| x          | [100x100] | INT8  | 10000    | modular_signal(seed=83350003,integral=true) | i=0:-7;i=1:10;i=2:4;i=3:-2;i=9998:-11;i=9999:6 |
+------------+-----------+-------+----------+---------------------------------------------+------------------------------------------------+

[stage08] case parameters
+-------------------------------------------------------------------------------------------------------+
| parameters                                                                                            |
+-------------------------------------------------------------------------------------------------------+
| {"cols":"100","domain":"frequency","dtype":"INT8","output-count":"80","rows":"100","seed":"83350003"} |
+-------------------------------------------------------------------------------------------------------+

[stage08] dtype evidence
+-----------------+--------------------+--------------+------------------------------------------------------------------+--------+
| requested_dtype | config_input_dtype | output_dtype | actual_input_digest                                              | status |
+-----------------+--------------------+--------------+------------------------------------------------------------------+--------+
| INT8            | NA                 | FP64         | 876d5cd7fa774becfc5e928bbf56a191e5651b0626e32e88f8b8303a7fb05bae | PASS   |
+-----------------+--------------------+--------------+------------------------------------------------------------------+--------+

[stage08] evidence files
+----------------+-------------------------------------------------------------------------------------------------------------------------------------------------------------------------------------------------------------------------------------------------+
| kind           | path                                                                                                                                                                                                                                            |
+----------------+-------------------------------------------------------------------------------------------------------------------------------------------------------------------------------------------------------------------------------------------------+
| dtype_csv      | /tmp/ZKX_dev/results/stage08_input_preview_b03_resample_5bf09d215ce4/formal/20260810T074946Z_5bf09d215ce4_stage08_b03_formal_9901300f/operator_dtype_evidence_resample_fft_thrust_20260810T074946Z_5bf09d215ce4_stage08_b03_formal_9901300f.csv |
| memory_csv     | /tmp/ZKX_dev/results/stage08_input_preview_b03_resample_5bf09d215ce4/formal/20260810T074946Z_5bf09d215ce4_stage08_b03_formal_9901300f/operator_filtering_resample_memory_trace_fft_thrust.csv                                                   |
| main_csv       | /tmp/ZKX_dev/results/stage08_input_preview_b03_resample_5bf09d215ce4/formal/20260810T074946Z_5bf09d215ce4_stage08_b03_formal_9901300f/operator_main_results_resample_fft_thrust_20260810T074946Z_5bf09d215ce4_stage08_b03_formal_9901300f.csv   |
| full_log       | /tmp/ZKX_dev/results/stage08_input_preview_b03_resample_5bf09d215ce4/formal/20260810T074946Z_5bf09d215ce4_stage08_b03_formal_9901300f/operator_resample_full.log                                                                                |
| report_json    | /tmp/ZKX_dev/results/stage08_input_preview_b03_resample_5bf09d215ce4/formal/20260810T074946Z_5bf09d215ce4_stage08_b03_formal_9901300f/operator_resample_report.json                                                                             |
| summary_txt    | /tmp/ZKX_dev/results/stage08_input_preview_b03_resample_5bf09d215ce4/formal/20260810T074946Z_5bf09d215ce4_stage08_b03_formal_9901300f/operator_resample_summary.txt                                                                             |
| timing_csv     | /tmp/ZKX_dev/results/stage08_input_preview_b03_resample_5bf09d215ce4/formal/20260810T074946Z_5bf09d215ce4_stage08_b03_formal_9901300f/operator_timing_samples_resample_fft_thrust_20260810T074946Z_5bf09d215ce4_stage08_b03_formal_9901300f.csv |
| probe_raw_json | /tmp/ZKX_dev/results/stage08_input_preview_b03_resample_5bf09d215ce4/formal/20260810T074946Z_5bf09d215ce4_stage08_b03_formal_9901300f/resample_probe_raw.json                                                                                   |
+----------------+-------------------------------------------------------------------------------------------------------------------------------------------------------------------------------------------------------------------------------------------------+
