command=/tmp/ZKX_dev/build_stage07_b01_ca_cfar_1662dd06774d/stage07_radartools_ca_cfar --dtype FP32 --warmup 20 --measured 100 --output /tmp/ZKX_dev/results/stage07_b01_input_preview_1662dd06774d/formal/20260810T081252Z_1662dd06774d_stage07_b01_formal_0fc26f06/ca_cfar_probe_raw.json --n0 16 --n1 16 --pfa 0.001
STAGE07_RADAR_PROBE PASS operator=ca_cfar dtype=FP32
{"run_id": "20260810T081252Z_1662dd06774d_stage07_b01_formal_0fc26f06", "case_id": "ca_cfar__cacfar_fp32_10e2__ffcd19d7cf9b4c5c", "operator_name": "ca_cfar", "scale_id": "cacfar_fp32_10e2", "requested_dtype": "FP32", "config_input_dtype": "FP32", "input_content": [{"input_name": "power", "shape": "[16x16]", "dtype": "FP32", "element_count": "256", "generator": "real_modular(seed=23,integral=false)", "preview_head4_tail2": "i=0:-0.625;i=1:-0.84375;i=2:-1.0625;i=3:1.09375;i=254:0.0625;i=255:-0.15625"}], "case_parameters": {"guard_cells": [1, 1], "reference_cells": [4, 4], "pfa": 0.001}, "output_dtype": "FP32+BOOL", "backend": "not_applicable", "warmup_runs": 20, "measured_runs": 100, "mse": 0, "rmse": 0, "relative_l2": 0, "relative_linf": 0, "exact_match": true, "mismatch_count": 0, "semantic_check": true, "actual_input_digest": "ffcd19d7cf9b4c5cf4d9092793654797770d706fc5d45459fd8e6f08424a286f", "status": "PASS", "error_code": "OK"}
[stage07] identity and status
+---------+------------------+--------+----------------+-------+--------+----------+--------------------------+--------+------------+
| target  | scale_id         | device | backend        | dtype | warmup | measured | timing_scope             | status | error_code |
+---------+------------------+--------+----------------+-------+--------+----------+--------------------------+--------+------------+
| ca_cfar | cacfar_fp32_10e2 | CPU    | not_applicable | FP32  | 20     | 100      | compatibility/end-to-end | PASS   | OK         |
| ca_cfar | cacfar_fp32_10e2 | GPU    | not_applicable | FP32  | 20     | 100      | compatibility/end-to-end | PASS   | OK         |
+---------+------------------+--------+----------------+-------+--------+----------+--------------------------+--------+------------+

[stage07] timing detail
+--------+---------------------+---------------------+-----------+----------------------+---------+----------+-----------------------+-----------------------+---------------------+
| device | mean_ms             | p50_ms              | p95_ms    | p99_ms               | min_ms  | max_ms   | std_ms                | cv                    | speedup             |
+--------+---------------------+---------------------+-----------+----------------------+---------+----------+-----------------------+-----------------------+---------------------+
| CPU    | 0.02131177          | 0.02131             | 0.0214005 | 0.021430300000000003 | 0.0212  | 0.02146  | 5.028814074908696e-05 | 0.0023596416791794843 | NA                  |
| GPU    | 0.32717533000000004 | 0.32637950000000004 | 0.395328  | 0.49199510000000024  | 0.29648 | 0.543089 | 0.039069681824415975  | 0.11941512162428619   | 0.06513868267512712 |
+--------+---------------------+---------------------+-----------+----------------------+---------+----------+-----------------------+-----------------------+---------------------+

[stage07] accuracy detail
+---------------------+-----+------+-------------+---------------+-------------+----------------+---------------------------------+--------+
| reference           | mse | rmse | relative_l2 | relative_linf | exact_match | mismatch_count | semantic_check                  | status |
+---------------------+-----+------+-------------+---------------+-------------+----------------+---------------------------------+--------+
| typed_cpu_reference | 0   | 0    | 0           | 0             | true        | 0              | detection_binary_and_shape=true | PASS   |
+---------------------+-----+------+-------------+---------------+-------------+----------------+---------------------------------+--------+

[stage07] resource detail
+--------+------------+--------------+-------------+------------+-------------+
| device | metric     | before_bytes | after_bytes | peak_bytes | delta_bytes |
+--------+------------+--------------+-------------+------------+-------------+
| CPU    | cpu_heap   | 1409024      | 1412336     | 1412336    | 3312        |
| CPU    | rss        | 70541312     | 70541312    | 70541312   | 0           |
| GPU    | cpu_heap   | 1412336      | 1415744     | 1415744    | 3408        |
| GPU    | rss        | 70541312     | 70541312    | 70541312   | 0           |
| GPU    | gpu_memory | 341000192    | 341000192   | 341000192  | 0           |
+--------+------------+--------------+-------------+------------+-------------+

[stage07] input content
+------------+---------+-------+----------+--------------------------------------+-----------------------------------------------------------------------------+
| input_name | shape   | dtype | elements | generator                            | values(head4/tail2)                                                         |
+------------+---------+-------+----------+--------------------------------------+-----------------------------------------------------------------------------+
| power      | [16x16] | FP32  | 256      | real_modular(seed=23,integral=false) | i=0:-0.625;i=1:-0.84375;i=2:-1.0625;i=3:1.09375;i=254:0.0625;i=255:-0.15625 |
+------------+---------+-------+----------+--------------------------------------+-----------------------------------------------------------------------------+

[stage07] case parameters
+-----------------------------------------------------------+
| parameters                                                |
+-----------------------------------------------------------+
| {"guard_cells":[1,1],"pfa":0.001,"reference_cells":[4,4]} |
+-----------------------------------------------------------+

[stage07] input and output identity
+--------+------------------------------------------------------------------+------------------------------------------------------------------+
| device | input_digest                                                     | output_digest                                                    |
+--------+------------------------------------------------------------------+------------------------------------------------------------------+
| CPU    | ffcd19d7cf9b4c5cf4d9092793654797770d706fc5d45459fd8e6f08424a286f | e3cc756cdf5e43bcba58f4ccdf9f5a4c198eb1399b5aaf664c2d0bcd4eee4703 |
| GPU    | ffcd19d7cf9b4c5cf4d9092793654797770d706fc5d45459fd8e6f08424a286f | e3cc756cdf5e43bcba58f4ccdf9f5a4c198eb1399b5aaf664c2d0bcd4eee4703 |
+--------+------------------------------------------------------------------+------------------------------------------------------------------+

[stage07] dtype evidence
+-----------------+--------------------+--------------+------------------------------------------------------------------+
| requested_dtype | config_input_dtype | output_dtype | actual_input_digest                                              |
+-----------------+--------------------+--------------+------------------------------------------------------------------+
| FP32            | FP32               | FP32+BOOL    | ffcd19d7cf9b4c5cf4d9092793654797770d706fc5d45459fd8e6f08424a286f |
+-----------------+--------------------+--------------+------------------------------------------------------------------+

[stage07] evidence files
+-------------+-------------------------------------------------------------------------------------------------------------------------------------------------------------------------------------------------------------------------------------------+
| kind        | path                                                                                                                                                                                                                                      |
+-------------+-------------------------------------------------------------------------------------------------------------------------------------------------------------------------------------------------------------------------------------------+
| main_csv    | /tmp/ZKX_dev/results/stage07_b01_input_preview_1662dd06774d/formal/20260810T081252Z_1662dd06774d_stage07_b01_formal_0fc26f06/operator_main_results_ca_cfar_not_applicable_20260810T081252Z_1662dd06774d_stage07_b01_formal_0fc26f06.csv   |
| timing_csv  | /tmp/ZKX_dev/results/stage07_b01_input_preview_1662dd06774d/formal/20260810T081252Z_1662dd06774d_stage07_b01_formal_0fc26f06/operator_timing_samples_ca_cfar_not_applicable_20260810T081252Z_1662dd06774d_stage07_b01_formal_0fc26f06.csv |
| memory_csv  | /tmp/ZKX_dev/results/stage07_b01_input_preview_1662dd06774d/formal/20260810T081252Z_1662dd06774d_stage07_b01_formal_0fc26f06/operator_radartools_ca_cfar_memory_trace_not_applicable.csv                                                  |
| dtype_csv   | /tmp/ZKX_dev/results/stage07_b01_input_preview_1662dd06774d/formal/20260810T081252Z_1662dd06774d_stage07_b01_formal_0fc26f06/operator_dtype_evidence_ca_cfar_not_applicable_20260810T081252Z_1662dd06774d_stage07_b01_formal_0fc26f06.csv |
| report_json | /tmp/ZKX_dev/results/stage07_b01_input_preview_1662dd06774d/formal/20260810T081252Z_1662dd06774d_stage07_b01_formal_0fc26f06/operator_ca_cfar_report.json                                                                                 |
| summary_txt | /tmp/ZKX_dev/results/stage07_b01_input_preview_1662dd06774d/formal/20260810T081252Z_1662dd06774d_stage07_b01_formal_0fc26f06/operator_ca_cfar_summary.txt                                                                                 |
| full_log    | /tmp/ZKX_dev/results/stage07_b01_input_preview_1662dd06774d/formal/20260810T081252Z_1662dd06774d_stage07_b01_formal_0fc26f06/operator_ca_cfar_full.log                                                                                    |
| result_dir  | /tmp/ZKX_dev/results/stage07_b01_input_preview_1662dd06774d/formal/20260810T081252Z_1662dd06774d_stage07_b01_formal_0fc26f06                                                                                                              |
+-------------+-------------------------------------------------------------------------------------------------------------------------------------------------------------------------------------------------------------------------------------------+
