command=build_stage08_b04_firfilter2_be79ae78aeff/stage08_filtering_firfilter2 --dtype INT16 --rows 100 --cols 100 --axis 1 --padtype constant --padlen 8 --seed 84240003 --warmup 20 --measured 100 --output /tmp/ZKX_dev/results/stage08_input_preview_b04_firfilter2_db927ed96663/formal/20260810T083713Z_db927ed96663_stage08_b04_formal_b403000c/firfilter2_probe_raw.json
STAGE08_FIRFILTER2_PROBE PASS dtype=INT16 padtype=constant backend=not_applicable
[stage08] identity and status
+------------+-----------------------+--------+----------------+-------+--------+----------+--------------------------+--------+------------+
| target     | scale_id              | device | backend        | dtype | warmup | measured | timing_scope             | status | error_code |
+------------+-----------------------+--------+----------------+-------+--------+----------+--------------------------+--------+------------+
| firfilter2 | firfilter2_int16_10e4 | CPU    | not_applicable | INT16 | 20     | 100      | compatibility/end-to-end | PASS   | OK         |
| firfilter2 | firfilter2_int16_10e4 | GPU    | not_applicable | INT16 | 20     | 100      | compatibility/end-to-end | PASS   | OK         |
+------------+-----------------------+--------+----------------+-------+--------+----------+--------------------------+--------+------------+

[stage08] timing detail
+--------+------------+--------------------+---------------------+---------------------+---------------------+---------------------+-----------------------+-----------------------+--------------------+
| device | mean_ms    | p50_ms             | p95_ms              | p99_ms              | min_ms              | max_ms              | std_ms                | cv                    | speedup            |
+--------+------------+--------------------+---------------------+---------------------+---------------------+---------------------+-----------------------+-----------------------+--------------------+
| CPU    | 1.68756014 | 1.6847734999999999 | 1.69515795          | 1.6986067000000002  | 1.679359            | 1.7696590000000001  | 0.0095230681589706222 | 0.0056430985380886171 | NA                 |
| GPU    | 0.30832914 | 0.307282           | 0.31753844999999997 | 0.33133430000000003 | 0.29978199999999999 | 0.33156200000000002 | 0.0060055405485601385 | 0.019477693702775346  | 5.4732424577190466 |
+--------+------------+--------------------+---------------------+---------------------+---------------------+---------------------+-----------------------+-----------------------+--------------------+

[stage08] accuracy detail
+---------------------------------------------+-----+------+-------------+---------------+-------------+----------------+-------------------------------------------------------------------------------+--------+
| accuracy_reference                          | mse | rmse | relative_l2 | relative_linf | exact_match | mismatch_count | semantic_check                                                                | status |
+---------------------------------------------+-----+------+-------------+---------------+-------------+----------------+-------------------------------------------------------------------------------+--------+
| cpu_independent_bidirectional_fir_reference | 0   | 0    | 0           | 0             | NA          | NA             | shape_axis_padding_and_fp32_output_match_cpu:axis=1;padtype=constant;padlen=8 | PASS   |
+---------------------------------------------+-----+------+-------------+---------------+-------------+----------------+-------------------------------------------------------------------------------+--------+

[stage08] resource detail
+--------+------------+--------------+-------------+------------+-------------+
| device | metric     | before_bytes | after_bytes | peak_bytes | delta_bytes |
+--------+------------+--------------+-------------+------------+-------------+
| CPU    | cpu_heap   | 1550704      | 1553888     | 1593904    | 3184        |
| CPU    | rss        | 70041600     | 70041600    | 70041600   | 0           |
| GPU    | cpu_heap   | 1555632      | 1559600     | 1559600    | 3968        |
| GPU    | rss        | 70041600     | 70041600    | 70041600   | 0           |
| GPU    | gpu_memory | 408322048    | 408322048   | 408322048  | 0           |
+--------+------------+--------------+-------------+------------+-------------+

[stage08] input/output identity
+--------+------------------------------------------------------------------+------------------------------------------------------------------+
| device | input_digest                                                     | output_digest                                                    |
+--------+------------------------------------------------------------------+------------------------------------------------------------------+
| CPU    | bfb5e00909c1c124c4aac9dbc5a58fc486c21d107ed8f7fd84bd50a4924e19b4 | 0c6db8c3d6e2af6f9a8539184012a0314be0d40234ec0ce9357faf98ce9e803b |
| GPU    | bfb5e00909c1c124c4aac9dbc5a58fc486c21d107ed8f7fd84bd50a4924e19b4 | 0c6db8c3d6e2af6f9a8539184012a0314be0d40234ec0ce9357faf98ce9e803b |
+--------+------------------------------------------------------------------+------------------------------------------------------------------+

[stage08] input content
+------------+-----------+-------+----------+------------------------------------------------+----------------------------------------------+
| input_name | shape     | dtype | elements | generator                                      | values(head4/tail2)                          |
+------------+-----------+-------+----------+------------------------------------------------+----------------------------------------------+
| x          | [100x100] | INT16 | 10000    | firfilter_modular(seed=84240003,integral=true) | i=0:-1;i=1:3;i=2:-2;i=3:2;i=9998:4;i=9999:-1 |
| b          | [3]       | INT16 | 3        | fixed_filter_coefficients                      | i=0:1;i=1:1;i=2:1                            |
+------------+-----------+-------+----------+------------------------------------------------+----------------------------------------------+

[stage08] case parameters
+------------------------------------------------------------------------------------------------------------+
| parameters                                                                                                 |
+------------------------------------------------------------------------------------------------------------+
| {"axis":"1","cols":"100","dtype":"INT16","padlen":"8","padtype":"constant","rows":"100","seed":"84240003"} |
+------------------------------------------------------------------------------------------------------------+

[stage08] dtype evidence
+-----------------+--------------------+--------------+------------------------------------------------------------------+--------+
| requested_dtype | config_input_dtype | output_dtype | actual_input_digest                                              | status |
+-----------------+--------------------+--------------+------------------------------------------------------------------+--------+
| INT16           | NA                 | FP32         | bfb5e00909c1c124c4aac9dbc5a58fc486c21d107ed8f7fd84bd50a4924e19b4 | PASS   |
+-----------------+--------------------+--------------+------------------------------------------------------------------+--------+

[stage08] evidence files
+----------------+---------------------------------------------------------------------------------------------------------------------------------------------------------------------------------------------------------------------------------------------------------+
| kind           | path                                                                                                                                                                                                                                                    |
+----------------+---------------------------------------------------------------------------------------------------------------------------------------------------------------------------------------------------------------------------------------------------------+
| probe_raw_json | /tmp/ZKX_dev/results/stage08_input_preview_b04_firfilter2_db927ed96663/formal/20260810T083713Z_db927ed96663_stage08_b04_formal_b403000c/firfilter2_probe_raw.json                                                                                       |
| dtype_csv      | /tmp/ZKX_dev/results/stage08_input_preview_b04_firfilter2_db927ed96663/formal/20260810T083713Z_db927ed96663_stage08_b04_formal_b403000c/operator_dtype_evidence_firfilter2_not_applicable_20260810T083713Z_db927ed96663_stage08_b04_formal_b403000c.csv |
| memory_csv     | /tmp/ZKX_dev/results/stage08_input_preview_b04_firfilter2_db927ed96663/formal/20260810T083713Z_db927ed96663_stage08_b04_formal_b403000c/operator_filtering_firfilter2_memory_trace_not_applicable.csv                                                   |
| full_log       | /tmp/ZKX_dev/results/stage08_input_preview_b04_firfilter2_db927ed96663/formal/20260810T083713Z_db927ed96663_stage08_b04_formal_b403000c/operator_firfilter2_full.log                                                                                    |
| report_json    | /tmp/ZKX_dev/results/stage08_input_preview_b04_firfilter2_db927ed96663/formal/20260810T083713Z_db927ed96663_stage08_b04_formal_b403000c/operator_firfilter2_report.json                                                                                 |
| summary_txt    | /tmp/ZKX_dev/results/stage08_input_preview_b04_firfilter2_db927ed96663/formal/20260810T083713Z_db927ed96663_stage08_b04_formal_b403000c/operator_firfilter2_summary.txt                                                                                 |
| main_csv       | /tmp/ZKX_dev/results/stage08_input_preview_b04_firfilter2_db927ed96663/formal/20260810T083713Z_db927ed96663_stage08_b04_formal_b403000c/operator_main_results_firfilter2_not_applicable_20260810T083713Z_db927ed96663_stage08_b04_formal_b403000c.csv   |
| timing_csv     | /tmp/ZKX_dev/results/stage08_input_preview_b04_firfilter2_db927ed96663/formal/20260810T083713Z_db927ed96663_stage08_b04_formal_b403000c/operator_timing_samples_firfilter2_not_applicable_20260810T083713Z_db927ed96663_stage08_b04_formal_b403000c.csv |
+----------------+---------------------------------------------------------------------------------------------------------------------------------------------------------------------------------------------------------------------------------------------------------+
