[stage08-b01] operator=general_gaussian entry=cpu:general_gaussian_typed_cpu gpu:general_gaussian_device
[stage08-b01] config=test_all/configs/operators/windows/general_gaussian/operator_scales.json config_sha256=5d6f2dd75b763122028b82c7fc144e476d8fa07150cda991f6306e7007f350ee
[stage08-b01] run_type=formal scale=general_gaussian_fp32_10e2 dtype=FP32 sym=false backend=not_applicable
[stage08-b01] dtype_semantics=actual_typed_scalar_inputs typed_input_count=2 actual_input_digest=8aec9bb5b1530e4944429ffd7145504b4c8cec4e467e1b7d7f6b065486278d59
[stage08-b01] timing_scope=compatibility/end-to-end warmup=20 measured=100
[stage08-b01] cpu_mean_ms=0.0050550100000000021 gpu_mean_ms=0.26120095999999998 speedup=0.01935295337352513
[stage08-b01] mse=5.2599710079265365e-16 rmse=2.2934626676548578e-08 relative_l2=4.2584950246814619e-08 relative_linf=6.7054922170406428e-08
[stage08-b01] resources=available cuda_event_ms=0.27764999866485596
[stage08-b01] status=PASS error_code=OK
[stage08] identity and status
target           | scale_id                   | device | backend        | dtype | warmup | measured | timing_scope             | status | error_code
general_gaussian | general_gaussian_fp32_10e2 | CPU    | not_applicable | FP32  | 20     | 100      | compatibility/end-to-end | PASS   | OK        
general_gaussian | general_gaussian_fp32_10e2 | GPU    | not_applicable | FP32  | 20     | 100      | compatibility/end-to-end | PASS   | OK        

[stage08] timing detail
device | mean_ms               | p50_ms                | p95_ms                | p99_ms               | min_ms                | max_ms                | std_ms                 | cv                    | speedup            
CPU    | 0.0050550100000000021 | 0.0050499999999999998 | 0.0050600000000000003 | 0.005072000000000001 | 0.0050400000000000002 | 0.0052700000000000004 | 2.2206077996800866e-05 | 0.0043928850777349314 | NA                 
GPU    | 0.26120095999999998   | 0.25668099999999999   | 0.2848695             | 0.35795140000000042  | 0.242261              | 0.44214100000000001   | 0.023581161257206992   | 0.090279764887567768  | 0.01935295337352513

[stage08] accuracy detail
accuracy_reference  | mse                    | rmse                   | relative_l2            | relative_linf          | exact_match | mismatch_count | semantic_check                                                                                | status
cpu_typed_reference | 5.2599710079265365e-16 | 2.2934626676548578e-08 | 4.2584950246814619e-08 | 6.7054922170406428e-08 | NA          | NA             | finite_fp64_window_shape_power_width_and_symmetry_match_cpu:shape=[100];finite=true;sym=false | PASS  

[stage08] resource detail
device | metric     | before_bytes | after_bytes | peak_bytes | delta_bytes
CPU    | cpu_heap   | 1428608      | 1432464     | 1432464    | 3856       
CPU    | rss        | 70184960     | 70184960    | 70184960   | 0          
GPU    | cpu_heap   | 1432464      | 1435392     | 1435392    | 2928       
GPU    | rss        | 70184960     | 70184960    | 70184960   | 0          
GPU    | gpu_memory | 391544832    | 391544832   | 391544832  | 0          

[stage08] input/output identity
device | input_digest                                                     | output_digest                                                   
CPU    | 8aec9bb5b1530e4944429ffd7145504b4c8cec4e467e1b7d7f6b065486278d59 | 2997c81a3e0a1e8c9418503e1868053dd91a031aed592c87dbfd7e576b575e05
GPU    | 8aec9bb5b1530e4944429ffd7145504b4c8cec4e467e1b7d7f6b065486278d59 | 6e55321903ffbd894e25ce26e9519c02713f85d1a8d685834eeb508095c43c55

[stage08] input content
input_name       | shape  | dtype       | elements | generator                                           | values(head4/tail2)                                                                          
window_positions | [100]  | INDEX_INT64 | 100      | implicit_window_index_domain(no_materialized_array) | i=0:position=0;i=1:position=1;i=2:position=2;i=3:position=3;i=98:position=98;i=99:position=99
power            | scalar | FP32        | 1        | exact_config_scalar                                 | value=2                                                                                      
width            | scalar | FP32        | 1        | exact_config_scalar                                 | value=16                                                                                     

[stage08] case parameters
parameters                                                              
{"length":100,"requested_dtype":"FP32","sym":false,"power":2,"width":16}

[stage08] dtype evidence
requested_dtype | config_input_dtype | output_dtype | actual_input_digest                                              | status
FP32            | FP32               | FP64         | 8aec9bb5b1530e4944429ffd7145504b4c8cec4e467e1b7d7f6b065486278d59 | PASS  

[stage08] evidence files
kind        | path                                                                                                                                                                                                                                                               
main_csv    | /tmp/ZKX_dev/results/stage08_input_preview_b01_general_gaussian_8b745f9a6864/formal/20260810T082121Z_8b745f9a6864_stage08_b01_formal_a1030002/operator_main_results_general_gaussian_not_applicable_20260810T082121Z_8b745f9a6864_stage08_b01_formal_a1030002.csv  
timing_csv  | /tmp/ZKX_dev/results/stage08_input_preview_b01_general_gaussian_8b745f9a6864/formal/20260810T082121Z_8b745f9a6864_stage08_b01_formal_a1030002/operator_timing_samples_general_gaussian_not_applicable_20260810T082121Z_8b745f9a6864_stage08_b01_formal_a1030002.csv
memory_csv  | /tmp/ZKX_dev/results/stage08_input_preview_b01_general_gaussian_8b745f9a6864/formal/20260810T082121Z_8b745f9a6864_stage08_b01_formal_a1030002/operator_windows_general_gaussian_memory_trace_not_applicable.csv                                                    
input_csv   | /tmp/ZKX_dev/results/stage08_input_preview_b01_general_gaussian_8b745f9a6864/formal/20260810T082121Z_8b745f9a6864_stage08_b01_formal_a1030002/operator_input_evidence_general_gaussian_not_applicable_20260810T082121Z_8b745f9a6864_stage08_b01_formal_a1030002.csv
dtype_csv   | /tmp/ZKX_dev/results/stage08_input_preview_b01_general_gaussian_8b745f9a6864/formal/20260810T082121Z_8b745f9a6864_stage08_b01_formal_a1030002/operator_dtype_evidence_general_gaussian_not_applicable_20260810T082121Z_8b745f9a6864_stage08_b01_formal_a1030002.csv
module_csv  | /tmp/ZKX_dev/results/stage08_input_preview_b01_general_gaussian_8b745f9a6864/formal/20260810T082121Z_8b745f9a6864_stage08_b01_formal_a1030002/windows_batch01_module_summary_not_applicable_20260810T082121Z_8b745f9a6864_stage08_b01_formal_a1030002.csv          
report_json | /tmp/ZKX_dev/results/stage08_input_preview_b01_general_gaussian_8b745f9a6864/formal/20260810T082121Z_8b745f9a6864_stage08_b01_formal_a1030002/operator_general_gaussian_report.json                                                                                
summary_txt | /tmp/ZKX_dev/results/stage08_input_preview_b01_general_gaussian_8b745f9a6864/formal/20260810T082121Z_8b745f9a6864_stage08_b01_formal_a1030002/operator_general_gaussian_summary.txt                                                                                
full_log    | /tmp/ZKX_dev/results/stage08_input_preview_b01_general_gaussian_8b745f9a6864/formal/20260810T082121Z_8b745f9a6864_stage08_b01_formal_a1030002/operator_general_gaussian_full.log                                                                                   
results_dir | /tmp/ZKX_dev/results/stage08_input_preview_b01_general_gaussian_8b745f9a6864/formal/20260810T082121Z_8b745f9a6864_stage08_b01_formal_a1030002                                                                                                                      
