command=build_stage08_b05_sosfilt_1681b603eadb/stage08_filtering_sosfilt --dtype FP32 --rank 1 --rows 100 --cols 1 --sections 1 --axis 0 --zi false --seed 85410001 --warmup 20 --measured 100 --output /tmp/ZKX_dev/results/stage08_input_preview_b05_sosfilt_652061b694fc/formal/20260810T084655Z_652061b694fc_stage08_b05_formal_85640000/sosfilt_probe_raw.json
[stage08] identity and status
+---------+-------------------+--------+----------------+-------+--------+----------+--------------------------+--------+------------+
| target  | scale_id          | device | backend        | dtype | warmup | measured | timing_scope             | status | error_code |
+---------+-------------------+--------+----------------+-------+--------+----------+--------------------------+--------+------------+
| sosfilt | sosfilt_fp32_10e2 | CPU    | not_applicable | FP32  | 20     | 100      | compatibility/end-to-end | PASS   | OK         |
| sosfilt | sosfilt_fp32_10e2 | GPU    | not_applicable | FP32  | 20     | 100      | compatibility/end-to-end | PASS   | OK         |
+---------+-------------------+--------+----------------+-------+--------+----------+--------------------------+--------+------------+

[stage08] timing detail
+--------+---------------------+---------------------+-----------+----------------------+----------+----------+------------------------+----------------------+----------------------+
| device | mean_ms             | p50_ms              | p95_ms    | p99_ms               | min_ms   | max_ms   | std_ms                 | cv                   | speedup              |
+--------+---------------------+---------------------+-----------+----------------------+----------+----------+------------------------+----------------------+----------------------+
| CPU    | 0.00672474          | 0.00672             | 0.00678   | 0.006811500000000001 | 0.00665  | 0.00696  | 4.0032142086078775e-05 | 0.005952965034496319 | NA                   |
| GPU    | 0.49224552000000005 | 0.47696700000000003 | 0.5689725 | 0.5896344100000006   | 0.465762 | 0.692734 | 0.035382169402816445   | 0.07187910903245283  | 0.013661353383165376 |
+--------+---------------------+---------------------+-----------+----------------------+----------+----------+------------------------+----------------------+----------------------+

[stage08] accuracy detail
+--------------------+-----+------+-------------+---------------+-------------+----------------+----------------------+--------+
| accuracy_reference | mse | rmse | relative_l2 | relative_linf | exact_match | mismatch_count | semantic_check       | status |
+--------------------+-----+------+-------------+---------------+-------------+----------------+----------------------+--------+
| cpu_sosfilt_df2t   | 0   | 0    | 0           | 0             | NA          | NA             | df2t_axis_zi_zf_fp32 | PASS   |
+--------------------+-----+------+-------------+---------------+-------------+----------------+----------------------+--------+

[stage08] resource detail
+--------+------------+--------------+-------------+------------+-------------+
| device | metric     | before_bytes | after_bytes | peak_bytes | delta_bytes |
+--------+------------+--------------+-------------+------------+-------------+
| CPU    | cpu_heap   | 1406976      | 1410704     | 1410704    | 3728        |
| CPU    | rss        | 69980160     | 70221824    | 70221824   | 241664      |
| GPU    | cpu_heap   | 1410800      | 1413680     | 1413680    | 2880        |
| GPU    | rss        | 70221824     | 70221824    | 70221824   | 0           |
| GPU    | gpu_memory | 391544832    | 391544832   | 391544832  | 0           |
+--------+------------+--------------+-------------+------------+-------------+

[stage08] input/output identity
+--------+------------------------------------------------------------------+------------------------------------------------------------------+
| device | input_digest                                                     | output_digest                                                    |
+--------+------------------------------------------------------------------+------------------------------------------------------------------+
| CPU    | 66c6014a16c9491d5623727cda93d1bf309f3d04453597c5ad638104de9ba798 | 5dc32e86223588300b6c21941d518fd520af5e6d262f11688257b7e7e565f567 |
| GPU    | 66c6014a16c9491d5623727cda93d1bf309f3d04453597c5ad638104de9ba798 | 5dc32e86223588300b6c21941d518fd520af5e6d262f11688257b7e7e565f567 |
+--------+------------------------------------------------------------------+------------------------------------------------------------------+

[stage08] input content
+------------+-------+-------+----------+-----------------------------------------------+-----------------------------------------------------+
| input_name | shape | dtype | elements | generator                                     | values(head4/tail2)                                 |
+------------+-------+-------+----------+-----------------------------------------------+-----------------------------------------------------+
| sos        | [1x6] | FP32  | 6        | repeated_sos_section_[1,1,0,1,0,0]            | i=0:1;i=1:1;i=2:0;i=3:1;i=4:0;i=5:0                 |
| x          | [100] | FP32  | 100      | sosfilt_modular(seed=85410001,integral=false) | i=0:-0.75;i=1:0.25;i=2:-1;i=3:0;i=98:0.5;i=99:-0.75 |
+------------+-------+-------+----------+-----------------------------------------------+-----------------------------------------------------+

[stage08] case parameters
+--------------------------------------------------------------------------------------------------------------+
| parameters                                                                                                   |
+--------------------------------------------------------------------------------------------------------------+
| {"axis":"0","cols":"1","dtype":"FP32","rank":"1","rows":"100","sections":"1","seed":"85410001","zi":"false"} |
+--------------------------------------------------------------------------------------------------------------+

[stage08] dtype evidence
+-----------------+--------------------+--------------+------------------------------------------------------------------+--------+
| requested_dtype | config_input_dtype | output_dtype | actual_input_digest                                              | status |
+-----------------+--------------------+--------------+------------------------------------------------------------------+--------+
| FP32            | NA                 | FP32         | 66c6014a16c9491d5623727cda93d1bf309f3d04453597c5ad638104de9ba798 | PASS   |
+-----------------+--------------------+--------------+------------------------------------------------------------------+--------+

[stage08] evidence files
+----------------+---------------------------------------------------------------------------------------------------------------------------------------------------------------------------------------------------------------------------------------------------+
| kind           | path                                                                                                                                                                                                                                              |
+----------------+---------------------------------------------------------------------------------------------------------------------------------------------------------------------------------------------------------------------------------------------------+
| dtype_csv      | /tmp/ZKX_dev/results/stage08_input_preview_b05_sosfilt_652061b694fc/formal/20260810T084655Z_652061b694fc_stage08_b05_formal_85640000/operator_dtype_evidence_sosfilt_not_applicable_20260810T084655Z_652061b694fc_stage08_b05_formal_85640000.csv |
| memory_csv     | /tmp/ZKX_dev/results/stage08_input_preview_b05_sosfilt_652061b694fc/formal/20260810T084655Z_652061b694fc_stage08_b05_formal_85640000/operator_filtering_sosfilt_memory_trace_not_applicable.csv                                                   |
| main_csv       | /tmp/ZKX_dev/results/stage08_input_preview_b05_sosfilt_652061b694fc/formal/20260810T084655Z_652061b694fc_stage08_b05_formal_85640000/operator_main_results_sosfilt_not_applicable_20260810T084655Z_652061b694fc_stage08_b05_formal_85640000.csv   |
| full_log       | /tmp/ZKX_dev/results/stage08_input_preview_b05_sosfilt_652061b694fc/formal/20260810T084655Z_652061b694fc_stage08_b05_formal_85640000/operator_sosfilt_full.log                                                                                    |
| report_json    | /tmp/ZKX_dev/results/stage08_input_preview_b05_sosfilt_652061b694fc/formal/20260810T084655Z_652061b694fc_stage08_b05_formal_85640000/operator_sosfilt_report.json                                                                                 |
| summary_txt    | /tmp/ZKX_dev/results/stage08_input_preview_b05_sosfilt_652061b694fc/formal/20260810T084655Z_652061b694fc_stage08_b05_formal_85640000/operator_sosfilt_summary.txt                                                                                 |
| timing_csv     | /tmp/ZKX_dev/results/stage08_input_preview_b05_sosfilt_652061b694fc/formal/20260810T084655Z_652061b694fc_stage08_b05_formal_85640000/operator_timing_samples_sosfilt_not_applicable_20260810T084655Z_652061b694fc_stage08_b05_formal_85640000.csv |
| probe_raw_json | /tmp/ZKX_dev/results/stage08_input_preview_b05_sosfilt_652061b694fc/formal/20260810T084655Z_652061b694fc_stage08_b05_formal_85640000/sosfilt_probe_raw.json                                                                                       |
+----------------+---------------------------------------------------------------------------------------------------------------------------------------------------------------------------------------------------------------------------------------------------+
