[stage08-b01] operator=kaiser entry=cpu:kaiser_typed_cpu gpu:kaiser_device
[stage08-b01] config=test_all/configs/operators/windows/kaiser/operator_scales.json config_sha256=3c4c14a97768005f5dc56b0d0c17628fff55c481c5608f82bbef4fa7c495f9fe
[stage08-b01] run_type=formal scale=kaiser_int8_10e3 dtype=INT8 sym=false backend=not_applicable
[stage08-b01] dtype_semantics=actual_typed_scalar_input typed_input_count=1 actual_input_digest=bc5c8c2eb883419172e67cb13233001362d0f2169835e1a936c8fdf29a9a8cf7
[stage08-b01] timing_scope=compatibility/end-to-end warmup=20 measured=100
[stage08-b01] cpu_mean_ms=0.04904283999999997 gpu_mean_ms=0.2636559799999999 speedup=0.18601072503646604
[stage08-b01] mse=1.6053093309773665e-14 rmse=1.267008023249011e-07 relative_l2=2.2529066124187107e-07 relative_linf=5.8072872155534583e-07
[stage08-b01] resources=available cuda_event_ms=0.2879599928855896
[stage08-b01] status=PASS error_code=OK
[stage08] identity and status
target | scale_id         | device | backend        | dtype | warmup | measured | timing_scope             | status | error_code
kaiser | kaiser_int8_10e3 | CPU    | not_applicable | INT8  | 20     | 100      | compatibility/end-to-end | PASS   | OK        
kaiser | kaiser_int8_10e3 | GPU    | not_applicable | INT8  | 20     | 100      | compatibility/end-to-end | PASS   | OK        

[stage08] timing detail
device | mean_ms             | p50_ms               | p95_ms               | p99_ms               | min_ms               | max_ms               | std_ms                 | cv                   | speedup            
CPU    | 0.04904283999999997 | 0.048980499999999996 | 0.049160500000000003 | 0.049333700000000043 | 0.048759999999999998 | 0.057619999999999998 | 0.00087019921535243846 | 0.017743654636485959 | NA                 
GPU    | 0.2636559799999999  | 0.26075599999999999  | 0.288713             | 0.34021300000000015  | 0.24563099999999999  | 0.36813099999999999  | 0.016816051671530982   | 0.063780277889130335 | 0.18601072503646604

[stage08] accuracy detail
accuracy_reference  | mse                    | rmse                  | relative_l2            | relative_linf          | exact_match | mismatch_count | semantic_check                                                                                     | status
cpu_typed_reference | 1.6053093309773665e-14 | 1.267008023249011e-07 | 2.2529066124187107e-07 | 5.8072872155534583e-07 | NA          | NA             | finite_normalized_fp64_window_shape_beta_and_symmetry_match_cpu:shape=[1000];finite=true;sym=false | PASS  

[stage08] resource detail
device | metric     | before_bytes | after_bytes | peak_bytes | delta_bytes
CPU    | cpu_heap   | 1462832      | 1466208     | 1473104    | 3376       
CPU    | rss        | 70569984     | 70569984    | 70569984   | 0          
GPU    | cpu_heap   | 1466208      | 1468928     | 1476064    | 2720       
GPU    | rss        | 70569984     | 70569984    | 70569984   | 0          
GPU    | gpu_memory | 408322048    | 408322048   | 408322048  | 0          

[stage08] input/output identity
device | input_digest                                                     | output_digest                                                   
CPU    | bc5c8c2eb883419172e67cb13233001362d0f2169835e1a936c8fdf29a9a8cf7 | 8de68bd9a9e9ec55cb2742f48fd41e04e6c46545c68de4476a2c44fb6daecfc9
GPU    | bc5c8c2eb883419172e67cb13233001362d0f2169835e1a936c8fdf29a9a8cf7 | 950b5635624bdefd061a188cb76f3f45eadfc8e75c3374016a170c62af7ed21b

[stage08] input content
input_name       | shape  | dtype       | elements | generator                                           | values(head4/tail2)                                                                              
window_positions | [1000] | INDEX_INT64 | 1000     | implicit_window_index_domain(no_materialized_array) | i=0:position=0;i=1:position=1;i=2:position=2;i=3:position=3;i=998:position=998;i=999:position=999
beta             | scalar | INT8        | 1        | exact_config_scalar                                 | value=8                                                                                          

[stage08] case parameters
parameters                                                   
{"length":1000,"requested_dtype":"INT8","sym":false,"beta":8}

[stage08] dtype evidence
requested_dtype | config_input_dtype | output_dtype | actual_input_digest                                              | status
INT8            | INT8               | FP64         | bc5c8c2eb883419172e67cb13233001362d0f2169835e1a936c8fdf29a9a8cf7 | PASS  

[stage08] evidence files
kind        | path                                                                                                                                                                                                                                           
main_csv    | /tmp/ZKX_dev/results/stage08_input_preview_b01_kaiser_8b745f9a6864/formal/20260810T082130Z_8b745f9a6864_stage08_b01_formal_a104001c/operator_main_results_kaiser_not_applicable_20260810T082130Z_8b745f9a6864_stage08_b01_formal_a104001c.csv  
timing_csv  | /tmp/ZKX_dev/results/stage08_input_preview_b01_kaiser_8b745f9a6864/formal/20260810T082130Z_8b745f9a6864_stage08_b01_formal_a104001c/operator_timing_samples_kaiser_not_applicable_20260810T082130Z_8b745f9a6864_stage08_b01_formal_a104001c.csv
memory_csv  | /tmp/ZKX_dev/results/stage08_input_preview_b01_kaiser_8b745f9a6864/formal/20260810T082130Z_8b745f9a6864_stage08_b01_formal_a104001c/operator_windows_kaiser_memory_trace_not_applicable.csv                                                    
input_csv   | /tmp/ZKX_dev/results/stage08_input_preview_b01_kaiser_8b745f9a6864/formal/20260810T082130Z_8b745f9a6864_stage08_b01_formal_a104001c/operator_input_evidence_kaiser_not_applicable_20260810T082130Z_8b745f9a6864_stage08_b01_formal_a104001c.csv
dtype_csv   | /tmp/ZKX_dev/results/stage08_input_preview_b01_kaiser_8b745f9a6864/formal/20260810T082130Z_8b745f9a6864_stage08_b01_formal_a104001c/operator_dtype_evidence_kaiser_not_applicable_20260810T082130Z_8b745f9a6864_stage08_b01_formal_a104001c.csv
module_csv  | /tmp/ZKX_dev/results/stage08_input_preview_b01_kaiser_8b745f9a6864/formal/20260810T082130Z_8b745f9a6864_stage08_b01_formal_a104001c/windows_batch01_module_summary_not_applicable_20260810T082130Z_8b745f9a6864_stage08_b01_formal_a104001c.csv
report_json | /tmp/ZKX_dev/results/stage08_input_preview_b01_kaiser_8b745f9a6864/formal/20260810T082130Z_8b745f9a6864_stage08_b01_formal_a104001c/operator_kaiser_report.json                                                                                
summary_txt | /tmp/ZKX_dev/results/stage08_input_preview_b01_kaiser_8b745f9a6864/formal/20260810T082130Z_8b745f9a6864_stage08_b01_formal_a104001c/operator_kaiser_summary.txt                                                                                
full_log    | /tmp/ZKX_dev/results/stage08_input_preview_b01_kaiser_8b745f9a6864/formal/20260810T082130Z_8b745f9a6864_stage08_b01_formal_a104001c/operator_kaiser_full.log                                                                                   
results_dir | /tmp/ZKX_dev/results/stage08_input_preview_b01_kaiser_8b745f9a6864/formal/20260810T082130Z_8b745f9a6864_stage08_b01_formal_a104001c                                                                                                            
