command=build_stage08_b05_wiener_fd04f1143cb8/stage08_filtering_wiener --dtype FP32 --rank 1 --rows 100 --cols 1 --window-mode default --scalar-window 0 --w0 3 --w1 1 --noise-mode automatic --noise 0 --seed 85510001 --warmup 20 --measured 100 --output /tmp/ZKX_dev/results/stage08_input_preview_b05_wiener_652061b694fc/formal/20260810T084743Z_652061b694fc_stage08_b05_formal_85650000/wiener_probe_raw.json
{"run_id": "20260810T084743Z_652061b694fc_stage08_b05_formal_85650000", "case_id": "wiener__wiener_fp32_10e2__ecdd20ca1f0ece1f", "operator_name": "wiener", "scale_id": "wiener_fp32_10e2", "requested_dtype": "FP32", "output_dtype": "FP64", "backend": "not_applicable", "rank": 1, "shape": [100], "window_mode": "default", "window_shape": [3], "noise_mode": "automatic", "warmup_runs": 20, "measured_runs": 100, "mse": 2.4742e-16, "rmse": 1.57296e-08, "relative_l2": 3.72108e-08, "relative_linf": 3.30191e-08, "status": "PASS", "error_code": "OK"}
[stage08] identity and status
+--------+------------------+--------+----------------+-------+--------+----------+--------------------------+--------+------------+
| target | scale_id         | device | backend        | dtype | warmup | measured | timing_scope             | status | error_code |
+--------+------------------+--------+----------------+-------+--------+----------+--------------------------+--------+------------+
| wiener | wiener_fp32_10e2 | CPU    | not_applicable | FP32  | 20     | 100      | compatibility/end-to-end | PASS   | OK         |
| wiener | wiener_fp32_10e2 | GPU    | not_applicable | FP32  | 20     | 100      | compatibility/end-to-end | PASS   | OK         |
+--------+------------------+--------+----------------+-------+--------+----------+--------------------------+--------+------------+

[stage08] timing detail
+--------+------------+----------+------------+----------------------+----------+----------+---------------------+----------------------+----------------------+
| device | mean_ms    | p50_ms   | p95_ms     | p99_ms               | min_ms   | max_ms   | std_ms              | cv                   | speedup              |
+--------+------------+----------+------------+----------------------+----------+----------+---------------------+----------------------+----------------------+
| CPU    | 0.01990841 | 0.01972  | 0.0198305  | 0.020053900000000093 | 0.019601 | 0.03826  | 0.00184518844075612 | 0.09268386781044392  | NA                   |
| GPU    | 0.78933802 | 0.777979 | 0.85173505 | 0.9600113000000002   | 0.761904 | 1.012016 | 0.03784230194768284 | 0.047941820853482815 | 0.025221653455892067 |
+--------+------------+----------+------------+----------------------+----------+----------+---------------------+----------------------+----------------------+

[stage08] accuracy detail
+---------------------------+------------+-------------+-------------+---------------+-------------+----------------+-------------------------------------------------+--------+
| accuracy_reference        | mse        | rmse        | relative_l2 | relative_linf | exact_match | mismatch_count | semantic_check                                  | status |
+---------------------------+------------+-------------+-------------+---------------+-------------+----------------+-------------------------------------------------+--------+
| cpu_wiener_fp64_reference | 2.4742e-16 | 1.57296e-08 | 3.72108e-08 | 3.30191e-08   | NA          | NA             | nd_zero_padding_window_noise_strict_branch_fp64 | PASS   |
+---------------------------+------------+-------------+-------------+---------------+-------------+----------------+-------------------------------------------------+--------+

[stage08] resource detail
+--------+------------+--------------+-------------+------------+-------------+
| device | metric     | before_bytes | after_bytes | peak_bytes | delta_bytes |
+--------+------------+--------------+-------------+------------+-------------+
| CPU    | cpu_heap   | 1442976      | 1447552     | 1447552    | 4576        |
| CPU    | rss        | 70119424     | 70119424    | 70119424   | 0           |
| GPU    | cpu_heap   | 1447552      | 1451056     | 1451056    | 3504        |
| GPU    | rss        | 70119424     | 70119424    | 70119424   | 0           |
| GPU    | gpu_memory | 391544832    | 391544832   | 391544832  | 0           |
+--------+------------+--------------+-------------+------------+-------------+

[stage08] input/output identity
+--------+------------------------------------------------------------------+------------------------------------------------------------------+
| device | input_digest                                                     | output_digest                                                    |
+--------+------------------------------------------------------------------+------------------------------------------------------------------+
| CPU    | ecdd20ca1f0ece1f802079a01940823b80fcc8696984c099dc6a769d7a89c666 | e483bacb13b72238ac7ed089afdd59ed7394abeb4031e45a68eca0bfa13438d7 |
| GPU    | ecdd20ca1f0ece1f802079a01940823b80fcc8696984c099dc6a769d7a89c666 | af1d68e7cf3fac9240ddc477dbd9454facce1cd26f94878ba1390f2c2b2f049b |
+--------+------------------------------------------------------------------+------------------------------------------------------------------+

[stage08] input content
+------------+-------+-------+----------+-------------------------------------------------------------------+---------------------------------------------------------------+
| input_name | shape | dtype | elements | generator                                                         | values(head4/tail2)                                           |
+------------+-------+-------+----------+-------------------------------------------------------------------+---------------------------------------------------------------+
| x          | [100] | FP32  | 100      | wiener_modular_plus_periodic_offset(seed=85510001,integral=false) | i=0:0;i=1:-1.1875;i=2:0.375;i=3:-0.8125;i=98:1.25;i=99:0.0625 |
+------------+-------+-------+----------+-------------------------------------------------------------------+---------------------------------------------------------------+

[stage08] case parameters
+--------------------------------------------------------------------------------------------------------------------------------------------------------------------------+
| parameters                                                                                                                                                               |
+--------------------------------------------------------------------------------------------------------------------------------------------------------------------------+
| {"cols":"1","dtype":"FP32","noise":"0","noise-mode":"automatic","rank":"1","rows":"100","scalar-window":"0","seed":"85510001","w0":"3","w1":"1","window-mode":"default"} |
+--------------------------------------------------------------------------------------------------------------------------------------------------------------------------+

[stage08] dtype evidence
+-----------------+--------------------+--------------+------------------------------------------------------------------+--------+
| requested_dtype | config_input_dtype | output_dtype | actual_input_digest                                              | status |
+-----------------+--------------------+--------------+------------------------------------------------------------------+--------+
| FP32            | NA                 | FP64         | ecdd20ca1f0ece1f802079a01940823b80fcc8696984c099dc6a769d7a89c666 | PASS   |
+-----------------+--------------------+--------------+------------------------------------------------------------------+--------+

[stage08] evidence files
+----------------+-------------------------------------------------------------------------------------------------------------------------------------------------------------------------------------------------------------------------------------------------+
| kind           | path                                                                                                                                                                                                                                            |
+----------------+-------------------------------------------------------------------------------------------------------------------------------------------------------------------------------------------------------------------------------------------------+
| dtype_csv      | /tmp/ZKX_dev/results/stage08_input_preview_b05_wiener_652061b694fc/formal/20260810T084743Z_652061b694fc_stage08_b05_formal_85650000/operator_dtype_evidence_wiener_not_applicable_20260810T084743Z_652061b694fc_stage08_b05_formal_85650000.csv |
| memory_csv     | /tmp/ZKX_dev/results/stage08_input_preview_b05_wiener_652061b694fc/formal/20260810T084743Z_652061b694fc_stage08_b05_formal_85650000/operator_filtering_wiener_memory_trace_not_applicable.csv                                                   |
| main_csv       | /tmp/ZKX_dev/results/stage08_input_preview_b05_wiener_652061b694fc/formal/20260810T084743Z_652061b694fc_stage08_b05_formal_85650000/operator_main_results_wiener_not_applicable_20260810T084743Z_652061b694fc_stage08_b05_formal_85650000.csv   |
| timing_csv     | /tmp/ZKX_dev/results/stage08_input_preview_b05_wiener_652061b694fc/formal/20260810T084743Z_652061b694fc_stage08_b05_formal_85650000/operator_timing_samples_wiener_not_applicable_20260810T084743Z_652061b694fc_stage08_b05_formal_85650000.csv |
| full_log       | /tmp/ZKX_dev/results/stage08_input_preview_b05_wiener_652061b694fc/formal/20260810T084743Z_652061b694fc_stage08_b05_formal_85650000/operator_wiener_full.log                                                                                    |
| report_json    | /tmp/ZKX_dev/results/stage08_input_preview_b05_wiener_652061b694fc/formal/20260810T084743Z_652061b694fc_stage08_b05_formal_85650000/operator_wiener_report.json                                                                                 |
| summary_txt    | /tmp/ZKX_dev/results/stage08_input_preview_b05_wiener_652061b694fc/formal/20260810T084743Z_652061b694fc_stage08_b05_formal_85650000/operator_wiener_summary.txt                                                                                 |
| probe_raw_json | /tmp/ZKX_dev/results/stage08_input_preview_b05_wiener_652061b694fc/formal/20260810T084743Z_652061b694fc_stage08_b05_formal_85650000/wiener_probe_raw.json                                                                                       |
+----------------+-------------------------------------------------------------------------------------------------------------------------------------------------------------------------------------------------------------------------------------------------+
