command=build_stage08_b05_sosfilt_1681b603eadb/stage08_filtering_sosfilt --dtype FP16 --rank 2 --rows 100 --cols 100 --sections 4 --axis 0 --zi true --seed 85420003 --warmup 20 --measured 100 --output /tmp/ZKX_dev/results/stage08_input_preview_b05_sosfilt_652061b694fc/formal/20260810T084656Z_652061b694fc_stage08_b05_formal_85640005/sosfilt_probe_raw.json
[stage08] identity and status
+---------+-------------------+--------+----------------+-------+--------+----------+--------------------------+--------+------------+
| target  | scale_id          | device | backend        | dtype | warmup | measured | timing_scope             | status | error_code |
+---------+-------------------+--------+----------------+-------+--------+----------+--------------------------+--------+------------+
| sosfilt | sosfilt_fp16_10e4 | CPU    | not_applicable | FP16  | 20     | 100      | compatibility/end-to-end | PASS   | OK         |
| sosfilt | sosfilt_fp16_10e4 | GPU    | not_applicable | FP16  | 20     | 100      | compatibility/end-to-end | PASS   | OK         |
+---------+-------------------+--------+----------------+-------+--------+----------+--------------------------+--------+------------+

[stage08] timing detail
+--------+--------------------+-----------+------------+--------------------+----------+----------+----------------------+----------------------+--------------------+
| device | mean_ms            | p50_ms    | p95_ms     | p99_ms             | min_ms   | max_ms   | std_ms               | cv                   | speedup            |
+--------+--------------------+-----------+------------+--------------------+----------+----------+----------------------+----------------------+--------------------+
| CPU    | 1.78500353         | 1.7830245 | 1.796772   | 1.8011628100000001 | 1.775559 | 1.83916  | 0.007956023630501598 | 0.004457147281104592 | NA                 |
| GPU    | 0.8038697899999999 | 0.8002745 | 0.82070605 | 0.8374003100000008 | 0.788544 | 0.995336 | 0.020936144654302997 | 0.026044198842579965 | 2.2205132624774966 |
+--------+--------------------+-----------+------------+--------------------+----------+----------+----------------------+----------------------+--------------------+

[stage08] accuracy detail
+--------------------+-----+------+-------------+---------------+-------------+----------------+------------------------------+--------+
| accuracy_reference | mse | rmse | relative_l2 | relative_linf | exact_match | mismatch_count | semantic_check               | status |
+--------------------+-----+------+-------------+---------------+-------------+----------------+------------------------------+--------+
| cpu_sosfilt_df2t   | 0   | 0    | 0           | 0             | NA          | NA             | approved_fp32_extension_df2t | PASS   |
+--------------------+-----+------+-------------+---------------+-------------+----------------+------------------------------+--------+

[stage08] resource detail
+--------+------------+--------------+-------------+------------+-------------+
| device | metric     | before_bytes | after_bytes | peak_bytes | delta_bytes |
+--------+------------+--------------+-------------+------------+-------------+
| CPU    | cpu_heap   | 1505248      | 1573456     | 1615568    | 68208       |
| CPU    | rss        | 70430720     | 70430720    | 70430720   | 0           |
| GPU    | cpu_heap   | 1573456      | 1620432     | 1620784    | 46976       |
| GPU    | rss        | 70430720     | 70430720    | 70430720   | 0           |
| GPU    | gpu_memory | 408322048    | 408322048   | 408322048  | 0           |
+--------+------------+--------------+-------------+------------+-------------+

[stage08] input/output identity
+--------+------------------------------------------------------------------+------------------------------------------------------------------+
| device | input_digest                                                     | output_digest                                                    |
+--------+------------------------------------------------------------------+------------------------------------------------------------------+
| CPU    | 5d58d550b24d09bc9cf4c3d30ceec64ea2b0ad121d5566e427262ffe6ec9f006 | 092296ba08f879c3b62547e03d51f40ee0f4e839d82530d9650e691a9c0ea79b |
| GPU    | 5d58d550b24d09bc9cf4c3d30ceec64ea2b0ad121d5566e427262ffe6ec9f006 | 092296ba08f879c3b62547e03d51f40ee0f4e839d82530d9650e691a9c0ea79b |
+--------+------------------------------------------------------------------+------------------------------------------------------------------+

[stage08] input content
+------------+-----------+-------+----------+-----------------------------------------------+---------------------------------------------------+
| input_name | shape     | dtype | elements | generator                                     | values(head4/tail2)                               |
+------------+-----------+-------+----------+-----------------------------------------------+---------------------------------------------------+
| sos        | [4x6]     | FP16  | 24       | repeated_sos_section_[1,1,0,1,0,0]            | i=0:1;i=1:1;i=2:0;i=3:1;i=22:0;i=23:0             |
| x          | [100x100] | FP16  | 10000    | sosfilt_modular(seed=85420003,integral=false) | i=0:0;i=1:1;i=2:-0.25;i=3:0.75;i=9998:-1;i=9999:0 |
| zi         | [4x2x100] | FP16  | 800      | constant_initial_state(1)                     | i=0:1;i=1:1;i=2:1;i=3:1;i=798:1;i=799:1           |
+------------+-----------+-------+----------+-----------------------------------------------+---------------------------------------------------+

[stage08] case parameters
+---------------------------------------------------------------------------------------------------------------+
| parameters                                                                                                    |
+---------------------------------------------------------------------------------------------------------------+
| {"axis":"0","cols":"100","dtype":"FP16","rank":"2","rows":"100","sections":"4","seed":"85420003","zi":"true"} |
+---------------------------------------------------------------------------------------------------------------+

[stage08] dtype evidence
+-----------------+--------------------+--------------+------------------------------------------------------------------+--------+
| requested_dtype | config_input_dtype | output_dtype | actual_input_digest                                              | status |
+-----------------+--------------------+--------------+------------------------------------------------------------------+--------+
| FP16            | NA                 | FP32         | 5d58d550b24d09bc9cf4c3d30ceec64ea2b0ad121d5566e427262ffe6ec9f006 | PASS   |
+-----------------+--------------------+--------------+------------------------------------------------------------------+--------+

[stage08] evidence files
+----------------+---------------------------------------------------------------------------------------------------------------------------------------------------------------------------------------------------------------------------------------------------+
| kind           | path                                                                                                                                                                                                                                              |
+----------------+---------------------------------------------------------------------------------------------------------------------------------------------------------------------------------------------------------------------------------------------------+
| dtype_csv      | /tmp/ZKX_dev/results/stage08_input_preview_b05_sosfilt_652061b694fc/formal/20260810T084656Z_652061b694fc_stage08_b05_formal_85640005/operator_dtype_evidence_sosfilt_not_applicable_20260810T084656Z_652061b694fc_stage08_b05_formal_85640005.csv |
| memory_csv     | /tmp/ZKX_dev/results/stage08_input_preview_b05_sosfilt_652061b694fc/formal/20260810T084656Z_652061b694fc_stage08_b05_formal_85640005/operator_filtering_sosfilt_memory_trace_not_applicable.csv                                                   |
| main_csv       | /tmp/ZKX_dev/results/stage08_input_preview_b05_sosfilt_652061b694fc/formal/20260810T084656Z_652061b694fc_stage08_b05_formal_85640005/operator_main_results_sosfilt_not_applicable_20260810T084656Z_652061b694fc_stage08_b05_formal_85640005.csv   |
| full_log       | /tmp/ZKX_dev/results/stage08_input_preview_b05_sosfilt_652061b694fc/formal/20260810T084656Z_652061b694fc_stage08_b05_formal_85640005/operator_sosfilt_full.log                                                                                    |
| report_json    | /tmp/ZKX_dev/results/stage08_input_preview_b05_sosfilt_652061b694fc/formal/20260810T084656Z_652061b694fc_stage08_b05_formal_85640005/operator_sosfilt_report.json                                                                                 |
| summary_txt    | /tmp/ZKX_dev/results/stage08_input_preview_b05_sosfilt_652061b694fc/formal/20260810T084656Z_652061b694fc_stage08_b05_formal_85640005/operator_sosfilt_summary.txt                                                                                 |
| timing_csv     | /tmp/ZKX_dev/results/stage08_input_preview_b05_sosfilt_652061b694fc/formal/20260810T084656Z_652061b694fc_stage08_b05_formal_85640005/operator_timing_samples_sosfilt_not_applicable_20260810T084656Z_652061b694fc_stage08_b05_formal_85640005.csv |
| probe_raw_json | /tmp/ZKX_dev/results/stage08_input_preview_b05_sosfilt_652061b694fc/formal/20260810T084656Z_652061b694fc_stage08_b05_formal_85640005/sosfilt_probe_raw.json                                                                                       |
+----------------+---------------------------------------------------------------------------------------------------------------------------------------------------------------------------------------------------------------------------------------------------+
