[stage07] identity and status
+----------+--------------------+--------+----------------+-------+--------+----------+--------------------------+--------+------------+
| target   | scale_id           | device | backend        | dtype | warmup | measured | timing_scope             | status | error_code |
+----------+--------------------+--------+----------------+-------+--------+----------+--------------------------+--------+------------+
| fm_demod | fm_demod_fp32_10e3 | CPU    | not_applicable | FP32  | 20     | 100      | compatibility/end-to-end | PASS   | OK         |
| fm_demod | fm_demod_fp32_10e3 | GPU    | not_applicable | FP32  | 20     | 100      | compatibility/end-to-end | PASS   | OK         |
+----------+--------------------+--------+----------------+-------+--------+----------+--------------------------+--------+------------+

[stage07] timing detail
+--------+---------------------+-----------+------------+---------------------+----------+----------+-----------------------+----------------------+-------------------+
| device | mean_ms             | p50_ms    | p95_ms     | p99_ms              | min_ms   | max_ms   | std_ms                | cv                   | speedup           |
+--------+---------------------+-----------+------------+---------------------+----------+----------+-----------------------+----------------------+-------------------+
| CPU    | 0.1056936           | 0.105315  | 0.1054785  | 0.11497431000000005 | 0.105175 | 0.123816 | 0.0022104075144642444 | 0.020913352506341392 | NA                |
| GPU    | 0.19972615000000002 | 0.1988645 | 0.20687445 | 0.21087080000000002 | 0.192879 | 0.21788  | 0.003908289591048749  | 0.01956824177028771  | 0.529192596963392 |
+--------+---------------------+-----------+------------+---------------------+----------+----------+-----------------------+----------------------+-------------------+

[stage07] accuracy detail
+---------------------------------+-------------+-------------+-------------+---------------+-------------+----------------+-----------------------------------------------------------+--------+
| reference                       | mse         | rmse        | relative_l2 | relative_linf | exact_match | mismatch_count | semantic_check                                            | status |
+---------------------------------+-------------+-------------+-------------+---------------+-------------+----------------+-----------------------------------------------------------+--------+
| typed_cpu_task2_step4_reference | 1.01617e-14 | 1.00805e-07 | 3.72363e-06 | 8.19592e-06   | NA          | NA             | output_count=1023;output_dtype=FP32;task_gpu_call=present | PASS   |
+---------------------------------+-------------+-------------+-------------+---------------+-------------+----------------+-----------------------------------------------------------+--------+

[stage07] resource detail
+--------+------------+--------------+-------------+------------+-------------+
| device | metric     | before_bytes | after_bytes | peak_bytes | delta_bytes |
+--------+------------+--------------+-------------+------------+-------------+
| CPU    | cpu_heap   | 1431472      | 1442992     | 1442992    | 11520       |
| CPU    | rss        | 70598656     | 70598656    | 70598656   | 0           |
| GPU    | cpu_heap   | 1443120      | 1446240     | 1446240    | 3120        |
| GPU    | rss        | 70598656     | 70598656    | 70598656   | 0           |
| GPU    | gpu_memory | 357777408    | 357777408   | 357777408  | 0           |
+--------+------------+--------------+-------------+------------+-------------+

[stage07] input content
+------------+--------+-------------+----------+---------------------------------------+--------------------------------------------------------------------------------------------------------------------------------------------------------------+
| input_name | shape  | dtype       | elements | generator                             | values(head4/tail2)                                                                                                                                          |
+------------+--------+-------------+----------+---------------------------------------+--------------------------------------------------------------------------------------------------------------------------------------------------------------+
| analytic   | [1024] | ComplexFP32 | 1024     | deterministic_chirped_analytic_signal | i=0:(20,0);i=1:(19.9937496,0.4999879);i=2:(19.9749966,0.999743164);i=3:(19.9437485,1.4989531);i=1022:(-16.0970917,11.869441);i=1023:(-16.4355145,11.3962202) |
+------------+--------+-------------+----------+---------------------------------------+--------------------------------------------------------------------------------------------------------------------------------------------------------------+

[stage07] case parameters
+------------------------------------+
| parameters                         |
+------------------------------------+
| {"count":1024,"output_count":1023} |
+------------------------------------+

[stage07] input and output identity
+--------+------------------------------------------------------------------+------------------------------------------------------------------+
| device | input_digest                                                     | output_digest                                                    |
+--------+------------------------------------------------------------------+------------------------------------------------------------------+
| CPU    | 12e59eebfc559a8c31fc053362b1fa020a4484af74174175a287c8aac595a1a9 | c7e79c24f69dd3c9b76ed938febb0da6e4fc438ace9f52d4fd0f6e745486c722 |
| GPU    | 12e59eebfc559a8c31fc053362b1fa020a4484af74174175a287c8aac595a1a9 | 936fb7c0471adfebb532868d3d78e21f1e1b96fee5384a6853c3f261af7a9e46 |
+--------+------------------------------------------------------------------+------------------------------------------------------------------+

[stage07] dtype evidence
+-----------------+--------------------+--------------+------------------------------------------------------------------+------------------------------------------------------------------+----------------------+
| requested_dtype | config_input_dtype | output_dtype | typed_array_digest                                               | actual_input_digest                                              | task_gpu_call_status |
+-----------------+--------------------+--------------+------------------------------------------------------------------+------------------------------------------------------------------+----------------------+
| FP32            | ComplexFP32        | FP32         | a92090e8e509213ab9ef40eb471341b76494bdb82418b31c88eae7f4b1f8b97e | 12e59eebfc559a8c31fc053362b1fa020a4484af74174175a287c8aac595a1a9 | proved_gpu_cpu       |
+-----------------+--------------------+--------------+------------------------------------------------------------------+------------------------------------------------------------------+----------------------+

[stage07] evidence files
+-------------+--------------------------------------------------------------------------------------------------------------------------------------------------------------------------------------------------------------------------------+
| kind        | path                                                                                                                                                                                                                           |
+-------------+--------------------------------------------------------------------------------------------------------------------------------------------------------------------------------------------------------------------------------+
| main_csv    | /tmp/ZKX_dev/results/stage07_b05_formal_2836c8d/formal/20260810T105057Z_2836c8dc200d_stage07_b05_formal_d783f494/operator_main_results_fm_demod_not_applicable_20260810T105057Z_2836c8dc200d_stage07_b05_formal_d783f494.csv   |
| timing_csv  | /tmp/ZKX_dev/results/stage07_b05_formal_2836c8d/formal/20260810T105057Z_2836c8dc200d_stage07_b05_formal_d783f494/operator_timing_samples_fm_demod_not_applicable_20260810T105057Z_2836c8dc200d_stage07_b05_formal_d783f494.csv |
| memory_csv  | /tmp/ZKX_dev/results/stage07_b05_formal_2836c8d/formal/20260810T105057Z_2836c8dc200d_stage07_b05_formal_d783f494/operator_demod_fm_demod_memory_trace_not_applicable.csv                                                       |
| dtype_csv   | /tmp/ZKX_dev/results/stage07_b05_formal_2836c8d/formal/20260810T105057Z_2836c8dc200d_stage07_b05_formal_d783f494/operator_dtype_evidence_fm_demod_not_applicable_20260810T105057Z_2836c8dc200d_stage07_b05_formal_d783f494.csv |
| report_json | /tmp/ZKX_dev/results/stage07_b05_formal_2836c8d/formal/20260810T105057Z_2836c8dc200d_stage07_b05_formal_d783f494/operator_fm_demod_report.json                                                                                 |
| summary_txt | /tmp/ZKX_dev/results/stage07_b05_formal_2836c8d/formal/20260810T105057Z_2836c8dc200d_stage07_b05_formal_d783f494/operator_fm_demod_summary.txt                                                                                 |
| full_log    | /tmp/ZKX_dev/results/stage07_b05_formal_2836c8d/formal/20260810T105057Z_2836c8dc200d_stage07_b05_formal_d783f494/operator_fm_demod_full.log                                                                                    |
| result_dir  | /tmp/ZKX_dev/results/stage07_b05_formal_2836c8d/formal/20260810T105057Z_2836c8dc200d_stage07_b05_formal_d783f494                                                                                                               |
+-------------+--------------------------------------------------------------------------------------------------------------------------------------------------------------------------------------------------------------------------------+
STAGE07_TASK_FEATURE_CASE PASS operator=fm_demod scale=fm_demod_fp32_10e3 dtype=FP32 backend=not_applicable measured=100 results=/tmp/ZKX_dev/results/stage07_b05_formal_2836c8d/formal/20260810T105057Z_2836c8dc200d_stage07_b05_formal_d783f494
