sample_index=0 cpu_pipeline_ms=161.419 gpu_pipeline_ms=21.9232 cpu_resource_sampling_overhead_ms=0.17034 gpu_resource_sampling_overhead_ms=0.03192 semantic_gates=16/16 timing_direct=true resource_overhead_excluded=true step_sum_used=false status=PASS
sample_index=1 cpu_pipeline_ms=178.974 gpu_pipeline_ms=21.8342 cpu_resource_sampling_overhead_ms=0.194382 gpu_resource_sampling_overhead_ms=0.031291 semantic_gates=16/16 timing_direct=true resource_overhead_excluded=true step_sum_used=false status=PASS
sample_index=2 cpu_pipeline_ms=175.015 gpu_pipeline_ms=21.6117 cpu_resource_sampling_overhead_ms=0.167931 gpu_resource_sampling_overhead_ms=0.03107 semantic_gates=16/16 timing_direct=true resource_overhead_excluded=true step_sum_used=false status=PASS
sample_index=3 cpu_pipeline_ms=174.556 gpu_pipeline_ms=21.6902 cpu_resource_sampling_overhead_ms=0.164123 gpu_resource_sampling_overhead_ms=0.03098 semantic_gates=16/16 timing_direct=true resource_overhead_excluded=true step_sum_used=false status=PASS
sample_index=4 cpu_pipeline_ms=176.832 gpu_pipeline_ms=21.8677 cpu_resource_sampling_overhead_ms=0.164422 gpu_resource_sampling_overhead_ms=0.03133 semantic_gates=16/16 timing_direct=true resource_overhead_excluded=true step_sum_used=false status=PASS
sample_index=5 cpu_pipeline_ms=174.463 gpu_pipeline_ms=22.0017 cpu_resource_sampling_overhead_ms=0.182031 gpu_resource_sampling_overhead_ms=0.03103 semantic_gates=16/16 timing_direct=true resource_overhead_excluded=true step_sum_used=false status=PASS
sample_index=6 cpu_pipeline_ms=174.428 gpu_pipeline_ms=21.8319 cpu_resource_sampling_overhead_ms=0.169932 gpu_resource_sampling_overhead_ms=0.03151 semantic_gates=16/16 timing_direct=true resource_overhead_excluded=true step_sum_used=false status=PASS
sample_index=7 cpu_pipeline_ms=174.652 gpu_pipeline_ms=21.9124 cpu_resource_sampling_overhead_ms=0.181211 gpu_resource_sampling_overhead_ms=0.03093 semantic_gates=16/16 timing_direct=true resource_overhead_excluded=true step_sum_used=false status=PASS
sample_index=8 cpu_pipeline_ms=174.218 gpu_pipeline_ms=21.795 cpu_resource_sampling_overhead_ms=0.171432 gpu_resource_sampling_overhead_ms=0.0315 semantic_gates=16/16 timing_direct=true resource_overhead_excluded=true step_sum_used=false status=PASS
sample_index=9 cpu_pipeline_ms=174.557 gpu_pipeline_ms=21.9055 cpu_resource_sampling_overhead_ms=0.173492 gpu_resource_sampling_overhead_ms=0.03121 semantic_gates=16/16 timing_direct=true resource_overhead_excluded=true step_sum_used=false status=PASS
sample_index=10 cpu_pipeline_ms=176.331 gpu_pipeline_ms=22.1184 cpu_resource_sampling_overhead_ms=0.210301 gpu_resource_sampling_overhead_ms=0.03185 semantic_gates=16/16 timing_direct=true resource_overhead_excluded=true step_sum_used=false status=PASS
sample_index=11 cpu_pipeline_ms=175.47 gpu_pipeline_ms=21.9845 cpu_resource_sampling_overhead_ms=0.183262 gpu_resource_sampling_overhead_ms=0.031001 semantic_gates=16/16 timing_direct=true resource_overhead_excluded=true step_sum_used=false status=PASS
sample_index=12 cpu_pipeline_ms=174.727 gpu_pipeline_ms=22.079 cpu_resource_sampling_overhead_ms=0.180632 gpu_resource_sampling_overhead_ms=0.03131 semantic_gates=16/16 timing_direct=true resource_overhead_excluded=true step_sum_used=false status=PASS
sample_index=13 cpu_pipeline_ms=174.511 gpu_pipeline_ms=21.7758 cpu_resource_sampling_overhead_ms=0.183102 gpu_resource_sampling_overhead_ms=0.03137 semantic_gates=16/16 timing_direct=true resource_overhead_excluded=true step_sum_used=false status=PASS
sample_index=14 cpu_pipeline_ms=174.565 gpu_pipeline_ms=21.9417 cpu_resource_sampling_overhead_ms=0.166562 gpu_resource_sampling_overhead_ms=0.03126 semantic_gates=16/16 timing_direct=true resource_overhead_excluded=true step_sum_used=false status=PASS
sample_index=15 cpu_pipeline_ms=174.599 gpu_pipeline_ms=21.9882 cpu_resource_sampling_overhead_ms=0.167981 gpu_resource_sampling_overhead_ms=0.031561 semantic_gates=16/16 timing_direct=true resource_overhead_excluded=true step_sum_used=false status=PASS
sample_index=16 cpu_pipeline_ms=184 gpu_pipeline_ms=22.1154 cpu_resource_sampling_overhead_ms=0.191951 gpu_resource_sampling_overhead_ms=0.031381 semantic_gates=16/16 timing_direct=true resource_overhead_excluded=true step_sum_used=false status=PASS
sample_index=17 cpu_pipeline_ms=174.065 gpu_pipeline_ms=21.8923 cpu_resource_sampling_overhead_ms=0.173311 gpu_resource_sampling_overhead_ms=0.031271 semantic_gates=16/16 timing_direct=true resource_overhead_excluded=true step_sum_used=false status=PASS
sample_index=18 cpu_pipeline_ms=180.659 gpu_pipeline_ms=22.0003 cpu_resource_sampling_overhead_ms=0.171541 gpu_resource_sampling_overhead_ms=0.03114 semantic_gates=16/16 timing_direct=true resource_overhead_excluded=true step_sum_used=false status=PASS
sample_index=19 cpu_pipeline_ms=174.859 gpu_pipeline_ms=21.9307 cpu_resource_sampling_overhead_ms=0.179182 gpu_resource_sampling_overhead_ms=0.031371 semantic_gates=16/16 timing_direct=true resource_overhead_excluded=true step_sum_used=false status=PASS
sample_index=20 cpu_pipeline_ms=175.565 gpu_pipeline_ms=21.9533 cpu_resource_sampling_overhead_ms=0.184712 gpu_resource_sampling_overhead_ms=0.03108 semantic_gates=16/16 timing_direct=true resource_overhead_excluded=true step_sum_used=false status=PASS
sample_index=21 cpu_pipeline_ms=175.747 gpu_pipeline_ms=21.9382 cpu_resource_sampling_overhead_ms=0.156792 gpu_resource_sampling_overhead_ms=0.03106 semantic_gates=16/16 timing_direct=true resource_overhead_excluded=true step_sum_used=false status=PASS
sample_index=22 cpu_pipeline_ms=176.618 gpu_pipeline_ms=21.8085 cpu_resource_sampling_overhead_ms=0.188613 gpu_resource_sampling_overhead_ms=0.03131 semantic_gates=16/16 timing_direct=true resource_overhead_excluded=true step_sum_used=false status=PASS
sample_index=23 cpu_pipeline_ms=174.894 gpu_pipeline_ms=22.0498 cpu_resource_sampling_overhead_ms=0.187591 gpu_resource_sampling_overhead_ms=0.03141 semantic_gates=16/16 timing_direct=true resource_overhead_excluded=true step_sum_used=false status=PASS
sample_index=24 cpu_pipeline_ms=174.258 gpu_pipeline_ms=21.9067 cpu_resource_sampling_overhead_ms=0.187682 gpu_resource_sampling_overhead_ms=0.03093 semantic_gates=16/16 timing_direct=true resource_overhead_excluded=true step_sum_used=false status=PASS
sample_index=25 cpu_pipeline_ms=177.204 gpu_pipeline_ms=21.9286 cpu_resource_sampling_overhead_ms=0.180271 gpu_resource_sampling_overhead_ms=0.03126 semantic_gates=16/16 timing_direct=true resource_overhead_excluded=true step_sum_used=false status=PASS
sample_index=26 cpu_pipeline_ms=174.831 gpu_pipeline_ms=21.8592 cpu_resource_sampling_overhead_ms=0.167302 gpu_resource_sampling_overhead_ms=0.03113 semantic_gates=16/16 timing_direct=true resource_overhead_excluded=true step_sum_used=false status=PASS
sample_index=27 cpu_pipeline_ms=175.948 gpu_pipeline_ms=21.5467 cpu_resource_sampling_overhead_ms=0.177084 gpu_resource_sampling_overhead_ms=0.031161 semantic_gates=16/16 timing_direct=true resource_overhead_excluded=true step_sum_used=false status=PASS
sample_index=28 cpu_pipeline_ms=174.944 gpu_pipeline_ms=21.5457 cpu_resource_sampling_overhead_ms=0.169382 gpu_resource_sampling_overhead_ms=0.031301 semantic_gates=16/16 timing_direct=true resource_overhead_excluded=true step_sum_used=false status=PASS
sample_index=29 cpu_pipeline_ms=174.585 gpu_pipeline_ms=21.43 cpu_resource_sampling_overhead_ms=0.182482 gpu_resource_sampling_overhead_ms=0.03067 semantic_gates=16/16 timing_direct=true resource_overhead_excluded=true step_sum_used=false status=PASS
sample_index=30 cpu_pipeline_ms=176.284 gpu_pipeline_ms=21.5136 cpu_resource_sampling_overhead_ms=0.182762 gpu_resource_sampling_overhead_ms=0.03089 semantic_gates=16/16 timing_direct=true resource_overhead_excluded=true step_sum_used=false status=PASS
sample_index=31 cpu_pipeline_ms=177.624 gpu_pipeline_ms=21.6047 cpu_resource_sampling_overhead_ms=0.17448 gpu_resource_sampling_overhead_ms=0.030921 semantic_gates=16/16 timing_direct=true resource_overhead_excluded=true step_sum_used=false status=PASS
sample_index=32 cpu_pipeline_ms=176.127 gpu_pipeline_ms=21.5981 cpu_resource_sampling_overhead_ms=0.19284 gpu_resource_sampling_overhead_ms=0.03121 semantic_gates=16/16 timing_direct=true resource_overhead_excluded=true step_sum_used=false status=PASS
sample_index=33 cpu_pipeline_ms=176.79 gpu_pipeline_ms=22.2908 cpu_resource_sampling_overhead_ms=0.206633 gpu_resource_sampling_overhead_ms=0.03209 semantic_gates=16/16 timing_direct=true resource_overhead_excluded=true step_sum_used=false status=PASS
sample_index=34 cpu_pipeline_ms=175.245 gpu_pipeline_ms=21.7582 cpu_resource_sampling_overhead_ms=0.173571 gpu_resource_sampling_overhead_ms=0.03148 semantic_gates=16/16 timing_direct=true resource_overhead_excluded=true step_sum_used=false status=PASS
sample_index=35 cpu_pipeline_ms=174.4 gpu_pipeline_ms=21.6727 cpu_resource_sampling_overhead_ms=0.168121 gpu_resource_sampling_overhead_ms=0.03147 semantic_gates=16/16 timing_direct=true resource_overhead_excluded=true step_sum_used=false status=PASS
sample_index=36 cpu_pipeline_ms=174.037 gpu_pipeline_ms=21.713 cpu_resource_sampling_overhead_ms=0.162762 gpu_resource_sampling_overhead_ms=0.03105 semantic_gates=16/16 timing_direct=true resource_overhead_excluded=true step_sum_used=false status=PASS
sample_index=37 cpu_pipeline_ms=174.387 gpu_pipeline_ms=21.5768 cpu_resource_sampling_overhead_ms=0.176833 gpu_resource_sampling_overhead_ms=0.03117 semantic_gates=16/16 timing_direct=true resource_overhead_excluded=true step_sum_used=false status=PASS
sample_index=38 cpu_pipeline_ms=174.493 gpu_pipeline_ms=21.8336 cpu_resource_sampling_overhead_ms=0.170161 gpu_resource_sampling_overhead_ms=0.03118 semantic_gates=16/16 timing_direct=true resource_overhead_excluded=true step_sum_used=false status=PASS
sample_index=39 cpu_pipeline_ms=174.842 gpu_pipeline_ms=21.9748 cpu_resource_sampling_overhead_ms=0.165902 gpu_resource_sampling_overhead_ms=0.03128 semantic_gates=16/16 timing_direct=true resource_overhead_excluded=true step_sum_used=false status=PASS
sample_index=40 cpu_pipeline_ms=175.337 gpu_pipeline_ms=21.917 cpu_resource_sampling_overhead_ms=0.171443 gpu_resource_sampling_overhead_ms=0.031422 semantic_gates=16/16 timing_direct=true resource_overhead_excluded=true step_sum_used=false status=PASS
sample_index=41 cpu_pipeline_ms=177.714 gpu_pipeline_ms=22.3547 cpu_resource_sampling_overhead_ms=0.222913 gpu_resource_sampling_overhead_ms=0.03195 semantic_gates=16/16 timing_direct=true resource_overhead_excluded=true step_sum_used=false status=PASS
sample_index=42 cpu_pipeline_ms=175.191 gpu_pipeline_ms=21.5155 cpu_resource_sampling_overhead_ms=0.180632 gpu_resource_sampling_overhead_ms=0.0308 semantic_gates=16/16 timing_direct=true resource_overhead_excluded=true step_sum_used=false status=PASS
sample_index=43 cpu_pipeline_ms=174.497 gpu_pipeline_ms=21.7444 cpu_resource_sampling_overhead_ms=0.18134 gpu_resource_sampling_overhead_ms=0.03078 semantic_gates=16/16 timing_direct=true resource_overhead_excluded=true step_sum_used=false status=PASS
sample_index=44 cpu_pipeline_ms=175.065 gpu_pipeline_ms=21.7729 cpu_resource_sampling_overhead_ms=0.212363 gpu_resource_sampling_overhead_ms=0.031521 semantic_gates=16/16 timing_direct=true resource_overhead_excluded=true step_sum_used=false status=PASS
sample_index=45 cpu_pipeline_ms=174.356 gpu_pipeline_ms=21.7697 cpu_resource_sampling_overhead_ms=0.198941 gpu_resource_sampling_overhead_ms=0.03103 semantic_gates=16/16 timing_direct=true resource_overhead_excluded=true step_sum_used=false status=PASS
sample_index=46 cpu_pipeline_ms=211.925 gpu_pipeline_ms=24.6803 cpu_resource_sampling_overhead_ms=0.245233 gpu_resource_sampling_overhead_ms=0.03297 semantic_gates=16/16 timing_direct=true resource_overhead_excluded=true step_sum_used=false status=PASS
sample_index=47 cpu_pipeline_ms=176.758 gpu_pipeline_ms=22.1664 cpu_resource_sampling_overhead_ms=0.172352 gpu_resource_sampling_overhead_ms=0.033031 semantic_gates=16/16 timing_direct=true resource_overhead_excluded=true step_sum_used=false status=PASS
sample_index=48 cpu_pipeline_ms=178.794 gpu_pipeline_ms=21.4988 cpu_resource_sampling_overhead_ms=0.208663 gpu_resource_sampling_overhead_ms=0.03216 semantic_gates=16/16 timing_direct=true resource_overhead_excluded=true step_sum_used=false status=PASS
sample_index=49 cpu_pipeline_ms=175.761 gpu_pipeline_ms=21.1603 cpu_resource_sampling_overhead_ms=0.182951 gpu_resource_sampling_overhead_ms=0.032072 semantic_gates=16/16 timing_direct=true resource_overhead_excluded=true step_sum_used=false status=PASS
sample_index=50 cpu_pipeline_ms=174.575 gpu_pipeline_ms=21.4741 cpu_resource_sampling_overhead_ms=0.1883 gpu_resource_sampling_overhead_ms=0.032201 semantic_gates=16/16 timing_direct=true resource_overhead_excluded=true step_sum_used=false status=PASS
sample_index=51 cpu_pipeline_ms=177.021 gpu_pipeline_ms=20.9494 cpu_resource_sampling_overhead_ms=0.180381 gpu_resource_sampling_overhead_ms=0.03079 semantic_gates=16/16 timing_direct=true resource_overhead_excluded=true step_sum_used=false status=PASS
sample_index=52 cpu_pipeline_ms=174.87 gpu_pipeline_ms=21.0199 cpu_resource_sampling_overhead_ms=0.176792 gpu_resource_sampling_overhead_ms=0.03002 semantic_gates=16/16 timing_direct=true resource_overhead_excluded=true step_sum_used=false status=PASS
sample_index=53 cpu_pipeline_ms=174.859 gpu_pipeline_ms=21.2798 cpu_resource_sampling_overhead_ms=0.177081 gpu_resource_sampling_overhead_ms=0.03128 semantic_gates=16/16 timing_direct=true resource_overhead_excluded=true step_sum_used=false status=PASS
sample_index=54 cpu_pipeline_ms=176.497 gpu_pipeline_ms=21.259 cpu_resource_sampling_overhead_ms=0.211591 gpu_resource_sampling_overhead_ms=0.03127 semantic_gates=16/16 timing_direct=true resource_overhead_excluded=true step_sum_used=false status=PASS
sample_index=55 cpu_pipeline_ms=173.964 gpu_pipeline_ms=21.0743 cpu_resource_sampling_overhead_ms=0.182571 gpu_resource_sampling_overhead_ms=0.03073 semantic_gates=16/16 timing_direct=true resource_overhead_excluded=true step_sum_used=false status=PASS
sample_index=56 cpu_pipeline_ms=181.697 gpu_pipeline_ms=21.2279 cpu_resource_sampling_overhead_ms=0.18679 gpu_resource_sampling_overhead_ms=0.03403 semantic_gates=16/16 timing_direct=true resource_overhead_excluded=true step_sum_used=false status=PASS
sample_index=57 cpu_pipeline_ms=175.57 gpu_pipeline_ms=21.3317 cpu_resource_sampling_overhead_ms=0.1676 gpu_resource_sampling_overhead_ms=0.031311 semantic_gates=16/16 timing_direct=true resource_overhead_excluded=true step_sum_used=false status=PASS
sample_index=58 cpu_pipeline_ms=174.159 gpu_pipeline_ms=20.9721 cpu_resource_sampling_overhead_ms=0.169851 gpu_resource_sampling_overhead_ms=0.0307 semantic_gates=16/16 timing_direct=true resource_overhead_excluded=true step_sum_used=false status=PASS
sample_index=59 cpu_pipeline_ms=179.829 gpu_pipeline_ms=21.2536 cpu_resource_sampling_overhead_ms=0.190911 gpu_resource_sampling_overhead_ms=0.03057 semantic_gates=16/16 timing_direct=true resource_overhead_excluded=true step_sum_used=false status=PASS
sample_index=60 cpu_pipeline_ms=179.329 gpu_pipeline_ms=22.0553 cpu_resource_sampling_overhead_ms=0.205942 gpu_resource_sampling_overhead_ms=0.0326 semantic_gates=16/16 timing_direct=true resource_overhead_excluded=true step_sum_used=false status=PASS
sample_index=61 cpu_pipeline_ms=174.677 gpu_pipeline_ms=21.8202 cpu_resource_sampling_overhead_ms=0.171532 gpu_resource_sampling_overhead_ms=0.031881 semantic_gates=16/16 timing_direct=true resource_overhead_excluded=true step_sum_used=false status=PASS
sample_index=62 cpu_pipeline_ms=174.089 gpu_pipeline_ms=21.9 cpu_resource_sampling_overhead_ms=0.174883 gpu_resource_sampling_overhead_ms=0.03173 semantic_gates=16/16 timing_direct=true resource_overhead_excluded=true step_sum_used=false status=PASS
sample_index=63 cpu_pipeline_ms=174.332 gpu_pipeline_ms=21.7677 cpu_resource_sampling_overhead_ms=0.190031 gpu_resource_sampling_overhead_ms=0.031431 semantic_gates=16/16 timing_direct=true resource_overhead_excluded=true step_sum_used=false status=PASS
sample_index=64 cpu_pipeline_ms=174.227 gpu_pipeline_ms=21.7048 cpu_resource_sampling_overhead_ms=0.186823 gpu_resource_sampling_overhead_ms=0.03145 semantic_gates=16/16 timing_direct=true resource_overhead_excluded=true step_sum_used=false status=PASS
sample_index=65 cpu_pipeline_ms=175.95 gpu_pipeline_ms=22.0502 cpu_resource_sampling_overhead_ms=0.187203 gpu_resource_sampling_overhead_ms=0.03225 semantic_gates=16/16 timing_direct=true resource_overhead_excluded=true step_sum_used=false status=PASS
sample_index=66 cpu_pipeline_ms=174.032 gpu_pipeline_ms=21.6954 cpu_resource_sampling_overhead_ms=0.165251 gpu_resource_sampling_overhead_ms=0.03196 semantic_gates=16/16 timing_direct=true resource_overhead_excluded=true step_sum_used=false status=PASS
sample_index=67 cpu_pipeline_ms=176.293 gpu_pipeline_ms=21.669 cpu_resource_sampling_overhead_ms=0.162123 gpu_resource_sampling_overhead_ms=0.03188 semantic_gates=16/16 timing_direct=true resource_overhead_excluded=true step_sum_used=false status=PASS
sample_index=68 cpu_pipeline_ms=175.604 gpu_pipeline_ms=21.9973 cpu_resource_sampling_overhead_ms=0.179972 gpu_resource_sampling_overhead_ms=0.031822 semantic_gates=16/16 timing_direct=true resource_overhead_excluded=true step_sum_used=false status=PASS
sample_index=69 cpu_pipeline_ms=174.372 gpu_pipeline_ms=21.6519 cpu_resource_sampling_overhead_ms=0.169831 gpu_resource_sampling_overhead_ms=0.032072 semantic_gates=16/16 timing_direct=true resource_overhead_excluded=true step_sum_used=false status=PASS
sample_index=70 cpu_pipeline_ms=181.998 gpu_pipeline_ms=22.0641 cpu_resource_sampling_overhead_ms=0.174861 gpu_resource_sampling_overhead_ms=0.03162 semantic_gates=16/16 timing_direct=true resource_overhead_excluded=true step_sum_used=false status=PASS
sample_index=71 cpu_pipeline_ms=174.431 gpu_pipeline_ms=21.8276 cpu_resource_sampling_overhead_ms=0.160423 gpu_resource_sampling_overhead_ms=0.03155 semantic_gates=16/16 timing_direct=true resource_overhead_excluded=true step_sum_used=false status=PASS
sample_index=72 cpu_pipeline_ms=174.21 gpu_pipeline_ms=21.9875 cpu_resource_sampling_overhead_ms=0.173232 gpu_resource_sampling_overhead_ms=0.03151 semantic_gates=16/16 timing_direct=true resource_overhead_excluded=true step_sum_used=false status=PASS
sample_index=73 cpu_pipeline_ms=179.213 gpu_pipeline_ms=21.9059 cpu_resource_sampling_overhead_ms=0.191852 gpu_resource_sampling_overhead_ms=0.03147 semantic_gates=16/16 timing_direct=true resource_overhead_excluded=true step_sum_used=false status=PASS
sample_index=74 cpu_pipeline_ms=177.878 gpu_pipeline_ms=21.6404 cpu_resource_sampling_overhead_ms=0.172171 gpu_resource_sampling_overhead_ms=0.03148 semantic_gates=16/16 timing_direct=true resource_overhead_excluded=true step_sum_used=false status=PASS
sample_index=75 cpu_pipeline_ms=176.45 gpu_pipeline_ms=21.6253 cpu_resource_sampling_overhead_ms=0.166923 gpu_resource_sampling_overhead_ms=0.0311 semantic_gates=16/16 timing_direct=true resource_overhead_excluded=true step_sum_used=false status=PASS
sample_index=76 cpu_pipeline_ms=179.984 gpu_pipeline_ms=21.6944 cpu_resource_sampling_overhead_ms=0.167082 gpu_resource_sampling_overhead_ms=0.03081 semantic_gates=16/16 timing_direct=true resource_overhead_excluded=true step_sum_used=false status=PASS
sample_index=77 cpu_pipeline_ms=175.579 gpu_pipeline_ms=21.5281 cpu_resource_sampling_overhead_ms=0.164621 gpu_resource_sampling_overhead_ms=0.031671 semantic_gates=16/16 timing_direct=true resource_overhead_excluded=true step_sum_used=false status=PASS
sample_index=78 cpu_pipeline_ms=174.701 gpu_pipeline_ms=21.7569 cpu_resource_sampling_overhead_ms=0.174292 gpu_resource_sampling_overhead_ms=0.03143 semantic_gates=16/16 timing_direct=true resource_overhead_excluded=true step_sum_used=false status=PASS
sample_index=79 cpu_pipeline_ms=177.386 gpu_pipeline_ms=21.1779 cpu_resource_sampling_overhead_ms=0.185951 gpu_resource_sampling_overhead_ms=0.03165 semantic_gates=16/16 timing_direct=true resource_overhead_excluded=true step_sum_used=false status=PASS
sample_index=80 cpu_pipeline_ms=174.321 gpu_pipeline_ms=20.9216 cpu_resource_sampling_overhead_ms=0.181841 gpu_resource_sampling_overhead_ms=0.0308 semantic_gates=16/16 timing_direct=true resource_overhead_excluded=true step_sum_used=false status=PASS
sample_index=81 cpu_pipeline_ms=176.442 gpu_pipeline_ms=24.9619 cpu_resource_sampling_overhead_ms=0.247013 gpu_resource_sampling_overhead_ms=0.037961 semantic_gates=16/16 timing_direct=true resource_overhead_excluded=true step_sum_used=false status=PASS
sample_index=82 cpu_pipeline_ms=169.523 gpu_pipeline_ms=24.2443 cpu_resource_sampling_overhead_ms=0.181764 gpu_resource_sampling_overhead_ms=0.03581 semantic_gates=16/16 timing_direct=true resource_overhead_excluded=true step_sum_used=false status=PASS
sample_index=83 cpu_pipeline_ms=167.844 gpu_pipeline_ms=24.2058 cpu_resource_sampling_overhead_ms=0.196542 gpu_resource_sampling_overhead_ms=0.035791 semantic_gates=16/16 timing_direct=true resource_overhead_excluded=true step_sum_used=false status=PASS
sample_index=84 cpu_pipeline_ms=176.947 gpu_pipeline_ms=22.1875 cpu_resource_sampling_overhead_ms=0.190521 gpu_resource_sampling_overhead_ms=0.0323 semantic_gates=16/16 timing_direct=true resource_overhead_excluded=true step_sum_used=false status=PASS
sample_index=85 cpu_pipeline_ms=174.281 gpu_pipeline_ms=21.7269 cpu_resource_sampling_overhead_ms=0.174792 gpu_resource_sampling_overhead_ms=0.0317 semantic_gates=16/16 timing_direct=true resource_overhead_excluded=true step_sum_used=false status=PASS
sample_index=86 cpu_pipeline_ms=174.268 gpu_pipeline_ms=21.7267 cpu_resource_sampling_overhead_ms=0.16424 gpu_resource_sampling_overhead_ms=0.03223 semantic_gates=16/16 timing_direct=true resource_overhead_excluded=true step_sum_used=false status=PASS
sample_index=87 cpu_pipeline_ms=176.746 gpu_pipeline_ms=21.7619 cpu_resource_sampling_overhead_ms=0.191861 gpu_resource_sampling_overhead_ms=0.03203 semantic_gates=16/16 timing_direct=true resource_overhead_excluded=true step_sum_used=false status=PASS
sample_index=88 cpu_pipeline_ms=174.983 gpu_pipeline_ms=21.7883 cpu_resource_sampling_overhead_ms=0.172703 gpu_resource_sampling_overhead_ms=0.0319 semantic_gates=16/16 timing_direct=true resource_overhead_excluded=true step_sum_used=false status=PASS
sample_index=89 cpu_pipeline_ms=168.68 gpu_pipeline_ms=22.9609 cpu_resource_sampling_overhead_ms=0.207441 gpu_resource_sampling_overhead_ms=0.033091 semantic_gates=16/16 timing_direct=true resource_overhead_excluded=true step_sum_used=false status=PASS
sample_index=90 cpu_pipeline_ms=174.121 gpu_pipeline_ms=21.0791 cpu_resource_sampling_overhead_ms=0.164932 gpu_resource_sampling_overhead_ms=0.03027 semantic_gates=16/16 timing_direct=true resource_overhead_excluded=true step_sum_used=false status=PASS
sample_index=91 cpu_pipeline_ms=174.239 gpu_pipeline_ms=20.9077 cpu_resource_sampling_overhead_ms=0.18254 gpu_resource_sampling_overhead_ms=0.03061 semantic_gates=16/16 timing_direct=true resource_overhead_excluded=true step_sum_used=false status=PASS
sample_index=92 cpu_pipeline_ms=174.358 gpu_pipeline_ms=21.02 cpu_resource_sampling_overhead_ms=0.182861 gpu_resource_sampling_overhead_ms=0.03097 semantic_gates=16/16 timing_direct=true resource_overhead_excluded=true step_sum_used=false status=PASS
sample_index=93 cpu_pipeline_ms=175.002 gpu_pipeline_ms=20.9435 cpu_resource_sampling_overhead_ms=0.170553 gpu_resource_sampling_overhead_ms=0.03045 semantic_gates=16/16 timing_direct=true resource_overhead_excluded=true step_sum_used=false status=PASS
sample_index=94 cpu_pipeline_ms=176.311 gpu_pipeline_ms=21.0768 cpu_resource_sampling_overhead_ms=0.170741 gpu_resource_sampling_overhead_ms=0.03074 semantic_gates=16/16 timing_direct=true resource_overhead_excluded=true step_sum_used=false status=PASS
sample_index=95 cpu_pipeline_ms=174.073 gpu_pipeline_ms=21.2734 cpu_resource_sampling_overhead_ms=0.210951 gpu_resource_sampling_overhead_ms=0.03097 semantic_gates=16/16 timing_direct=true resource_overhead_excluded=true step_sum_used=false status=PASS
sample_index=96 cpu_pipeline_ms=174.103 gpu_pipeline_ms=20.8389 cpu_resource_sampling_overhead_ms=0.165952 gpu_resource_sampling_overhead_ms=0.030341 semantic_gates=16/16 timing_direct=true resource_overhead_excluded=true step_sum_used=false status=PASS
sample_index=97 cpu_pipeline_ms=178.861 gpu_pipeline_ms=20.9328 cpu_resource_sampling_overhead_ms=0.168311 gpu_resource_sampling_overhead_ms=0.03034 semantic_gates=16/16 timing_direct=true resource_overhead_excluded=true step_sum_used=false status=PASS
sample_index=98 cpu_pipeline_ms=176.435 gpu_pipeline_ms=21.0201 cpu_resource_sampling_overhead_ms=0.189912 gpu_resource_sampling_overhead_ms=0.029891 semantic_gates=16/16 timing_direct=true resource_overhead_excluded=true step_sum_used=false status=PASS
sample_index=99 cpu_pipeline_ms=177.227 gpu_pipeline_ms=21.0142 cpu_resource_sampling_overhead_ms=0.176591 gpu_resource_sampling_overhead_ms=0.03069 semantic_gates=16/16 timing_direct=true resource_overhead_excluded=true step_sum_used=false status=PASS
function=Task2 frozen full six-step pipeline
call_chain=Step1->Step2;Step2+Step1->Step3;Step3 dual outputs->Step4;Step4->Step5;Step5+Step4+Kalman/delay->Step6
timing=pipeline_total measured directly;not=sum(step timings)
cpu_correlation_method=direct_parallel_exact workers=255
resource_sampling_mode=same_pipeline_execution
status=PASS return_code=0
