command=/tmp/ZKX_dev/build_stage07_b02_gausspulse_76c5b6f8b36d/stage07_waveforms_gausspulse --dtype INT32 --count 16384 --p0 0.05 --p1 0.2 --p2 0 --p3 0 --warmup 20 --measured 100 --output /tmp/ZKX_dev/results/stage07_b02_formal_76c5b6f8b36d/formal/20260810T092022Z_76c5b6f8b36d_stage07_b02_formal_b450d2b6/gausspulse_probe_raw.json
STAGE07_WAVEFORM_PROBE PASS operator=gausspulse dtype=INT32
{"run_id": "20260810T092022Z_76c5b6f8b36d_stage07_b02_formal_b450d2b6", "case_id": "gausspulse__gauss_int32_10e4__279a96cf469764cd", "operator_name": "gausspulse", "task_name": "Task2", "step_name": "Step1", "scale_id": "gauss_int32_10e4", "requested_dtype": "INT32", "config_input_dtype": "INT32", "input_content": [{"input_name": "time", "shape": "[16384]", "dtype": "INT32", "element_count": "16384", "generator": "quantized_centered_time_minus16_to_16(round(32*i/(N-1)-16))", "preview_head4_tail2": "i=0:-16;i=1:-16;i=2:-16;i=3:-16;i=16382:16;i=16383:16"}], "case_parameters": {"fc": 0.05, "bw": 0.2, "bwr_db": -6, "return_component": "in_phase"}, "output_dtype": "INT32", "backend": "not_applicable", "warmup_runs": 20, "measured_runs": 100, "mse": 0, "rmse": 0, "relative_l2": 0, "relative_linf": 0, "actual_input_digest": "279a96cf469764cd3cd2abe7fc4ffd49a0fd1b0bfe0cc89132c6176104eb3385", "typed_array_digest": "68088b33a0981c379c8ca19ecab3fda0fc9b8dddbebd6cc27ceeff5a08f01485", "status": "PASS", "error_code": "OK"}
[stage07] identity and status
+------------+------------------+--------+----------------+-------+--------+----------+--------------------------+--------+------------+
| target     | scale_id         | device | backend        | dtype | warmup | measured | timing_scope             | status | error_code |
+------------+------------------+--------+----------------+-------+--------+----------+--------------------------+--------+------------+
| gausspulse | gauss_int32_10e4 | CPU    | not_applicable | INT32 | 20     | 100      | compatibility/end-to-end | PASS   | OK         |
| gausspulse | gauss_int32_10e4 | GPU    | not_applicable | INT32 | 20     | 100      | compatibility/end-to-end | PASS   | OK         |
+------------+------------------+--------+----------------+-------+--------+----------+--------------------------+--------+------------+

[stage07] timing detail
+--------+---------------------+-----------+---------------------+---------------------+----------+----------+----------------------+---------------------+--------------------+
| device | mean_ms             | p50_ms    | p95_ms              | p99_ms              | min_ms   | max_ms   | std_ms               | cv                  | speedup            |
+--------+---------------------+-----------+---------------------+---------------------+----------+----------+----------------------+---------------------+--------------------+
| CPU    | 0.66070649          | 0.6579545 | 0.672966            | 0.6943379200000003  | 0.652369 | 0.763333 | 0.011962046456601814 | 0.01810493257997483 | NA                 |
| GPU    | 0.25535516999999996 | 0.251137  | 0.27604694999999996 | 0.32480664000000053 | 0.246417 | 0.438423 | 0.021036787568473946 | 0.08238246191950588 | 2.5874020486838005 |
+--------+---------------------+-----------+---------------------+---------------------+----------+----------+----------------------+---------------------+--------------------+

[stage07] accuracy detail
+---------------------+-----+------+-------------+---------------+-------------+----------------+--------------------------------------------------------------------+--------+
| reference           | mse | rmse | relative_l2 | relative_linf | exact_match | mismatch_count | semantic_check                                                     | status |
+---------------------+-----+------+-------------+---------------+-------------+----------------+--------------------------------------------------------------------+--------+
| typed_cpu_reference | 0   | 0    | 0           | 0             | NA          | NA             | output_shape=[16384];output_dtype=INT32;finite_numeric_output=true | PASS   |
+---------------------+-----+------+-------------+---------------+-------------+----------------+--------------------------------------------------------------------+--------+

[stage07] resource detail
+--------+------------+--------------+-------------+------------+-------------+
| device | metric     | before_bytes | after_bytes | peak_bytes | delta_bytes |
+--------+------------+--------------+-------------+------------+-------------+
| CPU    | cpu_heap   | 1544448      | 1745120     | 1745120    | 200672      |
| CPU    | rss        | 69607424     | 70348800    | 70348800   | 741376      |
| GPU    | cpu_heap   | 1745168      | 1879488     | 1879488    | 134320      |
| GPU    | rss        | 70348800     | 70348800    | 70348800   | 0           |
| GPU    | gpu_memory | 391544832    | 391544832   | 391544832  | 0           |
+--------+------------+--------------+-------------+------------+-------------+

[stage07] input content
+------------+---------+-------+----------+-------------------------------------------------------------+-------------------------------------------------------+
| input_name | shape   | dtype | elements | generator                                                   | values(head4/tail2)                                   |
+------------+---------+-------+----------+-------------------------------------------------------------+-------------------------------------------------------+
| time       | [16384] | INT32 | 16384    | quantized_centered_time_minus16_to_16(round(32*i/(N-1)-16)) | i=0:-16;i=1:-16;i=2:-16;i=3:-16;i=16382:16;i=16383:16 |
+------------+---------+-------+----------+-------------------------------------------------------------+-------------------------------------------------------+

[stage07] case parameters
+----------------------------------------------------------------+
| parameters                                                     |
+----------------------------------------------------------------+
| {"bw":0.2,"bwr_db":-6,"fc":0.05,"return_component":"in_phase"} |
+----------------------------------------------------------------+

[stage07] input and output identity
+--------+------------------------------------------------------------------+------------------------------------------------------------------+
| device | input_digest                                                     | output_digest                                                    |
+--------+------------------------------------------------------------------+------------------------------------------------------------------+
| CPU    | 279a96cf469764cd3cd2abe7fc4ffd49a0fd1b0bfe0cc89132c6176104eb3385 | c6ebbc67395d01eaf0adfc0f30f1b802122feca27c2f27aa596d794d6144ba2b |
| GPU    | 279a96cf469764cd3cd2abe7fc4ffd49a0fd1b0bfe0cc89132c6176104eb3385 | c6ebbc67395d01eaf0adfc0f30f1b802122feca27c2f27aa596d794d6144ba2b |
+--------+------------------------------------------------------------------+------------------------------------------------------------------+

[stage07] dtype evidence
+-----------------+--------------------+--------------+------------------------------------------------------------------+------------------------------------------------------------------+
| requested_dtype | config_input_dtype | output_dtype | typed_array_digest                                               | actual_input_digest                                              |
+-----------------+--------------------+--------------+------------------------------------------------------------------+------------------------------------------------------------------+
| INT32           | INT32              | INT32        | 68088b33a0981c379c8ca19ecab3fda0fc9b8dddbebd6cc27ceeff5a08f01485 | 279a96cf469764cd3cd2abe7fc4ffd49a0fd1b0bfe0cc89132c6176104eb3385 |
+-----------------+--------------------+--------------+------------------------------------------------------------------+------------------------------------------------------------------+

[stage07] evidence files
+-------------+---------------------------------------------------------------------------------------------------------------------------------------------------------------------------------------------------------------------------------------+
| kind        | path                                                                                                                                                                                                                                  |
+-------------+---------------------------------------------------------------------------------------------------------------------------------------------------------------------------------------------------------------------------------------+
| main_csv    | /tmp/ZKX_dev/results/stage07_b02_formal_76c5b6f8b36d/formal/20260810T092022Z_76c5b6f8b36d_stage07_b02_formal_b450d2b6/operator_main_results_gausspulse_not_applicable_20260810T092022Z_76c5b6f8b36d_stage07_b02_formal_b450d2b6.csv   |
| timing_csv  | /tmp/ZKX_dev/results/stage07_b02_formal_76c5b6f8b36d/formal/20260810T092022Z_76c5b6f8b36d_stage07_b02_formal_b450d2b6/operator_timing_samples_gausspulse_not_applicable_20260810T092022Z_76c5b6f8b36d_stage07_b02_formal_b450d2b6.csv |
| memory_csv  | /tmp/ZKX_dev/results/stage07_b02_formal_76c5b6f8b36d/formal/20260810T092022Z_76c5b6f8b36d_stage07_b02_formal_b450d2b6/operator_waveforms_gausspulse_memory_trace_not_applicable.csv                                                   |
| dtype_csv   | /tmp/ZKX_dev/results/stage07_b02_formal_76c5b6f8b36d/formal/20260810T092022Z_76c5b6f8b36d_stage07_b02_formal_b450d2b6/operator_dtype_evidence_gausspulse_not_applicable_20260810T092022Z_76c5b6f8b36d_stage07_b02_formal_b450d2b6.csv |
| report_json | /tmp/ZKX_dev/results/stage07_b02_formal_76c5b6f8b36d/formal/20260810T092022Z_76c5b6f8b36d_stage07_b02_formal_b450d2b6/operator_gausspulse_report.json                                                                                 |
| summary_txt | /tmp/ZKX_dev/results/stage07_b02_formal_76c5b6f8b36d/formal/20260810T092022Z_76c5b6f8b36d_stage07_b02_formal_b450d2b6/operator_gausspulse_summary.txt                                                                                 |
| full_log    | /tmp/ZKX_dev/results/stage07_b02_formal_76c5b6f8b36d/formal/20260810T092022Z_76c5b6f8b36d_stage07_b02_formal_b450d2b6/operator_gausspulse_full.log                                                                                    |
| result_dir  | /tmp/ZKX_dev/results/stage07_b02_formal_76c5b6f8b36d/formal/20260810T092022Z_76c5b6f8b36d_stage07_b02_formal_b450d2b6                                                                                                                 |
+-------------+---------------------------------------------------------------------------------------------------------------------------------------------------------------------------------------------------------------------------------------+
