sample_index=0 cpu_pipeline_ms=51.5358 gpu_pipeline_ms=8.0436 cpu_resource_sampling_overhead_ms=0.152152 gpu_resource_sampling_overhead_ms=0.03272 semantic_gates=16/16 timing_direct=true resource_overhead_excluded=true step_sum_used=false status=PASS
sample_index=1 cpu_pipeline_ms=51.0075 gpu_pipeline_ms=8.05864 cpu_resource_sampling_overhead_ms=0.131501 gpu_resource_sampling_overhead_ms=0.03246 semantic_gates=16/16 timing_direct=true resource_overhead_excluded=true step_sum_used=false status=PASS
sample_index=2 cpu_pipeline_ms=57.794 gpu_pipeline_ms=7.89082 cpu_resource_sampling_overhead_ms=0.128182 gpu_resource_sampling_overhead_ms=0.03216 semantic_gates=16/16 timing_direct=true resource_overhead_excluded=true step_sum_used=false status=PASS
sample_index=3 cpu_pipeline_ms=54.013 gpu_pipeline_ms=7.97959 cpu_resource_sampling_overhead_ms=0.130471 gpu_resource_sampling_overhead_ms=0.0318 semantic_gates=16/16 timing_direct=true resource_overhead_excluded=true step_sum_used=false status=PASS
sample_index=4 cpu_pipeline_ms=51.9528 gpu_pipeline_ms=8.14665 cpu_resource_sampling_overhead_ms=0.131552 gpu_resource_sampling_overhead_ms=0.03382 semantic_gates=16/16 timing_direct=true resource_overhead_excluded=true step_sum_used=false status=PASS
sample_index=5 cpu_pipeline_ms=51.303 gpu_pipeline_ms=8.0065 cpu_resource_sampling_overhead_ms=0.132152 gpu_resource_sampling_overhead_ms=0.031501 semantic_gates=16/16 timing_direct=true resource_overhead_excluded=true step_sum_used=false status=PASS
sample_index=6 cpu_pipeline_ms=51.2926 gpu_pipeline_ms=7.8762 cpu_resource_sampling_overhead_ms=0.13522 gpu_resource_sampling_overhead_ms=0.03209 semantic_gates=16/16 timing_direct=true resource_overhead_excluded=true step_sum_used=false status=PASS
sample_index=7 cpu_pipeline_ms=51.279 gpu_pipeline_ms=8.05265 cpu_resource_sampling_overhead_ms=0.124701 gpu_resource_sampling_overhead_ms=0.03207 semantic_gates=16/16 timing_direct=true resource_overhead_excluded=true step_sum_used=false status=PASS
sample_index=8 cpu_pipeline_ms=51.3699 gpu_pipeline_ms=8.06482 cpu_resource_sampling_overhead_ms=0.135581 gpu_resource_sampling_overhead_ms=0.03171 semantic_gates=16/16 timing_direct=true resource_overhead_excluded=true step_sum_used=false status=PASS
sample_index=9 cpu_pipeline_ms=51.5074 gpu_pipeline_ms=8.16748 cpu_resource_sampling_overhead_ms=0.13624 gpu_resource_sampling_overhead_ms=0.031601 semantic_gates=16/16 timing_direct=true resource_overhead_excluded=true step_sum_used=false status=PASS
sample_index=10 cpu_pipeline_ms=51.0632 gpu_pipeline_ms=7.90918 cpu_resource_sampling_overhead_ms=0.127862 gpu_resource_sampling_overhead_ms=0.032051 semantic_gates=16/16 timing_direct=true resource_overhead_excluded=true step_sum_used=false status=PASS
sample_index=11 cpu_pipeline_ms=51.5362 gpu_pipeline_ms=7.92782 cpu_resource_sampling_overhead_ms=0.139512 gpu_resource_sampling_overhead_ms=0.03182 semantic_gates=16/16 timing_direct=true resource_overhead_excluded=true step_sum_used=false status=PASS
sample_index=12 cpu_pipeline_ms=51.1911 gpu_pipeline_ms=8.06031 cpu_resource_sampling_overhead_ms=0.153842 gpu_resource_sampling_overhead_ms=0.031951 semantic_gates=16/16 timing_direct=true resource_overhead_excluded=true step_sum_used=false status=PASS
sample_index=13 cpu_pipeline_ms=51.1691 gpu_pipeline_ms=7.97435 cpu_resource_sampling_overhead_ms=0.132392 gpu_resource_sampling_overhead_ms=0.03121 semantic_gates=16/16 timing_direct=true resource_overhead_excluded=true step_sum_used=false status=PASS
sample_index=14 cpu_pipeline_ms=51.2499 gpu_pipeline_ms=8.2089 cpu_resource_sampling_overhead_ms=0.130462 gpu_resource_sampling_overhead_ms=0.03112 semantic_gates=16/16 timing_direct=true resource_overhead_excluded=true step_sum_used=false status=PASS
sample_index=15 cpu_pipeline_ms=50.998 gpu_pipeline_ms=7.96376 cpu_resource_sampling_overhead_ms=0.13019 gpu_resource_sampling_overhead_ms=0.03221 semantic_gates=16/16 timing_direct=true resource_overhead_excluded=true step_sum_used=false status=PASS
sample_index=16 cpu_pipeline_ms=51.6946 gpu_pipeline_ms=8.12665 cpu_resource_sampling_overhead_ms=0.137192 gpu_resource_sampling_overhead_ms=0.03199 semantic_gates=16/16 timing_direct=true resource_overhead_excluded=true step_sum_used=false status=PASS
sample_index=17 cpu_pipeline_ms=51.323 gpu_pipeline_ms=8.19692 cpu_resource_sampling_overhead_ms=0.13968 gpu_resource_sampling_overhead_ms=0.03284 semantic_gates=16/16 timing_direct=true resource_overhead_excluded=true step_sum_used=false status=PASS
sample_index=18 cpu_pipeline_ms=51.1463 gpu_pipeline_ms=8.27321 cpu_resource_sampling_overhead_ms=0.135032 gpu_resource_sampling_overhead_ms=0.03334 semantic_gates=16/16 timing_direct=true resource_overhead_excluded=true step_sum_used=false status=PASS
sample_index=19 cpu_pipeline_ms=51.2975 gpu_pipeline_ms=7.93128 cpu_resource_sampling_overhead_ms=0.141281 gpu_resource_sampling_overhead_ms=0.032521 semantic_gates=16/16 timing_direct=true resource_overhead_excluded=true step_sum_used=false status=PASS
sample_index=20 cpu_pipeline_ms=51.2129 gpu_pipeline_ms=8.08549 cpu_resource_sampling_overhead_ms=0.139464 gpu_resource_sampling_overhead_ms=0.03311 semantic_gates=16/16 timing_direct=true resource_overhead_excluded=true step_sum_used=false status=PASS
sample_index=21 cpu_pipeline_ms=51.4945 gpu_pipeline_ms=8.28808 cpu_resource_sampling_overhead_ms=0.14224 gpu_resource_sampling_overhead_ms=0.03349 semantic_gates=16/16 timing_direct=true resource_overhead_excluded=true step_sum_used=false status=PASS
sample_index=22 cpu_pipeline_ms=51.1366 gpu_pipeline_ms=8.27883 cpu_resource_sampling_overhead_ms=0.147221 gpu_resource_sampling_overhead_ms=0.03288 semantic_gates=16/16 timing_direct=true resource_overhead_excluded=true step_sum_used=false status=PASS
sample_index=23 cpu_pipeline_ms=51.049 gpu_pipeline_ms=8.24078 cpu_resource_sampling_overhead_ms=0.131602 gpu_resource_sampling_overhead_ms=0.03285 semantic_gates=16/16 timing_direct=true resource_overhead_excluded=true step_sum_used=false status=PASS
sample_index=24 cpu_pipeline_ms=51.5442 gpu_pipeline_ms=8.25794 cpu_resource_sampling_overhead_ms=0.13412 gpu_resource_sampling_overhead_ms=0.03241 semantic_gates=16/16 timing_direct=true resource_overhead_excluded=true step_sum_used=false status=PASS
sample_index=25 cpu_pipeline_ms=51.3169 gpu_pipeline_ms=8.13685 cpu_resource_sampling_overhead_ms=0.14111 gpu_resource_sampling_overhead_ms=0.03252 semantic_gates=16/16 timing_direct=true resource_overhead_excluded=true step_sum_used=false status=PASS
sample_index=26 cpu_pipeline_ms=51.4855 gpu_pipeline_ms=8.06289 cpu_resource_sampling_overhead_ms=0.142833 gpu_resource_sampling_overhead_ms=0.03277 semantic_gates=16/16 timing_direct=true resource_overhead_excluded=true step_sum_used=false status=PASS
sample_index=27 cpu_pipeline_ms=51.3076 gpu_pipeline_ms=8.27981 cpu_resource_sampling_overhead_ms=0.131212 gpu_resource_sampling_overhead_ms=0.03193 semantic_gates=16/16 timing_direct=true resource_overhead_excluded=true step_sum_used=false status=PASS
sample_index=28 cpu_pipeline_ms=51.6114 gpu_pipeline_ms=7.98887 cpu_resource_sampling_overhead_ms=0.14235 gpu_resource_sampling_overhead_ms=0.03235 semantic_gates=16/16 timing_direct=true resource_overhead_excluded=true step_sum_used=false status=PASS
sample_index=29 cpu_pipeline_ms=51.8491 gpu_pipeline_ms=7.97926 cpu_resource_sampling_overhead_ms=0.154481 gpu_resource_sampling_overhead_ms=0.031781 semantic_gates=16/16 timing_direct=true resource_overhead_excluded=true step_sum_used=false status=PASS
sample_index=30 cpu_pipeline_ms=51.2528 gpu_pipeline_ms=8.01117 cpu_resource_sampling_overhead_ms=0.139842 gpu_resource_sampling_overhead_ms=0.032251 semantic_gates=16/16 timing_direct=true resource_overhead_excluded=true step_sum_used=false status=PASS
sample_index=31 cpu_pipeline_ms=51.6635 gpu_pipeline_ms=8.03482 cpu_resource_sampling_overhead_ms=0.129 gpu_resource_sampling_overhead_ms=0.032861 semantic_gates=16/16 timing_direct=true resource_overhead_excluded=true step_sum_used=false status=PASS
sample_index=32 cpu_pipeline_ms=51.5149 gpu_pipeline_ms=8.07715 cpu_resource_sampling_overhead_ms=0.133631 gpu_resource_sampling_overhead_ms=0.03204 semantic_gates=16/16 timing_direct=true resource_overhead_excluded=true step_sum_used=false status=PASS
sample_index=33 cpu_pipeline_ms=51.6955 gpu_pipeline_ms=8.02677 cpu_resource_sampling_overhead_ms=0.14199 gpu_resource_sampling_overhead_ms=0.03243 semantic_gates=16/16 timing_direct=true resource_overhead_excluded=true step_sum_used=false status=PASS
sample_index=34 cpu_pipeline_ms=51.8169 gpu_pipeline_ms=8.08125 cpu_resource_sampling_overhead_ms=0.138512 gpu_resource_sampling_overhead_ms=0.032241 semantic_gates=16/16 timing_direct=true resource_overhead_excluded=true step_sum_used=false status=PASS
sample_index=35 cpu_pipeline_ms=51.5962 gpu_pipeline_ms=8.00417 cpu_resource_sampling_overhead_ms=0.128371 gpu_resource_sampling_overhead_ms=0.03199 semantic_gates=16/16 timing_direct=true resource_overhead_excluded=true step_sum_used=false status=PASS
sample_index=36 cpu_pipeline_ms=51.775 gpu_pipeline_ms=8.0337 cpu_resource_sampling_overhead_ms=0.138413 gpu_resource_sampling_overhead_ms=0.0322 semantic_gates=16/16 timing_direct=true resource_overhead_excluded=true step_sum_used=false status=PASS
sample_index=37 cpu_pipeline_ms=51.607 gpu_pipeline_ms=8.11589 cpu_resource_sampling_overhead_ms=0.143471 gpu_resource_sampling_overhead_ms=0.03217 semantic_gates=16/16 timing_direct=true resource_overhead_excluded=true step_sum_used=false status=PASS
sample_index=38 cpu_pipeline_ms=51.1517 gpu_pipeline_ms=7.98797 cpu_resource_sampling_overhead_ms=0.13628 gpu_resource_sampling_overhead_ms=0.03208 semantic_gates=16/16 timing_direct=true resource_overhead_excluded=true step_sum_used=false status=PASS
sample_index=39 cpu_pipeline_ms=51.691 gpu_pipeline_ms=7.9065 cpu_resource_sampling_overhead_ms=0.157641 gpu_resource_sampling_overhead_ms=0.03197 semantic_gates=16/16 timing_direct=true resource_overhead_excluded=true step_sum_used=false status=PASS
sample_index=40 cpu_pipeline_ms=51.4864 gpu_pipeline_ms=8.04227 cpu_resource_sampling_overhead_ms=0.131182 gpu_resource_sampling_overhead_ms=0.03284 semantic_gates=16/16 timing_direct=true resource_overhead_excluded=true step_sum_used=false status=PASS
sample_index=41 cpu_pipeline_ms=51.6854 gpu_pipeline_ms=7.92659 cpu_resource_sampling_overhead_ms=0.145081 gpu_resource_sampling_overhead_ms=0.03237 semantic_gates=16/16 timing_direct=true resource_overhead_excluded=true step_sum_used=false status=PASS
sample_index=42 cpu_pipeline_ms=58.2037 gpu_pipeline_ms=8.33105 cpu_resource_sampling_overhead_ms=0.162021 gpu_resource_sampling_overhead_ms=0.03233 semantic_gates=16/16 timing_direct=true resource_overhead_excluded=true step_sum_used=false status=PASS
sample_index=43 cpu_pipeline_ms=51.6675 gpu_pipeline_ms=8.28035 cpu_resource_sampling_overhead_ms=0.13416 gpu_resource_sampling_overhead_ms=0.03249 semantic_gates=16/16 timing_direct=true resource_overhead_excluded=true step_sum_used=false status=PASS
sample_index=44 cpu_pipeline_ms=51.4944 gpu_pipeline_ms=8.38088 cpu_resource_sampling_overhead_ms=0.1321 gpu_resource_sampling_overhead_ms=0.03265 semantic_gates=16/16 timing_direct=true resource_overhead_excluded=true step_sum_used=false status=PASS
sample_index=45 cpu_pipeline_ms=51.2528 gpu_pipeline_ms=8.23537 cpu_resource_sampling_overhead_ms=0.12915 gpu_resource_sampling_overhead_ms=0.03247 semantic_gates=16/16 timing_direct=true resource_overhead_excluded=true step_sum_used=false status=PASS
sample_index=46 cpu_pipeline_ms=51.6024 gpu_pipeline_ms=8.10283 cpu_resource_sampling_overhead_ms=0.134651 gpu_resource_sampling_overhead_ms=0.032041 semantic_gates=16/16 timing_direct=true resource_overhead_excluded=true step_sum_used=false status=PASS
sample_index=47 cpu_pipeline_ms=51.5854 gpu_pipeline_ms=8.13177 cpu_resource_sampling_overhead_ms=0.130542 gpu_resource_sampling_overhead_ms=0.032821 semantic_gates=16/16 timing_direct=true resource_overhead_excluded=true step_sum_used=false status=PASS
sample_index=48 cpu_pipeline_ms=51.6055 gpu_pipeline_ms=8.33314 cpu_resource_sampling_overhead_ms=0.135581 gpu_resource_sampling_overhead_ms=0.03207 semantic_gates=16/16 timing_direct=true resource_overhead_excluded=true step_sum_used=false status=PASS
sample_index=49 cpu_pipeline_ms=51.6228 gpu_pipeline_ms=8.3763 cpu_resource_sampling_overhead_ms=0.140501 gpu_resource_sampling_overhead_ms=0.03201 semantic_gates=16/16 timing_direct=true resource_overhead_excluded=true step_sum_used=false status=PASS
sample_index=50 cpu_pipeline_ms=51.4066 gpu_pipeline_ms=8.59565 cpu_resource_sampling_overhead_ms=0.138621 gpu_resource_sampling_overhead_ms=0.033671 semantic_gates=16/16 timing_direct=true resource_overhead_excluded=true step_sum_used=false status=PASS
sample_index=51 cpu_pipeline_ms=51.5019 gpu_pipeline_ms=8.00935 cpu_resource_sampling_overhead_ms=0.139241 gpu_resource_sampling_overhead_ms=0.03241 semantic_gates=16/16 timing_direct=true resource_overhead_excluded=true step_sum_used=false status=PASS
sample_index=52 cpu_pipeline_ms=51.6722 gpu_pipeline_ms=8.00389 cpu_resource_sampling_overhead_ms=0.13085 gpu_resource_sampling_overhead_ms=0.031921 semantic_gates=16/16 timing_direct=true resource_overhead_excluded=true step_sum_used=false status=PASS
sample_index=53 cpu_pipeline_ms=51.2531 gpu_pipeline_ms=8.03213 cpu_resource_sampling_overhead_ms=0.141734 gpu_resource_sampling_overhead_ms=0.0321 semantic_gates=16/16 timing_direct=true resource_overhead_excluded=true step_sum_used=false status=PASS
sample_index=54 cpu_pipeline_ms=54.1978 gpu_pipeline_ms=7.96487 cpu_resource_sampling_overhead_ms=0.1569 gpu_resource_sampling_overhead_ms=0.03216 semantic_gates=16/16 timing_direct=true resource_overhead_excluded=true step_sum_used=false status=PASS
sample_index=55 cpu_pipeline_ms=51.649 gpu_pipeline_ms=7.99346 cpu_resource_sampling_overhead_ms=0.158952 gpu_resource_sampling_overhead_ms=0.031781 semantic_gates=16/16 timing_direct=true resource_overhead_excluded=true step_sum_used=false status=PASS
sample_index=56 cpu_pipeline_ms=51.4263 gpu_pipeline_ms=7.91574 cpu_resource_sampling_overhead_ms=0.137091 gpu_resource_sampling_overhead_ms=0.032871 semantic_gates=16/16 timing_direct=true resource_overhead_excluded=true step_sum_used=false status=PASS
sample_index=57 cpu_pipeline_ms=51.5871 gpu_pipeline_ms=7.90507 cpu_resource_sampling_overhead_ms=0.14315 gpu_resource_sampling_overhead_ms=0.03176 semantic_gates=16/16 timing_direct=true resource_overhead_excluded=true step_sum_used=false status=PASS
sample_index=58 cpu_pipeline_ms=51.1356 gpu_pipeline_ms=8.49351 cpu_resource_sampling_overhead_ms=0.181801 gpu_resource_sampling_overhead_ms=0.032392 semantic_gates=16/16 timing_direct=true resource_overhead_excluded=true step_sum_used=false status=PASS
sample_index=59 cpu_pipeline_ms=51.3034 gpu_pipeline_ms=8.39009 cpu_resource_sampling_overhead_ms=0.139112 gpu_resource_sampling_overhead_ms=0.03198 semantic_gates=16/16 timing_direct=true resource_overhead_excluded=true step_sum_used=false status=PASS
sample_index=60 cpu_pipeline_ms=51.1752 gpu_pipeline_ms=8.16185 cpu_resource_sampling_overhead_ms=0.128012 gpu_resource_sampling_overhead_ms=0.03228 semantic_gates=16/16 timing_direct=true resource_overhead_excluded=true step_sum_used=false status=PASS
sample_index=61 cpu_pipeline_ms=51.5581 gpu_pipeline_ms=8.06893 cpu_resource_sampling_overhead_ms=0.1388 gpu_resource_sampling_overhead_ms=0.032411 semantic_gates=16/16 timing_direct=true resource_overhead_excluded=true step_sum_used=false status=PASS
sample_index=62 cpu_pipeline_ms=51.5069 gpu_pipeline_ms=8.09273 cpu_resource_sampling_overhead_ms=0.156472 gpu_resource_sampling_overhead_ms=0.03249 semantic_gates=16/16 timing_direct=true resource_overhead_excluded=true step_sum_used=false status=PASS
sample_index=63 cpu_pipeline_ms=50.6852 gpu_pipeline_ms=8.26247 cpu_resource_sampling_overhead_ms=0.14056 gpu_resource_sampling_overhead_ms=0.031391 semantic_gates=16/16 timing_direct=true resource_overhead_excluded=true step_sum_used=false status=PASS
sample_index=64 cpu_pipeline_ms=51.5022 gpu_pipeline_ms=8.07928 cpu_resource_sampling_overhead_ms=0.132002 gpu_resource_sampling_overhead_ms=0.03168 semantic_gates=16/16 timing_direct=true resource_overhead_excluded=true step_sum_used=false status=PASS
sample_index=65 cpu_pipeline_ms=51.8574 gpu_pipeline_ms=8.22604 cpu_resource_sampling_overhead_ms=0.141741 gpu_resource_sampling_overhead_ms=0.032141 semantic_gates=16/16 timing_direct=true resource_overhead_excluded=true step_sum_used=false status=PASS
sample_index=66 cpu_pipeline_ms=51.3313 gpu_pipeline_ms=8.01569 cpu_resource_sampling_overhead_ms=0.14897 gpu_resource_sampling_overhead_ms=0.03242 semantic_gates=16/16 timing_direct=true resource_overhead_excluded=true step_sum_used=false status=PASS
sample_index=67 cpu_pipeline_ms=51.3528 gpu_pipeline_ms=8.03603 cpu_resource_sampling_overhead_ms=0.151463 gpu_resource_sampling_overhead_ms=0.03244 semantic_gates=16/16 timing_direct=true resource_overhead_excluded=true step_sum_used=false status=PASS
sample_index=68 cpu_pipeline_ms=51.5314 gpu_pipeline_ms=7.96382 cpu_resource_sampling_overhead_ms=0.1535 gpu_resource_sampling_overhead_ms=0.03242 semantic_gates=16/16 timing_direct=true resource_overhead_excluded=true step_sum_used=false status=PASS
sample_index=69 cpu_pipeline_ms=51.7053 gpu_pipeline_ms=7.84931 cpu_resource_sampling_overhead_ms=0.13105 gpu_resource_sampling_overhead_ms=0.031941 semantic_gates=16/16 timing_direct=true resource_overhead_excluded=true step_sum_used=false status=PASS
sample_index=70 cpu_pipeline_ms=51.5719 gpu_pipeline_ms=7.94215 cpu_resource_sampling_overhead_ms=0.140441 gpu_resource_sampling_overhead_ms=0.03194 semantic_gates=16/16 timing_direct=true resource_overhead_excluded=true step_sum_used=false status=PASS
sample_index=71 cpu_pipeline_ms=51.2241 gpu_pipeline_ms=8.19218 cpu_resource_sampling_overhead_ms=0.14274 gpu_resource_sampling_overhead_ms=0.03234 semantic_gates=16/16 timing_direct=true resource_overhead_excluded=true step_sum_used=false status=PASS
sample_index=72 cpu_pipeline_ms=51.2478 gpu_pipeline_ms=7.98005 cpu_resource_sampling_overhead_ms=0.165613 gpu_resource_sampling_overhead_ms=0.03237 semantic_gates=16/16 timing_direct=true resource_overhead_excluded=true step_sum_used=false status=PASS
sample_index=73 cpu_pipeline_ms=51.335 gpu_pipeline_ms=7.92424 cpu_resource_sampling_overhead_ms=0.1376 gpu_resource_sampling_overhead_ms=0.04815 semantic_gates=16/16 timing_direct=true resource_overhead_excluded=true step_sum_used=false status=PASS
sample_index=74 cpu_pipeline_ms=51.6499 gpu_pipeline_ms=8.04393 cpu_resource_sampling_overhead_ms=0.14042 gpu_resource_sampling_overhead_ms=0.03237 semantic_gates=16/16 timing_direct=true resource_overhead_excluded=true step_sum_used=false status=PASS
sample_index=75 cpu_pipeline_ms=51.3201 gpu_pipeline_ms=7.99251 cpu_resource_sampling_overhead_ms=0.133982 gpu_resource_sampling_overhead_ms=0.03241 semantic_gates=16/16 timing_direct=true resource_overhead_excluded=true step_sum_used=false status=PASS
sample_index=76 cpu_pipeline_ms=51.0477 gpu_pipeline_ms=8.12069 cpu_resource_sampling_overhead_ms=0.14198 gpu_resource_sampling_overhead_ms=0.032111 semantic_gates=16/16 timing_direct=true resource_overhead_excluded=true step_sum_used=false status=PASS
sample_index=77 cpu_pipeline_ms=51.6066 gpu_pipeline_ms=8.03999 cpu_resource_sampling_overhead_ms=0.13964 gpu_resource_sampling_overhead_ms=0.032711 semantic_gates=16/16 timing_direct=true resource_overhead_excluded=true step_sum_used=false status=PASS
sample_index=78 cpu_pipeline_ms=51.4317 gpu_pipeline_ms=7.99878 cpu_resource_sampling_overhead_ms=0.137031 gpu_resource_sampling_overhead_ms=0.03182 semantic_gates=16/16 timing_direct=true resource_overhead_excluded=true step_sum_used=false status=PASS
sample_index=79 cpu_pipeline_ms=51.4592 gpu_pipeline_ms=8.22516 cpu_resource_sampling_overhead_ms=0.140283 gpu_resource_sampling_overhead_ms=0.03297 semantic_gates=16/16 timing_direct=true resource_overhead_excluded=true step_sum_used=false status=PASS
sample_index=80 cpu_pipeline_ms=51.4246 gpu_pipeline_ms=7.96793 cpu_resource_sampling_overhead_ms=0.150602 gpu_resource_sampling_overhead_ms=0.03245 semantic_gates=16/16 timing_direct=true resource_overhead_excluded=true step_sum_used=false status=PASS
sample_index=81 cpu_pipeline_ms=51.2521 gpu_pipeline_ms=8.24151 cpu_resource_sampling_overhead_ms=0.13364 gpu_resource_sampling_overhead_ms=0.03261 semantic_gates=16/16 timing_direct=true resource_overhead_excluded=true step_sum_used=false status=PASS
sample_index=82 cpu_pipeline_ms=58.3073 gpu_pipeline_ms=7.97008 cpu_resource_sampling_overhead_ms=0.13988 gpu_resource_sampling_overhead_ms=0.03124 semantic_gates=16/16 timing_direct=true resource_overhead_excluded=true step_sum_used=false status=PASS
sample_index=83 cpu_pipeline_ms=51.6995 gpu_pipeline_ms=8.05499 cpu_resource_sampling_overhead_ms=0.148242 gpu_resource_sampling_overhead_ms=0.03194 semantic_gates=16/16 timing_direct=true resource_overhead_excluded=true step_sum_used=false status=PASS
sample_index=84 cpu_pipeline_ms=51.1857 gpu_pipeline_ms=8.04829 cpu_resource_sampling_overhead_ms=0.145801 gpu_resource_sampling_overhead_ms=0.03215 semantic_gates=16/16 timing_direct=true resource_overhead_excluded=true step_sum_used=false status=PASS
sample_index=85 cpu_pipeline_ms=51.4069 gpu_pipeline_ms=7.92461 cpu_resource_sampling_overhead_ms=0.139263 gpu_resource_sampling_overhead_ms=0.03225 semantic_gates=16/16 timing_direct=true resource_overhead_excluded=true step_sum_used=false status=PASS
sample_index=86 cpu_pipeline_ms=51.6367 gpu_pipeline_ms=8.26426 cpu_resource_sampling_overhead_ms=0.16177 gpu_resource_sampling_overhead_ms=0.03243 semantic_gates=16/16 timing_direct=true resource_overhead_excluded=true step_sum_used=false status=PASS
sample_index=87 cpu_pipeline_ms=51.4197 gpu_pipeline_ms=8.02952 cpu_resource_sampling_overhead_ms=0.14608 gpu_resource_sampling_overhead_ms=0.03198 semantic_gates=16/16 timing_direct=true resource_overhead_excluded=true step_sum_used=false status=PASS
sample_index=88 cpu_pipeline_ms=51.5321 gpu_pipeline_ms=8.04477 cpu_resource_sampling_overhead_ms=0.159651 gpu_resource_sampling_overhead_ms=0.03245 semantic_gates=16/16 timing_direct=true resource_overhead_excluded=true step_sum_used=false status=PASS
sample_index=89 cpu_pipeline_ms=51.1306 gpu_pipeline_ms=8.3498 cpu_resource_sampling_overhead_ms=0.155012 gpu_resource_sampling_overhead_ms=0.03192 semantic_gates=16/16 timing_direct=true resource_overhead_excluded=true step_sum_used=false status=PASS
sample_index=90 cpu_pipeline_ms=51.501 gpu_pipeline_ms=8.01345 cpu_resource_sampling_overhead_ms=0.14473 gpu_resource_sampling_overhead_ms=0.03241 semantic_gates=16/16 timing_direct=true resource_overhead_excluded=true step_sum_used=false status=PASS
sample_index=91 cpu_pipeline_ms=51.0334 gpu_pipeline_ms=8.04431 cpu_resource_sampling_overhead_ms=0.157072 gpu_resource_sampling_overhead_ms=0.031482 semantic_gates=16/16 timing_direct=true resource_overhead_excluded=true step_sum_used=false status=PASS
sample_index=92 cpu_pipeline_ms=51.127 gpu_pipeline_ms=7.96881 cpu_resource_sampling_overhead_ms=0.13353 gpu_resource_sampling_overhead_ms=0.03181 semantic_gates=16/16 timing_direct=true resource_overhead_excluded=true step_sum_used=false status=PASS
sample_index=93 cpu_pipeline_ms=51.8971 gpu_pipeline_ms=8.00857 cpu_resource_sampling_overhead_ms=0.151902 gpu_resource_sampling_overhead_ms=0.03216 semantic_gates=16/16 timing_direct=true resource_overhead_excluded=true step_sum_used=false status=PASS
sample_index=94 cpu_pipeline_ms=51.0197 gpu_pipeline_ms=8.07239 cpu_resource_sampling_overhead_ms=0.127791 gpu_resource_sampling_overhead_ms=0.03257 semantic_gates=16/16 timing_direct=true resource_overhead_excluded=true step_sum_used=false status=PASS
sample_index=95 cpu_pipeline_ms=51.41 gpu_pipeline_ms=7.95709 cpu_resource_sampling_overhead_ms=0.15041 gpu_resource_sampling_overhead_ms=0.0328 semantic_gates=16/16 timing_direct=true resource_overhead_excluded=true step_sum_used=false status=PASS
sample_index=96 cpu_pipeline_ms=51.2529 gpu_pipeline_ms=7.99 cpu_resource_sampling_overhead_ms=0.139222 gpu_resource_sampling_overhead_ms=0.03235 semantic_gates=16/16 timing_direct=true resource_overhead_excluded=true step_sum_used=false status=PASS
sample_index=97 cpu_pipeline_ms=51.1234 gpu_pipeline_ms=7.96593 cpu_resource_sampling_overhead_ms=0.134083 gpu_resource_sampling_overhead_ms=0.032521 semantic_gates=16/16 timing_direct=true resource_overhead_excluded=true step_sum_used=false status=PASS
sample_index=98 cpu_pipeline_ms=51.7327 gpu_pipeline_ms=7.96381 cpu_resource_sampling_overhead_ms=0.131392 gpu_resource_sampling_overhead_ms=0.03214 semantic_gates=16/16 timing_direct=true resource_overhead_excluded=true step_sum_used=false status=PASS
sample_index=99 cpu_pipeline_ms=50.9741 gpu_pipeline_ms=8.06239 cpu_resource_sampling_overhead_ms=0.1374 gpu_resource_sampling_overhead_ms=0.032271 semantic_gates=16/16 timing_direct=true resource_overhead_excluded=true step_sum_used=false status=PASS
function=Task2 frozen full six-step pipeline
call_chain=Step1->Step2;Step2+Step1->Step3;Step3 dual outputs->Step4;Step4->Step5;Step5+Step4+Kalman/delay->Step6
timing=pipeline_total measured directly;not=sum(step timings)
cpu_correlation_method=direct_parallel_exact workers=255
resource_sampling_mode=same_pipeline_execution
status=PASS return_code=0
