command=build_stage08_b03_hilbert_0b2008e7f76a/stage08_filtering_hilbert --dtype FP16 --rows 10 --cols 10 --axis 1 --seed 83120001 --warmup 20 --measured 100 --output /tmp/ZKX_dev/results/stage08_input_preview_b03_hilbert_5bf09d215ce4/formal/20260810T074140Z_5bf09d215ce4_stage08_b03_formal_99011004/hilbert_probe_raw.json
STAGE08_HILBERT_PROBE PASS dtype=FP16 shape=10x10 backend=fft_thrust
{"actual_input_digest": "54b8f215be31029c6d8c68a5b2e9ff48fb47adfb2d8fb66646ff0f776985af03", "backend": "fft_thrust", "case_id": "hilbert__hilbert_fp16_10e2__54b8f215be31029c", "compute_dtype": "FP32", "dtype_semantics": "actual_typed_array_input_fp32_fft_extension", "error_code": "OK", "fft_dtype": "ComplexFP32", "measured_runs": 100, "metrics": {"mse": 2.421298677803189e-13, "relative_l2": 2.208444195277393e-07, "relative_linf": 3.5432394444760966e-07, "rmse": 4.920669342480948e-07}, "operator_name": "hilbert", "output_dtype": "ComplexFP32", "requested_dtype": "FP16", "run_id": "20260810T074140Z_5bf09d215ce4_stage08_b03_formal_99011004", "scale_id": "hilbert_fp16_10e2", "schema_version": 1, "status": "PASS", "typed_input_count": 1, "typed_input_names": "x", "warmup_runs": 20}
[stage08] identity and status
+---------+-------------------+--------+------------+-------+--------+----------+--------------------------+--------+------------+
| target  | scale_id          | device | backend    | dtype | warmup | measured | timing_scope             | status | error_code |
+---------+-------------------+--------+------------+-------+--------+----------+--------------------------+--------+------------+
| hilbert | hilbert_fp16_10e2 | CPU    | fft_thrust | FP16  | 20     | 100      | compatibility/end-to-end | PASS   | OK         |
| hilbert | hilbert_fp16_10e2 | GPU    | fft_thrust | FP16  | 20     | 100      | compatibility/end-to-end | PASS   | OK         |
+---------+-------------------+--------+------------+-------+--------+----------+--------------------------+--------+------------+

[stage08] timing detail
+--------+---------------------+--------------------+------------+---------------------+---------------------+---------------------+-----------------------+----------------------+----------------------+
| device | mean_ms             | p50_ms             | p95_ms     | p99_ms              | min_ms              | max_ms              | std_ms                | cv                   | speedup              |
+--------+---------------------+--------------------+------------+---------------------+---------------------+---------------------+-----------------------+----------------------+----------------------+
| CPU    | 0.12700663000000001 | 0.126551           | 0.126751   | 0.14012859000000003 | 0.12631100000000001 | 0.14474100000000001 | 0.0025750269189078411 | 0.020274744073658525 | NA                   |
| GPU    | 11.86284335         | 11.855011000000001 | 11.9733505 | 12.05130561         | 11.741944999999999  | 12.117399000000001  | 0.070311472746256057  | 0.005927033736499273 | 0.010706255343075064 |
+--------+---------------------+--------------------+------------+---------------------+---------------------+---------------------+-----------------------+----------------------+----------------------+

[stage08] accuracy detail
+-----------------------------+------------------------+------------------------+-----------------------+------------------------+-------------+----------------+------------------------------------------------------------------------------------+--------+
| accuracy_reference          | mse                    | rmse                   | relative_l2           | relative_linf          | exact_match | mismatch_count | semantic_check                                                                     | status |
+-----------------------------+------------------------+------------------------+-----------------------+------------------------+-------------+----------------+------------------------------------------------------------------------------------+--------+
| cpu_typed_double_direct_dft | 2.4212986778031892e-13 | 4.9206693424809482e-07 | 2.208444195277393e-07 | 3.5432394444760966e-07 | NA          | NA             | finite_analytic_signal_shape_and_output_dtype_match_cpu:shape=[10, 10];finite=true | PASS   |
+-----------------------------+------------------------+------------------------+-----------------------+------------------------+-------------+----------------+------------------------------------------------------------------------------------+--------+

[stage08] resource detail
+--------+------------+--------------+-------------+------------+-------------+
| device | metric     | before_bytes | after_bytes | peak_bytes | delta_bytes |
+--------+------------+--------------+-------------+------------+-------------+
| CPU    | cpu_heap   | 1939952      | 1942736     | 1942736    | 2784        |
| CPU    | rss        | 71610368     | 71610368    | 71610368   | 0           |
| GPU    | cpu_heap   | 1942736      | 1946464     | 1946464    | 3728        |
| GPU    | rss        | 71610368     | 71610368    | 71610368   | 0           |
| GPU    | gpu_memory | 341000192    | 341000192   | 341000192  | 0           |
+--------+------------+--------------+-------------+------------+-------------+

[stage08] input/output identity
+--------+------------------------------------------------------------------+------------------------------------------------------------------+
| device | input_digest                                                     | output_digest                                                    |
+--------+------------------------------------------------------------------+------------------------------------------------------------------+
| CPU    | 54b8f215be31029c6d8c68a5b2e9ff48fb47adfb2d8fb66646ff0f776985af03 | e093a0373907f08a71d65ef6d5dd26050669bfe6ab48ff34ee7045b84365f0f2 |
| GPU    | 54b8f215be31029c6d8c68a5b2e9ff48fb47adfb2d8fb66646ff0f776985af03 | 8130f64ecf0b9af88192e6b05de72d984866d3832951ab287e47f14192abe7ce |
+--------+------------------------------------------------------------------+------------------------------------------------------------------+

[stage08] input content
+------------+---------+-------+----------+----------------------------------------------+-----------------------------------------------------+
| input_name | shape   | dtype | elements | generator                                    | values(head4/tail2)                                 |
+------------+---------+-------+----------+----------------------------------------------+-----------------------------------------------------+
| x          | [10x10] | FP16  | 100      | modular_signal(seed=83120001,integral=false) | i=0:-2.25;i=1:2;i=2:0.5;i=3:-1;i=98:0.25;i=99:-1.25 |
+------------+---------+-------+----------+----------------------------------------------+-----------------------------------------------------+

[stage08] case parameters
+-----------------------------------------------------------------------+
| parameters                                                            |
+-----------------------------------------------------------------------+
| {"axis":"1","cols":"10","dtype":"FP16","rows":"10","seed":"83120001"} |
+-----------------------------------------------------------------------+

[stage08] dtype evidence
+-----------------+--------------------+--------------+------------------------------------------------------------------+--------+
| requested_dtype | config_input_dtype | output_dtype | actual_input_digest                                              | status |
+-----------------+--------------------+--------------+------------------------------------------------------------------+--------+
| FP16            | NA                 | ComplexFP32  | 54b8f215be31029c6d8c68a5b2e9ff48fb47adfb2d8fb66646ff0f776985af03 | PASS   |
+-----------------+--------------------+--------------+------------------------------------------------------------------+--------+

[stage08] evidence files
+----------------+-----------------------------------------------------------------------------------------------------------------------------------------------------------------------------------------------------------------------------------------------+
| kind           | path                                                                                                                                                                                                                                          |
+----------------+-----------------------------------------------------------------------------------------------------------------------------------------------------------------------------------------------------------------------------------------------+
| probe_raw_json | /tmp/ZKX_dev/results/stage08_input_preview_b03_hilbert_5bf09d215ce4/formal/20260810T074140Z_5bf09d215ce4_stage08_b03_formal_99011004/hilbert_probe_raw.json                                                                                   |
| dtype_csv      | /tmp/ZKX_dev/results/stage08_input_preview_b03_hilbert_5bf09d215ce4/formal/20260810T074140Z_5bf09d215ce4_stage08_b03_formal_99011004/operator_dtype_evidence_hilbert_fft_thrust_20260810T074140Z_5bf09d215ce4_stage08_b03_formal_99011004.csv |
| memory_csv     | /tmp/ZKX_dev/results/stage08_input_preview_b03_hilbert_5bf09d215ce4/formal/20260810T074140Z_5bf09d215ce4_stage08_b03_formal_99011004/operator_filtering_hilbert_memory_trace_fft_thrust.csv                                                   |
| full_log       | /tmp/ZKX_dev/results/stage08_input_preview_b03_hilbert_5bf09d215ce4/formal/20260810T074140Z_5bf09d215ce4_stage08_b03_formal_99011004/operator_hilbert_full.log                                                                                |
| report_json    | /tmp/ZKX_dev/results/stage08_input_preview_b03_hilbert_5bf09d215ce4/formal/20260810T074140Z_5bf09d215ce4_stage08_b03_formal_99011004/operator_hilbert_report.json                                                                             |
| summary_txt    | /tmp/ZKX_dev/results/stage08_input_preview_b03_hilbert_5bf09d215ce4/formal/20260810T074140Z_5bf09d215ce4_stage08_b03_formal_99011004/operator_hilbert_summary.txt                                                                             |
| main_csv       | /tmp/ZKX_dev/results/stage08_input_preview_b03_hilbert_5bf09d215ce4/formal/20260810T074140Z_5bf09d215ce4_stage08_b03_formal_99011004/operator_main_results_hilbert_fft_thrust_20260810T074140Z_5bf09d215ce4_stage08_b03_formal_99011004.csv   |
| timing_csv     | /tmp/ZKX_dev/results/stage08_input_preview_b03_hilbert_5bf09d215ce4/formal/20260810T074140Z_5bf09d215ce4_stage08_b03_formal_99011004/operator_timing_samples_hilbert_fft_thrust_20260810T074140Z_5bf09d215ce4_stage08_b03_formal_99011004.csv |
+----------------+-----------------------------------------------------------------------------------------------------------------------------------------------------------------------------------------------------------------------------------------------+
