command=build_stage08_b05_freq_shift_99442e69c882/stage08_filtering_freq_shift --dtype INT16 --count 100 --freq 1.25 --fs 100.0 --seed 85240001 --warmup 20 --measured 100 --output /tmp/ZKX_dev/results/stage08_input_preview_b05_freq_shift_652061b694fc/formal/20260810T084615Z_652061b694fc_stage08_b05_formal_85620009/freq_shift_probe_raw.json
STAGE08_FREQ_SHIFT_PROBE PASS dtype=INT16 backend=not_applicable
{"run_id": "20260810T084615Z_652061b694fc_stage08_b05_formal_85620009", "case_id": "freq_shift__freq_shift_int16_10e2__99d0c5d0f78b1127", "operator_name": "freq_shift", "scale_id": "freq_shift_int16_10e2", "requested_dtype": "INT16", "output_dtype": "ComplexFP64", "backend": "not_applicable", "freq": 1.25, "fs": 100.0, "rank": 1, "shape": [100], "warmup_runs": 20, "measured_runs": 100, "mse": 1.17749620412676e-13, "rmse": 3.431466456380945e-07, "relative_l2": 3.242431027087161e-07, "relative_linf": 7.067228715943822e-07, "status": "PASS", "error_code": "OK"}
[stage08] identity and status
+------------+-----------------------+--------+----------------+-------+--------+----------+--------------------------+--------+------------+
| target     | scale_id              | device | backend        | dtype | warmup | measured | timing_scope             | status | error_code |
+------------+-----------------------+--------+----------------+-------+--------+----------+--------------------------+--------+------------+
| freq_shift | freq_shift_int16_10e2 | CPU    | not_applicable | INT16 | 20     | 100      | compatibility/end-to-end | PASS   | OK         |
| freq_shift | freq_shift_int16_10e2 | GPU    | not_applicable | INT16 | 20     | 100      | compatibility/end-to-end | PASS   | OK         |
+------------+-----------------------+--------+----------------+-------+--------+----------+--------------------------+--------+------------+

[stage08] timing detail
+--------+-----------------------+-----------------------+-----------------------+-----------------------+-----------------------+-----------------------+------------------------+-----------------------+----------------------+
| device | mean_ms               | p50_ms                | p95_ms                | p99_ms                | min_ms                | max_ms                | std_ms                 | cv                    | speedup              |
+--------+-----------------------+-----------------------+-----------------------+-----------------------+-----------------------+-----------------------+------------------------+-----------------------+----------------------+
| CPU    | 0.0051021299999999999 | 0.0051000000000000004 | 0.0051200500000000001 | 0.0052408000000000003 | 0.0050699999999999999 | 0.0053200000000000001 | 2.9449840407037851e-05 | 0.0057720678240338547 | NA                   |
| GPU    | 0.35236325999999996   | 0.349437              | 0.37273649999999997   | 0.4119376100000004    | 0.33236199999999999   | 0.48674299999999998   | 0.017569461009729351   | 0.049861784709703712  | 0.014479744568148224 |
+--------+-----------------------+-----------------------+-----------------------+-----------------------+-----------------------+-----------------------+------------------------+-----------------------+----------------------+

[stage08] accuracy detail
+-------------------------------------+----------------------+-----------------------+-----------------------+-----------------------+-------------+----------------+-----------------------------------------------+--------+
| accuracy_reference                  | mse                  | rmse                  | relative_l2           | relative_linf         | exact_match | mismatch_count | semantic_check                                | status |
+-------------------------------------+----------------------+-----------------------+-----------------------+-----------------------+-------------+----------------+-----------------------------------------------+--------+
| cpu_freq_shift_complex128_reference | 1.17749620412676e-13 | 3.431466456380945e-07 | 3.242431027087161e-07 | 7.067228715943822e-07 | NA          | NA             | same_shape_negative_phase_complex_fp64_output | PASS   |
+-------------------------------------+----------------------+-----------------------+-----------------------+-----------------------+-------------+----------------+-----------------------------------------------+--------+

[stage08] resource detail
+--------+------------+--------------+-------------+------------+-------------+
| device | metric     | before_bytes | after_bytes | peak_bytes | delta_bytes |
+--------+------------+--------------+-------------+------------+-------------+
| CPU    | cpu_heap   | 1433840      | 1436576     | 1438192    | 2736        |
| CPU    | rss        | 70184960     | 70184960    | 70184960   | 0           |
| GPU    | cpu_heap   | 1438320      | 1442352     | 1443424    | 4032        |
| GPU    | rss        | 70184960     | 70184960    | 70184960   | 0           |
| GPU    | gpu_memory | 391544832    | 391544832   | 391544832  | 0           |
+--------+------------+--------------+-------------+------------+-------------+

[stage08] input/output identity
+--------+------------------------------------------------------------------+------------------------------------------------------------------+
| device | input_digest                                                     | output_digest                                                    |
+--------+------------------------------------------------------------------+------------------------------------------------------------------+
| CPU    | 99d0c5d0f78b1127d46c31402976634bc7da7163f13189c18e2600ce18626d6d | 4ffc622a0aa3bc08281494d3e33cc4d7503984665f2fc54114401bf30353ddf1 |
| GPU    | 99d0c5d0f78b1127d46c31402976634bc7da7163f13189c18e2600ce18626d6d | 17ce4e178704679681945ff657fb9c72e185bb3b8f5b83a54e3bbba8782e8a5e |
+--------+------------------------------------------------------------------+------------------------------------------------------------------+

[stage08] input content
+------------+-------+-------+----------+------------------------------------------------------+-----------------------------------------+
| input_name | shape | dtype | elements | generator                                            | values(head4/tail2)                     |
+------------+-------+-------+----------+------------------------------------------------------+-----------------------------------------+
| x          | [100] | INT16 | 100      | modular_noise_plus_ramp(seed=85240001,integral=true) | i=0:-1;i=1:0;i=2:0;i=3:0;i=98:0;i=99:-1 |
+------------+-------+-------+----------+------------------------------------------------------+-----------------------------------------+

[stage08] case parameters
+------------------------------------------------------------------------------+
| parameters                                                                   |
+------------------------------------------------------------------------------+
| {"count":"100","dtype":"INT16","freq":"1.25","fs":"100.0","seed":"85240001"} |
+------------------------------------------------------------------------------+

[stage08] dtype evidence
+-----------------+--------------------+--------------+------------------------------------------------------------------+--------+
| requested_dtype | config_input_dtype | output_dtype | actual_input_digest                                              | status |
+-----------------+--------------------+--------------+------------------------------------------------------------------+--------+
| INT16           | NA                 | ComplexFP64  | 99d0c5d0f78b1127d46c31402976634bc7da7163f13189c18e2600ce18626d6d | PASS   |
+-----------------+--------------------+--------------+------------------------------------------------------------------+--------+

[stage08] evidence files
+----------------+---------------------------------------------------------------------------------------------------------------------------------------------------------------------------------------------------------------------------------------------------------+
| kind           | path                                                                                                                                                                                                                                                    |
+----------------+---------------------------------------------------------------------------------------------------------------------------------------------------------------------------------------------------------------------------------------------------------+
| probe_raw_json | /tmp/ZKX_dev/results/stage08_input_preview_b05_freq_shift_652061b694fc/formal/20260810T084615Z_652061b694fc_stage08_b05_formal_85620009/freq_shift_probe_raw.json                                                                                       |
| dtype_csv      | /tmp/ZKX_dev/results/stage08_input_preview_b05_freq_shift_652061b694fc/formal/20260810T084615Z_652061b694fc_stage08_b05_formal_85620009/operator_dtype_evidence_freq_shift_not_applicable_20260810T084615Z_652061b694fc_stage08_b05_formal_85620009.csv |
| memory_csv     | /tmp/ZKX_dev/results/stage08_input_preview_b05_freq_shift_652061b694fc/formal/20260810T084615Z_652061b694fc_stage08_b05_formal_85620009/operator_filtering_freq_shift_memory_trace_not_applicable.csv                                                   |
| full_log       | /tmp/ZKX_dev/results/stage08_input_preview_b05_freq_shift_652061b694fc/formal/20260810T084615Z_652061b694fc_stage08_b05_formal_85620009/operator_freq_shift_full.log                                                                                    |
| report_json    | /tmp/ZKX_dev/results/stage08_input_preview_b05_freq_shift_652061b694fc/formal/20260810T084615Z_652061b694fc_stage08_b05_formal_85620009/operator_freq_shift_report.json                                                                                 |
| summary_txt    | /tmp/ZKX_dev/results/stage08_input_preview_b05_freq_shift_652061b694fc/formal/20260810T084615Z_652061b694fc_stage08_b05_formal_85620009/operator_freq_shift_summary.txt                                                                                 |
| main_csv       | /tmp/ZKX_dev/results/stage08_input_preview_b05_freq_shift_652061b694fc/formal/20260810T084615Z_652061b694fc_stage08_b05_formal_85620009/operator_main_results_freq_shift_not_applicable_20260810T084615Z_652061b694fc_stage08_b05_formal_85620009.csv   |
| timing_csv     | /tmp/ZKX_dev/results/stage08_input_preview_b05_freq_shift_652061b694fc/formal/20260810T084615Z_652061b694fc_stage08_b05_formal_85620009/operator_timing_samples_freq_shift_not_applicable_20260810T084615Z_652061b694fc_stage08_b05_formal_85620009.csv |
+----------------+---------------------------------------------------------------------------------------------------------------------------------------------------------------------------------------------------------------------------------------------------------+
