[stage08-b06-formal] case=0 scale=csd_fp32_10e2 status=starting
STAGE08_CSD_CASE PASS scale=csd_fp32_10e2 dtype=FP32 backend=fft_thrust measured=100 results=/tmp/ZKX_dev/results/stage08_b06_csd_336d860e7e54/formal/20260809T145706Z_336d860e7e54_stage08_b06_formal_8613f000
[stage08-b06-formal] case=0 scale=csd_fp32_10e2 status=completed
[stage08-b06-formal] case=1 scale=csd_fp32_10e3 status=starting
STAGE08_CSD_CASE PASS scale=csd_fp32_10e3 dtype=FP32 backend=fft_thrust measured=100 results=/tmp/ZKX_dev/results/stage08_b06_csd_336d860e7e54/formal/20260809T145706Z_336d860e7e54_stage08_b06_formal_8613f001
[stage08-b06-formal] case=1 scale=csd_fp32_10e3 status=completed
[stage08-b06-formal] case=2 scale=csd_fp32_10e4 status=starting
STAGE08_CSD_CASE PASS scale=csd_fp32_10e4 dtype=FP32 backend=fft_thrust measured=100 results=/tmp/ZKX_dev/results/stage08_b06_csd_336d860e7e54/formal/20260809T145707Z_336d860e7e54_stage08_b06_formal_8613f002
[stage08-b06-formal] case=2 scale=csd_fp32_10e4 status=completed
[stage08-b06-formal] case=3 scale=csd_fp16_10e2 status=starting
STAGE08_CSD_CASE PASS scale=csd_fp16_10e2 dtype=FP16 backend=fft_thrust measured=100 results=/tmp/ZKX_dev/results/stage08_b06_csd_336d860e7e54/formal/20260809T145720Z_336d860e7e54_stage08_b06_formal_8613f003
[stage08-b06-formal] case=3 scale=csd_fp16_10e2 status=completed
[stage08-b06-formal] case=4 scale=csd_fp16_10e3 status=starting
STAGE08_CSD_CASE PASS scale=csd_fp16_10e3 dtype=FP16 backend=fft_thrust measured=100 results=/tmp/ZKX_dev/results/stage08_b06_csd_336d860e7e54/formal/20260809T145720Z_336d860e7e54_stage08_b06_formal_8613f004
[stage08-b06-formal] case=4 scale=csd_fp16_10e3 status=completed
[stage08-b06-formal] case=5 scale=csd_fp16_10e4 status=starting
STAGE08_CSD_CASE PASS scale=csd_fp16_10e4 dtype=FP16 backend=fft_thrust measured=100 results=/tmp/ZKX_dev/results/stage08_b06_csd_336d860e7e54/formal/20260809T145721Z_336d860e7e54_stage08_b06_formal_8613f005
[stage08-b06-formal] case=5 scale=csd_fp16_10e4 status=completed
[stage08-b06-formal] case=6 scale=csd_int32_10e2 status=starting
STAGE08_CSD_CASE PASS scale=csd_int32_10e2 dtype=INT32 backend=fft_thrust measured=100 results=/tmp/ZKX_dev/results/stage08_b06_csd_336d860e7e54/formal/20260809T145746Z_336d860e7e54_stage08_b06_formal_8613f006
[stage08-b06-formal] case=6 scale=csd_int32_10e2 status=completed
[stage08-b06-formal] case=7 scale=csd_int32_10e3 status=starting
STAGE08_CSD_CASE PASS scale=csd_int32_10e3 dtype=INT32 backend=fft_thrust measured=100 results=/tmp/ZKX_dev/results/stage08_b06_csd_336d860e7e54/formal/20260809T145746Z_336d860e7e54_stage08_b06_formal_8613f007
[stage08-b06-formal] case=7 scale=csd_int32_10e3 status=completed
[stage08-b06-formal] case=8 scale=csd_int32_10e4 status=starting
STAGE08_CSD_CASE PASS scale=csd_int32_10e4 dtype=INT32 backend=fft_thrust measured=100 results=/tmp/ZKX_dev/results/stage08_b06_csd_336d860e7e54/formal/20260809T145747Z_336d860e7e54_stage08_b06_formal_8613f008
[stage08-b06-formal] case=8 scale=csd_int32_10e4 status=completed
[stage08-b06-formal] case=9 scale=csd_int16_10e2 status=starting
STAGE08_CSD_CASE PASS scale=csd_int16_10e2 dtype=INT16 backend=fft_thrust measured=100 results=/tmp/ZKX_dev/results/stage08_b06_csd_336d860e7e54/formal/20260809T145800Z_336d860e7e54_stage08_b06_formal_8613f009
[stage08-b06-formal] case=9 scale=csd_int16_10e2 status=completed
[stage08-b06-formal] case=10 scale=csd_int16_10e3 status=starting
STAGE08_CSD_CASE PASS scale=csd_int16_10e3 dtype=INT16 backend=fft_thrust measured=100 results=/tmp/ZKX_dev/results/stage08_b06_csd_336d860e7e54/formal/20260809T145800Z_336d860e7e54_stage08_b06_formal_8613f00a
[stage08-b06-formal] case=10 scale=csd_int16_10e3 status=completed
[stage08-b06-formal] case=11 scale=csd_int16_10e4 status=starting
STAGE08_CSD_CASE PASS scale=csd_int16_10e4 dtype=INT16 backend=fft_thrust measured=100 results=/tmp/ZKX_dev/results/stage08_b06_csd_336d860e7e54/formal/20260809T145801Z_336d860e7e54_stage08_b06_formal_8613f00b
[stage08-b06-formal] case=11 scale=csd_int16_10e4 status=completed
[stage08-b06-formal] case=12 scale=csd_int8_10e2 status=starting
STAGE08_CSD_CASE PASS scale=csd_int8_10e2 dtype=INT8 backend=fft_thrust measured=100 results=/tmp/ZKX_dev/results/stage08_b06_csd_336d860e7e54/formal/20260809T145814Z_336d860e7e54_stage08_b06_formal_8613f00c
[stage08-b06-formal] case=12 scale=csd_int8_10e2 status=completed
[stage08-b06-formal] case=13 scale=csd_int8_10e3 status=starting
STAGE08_CSD_CASE PASS scale=csd_int8_10e3 dtype=INT8 backend=fft_thrust measured=100 results=/tmp/ZKX_dev/results/stage08_b06_csd_336d860e7e54/formal/20260809T145814Z_336d860e7e54_stage08_b06_formal_8613f00d
[stage08-b06-formal] case=13 scale=csd_int8_10e3 status=completed
[stage08-b06-formal] case=14 scale=csd_int8_10e4 status=starting
STAGE08_CSD_CASE PASS scale=csd_int8_10e4 dtype=INT8 backend=fft_thrust measured=100 results=/tmp/ZKX_dev/results/stage08_b06_csd_336d860e7e54/formal/20260809T145815Z_336d860e7e54_stage08_b06_formal_8613f00e
[stage08-b06-formal] case=14 scale=csd_int8_10e4 status=completed
[stage08-b06-formal] cases=15 status=completed
