sample_index=0 cpu_pipeline_ms=204.22 gpu_pipeline_ms=23.4555 cpu_resource_sampling_overhead_ms=0.177802 gpu_resource_sampling_overhead_ms=0.0375 semantic_gates=16/16 timing_direct=true resource_overhead_excluded=true step_sum_used=false status=PASS
sample_index=1 cpu_pipeline_ms=199.773 gpu_pipeline_ms=25.0519 cpu_resource_sampling_overhead_ms=0.174193 gpu_resource_sampling_overhead_ms=0.03742 semantic_gates=16/16 timing_direct=true resource_overhead_excluded=true step_sum_used=false status=PASS
sample_index=2 cpu_pipeline_ms=200.344 gpu_pipeline_ms=21.2057 cpu_resource_sampling_overhead_ms=0.17163 gpu_resource_sampling_overhead_ms=0.03282 semantic_gates=16/16 timing_direct=true resource_overhead_excluded=true step_sum_used=false status=PASS
sample_index=3 cpu_pipeline_ms=199.343 gpu_pipeline_ms=21.158 cpu_resource_sampling_overhead_ms=0.172291 gpu_resource_sampling_overhead_ms=0.03284 semantic_gates=16/16 timing_direct=true resource_overhead_excluded=true step_sum_used=false status=PASS
sample_index=4 cpu_pipeline_ms=199.425 gpu_pipeline_ms=21.0416 cpu_resource_sampling_overhead_ms=0.16227 gpu_resource_sampling_overhead_ms=0.03326 semantic_gates=16/16 timing_direct=true resource_overhead_excluded=true step_sum_used=false status=PASS
sample_index=5 cpu_pipeline_ms=199.472 gpu_pipeline_ms=21.3356 cpu_resource_sampling_overhead_ms=0.197662 gpu_resource_sampling_overhead_ms=0.03293 semantic_gates=16/16 timing_direct=true resource_overhead_excluded=true step_sum_used=false status=PASS
sample_index=6 cpu_pipeline_ms=202.917 gpu_pipeline_ms=24.4599 cpu_resource_sampling_overhead_ms=0.162323 gpu_resource_sampling_overhead_ms=0.0328 semantic_gates=16/16 timing_direct=true resource_overhead_excluded=true step_sum_used=false status=PASS
sample_index=7 cpu_pipeline_ms=198.895 gpu_pipeline_ms=20.9818 cpu_resource_sampling_overhead_ms=0.163122 gpu_resource_sampling_overhead_ms=0.03269 semantic_gates=16/16 timing_direct=true resource_overhead_excluded=true step_sum_used=false status=PASS
sample_index=8 cpu_pipeline_ms=205.611 gpu_pipeline_ms=21.1419 cpu_resource_sampling_overhead_ms=0.16732 gpu_resource_sampling_overhead_ms=0.03292 semantic_gates=16/16 timing_direct=true resource_overhead_excluded=true step_sum_used=false status=PASS
sample_index=9 cpu_pipeline_ms=199.796 gpu_pipeline_ms=21.366 cpu_resource_sampling_overhead_ms=0.15822 gpu_resource_sampling_overhead_ms=0.032951 semantic_gates=16/16 timing_direct=true resource_overhead_excluded=true step_sum_used=false status=PASS
sample_index=10 cpu_pipeline_ms=199.909 gpu_pipeline_ms=21.1247 cpu_resource_sampling_overhead_ms=0.158351 gpu_resource_sampling_overhead_ms=0.033291 semantic_gates=16/16 timing_direct=true resource_overhead_excluded=true step_sum_used=false status=PASS
sample_index=11 cpu_pipeline_ms=200.047 gpu_pipeline_ms=21.0678 cpu_resource_sampling_overhead_ms=0.179282 gpu_resource_sampling_overhead_ms=0.03273 semantic_gates=16/16 timing_direct=true resource_overhead_excluded=true step_sum_used=false status=PASS
sample_index=12 cpu_pipeline_ms=199.161 gpu_pipeline_ms=21.0277 cpu_resource_sampling_overhead_ms=0.161811 gpu_resource_sampling_overhead_ms=0.03254 semantic_gates=16/16 timing_direct=true resource_overhead_excluded=true step_sum_used=false status=PASS
sample_index=13 cpu_pipeline_ms=199.078 gpu_pipeline_ms=21.0073 cpu_resource_sampling_overhead_ms=0.145461 gpu_resource_sampling_overhead_ms=0.03332 semantic_gates=16/16 timing_direct=true resource_overhead_excluded=true step_sum_used=false status=PASS
sample_index=14 cpu_pipeline_ms=199.704 gpu_pipeline_ms=20.9174 cpu_resource_sampling_overhead_ms=0.157433 gpu_resource_sampling_overhead_ms=0.03335 semantic_gates=16/16 timing_direct=true resource_overhead_excluded=true step_sum_used=false status=PASS
sample_index=15 cpu_pipeline_ms=198.659 gpu_pipeline_ms=21.4311 cpu_resource_sampling_overhead_ms=0.17518 gpu_resource_sampling_overhead_ms=0.03379 semantic_gates=16/16 timing_direct=true resource_overhead_excluded=true step_sum_used=false status=PASS
sample_index=16 cpu_pipeline_ms=200.794 gpu_pipeline_ms=21.4487 cpu_resource_sampling_overhead_ms=0.197632 gpu_resource_sampling_overhead_ms=0.032882 semantic_gates=16/16 timing_direct=true resource_overhead_excluded=true step_sum_used=false status=PASS
sample_index=17 cpu_pipeline_ms=200.08 gpu_pipeline_ms=21.1642 cpu_resource_sampling_overhead_ms=0.181153 gpu_resource_sampling_overhead_ms=0.03164 semantic_gates=16/16 timing_direct=true resource_overhead_excluded=true step_sum_used=false status=PASS
sample_index=18 cpu_pipeline_ms=199.293 gpu_pipeline_ms=21.2324 cpu_resource_sampling_overhead_ms=0.178012 gpu_resource_sampling_overhead_ms=0.031391 semantic_gates=16/16 timing_direct=true resource_overhead_excluded=true step_sum_used=false status=PASS
sample_index=19 cpu_pipeline_ms=200.978 gpu_pipeline_ms=21.1996 cpu_resource_sampling_overhead_ms=0.172001 gpu_resource_sampling_overhead_ms=0.03173 semantic_gates=16/16 timing_direct=true resource_overhead_excluded=true step_sum_used=false status=PASS
sample_index=20 cpu_pipeline_ms=198.883 gpu_pipeline_ms=21.3909 cpu_resource_sampling_overhead_ms=0.174372 gpu_resource_sampling_overhead_ms=0.03177 semantic_gates=16/16 timing_direct=true resource_overhead_excluded=true step_sum_used=false status=PASS
sample_index=21 cpu_pipeline_ms=204.5 gpu_pipeline_ms=21.4032 cpu_resource_sampling_overhead_ms=0.174741 gpu_resource_sampling_overhead_ms=0.031711 semantic_gates=16/16 timing_direct=true resource_overhead_excluded=true step_sum_used=false status=PASS
sample_index=22 cpu_pipeline_ms=198.873 gpu_pipeline_ms=21.2119 cpu_resource_sampling_overhead_ms=0.180021 gpu_resource_sampling_overhead_ms=0.032052 semantic_gates=16/16 timing_direct=true resource_overhead_excluded=true step_sum_used=false status=PASS
sample_index=23 cpu_pipeline_ms=204.432 gpu_pipeline_ms=21.1942 cpu_resource_sampling_overhead_ms=0.172222 gpu_resource_sampling_overhead_ms=0.03135 semantic_gates=16/16 timing_direct=true resource_overhead_excluded=true step_sum_used=false status=PASS
sample_index=24 cpu_pipeline_ms=200.559 gpu_pipeline_ms=21.2125 cpu_resource_sampling_overhead_ms=0.181942 gpu_resource_sampling_overhead_ms=0.0317 semantic_gates=16/16 timing_direct=true resource_overhead_excluded=true step_sum_used=false status=PASS
sample_index=25 cpu_pipeline_ms=198.907 gpu_pipeline_ms=21.2971 cpu_resource_sampling_overhead_ms=0.167451 gpu_resource_sampling_overhead_ms=0.0315 semantic_gates=16/16 timing_direct=true resource_overhead_excluded=true step_sum_used=false status=PASS
sample_index=26 cpu_pipeline_ms=198.664 gpu_pipeline_ms=21.2167 cpu_resource_sampling_overhead_ms=0.159331 gpu_resource_sampling_overhead_ms=0.03121 semantic_gates=16/16 timing_direct=true resource_overhead_excluded=true step_sum_used=false status=PASS
sample_index=27 cpu_pipeline_ms=199.937 gpu_pipeline_ms=21.3766 cpu_resource_sampling_overhead_ms=0.168061 gpu_resource_sampling_overhead_ms=0.031802 semantic_gates=16/16 timing_direct=true resource_overhead_excluded=true step_sum_used=false status=PASS
sample_index=28 cpu_pipeline_ms=199.313 gpu_pipeline_ms=21.2042 cpu_resource_sampling_overhead_ms=0.160971 gpu_resource_sampling_overhead_ms=0.03189 semantic_gates=16/16 timing_direct=true resource_overhead_excluded=true step_sum_used=false status=PASS
sample_index=29 cpu_pipeline_ms=204.126 gpu_pipeline_ms=21.1932 cpu_resource_sampling_overhead_ms=0.166051 gpu_resource_sampling_overhead_ms=0.03125 semantic_gates=16/16 timing_direct=true resource_overhead_excluded=true step_sum_used=false status=PASS
sample_index=30 cpu_pipeline_ms=201.039 gpu_pipeline_ms=21.2592 cpu_resource_sampling_overhead_ms=0.167481 gpu_resource_sampling_overhead_ms=0.03114 semantic_gates=16/16 timing_direct=true resource_overhead_excluded=true step_sum_used=false status=PASS
sample_index=31 cpu_pipeline_ms=199.084 gpu_pipeline_ms=21.2535 cpu_resource_sampling_overhead_ms=0.181402 gpu_resource_sampling_overhead_ms=0.03228 semantic_gates=16/16 timing_direct=true resource_overhead_excluded=true step_sum_used=false status=PASS
sample_index=32 cpu_pipeline_ms=197.484 gpu_pipeline_ms=21.4032 cpu_resource_sampling_overhead_ms=0.273952 gpu_resource_sampling_overhead_ms=0.034501 semantic_gates=16/16 timing_direct=true resource_overhead_excluded=true step_sum_used=false status=PASS
sample_index=33 cpu_pipeline_ms=200.704 gpu_pipeline_ms=21.0893 cpu_resource_sampling_overhead_ms=0.171132 gpu_resource_sampling_overhead_ms=0.03415 semantic_gates=16/16 timing_direct=true resource_overhead_excluded=true step_sum_used=false status=PASS
sample_index=34 cpu_pipeline_ms=199.686 gpu_pipeline_ms=21.123 cpu_resource_sampling_overhead_ms=0.173972 gpu_resource_sampling_overhead_ms=0.03386 semantic_gates=16/16 timing_direct=true resource_overhead_excluded=true step_sum_used=false status=PASS
sample_index=35 cpu_pipeline_ms=200.38 gpu_pipeline_ms=21.0394 cpu_resource_sampling_overhead_ms=0.179081 gpu_resource_sampling_overhead_ms=0.03353 semantic_gates=16/16 timing_direct=true resource_overhead_excluded=true step_sum_used=false status=PASS
sample_index=36 cpu_pipeline_ms=199.672 gpu_pipeline_ms=20.978 cpu_resource_sampling_overhead_ms=0.174781 gpu_resource_sampling_overhead_ms=0.032521 semantic_gates=16/16 timing_direct=true resource_overhead_excluded=true step_sum_used=false status=PASS
sample_index=37 cpu_pipeline_ms=205.183 gpu_pipeline_ms=21.3585 cpu_resource_sampling_overhead_ms=0.21764 gpu_resource_sampling_overhead_ms=0.032861 semantic_gates=16/16 timing_direct=true resource_overhead_excluded=true step_sum_used=false status=PASS
sample_index=38 cpu_pipeline_ms=199.986 gpu_pipeline_ms=21.0654 cpu_resource_sampling_overhead_ms=0.187903 gpu_resource_sampling_overhead_ms=0.03317 semantic_gates=16/16 timing_direct=true resource_overhead_excluded=true step_sum_used=false status=PASS
sample_index=39 cpu_pipeline_ms=202.091 gpu_pipeline_ms=21.1348 cpu_resource_sampling_overhead_ms=0.1877 gpu_resource_sampling_overhead_ms=0.03246 semantic_gates=16/16 timing_direct=true resource_overhead_excluded=true step_sum_used=false status=PASS
sample_index=40 cpu_pipeline_ms=202.018 gpu_pipeline_ms=21.2264 cpu_resource_sampling_overhead_ms=0.184161 gpu_resource_sampling_overhead_ms=0.0326 semantic_gates=16/16 timing_direct=true resource_overhead_excluded=true step_sum_used=false status=PASS
sample_index=41 cpu_pipeline_ms=200.52 gpu_pipeline_ms=21.0826 cpu_resource_sampling_overhead_ms=0.18195 gpu_resource_sampling_overhead_ms=0.03382 semantic_gates=16/16 timing_direct=true resource_overhead_excluded=true step_sum_used=false status=PASS
sample_index=42 cpu_pipeline_ms=199.726 gpu_pipeline_ms=21.1131 cpu_resource_sampling_overhead_ms=0.177021 gpu_resource_sampling_overhead_ms=0.033991 semantic_gates=16/16 timing_direct=true resource_overhead_excluded=true step_sum_used=false status=PASS
sample_index=43 cpu_pipeline_ms=199.821 gpu_pipeline_ms=21.0578 cpu_resource_sampling_overhead_ms=0.172101 gpu_resource_sampling_overhead_ms=0.03246 semantic_gates=16/16 timing_direct=true resource_overhead_excluded=true step_sum_used=false status=PASS
sample_index=44 cpu_pipeline_ms=200.464 gpu_pipeline_ms=21.0716 cpu_resource_sampling_overhead_ms=0.178232 gpu_resource_sampling_overhead_ms=0.03267 semantic_gates=16/16 timing_direct=true resource_overhead_excluded=true step_sum_used=false status=PASS
sample_index=45 cpu_pipeline_ms=200.291 gpu_pipeline_ms=21.3455 cpu_resource_sampling_overhead_ms=0.173682 gpu_resource_sampling_overhead_ms=0.03306 semantic_gates=16/16 timing_direct=true resource_overhead_excluded=true step_sum_used=false status=PASS
sample_index=46 cpu_pipeline_ms=199.787 gpu_pipeline_ms=21.0292 cpu_resource_sampling_overhead_ms=0.180231 gpu_resource_sampling_overhead_ms=0.0329 semantic_gates=16/16 timing_direct=true resource_overhead_excluded=true step_sum_used=false status=PASS
sample_index=47 cpu_pipeline_ms=199.883 gpu_pipeline_ms=21.0279 cpu_resource_sampling_overhead_ms=0.16997 gpu_resource_sampling_overhead_ms=0.032591 semantic_gates=16/16 timing_direct=true resource_overhead_excluded=true step_sum_used=false status=PASS
sample_index=48 cpu_pipeline_ms=199.783 gpu_pipeline_ms=20.9655 cpu_resource_sampling_overhead_ms=0.168193 gpu_resource_sampling_overhead_ms=0.032891 semantic_gates=16/16 timing_direct=true resource_overhead_excluded=true step_sum_used=false status=PASS
sample_index=49 cpu_pipeline_ms=199.635 gpu_pipeline_ms=21.0392 cpu_resource_sampling_overhead_ms=0.178542 gpu_resource_sampling_overhead_ms=0.03317 semantic_gates=16/16 timing_direct=true resource_overhead_excluded=true step_sum_used=false status=PASS
sample_index=50 cpu_pipeline_ms=198.583 gpu_pipeline_ms=20.9703 cpu_resource_sampling_overhead_ms=0.169213 gpu_resource_sampling_overhead_ms=0.03208 semantic_gates=16/16 timing_direct=true resource_overhead_excluded=true step_sum_used=false status=PASS
sample_index=51 cpu_pipeline_ms=199.592 gpu_pipeline_ms=21.0507 cpu_resource_sampling_overhead_ms=0.175963 gpu_resource_sampling_overhead_ms=0.03234 semantic_gates=16/16 timing_direct=true resource_overhead_excluded=true step_sum_used=false status=PASS
sample_index=52 cpu_pipeline_ms=199.724 gpu_pipeline_ms=21.0278 cpu_resource_sampling_overhead_ms=0.179584 gpu_resource_sampling_overhead_ms=0.032281 semantic_gates=16/16 timing_direct=true resource_overhead_excluded=true step_sum_used=false status=PASS
sample_index=53 cpu_pipeline_ms=199.85 gpu_pipeline_ms=21.2482 cpu_resource_sampling_overhead_ms=0.188731 gpu_resource_sampling_overhead_ms=0.03182 semantic_gates=16/16 timing_direct=true resource_overhead_excluded=true step_sum_used=false status=PASS
sample_index=54 cpu_pipeline_ms=199.677 gpu_pipeline_ms=21.3731 cpu_resource_sampling_overhead_ms=0.176651 gpu_resource_sampling_overhead_ms=0.031861 semantic_gates=16/16 timing_direct=true resource_overhead_excluded=true step_sum_used=false status=PASS
sample_index=55 cpu_pipeline_ms=198.879 gpu_pipeline_ms=21.1537 cpu_resource_sampling_overhead_ms=0.174993 gpu_resource_sampling_overhead_ms=0.0319 semantic_gates=16/16 timing_direct=true resource_overhead_excluded=true step_sum_used=false status=PASS
sample_index=56 cpu_pipeline_ms=201.877 gpu_pipeline_ms=21.4095 cpu_resource_sampling_overhead_ms=0.180252 gpu_resource_sampling_overhead_ms=0.032 semantic_gates=16/16 timing_direct=true resource_overhead_excluded=true step_sum_used=false status=PASS
sample_index=57 cpu_pipeline_ms=198.284 gpu_pipeline_ms=21.1086 cpu_resource_sampling_overhead_ms=0.161092 gpu_resource_sampling_overhead_ms=0.031761 semantic_gates=16/16 timing_direct=true resource_overhead_excluded=true step_sum_used=false status=PASS
sample_index=58 cpu_pipeline_ms=198.951 gpu_pipeline_ms=21.1382 cpu_resource_sampling_overhead_ms=0.181351 gpu_resource_sampling_overhead_ms=0.03279 semantic_gates=16/16 timing_direct=true resource_overhead_excluded=true step_sum_used=false status=PASS
sample_index=59 cpu_pipeline_ms=199.397 gpu_pipeline_ms=21.2497 cpu_resource_sampling_overhead_ms=0.17415 gpu_resource_sampling_overhead_ms=0.03179 semantic_gates=16/16 timing_direct=true resource_overhead_excluded=true step_sum_used=false status=PASS
sample_index=60 cpu_pipeline_ms=200.593 gpu_pipeline_ms=21.5129 cpu_resource_sampling_overhead_ms=0.222192 gpu_resource_sampling_overhead_ms=0.03245 semantic_gates=16/16 timing_direct=true resource_overhead_excluded=true step_sum_used=false status=PASS
sample_index=61 cpu_pipeline_ms=199.21 gpu_pipeline_ms=21.2943 cpu_resource_sampling_overhead_ms=0.172772 gpu_resource_sampling_overhead_ms=0.03169 semantic_gates=16/16 timing_direct=true resource_overhead_excluded=true step_sum_used=false status=PASS
sample_index=62 cpu_pipeline_ms=199.607 gpu_pipeline_ms=21.595 cpu_resource_sampling_overhead_ms=0.161431 gpu_resource_sampling_overhead_ms=0.03371 semantic_gates=16/16 timing_direct=true resource_overhead_excluded=true step_sum_used=false status=PASS
sample_index=63 cpu_pipeline_ms=199.205 gpu_pipeline_ms=21.2402 cpu_resource_sampling_overhead_ms=0.188071 gpu_resource_sampling_overhead_ms=0.03201 semantic_gates=16/16 timing_direct=true resource_overhead_excluded=true step_sum_used=false status=PASS
sample_index=64 cpu_pipeline_ms=200.047 gpu_pipeline_ms=21.2094 cpu_resource_sampling_overhead_ms=0.16843 gpu_resource_sampling_overhead_ms=0.0315 semantic_gates=16/16 timing_direct=true resource_overhead_excluded=true step_sum_used=false status=PASS
sample_index=65 cpu_pipeline_ms=201.001 gpu_pipeline_ms=21.2427 cpu_resource_sampling_overhead_ms=0.201622 gpu_resource_sampling_overhead_ms=0.03197 semantic_gates=16/16 timing_direct=true resource_overhead_excluded=true step_sum_used=false status=PASS
sample_index=66 cpu_pipeline_ms=201.158 gpu_pipeline_ms=26.3399 cpu_resource_sampling_overhead_ms=0.176973 gpu_resource_sampling_overhead_ms=0.039001 semantic_gates=16/16 timing_direct=true resource_overhead_excluded=true step_sum_used=false status=PASS
sample_index=67 cpu_pipeline_ms=200.698 gpu_pipeline_ms=21.2221 cpu_resource_sampling_overhead_ms=0.173001 gpu_resource_sampling_overhead_ms=0.03161 semantic_gates=16/16 timing_direct=true resource_overhead_excluded=true step_sum_used=false status=PASS
sample_index=68 cpu_pipeline_ms=200.117 gpu_pipeline_ms=21.694 cpu_resource_sampling_overhead_ms=0.198191 gpu_resource_sampling_overhead_ms=0.03421 semantic_gates=16/16 timing_direct=true resource_overhead_excluded=true step_sum_used=false status=PASS
sample_index=69 cpu_pipeline_ms=199.352 gpu_pipeline_ms=21.7556 cpu_resource_sampling_overhead_ms=0.186641 gpu_resource_sampling_overhead_ms=0.0323 semantic_gates=16/16 timing_direct=true resource_overhead_excluded=true step_sum_used=false status=PASS
sample_index=70 cpu_pipeline_ms=199.223 gpu_pipeline_ms=21.4279 cpu_resource_sampling_overhead_ms=0.18242 gpu_resource_sampling_overhead_ms=0.03352 semantic_gates=16/16 timing_direct=true resource_overhead_excluded=true step_sum_used=false status=PASS
sample_index=71 cpu_pipeline_ms=203.063 gpu_pipeline_ms=21.5484 cpu_resource_sampling_overhead_ms=0.171911 gpu_resource_sampling_overhead_ms=0.03312 semantic_gates=16/16 timing_direct=true resource_overhead_excluded=true step_sum_used=false status=PASS
sample_index=72 cpu_pipeline_ms=198.735 gpu_pipeline_ms=21.6358 cpu_resource_sampling_overhead_ms=0.158491 gpu_resource_sampling_overhead_ms=0.03337 semantic_gates=16/16 timing_direct=true resource_overhead_excluded=true step_sum_used=false status=PASS
sample_index=73 cpu_pipeline_ms=199.721 gpu_pipeline_ms=21.5171 cpu_resource_sampling_overhead_ms=0.175102 gpu_resource_sampling_overhead_ms=0.03284 semantic_gates=16/16 timing_direct=true resource_overhead_excluded=true step_sum_used=false status=PASS
sample_index=74 cpu_pipeline_ms=199.253 gpu_pipeline_ms=21.4087 cpu_resource_sampling_overhead_ms=0.169414 gpu_resource_sampling_overhead_ms=0.03324 semantic_gates=16/16 timing_direct=true resource_overhead_excluded=true step_sum_used=false status=PASS
sample_index=75 cpu_pipeline_ms=200.031 gpu_pipeline_ms=21.5358 cpu_resource_sampling_overhead_ms=0.171901 gpu_resource_sampling_overhead_ms=0.0327 semantic_gates=16/16 timing_direct=true resource_overhead_excluded=true step_sum_used=false status=PASS
sample_index=76 cpu_pipeline_ms=199.14 gpu_pipeline_ms=21.5315 cpu_resource_sampling_overhead_ms=0.184941 gpu_resource_sampling_overhead_ms=0.03418 semantic_gates=16/16 timing_direct=true resource_overhead_excluded=true step_sum_used=false status=PASS
sample_index=77 cpu_pipeline_ms=200.2 gpu_pipeline_ms=21.61 cpu_resource_sampling_overhead_ms=0.173432 gpu_resource_sampling_overhead_ms=0.03378 semantic_gates=16/16 timing_direct=true resource_overhead_excluded=true step_sum_used=false status=PASS
sample_index=78 cpu_pipeline_ms=204.492 gpu_pipeline_ms=21.4512 cpu_resource_sampling_overhead_ms=0.18737 gpu_resource_sampling_overhead_ms=0.03401 semantic_gates=16/16 timing_direct=true resource_overhead_excluded=true step_sum_used=false status=PASS
sample_index=79 cpu_pipeline_ms=200.73 gpu_pipeline_ms=21.2269 cpu_resource_sampling_overhead_ms=0.202481 gpu_resource_sampling_overhead_ms=0.03308 semantic_gates=16/16 timing_direct=true resource_overhead_excluded=true step_sum_used=false status=PASS
sample_index=80 cpu_pipeline_ms=199.941 gpu_pipeline_ms=20.9604 cpu_resource_sampling_overhead_ms=0.186352 gpu_resource_sampling_overhead_ms=0.03207 semantic_gates=16/16 timing_direct=true resource_overhead_excluded=true step_sum_used=false status=PASS
sample_index=81 cpu_pipeline_ms=200.127 gpu_pipeline_ms=21.0711 cpu_resource_sampling_overhead_ms=0.168061 gpu_resource_sampling_overhead_ms=0.03333 semantic_gates=16/16 timing_direct=true resource_overhead_excluded=true step_sum_used=false status=PASS
sample_index=82 cpu_pipeline_ms=201.127 gpu_pipeline_ms=21.5666 cpu_resource_sampling_overhead_ms=0.20182 gpu_resource_sampling_overhead_ms=0.03181 semantic_gates=16/16 timing_direct=true resource_overhead_excluded=true step_sum_used=false status=PASS
sample_index=83 cpu_pipeline_ms=199.631 gpu_pipeline_ms=21.2532 cpu_resource_sampling_overhead_ms=0.183802 gpu_resource_sampling_overhead_ms=0.03148 semantic_gates=16/16 timing_direct=true resource_overhead_excluded=true step_sum_used=false status=PASS
sample_index=84 cpu_pipeline_ms=200.171 gpu_pipeline_ms=21.6933 cpu_resource_sampling_overhead_ms=0.210793 gpu_resource_sampling_overhead_ms=0.03368 semantic_gates=16/16 timing_direct=true resource_overhead_excluded=true step_sum_used=false status=PASS
sample_index=85 cpu_pipeline_ms=208.794 gpu_pipeline_ms=29.2034 cpu_resource_sampling_overhead_ms=0.216342 gpu_resource_sampling_overhead_ms=0.03863 semantic_gates=16/16 timing_direct=true resource_overhead_excluded=true step_sum_used=false status=PASS
sample_index=86 cpu_pipeline_ms=187.614 gpu_pipeline_ms=22.4013 cpu_resource_sampling_overhead_ms=0.170431 gpu_resource_sampling_overhead_ms=0.03472 semantic_gates=16/16 timing_direct=true resource_overhead_excluded=true step_sum_used=false status=PASS
sample_index=87 cpu_pipeline_ms=199.835 gpu_pipeline_ms=21.9858 cpu_resource_sampling_overhead_ms=0.20559 gpu_resource_sampling_overhead_ms=0.03306 semantic_gates=16/16 timing_direct=true resource_overhead_excluded=true step_sum_used=false status=PASS
sample_index=88 cpu_pipeline_ms=201.128 gpu_pipeline_ms=21.4659 cpu_resource_sampling_overhead_ms=0.19992 gpu_resource_sampling_overhead_ms=0.03269 semantic_gates=16/16 timing_direct=true resource_overhead_excluded=true step_sum_used=false status=PASS
sample_index=89 cpu_pipeline_ms=201.541 gpu_pipeline_ms=21.257 cpu_resource_sampling_overhead_ms=0.17585 gpu_resource_sampling_overhead_ms=0.03232 semantic_gates=16/16 timing_direct=true resource_overhead_excluded=true step_sum_used=false status=PASS
sample_index=90 cpu_pipeline_ms=198.923 gpu_pipeline_ms=21.3733 cpu_resource_sampling_overhead_ms=0.169071 gpu_resource_sampling_overhead_ms=0.03197 semantic_gates=16/16 timing_direct=true resource_overhead_excluded=true step_sum_used=false status=PASS
sample_index=91 cpu_pipeline_ms=198.856 gpu_pipeline_ms=21.3003 cpu_resource_sampling_overhead_ms=0.162981 gpu_resource_sampling_overhead_ms=0.032621 semantic_gates=16/16 timing_direct=true resource_overhead_excluded=true step_sum_used=false status=PASS
sample_index=92 cpu_pipeline_ms=199.269 gpu_pipeline_ms=21.3748 cpu_resource_sampling_overhead_ms=0.17515 gpu_resource_sampling_overhead_ms=0.03202 semantic_gates=16/16 timing_direct=true resource_overhead_excluded=true step_sum_used=false status=PASS
sample_index=93 cpu_pipeline_ms=199.872 gpu_pipeline_ms=21.4768 cpu_resource_sampling_overhead_ms=0.204603 gpu_resource_sampling_overhead_ms=0.032631 semantic_gates=16/16 timing_direct=true resource_overhead_excluded=true step_sum_used=false status=PASS
sample_index=94 cpu_pipeline_ms=199.245 gpu_pipeline_ms=21.1763 cpu_resource_sampling_overhead_ms=0.186062 gpu_resource_sampling_overhead_ms=0.03172 semantic_gates=16/16 timing_direct=true resource_overhead_excluded=true step_sum_used=false status=PASS
sample_index=95 cpu_pipeline_ms=199.68 gpu_pipeline_ms=21.4109 cpu_resource_sampling_overhead_ms=0.206942 gpu_resource_sampling_overhead_ms=0.03173 semantic_gates=16/16 timing_direct=true resource_overhead_excluded=true step_sum_used=false status=PASS
sample_index=96 cpu_pipeline_ms=203.095 gpu_pipeline_ms=21.2263 cpu_resource_sampling_overhead_ms=0.182243 gpu_resource_sampling_overhead_ms=0.03201 semantic_gates=16/16 timing_direct=true resource_overhead_excluded=true step_sum_used=false status=PASS
sample_index=97 cpu_pipeline_ms=200.921 gpu_pipeline_ms=21.5658 cpu_resource_sampling_overhead_ms=0.164612 gpu_resource_sampling_overhead_ms=0.03221 semantic_gates=16/16 timing_direct=true resource_overhead_excluded=true step_sum_used=false status=PASS
sample_index=98 cpu_pipeline_ms=199.337 gpu_pipeline_ms=21.2534 cpu_resource_sampling_overhead_ms=0.174141 gpu_resource_sampling_overhead_ms=0.03234 semantic_gates=16/16 timing_direct=true resource_overhead_excluded=true step_sum_used=false status=PASS
sample_index=99 cpu_pipeline_ms=201.882 gpu_pipeline_ms=21.5845 cpu_resource_sampling_overhead_ms=0.189351 gpu_resource_sampling_overhead_ms=0.03376 semantic_gates=16/16 timing_direct=true resource_overhead_excluded=true step_sum_used=false status=PASS
function=Task2 frozen full six-step pipeline
call_chain=Step1->Step2;Step2+Step1->Step3;Step3 dual outputs->Step4;Step4->Step5;Step5+Step4+Kalman/delay->Step6
timing=pipeline_total measured directly;not=sum(step timings)
cpu_correlation_method=direct_parallel_exact workers=255
resource_sampling_mode=same_pipeline_execution
status=PASS return_code=0
