command=build_stage08_b06_stft_81f248cc9e2d/stage08_spectral_analysis_stft --dtype INT8 --count 10000 --fs 1000 --nperseg 128 --noverlap 96 --nfft 128 --detrend none --onesided true --boundary even --padded true --seed 86450003 --warmup 20 --measured 100 --output /tmp/ZKX_dev/results/stage08_input_preview_b06_stft_9b01dadd36f6/formal/20260810T085927Z_9b01dadd36f6_stage08_b06_formal_8674000e/stft_probe_raw.json
{"run_id": "20260810T085927Z_9b01dadd36f6_stage08_b06_formal_8674000e", "case_id": "stft__stft_int8_10e4__1b9051d8d79c6c75", "operator_name": "stft", "scale_id": "stft_int8_10e4", "requested_dtype": "INT8", "output_dtype": "ComplexFP32", "backend": "fft_thrust", "nperseg": 128, "noverlap": 96, "nfft": 128, "detrend": "none", "return_onesided": true, "boundary": "even", "padded": true, "frequency_count": 65, "time_count": 314, "output_count": 20410, "warmup_runs": 20, "measured_runs": 100, "mse": 2.01769e-15, "rmse": 4.49187e-08, "relative_l2": 3.89765e-09, "relative_linf": 4.76837e-10, "status": "PASS", "error_code": "OK"}
[stage08] identity and status
+--------+----------------+--------+------------+-------+--------+----------+--------------------------+--------+------------+
| target | scale_id       | device | backend    | dtype | warmup | measured | timing_scope             | status | error_code |
+--------+----------------+--------+------------+-------+--------+----------+--------------------------+--------+------------+
| stft   | stft_int8_10e4 | CPU    | fft_thrust | INT8  | 20     | 100      | compatibility/end-to-end | PASS   | OK         |
| stft   | stft_int8_10e4 | GPU    | fft_thrust | INT8  | 20     | 100      | compatibility/end-to-end | PASS   | OK         |
+--------+----------------+--------+------------+-------+--------+----------+--------------------------+--------+------------+

[stage08] timing detail
+--------+--------------------+--------------------+-------------+--------------------+----------+------------+---------------------+-----------------------+-------------------+
| device | mean_ms            | p50_ms             | p95_ms      | p99_ms             | min_ms   | max_ms     | std_ms              | cv                    | speedup           |
+--------+--------------------+--------------------+-------------+--------------------+----------+------------+---------------------+-----------------------+-------------------+
| CPU    | 123.47929339000001 | 123.45466049999999 | 123.6064045 | 123.90877352000001 | 123.3211 | 124.167215 | 0.11427489232275789 | 0.0009254579386183341 | NA                |
| GPU    | 2.29576868         | 2.289912           | 2.35262305  | 2.4078547000000006 | 2.257643 | 2.489203   | 0.03364150700039461 | 0.014653700650883785  | 53.78559890014703 |
+--------+--------------------+--------------------+-------------+--------------------+----------+------------+---------------------+-----------------------+-------------------+

[stage08] accuracy detail
+---------------------+-------------+-------------+-------------+---------------+-------------+----------------+-----------------------------+--------+
| accuracy_reference  | mse         | rmse        | relative_l2 | relative_linf | exact_match | mismatch_count | semantic_check              | status |
+---------------------+-------------+-------------+-------------+---------------+-------------+----------------+-----------------------------+--------+
| cpu_stft_direct_dft | 2.01769e-15 | 4.49187e-08 | 3.89765e-09 | 4.76837e-10   | NA          | NA             | frequency_time_shape=65x314 | PASS   |
+---------------------+-------------+-------------+-------------+---------------+-------------+----------------+-----------------------------+--------+

[stage08] resource detail
+--------+------------+--------------+-------------+------------+-------------+
| device | metric     | before_bytes | after_bytes | peak_bytes | delta_bytes |
+--------+------------+--------------+-------------+------------+-------------+
| CPU    | cpu_heap   | 1688432      | 2090160     | 2254864    | 401728      |
| CPU    | rss        | 70823936     | 71352320    | 71352320   | 528384      |
| GPU    | cpu_heap   | 2090208      | 2481600     | 2482272    | 391392      |
| GPU    | rss        | 71352320     | 71892992    | 71892992   | 540672      |
| GPU    | gpu_memory | 357777408    | 357777408   | 357777408  | 0           |
+--------+------------+--------------+-------------+------------+-------------+

[stage08] input/output identity
+--------+------------------------------------------------------------------+------------------------------------------------------------------+
| device | input_digest                                                     | output_digest                                                    |
+--------+------------------------------------------------------------------+------------------------------------------------------------------+
| CPU    | 1b9051d8d79c6c7569cbd9ed4b17a5ee505dc4c239f173500a23a07357c70352 | 9de671785874757c147da3bb81e175fa84322e7c58ce29025afa77511f8bc37d |
| GPU    | 1b9051d8d79c6c7569cbd9ed4b17a5ee505dc4c239f173500a23a07357c70352 | 98d75e73f7655af3dff407fc5628052475c82ef27c3508741f9106c357576efe |
+--------+------------------------------------------------------------------+------------------------------------------------------------------+

[stage08] input content
+------------+---------+-------+----------+--------------------------------------------------------------------+----------------------------------------------+
| input_name | shape   | dtype | elements | generator                                                          | values(head4/tail2)                          |
+------------+---------+-------+----------+--------------------------------------------------------------------+----------------------------------------------+
| x          | [10000] | INT8  | 10000    | spectral_modular_plus_periodic_offset(seed=86450003,integral=true) | i=0:-3;i=1:3;i=2:-2;i=3:4;i=9998:2;i=9999:-3 |
+------------+---------+-------+----------+--------------------------------------------------------------------+----------------------------------------------+

[stage08] case parameters
+----------------------------------------------------------------------------------------------------------------------------------------------------------------------------------+
| parameters                                                                                                                                                                       |
+----------------------------------------------------------------------------------------------------------------------------------------------------------------------------------+
| {"boundary":"even","count":"10000","detrend":"none","dtype":"INT8","fs":"1000","nfft":"128","noverlap":"96","nperseg":"128","onesided":"true","padded":"true","seed":"86450003"} |
+----------------------------------------------------------------------------------------------------------------------------------------------------------------------------------+

[stage08] dtype evidence
+-----------------+--------------------+--------------+------------------------------------------------------------------+--------+
| requested_dtype | config_input_dtype | output_dtype | actual_input_digest                                              | status |
+-----------------+--------------------+--------------+------------------------------------------------------------------+--------+
| INT8            | NA                 | ComplexFP32  | 1b9051d8d79c6c7569cbd9ed4b17a5ee505dc4c239f173500a23a07357c70352 | PASS   |
+-----------------+--------------------+--------------+------------------------------------------------------------------+--------+

[stage08] evidence files
+----------------+-----------------------------------------------------------------------------------------------------------------------------------------------------------------------------------------------------------------------------------------+
| kind           | path                                                                                                                                                                                                                                    |
+----------------+-----------------------------------------------------------------------------------------------------------------------------------------------------------------------------------------------------------------------------------------+
| dtype_csv      | /tmp/ZKX_dev/results/stage08_input_preview_b06_stft_9b01dadd36f6/formal/20260810T085927Z_9b01dadd36f6_stage08_b06_formal_8674000e/operator_dtype_evidence_stft_fft_thrust_20260810T085927Z_9b01dadd36f6_stage08_b06_formal_8674000e.csv |
| main_csv       | /tmp/ZKX_dev/results/stage08_input_preview_b06_stft_9b01dadd36f6/formal/20260810T085927Z_9b01dadd36f6_stage08_b06_formal_8674000e/operator_main_results_stft_fft_thrust_20260810T085927Z_9b01dadd36f6_stage08_b06_formal_8674000e.csv   |
| memory_csv     | /tmp/ZKX_dev/results/stage08_input_preview_b06_stft_9b01dadd36f6/formal/20260810T085927Z_9b01dadd36f6_stage08_b06_formal_8674000e/operator_spectral_analysis_stft_memory_trace_fft_thrust.csv                                           |
| full_log       | /tmp/ZKX_dev/results/stage08_input_preview_b06_stft_9b01dadd36f6/formal/20260810T085927Z_9b01dadd36f6_stage08_b06_formal_8674000e/operator_stft_full.log                                                                                |
| report_json    | /tmp/ZKX_dev/results/stage08_input_preview_b06_stft_9b01dadd36f6/formal/20260810T085927Z_9b01dadd36f6_stage08_b06_formal_8674000e/operator_stft_report.json                                                                             |
| summary_txt    | /tmp/ZKX_dev/results/stage08_input_preview_b06_stft_9b01dadd36f6/formal/20260810T085927Z_9b01dadd36f6_stage08_b06_formal_8674000e/operator_stft_summary.txt                                                                             |
| timing_csv     | /tmp/ZKX_dev/results/stage08_input_preview_b06_stft_9b01dadd36f6/formal/20260810T085927Z_9b01dadd36f6_stage08_b06_formal_8674000e/operator_timing_samples_stft_fft_thrust_20260810T085927Z_9b01dadd36f6_stage08_b06_formal_8674000e.csv |
| probe_raw_json | /tmp/ZKX_dev/results/stage08_input_preview_b06_stft_9b01dadd36f6/formal/20260810T085927Z_9b01dadd36f6_stage08_b06_formal_8674000e/stft_probe_raw.json                                                                                   |
+----------------+-----------------------------------------------------------------------------------------------------------------------------------------------------------------------------------------------------------------------------------------+
