[stage08-b01] operator=kaiser entry=cpu:kaiser_typed_cpu gpu:kaiser_device
[stage08-b01] config=test_all/configs/operators/windows/kaiser/operator_scales.json config_sha256=3c4c14a97768005f5dc56b0d0c17628fff55c481c5608f82bbef4fa7c495f9fe
[stage08-b01] run_type=formal scale=kaiser_int32_10e2 dtype=INT32 sym=false backend=not_applicable
[stage08-b01] dtype_semantics=actual_typed_scalar_input typed_input_count=1 actual_input_digest=dc847291cb775b0e649a6974df3ce12ec601614366d5185cb5700ed9df1866d0
[stage08-b01] timing_scope=compatibility/end-to-end warmup=20 measured=100
[stage08-b01] cpu_mean_ms=0.0055743499999999944 gpu_mean_ms=0.24470657999999998 speedup=0.022779730728940739
[stage08-b01] mse=9.4177306276040361e-15 rmse=9.7044992800267839e-08 relative_l2=1.7255874147697642e-07 relative_linf=2.8263307960685324e-07
[stage08-b01] resources=available cuda_event_ms=0.2682340145111084
[stage08-b01] status=PASS error_code=OK
[stage08] identity and status
target | scale_id          | device | backend        | dtype | warmup | measured | timing_scope             | status | error_code
kaiser | kaiser_int32_10e2 | CPU    | not_applicable | INT32 | 20     | 100      | compatibility/end-to-end | PASS   | OK        
kaiser | kaiser_int32_10e2 | GPU    | not_applicable | INT32 | 20     | 100      | compatibility/end-to-end | PASS   | OK        

[stage08] timing detail
device | mean_ms               | p50_ms                | p95_ms                | p99_ms                | min_ms                | max_ms                | std_ms                 | cv                    | speedup             
CPU    | 0.0055743499999999944 | 0.0055700000000000003 | 0.0055900000000000004 | 0.0055916000000000013 | 0.0055599999999999998 | 0.0057499999999999999 | 1.9254285237317936e-05 | 0.0034540861692068051 | NA                  
GPU    | 0.24470657999999998   | 0.24473699999999998   | 0.254552              | 0.2677111900000001    | 0.22956199999999999   | 0.29426200000000002   | 0.0077073995552066716  | 0.03149649492550087   | 0.022779730728940739

[stage08] accuracy detail
accuracy_reference  | mse                    | rmse                   | relative_l2            | relative_linf          | exact_match | mismatch_count | semantic_check                                                                                    | status
cpu_typed_reference | 9.4177306276040361e-15 | 9.7044992800267839e-08 | 1.7255874147697642e-07 | 2.8263307960685324e-07 | NA          | NA             | finite_normalized_fp64_window_shape_beta_and_symmetry_match_cpu:shape=[100];finite=true;sym=false | PASS  

[stage08] resource detail
device | metric     | before_bytes | after_bytes | peak_bytes | delta_bytes
CPU    | cpu_heap   | 1425104      | 1428480     | 1428480    | 3376       
CPU    | rss        | 69799936     | 69799936    | 69799936   | 0          
GPU    | cpu_heap   | 1428480      | 1431216     | 1431216    | 2736       
GPU    | rss        | 69799936     | 69799936    | 69799936   | 0          
GPU    | gpu_memory | 341000192    | 341000192   | 341000192  | 0          

[stage08] input/output identity
device | input_digest                                                     | output_digest                                                   
CPU    | dc847291cb775b0e649a6974df3ce12ec601614366d5185cb5700ed9df1866d0 | 7f7e8c1c3de8b46f4035204803e4778b5cfb9b93879cf782a3262e1746140d29
GPU    | dc847291cb775b0e649a6974df3ce12ec601614366d5185cb5700ed9df1866d0 | c1878dc0a8b658f23eafeb770f05a2994bf4c97205780d9eb40d8474ddc05ab6

[stage08] dtype evidence
requested_dtype | config_input_dtype | output_dtype | actual_input_digest                                              | status
INT32           | INT32              | FP64         | dc847291cb775b0e649a6974df3ce12ec601614366d5185cb5700ed9df1866d0 | PASS  

[stage08] evidence files
kind        | path                                                                                                                                                                                                                                     
main_csv    | /tmp/ZKX_dev/results/stage08_table_rerun_kaiser_47ebe13410d3/formal/20260810T032006Z_47ebe13410d3_stage08_b01_formal_8813000d/operator_main_results_kaiser_not_applicable_20260810T032006Z_47ebe13410d3_stage08_b01_formal_8813000d.csv  
timing_csv  | /tmp/ZKX_dev/results/stage08_table_rerun_kaiser_47ebe13410d3/formal/20260810T032006Z_47ebe13410d3_stage08_b01_formal_8813000d/operator_timing_samples_kaiser_not_applicable_20260810T032006Z_47ebe13410d3_stage08_b01_formal_8813000d.csv
memory_csv  | /tmp/ZKX_dev/results/stage08_table_rerun_kaiser_47ebe13410d3/formal/20260810T032006Z_47ebe13410d3_stage08_b01_formal_8813000d/operator_windows_kaiser_memory_trace_not_applicable.csv                                                    
dtype_csv   | /tmp/ZKX_dev/results/stage08_table_rerun_kaiser_47ebe13410d3/formal/20260810T032006Z_47ebe13410d3_stage08_b01_formal_8813000d/operator_dtype_evidence_kaiser_not_applicable_20260810T032006Z_47ebe13410d3_stage08_b01_formal_8813000d.csv
module_csv  | /tmp/ZKX_dev/results/stage08_table_rerun_kaiser_47ebe13410d3/formal/20260810T032006Z_47ebe13410d3_stage08_b01_formal_8813000d/windows_batch01_module_summary_not_applicable_20260810T032006Z_47ebe13410d3_stage08_b01_formal_8813000d.csv
report_json | /tmp/ZKX_dev/results/stage08_table_rerun_kaiser_47ebe13410d3/formal/20260810T032006Z_47ebe13410d3_stage08_b01_formal_8813000d/operator_kaiser_report.json                                                                                
summary_txt | /tmp/ZKX_dev/results/stage08_table_rerun_kaiser_47ebe13410d3/formal/20260810T032006Z_47ebe13410d3_stage08_b01_formal_8813000d/operator_kaiser_summary.txt                                                                                
full_log    | /tmp/ZKX_dev/results/stage08_table_rerun_kaiser_47ebe13410d3/formal/20260810T032006Z_47ebe13410d3_stage08_b01_formal_8813000d/operator_kaiser_full.log                                                                                   
results_dir | /tmp/ZKX_dev/results/stage08_table_rerun_kaiser_47ebe13410d3/formal/20260810T032006Z_47ebe13410d3_stage08_b01_formal_8813000d                                                                                                            
