command=build_stage08_b06_istft_365e0a0ca281/stage08_spectral_analysis_istft --dtype FP32 --bins 33 --frames 304 --fs 1000 --nperseg 64 --noverlap 48 --nfft 64 --onesided true --boundary true --seed 86210003 --warmup 20 --measured 100 --output /tmp/ZKX_dev/results/stage08_input_preview_b06_istft_9b01dadd36f6/formal/20260810T085648Z_9b01dadd36f6_stage08_b06_formal_86720002/istft_probe_raw.json
{"run_id": "20260810T085648Z_9b01dadd36f6_stage08_b06_formal_86720002", "case_id": "istft__istft_fp32_10e4__010232e9f29fd021", "operator_name": "istft", "scale_id": "istft_fp32_10e4", "requested_dtype": "FP32", "output_dtype": "FP32", "backend": "fft_thrust", "frequency_count": 33, "time_count": 304, "nperseg": 64, "noverlap": 48, "nfft": 64, "input_onesided": true, "boundary": true, "output_length": 4848, "warmup_runs": 20, "measured_runs": 100, "mse": 5.29849e-14, "rmse": 2.30184e-07, "relative_l2": 8.42485e-08, "relative_linf": 2.10452e-07, "status": "PASS", "error_code": "OK"}
[stage08] identity and status
+--------+-----------------+--------+------------+-------+--------+----------+--------------------------+--------+------------+
| target | scale_id        | device | backend    | dtype | warmup | measured | timing_scope             | status | error_code |
+--------+-----------------+--------+------------+-------+--------+----------+--------------------------+--------+------------+
| istft  | istft_fp32_10e4 | CPU    | fft_thrust | FP32  | 20     | 100      | compatibility/end-to-end | PASS   | OK         |
| istft  | istft_fp32_10e4 | GPU    | fft_thrust | FP32  | 20     | 100      | compatibility/end-to-end | PASS   | OK         |
+--------+-----------------+--------+------------+-------+--------+----------+--------------------------+--------+------------+

[stage08] timing detail
+--------+--------------------+--------------------+-----------+------------+-----------+-----------+----------------------+-----------------------+-------------------+
| device | mean_ms            | p50_ms             | p95_ms    | p99_ms     | min_ms    | max_ms    | std_ms               | cv                    | speedup           |
+--------+--------------------+--------------------+-----------+------------+-----------+-----------+----------------------+-----------------------+-------------------+
| CPU    | 55.87001614        | 55.847947500000004 | 56.203482 | 56.379966  | 55.555291 | 56.438376 | 0.19203890917827138  | 0.0034372445623974254 | NA                |
| GPU    | 0.7614640300000001 | 0.7559089999999999 | 0.814894  | 0.84310671 | 0.736484  | 0.846345  | 0.019806210953362588 | 0.02601069804093384   | 73.37183890353953 |
+--------+--------------------+--------------------+-----------+------------+-----------+-----------+----------------------+-----------------------+-------------------+

[stage08] accuracy detail
+-----------------------------------+-------------+-------------+-------------+---------------+-------------+----------------+--------------------------------------------------------+--------+
| accuracy_reference                | mse         | rmse        | relative_l2 | relative_linf | exact_match | mismatch_count | semantic_check                                         | status |
+-----------------------------------+-------------+-------------+-------------+---------------+-------------+----------------+--------------------------------------------------------+--------+
| cpu_istft_direct_idft_overlap_add | 5.29849e-14 | 2.30184e-07 | 8.42485e-08 | 2.10452e-07   | NA          | NA             | frequency_major_inverse_overlap_add_output_length=4848 | PASS   |
+-----------------------------------+-------------+-------------+-------------+---------------+-------------+----------------+--------------------------------------------------------+--------+

[stage08] resource detail
+--------+------------+--------------+-------------+------------+-------------+
| device | metric     | before_bytes | after_bytes | peak_bytes | delta_bytes |
+--------+------------+--------------+-------------+------------+-------------+
| CPU    | cpu_heap   | 1640624      | 1803424     | 1873888    | 162800      |
| CPU    | rss        | 70639616     | 70639616    | 70639616   | 0           |
| GPU    | cpu_heap   | 1803456      | 1883264     | 1883264    | 79808       |
| GPU    | rss        | 70639616     | 70639616    | 70639616   | 0           |
| GPU    | gpu_memory | 357777408    | 357777408   | 357777408  | 0           |
+--------+------------+--------------+-------------+------------+-------------+

[stage08] input/output identity
+--------+------------------------------------------------------------------+------------------------------------------------------------------+
| device | input_digest                                                     | output_digest                                                    |
+--------+------------------------------------------------------------------+------------------------------------------------------------------+
| CPU    | 010232e9f29fd021f9567004a45cfda37e4b149a1195c94c5ca44feed0d97978 | 0546651aec0ae906a10145b412599115794cb1c7ddeae3807839bcb2c374ccbf |
| GPU    | 010232e9f29fd021f9567004a45cfda37e4b149a1195c94c5ca44feed0d97978 | 888940615d806b972c497465cd61ff9dbdd573dce13706d8264266aa7be95b8f |
+--------+------------------------------------------------------------------+------------------------------------------------------------------+

[stage08] input content
+------------+----------+-------------+----------+------------------------------------------------------------------------------------+-------------------------------------------------------------------------------------------------------------------------------------+
| input_name | shape    | dtype       | elements | generator                                                                          | values(head4/tail2)                                                                                                                 |
+------------+----------+-------------+----------+------------------------------------------------------------------------------------+-------------------------------------------------------------------------------------------------------------------------------------+
| z          | [33x304] | ComplexFP32 | 10032    | frequency_major_complex_modular(seed=86210003,component_dtype=FP32,integral=false) | i=0:(-1.25,-0.5);i=1:(0.28125,0.359375);i=2:(-0.9375,0.09375);i=3:(0.59375,-0.171875);i=10030:(1.46875,-0.46875);i=10031:(0.25,0.5) |
+------------+----------+-------------+----------+------------------------------------------------------------------------------------+-------------------------------------------------------------------------------------------------------------------------------------+

[stage08] case parameters
+----------------------------------------------------------------------------------------------------------------------------------------------------------+
| parameters                                                                                                                                               |
+----------------------------------------------------------------------------------------------------------------------------------------------------------+
| {"bins":"33","boundary":"true","dtype":"FP32","frames":"304","fs":"1000","nfft":"64","noverlap":"48","nperseg":"64","onesided":"true","seed":"86210003"} |
+----------------------------------------------------------------------------------------------------------------------------------------------------------+

[stage08] dtype evidence
+-----------------+--------------------+--------------+------------------------------------------------------------------+--------+
| requested_dtype | config_input_dtype | output_dtype | actual_input_digest                                              | status |
+-----------------+--------------------+--------------+------------------------------------------------------------------+--------+
| FP32            | NA                 | FP32         | 010232e9f29fd021f9567004a45cfda37e4b149a1195c94c5ca44feed0d97978 | PASS   |
+-----------------+--------------------+--------------+------------------------------------------------------------------+--------+

[stage08] evidence files
+----------------+-------------------------------------------------------------------------------------------------------------------------------------------------------------------------------------------------------------------------------------------+
| kind           | path                                                                                                                                                                                                                                      |
+----------------+-------------------------------------------------------------------------------------------------------------------------------------------------------------------------------------------------------------------------------------------+
| probe_raw_json | /tmp/ZKX_dev/results/stage08_input_preview_b06_istft_9b01dadd36f6/formal/20260810T085648Z_9b01dadd36f6_stage08_b06_formal_86720002/istft_probe_raw.json                                                                                   |
| dtype_csv      | /tmp/ZKX_dev/results/stage08_input_preview_b06_istft_9b01dadd36f6/formal/20260810T085648Z_9b01dadd36f6_stage08_b06_formal_86720002/operator_dtype_evidence_istft_fft_thrust_20260810T085648Z_9b01dadd36f6_stage08_b06_formal_86720002.csv |
| full_log       | /tmp/ZKX_dev/results/stage08_input_preview_b06_istft_9b01dadd36f6/formal/20260810T085648Z_9b01dadd36f6_stage08_b06_formal_86720002/operator_istft_full.log                                                                                |
| report_json    | /tmp/ZKX_dev/results/stage08_input_preview_b06_istft_9b01dadd36f6/formal/20260810T085648Z_9b01dadd36f6_stage08_b06_formal_86720002/operator_istft_report.json                                                                             |
| summary_txt    | /tmp/ZKX_dev/results/stage08_input_preview_b06_istft_9b01dadd36f6/formal/20260810T085648Z_9b01dadd36f6_stage08_b06_formal_86720002/operator_istft_summary.txt                                                                             |
| main_csv       | /tmp/ZKX_dev/results/stage08_input_preview_b06_istft_9b01dadd36f6/formal/20260810T085648Z_9b01dadd36f6_stage08_b06_formal_86720002/operator_main_results_istft_fft_thrust_20260810T085648Z_9b01dadd36f6_stage08_b06_formal_86720002.csv   |
| memory_csv     | /tmp/ZKX_dev/results/stage08_input_preview_b06_istft_9b01dadd36f6/formal/20260810T085648Z_9b01dadd36f6_stage08_b06_formal_86720002/operator_spectral_analysis_istft_memory_trace_fft_thrust.csv                                           |
| timing_csv     | /tmp/ZKX_dev/results/stage08_input_preview_b06_istft_9b01dadd36f6/formal/20260810T085648Z_9b01dadd36f6_stage08_b06_formal_86720002/operator_timing_samples_istft_fft_thrust_20260810T085648Z_9b01dadd36f6_stage08_b06_formal_86720002.csv |
+----------------+-------------------------------------------------------------------------------------------------------------------------------------------------------------------------------------------------------------------------------------------+
