[stage08-b02] operator=triang entry=cpu:triang_typed_cpu gpu:triang_device
[stage08-b02] config=test_all/configs/operators/windows/triang/operator_scales.json config_sha256=d7de5774be071f747c6bdb46d3373673771af1a8190a816ca4092657ec7a5dfd
[stage08-b02] run_type=formal scale=triang_int8_10e2 dtype=INT8 sym=true backend=not_applicable
[stage08-b02] dtype_semantics=request_variant_no_typed_data_input typed_input_count=0 actual_input_digest=7f7d081aa0af5dfac9cbd2114e6e1ae81fa1069a67d6310ffd6db02c7f813864
[stage08-b02] timing_scope=compatibility/end-to-end warmup=20 measured=100
[stage08-b02] cpu_mean_ms=0.0016340100000000024 gpu_mean_ms=0.24286245999999992 speedup=0.0067281291641367834
[stage08-b02] mse=1.6910361987476936e-16 rmse=1.3003984769091717e-08 relative_l2=2.2524688583505137e-08 relative_linf=2.8899221736194802e-08
[stage08-b02] resources=available cuda_event_ms=0.39495399594306946
[stage08-b02] status=PASS error_code=OK
[stage08] identity and status
target | scale_id         | device | backend        | dtype | warmup | measured | timing_scope             | status | error_code
triang | triang_int8_10e2 | CPU    | not_applicable | INT8  | 20     | 100      | compatibility/end-to-end | PASS   | OK        
triang | triang_int8_10e2 | GPU    | not_applicable | INT8  | 20     | 100      | compatibility/end-to-end | PASS   | OK        

[stage08] timing detail
device | mean_ms               | p50_ms                | p95_ms   | p99_ms                | min_ms                | max_ms              | std_ms                 | cv                   | speedup              
CPU    | 0.0016340100000000024 | 0.0016299999999999999 | 0.00165  | 0.0016715000000000009 | 0.0016199999999999999 | 0.00182             | 1.9998247423211877e-05 | 0.012238754611790532 | NA                   
GPU    | 0.24286245999999992   | 0.242532              | 0.247507 | 0.2496459             | 0.23281199999999999   | 0.25102200000000002 | 0.0027574313134509812  | 0.011353880354547105 | 0.0067281291641367834

[stage08] accuracy detail
accuracy_reference  | mse                    | rmse                   | relative_l2            | relative_linf          | exact_match | mismatch_count | semantic_check                                                                                     | status
cpu_typed_reference | 1.6910361987476936e-16 | 1.3003984769091717e-08 | 2.2524688583505137e-08 | 2.8899221736194802e-08 | NA          | NA             | finite_fp64_triangular_window_shape_parity_and_symmetry_match_cpu:shape=[100];finite=true;sym=true | PASS  

[stage08] resource detail
device | metric     | before_bytes | after_bytes | peak_bytes | delta_bytes
CPU    | cpu_heap   | 1419984      | 1423648     | 1423648    | 3664       
CPU    | rss        | 70131712     | 70131712    | 70131712   | 0          
GPU    | cpu_heap   | 1423648      | 1426960     | 1426960    | 3312       
GPU    | rss        | 70131712     | 70131712    | 70131712   | 0          
GPU    | gpu_memory | 341000192    | 341000192   | 341000192  | 0          

[stage08] input/output identity
device | input_digest                                                     | output_digest                                                   
CPU    | 7f7d081aa0af5dfac9cbd2114e6e1ae81fa1069a67d6310ffd6db02c7f813864 | dc2711aeebc5dcc6ee7cf1991b6fe924610f404c44949bece49b2c04e9eac773
GPU    | 7f7d081aa0af5dfac9cbd2114e6e1ae81fa1069a67d6310ffd6db02c7f813864 | f8449620e43a549c920e731f44283774381f992a125907dcfe4a48e828dcc3df

[stage08] dtype evidence
requested_dtype | config_input_dtype | output_dtype | actual_input_digest                                              | status
INT8            | INT8               | FP64         | 7f7d081aa0af5dfac9cbd2114e6e1ae81fa1069a67d6310ffd6db02c7f813864 | PASS  

[stage08] evidence files
kind        | path                                                                                                                                                                                                                                     
main_csv    | /tmp/ZKX_dev/results/stage08_table_rerun_triang_47ebe13410d3/formal/20260810T032049Z_47ebe13410d3_stage08_b02_formal_88220018/operator_main_results_triang_not_applicable_20260810T032049Z_47ebe13410d3_stage08_b02_formal_88220018.csv  
timing_csv  | /tmp/ZKX_dev/results/stage08_table_rerun_triang_47ebe13410d3/formal/20260810T032049Z_47ebe13410d3_stage08_b02_formal_88220018/operator_timing_samples_triang_not_applicable_20260810T032049Z_47ebe13410d3_stage08_b02_formal_88220018.csv
memory_csv  | /tmp/ZKX_dev/results/stage08_table_rerun_triang_47ebe13410d3/formal/20260810T032049Z_47ebe13410d3_stage08_b02_formal_88220018/operator_windows_triang_memory_trace_not_applicable.csv                                                    
dtype_csv   | /tmp/ZKX_dev/results/stage08_table_rerun_triang_47ebe13410d3/formal/20260810T032049Z_47ebe13410d3_stage08_b02_formal_88220018/operator_dtype_evidence_triang_not_applicable_20260810T032049Z_47ebe13410d3_stage08_b02_formal_88220018.csv
module_csv  | /tmp/ZKX_dev/results/stage08_table_rerun_triang_47ebe13410d3/formal/20260810T032049Z_47ebe13410d3_stage08_b02_formal_88220018/windows_batch02_module_summary_not_applicable_20260810T032049Z_47ebe13410d3_stage08_b02_formal_88220018.csv
report_json | /tmp/ZKX_dev/results/stage08_table_rerun_triang_47ebe13410d3/formal/20260810T032049Z_47ebe13410d3_stage08_b02_formal_88220018/operator_triang_report.json                                                                                
summary_txt | /tmp/ZKX_dev/results/stage08_table_rerun_triang_47ebe13410d3/formal/20260810T032049Z_47ebe13410d3_stage08_b02_formal_88220018/operator_triang_summary.txt                                                                                
full_log    | /tmp/ZKX_dev/results/stage08_table_rerun_triang_47ebe13410d3/formal/20260810T032049Z_47ebe13410d3_stage08_b02_formal_88220018/operator_triang_full.log                                                                                   
results_dir | /tmp/ZKX_dev/results/stage08_table_rerun_triang_47ebe13410d3/formal/20260810T032049Z_47ebe13410d3_stage08_b02_formal_88220018                                                                                                            
