[stage08-b01] operator=chebwin entry=cpu:chebwin_typed_cpu gpu:chebwin_device
[stage08-b01] config=test_all/configs/operators/windows/chebwin/operator_scales.json config_sha256=e5f2e743fda9d9dda0f3c0b01d6bbbf2d9490d2f40af1bc668f22d1da683811e
[stage08-b01] run_type=formal scale=chebwin_int32_10e4 dtype=INT32 sym=true backend=fft_thrust
[stage08-b01] dtype_semantics=actual_typed_scalar_input typed_input_count=1 actual_input_digest=b073d3d1217d94e53c799853257c0bd4354d30a02285fb8c5be8b2c0394265d4
[stage08-b01] timing_scope=compatibility/end-to-end warmup=20 measured=100
[stage08-b01] cpu_mean_ms=46.493140509999982 gpu_mean_ms=4.4605469199999987 speedup=10.423192793138469
[stage08-b01] mse=1.158962747058139e-11 rmse=3.4043541928802576e-06 relative_l2=6.2242134505764948e-06 relative_linf=6.0858400870494791e-05
[stage08-b01] resources=available cuda_event_ms=4.4861922264099121
[stage08-b01] status=PASS error_code=OK
[stage08] identity and status
target  | scale_id           | device | backend    | dtype | warmup | measured | timing_scope             | status | error_code
chebwin | chebwin_int32_10e4 | CPU    | fft_thrust | INT32 | 20     | 100      | compatibility/end-to-end | PASS   | OK        
chebwin | chebwin_int32_10e4 | GPU    | fft_thrust | INT32 | 20     | 100      | compatibility/end-to-end | PASS   | OK        

[stage08] timing detail
device | mean_ms            | p50_ms             | p95_ms             | p99_ms             | min_ms             | max_ms             | std_ms               | cv                    | speedup           
CPU    | 46.493140509999982 | 46.452948499999998 | 46.730716450000003 | 47.116730529999998 | 46.403784000000002 | 47.994418000000003 | 0.18109546025361867  | 0.0038951006162869927 | NA                
GPU    | 4.4605469199999987 | 4.414091           | 4.6669820499999997 | 4.6906665900000002 | 4.364382           | 4.6959720000000003 | 0.096529436859092876 | 0.021640717739405128  | 10.423192793138469

[stage08] accuracy detail
accuracy_reference  | mse                   | rmse                   | relative_l2            | relative_linf          | exact_match | mismatch_count | semantic_check                                                                            | status
cpu_typed_reference | 1.158962747058139e-11 | 3.4043541928802576e-06 | 6.2242134505764948e-06 | 6.0858400870494791e-05 | NA          | NA             | finite_fp64_window_shape_and_symmetry_policy_match_cpu:shape=[10000];finite=true;sym=true | PASS  

[stage08] resource detail
device | metric     | before_bytes | after_bytes | peak_bytes | delta_bytes
CPU    | cpu_heap   | 2402560      | 2405072     | 2483968    | 2512       
CPU    | rss        | 72765440     | 73273344    | 73273344   | 507904     
GPU    | cpu_heap   | 2405072      | 2408192     | 2487376    | 3120       
GPU    | rss        | 73273344     | 73273344    | 73273344   | 0          
GPU    | gpu_memory | 525762560    | 525762560   | 525762560  | 0          

[stage08] input/output identity
device | input_digest                                                     | output_digest                                                   
CPU    | b073d3d1217d94e53c799853257c0bd4354d30a02285fb8c5be8b2c0394265d4 | 3249376b0a7a9aa69ca6b54e80624e48b72aefbefb2aa08d5a87f9c346030a34
GPU    | b073d3d1217d94e53c799853257c0bd4354d30a02285fb8c5be8b2c0394265d4 | 2c3434660a30f82efeb1e8745b26cf699bfe0ef9ded47656d65701d8883f4b24

[stage08] input content
input_name       | shape   | dtype       | elements | generator                                           | values(head4/tail2)                                                                                  
window_positions | [10000] | INDEX_INT64 | 10000    | implicit_window_index_domain(no_materialized_array) | i=0:position=0;i=1:position=1;i=2:position=2;i=3:position=3;i=9998:position=9998;i=9999:position=9999
attenuation_db   | scalar  | INT32       | 1        | exact_config_scalar                                 | value=80                                                                                             

[stage08] case parameters
parameters                                                                                        
{"length":10000,"requested_dtype":"INT32","sym":true,"attenuation_db":80,"algorithm":"fft_thrust"}

[stage08] dtype evidence
requested_dtype | config_input_dtype | output_dtype | actual_input_digest                                              | status
INT32           | INT32              | FP64         | b073d3d1217d94e53c799853257c0bd4354d30a02285fb8c5be8b2c0394265d4 | PASS  

[stage08] evidence files
kind        | path                                                                                                                                                                                                                                         
main_csv    | /tmp/ZKX_dev/results/stage08_input_preview_b01_chebwin_8b745f9a6864/formal/20260810T082030Z_8b745f9a6864_stage08_b01_formal_a1010011/operator_main_results_chebwin_fft_thrust_20260810T082030Z_8b745f9a6864_stage08_b01_formal_a1010011.csv  
timing_csv  | /tmp/ZKX_dev/results/stage08_input_preview_b01_chebwin_8b745f9a6864/formal/20260810T082030Z_8b745f9a6864_stage08_b01_formal_a1010011/operator_timing_samples_chebwin_fft_thrust_20260810T082030Z_8b745f9a6864_stage08_b01_formal_a1010011.csv
memory_csv  | /tmp/ZKX_dev/results/stage08_input_preview_b01_chebwin_8b745f9a6864/formal/20260810T082030Z_8b745f9a6864_stage08_b01_formal_a1010011/operator_windows_chebwin_memory_trace_fft_thrust.csv                                                    
input_csv   | /tmp/ZKX_dev/results/stage08_input_preview_b01_chebwin_8b745f9a6864/formal/20260810T082030Z_8b745f9a6864_stage08_b01_formal_a1010011/operator_input_evidence_chebwin_fft_thrust_20260810T082030Z_8b745f9a6864_stage08_b01_formal_a1010011.csv
dtype_csv   | /tmp/ZKX_dev/results/stage08_input_preview_b01_chebwin_8b745f9a6864/formal/20260810T082030Z_8b745f9a6864_stage08_b01_formal_a1010011/operator_dtype_evidence_chebwin_fft_thrust_20260810T082030Z_8b745f9a6864_stage08_b01_formal_a1010011.csv
module_csv  | /tmp/ZKX_dev/results/stage08_input_preview_b01_chebwin_8b745f9a6864/formal/20260810T082030Z_8b745f9a6864_stage08_b01_formal_a1010011/windows_batch01_module_summary_fft_thrust_20260810T082030Z_8b745f9a6864_stage08_b01_formal_a1010011.csv 
report_json | /tmp/ZKX_dev/results/stage08_input_preview_b01_chebwin_8b745f9a6864/formal/20260810T082030Z_8b745f9a6864_stage08_b01_formal_a1010011/operator_chebwin_report.json                                                                            
summary_txt | /tmp/ZKX_dev/results/stage08_input_preview_b01_chebwin_8b745f9a6864/formal/20260810T082030Z_8b745f9a6864_stage08_b01_formal_a1010011/operator_chebwin_summary.txt                                                                            
full_log    | /tmp/ZKX_dev/results/stage08_input_preview_b01_chebwin_8b745f9a6864/formal/20260810T082030Z_8b745f9a6864_stage08_b01_formal_a1010011/operator_chebwin_full.log                                                                               
results_dir | /tmp/ZKX_dev/results/stage08_input_preview_b01_chebwin_8b745f9a6864/formal/20260810T082030Z_8b745f9a6864_stage08_b01_formal_a1010011                                                                                                         
