command=/tmp/ZKX_dev/build_stage07_b02_chirp_81cab02/stage07_waveforms_chirp --dtype FP32 --count 128 --p0 0.02 --p1 31 --p2 0.07 --p3 0 --warmup 1 --measured 1 --output /tmp/ZKX_dev/results/stage07_b02_smoke_81cab02/smoke/20260810T090853Z_81cab0286f95_stage07_b02_smoke_ccfbe272/chirp_probe_raw.json
STAGE07_WAVEFORM_PROBE PASS operator=chirp dtype=FP32
{"run_id": "20260810T090853Z_81cab0286f95_stage07_b02_smoke_ccfbe272", "case_id": "chirp__chirp_fp32_10e2__bd6ca618747dbd1d", "operator_name": "chirp", "task_name": "Task2", "step_name": "Step1", "scale_id": "chirp_fp32_10e2", "requested_dtype": "FP32", "config_input_dtype": "FP32", "input_content": [{"input_name": "time", "shape": "[128]", "dtype": "FP32", "element_count": "128", "generator": "uniform_time_0_to_31(31*i/(N-1))", "preview_head4_tail2": "i=0:0;i=1:0.244094491;i=2:0.488188982;i=3:0.732283473;i=126:30.7559052;i=127:31"}], "case_parameters": {"f0": 0.02, "t1": 31, "f1": 0.07, "phase_degrees": 0, "method": "linear"}, "output_dtype": "FP32", "backend": "not_applicable", "warmup_runs": 1, "measured_runs": 1, "mse": 6.01109e-16, "rmse": 2.45175e-08, "relative_l2": 3.47705e-08, "relative_linf": 5.96046e-08, "actual_input_digest": "bd6ca618747dbd1d5917fc5e5e2f9ca3bdcdd8661936688e3aa04a56fb4db921", "typed_array_digest": "aad0570dbadb76247a0ed63609083a90d570b7510812fd7727c55b30a3fbd68a", "status": "PASS", "error_code": "OK"}
[stage07] identity and status
+--------+-----------------+--------+----------------+-------+--------+----------+--------------------------+--------+------------+
| target | scale_id        | device | backend        | dtype | warmup | measured | timing_scope             | status | error_code |
+--------+-----------------+--------+----------------+-------+--------+----------+--------------------------+--------+------------+
| chirp  | chirp_fp32_10e2 | CPU    | not_applicable | FP32  | 1      | 1        | compatibility/end-to-end | PASS   | OK         |
| chirp  | chirp_fp32_10e2 | GPU    | not_applicable | FP32  | 1      | 1        | compatibility/end-to-end | PASS   | OK         |
+--------+-----------------+--------+----------------+-------+--------+----------+--------------------------+--------+------------+

[stage07] timing detail
+--------+----------+----------+----------+----------+----------+----------+--------+-----+---------------------+
| device | mean_ms  | p50_ms   | p95_ms   | p99_ms   | min_ms   | max_ms   | std_ms | cv  | speedup             |
+--------+----------+----------+----------+----------+----------+----------+--------+-----+---------------------+
| CPU    | 0.00693  | 0.00693  | 0.00693  | 0.00693  | 0.00693  | 0.00693  | 0.0    | 0.0 | NA                  |
| GPU    | 0.204184 | 0.204184 | 0.204184 | 0.204184 | 0.204184 | 0.204184 | 0.0    | 0.0 | 0.03393997570818478 |
+--------+----------+----------+----------+----------+----------+----------+--------+-----+---------------------+

[stage07] accuracy detail
+---------------------+-------------+-------------+-------------+---------------+-------------+----------------+-----------------------------------------------------------------+--------+
| reference           | mse         | rmse        | relative_l2 | relative_linf | exact_match | mismatch_count | semantic_check                                                  | status |
+---------------------+-------------+-------------+-------------+---------------+-------------+----------------+-----------------------------------------------------------------+--------+
| typed_cpu_reference | 6.01109e-16 | 2.45175e-08 | 3.47705e-08 | 5.96046e-08   | NA          | NA             | output_shape=[128];output_dtype=FP32;finite_numeric_output=true | PASS   |
+---------------------+-------------+-------------+-------------+---------------+-------------+----------------+-----------------------------------------------------------------+--------+

[stage07] resource detail
+--------+------------+--------------+-------------+------------+-------------+
| device | metric     | before_bytes | after_bytes | peak_bytes | delta_bytes |
+--------+------------+--------------+-------------+------------+-------------+
| CPU    | cpu_heap   | 1386960      | 1392816     | 1392816    | 5856        |
| CPU    | rss        | 69591040     | 69591040    | 69591040   | 0           |
| GPU    | cpu_heap   | 1392912      | 1396528     | 1396528    | 3616        |
| GPU    | rss        | 69591040     | 69591040    | 69591040   | 0           |
| GPU    | gpu_memory | 391544832    | 391544832   | 391544832  | 0           |
+--------+------------+--------------+-------------+------------+-------------+

[stage07] input content
+------------+-------+-------+----------+----------------------------------+---------------------------------------------------------------------------------+
| input_name | shape | dtype | elements | generator                        | values(head4/tail2)                                                             |
+------------+-------+-------+----------+----------------------------------+---------------------------------------------------------------------------------+
| time       | [128] | FP32  | 128      | uniform_time_0_to_31(31*i/(N-1)) | i=0:0;i=1:0.244094491;i=2:0.488188982;i=3:0.732283473;i=126:30.7559052;i=127:31 |
+------------+-------+-------+----------+----------------------------------+---------------------------------------------------------------------------------+

[stage07] case parameters
+-------------------------------------------------------------------+
| parameters                                                        |
+-------------------------------------------------------------------+
| {"f0":0.02,"f1":0.07,"method":"linear","phase_degrees":0,"t1":31} |
+-------------------------------------------------------------------+

[stage07] input and output identity
+--------+------------------------------------------------------------------+------------------------------------------------------------------+
| device | input_digest                                                     | output_digest                                                    |
+--------+------------------------------------------------------------------+------------------------------------------------------------------+
| CPU    | bd6ca618747dbd1d5917fc5e5e2f9ca3bdcdd8661936688e3aa04a56fb4db921 | 7f31d2552f8ba7c01ad9d1b99df3e676e6f697422da8110dcda91a4216e5b8b2 |
| GPU    | bd6ca618747dbd1d5917fc5e5e2f9ca3bdcdd8661936688e3aa04a56fb4db921 | bb159a8eec20806f5952a82627511ca74c05e4c09411e3703349c2447fda567d |
+--------+------------------------------------------------------------------+------------------------------------------------------------------+

[stage07] dtype evidence
+-----------------+--------------------+--------------+------------------------------------------------------------------+------------------------------------------------------------------+
| requested_dtype | config_input_dtype | output_dtype | typed_array_digest                                               | actual_input_digest                                              |
+-----------------+--------------------+--------------+------------------------------------------------------------------+------------------------------------------------------------------+
| FP32            | FP32               | FP32         | aad0570dbadb76247a0ed63609083a90d570b7510812fd7727c55b30a3fbd68a | bd6ca618747dbd1d5917fc5e5e2f9ca3bdcdd8661936688e3aa04a56fb4db921 |
+-----------------+--------------------+--------------+------------------------------------------------------------------+------------------------------------------------------------------+

[stage07] evidence files
+-------------+-------------------------------------------------------------------------------------------------------------------------------------------------------------------------------------------------------------------------+
| kind        | path                                                                                                                                                                                                                    |
+-------------+-------------------------------------------------------------------------------------------------------------------------------------------------------------------------------------------------------------------------+
| main_csv    | /tmp/ZKX_dev/results/stage07_b02_smoke_81cab02/smoke/20260810T090853Z_81cab0286f95_stage07_b02_smoke_ccfbe272/operator_main_results_chirp_not_applicable_20260810T090853Z_81cab0286f95_stage07_b02_smoke_ccfbe272.csv   |
| timing_csv  | /tmp/ZKX_dev/results/stage07_b02_smoke_81cab02/smoke/20260810T090853Z_81cab0286f95_stage07_b02_smoke_ccfbe272/operator_timing_samples_chirp_not_applicable_20260810T090853Z_81cab0286f95_stage07_b02_smoke_ccfbe272.csv |
| memory_csv  | /tmp/ZKX_dev/results/stage07_b02_smoke_81cab02/smoke/20260810T090853Z_81cab0286f95_stage07_b02_smoke_ccfbe272/operator_waveforms_chirp_memory_trace_not_applicable.csv                                                  |
| dtype_csv   | /tmp/ZKX_dev/results/stage07_b02_smoke_81cab02/smoke/20260810T090853Z_81cab0286f95_stage07_b02_smoke_ccfbe272/operator_dtype_evidence_chirp_not_applicable_20260810T090853Z_81cab0286f95_stage07_b02_smoke_ccfbe272.csv |
| report_json | /tmp/ZKX_dev/results/stage07_b02_smoke_81cab02/smoke/20260810T090853Z_81cab0286f95_stage07_b02_smoke_ccfbe272/operator_chirp_report.json                                                                                |
| summary_txt | /tmp/ZKX_dev/results/stage07_b02_smoke_81cab02/smoke/20260810T090853Z_81cab0286f95_stage07_b02_smoke_ccfbe272/operator_chirp_summary.txt                                                                                |
| full_log    | /tmp/ZKX_dev/results/stage07_b02_smoke_81cab02/smoke/20260810T090853Z_81cab0286f95_stage07_b02_smoke_ccfbe272/operator_chirp_full.log                                                                                   |
| result_dir  | /tmp/ZKX_dev/results/stage07_b02_smoke_81cab02/smoke/20260810T090853Z_81cab0286f95_stage07_b02_smoke_ccfbe272                                                                                                           |
+-------------+-------------------------------------------------------------------------------------------------------------------------------------------------------------------------------------------------------------------------+
