command=build_stage07_b05_fm_demod_2836c8d/stage07_fm_demod --dtype INT16 --count 128 --reference-count 31 --frame 64 --hop 32 --warmup 20 --measured 100 --output /tmp/ZKX_dev/results/stage07_b05_formal_2836c8d/formal/20260810T105059Z_2836c8dc200d_stage07_b05_formal_8fb1cf30/fm_demod_probe_raw.json
STAGE07_TASK_FEATURE_PROBE PASS operator=fm_demod dtype=INT16
{"run_id": "20260810T105059Z_2836c8dc200d_stage07_b05_formal_8fb1cf30", "case_id": "fm_demod__fm_demod_int16_10e2__08f384faa4d8941c", "operator_name": "fm_demod", "task_name": "Task2", "step_name": "Step4", "scale_id": "fm_demod_int16_10e2", "requested_dtype": "INT16", "input_content": [{"input_name": "analytic", "shape": "[128]", "dtype": "ComplexINT16", "element_count": "128", "generator": "deterministic_chirped_analytic_signal", "preview_head4_tail2": "i=0:(20,0);i=1:(20,0);i=2:(20,1);i=3:(20,1);i=126:(-20,-1);i=127:(-20,-1)"}], "case_parameters": {"count": 128, "output_count": 127}, "output_dtype": "FP32", "backend": "not_applicable", "warmup_runs": 20, "measured_runs": 100, "output_count": 127, "mse": 3.05289e-15, "rmse": 5.5253e-08, "relative_l2": 1.52576e-06, "relative_linf": 3.37752e-06, "actual_input_digest": "08f384faa4d8941c56875b641ab7b039dbb68c3bb3150e3104decccff98b04e1", "typed_array_digest": "81f6b3990e8ef574ee567ad8781444b393b535c41cfd25ec35cbe1d2e8e50d86", "status": "PASS", "error_code": "OK"}
[stage07] identity and status
+----------+---------------------+--------+----------------+-------+--------+----------+--------------------------+--------+------------+
| target   | scale_id            | device | backend        | dtype | warmup | measured | timing_scope             | status | error_code |
+----------+---------------------+--------+----------------+-------+--------+----------+--------------------------+--------+------------+
| fm_demod | fm_demod_int16_10e2 | CPU    | not_applicable | INT16 | 20     | 100      | compatibility/end-to-end | PASS   | OK         |
| fm_demod | fm_demod_int16_10e2 | GPU    | not_applicable | INT16 | 20     | 100      | compatibility/end-to-end | PASS   | OK         |
+----------+---------------------+--------+----------------+-------+--------+----------+--------------------------+--------+------------+

[stage07] timing detail
+--------+----------------------+----------+---------------------+---------------------+----------+----------+------------------------+----------------------+---------------------+
| device | mean_ms              | p50_ms   | p95_ms              | p99_ms              | min_ms   | max_ms   | std_ms                 | cv                   | speedup             |
+--------+----------------------+----------+---------------------+---------------------+----------+----------+------------------------+----------------------+---------------------+
| CPU    | 0.013938250000000001 | 0.013931 | 0.013961            | 0.0140117           | 0.0139   | 0.014081 | 2.1922305991843122e-05 | 0.001572816242486906 | NA                  |
| GPU    | 0.19470607999999998  | 0.194194 | 0.19862400000000002 | 0.20679221000000006 | 0.187729 | 0.21503  | 0.00328733568921703    | 0.016883580056755446 | 0.07158610558026746 |
+--------+----------------------+----------+---------------------+---------------------+----------+----------+------------------------+----------------------+---------------------+

[stage07] accuracy detail
+---------------------------------+-------------+------------+-------------+---------------+-------------+----------------+----------------------------------------------------------+--------+
| reference                       | mse         | rmse       | relative_l2 | relative_linf | exact_match | mismatch_count | semantic_check                                           | status |
+---------------------------------+-------------+------------+-------------+---------------+-------------+----------------+----------------------------------------------------------+--------+
| typed_cpu_task2_step4_reference | 3.05289e-15 | 5.5253e-08 | 1.52576e-06 | 3.37752e-06   | NA          | NA             | output_count=127;output_dtype=FP32;task_gpu_call=present | PASS   |
+---------------------------------+-------------+------------+-------------+---------------+-------------+----------------+----------------------------------------------------------+--------+

[stage07] resource detail
+--------+------------+--------------+-------------+------------+-------------+
| device | metric     | before_bytes | after_bytes | peak_bytes | delta_bytes |
+--------+------------+--------------+-------------+------------+-------------+
| CPU    | cpu_heap   | 1396064      | 1399904     | 1399904    | 3840        |
| CPU    | rss        | 70234112     | 70234112    | 70234112   | 0           |
| GPU    | cpu_heap   | 1399936      | 1402976     | 1402976    | 3040        |
| GPU    | rss        | 70234112     | 70610944    | 70610944   | 376832      |
| GPU    | gpu_memory | 341000192    | 341000192   | 341000192  | 0           |
+--------+------------+--------------+-------------+------------+-------------+

[stage07] input content
+------------+-------+--------------+----------+---------------------------------------+---------------------------------------------------------------------------+
| input_name | shape | dtype        | elements | generator                             | values(head4/tail2)                                                       |
+------------+-------+--------------+----------+---------------------------------------+---------------------------------------------------------------------------+
| analytic   | [128] | ComplexINT16 | 128      | deterministic_chirped_analytic_signal | i=0:(20,0);i=1:(20,0);i=2:(20,1);i=3:(20,1);i=126:(-20,-1);i=127:(-20,-1) |
+------------+-------+--------------+----------+---------------------------------------+---------------------------------------------------------------------------+

[stage07] case parameters
+----------------------------------+
| parameters                       |
+----------------------------------+
| {"count":128,"output_count":127} |
+----------------------------------+

[stage07] input and output identity
+--------+------------------------------------------------------------------+------------------------------------------------------------------+
| device | input_digest                                                     | output_digest                                                    |
+--------+------------------------------------------------------------------+------------------------------------------------------------------+
| CPU    | 08f384faa4d8941c56875b641ab7b039dbb68c3bb3150e3104decccff98b04e1 | cddd0aafc4e442348f193c814022f768958e8133d0916963a1897668db440b59 |
| GPU    | 08f384faa4d8941c56875b641ab7b039dbb68c3bb3150e3104decccff98b04e1 | fffa5bb262074a3edf2bfb880b173febb53d7a70d1abfd76120db525cd314235 |
+--------+------------------------------------------------------------------+------------------------------------------------------------------+

[stage07] dtype evidence
+-----------------+--------------------+--------------+------------------------------------------------------------------+------------------------------------------------------------------+----------------------+
| requested_dtype | config_input_dtype | output_dtype | typed_array_digest                                               | actual_input_digest                                              | task_gpu_call_status |
+-----------------+--------------------+--------------+------------------------------------------------------------------+------------------------------------------------------------------+----------------------+
| INT16           | ComplexINT16       | FP32         | 81f6b3990e8ef574ee567ad8781444b393b535c41cfd25ec35cbe1d2e8e50d86 | 08f384faa4d8941c56875b641ab7b039dbb68c3bb3150e3104decccff98b04e1 | proved_gpu_cpu       |
+-----------------+--------------------+--------------+------------------------------------------------------------------+------------------------------------------------------------------+----------------------+

[stage07] evidence files
+-------------+--------------------------------------------------------------------------------------------------------------------------------------------------------------------------------------------------------------------------------+
| kind        | path                                                                                                                                                                                                                           |
+-------------+--------------------------------------------------------------------------------------------------------------------------------------------------------------------------------------------------------------------------------+
| main_csv    | /tmp/ZKX_dev/results/stage07_b05_formal_2836c8d/formal/20260810T105059Z_2836c8dc200d_stage07_b05_formal_8fb1cf30/operator_main_results_fm_demod_not_applicable_20260810T105059Z_2836c8dc200d_stage07_b05_formal_8fb1cf30.csv   |
| timing_csv  | /tmp/ZKX_dev/results/stage07_b05_formal_2836c8d/formal/20260810T105059Z_2836c8dc200d_stage07_b05_formal_8fb1cf30/operator_timing_samples_fm_demod_not_applicable_20260810T105059Z_2836c8dc200d_stage07_b05_formal_8fb1cf30.csv |
| memory_csv  | /tmp/ZKX_dev/results/stage07_b05_formal_2836c8d/formal/20260810T105059Z_2836c8dc200d_stage07_b05_formal_8fb1cf30/operator_demod_fm_demod_memory_trace_not_applicable.csv                                                       |
| dtype_csv   | /tmp/ZKX_dev/results/stage07_b05_formal_2836c8d/formal/20260810T105059Z_2836c8dc200d_stage07_b05_formal_8fb1cf30/operator_dtype_evidence_fm_demod_not_applicable_20260810T105059Z_2836c8dc200d_stage07_b05_formal_8fb1cf30.csv |
| report_json | /tmp/ZKX_dev/results/stage07_b05_formal_2836c8d/formal/20260810T105059Z_2836c8dc200d_stage07_b05_formal_8fb1cf30/operator_fm_demod_report.json                                                                                 |
| summary_txt | /tmp/ZKX_dev/results/stage07_b05_formal_2836c8d/formal/20260810T105059Z_2836c8dc200d_stage07_b05_formal_8fb1cf30/operator_fm_demod_summary.txt                                                                                 |
| full_log    | /tmp/ZKX_dev/results/stage07_b05_formal_2836c8d/formal/20260810T105059Z_2836c8dc200d_stage07_b05_formal_8fb1cf30/operator_fm_demod_full.log                                                                                    |
| result_dir  | /tmp/ZKX_dev/results/stage07_b05_formal_2836c8d/formal/20260810T105059Z_2836c8dc200d_stage07_b05_formal_8fb1cf30                                                                                                               |
+-------------+--------------------------------------------------------------------------------------------------------------------------------------------------------------------------------------------------------------------------------+
