sample_index=0 cpu_pipeline_ms=35.8169 gpu_pipeline_ms=6.75476 cpu_resource_sampling_overhead_ms=0.121691 gpu_resource_sampling_overhead_ms=0.033421 semantic_gates=16/16 timing_direct=true resource_overhead_excluded=true step_sum_used=false status=PASS
sample_index=1 cpu_pipeline_ms=36.1227 gpu_pipeline_ms=6.71629 cpu_resource_sampling_overhead_ms=0.127544 gpu_resource_sampling_overhead_ms=0.03307 semantic_gates=16/16 timing_direct=true resource_overhead_excluded=true step_sum_used=false status=PASS
sample_index=2 cpu_pipeline_ms=35.7919 gpu_pipeline_ms=6.98139 cpu_resource_sampling_overhead_ms=0.149561 gpu_resource_sampling_overhead_ms=0.03249 semantic_gates=16/16 timing_direct=true resource_overhead_excluded=true step_sum_used=false status=PASS
sample_index=3 cpu_pipeline_ms=36.0089 gpu_pipeline_ms=6.52644 cpu_resource_sampling_overhead_ms=0.12408 gpu_resource_sampling_overhead_ms=0.033131 semantic_gates=16/16 timing_direct=true resource_overhead_excluded=true step_sum_used=false status=PASS
sample_index=4 cpu_pipeline_ms=35.8649 gpu_pipeline_ms=6.7457 cpu_resource_sampling_overhead_ms=0.123451 gpu_resource_sampling_overhead_ms=0.033091 semantic_gates=16/16 timing_direct=true resource_overhead_excluded=true step_sum_used=false status=PASS
sample_index=5 cpu_pipeline_ms=35.9378 gpu_pipeline_ms=6.59305 cpu_resource_sampling_overhead_ms=0.13206 gpu_resource_sampling_overhead_ms=0.032601 semantic_gates=16/16 timing_direct=true resource_overhead_excluded=true step_sum_used=false status=PASS
sample_index=6 cpu_pipeline_ms=35.7772 gpu_pipeline_ms=6.82934 cpu_resource_sampling_overhead_ms=0.124851 gpu_resource_sampling_overhead_ms=0.03309 semantic_gates=16/16 timing_direct=true resource_overhead_excluded=true step_sum_used=false status=PASS
sample_index=7 cpu_pipeline_ms=35.9127 gpu_pipeline_ms=6.67073 cpu_resource_sampling_overhead_ms=0.122191 gpu_resource_sampling_overhead_ms=0.03293 semantic_gates=16/16 timing_direct=true resource_overhead_excluded=true step_sum_used=false status=PASS
sample_index=8 cpu_pipeline_ms=35.7528 gpu_pipeline_ms=6.85164 cpu_resource_sampling_overhead_ms=0.13094 gpu_resource_sampling_overhead_ms=0.03262 semantic_gates=16/16 timing_direct=true resource_overhead_excluded=true step_sum_used=false status=PASS
sample_index=9 cpu_pipeline_ms=38.2285 gpu_pipeline_ms=6.62379 cpu_resource_sampling_overhead_ms=0.132 gpu_resource_sampling_overhead_ms=0.03281 semantic_gates=16/16 timing_direct=true resource_overhead_excluded=true step_sum_used=false status=PASS
sample_index=10 cpu_pipeline_ms=35.8906 gpu_pipeline_ms=6.6568 cpu_resource_sampling_overhead_ms=0.13448 gpu_resource_sampling_overhead_ms=0.03284 semantic_gates=16/16 timing_direct=true resource_overhead_excluded=true step_sum_used=false status=PASS
sample_index=11 cpu_pipeline_ms=40.1975 gpu_pipeline_ms=6.60038 cpu_resource_sampling_overhead_ms=0.12213 gpu_resource_sampling_overhead_ms=0.03259 semantic_gates=16/16 timing_direct=true resource_overhead_excluded=true step_sum_used=false status=PASS
sample_index=12 cpu_pipeline_ms=35.9726 gpu_pipeline_ms=6.63375 cpu_resource_sampling_overhead_ms=0.12729 gpu_resource_sampling_overhead_ms=0.03338 semantic_gates=16/16 timing_direct=true resource_overhead_excluded=true step_sum_used=false status=PASS
sample_index=13 cpu_pipeline_ms=36.3776 gpu_pipeline_ms=6.66512 cpu_resource_sampling_overhead_ms=0.121472 gpu_resource_sampling_overhead_ms=0.03238 semantic_gates=16/16 timing_direct=true resource_overhead_excluded=true step_sum_used=false status=PASS
sample_index=14 cpu_pipeline_ms=35.7893 gpu_pipeline_ms=6.68002 cpu_resource_sampling_overhead_ms=0.129392 gpu_resource_sampling_overhead_ms=0.03289 semantic_gates=16/16 timing_direct=true resource_overhead_excluded=true step_sum_used=false status=PASS
sample_index=15 cpu_pipeline_ms=36.0058 gpu_pipeline_ms=6.69547 cpu_resource_sampling_overhead_ms=0.13375 gpu_resource_sampling_overhead_ms=0.032641 semantic_gates=16/16 timing_direct=true resource_overhead_excluded=true step_sum_used=false status=PASS
sample_index=16 cpu_pipeline_ms=35.8235 gpu_pipeline_ms=6.60514 cpu_resource_sampling_overhead_ms=0.12753 gpu_resource_sampling_overhead_ms=0.032661 semantic_gates=16/16 timing_direct=true resource_overhead_excluded=true step_sum_used=false status=PASS
sample_index=17 cpu_pipeline_ms=36.1576 gpu_pipeline_ms=6.53307 cpu_resource_sampling_overhead_ms=0.13331 gpu_resource_sampling_overhead_ms=0.03296 semantic_gates=16/16 timing_direct=true resource_overhead_excluded=true step_sum_used=false status=PASS
sample_index=18 cpu_pipeline_ms=35.7279 gpu_pipeline_ms=6.7756 cpu_resource_sampling_overhead_ms=0.12229 gpu_resource_sampling_overhead_ms=0.033031 semantic_gates=16/16 timing_direct=true resource_overhead_excluded=true step_sum_used=false status=PASS
sample_index=19 cpu_pipeline_ms=36.1327 gpu_pipeline_ms=6.64862 cpu_resource_sampling_overhead_ms=0.160703 gpu_resource_sampling_overhead_ms=0.03283 semantic_gates=16/16 timing_direct=true resource_overhead_excluded=true step_sum_used=false status=PASS
sample_index=20 cpu_pipeline_ms=35.5259 gpu_pipeline_ms=6.58215 cpu_resource_sampling_overhead_ms=0.140623 gpu_resource_sampling_overhead_ms=0.032991 semantic_gates=16/16 timing_direct=true resource_overhead_excluded=true step_sum_used=false status=PASS
sample_index=21 cpu_pipeline_ms=36.0023 gpu_pipeline_ms=6.51931 cpu_resource_sampling_overhead_ms=0.15519 gpu_resource_sampling_overhead_ms=0.03306 semantic_gates=16/16 timing_direct=true resource_overhead_excluded=true step_sum_used=false status=PASS
sample_index=22 cpu_pipeline_ms=38.0634 gpu_pipeline_ms=6.74521 cpu_resource_sampling_overhead_ms=0.12877 gpu_resource_sampling_overhead_ms=0.03244 semantic_gates=16/16 timing_direct=true resource_overhead_excluded=true step_sum_used=false status=PASS
sample_index=23 cpu_pipeline_ms=36.0311 gpu_pipeline_ms=6.6885 cpu_resource_sampling_overhead_ms=0.12361 gpu_resource_sampling_overhead_ms=0.0327 semantic_gates=16/16 timing_direct=true resource_overhead_excluded=true step_sum_used=false status=PASS
sample_index=24 cpu_pipeline_ms=35.5419 gpu_pipeline_ms=6.68679 cpu_resource_sampling_overhead_ms=0.12582 gpu_resource_sampling_overhead_ms=0.032971 semantic_gates=16/16 timing_direct=true resource_overhead_excluded=true step_sum_used=false status=PASS
sample_index=25 cpu_pipeline_ms=35.9959 gpu_pipeline_ms=6.64138 cpu_resource_sampling_overhead_ms=0.131981 gpu_resource_sampling_overhead_ms=0.03292 semantic_gates=16/16 timing_direct=true resource_overhead_excluded=true step_sum_used=false status=PASS
sample_index=26 cpu_pipeline_ms=35.9344 gpu_pipeline_ms=6.5707 cpu_resource_sampling_overhead_ms=0.12515 gpu_resource_sampling_overhead_ms=0.0325 semantic_gates=16/16 timing_direct=true resource_overhead_excluded=true step_sum_used=false status=PASS
sample_index=27 cpu_pipeline_ms=36.011 gpu_pipeline_ms=6.7841 cpu_resource_sampling_overhead_ms=0.11962 gpu_resource_sampling_overhead_ms=0.03325 semantic_gates=16/16 timing_direct=true resource_overhead_excluded=true step_sum_used=false status=PASS
sample_index=28 cpu_pipeline_ms=35.6198 gpu_pipeline_ms=6.71128 cpu_resource_sampling_overhead_ms=0.129031 gpu_resource_sampling_overhead_ms=0.032491 semantic_gates=16/16 timing_direct=true resource_overhead_excluded=true step_sum_used=false status=PASS
sample_index=29 cpu_pipeline_ms=35.8712 gpu_pipeline_ms=6.64793 cpu_resource_sampling_overhead_ms=0.119375 gpu_resource_sampling_overhead_ms=0.03218 semantic_gates=16/16 timing_direct=true resource_overhead_excluded=true step_sum_used=false status=PASS
sample_index=30 cpu_pipeline_ms=36.0869 gpu_pipeline_ms=6.85107 cpu_resource_sampling_overhead_ms=0.178284 gpu_resource_sampling_overhead_ms=0.03322 semantic_gates=16/16 timing_direct=true resource_overhead_excluded=true step_sum_used=false status=PASS
sample_index=31 cpu_pipeline_ms=35.718 gpu_pipeline_ms=6.59504 cpu_resource_sampling_overhead_ms=0.144101 gpu_resource_sampling_overhead_ms=0.03264 semantic_gates=16/16 timing_direct=true resource_overhead_excluded=true step_sum_used=false status=PASS
sample_index=32 cpu_pipeline_ms=35.5603 gpu_pipeline_ms=6.63263 cpu_resource_sampling_overhead_ms=0.127582 gpu_resource_sampling_overhead_ms=0.03312 semantic_gates=16/16 timing_direct=true resource_overhead_excluded=true step_sum_used=false status=PASS
sample_index=33 cpu_pipeline_ms=35.7351 gpu_pipeline_ms=6.58363 cpu_resource_sampling_overhead_ms=0.12312 gpu_resource_sampling_overhead_ms=0.032361 semantic_gates=16/16 timing_direct=true resource_overhead_excluded=true step_sum_used=false status=PASS
sample_index=34 cpu_pipeline_ms=36.0081 gpu_pipeline_ms=6.6501 cpu_resource_sampling_overhead_ms=0.117202 gpu_resource_sampling_overhead_ms=0.0323 semantic_gates=16/16 timing_direct=true resource_overhead_excluded=true step_sum_used=false status=PASS
sample_index=35 cpu_pipeline_ms=35.8363 gpu_pipeline_ms=6.64534 cpu_resource_sampling_overhead_ms=0.11912 gpu_resource_sampling_overhead_ms=0.03255 semantic_gates=16/16 timing_direct=true resource_overhead_excluded=true step_sum_used=false status=PASS
sample_index=36 cpu_pipeline_ms=35.7884 gpu_pipeline_ms=6.58056 cpu_resource_sampling_overhead_ms=0.129953 gpu_resource_sampling_overhead_ms=0.033171 semantic_gates=16/16 timing_direct=true resource_overhead_excluded=true step_sum_used=false status=PASS
sample_index=37 cpu_pipeline_ms=37.6264 gpu_pipeline_ms=6.58974 cpu_resource_sampling_overhead_ms=0.139781 gpu_resource_sampling_overhead_ms=0.0333 semantic_gates=16/16 timing_direct=true resource_overhead_excluded=true step_sum_used=false status=PASS
sample_index=38 cpu_pipeline_ms=35.9755 gpu_pipeline_ms=6.63388 cpu_resource_sampling_overhead_ms=0.12545 gpu_resource_sampling_overhead_ms=0.032951 semantic_gates=16/16 timing_direct=true resource_overhead_excluded=true step_sum_used=false status=PASS
sample_index=39 cpu_pipeline_ms=35.5701 gpu_pipeline_ms=6.76618 cpu_resource_sampling_overhead_ms=0.12523 gpu_resource_sampling_overhead_ms=0.03275 semantic_gates=16/16 timing_direct=true resource_overhead_excluded=true step_sum_used=false status=PASS
sample_index=40 cpu_pipeline_ms=35.8078 gpu_pipeline_ms=6.6905 cpu_resource_sampling_overhead_ms=0.129692 gpu_resource_sampling_overhead_ms=0.03309 semantic_gates=16/16 timing_direct=true resource_overhead_excluded=true step_sum_used=false status=PASS
sample_index=41 cpu_pipeline_ms=36.2819 gpu_pipeline_ms=6.72022 cpu_resource_sampling_overhead_ms=0.14448 gpu_resource_sampling_overhead_ms=0.03281 semantic_gates=16/16 timing_direct=true resource_overhead_excluded=true step_sum_used=false status=PASS
sample_index=42 cpu_pipeline_ms=35.7503 gpu_pipeline_ms=6.60601 cpu_resource_sampling_overhead_ms=0.128351 gpu_resource_sampling_overhead_ms=0.03242 semantic_gates=16/16 timing_direct=true resource_overhead_excluded=true step_sum_used=false status=PASS
sample_index=43 cpu_pipeline_ms=35.6713 gpu_pipeline_ms=6.65281 cpu_resource_sampling_overhead_ms=0.131473 gpu_resource_sampling_overhead_ms=0.03385 semantic_gates=16/16 timing_direct=true resource_overhead_excluded=true step_sum_used=false status=PASS
sample_index=44 cpu_pipeline_ms=35.8268 gpu_pipeline_ms=6.56333 cpu_resource_sampling_overhead_ms=0.124781 gpu_resource_sampling_overhead_ms=0.032781 semantic_gates=16/16 timing_direct=true resource_overhead_excluded=true step_sum_used=false status=PASS
sample_index=45 cpu_pipeline_ms=36.2669 gpu_pipeline_ms=6.53266 cpu_resource_sampling_overhead_ms=0.125921 gpu_resource_sampling_overhead_ms=0.0331 semantic_gates=16/16 timing_direct=true resource_overhead_excluded=true step_sum_used=false status=PASS
sample_index=46 cpu_pipeline_ms=35.8328 gpu_pipeline_ms=7.02275 cpu_resource_sampling_overhead_ms=0.12207 gpu_resource_sampling_overhead_ms=0.03296 semantic_gates=16/16 timing_direct=true resource_overhead_excluded=true step_sum_used=false status=PASS
sample_index=47 cpu_pipeline_ms=35.5817 gpu_pipeline_ms=6.58374 cpu_resource_sampling_overhead_ms=0.13294 gpu_resource_sampling_overhead_ms=0.03302 semantic_gates=16/16 timing_direct=true resource_overhead_excluded=true step_sum_used=false status=PASS
sample_index=48 cpu_pipeline_ms=35.9648 gpu_pipeline_ms=6.64155 cpu_resource_sampling_overhead_ms=0.12733 gpu_resource_sampling_overhead_ms=0.03299 semantic_gates=16/16 timing_direct=true resource_overhead_excluded=true step_sum_used=false status=PASS
sample_index=49 cpu_pipeline_ms=47.4741 gpu_pipeline_ms=6.88803 cpu_resource_sampling_overhead_ms=0.12657 gpu_resource_sampling_overhead_ms=0.03365 semantic_gates=16/16 timing_direct=true resource_overhead_excluded=true step_sum_used=false status=PASS
sample_index=50 cpu_pipeline_ms=36.1685 gpu_pipeline_ms=6.58518 cpu_resource_sampling_overhead_ms=0.140351 gpu_resource_sampling_overhead_ms=0.03288 semantic_gates=16/16 timing_direct=true resource_overhead_excluded=true step_sum_used=false status=PASS
sample_index=51 cpu_pipeline_ms=35.9862 gpu_pipeline_ms=6.53805 cpu_resource_sampling_overhead_ms=0.12931 gpu_resource_sampling_overhead_ms=0.03301 semantic_gates=16/16 timing_direct=true resource_overhead_excluded=true step_sum_used=false status=PASS
sample_index=52 cpu_pipeline_ms=36.2708 gpu_pipeline_ms=6.49829 cpu_resource_sampling_overhead_ms=0.130011 gpu_resource_sampling_overhead_ms=0.03276 semantic_gates=16/16 timing_direct=true resource_overhead_excluded=true step_sum_used=false status=PASS
sample_index=53 cpu_pipeline_ms=36.5683 gpu_pipeline_ms=6.60588 cpu_resource_sampling_overhead_ms=0.134173 gpu_resource_sampling_overhead_ms=0.03202 semantic_gates=16/16 timing_direct=true resource_overhead_excluded=true step_sum_used=false status=PASS
sample_index=54 cpu_pipeline_ms=36.2787 gpu_pipeline_ms=6.40398 cpu_resource_sampling_overhead_ms=0.132761 gpu_resource_sampling_overhead_ms=0.03177 semantic_gates=16/16 timing_direct=true resource_overhead_excluded=true step_sum_used=false status=PASS
sample_index=55 cpu_pipeline_ms=36.0333 gpu_pipeline_ms=6.34206 cpu_resource_sampling_overhead_ms=0.1225 gpu_resource_sampling_overhead_ms=0.03195 semantic_gates=16/16 timing_direct=true resource_overhead_excluded=true step_sum_used=false status=PASS
sample_index=56 cpu_pipeline_ms=36.1736 gpu_pipeline_ms=6.4585 cpu_resource_sampling_overhead_ms=0.14654 gpu_resource_sampling_overhead_ms=0.0316 semantic_gates=16/16 timing_direct=true resource_overhead_excluded=true step_sum_used=false status=PASS
sample_index=57 cpu_pipeline_ms=36.4153 gpu_pipeline_ms=6.65803 cpu_resource_sampling_overhead_ms=0.126091 gpu_resource_sampling_overhead_ms=0.03228 semantic_gates=16/16 timing_direct=true resource_overhead_excluded=true step_sum_used=false status=PASS
sample_index=58 cpu_pipeline_ms=42.9509 gpu_pipeline_ms=6.89555 cpu_resource_sampling_overhead_ms=0.121681 gpu_resource_sampling_overhead_ms=0.031981 semantic_gates=16/16 timing_direct=true resource_overhead_excluded=true step_sum_used=false status=PASS
sample_index=59 cpu_pipeline_ms=36.1974 gpu_pipeline_ms=6.82457 cpu_resource_sampling_overhead_ms=0.12365 gpu_resource_sampling_overhead_ms=0.032 semantic_gates=16/16 timing_direct=true resource_overhead_excluded=true step_sum_used=false status=PASS
sample_index=60 cpu_pipeline_ms=36.0173 gpu_pipeline_ms=6.93628 cpu_resource_sampling_overhead_ms=0.135321 gpu_resource_sampling_overhead_ms=0.03238 semantic_gates=16/16 timing_direct=true resource_overhead_excluded=true step_sum_used=false status=PASS
sample_index=61 cpu_pipeline_ms=36.2146 gpu_pipeline_ms=6.93125 cpu_resource_sampling_overhead_ms=0.138891 gpu_resource_sampling_overhead_ms=0.03214 semantic_gates=16/16 timing_direct=true resource_overhead_excluded=true step_sum_used=false status=PASS
sample_index=62 cpu_pipeline_ms=38.2874 gpu_pipeline_ms=7.06981 cpu_resource_sampling_overhead_ms=0.12846 gpu_resource_sampling_overhead_ms=0.032 semantic_gates=16/16 timing_direct=true resource_overhead_excluded=true step_sum_used=false status=PASS
sample_index=63 cpu_pipeline_ms=36.0041 gpu_pipeline_ms=6.94188 cpu_resource_sampling_overhead_ms=0.135892 gpu_resource_sampling_overhead_ms=0.03276 semantic_gates=16/16 timing_direct=true resource_overhead_excluded=true step_sum_used=false status=PASS
sample_index=64 cpu_pipeline_ms=35.8521 gpu_pipeline_ms=6.93327 cpu_resource_sampling_overhead_ms=0.124884 gpu_resource_sampling_overhead_ms=0.032211 semantic_gates=16/16 timing_direct=true resource_overhead_excluded=true step_sum_used=false status=PASS
sample_index=65 cpu_pipeline_ms=36.0495 gpu_pipeline_ms=6.94478 cpu_resource_sampling_overhead_ms=0.12735 gpu_resource_sampling_overhead_ms=0.03197 semantic_gates=16/16 timing_direct=true resource_overhead_excluded=true step_sum_used=false status=PASS
sample_index=66 cpu_pipeline_ms=36.3754 gpu_pipeline_ms=7.01987 cpu_resource_sampling_overhead_ms=0.1217 gpu_resource_sampling_overhead_ms=0.03237 semantic_gates=16/16 timing_direct=true resource_overhead_excluded=true step_sum_used=false status=PASS
sample_index=67 cpu_pipeline_ms=35.8115 gpu_pipeline_ms=6.99157 cpu_resource_sampling_overhead_ms=0.12224 gpu_resource_sampling_overhead_ms=0.032541 semantic_gates=16/16 timing_direct=true resource_overhead_excluded=true step_sum_used=false status=PASS
sample_index=68 cpu_pipeline_ms=35.7882 gpu_pipeline_ms=6.83947 cpu_resource_sampling_overhead_ms=0.1332 gpu_resource_sampling_overhead_ms=0.0319 semantic_gates=16/16 timing_direct=true resource_overhead_excluded=true step_sum_used=false status=PASS
sample_index=69 cpu_pipeline_ms=36.3845 gpu_pipeline_ms=6.67927 cpu_resource_sampling_overhead_ms=0.139092 gpu_resource_sampling_overhead_ms=0.032521 semantic_gates=16/16 timing_direct=true resource_overhead_excluded=true step_sum_used=false status=PASS
sample_index=70 cpu_pipeline_ms=35.9875 gpu_pipeline_ms=6.75274 cpu_resource_sampling_overhead_ms=0.134842 gpu_resource_sampling_overhead_ms=0.03203 semantic_gates=16/16 timing_direct=true resource_overhead_excluded=true step_sum_used=false status=PASS
sample_index=71 cpu_pipeline_ms=36.0061 gpu_pipeline_ms=6.68955 cpu_resource_sampling_overhead_ms=0.12775 gpu_resource_sampling_overhead_ms=0.03218 semantic_gates=16/16 timing_direct=true resource_overhead_excluded=true step_sum_used=false status=PASS
sample_index=72 cpu_pipeline_ms=35.8948 gpu_pipeline_ms=6.55083 cpu_resource_sampling_overhead_ms=0.140841 gpu_resource_sampling_overhead_ms=0.03231 semantic_gates=16/16 timing_direct=true resource_overhead_excluded=true step_sum_used=false status=PASS
sample_index=73 cpu_pipeline_ms=36.2 gpu_pipeline_ms=6.61779 cpu_resource_sampling_overhead_ms=0.140783 gpu_resource_sampling_overhead_ms=0.03204 semantic_gates=16/16 timing_direct=true resource_overhead_excluded=true step_sum_used=false status=PASS
sample_index=74 cpu_pipeline_ms=36.5479 gpu_pipeline_ms=6.7354 cpu_resource_sampling_overhead_ms=0.14443 gpu_resource_sampling_overhead_ms=0.0324 semantic_gates=16/16 timing_direct=true resource_overhead_excluded=true step_sum_used=false status=PASS
sample_index=75 cpu_pipeline_ms=36.4828 gpu_pipeline_ms=6.88735 cpu_resource_sampling_overhead_ms=0.136921 gpu_resource_sampling_overhead_ms=0.03233 semantic_gates=16/16 timing_direct=true resource_overhead_excluded=true step_sum_used=false status=PASS
sample_index=76 cpu_pipeline_ms=36.2877 gpu_pipeline_ms=6.83541 cpu_resource_sampling_overhead_ms=0.137551 gpu_resource_sampling_overhead_ms=0.03195 semantic_gates=16/16 timing_direct=true resource_overhead_excluded=true step_sum_used=false status=PASS
sample_index=77 cpu_pipeline_ms=36.1478 gpu_pipeline_ms=6.80993 cpu_resource_sampling_overhead_ms=0.128582 gpu_resource_sampling_overhead_ms=0.03232 semantic_gates=16/16 timing_direct=true resource_overhead_excluded=true step_sum_used=false status=PASS
sample_index=78 cpu_pipeline_ms=36.038 gpu_pipeline_ms=6.81895 cpu_resource_sampling_overhead_ms=0.132241 gpu_resource_sampling_overhead_ms=0.03248 semantic_gates=16/16 timing_direct=true resource_overhead_excluded=true step_sum_used=false status=PASS
sample_index=79 cpu_pipeline_ms=36.6675 gpu_pipeline_ms=6.68188 cpu_resource_sampling_overhead_ms=0.128732 gpu_resource_sampling_overhead_ms=0.03191 semantic_gates=16/16 timing_direct=true resource_overhead_excluded=true step_sum_used=false status=PASS
sample_index=80 cpu_pipeline_ms=35.8077 gpu_pipeline_ms=6.69646 cpu_resource_sampling_overhead_ms=0.13626 gpu_resource_sampling_overhead_ms=0.03224 semantic_gates=16/16 timing_direct=true resource_overhead_excluded=true step_sum_used=false status=PASS
sample_index=81 cpu_pipeline_ms=36.1282 gpu_pipeline_ms=6.75805 cpu_resource_sampling_overhead_ms=0.147072 gpu_resource_sampling_overhead_ms=0.0326 semantic_gates=16/16 timing_direct=true resource_overhead_excluded=true step_sum_used=false status=PASS
sample_index=82 cpu_pipeline_ms=36.0912 gpu_pipeline_ms=6.85853 cpu_resource_sampling_overhead_ms=0.133961 gpu_resource_sampling_overhead_ms=0.03243 semantic_gates=16/16 timing_direct=true resource_overhead_excluded=true step_sum_used=false status=PASS
sample_index=83 cpu_pipeline_ms=35.8586 gpu_pipeline_ms=6.70128 cpu_resource_sampling_overhead_ms=0.127092 gpu_resource_sampling_overhead_ms=0.031971 semantic_gates=16/16 timing_direct=true resource_overhead_excluded=true step_sum_used=false status=PASS
sample_index=84 cpu_pipeline_ms=35.6334 gpu_pipeline_ms=6.60594 cpu_resource_sampling_overhead_ms=0.13377 gpu_resource_sampling_overhead_ms=0.03183 semantic_gates=16/16 timing_direct=true resource_overhead_excluded=true step_sum_used=false status=PASS
sample_index=85 cpu_pipeline_ms=36.0802 gpu_pipeline_ms=6.68709 cpu_resource_sampling_overhead_ms=0.12449 gpu_resource_sampling_overhead_ms=0.03208 semantic_gates=16/16 timing_direct=true resource_overhead_excluded=true step_sum_used=false status=PASS
sample_index=86 cpu_pipeline_ms=35.9489 gpu_pipeline_ms=6.54401 cpu_resource_sampling_overhead_ms=0.1415 gpu_resource_sampling_overhead_ms=0.03241 semantic_gates=16/16 timing_direct=true resource_overhead_excluded=true step_sum_used=false status=PASS
sample_index=87 cpu_pipeline_ms=35.8584 gpu_pipeline_ms=6.28159 cpu_resource_sampling_overhead_ms=0.12648 gpu_resource_sampling_overhead_ms=0.0325 semantic_gates=16/16 timing_direct=true resource_overhead_excluded=true step_sum_used=false status=PASS
sample_index=88 cpu_pipeline_ms=35.8223 gpu_pipeline_ms=6.37021 cpu_resource_sampling_overhead_ms=0.135831 gpu_resource_sampling_overhead_ms=0.032371 semantic_gates=16/16 timing_direct=true resource_overhead_excluded=true step_sum_used=false status=PASS
sample_index=89 cpu_pipeline_ms=36.0616 gpu_pipeline_ms=6.26759 cpu_resource_sampling_overhead_ms=0.14352 gpu_resource_sampling_overhead_ms=0.03218 semantic_gates=16/16 timing_direct=true resource_overhead_excluded=true step_sum_used=false status=PASS
sample_index=90 cpu_pipeline_ms=36.0733 gpu_pipeline_ms=6.23986 cpu_resource_sampling_overhead_ms=0.13096 gpu_resource_sampling_overhead_ms=0.031871 semantic_gates=16/16 timing_direct=true resource_overhead_excluded=true step_sum_used=false status=PASS
sample_index=91 cpu_pipeline_ms=35.6924 gpu_pipeline_ms=6.45877 cpu_resource_sampling_overhead_ms=0.12854 gpu_resource_sampling_overhead_ms=0.03186 semantic_gates=16/16 timing_direct=true resource_overhead_excluded=true step_sum_used=false status=PASS
sample_index=92 cpu_pipeline_ms=36.1241 gpu_pipeline_ms=6.16076 cpu_resource_sampling_overhead_ms=0.143292 gpu_resource_sampling_overhead_ms=0.03219 semantic_gates=16/16 timing_direct=true resource_overhead_excluded=true step_sum_used=false status=PASS
sample_index=93 cpu_pipeline_ms=35.969 gpu_pipeline_ms=6.28377 cpu_resource_sampling_overhead_ms=0.143534 gpu_resource_sampling_overhead_ms=0.03228 semantic_gates=16/16 timing_direct=true resource_overhead_excluded=true step_sum_used=false status=PASS
sample_index=94 cpu_pipeline_ms=36.0527 gpu_pipeline_ms=6.21825 cpu_resource_sampling_overhead_ms=0.13575 gpu_resource_sampling_overhead_ms=0.03203 semantic_gates=16/16 timing_direct=true resource_overhead_excluded=true step_sum_used=false status=PASS
sample_index=95 cpu_pipeline_ms=35.5887 gpu_pipeline_ms=6.33081 cpu_resource_sampling_overhead_ms=0.131783 gpu_resource_sampling_overhead_ms=0.03236 semantic_gates=16/16 timing_direct=true resource_overhead_excluded=true step_sum_used=false status=PASS
sample_index=96 cpu_pipeline_ms=36.153 gpu_pipeline_ms=6.2372 cpu_resource_sampling_overhead_ms=0.13958 gpu_resource_sampling_overhead_ms=0.03239 semantic_gates=16/16 timing_direct=true resource_overhead_excluded=true step_sum_used=false status=PASS
sample_index=97 cpu_pipeline_ms=35.8627 gpu_pipeline_ms=6.30887 cpu_resource_sampling_overhead_ms=0.141472 gpu_resource_sampling_overhead_ms=0.032241 semantic_gates=16/16 timing_direct=true resource_overhead_excluded=true step_sum_used=false status=PASS
sample_index=98 cpu_pipeline_ms=36.1491 gpu_pipeline_ms=6.43177 cpu_resource_sampling_overhead_ms=0.127202 gpu_resource_sampling_overhead_ms=0.03244 semantic_gates=16/16 timing_direct=true resource_overhead_excluded=true step_sum_used=false status=PASS
sample_index=99 cpu_pipeline_ms=35.6984 gpu_pipeline_ms=6.36183 cpu_resource_sampling_overhead_ms=0.1402 gpu_resource_sampling_overhead_ms=0.032142 semantic_gates=16/16 timing_direct=true resource_overhead_excluded=true step_sum_used=false status=PASS
function=Task2 frozen full six-step pipeline
call_chain=Step1->Step2;Step2+Step1->Step3;Step3 dual outputs->Step4;Step4->Step5;Step5+Step4+Kalman/delay->Step6
timing=pipeline_total measured directly;not=sum(step timings)
cpu_correlation_method=direct_parallel_exact workers=255
resource_sampling_mode=same_pipeline_execution
status=PASS return_code=0
