[stage08-b01] operator=chebwin entry=cpu:chebwin_typed_cpu gpu:chebwin_device
[stage08-b01] config=test_all/configs/operators/windows/chebwin/operator_scales.json config_sha256=e5f2e743fda9d9dda0f3c0b01d6bbbf2d9490d2f40af1bc668f22d1da683811e
[stage08-b01] run_type=formal scale=chebwin_fp16_10e4 dtype=FP16 sym=true backend=fft_thrust
[stage08-b01] dtype_semantics=actual_typed_scalar_input typed_input_count=1 actual_input_digest=f38390ff054a4fff7b8c58f029033e9cc8ff550444bee1b7fcf361818060adcd
[stage08-b01] timing_scope=compatibility/end-to-end warmup=20 measured=100
[stage08-b01] cpu_mean_ms=46.53148861999999 gpu_mean_ms=4.3809294499999991 speedup=10.621373649374792
[stage08-b01] mse=1.158962747058139e-11 rmse=3.4043541928802576e-06 relative_l2=6.2242134505764948e-06 relative_linf=6.0858400870494791e-05
[stage08-b01] resources=available cuda_event_ms=4.3845558166503906
[stage08-b01] status=PASS error_code=OK
[stage08] identity and status
target  | scale_id          | device | backend    | dtype | warmup | measured | timing_scope             | status | error_code
chebwin | chebwin_fp16_10e4 | CPU    | fft_thrust | FP16  | 20     | 100      | compatibility/end-to-end | PASS   | OK        
chebwin | chebwin_fp16_10e4 | GPU    | fft_thrust | FP16  | 20     | 100      | compatibility/end-to-end | PASS   | OK        

[stage08] timing detail
device | mean_ms            | p50_ms             | p95_ms             | p99_ms             | min_ms             | max_ms             | std_ms               | cv                    | speedup           
CPU    | 46.53148861999999  | 46.471260000000001 | 46.909445000000005 | 46.976893890000007 | 46.421554999999998 | 48.057369000000001 | 0.19491754705319816  | 0.0041889385625505102 | NA                
GPU    | 4.3809294499999991 | 4.3681475000000001 | 4.4726080000000001 | 4.4868807000000004 | 4.3344670000000001 | 4.5019980000000004 | 0.037299847985849795 | 0.0085141403009468229 | 10.621373649374792

[stage08] accuracy detail
accuracy_reference  | mse                   | rmse                   | relative_l2            | relative_linf          | exact_match | mismatch_count | semantic_check                                                                            | status
cpu_typed_reference | 1.158962747058139e-11 | 3.4043541928802576e-06 | 6.2242134505764948e-06 | 6.0858400870494791e-05 | NA          | NA             | finite_fp64_window_shape_and_symmetry_policy_match_cpu:shape=[10000];finite=true;sym=true | PASS  

[stage08] resource detail
device | metric     | before_bytes | after_bytes | peak_bytes | delta_bytes
CPU    | cpu_heap   | 2400896      | 2403200     | 2482096    | 2304       
CPU    | rss        | 72216576     | 72716288    | 72716288   | 499712     
GPU    | cpu_heap   | 2403200      | 2406512     | 2485760    | 3312       
GPU    | rss        | 72716288     | 72716288    | 72716288   | 0          
GPU    | gpu_memory | 475217920    | 475217920   | 475217920  | 0          

[stage08] input/output identity
device | input_digest                                                     | output_digest                                                   
CPU    | f38390ff054a4fff7b8c58f029033e9cc8ff550444bee1b7fcf361818060adcd | 3249376b0a7a9aa69ca6b54e80624e48b72aefbefb2aa08d5a87f9c346030a34
GPU    | f38390ff054a4fff7b8c58f029033e9cc8ff550444bee1b7fcf361818060adcd | 2c3434660a30f82efeb1e8745b26cf699bfe0ef9ded47656d65701d8883f4b24

[stage08] dtype evidence
requested_dtype | config_input_dtype | output_dtype | actual_input_digest                                              | status
FP16            | FP16               | FP64         | f38390ff054a4fff7b8c58f029033e9cc8ff550444bee1b7fcf361818060adcd | PASS  

[stage08] evidence files
kind        | path                                                                                                                                                                                                                                   
main_csv    | /tmp/ZKX_dev/results/stage08_table_rerun_chebwin_47ebe13410d3/formal/20260810T031851Z_47ebe13410d3_stage08_b01_formal_8810000a/operator_main_results_chebwin_fft_thrust_20260810T031851Z_47ebe13410d3_stage08_b01_formal_8810000a.csv  
timing_csv  | /tmp/ZKX_dev/results/stage08_table_rerun_chebwin_47ebe13410d3/formal/20260810T031851Z_47ebe13410d3_stage08_b01_formal_8810000a/operator_timing_samples_chebwin_fft_thrust_20260810T031851Z_47ebe13410d3_stage08_b01_formal_8810000a.csv
memory_csv  | /tmp/ZKX_dev/results/stage08_table_rerun_chebwin_47ebe13410d3/formal/20260810T031851Z_47ebe13410d3_stage08_b01_formal_8810000a/operator_windows_chebwin_memory_trace_fft_thrust.csv                                                    
dtype_csv   | /tmp/ZKX_dev/results/stage08_table_rerun_chebwin_47ebe13410d3/formal/20260810T031851Z_47ebe13410d3_stage08_b01_formal_8810000a/operator_dtype_evidence_chebwin_fft_thrust_20260810T031851Z_47ebe13410d3_stage08_b01_formal_8810000a.csv
module_csv  | /tmp/ZKX_dev/results/stage08_table_rerun_chebwin_47ebe13410d3/formal/20260810T031851Z_47ebe13410d3_stage08_b01_formal_8810000a/windows_batch01_module_summary_fft_thrust_20260810T031851Z_47ebe13410d3_stage08_b01_formal_8810000a.csv 
report_json | /tmp/ZKX_dev/results/stage08_table_rerun_chebwin_47ebe13410d3/formal/20260810T031851Z_47ebe13410d3_stage08_b01_formal_8810000a/operator_chebwin_report.json                                                                            
summary_txt | /tmp/ZKX_dev/results/stage08_table_rerun_chebwin_47ebe13410d3/formal/20260810T031851Z_47ebe13410d3_stage08_b01_formal_8810000a/operator_chebwin_summary.txt                                                                            
full_log    | /tmp/ZKX_dev/results/stage08_table_rerun_chebwin_47ebe13410d3/formal/20260810T031851Z_47ebe13410d3_stage08_b01_formal_8810000a/operator_chebwin_full.log                                                                               
results_dir | /tmp/ZKX_dev/results/stage08_table_rerun_chebwin_47ebe13410d3/formal/20260810T031851Z_47ebe13410d3_stage08_b01_formal_8810000a                                                                                                         
