command=build_stage07_b05_correlate_2836c8d/stage07_correlate --dtype INT8 --count 10000 --reference-count 31 --frame 64 --hop 32 --warmup 20 --measured 100 --output /tmp/ZKX_dev/results/stage07_b05_formal_2836c8d/formal/20260810T105115Z_2836c8dc200d_stage07_b05_formal_a9cb60f5/correlate_probe_raw.json
STAGE07_TASK_FEATURE_PROBE PASS operator=correlate dtype=INT8
{"run_id": "20260810T105115Z_2836c8dc200d_stage07_b05_formal_a9cb60f5", "case_id": "correlate__correlate_int8_10e4__c0f05046d94ad835", "operator_name": "correlate", "task_name": "Task2", "step_name": "Step4", "scale_id": "correlate_int8_10e4", "requested_dtype": "INT8", "input_content": [{"input_name": "signal", "shape": "[10000]", "dtype": "INT8", "element_count": "10000", "generator": "task2_signal_mixture", "preview_head4_tail2": "i=0:2;i=1:2;i=2:3;i=3:2;i=9998:6;i=9999:6"}, {"input_name": "reference", "shape": "[31]", "dtype": "INT8", "element_count": "31", "generator": "task2_reference_template", "preview_head4_tail2": "i=0:2;i=1:3;i=2:2;i=3:2;i=29:2;i=30:3"}], "case_parameters": {"signal_count": 10000, "reference_count": 31, "mode": "same", "output_count": 10000}, "output_dtype": "INT8", "backend": "not_applicable", "warmup_runs": 20, "measured_runs": 100, "output_count": 10000, "mse": 0, "rmse": 0, "relative_l2": 0, "relative_linf": 0, "actual_input_digest": "c0f05046d94ad8354fbd8bc48f8ee2c9c2169d29ac74c2221e125887ae372db5", "typed_array_digest": "5203c5b3e95d70672fccabf3e0fcd80117039d6b667fb5524673a839e4503b17", "status": "PASS", "error_code": "OK"}
[stage07] identity and status
+-----------+---------------------+--------+----------------+-------+--------+----------+--------------------------+--------+------------+
| target    | scale_id            | device | backend        | dtype | warmup | measured | timing_scope             | status | error_code |
+-----------+---------------------+--------+----------------+-------+--------+----------+--------------------------+--------+------------+
| correlate | correlate_int8_10e4 | CPU    | not_applicable | INT8  | 20     | 100      | compatibility/end-to-end | PASS   | OK         |
| correlate | correlate_int8_10e4 | GPU    | not_applicable | INT8  | 20     | 100      | compatibility/end-to-end | PASS   | OK         |
+-----------+---------------------+--------+----------------+-------+--------+----------+--------------------------+--------+------------+

[stage07] timing detail
+--------+------------+-------------------+---------------------+--------------------+----------+----------+----------------------+----------------------+--------------------+
| device | mean_ms    | p50_ms            | p95_ms              | p99_ms             | min_ms   | max_ms   | std_ms               | cv                   | speedup            |
+--------+------------+-------------------+---------------------+--------------------+----------+----------+----------------------+----------------------+--------------------+
| CPU    | 5.8825661  | 5.870034499999999 | 5.9161846           | 6.054558160000002  | 5.838993 | 6.391768 | 0.058965861016608605 | 0.010023833139181999 | NA                 |
| GPU    | 0.30489312 | 0.299729          | 0.31475394999999995 | 0.3898408800000009 | 0.290613 | 0.558525 | 0.028265427710289476 | 0.09270602009743438  | 19.293863042891882 |
+--------+------------+-------------------+---------------------+--------------------+----------+----------+----------------------+----------------------+--------------------+

[stage07] accuracy detail
+---------------------------------+-----+------+-------------+---------------+-------------+----------------+------------------------------------------------------------+--------+
| reference                       | mse | rmse | relative_l2 | relative_linf | exact_match | mismatch_count | semantic_check                                             | status |
+---------------------------------+-----+------+-------------+---------------+-------------+----------------+------------------------------------------------------------+--------+
| typed_cpu_task2_step4_reference | 0   | 0    | 0           | 0             | true        | 0              | output_count=10000;output_dtype=INT8;task_gpu_call=present | PASS   |
+---------------------------------+-----+------+-------------+---------------+-------------+----------------+------------------------------------------------------------+--------+

[stage07] resource detail
+--------+------------+--------------+-------------+------------+-------------+
| device | metric     | before_bytes | after_bytes | peak_bytes | delta_bytes |
+--------+------------+--------------+-------------+------------+-------------+
| CPU    | cpu_heap   | 1441600      | 1454608     | 1454608    | 13008       |
| CPU    | rss        | 71077888     | 71077888    | 71077888   | 0           |
| GPU    | cpu_heap   | 1454704      | 1457984     | 1457984    | 3280        |
| GPU    | rss        | 71077888     | 71077888    | 71077888   | 0           |
| GPU    | gpu_memory | 357777408    | 357777408   | 357777408  | 0           |
+--------+------------+--------------+-------------+------------+-------------+

[stage07] input content
+------------+---------+-------+----------+--------------------------+-------------------------------------------+
| input_name | shape   | dtype | elements | generator                | values(head4/tail2)                       |
+------------+---------+-------+----------+--------------------------+-------------------------------------------+
| signal     | [10000] | INT8  | 10000    | task2_signal_mixture     | i=0:2;i=1:2;i=2:3;i=3:2;i=9998:6;i=9999:6 |
| reference  | [31]    | INT8  | 31       | task2_reference_template | i=0:2;i=1:3;i=2:2;i=3:2;i=29:2;i=30:3     |
+------------+---------+-------+----------+--------------------------+-------------------------------------------+

[stage07] case parameters
+--------------------------------------------------------------------------------+
| parameters                                                                     |
+--------------------------------------------------------------------------------+
| {"mode":"same","output_count":10000,"reference_count":31,"signal_count":10000} |
+--------------------------------------------------------------------------------+

[stage07] input and output identity
+--------+------------------------------------------------------------------+------------------------------------------------------------------+
| device | input_digest                                                     | output_digest                                                    |
+--------+------------------------------------------------------------------+------------------------------------------------------------------+
| CPU    | c0f05046d94ad8354fbd8bc48f8ee2c9c2169d29ac74c2221e125887ae372db5 | 8e17d057b4fdc1629d7f9de9802ba012236b4f446fb432e88b97a6bde531022e |
| GPU    | c0f05046d94ad8354fbd8bc48f8ee2c9c2169d29ac74c2221e125887ae372db5 | 8e17d057b4fdc1629d7f9de9802ba012236b4f446fb432e88b97a6bde531022e |
+--------+------------------------------------------------------------------+------------------------------------------------------------------+

[stage07] dtype evidence
+-----------------+--------------------+--------------+------------------------------------------------------------------+------------------------------------------------------------------+----------------------+
| requested_dtype | config_input_dtype | output_dtype | typed_array_digest                                               | actual_input_digest                                              | task_gpu_call_status |
+-----------------+--------------------+--------------+------------------------------------------------------------------+------------------------------------------------------------------+----------------------+
| INT8            | INT8               | INT8         | 5203c5b3e95d70672fccabf3e0fcd80117039d6b667fb5524673a839e4503b17 | c0f05046d94ad8354fbd8bc48f8ee2c9c2169d29ac74c2221e125887ae372db5 | proved_gpu_cpu       |
+-----------------+--------------------+--------------+------------------------------------------------------------------+------------------------------------------------------------------+----------------------+

[stage07] evidence files
+-------------+---------------------------------------------------------------------------------------------------------------------------------------------------------------------------------------------------------------------------------+
| kind        | path                                                                                                                                                                                                                            |
+-------------+---------------------------------------------------------------------------------------------------------------------------------------------------------------------------------------------------------------------------------+
| main_csv    | /tmp/ZKX_dev/results/stage07_b05_formal_2836c8d/formal/20260810T105115Z_2836c8dc200d_stage07_b05_formal_a9cb60f5/operator_main_results_correlate_not_applicable_20260810T105115Z_2836c8dc200d_stage07_b05_formal_a9cb60f5.csv   |
| timing_csv  | /tmp/ZKX_dev/results/stage07_b05_formal_2836c8d/formal/20260810T105115Z_2836c8dc200d_stage07_b05_formal_a9cb60f5/operator_timing_samples_correlate_not_applicable_20260810T105115Z_2836c8dc200d_stage07_b05_formal_a9cb60f5.csv |
| memory_csv  | /tmp/ZKX_dev/results/stage07_b05_formal_2836c8d/formal/20260810T105115Z_2836c8dc200d_stage07_b05_formal_a9cb60f5/operator_convolution_correlate_memory_trace_not_applicable.csv                                                 |
| dtype_csv   | /tmp/ZKX_dev/results/stage07_b05_formal_2836c8d/formal/20260810T105115Z_2836c8dc200d_stage07_b05_formal_a9cb60f5/operator_dtype_evidence_correlate_not_applicable_20260810T105115Z_2836c8dc200d_stage07_b05_formal_a9cb60f5.csv |
| report_json | /tmp/ZKX_dev/results/stage07_b05_formal_2836c8d/formal/20260810T105115Z_2836c8dc200d_stage07_b05_formal_a9cb60f5/operator_correlate_report.json                                                                                 |
| summary_txt | /tmp/ZKX_dev/results/stage07_b05_formal_2836c8d/formal/20260810T105115Z_2836c8dc200d_stage07_b05_formal_a9cb60f5/operator_correlate_summary.txt                                                                                 |
| full_log    | /tmp/ZKX_dev/results/stage07_b05_formal_2836c8d/formal/20260810T105115Z_2836c8dc200d_stage07_b05_formal_a9cb60f5/operator_correlate_full.log                                                                                    |
| result_dir  | /tmp/ZKX_dev/results/stage07_b05_formal_2836c8d/formal/20260810T105115Z_2836c8dc200d_stage07_b05_formal_a9cb60f5                                                                                                                |
+-------------+---------------------------------------------------------------------------------------------------------------------------------------------------------------------------------------------------------------------------------+
