sample_index=0 cpu_pipeline_ms=404.598 gpu_pipeline_ms=56.4919 cpu_resource_sampling_overhead_ms=0.193718 gpu_resource_sampling_overhead_ms=0.03205 semantic_gates=16/16 timing_direct=true resource_overhead_excluded=true step_sum_used=false status=PASS
sample_index=1 cpu_pipeline_ms=402.214 gpu_pipeline_ms=56.7838 cpu_resource_sampling_overhead_ms=0.194326 gpu_resource_sampling_overhead_ms=0.03241 semantic_gates=16/16 timing_direct=true resource_overhead_excluded=true step_sum_used=false status=PASS
sample_index=2 cpu_pipeline_ms=398.031 gpu_pipeline_ms=56.4627 cpu_resource_sampling_overhead_ms=0.192498 gpu_resource_sampling_overhead_ms=0.032919 semantic_gates=16/16 timing_direct=true resource_overhead_excluded=true step_sum_used=false status=PASS
sample_index=3 cpu_pipeline_ms=399.746 gpu_pipeline_ms=56.7139 cpu_resource_sampling_overhead_ms=0.201758 gpu_resource_sampling_overhead_ms=0.031989 semantic_gates=16/16 timing_direct=true resource_overhead_excluded=true step_sum_used=false status=PASS
sample_index=4 cpu_pipeline_ms=397.883 gpu_pipeline_ms=56.1512 cpu_resource_sampling_overhead_ms=0.187108 gpu_resource_sampling_overhead_ms=0.0323 semantic_gates=16/16 timing_direct=true resource_overhead_excluded=true step_sum_used=false status=PASS
sample_index=5 cpu_pipeline_ms=396.56 gpu_pipeline_ms=56.8633 cpu_resource_sampling_overhead_ms=0.200887 gpu_resource_sampling_overhead_ms=0.032099 semantic_gates=16/16 timing_direct=true resource_overhead_excluded=true step_sum_used=false status=PASS
sample_index=6 cpu_pipeline_ms=395.233 gpu_pipeline_ms=56.3153 cpu_resource_sampling_overhead_ms=0.183259 gpu_resource_sampling_overhead_ms=0.03283 semantic_gates=16/16 timing_direct=true resource_overhead_excluded=true step_sum_used=false status=PASS
sample_index=7 cpu_pipeline_ms=393.369 gpu_pipeline_ms=56.0924 cpu_resource_sampling_overhead_ms=0.185038 gpu_resource_sampling_overhead_ms=0.03077 semantic_gates=16/16 timing_direct=true resource_overhead_excluded=true step_sum_used=false status=PASS
sample_index=8 cpu_pipeline_ms=401.323 gpu_pipeline_ms=56.7949 cpu_resource_sampling_overhead_ms=0.197968 gpu_resource_sampling_overhead_ms=0.03209 semantic_gates=16/16 timing_direct=true resource_overhead_excluded=true step_sum_used=false status=PASS
sample_index=9 cpu_pipeline_ms=400.235 gpu_pipeline_ms=56.6838 cpu_resource_sampling_overhead_ms=0.228636 gpu_resource_sampling_overhead_ms=0.032159 semantic_gates=16/16 timing_direct=true resource_overhead_excluded=true step_sum_used=false status=PASS
sample_index=10 cpu_pipeline_ms=399.618 gpu_pipeline_ms=56.1386 cpu_resource_sampling_overhead_ms=0.216078 gpu_resource_sampling_overhead_ms=0.03215 semantic_gates=16/16 timing_direct=true resource_overhead_excluded=true step_sum_used=false status=PASS
sample_index=11 cpu_pipeline_ms=393.129 gpu_pipeline_ms=56.2988 cpu_resource_sampling_overhead_ms=0.181708 gpu_resource_sampling_overhead_ms=0.03125 semantic_gates=16/16 timing_direct=true resource_overhead_excluded=true step_sum_used=false status=PASS
sample_index=12 cpu_pipeline_ms=398.367 gpu_pipeline_ms=56.0307 cpu_resource_sampling_overhead_ms=0.188218 gpu_resource_sampling_overhead_ms=0.0308 semantic_gates=16/16 timing_direct=true resource_overhead_excluded=true step_sum_used=false status=PASS
sample_index=13 cpu_pipeline_ms=394.679 gpu_pipeline_ms=58.3619 cpu_resource_sampling_overhead_ms=0.271367 gpu_resource_sampling_overhead_ms=0.03359 semantic_gates=16/16 timing_direct=true resource_overhead_excluded=true step_sum_used=false status=PASS
sample_index=14 cpu_pipeline_ms=399.03 gpu_pipeline_ms=57.7512 cpu_resource_sampling_overhead_ms=0.262017 gpu_resource_sampling_overhead_ms=0.031659 semantic_gates=16/16 timing_direct=true resource_overhead_excluded=true step_sum_used=false status=PASS
sample_index=15 cpu_pipeline_ms=406.854 gpu_pipeline_ms=57.8085 cpu_resource_sampling_overhead_ms=0.188319 gpu_resource_sampling_overhead_ms=0.033249 semantic_gates=16/16 timing_direct=true resource_overhead_excluded=true step_sum_used=false status=PASS
sample_index=16 cpu_pipeline_ms=399.251 gpu_pipeline_ms=57.1088 cpu_resource_sampling_overhead_ms=0.173579 gpu_resource_sampling_overhead_ms=0.03433 semantic_gates=16/16 timing_direct=true resource_overhead_excluded=true step_sum_used=false status=PASS
sample_index=17 cpu_pipeline_ms=398.437 gpu_pipeline_ms=57.618 cpu_resource_sampling_overhead_ms=0.255608 gpu_resource_sampling_overhead_ms=0.034538 semantic_gates=16/16 timing_direct=true resource_overhead_excluded=true step_sum_used=false status=PASS
sample_index=18 cpu_pipeline_ms=395.542 gpu_pipeline_ms=57.406 cpu_resource_sampling_overhead_ms=0.182158 gpu_resource_sampling_overhead_ms=0.03465 semantic_gates=16/16 timing_direct=true resource_overhead_excluded=true step_sum_used=false status=PASS
sample_index=19 cpu_pipeline_ms=403.551 gpu_pipeline_ms=60.1269 cpu_resource_sampling_overhead_ms=0.221527 gpu_resource_sampling_overhead_ms=0.03331 semantic_gates=16/16 timing_direct=true resource_overhead_excluded=true step_sum_used=false status=PASS
sample_index=20 cpu_pipeline_ms=407.403 gpu_pipeline_ms=57.7477 cpu_resource_sampling_overhead_ms=0.195348 gpu_resource_sampling_overhead_ms=0.03322 semantic_gates=16/16 timing_direct=true resource_overhead_excluded=true step_sum_used=false status=PASS
sample_index=21 cpu_pipeline_ms=398.379 gpu_pipeline_ms=57.3218 cpu_resource_sampling_overhead_ms=0.201689 gpu_resource_sampling_overhead_ms=0.03288 semantic_gates=16/16 timing_direct=true resource_overhead_excluded=true step_sum_used=false status=PASS
sample_index=22 cpu_pipeline_ms=394.64 gpu_pipeline_ms=57.4983 cpu_resource_sampling_overhead_ms=0.227577 gpu_resource_sampling_overhead_ms=0.03331 semantic_gates=16/16 timing_direct=true resource_overhead_excluded=true step_sum_used=false status=PASS
sample_index=23 cpu_pipeline_ms=394.425 gpu_pipeline_ms=57.4676 cpu_resource_sampling_overhead_ms=0.172879 gpu_resource_sampling_overhead_ms=0.03196 semantic_gates=16/16 timing_direct=true resource_overhead_excluded=true step_sum_used=false status=PASS
sample_index=24 cpu_pipeline_ms=396.497 gpu_pipeline_ms=57.8213 cpu_resource_sampling_overhead_ms=0.230118 gpu_resource_sampling_overhead_ms=0.033629 semantic_gates=16/16 timing_direct=true resource_overhead_excluded=true step_sum_used=false status=PASS
sample_index=25 cpu_pipeline_ms=387.884 gpu_pipeline_ms=57.5329 cpu_resource_sampling_overhead_ms=0.167909 gpu_resource_sampling_overhead_ms=0.033598 semantic_gates=16/16 timing_direct=true resource_overhead_excluded=true step_sum_used=false status=PASS
sample_index=26 cpu_pipeline_ms=399.268 gpu_pipeline_ms=57.919 cpu_resource_sampling_overhead_ms=0.193596 gpu_resource_sampling_overhead_ms=0.0334 semantic_gates=16/16 timing_direct=true resource_overhead_excluded=true step_sum_used=false status=PASS
sample_index=27 cpu_pipeline_ms=395.765 gpu_pipeline_ms=56.36 cpu_resource_sampling_overhead_ms=0.181018 gpu_resource_sampling_overhead_ms=0.032628 semantic_gates=16/16 timing_direct=true resource_overhead_excluded=true step_sum_used=false status=PASS
sample_index=28 cpu_pipeline_ms=395.959 gpu_pipeline_ms=56.7011 cpu_resource_sampling_overhead_ms=0.216828 gpu_resource_sampling_overhead_ms=0.03272 semantic_gates=16/16 timing_direct=true resource_overhead_excluded=true step_sum_used=false status=PASS
sample_index=29 cpu_pipeline_ms=400.194 gpu_pipeline_ms=56.8688 cpu_resource_sampling_overhead_ms=0.314037 gpu_resource_sampling_overhead_ms=0.03283 semantic_gates=16/16 timing_direct=true resource_overhead_excluded=true step_sum_used=false status=PASS
sample_index=30 cpu_pipeline_ms=402.983 gpu_pipeline_ms=56.6369 cpu_resource_sampling_overhead_ms=0.200969 gpu_resource_sampling_overhead_ms=0.03269 semantic_gates=16/16 timing_direct=true resource_overhead_excluded=true step_sum_used=false status=PASS
sample_index=31 cpu_pipeline_ms=391.838 gpu_pipeline_ms=56.5115 cpu_resource_sampling_overhead_ms=0.198419 gpu_resource_sampling_overhead_ms=0.033449 semantic_gates=16/16 timing_direct=true resource_overhead_excluded=true step_sum_used=false status=PASS
sample_index=32 cpu_pipeline_ms=398.169 gpu_pipeline_ms=57.1861 cpu_resource_sampling_overhead_ms=0.194289 gpu_resource_sampling_overhead_ms=0.03415 semantic_gates=16/16 timing_direct=true resource_overhead_excluded=true step_sum_used=false status=PASS
sample_index=33 cpu_pipeline_ms=397.593 gpu_pipeline_ms=56.6362 cpu_resource_sampling_overhead_ms=0.195577 gpu_resource_sampling_overhead_ms=0.03181 semantic_gates=16/16 timing_direct=true resource_overhead_excluded=true step_sum_used=false status=PASS
sample_index=34 cpu_pipeline_ms=399.016 gpu_pipeline_ms=57.0195 cpu_resource_sampling_overhead_ms=0.204868 gpu_resource_sampling_overhead_ms=0.032979 semantic_gates=16/16 timing_direct=true resource_overhead_excluded=true step_sum_used=false status=PASS
sample_index=35 cpu_pipeline_ms=401.946 gpu_pipeline_ms=56.535 cpu_resource_sampling_overhead_ms=0.16782 gpu_resource_sampling_overhead_ms=0.03307 semantic_gates=16/16 timing_direct=true resource_overhead_excluded=true step_sum_used=false status=PASS
sample_index=36 cpu_pipeline_ms=413.852 gpu_pipeline_ms=56.6207 cpu_resource_sampling_overhead_ms=0.233209 gpu_resource_sampling_overhead_ms=0.03355 semantic_gates=16/16 timing_direct=true resource_overhead_excluded=true step_sum_used=false status=PASS
sample_index=37 cpu_pipeline_ms=398.588 gpu_pipeline_ms=56.9736 cpu_resource_sampling_overhead_ms=0.201829 gpu_resource_sampling_overhead_ms=0.033099 semantic_gates=16/16 timing_direct=true resource_overhead_excluded=true step_sum_used=false status=PASS
sample_index=38 cpu_pipeline_ms=397.598 gpu_pipeline_ms=57.2113 cpu_resource_sampling_overhead_ms=0.235967 gpu_resource_sampling_overhead_ms=0.0335 semantic_gates=16/16 timing_direct=true resource_overhead_excluded=true step_sum_used=false status=PASS
sample_index=39 cpu_pipeline_ms=399.036 gpu_pipeline_ms=56.8679 cpu_resource_sampling_overhead_ms=0.190258 gpu_resource_sampling_overhead_ms=0.03342 semantic_gates=16/16 timing_direct=true resource_overhead_excluded=true step_sum_used=false status=PASS
sample_index=40 cpu_pipeline_ms=406.458 gpu_pipeline_ms=56.7901 cpu_resource_sampling_overhead_ms=0.199428 gpu_resource_sampling_overhead_ms=0.033289 semantic_gates=16/16 timing_direct=true resource_overhead_excluded=true step_sum_used=false status=PASS
sample_index=41 cpu_pipeline_ms=394.904 gpu_pipeline_ms=56.5947 cpu_resource_sampling_overhead_ms=0.211988 gpu_resource_sampling_overhead_ms=0.032889 semantic_gates=16/16 timing_direct=true resource_overhead_excluded=true step_sum_used=false status=PASS
sample_index=42 cpu_pipeline_ms=394.617 gpu_pipeline_ms=56.8697 cpu_resource_sampling_overhead_ms=0.210609 gpu_resource_sampling_overhead_ms=0.033499 semantic_gates=16/16 timing_direct=true resource_overhead_excluded=true step_sum_used=false status=PASS
sample_index=43 cpu_pipeline_ms=399.894 gpu_pipeline_ms=56.315 cpu_resource_sampling_overhead_ms=0.176399 gpu_resource_sampling_overhead_ms=0.03313 semantic_gates=16/16 timing_direct=true resource_overhead_excluded=true step_sum_used=false status=PASS
sample_index=44 cpu_pipeline_ms=405.259 gpu_pipeline_ms=56.6669 cpu_resource_sampling_overhead_ms=0.193618 gpu_resource_sampling_overhead_ms=0.03208 semantic_gates=16/16 timing_direct=true resource_overhead_excluded=true step_sum_used=false status=PASS
sample_index=45 cpu_pipeline_ms=396.953 gpu_pipeline_ms=56.2917 cpu_resource_sampling_overhead_ms=0.211619 gpu_resource_sampling_overhead_ms=0.03289 semantic_gates=16/16 timing_direct=true resource_overhead_excluded=true step_sum_used=false status=PASS
sample_index=46 cpu_pipeline_ms=406.955 gpu_pipeline_ms=56.8823 cpu_resource_sampling_overhead_ms=0.19471 gpu_resource_sampling_overhead_ms=0.03279 semantic_gates=16/16 timing_direct=true resource_overhead_excluded=true step_sum_used=false status=PASS
sample_index=47 cpu_pipeline_ms=397.022 gpu_pipeline_ms=56.3179 cpu_resource_sampling_overhead_ms=0.174789 gpu_resource_sampling_overhead_ms=0.03327 semantic_gates=16/16 timing_direct=true resource_overhead_excluded=true step_sum_used=false status=PASS
sample_index=48 cpu_pipeline_ms=390.222 gpu_pipeline_ms=61.0082 cpu_resource_sampling_overhead_ms=0.234838 gpu_resource_sampling_overhead_ms=0.03263 semantic_gates=16/16 timing_direct=true resource_overhead_excluded=true step_sum_used=false status=PASS
sample_index=49 cpu_pipeline_ms=391.018 gpu_pipeline_ms=56.5566 cpu_resource_sampling_overhead_ms=0.20853 gpu_resource_sampling_overhead_ms=0.03348 semantic_gates=16/16 timing_direct=true resource_overhead_excluded=true step_sum_used=false status=PASS
sample_index=50 cpu_pipeline_ms=393.454 gpu_pipeline_ms=56.2975 cpu_resource_sampling_overhead_ms=0.187219 gpu_resource_sampling_overhead_ms=0.03354 semantic_gates=16/16 timing_direct=true resource_overhead_excluded=true step_sum_used=false status=PASS
sample_index=51 cpu_pipeline_ms=396.615 gpu_pipeline_ms=56.68 cpu_resource_sampling_overhead_ms=0.202089 gpu_resource_sampling_overhead_ms=0.03293 semantic_gates=16/16 timing_direct=true resource_overhead_excluded=true step_sum_used=false status=PASS
sample_index=52 cpu_pipeline_ms=399.138 gpu_pipeline_ms=56.3475 cpu_resource_sampling_overhead_ms=0.185929 gpu_resource_sampling_overhead_ms=0.03314 semantic_gates=16/16 timing_direct=true resource_overhead_excluded=true step_sum_used=false status=PASS
sample_index=53 cpu_pipeline_ms=397.193 gpu_pipeline_ms=58.2682 cpu_resource_sampling_overhead_ms=0.297549 gpu_resource_sampling_overhead_ms=0.03264 semantic_gates=16/16 timing_direct=true resource_overhead_excluded=true step_sum_used=false status=PASS
sample_index=54 cpu_pipeline_ms=398.152 gpu_pipeline_ms=56.803 cpu_resource_sampling_overhead_ms=0.240217 gpu_resource_sampling_overhead_ms=0.03359 semantic_gates=16/16 timing_direct=true resource_overhead_excluded=true step_sum_used=false status=PASS
sample_index=55 cpu_pipeline_ms=402.49 gpu_pipeline_ms=56.5371 cpu_resource_sampling_overhead_ms=0.187637 gpu_resource_sampling_overhead_ms=0.0324 semantic_gates=16/16 timing_direct=true resource_overhead_excluded=true step_sum_used=false status=PASS
sample_index=56 cpu_pipeline_ms=395.261 gpu_pipeline_ms=56.3268 cpu_resource_sampling_overhead_ms=0.17511 gpu_resource_sampling_overhead_ms=0.03377 semantic_gates=16/16 timing_direct=true resource_overhead_excluded=true step_sum_used=false status=PASS
sample_index=57 cpu_pipeline_ms=414.258 gpu_pipeline_ms=56.8272 cpu_resource_sampling_overhead_ms=0.19995 gpu_resource_sampling_overhead_ms=0.03339 semantic_gates=16/16 timing_direct=true resource_overhead_excluded=true step_sum_used=false status=PASS
sample_index=58 cpu_pipeline_ms=391.767 gpu_pipeline_ms=57.8601 cpu_resource_sampling_overhead_ms=0.200489 gpu_resource_sampling_overhead_ms=0.03354 semantic_gates=16/16 timing_direct=true resource_overhead_excluded=true step_sum_used=false status=PASS
sample_index=59 cpu_pipeline_ms=393.618 gpu_pipeline_ms=56.7579 cpu_resource_sampling_overhead_ms=0.197219 gpu_resource_sampling_overhead_ms=0.03254 semantic_gates=16/16 timing_direct=true resource_overhead_excluded=true step_sum_used=false status=PASS
sample_index=60 cpu_pipeline_ms=403.692 gpu_pipeline_ms=56.2312 cpu_resource_sampling_overhead_ms=0.23042 gpu_resource_sampling_overhead_ms=0.03308 semantic_gates=16/16 timing_direct=true resource_overhead_excluded=true step_sum_used=false status=PASS
sample_index=61 cpu_pipeline_ms=397.366 gpu_pipeline_ms=57.1838 cpu_resource_sampling_overhead_ms=0.211539 gpu_resource_sampling_overhead_ms=0.03325 semantic_gates=16/16 timing_direct=true resource_overhead_excluded=true step_sum_used=false status=PASS
sample_index=62 cpu_pipeline_ms=398.819 gpu_pipeline_ms=57.0331 cpu_resource_sampling_overhead_ms=0.246719 gpu_resource_sampling_overhead_ms=0.03403 semantic_gates=16/16 timing_direct=true resource_overhead_excluded=true step_sum_used=false status=PASS
sample_index=63 cpu_pipeline_ms=403.701 gpu_pipeline_ms=56.6692 cpu_resource_sampling_overhead_ms=0.196639 gpu_resource_sampling_overhead_ms=0.03309 semantic_gates=16/16 timing_direct=true resource_overhead_excluded=true step_sum_used=false status=PASS
sample_index=64 cpu_pipeline_ms=400.142 gpu_pipeline_ms=56.9891 cpu_resource_sampling_overhead_ms=0.243659 gpu_resource_sampling_overhead_ms=0.03291 semantic_gates=16/16 timing_direct=true resource_overhead_excluded=true step_sum_used=false status=PASS
sample_index=65 cpu_pipeline_ms=401.977 gpu_pipeline_ms=56.8282 cpu_resource_sampling_overhead_ms=0.198499 gpu_resource_sampling_overhead_ms=0.03307 semantic_gates=16/16 timing_direct=true resource_overhead_excluded=true step_sum_used=false status=PASS
sample_index=66 cpu_pipeline_ms=397.922 gpu_pipeline_ms=57.1088 cpu_resource_sampling_overhead_ms=0.228636 gpu_resource_sampling_overhead_ms=0.032769 semantic_gates=16/16 timing_direct=true resource_overhead_excluded=true step_sum_used=false status=PASS
sample_index=67 cpu_pipeline_ms=396.64 gpu_pipeline_ms=56.466 cpu_resource_sampling_overhead_ms=0.190517 gpu_resource_sampling_overhead_ms=0.03206 semantic_gates=16/16 timing_direct=true resource_overhead_excluded=true step_sum_used=false status=PASS
sample_index=68 cpu_pipeline_ms=403.394 gpu_pipeline_ms=57.0781 cpu_resource_sampling_overhead_ms=0.221258 gpu_resource_sampling_overhead_ms=0.03377 semantic_gates=16/16 timing_direct=true resource_overhead_excluded=true step_sum_used=false status=PASS
sample_index=69 cpu_pipeline_ms=392.755 gpu_pipeline_ms=56.4633 cpu_resource_sampling_overhead_ms=0.195149 gpu_resource_sampling_overhead_ms=0.03285 semantic_gates=16/16 timing_direct=true resource_overhead_excluded=true step_sum_used=false status=PASS
sample_index=70 cpu_pipeline_ms=393.245 gpu_pipeline_ms=56.8874 cpu_resource_sampling_overhead_ms=0.19813 gpu_resource_sampling_overhead_ms=0.03349 semantic_gates=16/16 timing_direct=true resource_overhead_excluded=true step_sum_used=false status=PASS
sample_index=71 cpu_pipeline_ms=396.265 gpu_pipeline_ms=57.3429 cpu_resource_sampling_overhead_ms=0.25477 gpu_resource_sampling_overhead_ms=0.03372 semantic_gates=16/16 timing_direct=true resource_overhead_excluded=true step_sum_used=false status=PASS
sample_index=72 cpu_pipeline_ms=392.121 gpu_pipeline_ms=56.4248 cpu_resource_sampling_overhead_ms=0.196 gpu_resource_sampling_overhead_ms=0.03272 semantic_gates=16/16 timing_direct=true resource_overhead_excluded=true step_sum_used=false status=PASS
sample_index=73 cpu_pipeline_ms=399.339 gpu_pipeline_ms=56.8399 cpu_resource_sampling_overhead_ms=0.226968 gpu_resource_sampling_overhead_ms=0.033059 semantic_gates=16/16 timing_direct=true resource_overhead_excluded=true step_sum_used=false status=PASS
sample_index=74 cpu_pipeline_ms=394.163 gpu_pipeline_ms=56.6487 cpu_resource_sampling_overhead_ms=0.19592 gpu_resource_sampling_overhead_ms=0.034839 semantic_gates=16/16 timing_direct=true resource_overhead_excluded=true step_sum_used=false status=PASS
sample_index=75 cpu_pipeline_ms=401.489 gpu_pipeline_ms=56.774 cpu_resource_sampling_overhead_ms=0.20215 gpu_resource_sampling_overhead_ms=0.03274 semantic_gates=16/16 timing_direct=true resource_overhead_excluded=true step_sum_used=false status=PASS
sample_index=76 cpu_pipeline_ms=397.324 gpu_pipeline_ms=56.3104 cpu_resource_sampling_overhead_ms=0.205129 gpu_resource_sampling_overhead_ms=0.03309 semantic_gates=16/16 timing_direct=true resource_overhead_excluded=true step_sum_used=false status=PASS
sample_index=77 cpu_pipeline_ms=396.878 gpu_pipeline_ms=58.0979 cpu_resource_sampling_overhead_ms=0.184229 gpu_resource_sampling_overhead_ms=0.0351 semantic_gates=16/16 timing_direct=true resource_overhead_excluded=true step_sum_used=false status=PASS
sample_index=78 cpu_pipeline_ms=395.462 gpu_pipeline_ms=57.396 cpu_resource_sampling_overhead_ms=0.24438 gpu_resource_sampling_overhead_ms=0.03213 semantic_gates=16/16 timing_direct=true resource_overhead_excluded=true step_sum_used=false status=PASS
sample_index=79 cpu_pipeline_ms=391.755 gpu_pipeline_ms=57.057 cpu_resource_sampling_overhead_ms=0.21722 gpu_resource_sampling_overhead_ms=0.03293 semantic_gates=16/16 timing_direct=true resource_overhead_excluded=true step_sum_used=false status=PASS
sample_index=80 cpu_pipeline_ms=408.086 gpu_pipeline_ms=56.746 cpu_resource_sampling_overhead_ms=0.169189 gpu_resource_sampling_overhead_ms=0.03338 semantic_gates=16/16 timing_direct=true resource_overhead_excluded=true step_sum_used=false status=PASS
sample_index=81 cpu_pipeline_ms=396.641 gpu_pipeline_ms=56.5818 cpu_resource_sampling_overhead_ms=0.221119 gpu_resource_sampling_overhead_ms=0.0331 semantic_gates=16/16 timing_direct=true resource_overhead_excluded=true step_sum_used=false status=PASS
sample_index=82 cpu_pipeline_ms=395.97 gpu_pipeline_ms=57.1395 cpu_resource_sampling_overhead_ms=0.258439 gpu_resource_sampling_overhead_ms=0.03374 semantic_gates=16/16 timing_direct=true resource_overhead_excluded=true step_sum_used=false status=PASS
sample_index=83 cpu_pipeline_ms=401.127 gpu_pipeline_ms=57.7336 cpu_resource_sampling_overhead_ms=0.23133 gpu_resource_sampling_overhead_ms=0.03365 semantic_gates=16/16 timing_direct=true resource_overhead_excluded=true step_sum_used=false status=PASS
sample_index=84 cpu_pipeline_ms=401.716 gpu_pipeline_ms=56.6781 cpu_resource_sampling_overhead_ms=0.208029 gpu_resource_sampling_overhead_ms=0.03432 semantic_gates=16/16 timing_direct=true resource_overhead_excluded=true step_sum_used=false status=PASS
sample_index=85 cpu_pipeline_ms=400.378 gpu_pipeline_ms=56.8072 cpu_resource_sampling_overhead_ms=0.21005 gpu_resource_sampling_overhead_ms=0.03411 semantic_gates=16/16 timing_direct=true resource_overhead_excluded=true step_sum_used=false status=PASS
sample_index=86 cpu_pipeline_ms=397.771 gpu_pipeline_ms=56.6323 cpu_resource_sampling_overhead_ms=0.189369 gpu_resource_sampling_overhead_ms=0.0328 semantic_gates=16/16 timing_direct=true resource_overhead_excluded=true step_sum_used=false status=PASS
sample_index=87 cpu_pipeline_ms=406.134 gpu_pipeline_ms=56.8266 cpu_resource_sampling_overhead_ms=0.20615 gpu_resource_sampling_overhead_ms=0.03294 semantic_gates=16/16 timing_direct=true resource_overhead_excluded=true step_sum_used=false status=PASS
sample_index=88 cpu_pipeline_ms=395.202 gpu_pipeline_ms=56.5089 cpu_resource_sampling_overhead_ms=0.19883 gpu_resource_sampling_overhead_ms=0.03296 semantic_gates=16/16 timing_direct=true resource_overhead_excluded=true step_sum_used=false status=PASS
sample_index=89 cpu_pipeline_ms=388.682 gpu_pipeline_ms=56.6552 cpu_resource_sampling_overhead_ms=0.17029 gpu_resource_sampling_overhead_ms=0.0336 semantic_gates=16/16 timing_direct=true resource_overhead_excluded=true step_sum_used=false status=PASS
sample_index=90 cpu_pipeline_ms=394.116 gpu_pipeline_ms=56.7643 cpu_resource_sampling_overhead_ms=0.19059 gpu_resource_sampling_overhead_ms=0.03259 semantic_gates=16/16 timing_direct=true resource_overhead_excluded=true step_sum_used=false status=PASS
sample_index=91 cpu_pipeline_ms=396.723 gpu_pipeline_ms=56.6306 cpu_resource_sampling_overhead_ms=0.285209 gpu_resource_sampling_overhead_ms=0.0345 semantic_gates=16/16 timing_direct=true resource_overhead_excluded=true step_sum_used=false status=PASS
sample_index=92 cpu_pipeline_ms=396.693 gpu_pipeline_ms=56.4379 cpu_resource_sampling_overhead_ms=0.21351 gpu_resource_sampling_overhead_ms=0.033659 semantic_gates=16/16 timing_direct=true resource_overhead_excluded=true step_sum_used=false status=PASS
sample_index=93 cpu_pipeline_ms=396.791 gpu_pipeline_ms=56.3338 cpu_resource_sampling_overhead_ms=0.1918 gpu_resource_sampling_overhead_ms=0.03355 semantic_gates=16/16 timing_direct=true resource_overhead_excluded=true step_sum_used=false status=PASS
sample_index=94 cpu_pipeline_ms=395.134 gpu_pipeline_ms=57.5919 cpu_resource_sampling_overhead_ms=0.24028 gpu_resource_sampling_overhead_ms=0.03274 semantic_gates=16/16 timing_direct=true resource_overhead_excluded=true step_sum_used=false status=PASS
sample_index=95 cpu_pipeline_ms=399.529 gpu_pipeline_ms=60.9 cpu_resource_sampling_overhead_ms=0.20858 gpu_resource_sampling_overhead_ms=0.03655 semantic_gates=16/16 timing_direct=true resource_overhead_excluded=true step_sum_used=false status=PASS
sample_index=96 cpu_pipeline_ms=392.77 gpu_pipeline_ms=57.4491 cpu_resource_sampling_overhead_ms=0.23731 gpu_resource_sampling_overhead_ms=0.03449 semantic_gates=16/16 timing_direct=true resource_overhead_excluded=true step_sum_used=false status=PASS
sample_index=97 cpu_pipeline_ms=395.387 gpu_pipeline_ms=56.8332 cpu_resource_sampling_overhead_ms=0.22927 gpu_resource_sampling_overhead_ms=0.03366 semantic_gates=16/16 timing_direct=true resource_overhead_excluded=true step_sum_used=false status=PASS
sample_index=98 cpu_pipeline_ms=392.256 gpu_pipeline_ms=56.5644 cpu_resource_sampling_overhead_ms=0.22745 gpu_resource_sampling_overhead_ms=0.0344 semantic_gates=16/16 timing_direct=true resource_overhead_excluded=true step_sum_used=false status=PASS
sample_index=99 cpu_pipeline_ms=395.15 gpu_pipeline_ms=56.497 cpu_resource_sampling_overhead_ms=0.18511 gpu_resource_sampling_overhead_ms=0.03357 semantic_gates=16/16 timing_direct=true resource_overhead_excluded=true step_sum_used=false status=PASS
function=Task2 frozen full six-step pipeline
call_chain=Step1->Step2;Step2+Step1->Step3;Step3 dual outputs->Step4;Step4->Step5;Step5+Step4+Kalman/delay->Step6
timing=pipeline_total measured directly;not=sum(step timings)
cpu_correlation_method=direct_parallel_exact workers=255
resource_sampling_mode=same_pipeline_execution
status=PASS return_code=0
