command=build_stage08_b03_hilbert2_0b2008e7f76a/stage08_filtering_hilbert2 --dtype FP16 --rows 10 --cols 10 --seed 83220001 --warmup 20 --measured 100 --output /tmp/ZKX_dev/results/stage08_table_rerun_hilbert2_47ebe13410d3/formal/20260810T032656Z_47ebe13410d3_stage08_b03_formal_88320003/hilbert2_probe_raw.json
STAGE08_HILBERT2_PROBE PASS dtype=FP16 shape=10x10 backend=fft_thrust
{"actual_input_digest": "7bf3d9dd871afcc5ed4712c3b535f21bbc4885ebf592d4d20f1626c388a26cdf", "backend": "fft_thrust", "case_id": "hilbert2__hilbert2_fp16_10e2__7bf3d9dd871afcc5", "compute_dtype": "FP32", "dtype_semantics": "actual_typed_array_input_fp32_fft2d_extension", "error_code": "OK", "fft_dtype": "ComplexFP32", "measured_runs": 100, "metrics": {"mse": 4.874292934382342e-13, "relative_l2": 3.209936246946161e-07, "relative_linf": 3.294178994001776e-07, "rmse": 6.98161366331763e-07}, "operator_name": "hilbert2", "output_dtype": "ComplexFP32", "requested_dtype": "FP16", "run_id": "20260810T032656Z_47ebe13410d3_stage08_b03_formal_88320003", "scale_id": "hilbert2_fp16_10e2", "schema_version": 1, "status": "PASS", "typed_input_count": 1, "typed_input_names": "x", "warmup_runs": 20}
[stage08] identity and status
+----------+--------------------+--------+------------+-------+--------+----------+--------------------------+--------+------------+
| target   | scale_id           | device | backend    | dtype | warmup | measured | timing_scope             | status | error_code |
+----------+--------------------+--------+------------+-------+--------+----------+--------------------------+--------+------------+
| hilbert2 | hilbert2_fp16_10e2 | CPU    | fft_thrust | FP16  | 20     | 100      | compatibility/end-to-end | PASS   | OK         |
| hilbert2 | hilbert2_fp16_10e2 | GPU    | fft_thrust | FP16  | 20     | 100      | compatibility/end-to-end | PASS   | OK         |
+----------+--------------------+--------+------------+-------+--------+----------+--------------------------+--------+------------+

[stage08] timing detail
+--------+---------------------+---------------------+---------------------+---------------------+---------------------+---------------------+----------------------+----------------------+----------------------+
| device | mean_ms             | p50_ms              | p95_ms              | p99_ms              | min_ms              | max_ms              | std_ms               | cv                   | speedup              |
+--------+---------------------+---------------------+---------------------+---------------------+---------------------+---------------------+----------------------+----------------------+----------------------+
| CPU    | 0.80120129000000007 | 0.79886400000000002 | 0.81337499999999996 | 0.82387302000000029 | 0.79452900000000004 | 0.87664200000000003 | 0.009401176166092198 | 0.011733850511014776 | NA                   |
| GPU    | 23.920301899999998  | 23.328692           | 27.94126404999999   | 32.861669919999997  | 23.106123           | 33.178758999999999  | 1.9886060101760503   | 0.083134653504354408 | 0.033494614463875146 |
+--------+---------------------+---------------------+---------------------+---------------------+---------------------+---------------------+----------------------+----------------------+----------------------+

[stage08] accuracy detail
+-------------------------------+------------------------+------------------------+------------------------+------------------------+-------------+----------------+-------------------------------------------------------------------------------------------------------+--------+
| accuracy_reference            | mse                    | rmse                   | relative_l2            | relative_linf          | exact_match | mismatch_count | semantic_check                                                                                        | status |
+-------------------------------+------------------------+------------------------+------------------------+------------------------+-------------+----------------+-------------------------------------------------------------------------------------------------------+--------+
| cpu_typed_double_direct_dft2d | 4.8742929343823416e-13 | 6.9816136633176298e-07 | 3.2099362469461613e-07 | 3.2941789940017759e-07 | NA          | NA             | finite_analytic_signal_shape_and_output_dtype_match_cpu:shape=[10, 10];fft_shape=[10, 10];finite=true | PASS   |
+-------------------------------+------------------------+------------------------+------------------------+------------------------+-------------+----------------+-------------------------------------------------------------------------------------------------------+--------+

[stage08] resource detail
+--------+------------+--------------+-------------+------------+-------------+
| device | metric     | before_bytes | after_bytes | peak_bytes | delta_bytes |
+--------+------------+--------------+-------------+------------+-------------+
| CPU    | cpu_heap   | 1935712      | 1942736     | 1942736    | 7024        |
| CPU    | rss        | 71163904     | 71163904    | 71163904   | 0           |
| GPU    | cpu_heap   | 1942736      | 1945584     | 1945584    | 2848        |
| GPU    | rss        | 71163904     | 71163904    | 71163904   | 0           |
| GPU    | gpu_memory | 341000192    | 341000192   | 341000192  | 0           |
+--------+------------+--------------+-------------+------------+-------------+

[stage08] input/output identity
+--------+------------------------------------------------------------------+------------------------------------------------------------------+
| device | input_digest                                                     | output_digest                                                    |
+--------+------------------------------------------------------------------+------------------------------------------------------------------+
| CPU    | 7bf3d9dd871afcc5ed4712c3b535f21bbc4885ebf592d4d20f1626c388a26cdf | fe29b388532433af8670b1532d602852671912fb0652d8aa40e112f76e57a996 |
| GPU    | 7bf3d9dd871afcc5ed4712c3b535f21bbc4885ebf592d4d20f1626c388a26cdf | 8bb7448b0e6b420bcbdf6836cbfceac424a0888d763a8a5e19b0327e87e5a02d |
+--------+------------------------------------------------------------------+------------------------------------------------------------------+

[stage08] dtype evidence
+-----------------+--------------------+--------------+------------------------------------------------------------------+--------+
| requested_dtype | config_input_dtype | output_dtype | actual_input_digest                                              | status |
+-----------------+--------------------+--------------+------------------------------------------------------------------+--------+
| FP16            | NA                 | ComplexFP32  | 7bf3d9dd871afcc5ed4712c3b535f21bbc4885ebf592d4d20f1626c388a26cdf | PASS   |
+-----------------+--------------------+--------------+------------------------------------------------------------------+--------+

[stage08] evidence files
+----------------+-------------------------------------------------------------------------------------------------------------------------------------------------------------------------------------------------------------------------------------------+
| kind           | path                                                                                                                                                                                                                                      |
+----------------+-------------------------------------------------------------------------------------------------------------------------------------------------------------------------------------------------------------------------------------------+
| probe_raw_json | /tmp/ZKX_dev/results/stage08_table_rerun_hilbert2_47ebe13410d3/formal/20260810T032656Z_47ebe13410d3_stage08_b03_formal_88320003/hilbert2_probe_raw.json                                                                                   |
| dtype_csv      | /tmp/ZKX_dev/results/stage08_table_rerun_hilbert2_47ebe13410d3/formal/20260810T032656Z_47ebe13410d3_stage08_b03_formal_88320003/operator_dtype_evidence_hilbert2_fft_thrust_20260810T032656Z_47ebe13410d3_stage08_b03_formal_88320003.csv |
| memory_csv     | /tmp/ZKX_dev/results/stage08_table_rerun_hilbert2_47ebe13410d3/formal/20260810T032656Z_47ebe13410d3_stage08_b03_formal_88320003/operator_filtering_hilbert2_memory_trace_fft_thrust.csv                                                   |
| full_log       | /tmp/ZKX_dev/results/stage08_table_rerun_hilbert2_47ebe13410d3/formal/20260810T032656Z_47ebe13410d3_stage08_b03_formal_88320003/operator_hilbert2_full.log                                                                                |
| report_json    | /tmp/ZKX_dev/results/stage08_table_rerun_hilbert2_47ebe13410d3/formal/20260810T032656Z_47ebe13410d3_stage08_b03_formal_88320003/operator_hilbert2_report.json                                                                             |
| summary_txt    | /tmp/ZKX_dev/results/stage08_table_rerun_hilbert2_47ebe13410d3/formal/20260810T032656Z_47ebe13410d3_stage08_b03_formal_88320003/operator_hilbert2_summary.txt                                                                             |
| main_csv       | /tmp/ZKX_dev/results/stage08_table_rerun_hilbert2_47ebe13410d3/formal/20260810T032656Z_47ebe13410d3_stage08_b03_formal_88320003/operator_main_results_hilbert2_fft_thrust_20260810T032656Z_47ebe13410d3_stage08_b03_formal_88320003.csv   |
| timing_csv     | /tmp/ZKX_dev/results/stage08_table_rerun_hilbert2_47ebe13410d3/formal/20260810T032656Z_47ebe13410d3_stage08_b03_formal_88320003/operator_timing_samples_hilbert2_fft_thrust_20260810T032656Z_47ebe13410d3_stage08_b03_formal_88320003.csv |
+----------------+-------------------------------------------------------------------------------------------------------------------------------------------------------------------------------------------------------------------------------------------+
