command=build_stage08_b07_qmf_4948b3e7dd01/stage08_wavelets_qmf --dtype INT32 --elements 10000 --seed 87300009 --warmup 20 --measured 100 --output /tmp/ZKX_dev/results/stage08_input_preview_b07_qmf_ed9b9505e41d/formal/20260810T090750Z_ed9b9505e41d_stage08_b07_formal_87530008/qmf_probe_raw.json
{"run_id": "20260810T090750Z_ed9b9505e41d_stage08_b07_formal_87530008", "case_id": "qmf__qmf_int32_10e4__d20179895c2a3864", "operator_name": "qmf", "scale_id": "qmf_int32_10e4", "requested_dtype": "INT32", "output_dtype": "INT64", "backend": "not_applicable", "input_count": 10000, "output_count": 10000, "warmup_runs": 20, "measured_runs": 100, "mse": 0, "rmse": 0, "relative_l2": 0, "relative_linf": 0, "status": "PASS", "error_code": "OK"}
[stage08] identity and status
+--------+----------------+--------+----------------+-------+--------+----------+--------------------------+--------+------------+
| target | scale_id       | device | backend        | dtype | warmup | measured | timing_scope             | status | error_code |
+--------+----------------+--------+----------------+-------+--------+----------+--------------------------+--------+------------+
| qmf    | qmf_int32_10e4 | CPU    | not_applicable | INT32 | 20     | 100      | compatibility/end-to-end | PASS   | OK         |
| qmf    | qmf_int32_10e4 | GPU    | not_applicable | INT32 | 20     | 100      | compatibility/end-to-end | PASS   | OK         |
+--------+----------------+--------+----------------+-------+--------+----------+--------------------------+--------+------------+

[stage08] timing detail
+--------+------------+----------+------------+---------------------+----------+----------+-----------------------+--------------------+---------------------+
| device | mean_ms    | p50_ms   | p95_ms     | p99_ms              | min_ms   | max_ms   | std_ms                | cv                 | speedup             |
+--------+------------+----------+------------+---------------------+----------+----------+-----------------------+--------------------+---------------------+
| CPU    | 0.11465491 | 0.113799 | 0.11724355 | 0.12363920000000005 | 0.113649 | 0.13148  | 0.0024472498241699817 | 0.0213444834082551 | NA                  |
| GPU    | 0.32120108 | 0.314324 | 0.38385705 | 0.4302111300000003  | 0.286473 | 0.482397 | 0.031923422723348444  | 0.0993876568638824 | 0.35695680101698285 |
+--------+------------+----------+------------+---------------------+----------+----------+-----------------------+--------------------+---------------------+

[stage08] accuracy detail
+-----------------------------+-----+------+-------------+---------------+-------------+----------------+---------------------------------------+--------+
| accuracy_reference          | mse | rmse | relative_l2 | relative_linf | exact_match | mismatch_count | semantic_check                        | status |
+-----------------------------+-----+------+-------------+---------------+-------------+----------------+---------------------------------------+--------+
| cpu_qmf_int64_index_formula | 0   | 0    | 0           | 0             | NA          | NA             | output_count=10000;output_dtype=INT64 | PASS   |
+-----------------------------+-----+------+-------------+---------------+-------------+----------------+---------------------------------------+--------+

[stage08] resource detail
+--------+------------+--------------+-------------+------------+-------------+
| device | metric     | before_bytes | after_bytes | peak_bytes | delta_bytes |
+--------+------------+--------------+-------------+------------+-------------+
| CPU    | cpu_heap   | 1522928      | 1726288     | 1726288    | 203360      |
| CPU    | rss        | 69726208     | 69726208    | 69726208   | 0           |
| GPU    | cpu_heap   | 1726336      | 1809392     | 1809392    | 83056       |
| GPU    | rss        | 69726208     | 69726208    | 69726208   | 0           |
| GPU    | gpu_memory | 391544832    | 391544832   | 391544832  | 0           |
+--------+------------+--------------+-------------+------------+-------------+

[stage08] input/output identity
+--------+------------------------------------------------------------------+------------------------------------------------------------------+
| device | input_digest                                                     | output_digest                                                    |
+--------+------------------------------------------------------------------+------------------------------------------------------------------+
| CPU    | d20179895c2a38641238085efbe18e0ea99ba0a2e86b59a53736aed6a56e3888 | 202ee4b01f38071cdd074fe5d438bd8402fddbc380ee57bf20efcd6e08295250 |
| GPU    | d20179895c2a38641238085efbe18e0ea99ba0a2e86b59a53736aed6a56e3888 | 202ee4b01f38071cdd074fe5d438bd8402fddbc380ee57bf20efcd6e08295250 |
+--------+------------------------------------------------------------------+------------------------------------------------------------------+

[stage08] input content
+------------+---------+-------+----------+------------------------------------------------------+----------------------------------------------------+
| input_name | shape   | dtype | elements | generator                                            | values(head4/tail2)                                |
+------------+---------+-------+----------+------------------------------------------------------+----------------------------------------------------+
| hk         | [10000] | INT32 | 10000    | qmf_sinusoid_or_modular(seed=87300009,integral=true) | i=0:-43;i=1:-36;i=2:-29;i=3:-22;i=9998:6;i=9999:13 |
+------------+---------+-------+----------+------------------------------------------------------+----------------------------------------------------+

[stage08] case parameters
+--------------------------------------------------------+
| parameters                                             |
+--------------------------------------------------------+
| {"dtype":"INT32","elements":"10000","seed":"87300009"} |
+--------------------------------------------------------+

[stage08] dtype evidence
+-----------------+--------------------+--------------+------------------------------------------------------------------+--------+
| requested_dtype | config_input_dtype | output_dtype | actual_input_digest                                              | status |
+-----------------+--------------------+--------------+------------------------------------------------------------------+--------+
| INT32           | NA                 | INT64        | d20179895c2a38641238085efbe18e0ea99ba0a2e86b59a53736aed6a56e3888 | PASS   |
+-----------------+--------------------+--------------+------------------------------------------------------------------+--------+

[stage08] evidence files
+----------------+-------------------------------------------------------------------------------------------------------------------------------------------------------------------------------------------------------------------------------------------+
| kind           | path                                                                                                                                                                                                                                      |
+----------------+-------------------------------------------------------------------------------------------------------------------------------------------------------------------------------------------------------------------------------------------+
| dtype_csv      | /tmp/ZKX_dev/results/stage08_input_preview_b07_qmf_ed9b9505e41d/formal/20260810T090750Z_ed9b9505e41d_stage08_b07_formal_87530008/operator_dtype_evidence_qmf_not_applicable_20260810T090750Z_ed9b9505e41d_stage08_b07_formal_87530008.csv |
| main_csv       | /tmp/ZKX_dev/results/stage08_input_preview_b07_qmf_ed9b9505e41d/formal/20260810T090750Z_ed9b9505e41d_stage08_b07_formal_87530008/operator_main_results_qmf_not_applicable_20260810T090750Z_ed9b9505e41d_stage08_b07_formal_87530008.csv   |
| full_log       | /tmp/ZKX_dev/results/stage08_input_preview_b07_qmf_ed9b9505e41d/formal/20260810T090750Z_ed9b9505e41d_stage08_b07_formal_87530008/operator_qmf_full.log                                                                                    |
| report_json    | /tmp/ZKX_dev/results/stage08_input_preview_b07_qmf_ed9b9505e41d/formal/20260810T090750Z_ed9b9505e41d_stage08_b07_formal_87530008/operator_qmf_report.json                                                                                 |
| summary_txt    | /tmp/ZKX_dev/results/stage08_input_preview_b07_qmf_ed9b9505e41d/formal/20260810T090750Z_ed9b9505e41d_stage08_b07_formal_87530008/operator_qmf_summary.txt                                                                                 |
| timing_csv     | /tmp/ZKX_dev/results/stage08_input_preview_b07_qmf_ed9b9505e41d/formal/20260810T090750Z_ed9b9505e41d_stage08_b07_formal_87530008/operator_timing_samples_qmf_not_applicable_20260810T090750Z_ed9b9505e41d_stage08_b07_formal_87530008.csv |
| memory_csv     | /tmp/ZKX_dev/results/stage08_input_preview_b07_qmf_ed9b9505e41d/formal/20260810T090750Z_ed9b9505e41d_stage08_b07_formal_87530008/operator_wavelets_qmf_memory_trace_not_applicable.csv                                                    |
| probe_raw_json | /tmp/ZKX_dev/results/stage08_input_preview_b07_qmf_ed9b9505e41d/formal/20260810T090750Z_ed9b9505e41d_stage08_b07_formal_87530008/qmf_probe_raw.json                                                                                       |
+----------------+-------------------------------------------------------------------------------------------------------------------------------------------------------------------------------------------------------------------------------------------+
