[stage08-b01] operator=general_gaussian entry=cpu:general_gaussian_typed_cpu gpu:general_gaussian_device
[stage08-b01] config=test_all/configs/operators/windows/general_gaussian/operator_scales.json config_sha256=5d6f2dd75b763122028b82c7fc144e476d8fa07150cda991f6306e7007f350ee
[stage08-b01] run_type=formal scale=general_gaussian_int32_10e4 dtype=INT32 sym=true backend=not_applicable
[stage08-b01] dtype_semantics=actual_typed_scalar_inputs typed_input_count=2 actual_input_digest=c35f5b65eaf07102d8b6a59740873600859d855295acdd17afebb0463c9469cd
[stage08-b01] timing_scope=compatibility/end-to-end warmup=20 measured=100
[stage08-b01] cpu_mean_ms=0.41905272000000016 gpu_mean_ms=0.31319870999999994 speedup=1.3379771583350399
[stage08-b01] mse=6.9879304845031007e-16 rmse=2.6434694029822061e-08 relative_l2=4.338441763749717e-08 relative_linf=1.136187538497426e-07
[stage08-b01] resources=available cuda_event_ms=0.33432400226593018
[stage08-b01] status=PASS error_code=OK
[stage08] identity and status
target           | scale_id                    | device | backend        | dtype | warmup | measured | timing_scope             | status | error_code
general_gaussian | general_gaussian_int32_10e4 | CPU    | not_applicable | INT32 | 20     | 100      | compatibility/end-to-end | PASS   | OK        
general_gaussian | general_gaussian_int32_10e4 | GPU    | not_applicable | INT32 | 20     | 100      | compatibility/end-to-end | PASS   | OK        

[stage08] timing detail
device | mean_ms             | p50_ms              | p95_ms              | p99_ms              | min_ms              | max_ms              | std_ms               | cv                   | speedup           
CPU    | 0.41905272000000016 | 0.41663600000000001 | 0.42558299999999999 | 0.43740629000000047 | 0.41405199999999998 | 0.53485099999999997 | 0.012116187183334529 | 0.028913276552254629 | NA                
GPU    | 0.31319870999999994 | 0.31028100000000003 | 0.3225635           | 0.37645370000000061 | 0.29976999999999998 | 0.492452            | 0.019852838489392392 | 0.063387357149052109 | 1.3379771583350399

[stage08] accuracy detail
accuracy_reference  | mse                    | rmse                   | relative_l2           | relative_linf         | exact_match | mismatch_count | semantic_check                                                                                 | status
cpu_typed_reference | 6.9879304845031007e-16 | 2.6434694029822061e-08 | 4.338441763749717e-08 | 1.136187538497426e-07 | NA          | NA             | finite_fp64_window_shape_power_width_and_symmetry_match_cpu:shape=[10000];finite=true;sym=true | PASS  

[stage08] resource detail
device | metric     | before_bytes | after_bytes | peak_bytes | delta_bytes
CPU    | cpu_heap   | 1567536      | 1571392     | 1650288    | 3856       
CPU    | rss        | 71499776     | 71499776    | 71499776   | 0          
GPU    | cpu_heap   | 1571392      | 1574512     | 1653360    | 3120       
GPU    | rss        | 71499776     | 71499776    | 71499776   | 0          
GPU    | gpu_memory | 341000192    | 341000192   | 341000192  | 0          

[stage08] input/output identity
device | input_digest                                                     | output_digest                                                   
CPU    | c35f5b65eaf07102d8b6a59740873600859d855295acdd17afebb0463c9469cd | b059482b631d78b1c378be75075c9d431651642604f6af00e63de9fc53b9981b
GPU    | c35f5b65eaf07102d8b6a59740873600859d855295acdd17afebb0463c9469cd | 7badf42253768acebb6f171d77aa48b092814f62e6546f2fb4be3a463c13eae9

[stage08] input content
input_name       | shape   | dtype       | elements | generator                                           | values(head4/tail2)                                                                                  
window_positions | [10000] | INDEX_INT64 | 10000    | implicit_window_index_domain(no_materialized_array) | i=0:position=0;i=1:position=1;i=2:position=2;i=3:position=3;i=9998:position=9998;i=9999:position=9999
power            | scalar  | INT32       | 1        | exact_config_scalar                                 | value=2                                                                                              
width            | scalar  | INT32       | 1        | exact_config_scalar                                 | value=2048                                                                                           

[stage08] case parameters
parameters                                                                  
{"length":10000,"requested_dtype":"INT32","sym":true,"power":2,"width":2048}

[stage08] dtype evidence
requested_dtype | config_input_dtype | output_dtype | actual_input_digest                                              | status
INT32           | INT32              | FP64         | c35f5b65eaf07102d8b6a59740873600859d855295acdd17afebb0463c9469cd | PASS  

[stage08] evidence files
kind        | path                                                                                                                                                                                                                                                               
main_csv    | /tmp/ZKX_dev/results/stage08_input_preview_b01_general_gaussian_8b745f9a6864/formal/20260810T082123Z_8b745f9a6864_stage08_b01_formal_a1030011/operator_main_results_general_gaussian_not_applicable_20260810T082123Z_8b745f9a6864_stage08_b01_formal_a1030011.csv  
timing_csv  | /tmp/ZKX_dev/results/stage08_input_preview_b01_general_gaussian_8b745f9a6864/formal/20260810T082123Z_8b745f9a6864_stage08_b01_formal_a1030011/operator_timing_samples_general_gaussian_not_applicable_20260810T082123Z_8b745f9a6864_stage08_b01_formal_a1030011.csv
memory_csv  | /tmp/ZKX_dev/results/stage08_input_preview_b01_general_gaussian_8b745f9a6864/formal/20260810T082123Z_8b745f9a6864_stage08_b01_formal_a1030011/operator_windows_general_gaussian_memory_trace_not_applicable.csv                                                    
input_csv   | /tmp/ZKX_dev/results/stage08_input_preview_b01_general_gaussian_8b745f9a6864/formal/20260810T082123Z_8b745f9a6864_stage08_b01_formal_a1030011/operator_input_evidence_general_gaussian_not_applicable_20260810T082123Z_8b745f9a6864_stage08_b01_formal_a1030011.csv
dtype_csv   | /tmp/ZKX_dev/results/stage08_input_preview_b01_general_gaussian_8b745f9a6864/formal/20260810T082123Z_8b745f9a6864_stage08_b01_formal_a1030011/operator_dtype_evidence_general_gaussian_not_applicable_20260810T082123Z_8b745f9a6864_stage08_b01_formal_a1030011.csv
module_csv  | /tmp/ZKX_dev/results/stage08_input_preview_b01_general_gaussian_8b745f9a6864/formal/20260810T082123Z_8b745f9a6864_stage08_b01_formal_a1030011/windows_batch01_module_summary_not_applicable_20260810T082123Z_8b745f9a6864_stage08_b01_formal_a1030011.csv          
report_json | /tmp/ZKX_dev/results/stage08_input_preview_b01_general_gaussian_8b745f9a6864/formal/20260810T082123Z_8b745f9a6864_stage08_b01_formal_a1030011/operator_general_gaussian_report.json                                                                                
summary_txt | /tmp/ZKX_dev/results/stage08_input_preview_b01_general_gaussian_8b745f9a6864/formal/20260810T082123Z_8b745f9a6864_stage08_b01_formal_a1030011/operator_general_gaussian_summary.txt                                                                                
full_log    | /tmp/ZKX_dev/results/stage08_input_preview_b01_general_gaussian_8b745f9a6864/formal/20260810T082123Z_8b745f9a6864_stage08_b01_formal_a1030011/operator_general_gaussian_full.log                                                                                   
results_dir | /tmp/ZKX_dev/results/stage08_input_preview_b01_general_gaussian_8b745f9a6864/formal/20260810T082123Z_8b745f9a6864_stage08_b01_formal_a1030011                                                                                                                      
