command=build/stage07_b06_kalman_filter_6132f71/stage07_kalman_filter --dtype INT32 --count 128 --order 3 --warmup 20 --measured 100 --output /tmp/ZKX_dev/results/stage07_b06_formal_6132f71/formal/20260810T110508Z_6132f71eb1e0_stage07_b06_formal_4067d4d0/kalman_filter_probe_raw.json
STAGE07_TASK_FINAL_PROBE PASS operator=kalman_filter dtype=INT32
{"run_id": "20260810T110508Z_6132f71eb1e0_stage07_b06_formal_4067d4d0", "case_id": "kalman_filter__kalman_filter_int32_10e2__6726eb0ec4b2013d", "operator_name": "kalman_filter", "task_name": "Task2", "step_name": "Step6", "scale_id": "kalman_filter_int32_10e2", "requested_dtype": "INT32", "input_content": [{"input_name": "observations", "shape": "[128]", "dtype": "INT32", "element_count": "128", "generator": "deterministic_task2_observations", "preview_head4_tail2": "i=0:1;i=1:1;i=2:1;i=3:1;i=126:1;i=127:1"}], "case_parameters": {"observation_count": 128, "f": 1, "q": 1, "alpha_sq": 1, "h": 1, "r": 2, "output_count": 2, "execution_dtype": "FP32_TASK_SEQUENCE"}, "output_dtype": "FP32_STATE_COVARIANCE", "backend": "not_applicable", "warmup_runs": 20, "measured_runs": 100, "output_count": 2, "actual_input_digest": "6726eb0ec4b2013d96be6e44c593b6587642e1df17ce2b652cfaf173b3db8386", "typed_array_digest": "d585e10d1e2240e9af79fc1cf8d11e11420b5306480b469b587e85630fcb0c9f", "status": "PASS", "error_code": "OK", "mse": 0, "rmse": 0, "relative_l2": 0, "relative_linf": 0}
[stage07] identity and status
+---------------+--------------------------+--------+----------------+-------+--------+----------+--------------------------+--------+------------+
| target        | scale_id                 | device | backend        | dtype | warmup | measured | timing_scope             | status | error_code |
+---------------+--------------------------+--------+----------------+-------+--------+----------+--------------------------+--------+------------+
| kalman_filter | kalman_filter_int32_10e2 | CPU    | not_applicable | INT32 | 20     | 100      | compatibility/end-to-end | PASS   | OK         |
| kalman_filter | kalman_filter_int32_10e2 | GPU    | not_applicable | INT32 | 20     | 100      | compatibility/end-to-end | PASS   | OK         |
+---------------+--------------------------+--------+----------------+-------+--------+----------+--------------------------+--------+------------+

[stage07] timing detail
+--------+---------------------+--------------------+------------+---------------------+----------+----------+-----------------------+----------------------+---------------------+
| device | mean_ms             | p50_ms             | p95_ms     | p99_ms              | min_ms   | max_ms   | std_ms                | cv                   | speedup             |
+--------+---------------------+--------------------+------------+---------------------+----------+----------+-----------------------+----------------------+---------------------+
| CPU    | 0.07000738000000001 | 0.070041           | 0.07006695 | 0.07037879000000004 | 0.069741 | 0.078971 | 0.0009136026355040794 | 0.013050090369102218 | NA                  |
| GPU    | 0.95542265          | 0.9464319999999999 | 1.0058265  | 1.0825216200000005  | 0.917706 | 1.203462 | 0.03585512278137533   | 0.03752802257867272  | 0.07327372864773513 |
+--------+---------------------+--------------------+------------+---------------------+----------+----------+-----------------------+----------------------+---------------------+

[stage07] accuracy detail
+---------------------------+-----+------+-------------+---------------+-------------+----------------+-------------------------------------------------------------------------+--------+
| reference                 | mse | rmse | relative_l2 | relative_linf | exact_match | mismatch_count | semantic_check                                                          | status |
+---------------------------+-----+------+-------------+---------------+-------------+----------------+-------------------------------------------------------------------------+--------+
| typed_cpu_task2_reference | 0   | 0    | 0           | 0             | NA          | NA             | output_count=2;output_dtype=FP32_STATE_COVARIANCE;task_gpu_call=present | PASS   |
+---------------------------+-----+------+-------------+---------------+-------------+----------------+-------------------------------------------------------------------------+--------+

[stage07] resource detail
+--------+------------+--------------+-------------+------------+-------------+
| device | metric     | before_bytes | after_bytes | peak_bytes | delta_bytes |
+--------+------------+--------------+-------------+------------+-------------+
| CPU    | cpu_heap   | 1372704      | 1376064     | 1376064    | 3360        |
| CPU    | rss        | 69849088     | 70107136    | 70107136   | 258048      |
| GPU    | cpu_heap   | 1376224      | 1378896     | 1381792    | 2672        |
| GPU    | rss        | 70107136     | 70107136    | 70107136   | 0           |
| GPU    | gpu_memory | 341000192    | 341000192   | 341000192  | 0           |
+--------+------------+--------------+-------------+------------+-------------+

[stage07] input content
+--------------+-------+-------+----------+----------------------------------+-----------------------------------------+
| input_name   | shape | dtype | elements | generator                        | values(head4/tail2)                     |
+--------------+-------+-------+----------+----------------------------------+-----------------------------------------+
| observations | [128] | INT32 | 128      | deterministic_task2_observations | i=0:1;i=1:1;i=2:1;i=3:1;i=126:1;i=127:1 |
+--------------+-------+-------+----------+----------------------------------+-----------------------------------------+

[stage07] case parameters
+------------------------------------------------------------------------------------------------------------------------+
| parameters                                                                                                             |
+------------------------------------------------------------------------------------------------------------------------+
| {"alpha_sq":1,"execution_dtype":"FP32_TASK_SEQUENCE","f":1,"h":1,"observation_count":128,"output_count":2,"q":1,"r":2} |
+------------------------------------------------------------------------------------------------------------------------+

[stage07] input and output identity
+--------+------------------------------------------------------------------+------------------------------------------------------------------+
| device | input_digest                                                     | output_digest                                                    |
+--------+------------------------------------------------------------------+------------------------------------------------------------------+
| CPU    | 6726eb0ec4b2013d96be6e44c593b6587642e1df17ce2b652cfaf173b3db8386 | 80b8fd6d60fa85fd14a38b5295cb92abd80dfec5ca406c9f969609a79d36809d |
| GPU    | 6726eb0ec4b2013d96be6e44c593b6587642e1df17ce2b652cfaf173b3db8386 | 80b8fd6d60fa85fd14a38b5295cb92abd80dfec5ca406c9f969609a79d36809d |
+--------+------------------------------------------------------------------+------------------------------------------------------------------+

[stage07] dtype evidence
+-----------------+--------------------+-----------------------+------------------------------------------------------------------+------------------------------------------------------------------+----------------------+
| requested_dtype | config_input_dtype | output_dtype          | typed_array_digest                                               | actual_input_digest                                              | task_gpu_call_status |
+-----------------+--------------------+-----------------------+------------------------------------------------------------------+------------------------------------------------------------------+----------------------+
| INT32           | INT32              | FP32_STATE_COVARIANCE | d585e10d1e2240e9af79fc1cf8d11e11420b5306480b469b587e85630fcb0c9f | 6726eb0ec4b2013d96be6e44c593b6587642e1df17ce2b652cfaf173b3db8386 | proved_gpu_cpu       |
+-----------------+--------------------+-----------------------+------------------------------------------------------------------+------------------------------------------------------------------+----------------------+

[stage07] evidence files
+-------------+-------------------------------------------------------------------------------------------------------------------------------------------------------------------------------------------------------------------------------------+
| kind        | path                                                                                                                                                                                                                                |
+-------------+-------------------------------------------------------------------------------------------------------------------------------------------------------------------------------------------------------------------------------------+
| main_csv    | /tmp/ZKX_dev/results/stage07_b06_formal_6132f71/formal/20260810T110508Z_6132f71eb1e0_stage07_b06_formal_4067d4d0/operator_main_results_kalman_filter_not_applicable_20260810T110508Z_6132f71eb1e0_stage07_b06_formal_4067d4d0.csv   |
| timing_csv  | /tmp/ZKX_dev/results/stage07_b06_formal_6132f71/formal/20260810T110508Z_6132f71eb1e0_stage07_b06_formal_4067d4d0/operator_timing_samples_kalman_filter_not_applicable_20260810T110508Z_6132f71eb1e0_stage07_b06_formal_4067d4d0.csv |
| memory_csv  | /tmp/ZKX_dev/results/stage07_b06_formal_6132f71/formal/20260810T110508Z_6132f71eb1e0_stage07_b06_formal_4067d4d0/operator_estimation_kalman_filter_memory_trace_not_applicable.csv                                                  |
| dtype_csv   | /tmp/ZKX_dev/results/stage07_b06_formal_6132f71/formal/20260810T110508Z_6132f71eb1e0_stage07_b06_formal_4067d4d0/operator_dtype_evidence_kalman_filter_not_applicable_20260810T110508Z_6132f71eb1e0_stage07_b06_formal_4067d4d0.csv |
| report_json | /tmp/ZKX_dev/results/stage07_b06_formal_6132f71/formal/20260810T110508Z_6132f71eb1e0_stage07_b06_formal_4067d4d0/operator_kalman_filter_report.json                                                                                 |
| summary_txt | /tmp/ZKX_dev/results/stage07_b06_formal_6132f71/formal/20260810T110508Z_6132f71eb1e0_stage07_b06_formal_4067d4d0/operator_kalman_filter_summary.txt                                                                                 |
| full_log    | /tmp/ZKX_dev/results/stage07_b06_formal_6132f71/formal/20260810T110508Z_6132f71eb1e0_stage07_b06_formal_4067d4d0/operator_kalman_filter_full.log                                                                                    |
| result_dir  | /tmp/ZKX_dev/results/stage07_b06_formal_6132f71/formal/20260810T110508Z_6132f71eb1e0_stage07_b06_formal_4067d4d0                                                                                                                    |
+-------------+-------------------------------------------------------------------------------------------------------------------------------------------------------------------------------------------------------------------------------------+
