sample_index=0 cpu_pipeline_ms=35.5542 gpu_pipeline_ms=6.96011 cpu_resource_sampling_overhead_ms=0.153333 gpu_resource_sampling_overhead_ms=0.03254 semantic_gates=16/16 timing_direct=true resource_overhead_excluded=true step_sum_used=false status=PASS
sample_index=1 cpu_pipeline_ms=35.974 gpu_pipeline_ms=7.03328 cpu_resource_sampling_overhead_ms=0.124242 gpu_resource_sampling_overhead_ms=0.03193 semantic_gates=16/16 timing_direct=true resource_overhead_excluded=true step_sum_used=false status=PASS
sample_index=2 cpu_pipeline_ms=35.7356 gpu_pipeline_ms=6.99932 cpu_resource_sampling_overhead_ms=0.130722 gpu_resource_sampling_overhead_ms=0.03132 semantic_gates=16/16 timing_direct=true resource_overhead_excluded=true step_sum_used=false status=PASS
sample_index=3 cpu_pipeline_ms=35.7035 gpu_pipeline_ms=6.9381 cpu_resource_sampling_overhead_ms=0.12693 gpu_resource_sampling_overhead_ms=0.03237 semantic_gates=16/16 timing_direct=true resource_overhead_excluded=true step_sum_used=false status=PASS
sample_index=4 cpu_pipeline_ms=35.4412 gpu_pipeline_ms=7.09579 cpu_resource_sampling_overhead_ms=0.140822 gpu_resource_sampling_overhead_ms=0.03411 semantic_gates=16/16 timing_direct=true resource_overhead_excluded=true step_sum_used=false status=PASS
sample_index=5 cpu_pipeline_ms=38.183 gpu_pipeline_ms=7.074 cpu_resource_sampling_overhead_ms=0.126561 gpu_resource_sampling_overhead_ms=0.03205 semantic_gates=16/16 timing_direct=true resource_overhead_excluded=true step_sum_used=false status=PASS
sample_index=6 cpu_pipeline_ms=35.9623 gpu_pipeline_ms=7.18853 cpu_resource_sampling_overhead_ms=0.128301 gpu_resource_sampling_overhead_ms=0.03137 semantic_gates=16/16 timing_direct=true resource_overhead_excluded=true step_sum_used=false status=PASS
sample_index=7 cpu_pipeline_ms=35.7395 gpu_pipeline_ms=6.98166 cpu_resource_sampling_overhead_ms=0.13166 gpu_resource_sampling_overhead_ms=0.03218 semantic_gates=16/16 timing_direct=true resource_overhead_excluded=true step_sum_used=false status=PASS
sample_index=8 cpu_pipeline_ms=35.6 gpu_pipeline_ms=7.15599 cpu_resource_sampling_overhead_ms=0.128511 gpu_resource_sampling_overhead_ms=0.0318 semantic_gates=16/16 timing_direct=true resource_overhead_excluded=true step_sum_used=false status=PASS
sample_index=9 cpu_pipeline_ms=35.7848 gpu_pipeline_ms=7.00953 cpu_resource_sampling_overhead_ms=0.125231 gpu_resource_sampling_overhead_ms=0.0322 semantic_gates=16/16 timing_direct=true resource_overhead_excluded=true step_sum_used=false status=PASS
sample_index=10 cpu_pipeline_ms=35.7965 gpu_pipeline_ms=6.81136 cpu_resource_sampling_overhead_ms=0.122291 gpu_resource_sampling_overhead_ms=0.03151 semantic_gates=16/16 timing_direct=true resource_overhead_excluded=true step_sum_used=false status=PASS
sample_index=11 cpu_pipeline_ms=35.7118 gpu_pipeline_ms=7.14218 cpu_resource_sampling_overhead_ms=0.14907 gpu_resource_sampling_overhead_ms=0.03151 semantic_gates=16/16 timing_direct=true resource_overhead_excluded=true step_sum_used=false status=PASS
sample_index=12 cpu_pipeline_ms=35.5128 gpu_pipeline_ms=6.82092 cpu_resource_sampling_overhead_ms=0.124802 gpu_resource_sampling_overhead_ms=0.03195 semantic_gates=16/16 timing_direct=true resource_overhead_excluded=true step_sum_used=false status=PASS
sample_index=13 cpu_pipeline_ms=35.7952 gpu_pipeline_ms=6.24914 cpu_resource_sampling_overhead_ms=0.131541 gpu_resource_sampling_overhead_ms=0.03272 semantic_gates=16/16 timing_direct=true resource_overhead_excluded=true step_sum_used=false status=PASS
sample_index=14 cpu_pipeline_ms=35.8386 gpu_pipeline_ms=6.23182 cpu_resource_sampling_overhead_ms=0.12214 gpu_resource_sampling_overhead_ms=0.03226 semantic_gates=16/16 timing_direct=true resource_overhead_excluded=true step_sum_used=false status=PASS
sample_index=15 cpu_pipeline_ms=35.5693 gpu_pipeline_ms=6.28908 cpu_resource_sampling_overhead_ms=0.14598 gpu_resource_sampling_overhead_ms=0.03177 semantic_gates=16/16 timing_direct=true resource_overhead_excluded=true step_sum_used=false status=PASS
sample_index=16 cpu_pipeline_ms=35.5335 gpu_pipeline_ms=6.12785 cpu_resource_sampling_overhead_ms=0.139664 gpu_resource_sampling_overhead_ms=0.032 semantic_gates=16/16 timing_direct=true resource_overhead_excluded=true step_sum_used=false status=PASS
sample_index=17 cpu_pipeline_ms=35.8447 gpu_pipeline_ms=6.23664 cpu_resource_sampling_overhead_ms=0.135821 gpu_resource_sampling_overhead_ms=0.03322 semantic_gates=16/16 timing_direct=true resource_overhead_excluded=true step_sum_used=false status=PASS
sample_index=18 cpu_pipeline_ms=37.8551 gpu_pipeline_ms=6.40361 cpu_resource_sampling_overhead_ms=0.12129 gpu_resource_sampling_overhead_ms=0.03159 semantic_gates=16/16 timing_direct=true resource_overhead_excluded=true step_sum_used=false status=PASS
sample_index=19 cpu_pipeline_ms=35.5769 gpu_pipeline_ms=6.28575 cpu_resource_sampling_overhead_ms=0.12104 gpu_resource_sampling_overhead_ms=0.031781 semantic_gates=16/16 timing_direct=true resource_overhead_excluded=true step_sum_used=false status=PASS
sample_index=20 cpu_pipeline_ms=35.6924 gpu_pipeline_ms=6.16974 cpu_resource_sampling_overhead_ms=0.122831 gpu_resource_sampling_overhead_ms=0.03108 semantic_gates=16/16 timing_direct=true resource_overhead_excluded=true step_sum_used=false status=PASS
sample_index=21 cpu_pipeline_ms=42.4989 gpu_pipeline_ms=6.24782 cpu_resource_sampling_overhead_ms=0.139462 gpu_resource_sampling_overhead_ms=0.03213 semantic_gates=16/16 timing_direct=true resource_overhead_excluded=true step_sum_used=false status=PASS
sample_index=22 cpu_pipeline_ms=35.7232 gpu_pipeline_ms=6.27092 cpu_resource_sampling_overhead_ms=0.126282 gpu_resource_sampling_overhead_ms=0.03184 semantic_gates=16/16 timing_direct=true resource_overhead_excluded=true step_sum_used=false status=PASS
sample_index=23 cpu_pipeline_ms=35.6629 gpu_pipeline_ms=6.36702 cpu_resource_sampling_overhead_ms=0.136841 gpu_resource_sampling_overhead_ms=0.03202 semantic_gates=16/16 timing_direct=true resource_overhead_excluded=true step_sum_used=false status=PASS
sample_index=24 cpu_pipeline_ms=35.5063 gpu_pipeline_ms=6.35555 cpu_resource_sampling_overhead_ms=0.12102 gpu_resource_sampling_overhead_ms=0.031161 semantic_gates=16/16 timing_direct=true resource_overhead_excluded=true step_sum_used=false status=PASS
sample_index=25 cpu_pipeline_ms=35.7624 gpu_pipeline_ms=6.45778 cpu_resource_sampling_overhead_ms=0.130801 gpu_resource_sampling_overhead_ms=0.0322 semantic_gates=16/16 timing_direct=true resource_overhead_excluded=true step_sum_used=false status=PASS
sample_index=26 cpu_pipeline_ms=35.5297 gpu_pipeline_ms=6.18603 cpu_resource_sampling_overhead_ms=0.124422 gpu_resource_sampling_overhead_ms=0.032082 semantic_gates=16/16 timing_direct=true resource_overhead_excluded=true step_sum_used=false status=PASS
sample_index=27 cpu_pipeline_ms=35.6429 gpu_pipeline_ms=6.31904 cpu_resource_sampling_overhead_ms=0.11555 gpu_resource_sampling_overhead_ms=0.03135 semantic_gates=16/16 timing_direct=true resource_overhead_excluded=true step_sum_used=false status=PASS
sample_index=28 cpu_pipeline_ms=39.4783 gpu_pipeline_ms=6.36188 cpu_resource_sampling_overhead_ms=0.125431 gpu_resource_sampling_overhead_ms=0.03108 semantic_gates=16/16 timing_direct=true resource_overhead_excluded=true step_sum_used=false status=PASS
sample_index=29 cpu_pipeline_ms=36.2776 gpu_pipeline_ms=6.37858 cpu_resource_sampling_overhead_ms=0.1254 gpu_resource_sampling_overhead_ms=0.031581 semantic_gates=16/16 timing_direct=true resource_overhead_excluded=true step_sum_used=false status=PASS
sample_index=30 cpu_pipeline_ms=35.6661 gpu_pipeline_ms=6.25672 cpu_resource_sampling_overhead_ms=0.128432 gpu_resource_sampling_overhead_ms=0.031391 semantic_gates=16/16 timing_direct=true resource_overhead_excluded=true step_sum_used=false status=PASS
sample_index=31 cpu_pipeline_ms=35.6554 gpu_pipeline_ms=6.34866 cpu_resource_sampling_overhead_ms=0.125241 gpu_resource_sampling_overhead_ms=0.0314 semantic_gates=16/16 timing_direct=true resource_overhead_excluded=true step_sum_used=false status=PASS
sample_index=32 cpu_pipeline_ms=35.6683 gpu_pipeline_ms=6.38757 cpu_resource_sampling_overhead_ms=0.1326 gpu_resource_sampling_overhead_ms=0.03276 semantic_gates=16/16 timing_direct=true resource_overhead_excluded=true step_sum_used=false status=PASS
sample_index=33 cpu_pipeline_ms=35.8752 gpu_pipeline_ms=6.36473 cpu_resource_sampling_overhead_ms=0.1325 gpu_resource_sampling_overhead_ms=0.03104 semantic_gates=16/16 timing_direct=true resource_overhead_excluded=true step_sum_used=false status=PASS
sample_index=34 cpu_pipeline_ms=35.7485 gpu_pipeline_ms=6.32003 cpu_resource_sampling_overhead_ms=0.115711 gpu_resource_sampling_overhead_ms=0.03176 semantic_gates=16/16 timing_direct=true resource_overhead_excluded=true step_sum_used=false status=PASS
sample_index=35 cpu_pipeline_ms=35.6451 gpu_pipeline_ms=6.24069 cpu_resource_sampling_overhead_ms=0.125091 gpu_resource_sampling_overhead_ms=0.03293 semantic_gates=16/16 timing_direct=true resource_overhead_excluded=true step_sum_used=false status=PASS
sample_index=36 cpu_pipeline_ms=35.6617 gpu_pipeline_ms=6.34174 cpu_resource_sampling_overhead_ms=0.13208 gpu_resource_sampling_overhead_ms=0.03212 semantic_gates=16/16 timing_direct=true resource_overhead_excluded=true step_sum_used=false status=PASS
sample_index=37 cpu_pipeline_ms=35.4605 gpu_pipeline_ms=6.25346 cpu_resource_sampling_overhead_ms=0.133582 gpu_resource_sampling_overhead_ms=0.03135 semantic_gates=16/16 timing_direct=true resource_overhead_excluded=true step_sum_used=false status=PASS
sample_index=38 cpu_pipeline_ms=35.4537 gpu_pipeline_ms=6.27224 cpu_resource_sampling_overhead_ms=0.13205 gpu_resource_sampling_overhead_ms=0.031291 semantic_gates=16/16 timing_direct=true resource_overhead_excluded=true step_sum_used=false status=PASS
sample_index=39 cpu_pipeline_ms=35.4904 gpu_pipeline_ms=6.16458 cpu_resource_sampling_overhead_ms=0.123972 gpu_resource_sampling_overhead_ms=0.0309 semantic_gates=16/16 timing_direct=true resource_overhead_excluded=true step_sum_used=false status=PASS
sample_index=40 cpu_pipeline_ms=35.7187 gpu_pipeline_ms=6.18546 cpu_resource_sampling_overhead_ms=0.126012 gpu_resource_sampling_overhead_ms=0.03167 semantic_gates=16/16 timing_direct=true resource_overhead_excluded=true step_sum_used=false status=PASS
sample_index=41 cpu_pipeline_ms=35.4598 gpu_pipeline_ms=6.20885 cpu_resource_sampling_overhead_ms=0.125031 gpu_resource_sampling_overhead_ms=0.03207 semantic_gates=16/16 timing_direct=true resource_overhead_excluded=true step_sum_used=false status=PASS
sample_index=42 cpu_pipeline_ms=35.5075 gpu_pipeline_ms=6.26296 cpu_resource_sampling_overhead_ms=0.11129 gpu_resource_sampling_overhead_ms=0.03255 semantic_gates=16/16 timing_direct=true resource_overhead_excluded=true step_sum_used=false status=PASS
sample_index=43 cpu_pipeline_ms=35.6009 gpu_pipeline_ms=6.1947 cpu_resource_sampling_overhead_ms=0.126462 gpu_resource_sampling_overhead_ms=0.03174 semantic_gates=16/16 timing_direct=true resource_overhead_excluded=true step_sum_used=false status=PASS
sample_index=44 cpu_pipeline_ms=35.4623 gpu_pipeline_ms=6.30521 cpu_resource_sampling_overhead_ms=0.138051 gpu_resource_sampling_overhead_ms=0.0315 semantic_gates=16/16 timing_direct=true resource_overhead_excluded=true step_sum_used=false status=PASS
sample_index=45 cpu_pipeline_ms=37.797 gpu_pipeline_ms=6.34892 cpu_resource_sampling_overhead_ms=0.12795 gpu_resource_sampling_overhead_ms=0.033 semantic_gates=16/16 timing_direct=true resource_overhead_excluded=true step_sum_used=false status=PASS
sample_index=46 cpu_pipeline_ms=35.4903 gpu_pipeline_ms=6.32424 cpu_resource_sampling_overhead_ms=0.11276 gpu_resource_sampling_overhead_ms=0.03245 semantic_gates=16/16 timing_direct=true resource_overhead_excluded=true step_sum_used=false status=PASS
sample_index=47 cpu_pipeline_ms=35.7016 gpu_pipeline_ms=6.22412 cpu_resource_sampling_overhead_ms=0.1329 gpu_resource_sampling_overhead_ms=0.03325 semantic_gates=16/16 timing_direct=true resource_overhead_excluded=true step_sum_used=false status=PASS
sample_index=48 cpu_pipeline_ms=35.5919 gpu_pipeline_ms=6.22735 cpu_resource_sampling_overhead_ms=0.129562 gpu_resource_sampling_overhead_ms=0.03295 semantic_gates=16/16 timing_direct=true resource_overhead_excluded=true step_sum_used=false status=PASS
sample_index=49 cpu_pipeline_ms=35.6113 gpu_pipeline_ms=6.27036 cpu_resource_sampling_overhead_ms=0.136502 gpu_resource_sampling_overhead_ms=0.03257 semantic_gates=16/16 timing_direct=true resource_overhead_excluded=true step_sum_used=false status=PASS
sample_index=50 cpu_pipeline_ms=35.4497 gpu_pipeline_ms=6.20737 cpu_resource_sampling_overhead_ms=0.12356 gpu_resource_sampling_overhead_ms=0.03321 semantic_gates=16/16 timing_direct=true resource_overhead_excluded=true step_sum_used=false status=PASS
sample_index=51 cpu_pipeline_ms=36.1406 gpu_pipeline_ms=6.19781 cpu_resource_sampling_overhead_ms=0.131822 gpu_resource_sampling_overhead_ms=0.03188 semantic_gates=16/16 timing_direct=true resource_overhead_excluded=true step_sum_used=false status=PASS
sample_index=52 cpu_pipeline_ms=36.209 gpu_pipeline_ms=6.39558 cpu_resource_sampling_overhead_ms=0.139681 gpu_resource_sampling_overhead_ms=0.03263 semantic_gates=16/16 timing_direct=true resource_overhead_excluded=true step_sum_used=false status=PASS
sample_index=53 cpu_pipeline_ms=35.7559 gpu_pipeline_ms=7.28646 cpu_resource_sampling_overhead_ms=0.13136 gpu_resource_sampling_overhead_ms=0.03153 semantic_gates=16/16 timing_direct=true resource_overhead_excluded=true step_sum_used=false status=PASS
sample_index=54 cpu_pipeline_ms=35.4234 gpu_pipeline_ms=6.9684 cpu_resource_sampling_overhead_ms=0.119593 gpu_resource_sampling_overhead_ms=0.03175 semantic_gates=16/16 timing_direct=true resource_overhead_excluded=true step_sum_used=false status=PASS
sample_index=55 cpu_pipeline_ms=35.7838 gpu_pipeline_ms=7.03524 cpu_resource_sampling_overhead_ms=0.123722 gpu_resource_sampling_overhead_ms=0.03209 semantic_gates=16/16 timing_direct=true resource_overhead_excluded=true step_sum_used=false status=PASS
sample_index=56 cpu_pipeline_ms=35.6941 gpu_pipeline_ms=6.92104 cpu_resource_sampling_overhead_ms=0.130622 gpu_resource_sampling_overhead_ms=0.031801 semantic_gates=16/16 timing_direct=true resource_overhead_excluded=true step_sum_used=false status=PASS
sample_index=57 cpu_pipeline_ms=35.5997 gpu_pipeline_ms=6.9096 cpu_resource_sampling_overhead_ms=0.137792 gpu_resource_sampling_overhead_ms=0.031711 semantic_gates=16/16 timing_direct=true resource_overhead_excluded=true step_sum_used=false status=PASS
sample_index=58 cpu_pipeline_ms=35.8956 gpu_pipeline_ms=6.73185 cpu_resource_sampling_overhead_ms=0.140161 gpu_resource_sampling_overhead_ms=0.03179 semantic_gates=16/16 timing_direct=true resource_overhead_excluded=true step_sum_used=false status=PASS
sample_index=59 cpu_pipeline_ms=37.7543 gpu_pipeline_ms=6.68049 cpu_resource_sampling_overhead_ms=0.13288 gpu_resource_sampling_overhead_ms=0.0321 semantic_gates=16/16 timing_direct=true resource_overhead_excluded=true step_sum_used=false status=PASS
sample_index=60 cpu_pipeline_ms=35.7336 gpu_pipeline_ms=7.05915 cpu_resource_sampling_overhead_ms=0.140901 gpu_resource_sampling_overhead_ms=0.03282 semantic_gates=16/16 timing_direct=true resource_overhead_excluded=true step_sum_used=false status=PASS
sample_index=61 cpu_pipeline_ms=35.454 gpu_pipeline_ms=6.82429 cpu_resource_sampling_overhead_ms=0.132521 gpu_resource_sampling_overhead_ms=0.03208 semantic_gates=16/16 timing_direct=true resource_overhead_excluded=true step_sum_used=false status=PASS
sample_index=62 cpu_pipeline_ms=36.012 gpu_pipeline_ms=6.58086 cpu_resource_sampling_overhead_ms=0.133891 gpu_resource_sampling_overhead_ms=0.03121 semantic_gates=16/16 timing_direct=true resource_overhead_excluded=true step_sum_used=false status=PASS
sample_index=63 cpu_pipeline_ms=36.2659 gpu_pipeline_ms=6.86148 cpu_resource_sampling_overhead_ms=0.1317 gpu_resource_sampling_overhead_ms=0.03196 semantic_gates=16/16 timing_direct=true resource_overhead_excluded=true step_sum_used=false status=PASS
sample_index=64 cpu_pipeline_ms=36.1902 gpu_pipeline_ms=6.8379 cpu_resource_sampling_overhead_ms=0.140921 gpu_resource_sampling_overhead_ms=0.0324 semantic_gates=16/16 timing_direct=true resource_overhead_excluded=true step_sum_used=false status=PASS
sample_index=65 cpu_pipeline_ms=35.7064 gpu_pipeline_ms=6.94012 cpu_resource_sampling_overhead_ms=0.138651 gpu_resource_sampling_overhead_ms=0.032831 semantic_gates=16/16 timing_direct=true resource_overhead_excluded=true step_sum_used=false status=PASS
sample_index=66 cpu_pipeline_ms=35.6643 gpu_pipeline_ms=6.63553 cpu_resource_sampling_overhead_ms=0.126162 gpu_resource_sampling_overhead_ms=0.03196 semantic_gates=16/16 timing_direct=true resource_overhead_excluded=true step_sum_used=false status=PASS
sample_index=67 cpu_pipeline_ms=35.7883 gpu_pipeline_ms=6.69275 cpu_resource_sampling_overhead_ms=0.139652 gpu_resource_sampling_overhead_ms=0.03227 semantic_gates=16/16 timing_direct=true resource_overhead_excluded=true step_sum_used=false status=PASS
sample_index=68 cpu_pipeline_ms=35.5362 gpu_pipeline_ms=6.79985 cpu_resource_sampling_overhead_ms=0.15248 gpu_resource_sampling_overhead_ms=0.03134 semantic_gates=16/16 timing_direct=true resource_overhead_excluded=true step_sum_used=false status=PASS
sample_index=69 cpu_pipeline_ms=35.4279 gpu_pipeline_ms=6.84435 cpu_resource_sampling_overhead_ms=0.136921 gpu_resource_sampling_overhead_ms=0.03134 semantic_gates=16/16 timing_direct=true resource_overhead_excluded=true step_sum_used=false status=PASS
sample_index=70 cpu_pipeline_ms=35.7553 gpu_pipeline_ms=6.72513 cpu_resource_sampling_overhead_ms=0.124621 gpu_resource_sampling_overhead_ms=0.032471 semantic_gates=16/16 timing_direct=true resource_overhead_excluded=true step_sum_used=false status=PASS
sample_index=71 cpu_pipeline_ms=35.7288 gpu_pipeline_ms=6.80193 cpu_resource_sampling_overhead_ms=0.129432 gpu_resource_sampling_overhead_ms=0.03128 semantic_gates=16/16 timing_direct=true resource_overhead_excluded=true step_sum_used=false status=PASS
sample_index=72 cpu_pipeline_ms=35.8459 gpu_pipeline_ms=6.65234 cpu_resource_sampling_overhead_ms=0.132232 gpu_resource_sampling_overhead_ms=0.03141 semantic_gates=16/16 timing_direct=true resource_overhead_excluded=true step_sum_used=false status=PASS
sample_index=73 cpu_pipeline_ms=35.6042 gpu_pipeline_ms=6.96362 cpu_resource_sampling_overhead_ms=0.13069 gpu_resource_sampling_overhead_ms=0.03173 semantic_gates=16/16 timing_direct=true resource_overhead_excluded=true step_sum_used=false status=PASS
sample_index=74 cpu_pipeline_ms=35.6516 gpu_pipeline_ms=6.76604 cpu_resource_sampling_overhead_ms=0.13751 gpu_resource_sampling_overhead_ms=0.03179 semantic_gates=16/16 timing_direct=true resource_overhead_excluded=true step_sum_used=false status=PASS
sample_index=75 cpu_pipeline_ms=35.7873 gpu_pipeline_ms=6.91792 cpu_resource_sampling_overhead_ms=0.144211 gpu_resource_sampling_overhead_ms=0.03117 semantic_gates=16/16 timing_direct=true resource_overhead_excluded=true step_sum_used=false status=PASS
sample_index=76 cpu_pipeline_ms=42.4518 gpu_pipeline_ms=6.77661 cpu_resource_sampling_overhead_ms=0.134861 gpu_resource_sampling_overhead_ms=0.03273 semantic_gates=16/16 timing_direct=true resource_overhead_excluded=true step_sum_used=false status=PASS
sample_index=77 cpu_pipeline_ms=35.7744 gpu_pipeline_ms=6.68643 cpu_resource_sampling_overhead_ms=0.134063 gpu_resource_sampling_overhead_ms=0.03229 semantic_gates=16/16 timing_direct=true resource_overhead_excluded=true step_sum_used=false status=PASS
sample_index=78 cpu_pipeline_ms=35.6378 gpu_pipeline_ms=6.74816 cpu_resource_sampling_overhead_ms=0.12933 gpu_resource_sampling_overhead_ms=0.031571 semantic_gates=16/16 timing_direct=true resource_overhead_excluded=true step_sum_used=false status=PASS
sample_index=79 cpu_pipeline_ms=35.5513 gpu_pipeline_ms=6.803 cpu_resource_sampling_overhead_ms=0.133742 gpu_resource_sampling_overhead_ms=0.03192 semantic_gates=16/16 timing_direct=true resource_overhead_excluded=true step_sum_used=false status=PASS
sample_index=80 cpu_pipeline_ms=35.6761 gpu_pipeline_ms=6.67396 cpu_resource_sampling_overhead_ms=0.126412 gpu_resource_sampling_overhead_ms=0.03172 semantic_gates=16/16 timing_direct=true resource_overhead_excluded=true step_sum_used=false status=PASS
sample_index=81 cpu_pipeline_ms=35.613 gpu_pipeline_ms=6.70824 cpu_resource_sampling_overhead_ms=0.123092 gpu_resource_sampling_overhead_ms=0.03103 semantic_gates=16/16 timing_direct=true resource_overhead_excluded=true step_sum_used=false status=PASS
sample_index=82 cpu_pipeline_ms=35.7522 gpu_pipeline_ms=6.7136 cpu_resource_sampling_overhead_ms=0.136462 gpu_resource_sampling_overhead_ms=0.03235 semantic_gates=16/16 timing_direct=true resource_overhead_excluded=true step_sum_used=false status=PASS
sample_index=83 cpu_pipeline_ms=35.6827 gpu_pipeline_ms=6.84938 cpu_resource_sampling_overhead_ms=0.14824 gpu_resource_sampling_overhead_ms=0.031671 semantic_gates=16/16 timing_direct=true resource_overhead_excluded=true step_sum_used=false status=PASS
sample_index=84 cpu_pipeline_ms=36.1221 gpu_pipeline_ms=6.65716 cpu_resource_sampling_overhead_ms=0.130521 gpu_resource_sampling_overhead_ms=0.03098 semantic_gates=16/16 timing_direct=true resource_overhead_excluded=true step_sum_used=false status=PASS
sample_index=85 cpu_pipeline_ms=35.9816 gpu_pipeline_ms=6.70112 cpu_resource_sampling_overhead_ms=0.128223 gpu_resource_sampling_overhead_ms=0.03238 semantic_gates=16/16 timing_direct=true resource_overhead_excluded=true step_sum_used=false status=PASS
sample_index=86 cpu_pipeline_ms=35.7735 gpu_pipeline_ms=6.735 cpu_resource_sampling_overhead_ms=0.133471 gpu_resource_sampling_overhead_ms=0.032361 semantic_gates=16/16 timing_direct=true resource_overhead_excluded=true step_sum_used=false status=PASS
sample_index=87 cpu_pipeline_ms=35.5305 gpu_pipeline_ms=6.77084 cpu_resource_sampling_overhead_ms=0.13467 gpu_resource_sampling_overhead_ms=0.03206 semantic_gates=16/16 timing_direct=true resource_overhead_excluded=true step_sum_used=false status=PASS
sample_index=88 cpu_pipeline_ms=35.7255 gpu_pipeline_ms=6.68652 cpu_resource_sampling_overhead_ms=0.12515 gpu_resource_sampling_overhead_ms=0.03209 semantic_gates=16/16 timing_direct=true resource_overhead_excluded=true step_sum_used=false status=PASS
sample_index=89 cpu_pipeline_ms=35.5842 gpu_pipeline_ms=6.70037 cpu_resource_sampling_overhead_ms=0.128431 gpu_resource_sampling_overhead_ms=0.03183 semantic_gates=16/16 timing_direct=true resource_overhead_excluded=true step_sum_used=false status=PASS
sample_index=90 cpu_pipeline_ms=35.5914 gpu_pipeline_ms=6.84875 cpu_resource_sampling_overhead_ms=0.1308 gpu_resource_sampling_overhead_ms=0.031851 semantic_gates=16/16 timing_direct=true resource_overhead_excluded=true step_sum_used=false status=PASS
sample_index=91 cpu_pipeline_ms=35.5439 gpu_pipeline_ms=6.65597 cpu_resource_sampling_overhead_ms=0.129662 gpu_resource_sampling_overhead_ms=0.0318 semantic_gates=16/16 timing_direct=true resource_overhead_excluded=true step_sum_used=false status=PASS
sample_index=92 cpu_pipeline_ms=35.5235 gpu_pipeline_ms=6.87738 cpu_resource_sampling_overhead_ms=0.125321 gpu_resource_sampling_overhead_ms=0.03166 semantic_gates=16/16 timing_direct=true resource_overhead_excluded=true step_sum_used=false status=PASS
sample_index=93 cpu_pipeline_ms=35.6734 gpu_pipeline_ms=6.62396 cpu_resource_sampling_overhead_ms=0.134431 gpu_resource_sampling_overhead_ms=0.03231 semantic_gates=16/16 timing_direct=true resource_overhead_excluded=true step_sum_used=false status=PASS
sample_index=94 cpu_pipeline_ms=35.5899 gpu_pipeline_ms=6.65939 cpu_resource_sampling_overhead_ms=0.129431 gpu_resource_sampling_overhead_ms=0.03205 semantic_gates=16/16 timing_direct=true resource_overhead_excluded=true step_sum_used=false status=PASS
sample_index=95 cpu_pipeline_ms=35.646 gpu_pipeline_ms=6.62655 cpu_resource_sampling_overhead_ms=0.13046 gpu_resource_sampling_overhead_ms=0.03162 semantic_gates=16/16 timing_direct=true resource_overhead_excluded=true step_sum_used=false status=PASS
sample_index=96 cpu_pipeline_ms=35.6855 gpu_pipeline_ms=6.92098 cpu_resource_sampling_overhead_ms=0.1297 gpu_resource_sampling_overhead_ms=0.03196 semantic_gates=16/16 timing_direct=true resource_overhead_excluded=true step_sum_used=false status=PASS
sample_index=97 cpu_pipeline_ms=35.7208 gpu_pipeline_ms=6.74852 cpu_resource_sampling_overhead_ms=0.126141 gpu_resource_sampling_overhead_ms=0.031781 semantic_gates=16/16 timing_direct=true resource_overhead_excluded=true step_sum_used=false status=PASS
sample_index=98 cpu_pipeline_ms=35.5306 gpu_pipeline_ms=6.77743 cpu_resource_sampling_overhead_ms=0.14492 gpu_resource_sampling_overhead_ms=0.03663 semantic_gates=16/16 timing_direct=true resource_overhead_excluded=true step_sum_used=false status=PASS
sample_index=99 cpu_pipeline_ms=37.9452 gpu_pipeline_ms=6.85649 cpu_resource_sampling_overhead_ms=0.136171 gpu_resource_sampling_overhead_ms=0.03241 semantic_gates=16/16 timing_direct=true resource_overhead_excluded=true step_sum_used=false status=PASS
function=Task2 frozen full six-step pipeline
call_chain=Step1->Step2;Step2+Step1->Step3;Step3 dual outputs->Step4;Step4->Step5;Step5+Step4+Kalman/delay->Step6
timing=pipeline_total measured directly;not=sum(step timings)
cpu_correlation_method=direct_parallel_exact workers=255
resource_sampling_mode=same_pipeline_execution
status=PASS return_code=0
