command=build_stage08_b04_upfirdn_8c1bc3832603/stage08_filtering_upfirdn --dtype FP32 --rank 1 --rows 100 --cols 1 --taps 5 --axis 0 --up 2 --down 1 --seed 84410001 --warmup 20 --measured 100 --output /tmp/ZKX_dev/results/stage08_input_preview_b04_upfirdn_db927ed96663/formal/20260810T083722Z_db927ed96663_stage08_b04_formal_b4050001/upfirdn_probe_raw.json
STAGE08_UPFIRDN_PROBE PASS dtype=FP32 backend=not_applicable
{"actual_input_digest": "8b948299b636b0326c550c5932f83514770bc17be92e5353f399ea1b573bcad9", "axis": 0, "backend": "not_applicable", "case_id": "upfirdn__upfirdn_fp32_10e2__8b948299b636b032", "compute_dtype": "FP32", "down": 1, "dtype_semantics": "actual_same_dtype_h_x_arrays", "error_code": "OK", "fft_dtype": "not_applicable", "measured_runs": 100, "mse": 0, "operator_name": "upfirdn", "output_dtype": "FP32", "rank": 1, "relative_l2": 0, "relative_linf": 0, "requested_dtype": "FP32", "rmse": 0, "run_id": "20260810T083722Z_db927ed96663_stage08_b04_formal_b4050001", "scale_id": "upfirdn_fp32_10e2", "schema_version": 1, "status": "PASS", "tap_count": 5, "typed_input_count": 2, "typed_input_names": "h|x", "up": 2, "warmup_runs": 20}
[stage08] identity and status
+---------+-------------------+--------+----------------+-------+--------+----------+--------------------------+--------+------------+
| target  | scale_id          | device | backend        | dtype | warmup | measured | timing_scope             | status | error_code |
+---------+-------------------+--------+----------------+-------+--------+----------+--------------------------+--------+------------+
| upfirdn | upfirdn_fp32_10e2 | CPU    | not_applicable | FP32  | 20     | 100      | compatibility/end-to-end | PASS   | OK         |
| upfirdn | upfirdn_fp32_10e2 | GPU    | not_applicable | FP32  | 20     | 100      | compatibility/end-to-end | PASS   | OK         |
+---------+-------------------+--------+----------------+-------+--------+----------+--------------------------+--------+------------+

[stage08] timing detail
+--------+----------------------+----------------------+----------------------+----------------------+---------------------+----------------------+------------------------+-----------------------+----------------------+
| device | mean_ms              | p50_ms               | p95_ms               | p99_ms               | min_ms              | max_ms               | std_ms                 | cv                    | speedup              |
+--------+----------------------+----------------------+----------------------+----------------------+---------------------+----------------------+------------------------+-----------------------+----------------------+
| CPU    | 0.013681970000000002 | 0.013679999999999999 | 0.013750500000000001 | 0.013800099999999999 | 0.01363             | 0.013809999999999999 | 3.3478188421717099e-05 | 0.0024468836301875458 | NA                   |
| GPU    | 0.46537077000000004  | 0.46151750000000002  | 0.48737944999999994  | 0.54734670000000019  | 0.44664199999999998 | 0.56949300000000003  | 0.018951617119842307   | 0.040723694614172488  | 0.029400149046748252 |
+--------+----------------------+----------------------+----------------------+----------------------+---------------------+----------------------+------------------------+-----------------------+----------------------+

[stage08] accuracy detail
+--------------------------------+-----+------+-------------+---------------+-------------+----------------+--------------------------------------------------------------------------------------+--------+
| accuracy_reference             | mse | rmse | relative_l2 | relative_linf | exact_match | mismatch_count | semantic_check                                                                       | status |
+--------------------------------+-----+------+-------------+---------------+-------------+----------------+--------------------------------------------------------------------------------------+--------+
| cpu_causal_polyphase_reference | 0   | 0    | 0           | 0             | NA          | NA             | causal_polyphase_shape_ratio_axis_and_output_dtype_match_cpu:ratio=2/1;axis=0;taps=5 | PASS   |
+--------------------------------+-----+------+-------------+---------------+-------------+----------------+--------------------------------------------------------------------------------------+--------+

[stage08] resource detail
+--------+------------+--------------+-------------+------------+-------------+
| device | metric     | before_bytes | after_bytes | peak_bytes | delta_bytes |
+--------+------------+--------------+-------------+------------+-------------+
| CPU    | cpu_heap   | 1427568      | 1430304     | 1430304    | 2736        |
| CPU    | rss        | 70184960     | 70184960    | 70184960   | 0           |
| GPU    | cpu_heap   | 1432112      | 1437584     | 1437600    | 5472        |
| GPU    | rss        | 70184960     | 70184960    | 70184960   | 0           |
| GPU    | gpu_memory | 391544832    | 391544832   | 391544832  | 0           |
+--------+------------+--------------+-------------+------------+-------------+

[stage08] input/output identity
+--------+------------------------------------------------------------------+------------------------------------------------------------------+
| device | input_digest                                                     | output_digest                                                    |
+--------+------------------------------------------------------------------+------------------------------------------------------------------+
| CPU    | 8b948299b636b0326c550c5932f83514770bc17be92e5353f399ea1b573bcad9 | e96ada76ba0bee9f42b2c0763c5346a3c3c0b1d36dac8bafcbadc00084caadbb |
| GPU    | 8b948299b636b0326c550c5932f83514770bc17be92e5353f399ea1b573bcad9 | e96ada76ba0bee9f42b2c0763c5346a3c3c0b1d36dac8bafcbadc00084caadbb |
+--------+------------------------------------------------------------------+------------------------------------------------------------------+

[stage08] input content
+------------+-------+-------+----------+-----------------------------------------------+--------------------------------------------------+
| input_name | shape | dtype | elements | generator                                     | values(head4/tail2)                              |
+------------+-------+-------+----------+-----------------------------------------------+--------------------------------------------------+
| h          | [5]   | FP32  | 5        | upfirdn_modular(seed=84410002,integral=false) | i=0:-0.75;i=1:-1;i=2:1;i=3:0.75;i=4:0.5          |
| x          | [100] | FP32  | 100      | upfirdn_modular(seed=84410001,integral=false) | i=0:-1;i=1:1;i=2:0.75;i=3:0.5;i=98:-0.75;i=99:-1 |
+------------+-------+-------+----------+-----------------------------------------------+--------------------------------------------------+

[stage08] case parameters
+-----------------------------------------------------------------------------------------------------------------+
| parameters                                                                                                      |
+-----------------------------------------------------------------------------------------------------------------+
| {"axis":"0","cols":"1","down":"1","dtype":"FP32","rank":"1","rows":"100","seed":"84410001","taps":"5","up":"2"} |
+-----------------------------------------------------------------------------------------------------------------+

[stage08] dtype evidence
+-----------------+--------------------+--------------+------------------------------------------------------------------+--------+
| requested_dtype | config_input_dtype | output_dtype | actual_input_digest                                              | status |
+-----------------+--------------------+--------------+------------------------------------------------------------------+--------+
| FP32            | NA                 | FP32         | 8b948299b636b0326c550c5932f83514770bc17be92e5353f399ea1b573bcad9 | PASS   |
+-----------------+--------------------+--------------+------------------------------------------------------------------+--------+

[stage08] evidence files
+----------------+---------------------------------------------------------------------------------------------------------------------------------------------------------------------------------------------------------------------------------------------------+
| kind           | path                                                                                                                                                                                                                                              |
+----------------+---------------------------------------------------------------------------------------------------------------------------------------------------------------------------------------------------------------------------------------------------+
| dtype_csv      | /tmp/ZKX_dev/results/stage08_input_preview_b04_upfirdn_db927ed96663/formal/20260810T083722Z_db927ed96663_stage08_b04_formal_b4050001/operator_dtype_evidence_upfirdn_not_applicable_20260810T083722Z_db927ed96663_stage08_b04_formal_b4050001.csv |
| memory_csv     | /tmp/ZKX_dev/results/stage08_input_preview_b04_upfirdn_db927ed96663/formal/20260810T083722Z_db927ed96663_stage08_b04_formal_b4050001/operator_filtering_upfirdn_memory_trace_not_applicable.csv                                                   |
| main_csv       | /tmp/ZKX_dev/results/stage08_input_preview_b04_upfirdn_db927ed96663/formal/20260810T083722Z_db927ed96663_stage08_b04_formal_b4050001/operator_main_results_upfirdn_not_applicable_20260810T083722Z_db927ed96663_stage08_b04_formal_b4050001.csv   |
| timing_csv     | /tmp/ZKX_dev/results/stage08_input_preview_b04_upfirdn_db927ed96663/formal/20260810T083722Z_db927ed96663_stage08_b04_formal_b4050001/operator_timing_samples_upfirdn_not_applicable_20260810T083722Z_db927ed96663_stage08_b04_formal_b4050001.csv |
| full_log       | /tmp/ZKX_dev/results/stage08_input_preview_b04_upfirdn_db927ed96663/formal/20260810T083722Z_db927ed96663_stage08_b04_formal_b4050001/operator_upfirdn_full.log                                                                                    |
| report_json    | /tmp/ZKX_dev/results/stage08_input_preview_b04_upfirdn_db927ed96663/formal/20260810T083722Z_db927ed96663_stage08_b04_formal_b4050001/operator_upfirdn_report.json                                                                                 |
| summary_txt    | /tmp/ZKX_dev/results/stage08_input_preview_b04_upfirdn_db927ed96663/formal/20260810T083722Z_db927ed96663_stage08_b04_formal_b4050001/operator_upfirdn_summary.txt                                                                                 |
| probe_raw_json | /tmp/ZKX_dev/results/stage08_input_preview_b04_upfirdn_db927ed96663/formal/20260810T083722Z_db927ed96663_stage08_b04_formal_b4050001/upfirdn_probe_raw.json                                                                                       |
+----------------+---------------------------------------------------------------------------------------------------------------------------------------------------------------------------------------------------------------------------------------------------+
