command=build_stage07_b04_firfilter_v2_db9b07e/stage07_firfilter --dtype FP16 --n 128 --taps 9 --cutoff 60 --fs 1000 --sym true --warmup 20 --measured 100 --output /tmp/ZKX_dev/results/stage07_b04_formal_v2_e6d8c17/formal/20260810T103350Z_e6d8c17f237e_stage07_b04_formal_61eba7b8/firfilter_probe_raw.json
STAGE07_FILTER_PROBE PASS operator=firfilter dtype=FP16
{"run_id": "20260810T103350Z_e6d8c17f237e_stage07_b04_formal_61eba7b8", "case_id": "firfilter__firfilter_fp16_10e2__827b206ad4261fc0", "operator_name": "firfilter", "task_name": "Task2", "step_name": "Step2;Step3", "scale_id": "firfilter_fp16_10e2", "requested_dtype": "FP16", "input_content": [{"input_name": "b", "shape": "[9]", "dtype": "FP16", "element_count": "9", "generator": "deterministic_nine_tap_smoother", "preview_head4_tail2": "i=0:0;i=1:1;i=2:0;i=3:1;i=7:1;i=8:0"}, {"input_name": "x", "shape": "[128]", "dtype": "FP16", "element_count": "128", "generator": "sinusoid_mixture_plus_modular_noise", "preview_head4_tail2": "i=0:2.25;i=1:1.83691406;i=2:2.79492188;i=3:2.37109375;i=126:1.15625;i=127:1.78808594"}], "case_parameters": {"signal_count": 128, "tap_count": 9, "shape": [128], "axis": -1, "zi": false, "output_dtype": "FP32"}, "output_dtype": "FP32", "backend": "not_applicable", "warmup_runs": 20, "measured_runs": 100, "mse": 0, "rmse": 0, "relative_l2": 0, "relative_linf": 0, "actual_input_digest": "827b206ad4261fc0b492f7793ac3308d1aee2bb6fb9203fd3ae5b9a17174d5c6", "typed_array_digest": "1685cb1576e7035f8d7808f4afca5736862216fe6b6137e91c0e5c82546c2d56", "status": "PASS", "error_code": "OK"}
[stage07] identity and status
+-----------+---------------------+--------+----------------+-------+--------+----------+--------------------------+--------+------------+
| target    | scale_id            | device | backend        | dtype | warmup | measured | timing_scope             | status | error_code |
+-----------+---------------------+--------+----------------+-------+--------+----------+--------------------------+--------+------------+
| firfilter | firfilter_fp16_10e2 | CPU    | not_applicable | FP16  | 20     | 100      | compatibility/end-to-end | PASS   | OK         |
| firfilter | firfilter_fp16_10e2 | GPU    | not_applicable | FP16  | 20     | 100      | compatibility/end-to-end | PASS   | OK         |
+-----------+---------------------+--------+----------------+-------+--------+----------+--------------------------+--------+------------+

[stage07] timing detail
+--------+---------------------+----------+-----------+----------------------+----------+----------+-----------------------+----------------------+---------------------+
| device | mean_ms             | p50_ms   | p95_ms    | p99_ms               | min_ms   | max_ms   | std_ms                | cv                   | speedup             |
+--------+---------------------+----------+-----------+----------------------+----------+----------+-----------------------+----------------------+---------------------+
| CPU    | 0.05337184          | 0.053251 | 0.053381  | 0.053585800000000065 | 0.05305  | 0.06604  | 0.0012758209727073782 | 0.023904384272818366 | NA                  |
| GPU    | 0.44028830999999996 | 0.437658 | 0.4671995 | 0.47968140000000004  | 0.425552 | 0.486453 | 0.01141722450483917   | 0.02593124606201598  | 0.12122020682311552 |
+--------+---------------------+----------+-----------+----------------------+----------+----------+-----------------------+----------------------+---------------------+

[stage07] accuracy detail
+-----------------------------------+-----+------+-------------+---------------+-------------+----------------+----------------------------------------------------------+--------+
| reference                         | mse | rmse | relative_l2 | relative_linf | exact_match | mismatch_count | semantic_check                                           | status |
+-----------------------------------+-----+------+-------------+---------------+-------------+----------------+----------------------------------------------------------+--------+
| typed_cpu_task_resident_reference | 0   | 0    | 0           | 0             | NA          | NA             | output_count=128;output_dtype=FP32;task_gpu_call=present | PASS   |
+-----------------------------------+-----+------+-------------+---------------+-------------+----------------+----------------------------------------------------------+--------+

[stage07] resource detail
+--------+------------+--------------+-------------+------------+-------------+
| device | metric     | before_bytes | after_bytes | peak_bytes | delta_bytes |
+--------+------------+--------------+-------------+------------+-------------+
| CPU    | cpu_heap   | 1407888      | 1413808     | 1413808    | 5920        |
| CPU    | rss        | 70524928     | 70844416    | 70844416   | 319488      |
| GPU    | cpu_heap   | 1414064      | 1417936     | 1417936    | 3872        |
| GPU    | rss        | 70844416     | 70844416    | 70844416   | 0           |
| GPU    | gpu_memory | 341000192    | 341000192   | 341000192  | 0           |
+--------+------------+--------------+-------------+------------+-------------+

[stage07] input content
+------------+-------+-------+----------+-------------------------------------+--------------------------------------------------------------------------------------+
| input_name | shape | dtype | elements | generator                           | values(head4/tail2)                                                                  |
+------------+-------+-------+----------+-------------------------------------+--------------------------------------------------------------------------------------+
| b          | [9]   | FP16  | 9        | deterministic_nine_tap_smoother     | i=0:0;i=1:1;i=2:0;i=3:1;i=7:1;i=8:0                                                  |
| x          | [128] | FP16  | 128      | sinusoid_mixture_plus_modular_noise | i=0:2.25;i=1:1.83691406;i=2:2.79492188;i=3:2.37109375;i=126:1.15625;i=127:1.78808594 |
+------------+-------+-------+----------+-------------------------------------+--------------------------------------------------------------------------------------+

[stage07] case parameters
+---------------------------------------------------------------------------------------------+
| parameters                                                                                  |
+---------------------------------------------------------------------------------------------+
| {"axis":-1,"output_dtype":"FP32","shape":[128],"signal_count":128,"tap_count":9,"zi":false} |
+---------------------------------------------------------------------------------------------+

[stage07] input and output identity
+--------+------------------------------------------------------------------+------------------------------------------------------------------+
| device | input_digest                                                     | output_digest                                                    |
+--------+------------------------------------------------------------------+------------------------------------------------------------------+
| CPU    | 827b206ad4261fc0b492f7793ac3308d1aee2bb6fb9203fd3ae5b9a17174d5c6 | 64bf68cfedb48f396f23a91545844def08582e3b31868e033a3aac2caa4f291d |
| GPU    | 827b206ad4261fc0b492f7793ac3308d1aee2bb6fb9203fd3ae5b9a17174d5c6 | 64bf68cfedb48f396f23a91545844def08582e3b31868e033a3aac2caa4f291d |
+--------+------------------------------------------------------------------+------------------------------------------------------------------+

[stage07] dtype evidence
+-----------------+--------------------+--------------+------------------------------------------------------------------+------------------------------------------------------------------+----------------------+
| requested_dtype | config_input_dtype | output_dtype | typed_array_digest                                               | actual_input_digest                                              | task_gpu_call_status |
+-----------------+--------------------+--------------+------------------------------------------------------------------+------------------------------------------------------------------+----------------------+
| FP16            | FP16               | FP32         | 1685cb1576e7035f8d7808f4afca5736862216fe6b6137e91c0e5c82546c2d56 | 827b206ad4261fc0b492f7793ac3308d1aee2bb6fb9203fd3ae5b9a17174d5c6 | proved_gpu_cpu       |
+-----------------+--------------------+--------------+------------------------------------------------------------------+------------------------------------------------------------------+----------------------+

[stage07] evidence files
+-------------+------------------------------------------------------------------------------------------------------------------------------------------------------------------------------------------------------------------------------------+
| kind        | path                                                                                                                                                                                                                               |
+-------------+------------------------------------------------------------------------------------------------------------------------------------------------------------------------------------------------------------------------------------+
| main_csv    | /tmp/ZKX_dev/results/stage07_b04_formal_v2_e6d8c17/formal/20260810T103350Z_e6d8c17f237e_stage07_b04_formal_61eba7b8/operator_main_results_firfilter_not_applicable_20260810T103350Z_e6d8c17f237e_stage07_b04_formal_61eba7b8.csv   |
| timing_csv  | /tmp/ZKX_dev/results/stage07_b04_formal_v2_e6d8c17/formal/20260810T103350Z_e6d8c17f237e_stage07_b04_formal_61eba7b8/operator_timing_samples_firfilter_not_applicable_20260810T103350Z_e6d8c17f237e_stage07_b04_formal_61eba7b8.csv |
| memory_csv  | /tmp/ZKX_dev/results/stage07_b04_formal_v2_e6d8c17/formal/20260810T103350Z_e6d8c17f237e_stage07_b04_formal_61eba7b8/operator_filtering_firfilter_memory_trace_not_applicable.csv                                                   |
| dtype_csv   | /tmp/ZKX_dev/results/stage07_b04_formal_v2_e6d8c17/formal/20260810T103350Z_e6d8c17f237e_stage07_b04_formal_61eba7b8/operator_dtype_evidence_firfilter_not_applicable_20260810T103350Z_e6d8c17f237e_stage07_b04_formal_61eba7b8.csv |
| report_json | /tmp/ZKX_dev/results/stage07_b04_formal_v2_e6d8c17/formal/20260810T103350Z_e6d8c17f237e_stage07_b04_formal_61eba7b8/operator_firfilter_report.json                                                                                 |
| summary_txt | /tmp/ZKX_dev/results/stage07_b04_formal_v2_e6d8c17/formal/20260810T103350Z_e6d8c17f237e_stage07_b04_formal_61eba7b8/operator_firfilter_summary.txt                                                                                 |
| full_log    | /tmp/ZKX_dev/results/stage07_b04_formal_v2_e6d8c17/formal/20260810T103350Z_e6d8c17f237e_stage07_b04_formal_61eba7b8/operator_firfilter_full.log                                                                                    |
| result_dir  | /tmp/ZKX_dev/results/stage07_b04_formal_v2_e6d8c17/formal/20260810T103350Z_e6d8c17f237e_stage07_b04_formal_61eba7b8                                                                                                                |
+-------------+------------------------------------------------------------------------------------------------------------------------------------------------------------------------------------------------------------------------------------+
