command=build_stage08_b03_hilbert_0b2008e7f76a/stage08_filtering_hilbert --dtype INT8 --rows 100 --cols 100 --axis 1 --seed 83150003 --warmup 20 --measured 100 --output /tmp/ZKX_dev/results/stage08_input_preview_b03_hilbert_5bf09d215ce4/formal/20260810T074330Z_5bf09d215ce4_stage08_b03_formal_9901100f/hilbert_probe_raw.json
STAGE08_HILBERT_PROBE PASS dtype=INT8 shape=100x100 backend=fft_thrust
{"actual_input_digest": "4b9f958588d8a44615df4fc8aabf314a67a5a2bc9284fddc796c7af1002e11d6", "backend": "fft_thrust", "case_id": "hilbert__hilbert_int8_10e4__4b9f958588d8a446", "compute_dtype": "FP32", "dtype_semantics": "actual_typed_array_input_fp32_fft_extension", "error_code": "OK", "fft_dtype": "ComplexFP32", "measured_runs": 100, "metrics": {"mse": 9.943918695744975e-12, "relative_l2": 3.3625826187805115e-07, "relative_linf": 6.34405633061535e-07, "rmse": 3.1533979602557264e-06}, "operator_name": "hilbert", "output_dtype": "ComplexFP64", "requested_dtype": "INT8", "run_id": "20260810T074330Z_5bf09d215ce4_stage08_b03_formal_9901100f", "scale_id": "hilbert_int8_10e4", "schema_version": 1, "status": "PASS", "typed_input_count": 1, "typed_input_names": "x", "warmup_runs": 20}
[stage08] identity and status
+---------+-------------------+--------+------------+-------+--------+----------+--------------------------+--------+------------+
| target  | scale_id          | device | backend    | dtype | warmup | measured | timing_scope             | status | error_code |
+---------+-------------------+--------+------------+-------+--------+----------+--------------------------+--------+------------+
| hilbert | hilbert_int8_10e4 | CPU    | fft_thrust | INT8  | 20     | 100      | compatibility/end-to-end | PASS   | OK         |
| hilbert | hilbert_int8_10e4 | GPU    | fft_thrust | INT8  | 20     | 100      | compatibility/end-to-end | PASS   | OK         |
+---------+-------------------+--------+------------+-------+--------+----------+--------------------------+--------+------------+

[stage08] timing detail
+--------+--------------------+--------------------+--------------------+--------------+--------------------+--------------------+---------------------+----------------------+---------------------+
| device | mean_ms            | p50_ms             | p95_ms             | p99_ms       | min_ms             | max_ms             | std_ms              | cv                   | speedup             |
+--------+--------------------+--------------------+--------------------+--------------+--------------------+--------------------+---------------------+----------------------+---------------------+
| CPU    | 115.64987660000001 | 115.63115450000001 | 115.88138509999999 | 116.19059263 | 115.41216799999999 | 116.398456         | 0.17083247700715459 | 0.001477152263620786 | NA                  |
| GPU    | 154.90427509       | 151.894227         | 156.67288754999987 | 210.32940854 | 151.378896         | 211.81713500000001 | 12.172274751466393  | 0.078579333878256441 | 0.74658931480623747 |
+--------+--------------------+--------------------+--------------------+--------------+--------------------+--------------------+---------------------+----------------------+---------------------+

[stage08] accuracy detail
+-----------------------------+------------------------+------------------------+------------------------+------------------------+-------------+----------------+--------------------------------------------------------------------------------------+--------+
| accuracy_reference          | mse                    | rmse                   | relative_l2            | relative_linf          | exact_match | mismatch_count | semantic_check                                                                       | status |
+-----------------------------+------------------------+------------------------+------------------------+------------------------+-------------+----------------+--------------------------------------------------------------------------------------+--------+
| cpu_typed_double_direct_dft | 9.9439186957449752e-12 | 3.1533979602557264e-06 | 3.3625826187805115e-07 | 6.3440563306153495e-07 | NA          | NA             | finite_analytic_signal_shape_and_output_dtype_match_cpu:shape=[100, 100];finite=true | PASS   |
+-----------------------------+------------------------+------------------------+------------------------+------------------------+-------------+----------------+--------------------------------------------------------------------------------------+--------+

[stage08] resource detail
+--------+------------+--------------+-------------+------------+-------------+
| device | metric     | before_bytes | after_bytes | peak_bytes | delta_bytes |
+--------+------------+--------------+-------------+------------+-------------+
| CPU    | cpu_heap   | 2266256      | 2279040     | 2437936    | 12784       |
| CPU    | rss        | 71819264     | 71819264    | 71819264   | 0           |
| GPU    | cpu_heap   | 2279040      | 2281376     | 2281376    | 2336        |
| GPU    | rss        | 71819264     | 71819264    | 71819264   | 0           |
| GPU    | gpu_memory | 341000192    | 341000192   | 341000192  | 0           |
+--------+------------+--------------+-------------+------------+-------------+

[stage08] input/output identity
+--------+------------------------------------------------------------------+------------------------------------------------------------------+
| device | input_digest                                                     | output_digest                                                    |
+--------+------------------------------------------------------------------+------------------------------------------------------------------+
| CPU    | 4b9f958588d8a44615df4fc8aabf314a67a5a2bc9284fddc796c7af1002e11d6 | 545976bff3ecfd2aed822f9affc180e512d5753d704805994ec4177b1a864952 |
| GPU    | 4b9f958588d8a44615df4fc8aabf314a67a5a2bc9284fddc796c7af1002e11d6 | f5c9736e3742500d92ff7870431d7d8ea6fdb4695562b4bfb926944ba48a453d |
+--------+------------------------------------------------------------------+------------------------------------------------------------------+

[stage08] input content
+------------+-----------+-------+----------+---------------------------------------------+------------------------------------------------+
| input_name | shape     | dtype | elements | generator                                   | values(head4/tail2)                            |
+------------+-----------+-------+----------+---------------------------------------------+------------------------------------------------+
| x          | [100x100] | INT8  | 10000    | modular_signal(seed=83150003,integral=true) | i=0:1;i=1:-5;i=2:-11;i=3:6;i=9998:-3;i=9999:-9 |
+------------+-----------+-------+----------+---------------------------------------------+------------------------------------------------+

[stage08] case parameters
+-------------------------------------------------------------------------+
| parameters                                                              |
+-------------------------------------------------------------------------+
| {"axis":"1","cols":"100","dtype":"INT8","rows":"100","seed":"83150003"} |
+-------------------------------------------------------------------------+

[stage08] dtype evidence
+-----------------+--------------------+--------------+------------------------------------------------------------------+--------+
| requested_dtype | config_input_dtype | output_dtype | actual_input_digest                                              | status |
+-----------------+--------------------+--------------+------------------------------------------------------------------+--------+
| INT8            | NA                 | ComplexFP64  | 4b9f958588d8a44615df4fc8aabf314a67a5a2bc9284fddc796c7af1002e11d6 | PASS   |
+-----------------+--------------------+--------------+------------------------------------------------------------------+--------+

[stage08] evidence files
+----------------+-----------------------------------------------------------------------------------------------------------------------------------------------------------------------------------------------------------------------------------------------+
| kind           | path                                                                                                                                                                                                                                          |
+----------------+-----------------------------------------------------------------------------------------------------------------------------------------------------------------------------------------------------------------------------------------------+
| probe_raw_json | /tmp/ZKX_dev/results/stage08_input_preview_b03_hilbert_5bf09d215ce4/formal/20260810T074330Z_5bf09d215ce4_stage08_b03_formal_9901100f/hilbert_probe_raw.json                                                                                   |
| dtype_csv      | /tmp/ZKX_dev/results/stage08_input_preview_b03_hilbert_5bf09d215ce4/formal/20260810T074330Z_5bf09d215ce4_stage08_b03_formal_9901100f/operator_dtype_evidence_hilbert_fft_thrust_20260810T074330Z_5bf09d215ce4_stage08_b03_formal_9901100f.csv |
| memory_csv     | /tmp/ZKX_dev/results/stage08_input_preview_b03_hilbert_5bf09d215ce4/formal/20260810T074330Z_5bf09d215ce4_stage08_b03_formal_9901100f/operator_filtering_hilbert_memory_trace_fft_thrust.csv                                                   |
| full_log       | /tmp/ZKX_dev/results/stage08_input_preview_b03_hilbert_5bf09d215ce4/formal/20260810T074330Z_5bf09d215ce4_stage08_b03_formal_9901100f/operator_hilbert_full.log                                                                                |
| report_json    | /tmp/ZKX_dev/results/stage08_input_preview_b03_hilbert_5bf09d215ce4/formal/20260810T074330Z_5bf09d215ce4_stage08_b03_formal_9901100f/operator_hilbert_report.json                                                                             |
| summary_txt    | /tmp/ZKX_dev/results/stage08_input_preview_b03_hilbert_5bf09d215ce4/formal/20260810T074330Z_5bf09d215ce4_stage08_b03_formal_9901100f/operator_hilbert_summary.txt                                                                             |
| main_csv       | /tmp/ZKX_dev/results/stage08_input_preview_b03_hilbert_5bf09d215ce4/formal/20260810T074330Z_5bf09d215ce4_stage08_b03_formal_9901100f/operator_main_results_hilbert_fft_thrust_20260810T074330Z_5bf09d215ce4_stage08_b03_formal_9901100f.csv   |
| timing_csv     | /tmp/ZKX_dev/results/stage08_input_preview_b03_hilbert_5bf09d215ce4/formal/20260810T074330Z_5bf09d215ce4_stage08_b03_formal_9901100f/operator_timing_samples_hilbert_fft_thrust_20260810T074330Z_5bf09d215ce4_stage08_b03_formal_9901100f.csv |
+----------------+-----------------------------------------------------------------------------------------------------------------------------------------------------------------------------------------------------------------------------------------------+
