sample_index=0 cpu_pipeline_ms=53.344 gpu_pipeline_ms=8.06812 cpu_resource_sampling_overhead_ms=0.14745 gpu_resource_sampling_overhead_ms=0.03166 semantic_gates=16/16 timing_direct=true resource_overhead_excluded=true step_sum_used=false status=PASS
sample_index=1 cpu_pipeline_ms=53.5061 gpu_pipeline_ms=7.90247 cpu_resource_sampling_overhead_ms=0.13521 gpu_resource_sampling_overhead_ms=0.03139 semantic_gates=16/16 timing_direct=true resource_overhead_excluded=true step_sum_used=false status=PASS
sample_index=2 cpu_pipeline_ms=53.2446 gpu_pipeline_ms=7.86133 cpu_resource_sampling_overhead_ms=0.12023 gpu_resource_sampling_overhead_ms=0.03189 semantic_gates=16/16 timing_direct=true resource_overhead_excluded=true step_sum_used=false status=PASS
sample_index=3 cpu_pipeline_ms=53.9249 gpu_pipeline_ms=7.89383 cpu_resource_sampling_overhead_ms=0.15551 gpu_resource_sampling_overhead_ms=0.03173 semantic_gates=16/16 timing_direct=true resource_overhead_excluded=true step_sum_used=false status=PASS
sample_index=4 cpu_pipeline_ms=53.1161 gpu_pipeline_ms=8.01718 cpu_resource_sampling_overhead_ms=0.13925 gpu_resource_sampling_overhead_ms=0.0312 semantic_gates=16/16 timing_direct=true resource_overhead_excluded=true step_sum_used=false status=PASS
sample_index=5 cpu_pipeline_ms=53.1029 gpu_pipeline_ms=7.97004 cpu_resource_sampling_overhead_ms=0.13965 gpu_resource_sampling_overhead_ms=0.03183 semantic_gates=16/16 timing_direct=true resource_overhead_excluded=true step_sum_used=false status=PASS
sample_index=6 cpu_pipeline_ms=53.3847 gpu_pipeline_ms=7.84521 cpu_resource_sampling_overhead_ms=0.12815 gpu_resource_sampling_overhead_ms=0.03172 semantic_gates=16/16 timing_direct=true resource_overhead_excluded=true step_sum_used=false status=PASS
sample_index=7 cpu_pipeline_ms=53.4117 gpu_pipeline_ms=7.91944 cpu_resource_sampling_overhead_ms=0.12888 gpu_resource_sampling_overhead_ms=0.03132 semantic_gates=16/16 timing_direct=true resource_overhead_excluded=true step_sum_used=false status=PASS
sample_index=8 cpu_pipeline_ms=53.2016 gpu_pipeline_ms=8.12696 cpu_resource_sampling_overhead_ms=0.14372 gpu_resource_sampling_overhead_ms=0.0317 semantic_gates=16/16 timing_direct=true resource_overhead_excluded=true step_sum_used=false status=PASS
sample_index=9 cpu_pipeline_ms=53.1121 gpu_pipeline_ms=8.01993 cpu_resource_sampling_overhead_ms=0.13454 gpu_resource_sampling_overhead_ms=0.03209 semantic_gates=16/16 timing_direct=true resource_overhead_excluded=true step_sum_used=false status=PASS
sample_index=10 cpu_pipeline_ms=53.1805 gpu_pipeline_ms=8.53332 cpu_resource_sampling_overhead_ms=0.13629 gpu_resource_sampling_overhead_ms=0.03192 semantic_gates=16/16 timing_direct=true resource_overhead_excluded=true step_sum_used=false status=PASS
sample_index=11 cpu_pipeline_ms=53.4037 gpu_pipeline_ms=8.43406 cpu_resource_sampling_overhead_ms=0.12397 gpu_resource_sampling_overhead_ms=0.03186 semantic_gates=16/16 timing_direct=true resource_overhead_excluded=true step_sum_used=false status=PASS
sample_index=12 cpu_pipeline_ms=53.45 gpu_pipeline_ms=8.45492 cpu_resource_sampling_overhead_ms=0.13595 gpu_resource_sampling_overhead_ms=0.03181 semantic_gates=16/16 timing_direct=true resource_overhead_excluded=true step_sum_used=false status=PASS
sample_index=13 cpu_pipeline_ms=53.3095 gpu_pipeline_ms=8.42196 cpu_resource_sampling_overhead_ms=0.13746 gpu_resource_sampling_overhead_ms=0.03226 semantic_gates=16/16 timing_direct=true resource_overhead_excluded=true step_sum_used=false status=PASS
sample_index=14 cpu_pipeline_ms=53.4223 gpu_pipeline_ms=8.50097 cpu_resource_sampling_overhead_ms=0.13031 gpu_resource_sampling_overhead_ms=0.03211 semantic_gates=16/16 timing_direct=true resource_overhead_excluded=true step_sum_used=false status=PASS
sample_index=15 cpu_pipeline_ms=53.2333 gpu_pipeline_ms=8.22183 cpu_resource_sampling_overhead_ms=0.12892 gpu_resource_sampling_overhead_ms=0.03248 semantic_gates=16/16 timing_direct=true resource_overhead_excluded=true step_sum_used=false status=PASS
sample_index=16 cpu_pipeline_ms=54.05 gpu_pipeline_ms=8.71225 cpu_resource_sampling_overhead_ms=0.15019 gpu_resource_sampling_overhead_ms=0.03263 semantic_gates=16/16 timing_direct=true resource_overhead_excluded=true step_sum_used=false status=PASS
sample_index=17 cpu_pipeline_ms=52.9198 gpu_pipeline_ms=8.61115 cpu_resource_sampling_overhead_ms=0.13444 gpu_resource_sampling_overhead_ms=0.03251 semantic_gates=16/16 timing_direct=true resource_overhead_excluded=true step_sum_used=false status=PASS
sample_index=18 cpu_pipeline_ms=53.4461 gpu_pipeline_ms=8.59273 cpu_resource_sampling_overhead_ms=0.12807 gpu_resource_sampling_overhead_ms=0.03255 semantic_gates=16/16 timing_direct=true resource_overhead_excluded=true step_sum_used=false status=PASS
sample_index=19 cpu_pipeline_ms=53.5557 gpu_pipeline_ms=8.01289 cpu_resource_sampling_overhead_ms=0.27677 gpu_resource_sampling_overhead_ms=0.03282 semantic_gates=16/16 timing_direct=true resource_overhead_excluded=true step_sum_used=false status=PASS
sample_index=20 cpu_pipeline_ms=53.6989 gpu_pipeline_ms=7.37613 cpu_resource_sampling_overhead_ms=0.13444 gpu_resource_sampling_overhead_ms=0.03112 semantic_gates=16/16 timing_direct=true resource_overhead_excluded=true step_sum_used=false status=PASS
sample_index=21 cpu_pipeline_ms=54.2098 gpu_pipeline_ms=7.41892 cpu_resource_sampling_overhead_ms=0.15117 gpu_resource_sampling_overhead_ms=0.03102 semantic_gates=16/16 timing_direct=true resource_overhead_excluded=true step_sum_used=false status=PASS
sample_index=22 cpu_pipeline_ms=53.5471 gpu_pipeline_ms=7.39754 cpu_resource_sampling_overhead_ms=0.136129 gpu_resource_sampling_overhead_ms=0.0311 semantic_gates=16/16 timing_direct=true resource_overhead_excluded=true step_sum_used=false status=PASS
sample_index=23 cpu_pipeline_ms=54.2084 gpu_pipeline_ms=7.35213 cpu_resource_sampling_overhead_ms=0.12515 gpu_resource_sampling_overhead_ms=0.03137 semantic_gates=16/16 timing_direct=true resource_overhead_excluded=true step_sum_used=false status=PASS
sample_index=24 cpu_pipeline_ms=53.6365 gpu_pipeline_ms=7.38898 cpu_resource_sampling_overhead_ms=0.13442 gpu_resource_sampling_overhead_ms=0.03088 semantic_gates=16/16 timing_direct=true resource_overhead_excluded=true step_sum_used=false status=PASS
sample_index=25 cpu_pipeline_ms=54.2733 gpu_pipeline_ms=7.33372 cpu_resource_sampling_overhead_ms=0.15516 gpu_resource_sampling_overhead_ms=0.03102 semantic_gates=16/16 timing_direct=true resource_overhead_excluded=true step_sum_used=false status=PASS
sample_index=26 cpu_pipeline_ms=53.6891 gpu_pipeline_ms=7.59307 cpu_resource_sampling_overhead_ms=0.13962 gpu_resource_sampling_overhead_ms=0.03074 semantic_gates=16/16 timing_direct=true resource_overhead_excluded=true step_sum_used=false status=PASS
sample_index=27 cpu_pipeline_ms=53.6591 gpu_pipeline_ms=7.24686 cpu_resource_sampling_overhead_ms=0.12796 gpu_resource_sampling_overhead_ms=0.03095 semantic_gates=16/16 timing_direct=true resource_overhead_excluded=true step_sum_used=false status=PASS
sample_index=28 cpu_pipeline_ms=53.6602 gpu_pipeline_ms=7.33854 cpu_resource_sampling_overhead_ms=0.13579 gpu_resource_sampling_overhead_ms=0.03037 semantic_gates=16/16 timing_direct=true resource_overhead_excluded=true step_sum_used=false status=PASS
sample_index=29 cpu_pipeline_ms=53.8586 gpu_pipeline_ms=7.30963 cpu_resource_sampling_overhead_ms=0.15765 gpu_resource_sampling_overhead_ms=0.0311 semantic_gates=16/16 timing_direct=true resource_overhead_excluded=true step_sum_used=false status=PASS
sample_index=30 cpu_pipeline_ms=53.3452 gpu_pipeline_ms=7.32695 cpu_resource_sampling_overhead_ms=0.13657 gpu_resource_sampling_overhead_ms=0.03104 semantic_gates=16/16 timing_direct=true resource_overhead_excluded=true step_sum_used=false status=PASS
sample_index=31 cpu_pipeline_ms=53.3691 gpu_pipeline_ms=7.46329 cpu_resource_sampling_overhead_ms=0.1483 gpu_resource_sampling_overhead_ms=0.03069 semantic_gates=16/16 timing_direct=true resource_overhead_excluded=true step_sum_used=false status=PASS
sample_index=32 cpu_pipeline_ms=53.2431 gpu_pipeline_ms=7.47619 cpu_resource_sampling_overhead_ms=0.13187 gpu_resource_sampling_overhead_ms=0.03117 semantic_gates=16/16 timing_direct=true resource_overhead_excluded=true step_sum_used=false status=PASS
sample_index=33 cpu_pipeline_ms=53.6669 gpu_pipeline_ms=7.24113 cpu_resource_sampling_overhead_ms=0.14054 gpu_resource_sampling_overhead_ms=0.031 semantic_gates=16/16 timing_direct=true resource_overhead_excluded=true step_sum_used=false status=PASS
sample_index=34 cpu_pipeline_ms=53.4289 gpu_pipeline_ms=7.45112 cpu_resource_sampling_overhead_ms=0.1297 gpu_resource_sampling_overhead_ms=0.03084 semantic_gates=16/16 timing_direct=true resource_overhead_excluded=true step_sum_used=false status=PASS
sample_index=35 cpu_pipeline_ms=53.3565 gpu_pipeline_ms=7.28756 cpu_resource_sampling_overhead_ms=0.13678 gpu_resource_sampling_overhead_ms=0.03083 semantic_gates=16/16 timing_direct=true resource_overhead_excluded=true step_sum_used=false status=PASS
sample_index=36 cpu_pipeline_ms=53.346 gpu_pipeline_ms=7.34071 cpu_resource_sampling_overhead_ms=0.13767 gpu_resource_sampling_overhead_ms=0.03079 semantic_gates=16/16 timing_direct=true resource_overhead_excluded=true step_sum_used=false status=PASS
sample_index=37 cpu_pipeline_ms=53.3408 gpu_pipeline_ms=7.40005 cpu_resource_sampling_overhead_ms=0.1435 gpu_resource_sampling_overhead_ms=0.03069 semantic_gates=16/16 timing_direct=true resource_overhead_excluded=true step_sum_used=false status=PASS
sample_index=38 cpu_pipeline_ms=53.6155 gpu_pipeline_ms=7.34388 cpu_resource_sampling_overhead_ms=0.12982 gpu_resource_sampling_overhead_ms=0.03073 semantic_gates=16/16 timing_direct=true resource_overhead_excluded=true step_sum_used=false status=PASS
sample_index=39 cpu_pipeline_ms=53.3771 gpu_pipeline_ms=7.48797 cpu_resource_sampling_overhead_ms=0.13074 gpu_resource_sampling_overhead_ms=0.03087 semantic_gates=16/16 timing_direct=true resource_overhead_excluded=true step_sum_used=false status=PASS
sample_index=40 cpu_pipeline_ms=53.3514 gpu_pipeline_ms=7.30534 cpu_resource_sampling_overhead_ms=0.14215 gpu_resource_sampling_overhead_ms=0.03132 semantic_gates=16/16 timing_direct=true resource_overhead_excluded=true step_sum_used=false status=PASS
sample_index=41 cpu_pipeline_ms=53.1893 gpu_pipeline_ms=7.2856 cpu_resource_sampling_overhead_ms=0.14153 gpu_resource_sampling_overhead_ms=0.03076 semantic_gates=16/16 timing_direct=true resource_overhead_excluded=true step_sum_used=false status=PASS
sample_index=42 cpu_pipeline_ms=59.1434 gpu_pipeline_ms=7.42287 cpu_resource_sampling_overhead_ms=0.14041 gpu_resource_sampling_overhead_ms=0.03085 semantic_gates=16/16 timing_direct=true resource_overhead_excluded=true step_sum_used=false status=PASS
sample_index=43 cpu_pipeline_ms=53.6581 gpu_pipeline_ms=7.31427 cpu_resource_sampling_overhead_ms=0.13797 gpu_resource_sampling_overhead_ms=0.03109 semantic_gates=16/16 timing_direct=true resource_overhead_excluded=true step_sum_used=false status=PASS
sample_index=44 cpu_pipeline_ms=53.2957 gpu_pipeline_ms=7.5515 cpu_resource_sampling_overhead_ms=0.1395 gpu_resource_sampling_overhead_ms=0.0309 semantic_gates=16/16 timing_direct=true resource_overhead_excluded=true step_sum_used=false status=PASS
sample_index=45 cpu_pipeline_ms=64.1179 gpu_pipeline_ms=7.27627 cpu_resource_sampling_overhead_ms=0.15818 gpu_resource_sampling_overhead_ms=0.031 semantic_gates=16/16 timing_direct=true resource_overhead_excluded=true step_sum_used=false status=PASS
sample_index=46 cpu_pipeline_ms=53.4609 gpu_pipeline_ms=7.62114 cpu_resource_sampling_overhead_ms=0.14295 gpu_resource_sampling_overhead_ms=0.03125 semantic_gates=16/16 timing_direct=true resource_overhead_excluded=true step_sum_used=false status=PASS
sample_index=47 cpu_pipeline_ms=53.8828 gpu_pipeline_ms=7.32215 cpu_resource_sampling_overhead_ms=0.13458 gpu_resource_sampling_overhead_ms=0.03085 semantic_gates=16/16 timing_direct=true resource_overhead_excluded=true step_sum_used=false status=PASS
sample_index=48 cpu_pipeline_ms=54.9065 gpu_pipeline_ms=7.23699 cpu_resource_sampling_overhead_ms=0.13795 gpu_resource_sampling_overhead_ms=0.03099 semantic_gates=16/16 timing_direct=true resource_overhead_excluded=true step_sum_used=false status=PASS
sample_index=49 cpu_pipeline_ms=53.5555 gpu_pipeline_ms=7.21563 cpu_resource_sampling_overhead_ms=0.13174 gpu_resource_sampling_overhead_ms=0.03082 semantic_gates=16/16 timing_direct=true resource_overhead_excluded=true step_sum_used=false status=PASS
sample_index=50 cpu_pipeline_ms=53.7789 gpu_pipeline_ms=7.26703 cpu_resource_sampling_overhead_ms=0.14513 gpu_resource_sampling_overhead_ms=0.03137 semantic_gates=16/16 timing_direct=true resource_overhead_excluded=true step_sum_used=false status=PASS
sample_index=51 cpu_pipeline_ms=53.5371 gpu_pipeline_ms=7.5247 cpu_resource_sampling_overhead_ms=0.14402 gpu_resource_sampling_overhead_ms=0.03095 semantic_gates=16/16 timing_direct=true resource_overhead_excluded=true step_sum_used=false status=PASS
sample_index=52 cpu_pipeline_ms=53.7814 gpu_pipeline_ms=7.33054 cpu_resource_sampling_overhead_ms=0.1373 gpu_resource_sampling_overhead_ms=0.03087 semantic_gates=16/16 timing_direct=true resource_overhead_excluded=true step_sum_used=false status=PASS
sample_index=53 cpu_pipeline_ms=53.6302 gpu_pipeline_ms=7.43722 cpu_resource_sampling_overhead_ms=0.13779 gpu_resource_sampling_overhead_ms=0.03104 semantic_gates=16/16 timing_direct=true resource_overhead_excluded=true step_sum_used=false status=PASS
sample_index=54 cpu_pipeline_ms=53.3152 gpu_pipeline_ms=7.67365 cpu_resource_sampling_overhead_ms=0.14184 gpu_resource_sampling_overhead_ms=0.03255 semantic_gates=16/16 timing_direct=true resource_overhead_excluded=true step_sum_used=false status=PASS
sample_index=55 cpu_pipeline_ms=53.4684 gpu_pipeline_ms=7.35229 cpu_resource_sampling_overhead_ms=0.14566 gpu_resource_sampling_overhead_ms=0.03119 semantic_gates=16/16 timing_direct=true resource_overhead_excluded=true step_sum_used=false status=PASS
sample_index=56 cpu_pipeline_ms=53.5338 gpu_pipeline_ms=7.37341 cpu_resource_sampling_overhead_ms=0.14938 gpu_resource_sampling_overhead_ms=0.0308 semantic_gates=16/16 timing_direct=true resource_overhead_excluded=true step_sum_used=false status=PASS
sample_index=57 cpu_pipeline_ms=53.3806 gpu_pipeline_ms=7.74979 cpu_resource_sampling_overhead_ms=0.139809 gpu_resource_sampling_overhead_ms=0.03034 semantic_gates=16/16 timing_direct=true resource_overhead_excluded=true step_sum_used=false status=PASS
sample_index=58 cpu_pipeline_ms=53.4534 gpu_pipeline_ms=7.3056 cpu_resource_sampling_overhead_ms=0.14756 gpu_resource_sampling_overhead_ms=0.03143 semantic_gates=16/16 timing_direct=true resource_overhead_excluded=true step_sum_used=false status=PASS
sample_index=59 cpu_pipeline_ms=53.5624 gpu_pipeline_ms=7.56995 cpu_resource_sampling_overhead_ms=0.13854 gpu_resource_sampling_overhead_ms=0.03065 semantic_gates=16/16 timing_direct=true resource_overhead_excluded=true step_sum_used=false status=PASS
sample_index=60 cpu_pipeline_ms=53.5639 gpu_pipeline_ms=7.30485 cpu_resource_sampling_overhead_ms=0.13171 gpu_resource_sampling_overhead_ms=0.03136 semantic_gates=16/16 timing_direct=true resource_overhead_excluded=true step_sum_used=false status=PASS
sample_index=61 cpu_pipeline_ms=53.5875 gpu_pipeline_ms=7.43987 cpu_resource_sampling_overhead_ms=0.13315 gpu_resource_sampling_overhead_ms=0.0311 semantic_gates=16/16 timing_direct=true resource_overhead_excluded=true step_sum_used=false status=PASS
sample_index=62 cpu_pipeline_ms=53.7486 gpu_pipeline_ms=7.5422 cpu_resource_sampling_overhead_ms=0.14216 gpu_resource_sampling_overhead_ms=0.03078 semantic_gates=16/16 timing_direct=true resource_overhead_excluded=true step_sum_used=false status=PASS
sample_index=63 cpu_pipeline_ms=53.5691 gpu_pipeline_ms=7.31951 cpu_resource_sampling_overhead_ms=0.15508 gpu_resource_sampling_overhead_ms=0.03109 semantic_gates=16/16 timing_direct=true resource_overhead_excluded=true step_sum_used=false status=PASS
sample_index=64 cpu_pipeline_ms=53.1252 gpu_pipeline_ms=7.69183 cpu_resource_sampling_overhead_ms=0.12922 gpu_resource_sampling_overhead_ms=0.0311 semantic_gates=16/16 timing_direct=true resource_overhead_excluded=true step_sum_used=false status=PASS
sample_index=65 cpu_pipeline_ms=53.5582 gpu_pipeline_ms=7.24834 cpu_resource_sampling_overhead_ms=0.1354 gpu_resource_sampling_overhead_ms=0.03066 semantic_gates=16/16 timing_direct=true resource_overhead_excluded=true step_sum_used=false status=PASS
sample_index=66 cpu_pipeline_ms=53.1706 gpu_pipeline_ms=7.36395 cpu_resource_sampling_overhead_ms=0.13389 gpu_resource_sampling_overhead_ms=0.03188 semantic_gates=16/16 timing_direct=true resource_overhead_excluded=true step_sum_used=false status=PASS
sample_index=67 cpu_pipeline_ms=53.1994 gpu_pipeline_ms=7.33733 cpu_resource_sampling_overhead_ms=0.13072 gpu_resource_sampling_overhead_ms=0.03124 semantic_gates=16/16 timing_direct=true resource_overhead_excluded=true step_sum_used=false status=PASS
sample_index=68 cpu_pipeline_ms=53.5064 gpu_pipeline_ms=7.43602 cpu_resource_sampling_overhead_ms=0.13558 gpu_resource_sampling_overhead_ms=0.03095 semantic_gates=16/16 timing_direct=true resource_overhead_excluded=true step_sum_used=false status=PASS
sample_index=69 cpu_pipeline_ms=53.3025 gpu_pipeline_ms=7.48559 cpu_resource_sampling_overhead_ms=0.14455 gpu_resource_sampling_overhead_ms=0.03071 semantic_gates=16/16 timing_direct=true resource_overhead_excluded=true step_sum_used=false status=PASS
sample_index=70 cpu_pipeline_ms=53.3917 gpu_pipeline_ms=7.30228 cpu_resource_sampling_overhead_ms=0.16817 gpu_resource_sampling_overhead_ms=0.03117 semantic_gates=16/16 timing_direct=true resource_overhead_excluded=true step_sum_used=false status=PASS
sample_index=71 cpu_pipeline_ms=54.5025 gpu_pipeline_ms=7.82909 cpu_resource_sampling_overhead_ms=0.16135 gpu_resource_sampling_overhead_ms=0.03134 semantic_gates=16/16 timing_direct=true resource_overhead_excluded=true step_sum_used=false status=PASS
sample_index=72 cpu_pipeline_ms=53.5442 gpu_pipeline_ms=7.46267 cpu_resource_sampling_overhead_ms=0.12789 gpu_resource_sampling_overhead_ms=0.03087 semantic_gates=16/16 timing_direct=true resource_overhead_excluded=true step_sum_used=false status=PASS
sample_index=73 cpu_pipeline_ms=53.6318 gpu_pipeline_ms=7.33083 cpu_resource_sampling_overhead_ms=0.12651 gpu_resource_sampling_overhead_ms=0.03075 semantic_gates=16/16 timing_direct=true resource_overhead_excluded=true step_sum_used=false status=PASS
sample_index=74 cpu_pipeline_ms=53.6402 gpu_pipeline_ms=7.37677 cpu_resource_sampling_overhead_ms=0.12704 gpu_resource_sampling_overhead_ms=0.03097 semantic_gates=16/16 timing_direct=true resource_overhead_excluded=true step_sum_used=false status=PASS
sample_index=75 cpu_pipeline_ms=53.644 gpu_pipeline_ms=7.46345 cpu_resource_sampling_overhead_ms=0.13429 gpu_resource_sampling_overhead_ms=0.03106 semantic_gates=16/16 timing_direct=true resource_overhead_excluded=true step_sum_used=false status=PASS
sample_index=76 cpu_pipeline_ms=52.9044 gpu_pipeline_ms=7.42122 cpu_resource_sampling_overhead_ms=0.14024 gpu_resource_sampling_overhead_ms=0.03052 semantic_gates=16/16 timing_direct=true resource_overhead_excluded=true step_sum_used=false status=PASS
sample_index=77 cpu_pipeline_ms=53.7053 gpu_pipeline_ms=7.33386 cpu_resource_sampling_overhead_ms=0.1235 gpu_resource_sampling_overhead_ms=0.03083 semantic_gates=16/16 timing_direct=true resource_overhead_excluded=true step_sum_used=false status=PASS
sample_index=78 cpu_pipeline_ms=53.5979 gpu_pipeline_ms=7.36078 cpu_resource_sampling_overhead_ms=0.12873 gpu_resource_sampling_overhead_ms=0.0311 semantic_gates=16/16 timing_direct=true resource_overhead_excluded=true step_sum_used=false status=PASS
sample_index=79 cpu_pipeline_ms=53.517 gpu_pipeline_ms=7.41062 cpu_resource_sampling_overhead_ms=0.1333 gpu_resource_sampling_overhead_ms=0.03061 semantic_gates=16/16 timing_direct=true resource_overhead_excluded=true step_sum_used=false status=PASS
sample_index=80 cpu_pipeline_ms=53.5455 gpu_pipeline_ms=7.34989 cpu_resource_sampling_overhead_ms=0.13471 gpu_resource_sampling_overhead_ms=0.03083 semantic_gates=16/16 timing_direct=true resource_overhead_excluded=true step_sum_used=false status=PASS
sample_index=81 cpu_pipeline_ms=53.3526 gpu_pipeline_ms=7.3896 cpu_resource_sampling_overhead_ms=0.13302 gpu_resource_sampling_overhead_ms=0.03112 semantic_gates=16/16 timing_direct=true resource_overhead_excluded=true step_sum_used=false status=PASS
sample_index=82 cpu_pipeline_ms=53.5381 gpu_pipeline_ms=7.34128 cpu_resource_sampling_overhead_ms=0.12531 gpu_resource_sampling_overhead_ms=0.03078 semantic_gates=16/16 timing_direct=true resource_overhead_excluded=true step_sum_used=false status=PASS
sample_index=83 cpu_pipeline_ms=53.5911 gpu_pipeline_ms=7.46266 cpu_resource_sampling_overhead_ms=0.13074 gpu_resource_sampling_overhead_ms=0.03068 semantic_gates=16/16 timing_direct=true resource_overhead_excluded=true step_sum_used=false status=PASS
sample_index=84 cpu_pipeline_ms=53.3522 gpu_pipeline_ms=7.37819 cpu_resource_sampling_overhead_ms=0.13052 gpu_resource_sampling_overhead_ms=0.03098 semantic_gates=16/16 timing_direct=true resource_overhead_excluded=true step_sum_used=false status=PASS
sample_index=85 cpu_pipeline_ms=53.3407 gpu_pipeline_ms=7.31636 cpu_resource_sampling_overhead_ms=0.12965 gpu_resource_sampling_overhead_ms=0.03101 semantic_gates=16/16 timing_direct=true resource_overhead_excluded=true step_sum_used=false status=PASS
sample_index=86 cpu_pipeline_ms=53.2894 gpu_pipeline_ms=7.42227 cpu_resource_sampling_overhead_ms=0.16714 gpu_resource_sampling_overhead_ms=0.03067 semantic_gates=16/16 timing_direct=true resource_overhead_excluded=true step_sum_used=false status=PASS
sample_index=87 cpu_pipeline_ms=53.2536 gpu_pipeline_ms=7.36878 cpu_resource_sampling_overhead_ms=0.13491 gpu_resource_sampling_overhead_ms=0.03093 semantic_gates=16/16 timing_direct=true resource_overhead_excluded=true step_sum_used=false status=PASS
sample_index=88 cpu_pipeline_ms=53.9263 gpu_pipeline_ms=7.40014 cpu_resource_sampling_overhead_ms=0.14329 gpu_resource_sampling_overhead_ms=0.03143 semantic_gates=16/16 timing_direct=true resource_overhead_excluded=true step_sum_used=false status=PASS
sample_index=89 cpu_pipeline_ms=53.8597 gpu_pipeline_ms=7.5794 cpu_resource_sampling_overhead_ms=0.13021 gpu_resource_sampling_overhead_ms=0.03063 semantic_gates=16/16 timing_direct=true resource_overhead_excluded=true step_sum_used=false status=PASS
sample_index=90 cpu_pipeline_ms=53.5246 gpu_pipeline_ms=7.35132 cpu_resource_sampling_overhead_ms=0.1291 gpu_resource_sampling_overhead_ms=0.03115 semantic_gates=16/16 timing_direct=true resource_overhead_excluded=true step_sum_used=false status=PASS
sample_index=91 cpu_pipeline_ms=53.6487 gpu_pipeline_ms=7.51949 cpu_resource_sampling_overhead_ms=0.14001 gpu_resource_sampling_overhead_ms=0.0311 semantic_gates=16/16 timing_direct=true resource_overhead_excluded=true step_sum_used=false status=PASS
sample_index=92 cpu_pipeline_ms=60.9834 gpu_pipeline_ms=7.34683 cpu_resource_sampling_overhead_ms=0.14261 gpu_resource_sampling_overhead_ms=0.03102 semantic_gates=16/16 timing_direct=true resource_overhead_excluded=true step_sum_used=false status=PASS
sample_index=93 cpu_pipeline_ms=53.6863 gpu_pipeline_ms=7.49712 cpu_resource_sampling_overhead_ms=0.28241 gpu_resource_sampling_overhead_ms=0.03149 semantic_gates=16/16 timing_direct=true resource_overhead_excluded=true step_sum_used=false status=PASS
sample_index=94 cpu_pipeline_ms=53.9128 gpu_pipeline_ms=7.37035 cpu_resource_sampling_overhead_ms=0.13211 gpu_resource_sampling_overhead_ms=0.03093 semantic_gates=16/16 timing_direct=true resource_overhead_excluded=true step_sum_used=false status=PASS
sample_index=95 cpu_pipeline_ms=53.3584 gpu_pipeline_ms=7.39489 cpu_resource_sampling_overhead_ms=0.14447 gpu_resource_sampling_overhead_ms=0.03075 semantic_gates=16/16 timing_direct=true resource_overhead_excluded=true step_sum_used=false status=PASS
sample_index=96 cpu_pipeline_ms=53.7949 gpu_pipeline_ms=7.37465 cpu_resource_sampling_overhead_ms=0.12893 gpu_resource_sampling_overhead_ms=0.03122 semantic_gates=16/16 timing_direct=true resource_overhead_excluded=true step_sum_used=false status=PASS
sample_index=97 cpu_pipeline_ms=53.5978 gpu_pipeline_ms=7.3936 cpu_resource_sampling_overhead_ms=0.13445 gpu_resource_sampling_overhead_ms=0.03076 semantic_gates=16/16 timing_direct=true resource_overhead_excluded=true step_sum_used=false status=PASS
sample_index=98 cpu_pipeline_ms=53.5049 gpu_pipeline_ms=7.51048 cpu_resource_sampling_overhead_ms=0.12999 gpu_resource_sampling_overhead_ms=0.03044 semantic_gates=16/16 timing_direct=true resource_overhead_excluded=true step_sum_used=false status=PASS
sample_index=99 cpu_pipeline_ms=53.4211 gpu_pipeline_ms=7.38428 cpu_resource_sampling_overhead_ms=0.13562 gpu_resource_sampling_overhead_ms=0.03108 semantic_gates=16/16 timing_direct=true resource_overhead_excluded=true step_sum_used=false status=PASS
function=Task2 frozen full six-step pipeline
call_chain=Step1->Step2;Step2+Step1->Step3;Step3 dual outputs->Step4;Step4->Step5;Step5+Step4+Kalman/delay->Step6
timing=pipeline_total measured directly;not=sum(step timings)
cpu_correlation_method=direct_parallel_exact workers=255
resource_sampling_mode=same_pipeline_execution
status=PASS return_code=0
