command=build_stage08_b07_qmf_4948b3e7dd01/stage08_wavelets_qmf --dtype INT8 --elements 10000 --seed 87300015 --warmup 20 --measured 100 --output /tmp/ZKX_dev/results/stage08_input_preview_b07_qmf_ed9b9505e41d/formal/20260810T090750Z_ed9b9505e41d_stage08_b07_formal_8753000e/qmf_probe_raw.json
{"run_id": "20260810T090750Z_ed9b9505e41d_stage08_b07_formal_8753000e", "case_id": "qmf__qmf_int8_10e4__6ddfa6315f8f2558", "operator_name": "qmf", "scale_id": "qmf_int8_10e4", "requested_dtype": "INT8", "output_dtype": "INT64", "backend": "not_applicable", "input_count": 10000, "output_count": 10000, "warmup_runs": 20, "measured_runs": 100, "mse": 0, "rmse": 0, "relative_l2": 0, "relative_linf": 0, "status": "PASS", "error_code": "OK"}
[stage08] identity and status
+--------+---------------+--------+----------------+-------+--------+----------+--------------------------+--------+------------+
| target | scale_id      | device | backend        | dtype | warmup | measured | timing_scope             | status | error_code |
+--------+---------------+--------+----------------+-------+--------+----------+--------------------------+--------+------------+
| qmf    | qmf_int8_10e4 | CPU    | not_applicable | INT8  | 20     | 100      | compatibility/end-to-end | PASS   | OK         |
| qmf    | qmf_int8_10e4 | GPU    | not_applicable | INT8  | 20     | 100      | compatibility/end-to-end | PASS   | OK         |
+--------+---------------+--------+----------------+-------+--------+----------+--------------------------+--------+------------+

[stage08] timing detail
+--------+------------+---------------------+--------------------+---------------------+----------+----------+-----------------------+----------------------+---------------------+
| device | mean_ms    | p50_ms              | p95_ms             | p99_ms              | min_ms   | max_ms   | std_ms                | cv                   | speedup             |
+--------+------------+---------------------+--------------------+---------------------+----------+----------+-----------------------+----------------------+---------------------+
| CPU    | 0.11447146 | 0.11364350000000001 | 0.11691905         | 0.12838521000000003 | 0.113479 | 0.129891 | 0.0025672086803374605 | 0.022426626517539485 | NA                  |
| GPU    | 0.26428411 | 0.25691             | 0.2806215999999999 | 0.36286404000000094 | 0.250729 | 0.544632 | 0.031964733956000635  | 0.12094837618501027  | 0.43313788331807007 |
+--------+------------+---------------------+--------------------+---------------------+----------+----------+-----------------------+----------------------+---------------------+

[stage08] accuracy detail
+-----------------------------+-----+------+-------------+---------------+-------------+----------------+---------------------------------------+--------+
| accuracy_reference          | mse | rmse | relative_l2 | relative_linf | exact_match | mismatch_count | semantic_check                        | status |
+-----------------------------+-----+------+-------------+---------------+-------------+----------------+---------------------------------------+--------+
| cpu_qmf_int64_index_formula | 0   | 0    | 0           | 0             | NA          | NA             | output_count=10000;output_dtype=INT64 | PASS   |
+-----------------------------+-----+------+-------------+---------------+-------------+----------------+---------------------------------------+--------+

[stage08] resource detail
+--------+------------+--------------+-------------+------------+-------------+
| device | metric     | before_bytes | after_bytes | peak_bytes | delta_bytes |
+--------+------------+--------------+-------------+------------+-------------+
| CPU    | cpu_heap   | 1492768      | 1666128     | 1666128    | 173360      |
| CPU    | rss        | 69279744     | 69279744    | 69279744   | 0           |
| GPU    | cpu_heap   | 1666224      | 1749360     | 1749360    | 83136       |
| GPU    | rss        | 69279744     | 69279744    | 69279744   | 0           |
| GPU    | gpu_memory | 391544832    | 391544832   | 391544832  | 0           |
+--------+------------+--------------+-------------+------------+-------------+

[stage08] input/output identity
+--------+------------------------------------------------------------------+------------------------------------------------------------------+
| device | input_digest                                                     | output_digest                                                    |
+--------+------------------------------------------------------------------+------------------------------------------------------------------+
| CPU    | 6ddfa6315f8f2558759564a92421046aa97336c667ade5aeca28264294b188b3 | 202ee4b01f38071cdd074fe5d438bd8402fddbc380ee57bf20efcd6e08295250 |
| GPU    | 6ddfa6315f8f2558759564a92421046aa97336c667ade5aeca28264294b188b3 | 202ee4b01f38071cdd074fe5d438bd8402fddbc380ee57bf20efcd6e08295250 |
+--------+------------------------------------------------------------------+------------------------------------------------------------------+

[stage08] input content
+------------+---------+-------+----------+------------------------------------------------------+---------------------------------------------------+
| input_name | shape   | dtype | elements | generator                                            | values(head4/tail2)                               |
+------------+---------+-------+----------+------------------------------------------------------+---------------------------------------------------+
| hk         | [10000] | INT8  | 10000    | qmf_sinusoid_or_modular(seed=87300015,integral=true) | i=0:-48;i=1:-41;i=2:-34;i=3:-27;i=9998:1;i=9999:8 |
+------------+---------+-------+----------+------------------------------------------------------+---------------------------------------------------+

[stage08] case parameters
+-------------------------------------------------------+
| parameters                                            |
+-------------------------------------------------------+
| {"dtype":"INT8","elements":"10000","seed":"87300015"} |
+-------------------------------------------------------+

[stage08] dtype evidence
+-----------------+--------------------+--------------+------------------------------------------------------------------+--------+
| requested_dtype | config_input_dtype | output_dtype | actual_input_digest                                              | status |
+-----------------+--------------------+--------------+------------------------------------------------------------------+--------+
| INT8            | NA                 | INT64        | 6ddfa6315f8f2558759564a92421046aa97336c667ade5aeca28264294b188b3 | PASS   |
+-----------------+--------------------+--------------+------------------------------------------------------------------+--------+

[stage08] evidence files
+----------------+-------------------------------------------------------------------------------------------------------------------------------------------------------------------------------------------------------------------------------------------+
| kind           | path                                                                                                                                                                                                                                      |
+----------------+-------------------------------------------------------------------------------------------------------------------------------------------------------------------------------------------------------------------------------------------+
| dtype_csv      | /tmp/ZKX_dev/results/stage08_input_preview_b07_qmf_ed9b9505e41d/formal/20260810T090750Z_ed9b9505e41d_stage08_b07_formal_8753000e/operator_dtype_evidence_qmf_not_applicable_20260810T090750Z_ed9b9505e41d_stage08_b07_formal_8753000e.csv |
| main_csv       | /tmp/ZKX_dev/results/stage08_input_preview_b07_qmf_ed9b9505e41d/formal/20260810T090750Z_ed9b9505e41d_stage08_b07_formal_8753000e/operator_main_results_qmf_not_applicable_20260810T090750Z_ed9b9505e41d_stage08_b07_formal_8753000e.csv   |
| full_log       | /tmp/ZKX_dev/results/stage08_input_preview_b07_qmf_ed9b9505e41d/formal/20260810T090750Z_ed9b9505e41d_stage08_b07_formal_8753000e/operator_qmf_full.log                                                                                    |
| report_json    | /tmp/ZKX_dev/results/stage08_input_preview_b07_qmf_ed9b9505e41d/formal/20260810T090750Z_ed9b9505e41d_stage08_b07_formal_8753000e/operator_qmf_report.json                                                                                 |
| summary_txt    | /tmp/ZKX_dev/results/stage08_input_preview_b07_qmf_ed9b9505e41d/formal/20260810T090750Z_ed9b9505e41d_stage08_b07_formal_8753000e/operator_qmf_summary.txt                                                                                 |
| timing_csv     | /tmp/ZKX_dev/results/stage08_input_preview_b07_qmf_ed9b9505e41d/formal/20260810T090750Z_ed9b9505e41d_stage08_b07_formal_8753000e/operator_timing_samples_qmf_not_applicable_20260810T090750Z_ed9b9505e41d_stage08_b07_formal_8753000e.csv |
| memory_csv     | /tmp/ZKX_dev/results/stage08_input_preview_b07_qmf_ed9b9505e41d/formal/20260810T090750Z_ed9b9505e41d_stage08_b07_formal_8753000e/operator_wavelets_qmf_memory_trace_not_applicable.csv                                                    |
| probe_raw_json | /tmp/ZKX_dev/results/stage08_input_preview_b07_qmf_ed9b9505e41d/formal/20260810T090750Z_ed9b9505e41d_stage08_b07_formal_8753000e/qmf_probe_raw.json                                                                                       |
+----------------+-------------------------------------------------------------------------------------------------------------------------------------------------------------------------------------------------------------------------------------------+
