command=/tmp/ZKX_dev/build_stage07_b01_pulse_compression_1662dd06774d/stage07_radartools_pulse_compression --dtype INT16 --warmup 20 --measured 100 --output /tmp/ZKX_dev/results/stage07_b01_input_preview_1662dd06774d/formal/20260810T080844Z_1662dd06774d_stage07_b01_formal_98951c62/pulse_compression_probe_raw.json --n0 64 --n1 256 --template 64 --nfft 256
STAGE07_RADAR_PROBE PASS operator=pulse_compression dtype=INT16
{"run_id": "20260810T080844Z_1662dd06774d_stage07_b01_formal_98951c62", "case_id": "pulse_compression__pc_int16_10e4__cf3dd95c7197904b", "operator_name": "pulse_compression", "scale_id": "pc_int16_10e4", "requested_dtype": "INT16", "config_input_dtype": "ComplexINT16", "input_content": [{"input_name": "echo", "shape": "[64x256]", "dtype": "ComplexINT16", "element_count": "16384", "generator": "complex_modular(seed=3,integral=true)", "preview_head4_tail2": "i=0:(-2,-1);i=1:(0,-3);i=2:(2,4);i=3:(4,2);i=16382:(4,4);i=16383:(-5,2)"}, {"input_name": "waveform", "shape": "[64]", "dtype": "ComplexINT16", "element_count": "64", "generator": "complex_modular(seed=7,integral=true)", "preview_head4_tail2": "i=0:(2,3);i=1:(4,1);i=2:(-5,-1);i=3:(-3,-3);i=62:(5,-4);i=63:(-4,3)"}], "case_parameters": {"num_pulses": 64, "samples_per_pulse": 256, "pulse_samples": 64, "nfft": 256, "normalize": false, "window": "none"}, "output_dtype": "ComplexFP64", "backend": "fft_thrust", "warmup_runs": 20, "measured_runs": 100, "mse": 2.63098e-09, "rmse": 5.1293e-05, "relative_l2": 2.06443e-07, "relative_linf": 3.12911e-07, "exact_match": true, "mismatch_count": 0, "semantic_check": true, "actual_input_digest": "cf3dd95c7197904bf57565a093cfebcecfc6428504e29c15293c31e535cab12a", "status": "PASS", "error_code": "OK"}
[stage07] identity and status
+-------------------+---------------+--------+------------+-------+--------+----------+--------------------------+--------+------------+
| target            | scale_id      | device | backend    | dtype | warmup | measured | timing_scope             | status | error_code |
+-------------------+---------------+--------+------------+-------+--------+----------+--------------------------+--------+------------+
| pulse_compression | pc_int16_10e4 | CPU    | fft_thrust | INT16 | 20     | 100      | compatibility/end-to-end | PASS   | OK         |
| pulse_compression | pc_int16_10e4 | GPU    | fft_thrust | INT16 | 20     | 100      | compatibility/end-to-end | PASS   | OK         |
+-------------------+---------------+--------+------------+-------+--------+----------+--------------------------+--------+------------+

[stage07] timing detail
+--------+------------+--------------------+------------+-------------+-----------+----------+---------------------+----------------------+------------------+
| device | mean_ms    | p50_ms             | p95_ms     | p99_ms      | min_ms    | max_ms   | std_ms              | cv                   | speedup          |
+--------+------------+--------------------+------------+-------------+-----------+----------+---------------------+----------------------+------------------+
| CPU    | 38.2114593 | 38.198559          | 38.3287939 | 38.35826728 | 38.157982 | 38.38354 | 0.04480649094662527 | 0.001172593032756152 | NA               |
| GPU    | 1.34055272 | 1.3208069999999998 | 1.4600005  | 1.5744961   | 1.279933  | 1.582921 | 0.05581073978887576 | 0.04163263328343831  | 28.5042570351131 |
+--------+------------+--------------------+------------+-------------+-----------+----------+---------------------+----------------------+------------------+

[stage07] accuracy detail
+---------------------+-------------+------------+-------------+---------------+-------------+----------------+---------------------------------+--------+
| reference           | mse         | rmse       | relative_l2 | relative_linf | exact_match | mismatch_count | semantic_check                  | status |
+---------------------+-------------+------------+-------------+---------------+-------------+----------------+---------------------------------+--------+
| typed_cpu_reference | 2.63098e-09 | 5.1293e-05 | 2.06443e-07 | 3.12911e-07   | NA          | NA             | typed_output_shape_dtype_finite | PASS   |
+---------------------+-------------+------------+-------------+---------------+-------------+----------------+---------------------------------+--------+

[stage07] resource detail
+--------+------------+--------------+-------------+------------+-------------+
| device | metric     | before_bytes | after_bytes | peak_bytes | delta_bytes |
+--------+------------+--------------+-------------+------------+-------------+
| CPU    | cpu_heap   | 2384704      | 2192000     | 2453040    | -192704     |
| CPU    | rss        | 72044544     | 72044544    | 72044544   | 0           |
| GPU    | cpu_heap   | 2192000      | 2195376     | 2195552    | 3376        |
| GPU    | rss        | 72044544     | 72044544    | 72044544   | 0           |
| GPU    | gpu_memory | 357777408    | 357777408   | 357777408  | 0           |
+--------+------------+--------------+-------------+------------+-------------+

[stage07] input content
+------------+----------+--------------+----------+---------------------------------------+-------------------------------------------------------------------------+
| input_name | shape    | dtype        | elements | generator                             | values(head4/tail2)                                                     |
+------------+----------+--------------+----------+---------------------------------------+-------------------------------------------------------------------------+
| echo       | [64x256] | ComplexINT16 | 16384    | complex_modular(seed=3,integral=true) | i=0:(-2,-1);i=1:(0,-3);i=2:(2,4);i=3:(4,2);i=16382:(4,4);i=16383:(-5,2) |
| waveform   | [64]     | ComplexINT16 | 64       | complex_modular(seed=7,integral=true) | i=0:(2,3);i=1:(4,1);i=2:(-5,-1);i=3:(-3,-3);i=62:(5,-4);i=63:(-4,3)     |
+------------+----------+--------------+----------+---------------------------------------+-------------------------------------------------------------------------+

[stage07] case parameters
+-----------------------------------------------------------------------------------------------------------+
| parameters                                                                                                |
+-----------------------------------------------------------------------------------------------------------+
| {"nfft":256,"normalize":false,"num_pulses":64,"pulse_samples":64,"samples_per_pulse":256,"window":"none"} |
+-----------------------------------------------------------------------------------------------------------+

[stage07] input and output identity
+--------+------------------------------------------------------------------+------------------------------------------------------------------+
| device | input_digest                                                     | output_digest                                                    |
+--------+------------------------------------------------------------------+------------------------------------------------------------------+
| CPU    | cf3dd95c7197904bf57565a093cfebcecfc6428504e29c15293c31e535cab12a | 96107112969d4c5acf5024f93ac399dc452ce836b6c613adcfb7328f3fb67142 |
| GPU    | cf3dd95c7197904bf57565a093cfebcecfc6428504e29c15293c31e535cab12a | da4155885ccf78bae07432482f0d60c1b81897866f5813b58017daf920d34271 |
+--------+------------------------------------------------------------------+------------------------------------------------------------------+

[stage07] dtype evidence
+-----------------+--------------------+--------------+------------------------------------------------------------------+
| requested_dtype | config_input_dtype | output_dtype | actual_input_digest                                              |
+-----------------+--------------------+--------------+------------------------------------------------------------------+
| INT16           | ComplexINT16       | ComplexFP64  | cf3dd95c7197904bf57565a093cfebcecfc6428504e29c15293c31e535cab12a |
+-----------------+--------------------+--------------+------------------------------------------------------------------+

[stage07] evidence files
+-------------+-------------------------------------------------------------------------------------------------------------------------------------------------------------------------------------------------------------------------------------------------+
| kind        | path                                                                                                                                                                                                                                            |
+-------------+-------------------------------------------------------------------------------------------------------------------------------------------------------------------------------------------------------------------------------------------------+
| main_csv    | /tmp/ZKX_dev/results/stage07_b01_input_preview_1662dd06774d/formal/20260810T080844Z_1662dd06774d_stage07_b01_formal_98951c62/operator_main_results_pulse_compression_fft_thrust_20260810T080844Z_1662dd06774d_stage07_b01_formal_98951c62.csv   |
| timing_csv  | /tmp/ZKX_dev/results/stage07_b01_input_preview_1662dd06774d/formal/20260810T080844Z_1662dd06774d_stage07_b01_formal_98951c62/operator_timing_samples_pulse_compression_fft_thrust_20260810T080844Z_1662dd06774d_stage07_b01_formal_98951c62.csv |
| memory_csv  | /tmp/ZKX_dev/results/stage07_b01_input_preview_1662dd06774d/formal/20260810T080844Z_1662dd06774d_stage07_b01_formal_98951c62/operator_radartools_pulse_compression_memory_trace_fft_thrust.csv                                                  |
| dtype_csv   | /tmp/ZKX_dev/results/stage07_b01_input_preview_1662dd06774d/formal/20260810T080844Z_1662dd06774d_stage07_b01_formal_98951c62/operator_dtype_evidence_pulse_compression_fft_thrust_20260810T080844Z_1662dd06774d_stage07_b01_formal_98951c62.csv |
| report_json | /tmp/ZKX_dev/results/stage07_b01_input_preview_1662dd06774d/formal/20260810T080844Z_1662dd06774d_stage07_b01_formal_98951c62/operator_pulse_compression_report.json                                                                             |
| summary_txt | /tmp/ZKX_dev/results/stage07_b01_input_preview_1662dd06774d/formal/20260810T080844Z_1662dd06774d_stage07_b01_formal_98951c62/operator_pulse_compression_summary.txt                                                                             |
| full_log    | /tmp/ZKX_dev/results/stage07_b01_input_preview_1662dd06774d/formal/20260810T080844Z_1662dd06774d_stage07_b01_formal_98951c62/operator_pulse_compression_full.log                                                                                |
| result_dir  | /tmp/ZKX_dev/results/stage07_b01_input_preview_1662dd06774d/formal/20260810T080844Z_1662dd06774d_stage07_b01_formal_98951c62                                                                                                                    |
+-------------+-------------------------------------------------------------------------------------------------------------------------------------------------------------------------------------------------------------------------------------------------+
