command=build_stage08_b05_sosfilt_1681b603eadb/stage08_filtering_sosfilt --dtype INT16 --rank 2 --rows 100 --cols 100 --sections 4 --axis 0 --zi true --seed 85440003 --warmup 20 --measured 100 --output /tmp/ZKX_dev/results/stage08_input_preview_b05_sosfilt_652061b694fc/formal/20260810T084658Z_652061b694fc_stage08_b05_formal_8564000b/sosfilt_probe_raw.json
[stage08] identity and status
+---------+--------------------+--------+----------------+-------+--------+----------+--------------------------+--------+------------+
| target  | scale_id           | device | backend        | dtype | warmup | measured | timing_scope             | status | error_code |
+---------+--------------------+--------+----------------+-------+--------+----------+--------------------------+--------+------------+
| sosfilt | sosfilt_int16_10e4 | CPU    | not_applicable | INT16 | 20     | 100      | compatibility/end-to-end | PASS   | OK         |
| sosfilt | sosfilt_int16_10e4 | GPU    | not_applicable | INT16 | 20     | 100      | compatibility/end-to-end | PASS   | OK         |
+---------+--------------------+--------+----------------+-------+--------+----------+--------------------------+--------+------------+

[stage08] timing detail
+--------+--------------------+-----------+------------+--------------------+----------+----------+----------------------+---------------------+--------------------+
| device | mean_ms            | p50_ms    | p95_ms     | p99_ms             | min_ms   | max_ms   | std_ms               | cv                  | speedup            |
+--------+--------------------+-----------+------------+--------------------+----------+----------+----------------------+---------------------+--------------------+
| CPU    | 1.4210560799999998 | 1.4187575 | 1.4299855  | 1.4384507000000002 | 1.413498 | 1.486238 | 0.008250380484171618 | 0.00580580921491263 | NA                 |
| GPU    | 0.78514849         | 0.778489  | 0.80895155 | 0.8837012100000005 | 0.764944 | 0.985395 | 0.02719656245244792  | 0.03463875024767343 | 1.8099201591790617 |
+--------+--------------------+-----------+------------+--------------------+----------+----------+----------------------+---------------------+--------------------+

[stage08] accuracy detail
+--------------------+-----+------+-------------+---------------+-------------+----------------+------------------------------+--------+
| accuracy_reference | mse | rmse | relative_l2 | relative_linf | exact_match | mismatch_count | semantic_check               | status |
+--------------------+-----+------+-------------+---------------+-------------+----------------+------------------------------+--------+
| cpu_sosfilt_df2t   | 0   | 0    | 0           | 0             | NA          | NA             | approved_fp32_extension_df2t | PASS   |
+--------------------+-----+------+-------------+---------------+-------------+----------------+------------------------------+--------+

[stage08] resource detail
+--------+------------+--------------+-------------+------------+-------------+
| device | metric     | before_bytes | after_bytes | peak_bytes | delta_bytes |
+--------+------------+--------------+-------------+------------+-------------+
| CPU    | cpu_heap   | 1505248      | 1573456     | 1615568    | 68208       |
| CPU    | rss        | 70070272     | 70070272    | 70070272   | 0           |
| GPU    | cpu_heap   | 1573456      | 1620432     | 1620784    | 46976       |
| GPU    | rss        | 70070272     | 70070272    | 70070272   | 0           |
| GPU    | gpu_memory | 408322048    | 408322048   | 408322048  | 0           |
+--------+------------+--------------+-------------+------------+-------------+

[stage08] input/output identity
+--------+------------------------------------------------------------------+------------------------------------------------------------------+
| device | input_digest                                                     | output_digest                                                    |
+--------+------------------------------------------------------------------+------------------------------------------------------------------+
| CPU    | ef87ce4b1346e63025e76f20c73b975e76de5f87aac0d6a5d26de8439096ef6a | c61734e9973dd73fa9b5faa6900bb7e2cb5b85b3c0329fe256e374e90f7b446a |
| GPU    | ef87ce4b1346e63025e76f20c73b975e76de5f87aac0d6a5d26de8439096ef6a | c61734e9973dd73fa9b5faa6900bb7e2cb5b85b3c0329fe256e374e90f7b446a |
+--------+------------------------------------------------------------------+------------------------------------------------------------------+

[stage08] input content
+------------+-----------+-------+----------+----------------------------------------------+----------------------------------------------+
| input_name | shape     | dtype | elements | generator                                    | values(head4/tail2)                          |
+------------+-----------+-------+----------+----------------------------------------------+----------------------------------------------+
| sos        | [4x6]     | INT16 | 24       | repeated_sos_section_[1,1,0,1,0,0]           | i=0:1;i=1:1;i=2:0;i=3:1;i=22:0;i=23:0        |
| x          | [100x100] | INT16 | 10000    | sosfilt_modular(seed=85440003,integral=true) | i=0:2;i=1:-3;i=2:1;i=3:-4;i=9998:-2;i=9999:2 |
| zi         | [4x2x100] | INT16 | 800      | constant_initial_state(1)                    | i=0:1;i=1:1;i=2:1;i=3:1;i=798:1;i=799:1      |
+------------+-----------+-------+----------+----------------------------------------------+----------------------------------------------+

[stage08] case parameters
+----------------------------------------------------------------------------------------------------------------+
| parameters                                                                                                     |
+----------------------------------------------------------------------------------------------------------------+
| {"axis":"0","cols":"100","dtype":"INT16","rank":"2","rows":"100","sections":"4","seed":"85440003","zi":"true"} |
+----------------------------------------------------------------------------------------------------------------+

[stage08] dtype evidence
+-----------------+--------------------+--------------+------------------------------------------------------------------+--------+
| requested_dtype | config_input_dtype | output_dtype | actual_input_digest                                              | status |
+-----------------+--------------------+--------------+------------------------------------------------------------------+--------+
| INT16           | NA                 | FP32         | ef87ce4b1346e63025e76f20c73b975e76de5f87aac0d6a5d26de8439096ef6a | PASS   |
+-----------------+--------------------+--------------+------------------------------------------------------------------+--------+

[stage08] evidence files
+----------------+---------------------------------------------------------------------------------------------------------------------------------------------------------------------------------------------------------------------------------------------------+
| kind           | path                                                                                                                                                                                                                                              |
+----------------+---------------------------------------------------------------------------------------------------------------------------------------------------------------------------------------------------------------------------------------------------+
| dtype_csv      | /tmp/ZKX_dev/results/stage08_input_preview_b05_sosfilt_652061b694fc/formal/20260810T084658Z_652061b694fc_stage08_b05_formal_8564000b/operator_dtype_evidence_sosfilt_not_applicable_20260810T084658Z_652061b694fc_stage08_b05_formal_8564000b.csv |
| memory_csv     | /tmp/ZKX_dev/results/stage08_input_preview_b05_sosfilt_652061b694fc/formal/20260810T084658Z_652061b694fc_stage08_b05_formal_8564000b/operator_filtering_sosfilt_memory_trace_not_applicable.csv                                                   |
| main_csv       | /tmp/ZKX_dev/results/stage08_input_preview_b05_sosfilt_652061b694fc/formal/20260810T084658Z_652061b694fc_stage08_b05_formal_8564000b/operator_main_results_sosfilt_not_applicable_20260810T084658Z_652061b694fc_stage08_b05_formal_8564000b.csv   |
| full_log       | /tmp/ZKX_dev/results/stage08_input_preview_b05_sosfilt_652061b694fc/formal/20260810T084658Z_652061b694fc_stage08_b05_formal_8564000b/operator_sosfilt_full.log                                                                                    |
| report_json    | /tmp/ZKX_dev/results/stage08_input_preview_b05_sosfilt_652061b694fc/formal/20260810T084658Z_652061b694fc_stage08_b05_formal_8564000b/operator_sosfilt_report.json                                                                                 |
| summary_txt    | /tmp/ZKX_dev/results/stage08_input_preview_b05_sosfilt_652061b694fc/formal/20260810T084658Z_652061b694fc_stage08_b05_formal_8564000b/operator_sosfilt_summary.txt                                                                                 |
| timing_csv     | /tmp/ZKX_dev/results/stage08_input_preview_b05_sosfilt_652061b694fc/formal/20260810T084658Z_652061b694fc_stage08_b05_formal_8564000b/operator_timing_samples_sosfilt_not_applicable_20260810T084658Z_652061b694fc_stage08_b05_formal_8564000b.csv |
| probe_raw_json | /tmp/ZKX_dev/results/stage08_input_preview_b05_sosfilt_652061b694fc/formal/20260810T084658Z_652061b694fc_stage08_b05_formal_8564000b/sosfilt_probe_raw.json                                                                                       |
+----------------+---------------------------------------------------------------------------------------------------------------------------------------------------------------------------------------------------------------------------------------------------+
