sample_index=0 cpu_pipeline_ms=25.1764 gpu_pipeline_ms=6.13433 cpu_resource_sampling_overhead_ms=0.134052 gpu_resource_sampling_overhead_ms=0.032061 semantic_gates=16/16 timing_direct=true resource_overhead_excluded=true step_sum_used=false status=PASS
sample_index=1 cpu_pipeline_ms=25.2447 gpu_pipeline_ms=6.10572 cpu_resource_sampling_overhead_ms=0.13057 gpu_resource_sampling_overhead_ms=0.03139 semantic_gates=16/16 timing_direct=true resource_overhead_excluded=true step_sum_used=false status=PASS
sample_index=2 cpu_pipeline_ms=24.9679 gpu_pipeline_ms=6.12111 cpu_resource_sampling_overhead_ms=0.122501 gpu_resource_sampling_overhead_ms=0.03179 semantic_gates=16/16 timing_direct=true resource_overhead_excluded=true step_sum_used=false status=PASS
sample_index=3 cpu_pipeline_ms=25.4363 gpu_pipeline_ms=6.06167 cpu_resource_sampling_overhead_ms=0.116891 gpu_resource_sampling_overhead_ms=0.031551 semantic_gates=16/16 timing_direct=true resource_overhead_excluded=true step_sum_used=false status=PASS
sample_index=4 cpu_pipeline_ms=25.5868 gpu_pipeline_ms=6.16152 cpu_resource_sampling_overhead_ms=0.143472 gpu_resource_sampling_overhead_ms=0.03164 semantic_gates=16/16 timing_direct=true resource_overhead_excluded=true step_sum_used=false status=PASS
sample_index=5 cpu_pipeline_ms=25.0359 gpu_pipeline_ms=5.9452 cpu_resource_sampling_overhead_ms=0.113521 gpu_resource_sampling_overhead_ms=0.03216 semantic_gates=16/16 timing_direct=true resource_overhead_excluded=true step_sum_used=false status=PASS
sample_index=6 cpu_pipeline_ms=25.5205 gpu_pipeline_ms=6.12045 cpu_resource_sampling_overhead_ms=0.13362 gpu_resource_sampling_overhead_ms=0.03265 semantic_gates=16/16 timing_direct=true resource_overhead_excluded=true step_sum_used=false status=PASS
sample_index=7 cpu_pipeline_ms=31.8076 gpu_pipeline_ms=6.54681 cpu_resource_sampling_overhead_ms=0.129981 gpu_resource_sampling_overhead_ms=0.03186 semantic_gates=16/16 timing_direct=true resource_overhead_excluded=true step_sum_used=false status=PASS
sample_index=8 cpu_pipeline_ms=25.5855 gpu_pipeline_ms=6.43635 cpu_resource_sampling_overhead_ms=0.153582 gpu_resource_sampling_overhead_ms=0.032831 semantic_gates=16/16 timing_direct=true resource_overhead_excluded=true step_sum_used=false status=PASS
sample_index=9 cpu_pipeline_ms=25.5992 gpu_pipeline_ms=6.16217 cpu_resource_sampling_overhead_ms=0.136301 gpu_resource_sampling_overhead_ms=0.03134 semantic_gates=16/16 timing_direct=true resource_overhead_excluded=true step_sum_used=false status=PASS
sample_index=10 cpu_pipeline_ms=25.2851 gpu_pipeline_ms=6.29022 cpu_resource_sampling_overhead_ms=0.12336 gpu_resource_sampling_overhead_ms=0.031691 semantic_gates=16/16 timing_direct=true resource_overhead_excluded=true step_sum_used=false status=PASS
sample_index=11 cpu_pipeline_ms=29.4559 gpu_pipeline_ms=6.27622 cpu_resource_sampling_overhead_ms=0.142011 gpu_resource_sampling_overhead_ms=0.03259 semantic_gates=16/16 timing_direct=true resource_overhead_excluded=true step_sum_used=false status=PASS
sample_index=12 cpu_pipeline_ms=25.2633 gpu_pipeline_ms=6.28609 cpu_resource_sampling_overhead_ms=0.13909 gpu_resource_sampling_overhead_ms=0.03169 semantic_gates=16/16 timing_direct=true resource_overhead_excluded=true step_sum_used=false status=PASS
sample_index=13 cpu_pipeline_ms=24.8776 gpu_pipeline_ms=6.21698 cpu_resource_sampling_overhead_ms=0.119131 gpu_resource_sampling_overhead_ms=0.03163 semantic_gates=16/16 timing_direct=true resource_overhead_excluded=true step_sum_used=false status=PASS
sample_index=14 cpu_pipeline_ms=25.2137 gpu_pipeline_ms=6.28697 cpu_resource_sampling_overhead_ms=0.136411 gpu_resource_sampling_overhead_ms=0.03253 semantic_gates=16/16 timing_direct=true resource_overhead_excluded=true step_sum_used=false status=PASS
sample_index=15 cpu_pipeline_ms=24.9285 gpu_pipeline_ms=6.32509 cpu_resource_sampling_overhead_ms=0.129471 gpu_resource_sampling_overhead_ms=0.03234 semantic_gates=16/16 timing_direct=true resource_overhead_excluded=true step_sum_used=false status=PASS
sample_index=16 cpu_pipeline_ms=24.989 gpu_pipeline_ms=8.22906 cpu_resource_sampling_overhead_ms=0.12155 gpu_resource_sampling_overhead_ms=0.03248 semantic_gates=16/16 timing_direct=true resource_overhead_excluded=true step_sum_used=false status=PASS
sample_index=17 cpu_pipeline_ms=25.4975 gpu_pipeline_ms=6.27027 cpu_resource_sampling_overhead_ms=0.13435 gpu_resource_sampling_overhead_ms=0.03121 semantic_gates=16/16 timing_direct=true resource_overhead_excluded=true step_sum_used=false status=PASS
sample_index=18 cpu_pipeline_ms=25.2048 gpu_pipeline_ms=6.39709 cpu_resource_sampling_overhead_ms=0.12997 gpu_resource_sampling_overhead_ms=0.032801 semantic_gates=16/16 timing_direct=true resource_overhead_excluded=true step_sum_used=false status=PASS
sample_index=19 cpu_pipeline_ms=25.1558 gpu_pipeline_ms=6.35468 cpu_resource_sampling_overhead_ms=0.12919 gpu_resource_sampling_overhead_ms=0.031761 semantic_gates=16/16 timing_direct=true resource_overhead_excluded=true step_sum_used=false status=PASS
sample_index=20 cpu_pipeline_ms=25.1638 gpu_pipeline_ms=6.46101 cpu_resource_sampling_overhead_ms=0.129591 gpu_resource_sampling_overhead_ms=0.032061 semantic_gates=16/16 timing_direct=true resource_overhead_excluded=true step_sum_used=false status=PASS
sample_index=21 cpu_pipeline_ms=24.7887 gpu_pipeline_ms=6.33254 cpu_resource_sampling_overhead_ms=0.119121 gpu_resource_sampling_overhead_ms=0.032791 semantic_gates=16/16 timing_direct=true resource_overhead_excluded=true step_sum_used=false status=PASS
sample_index=22 cpu_pipeline_ms=25.1963 gpu_pipeline_ms=6.52193 cpu_resource_sampling_overhead_ms=0.1348 gpu_resource_sampling_overhead_ms=0.031231 semantic_gates=16/16 timing_direct=true resource_overhead_excluded=true step_sum_used=false status=PASS
sample_index=23 cpu_pipeline_ms=24.8543 gpu_pipeline_ms=6.5403 cpu_resource_sampling_overhead_ms=0.127101 gpu_resource_sampling_overhead_ms=0.03196 semantic_gates=16/16 timing_direct=true resource_overhead_excluded=true step_sum_used=false status=PASS
sample_index=24 cpu_pipeline_ms=24.7247 gpu_pipeline_ms=6.24054 cpu_resource_sampling_overhead_ms=0.122821 gpu_resource_sampling_overhead_ms=0.03244 semantic_gates=16/16 timing_direct=true resource_overhead_excluded=true step_sum_used=false status=PASS
sample_index=25 cpu_pipeline_ms=25.291 gpu_pipeline_ms=6.37371 cpu_resource_sampling_overhead_ms=0.132742 gpu_resource_sampling_overhead_ms=0.03174 semantic_gates=16/16 timing_direct=true resource_overhead_excluded=true step_sum_used=false status=PASS
sample_index=26 cpu_pipeline_ms=24.9636 gpu_pipeline_ms=6.22409 cpu_resource_sampling_overhead_ms=0.119701 gpu_resource_sampling_overhead_ms=0.03215 semantic_gates=16/16 timing_direct=true resource_overhead_excluded=true step_sum_used=false status=PASS
sample_index=27 cpu_pipeline_ms=24.8373 gpu_pipeline_ms=6.29229 cpu_resource_sampling_overhead_ms=0.123542 gpu_resource_sampling_overhead_ms=0.03162 semantic_gates=16/16 timing_direct=true resource_overhead_excluded=true step_sum_used=false status=PASS
sample_index=28 cpu_pipeline_ms=25.1854 gpu_pipeline_ms=6.14142 cpu_resource_sampling_overhead_ms=0.118791 gpu_resource_sampling_overhead_ms=0.03277 semantic_gates=16/16 timing_direct=true resource_overhead_excluded=true step_sum_used=false status=PASS
sample_index=29 cpu_pipeline_ms=24.9307 gpu_pipeline_ms=5.96708 cpu_resource_sampling_overhead_ms=0.130411 gpu_resource_sampling_overhead_ms=0.03123 semantic_gates=16/16 timing_direct=true resource_overhead_excluded=true step_sum_used=false status=PASS
sample_index=30 cpu_pipeline_ms=25.0272 gpu_pipeline_ms=6.30887 cpu_resource_sampling_overhead_ms=0.170132 gpu_resource_sampling_overhead_ms=0.03261 semantic_gates=16/16 timing_direct=true resource_overhead_excluded=true step_sum_used=false status=PASS
sample_index=31 cpu_pipeline_ms=25.1229 gpu_pipeline_ms=6.09859 cpu_resource_sampling_overhead_ms=0.136401 gpu_resource_sampling_overhead_ms=0.03184 semantic_gates=16/16 timing_direct=true resource_overhead_excluded=true step_sum_used=false status=PASS
sample_index=32 cpu_pipeline_ms=24.711 gpu_pipeline_ms=6.27182 cpu_resource_sampling_overhead_ms=0.11651 gpu_resource_sampling_overhead_ms=0.03242 semantic_gates=16/16 timing_direct=true resource_overhead_excluded=true step_sum_used=false status=PASS
sample_index=33 cpu_pipeline_ms=25.3973 gpu_pipeline_ms=6.43586 cpu_resource_sampling_overhead_ms=0.126221 gpu_resource_sampling_overhead_ms=0.03158 semantic_gates=16/16 timing_direct=true resource_overhead_excluded=true step_sum_used=false status=PASS
sample_index=34 cpu_pipeline_ms=25.1989 gpu_pipeline_ms=6.20122 cpu_resource_sampling_overhead_ms=0.13514 gpu_resource_sampling_overhead_ms=0.03196 semantic_gates=16/16 timing_direct=true resource_overhead_excluded=true step_sum_used=false status=PASS
sample_index=35 cpu_pipeline_ms=24.5118 gpu_pipeline_ms=6.03683 cpu_resource_sampling_overhead_ms=0.114991 gpu_resource_sampling_overhead_ms=0.03234 semantic_gates=16/16 timing_direct=true resource_overhead_excluded=true step_sum_used=false status=PASS
sample_index=36 cpu_pipeline_ms=25.291 gpu_pipeline_ms=6.32737 cpu_resource_sampling_overhead_ms=0.127812 gpu_resource_sampling_overhead_ms=0.03233 semantic_gates=16/16 timing_direct=true resource_overhead_excluded=true step_sum_used=false status=PASS
sample_index=37 cpu_pipeline_ms=24.8506 gpu_pipeline_ms=6.07745 cpu_resource_sampling_overhead_ms=0.12226 gpu_resource_sampling_overhead_ms=0.03121 semantic_gates=16/16 timing_direct=true resource_overhead_excluded=true step_sum_used=false status=PASS
sample_index=38 cpu_pipeline_ms=24.8464 gpu_pipeline_ms=6.23775 cpu_resource_sampling_overhead_ms=0.126791 gpu_resource_sampling_overhead_ms=0.03226 semantic_gates=16/16 timing_direct=true resource_overhead_excluded=true step_sum_used=false status=PASS
sample_index=39 cpu_pipeline_ms=25.2412 gpu_pipeline_ms=6.08435 cpu_resource_sampling_overhead_ms=0.129461 gpu_resource_sampling_overhead_ms=0.03307 semantic_gates=16/16 timing_direct=true resource_overhead_excluded=true step_sum_used=false status=PASS
sample_index=40 cpu_pipeline_ms=24.7343 gpu_pipeline_ms=6.30272 cpu_resource_sampling_overhead_ms=0.13002 gpu_resource_sampling_overhead_ms=0.03238 semantic_gates=16/16 timing_direct=true resource_overhead_excluded=true step_sum_used=false status=PASS
sample_index=41 cpu_pipeline_ms=24.6798 gpu_pipeline_ms=6.3941 cpu_resource_sampling_overhead_ms=0.114581 gpu_resource_sampling_overhead_ms=0.031281 semantic_gates=16/16 timing_direct=true resource_overhead_excluded=true step_sum_used=false status=PASS
sample_index=42 cpu_pipeline_ms=25.2382 gpu_pipeline_ms=6.23893 cpu_resource_sampling_overhead_ms=0.144391 gpu_resource_sampling_overhead_ms=0.033511 semantic_gates=16/16 timing_direct=true resource_overhead_excluded=true step_sum_used=false status=PASS
sample_index=43 cpu_pipeline_ms=24.8504 gpu_pipeline_ms=6.15193 cpu_resource_sampling_overhead_ms=0.126102 gpu_resource_sampling_overhead_ms=0.03297 semantic_gates=16/16 timing_direct=true resource_overhead_excluded=true step_sum_used=false status=PASS
sample_index=44 cpu_pipeline_ms=27.3458 gpu_pipeline_ms=6.37518 cpu_resource_sampling_overhead_ms=0.135091 gpu_resource_sampling_overhead_ms=0.032011 semantic_gates=16/16 timing_direct=true resource_overhead_excluded=true step_sum_used=false status=PASS
sample_index=45 cpu_pipeline_ms=27.0219 gpu_pipeline_ms=6.31554 cpu_resource_sampling_overhead_ms=0.14885 gpu_resource_sampling_overhead_ms=0.03234 semantic_gates=16/16 timing_direct=true resource_overhead_excluded=true step_sum_used=false status=PASS
sample_index=46 cpu_pipeline_ms=24.7338 gpu_pipeline_ms=6.39234 cpu_resource_sampling_overhead_ms=0.125081 gpu_resource_sampling_overhead_ms=0.03113 semantic_gates=16/16 timing_direct=true resource_overhead_excluded=true step_sum_used=false status=PASS
sample_index=47 cpu_pipeline_ms=25.3987 gpu_pipeline_ms=6.26302 cpu_resource_sampling_overhead_ms=0.126551 gpu_resource_sampling_overhead_ms=0.03188 semantic_gates=16/16 timing_direct=true resource_overhead_excluded=true step_sum_used=false status=PASS
sample_index=48 cpu_pipeline_ms=24.9109 gpu_pipeline_ms=6.26194 cpu_resource_sampling_overhead_ms=0.121971 gpu_resource_sampling_overhead_ms=0.031861 semantic_gates=16/16 timing_direct=true resource_overhead_excluded=true step_sum_used=false status=PASS
sample_index=49 cpu_pipeline_ms=25.0124 gpu_pipeline_ms=6.14851 cpu_resource_sampling_overhead_ms=0.11902 gpu_resource_sampling_overhead_ms=0.03189 semantic_gates=16/16 timing_direct=true resource_overhead_excluded=true step_sum_used=false status=PASS
sample_index=50 cpu_pipeline_ms=25.3716 gpu_pipeline_ms=6.17383 cpu_resource_sampling_overhead_ms=0.134851 gpu_resource_sampling_overhead_ms=0.031411 semantic_gates=16/16 timing_direct=true resource_overhead_excluded=true step_sum_used=false status=PASS
sample_index=51 cpu_pipeline_ms=24.821 gpu_pipeline_ms=6.245 cpu_resource_sampling_overhead_ms=0.11624 gpu_resource_sampling_overhead_ms=0.032741 semantic_gates=16/16 timing_direct=true resource_overhead_excluded=true step_sum_used=false status=PASS
sample_index=52 cpu_pipeline_ms=24.8684 gpu_pipeline_ms=6.31804 cpu_resource_sampling_overhead_ms=0.11972 gpu_resource_sampling_overhead_ms=0.03206 semantic_gates=16/16 timing_direct=true resource_overhead_excluded=true step_sum_used=false status=PASS
sample_index=53 cpu_pipeline_ms=25.332 gpu_pipeline_ms=6.35869 cpu_resource_sampling_overhead_ms=0.16803 gpu_resource_sampling_overhead_ms=0.03435 semantic_gates=16/16 timing_direct=true resource_overhead_excluded=true step_sum_used=false status=PASS
sample_index=54 cpu_pipeline_ms=39.2841 gpu_pipeline_ms=6.75783 cpu_resource_sampling_overhead_ms=0.142121 gpu_resource_sampling_overhead_ms=0.03588 semantic_gates=16/16 timing_direct=true resource_overhead_excluded=true step_sum_used=false status=PASS
sample_index=55 cpu_pipeline_ms=25.5441 gpu_pipeline_ms=6.15685 cpu_resource_sampling_overhead_ms=0.154302 gpu_resource_sampling_overhead_ms=0.05547 semantic_gates=16/16 timing_direct=true resource_overhead_excluded=true step_sum_used=false status=PASS
sample_index=56 cpu_pipeline_ms=32.5314 gpu_pipeline_ms=6.15391 cpu_resource_sampling_overhead_ms=0.149442 gpu_resource_sampling_overhead_ms=0.03279 semantic_gates=16/16 timing_direct=true resource_overhead_excluded=true step_sum_used=false status=PASS
sample_index=57 cpu_pipeline_ms=24.9103 gpu_pipeline_ms=6.29688 cpu_resource_sampling_overhead_ms=0.12995 gpu_resource_sampling_overhead_ms=0.03226 semantic_gates=16/16 timing_direct=true resource_overhead_excluded=true step_sum_used=false status=PASS
sample_index=58 cpu_pipeline_ms=24.9829 gpu_pipeline_ms=6.1408 cpu_resource_sampling_overhead_ms=0.15303 gpu_resource_sampling_overhead_ms=0.03274 semantic_gates=16/16 timing_direct=true resource_overhead_excluded=true step_sum_used=false status=PASS
sample_index=59 cpu_pipeline_ms=24.485 gpu_pipeline_ms=6.33175 cpu_resource_sampling_overhead_ms=0.115642 gpu_resource_sampling_overhead_ms=0.03188 semantic_gates=16/16 timing_direct=true resource_overhead_excluded=true step_sum_used=false status=PASS
sample_index=60 cpu_pipeline_ms=25.1384 gpu_pipeline_ms=6.20322 cpu_resource_sampling_overhead_ms=0.123561 gpu_resource_sampling_overhead_ms=0.03116 semantic_gates=16/16 timing_direct=true resource_overhead_excluded=true step_sum_used=false status=PASS
sample_index=61 cpu_pipeline_ms=31.1087 gpu_pipeline_ms=6.3452 cpu_resource_sampling_overhead_ms=0.13864 gpu_resource_sampling_overhead_ms=0.03206 semantic_gates=16/16 timing_direct=true resource_overhead_excluded=true step_sum_used=false status=PASS
sample_index=62 cpu_pipeline_ms=25.4065 gpu_pipeline_ms=6.18915 cpu_resource_sampling_overhead_ms=0.120841 gpu_resource_sampling_overhead_ms=0.031882 semantic_gates=16/16 timing_direct=true resource_overhead_excluded=true step_sum_used=false status=PASS
sample_index=63 cpu_pipeline_ms=25.5166 gpu_pipeline_ms=6.18642 cpu_resource_sampling_overhead_ms=0.132531 gpu_resource_sampling_overhead_ms=0.032071 semantic_gates=16/16 timing_direct=true resource_overhead_excluded=true step_sum_used=false status=PASS
sample_index=64 cpu_pipeline_ms=24.7352 gpu_pipeline_ms=6.13183 cpu_resource_sampling_overhead_ms=0.12177 gpu_resource_sampling_overhead_ms=0.0314 semantic_gates=16/16 timing_direct=true resource_overhead_excluded=true step_sum_used=false status=PASS
sample_index=65 cpu_pipeline_ms=25.0728 gpu_pipeline_ms=6.352 cpu_resource_sampling_overhead_ms=0.12334 gpu_resource_sampling_overhead_ms=0.03444 semantic_gates=16/16 timing_direct=true resource_overhead_excluded=true step_sum_used=false status=PASS
sample_index=66 cpu_pipeline_ms=25.3556 gpu_pipeline_ms=6.2637 cpu_resource_sampling_overhead_ms=0.134551 gpu_resource_sampling_overhead_ms=0.03136 semantic_gates=16/16 timing_direct=true resource_overhead_excluded=true step_sum_used=false status=PASS
sample_index=67 cpu_pipeline_ms=24.8934 gpu_pipeline_ms=6.24364 cpu_resource_sampling_overhead_ms=0.125011 gpu_resource_sampling_overhead_ms=0.03244 semantic_gates=16/16 timing_direct=true resource_overhead_excluded=true step_sum_used=false status=PASS
sample_index=68 cpu_pipeline_ms=25.0855 gpu_pipeline_ms=7.0271 cpu_resource_sampling_overhead_ms=0.143481 gpu_resource_sampling_overhead_ms=0.03366 semantic_gates=16/16 timing_direct=true resource_overhead_excluded=true step_sum_used=false status=PASS
sample_index=69 cpu_pipeline_ms=25.5175 gpu_pipeline_ms=6.89302 cpu_resource_sampling_overhead_ms=0.156181 gpu_resource_sampling_overhead_ms=0.03235 semantic_gates=16/16 timing_direct=true resource_overhead_excluded=true step_sum_used=false status=PASS
sample_index=70 cpu_pipeline_ms=25.3508 gpu_pipeline_ms=6.965 cpu_resource_sampling_overhead_ms=0.123121 gpu_resource_sampling_overhead_ms=0.032492 semantic_gates=16/16 timing_direct=true resource_overhead_excluded=true step_sum_used=false status=PASS
sample_index=71 cpu_pipeline_ms=26.3994 gpu_pipeline_ms=7.22347 cpu_resource_sampling_overhead_ms=0.14624 gpu_resource_sampling_overhead_ms=0.03145 semantic_gates=16/16 timing_direct=true resource_overhead_excluded=true step_sum_used=false status=PASS
sample_index=72 cpu_pipeline_ms=25.27 gpu_pipeline_ms=6.87357 cpu_resource_sampling_overhead_ms=0.122691 gpu_resource_sampling_overhead_ms=0.03206 semantic_gates=16/16 timing_direct=true resource_overhead_excluded=true step_sum_used=false status=PASS
sample_index=73 cpu_pipeline_ms=25.0318 gpu_pipeline_ms=6.97279 cpu_resource_sampling_overhead_ms=0.129561 gpu_resource_sampling_overhead_ms=0.032 semantic_gates=16/16 timing_direct=true resource_overhead_excluded=true step_sum_used=false status=PASS
sample_index=74 cpu_pipeline_ms=25.6484 gpu_pipeline_ms=7.08629 cpu_resource_sampling_overhead_ms=0.136921 gpu_resource_sampling_overhead_ms=0.03183 semantic_gates=16/16 timing_direct=true resource_overhead_excluded=true step_sum_used=false status=PASS
sample_index=75 cpu_pipeline_ms=25.0069 gpu_pipeline_ms=6.89819 cpu_resource_sampling_overhead_ms=0.12426 gpu_resource_sampling_overhead_ms=0.032581 semantic_gates=16/16 timing_direct=true resource_overhead_excluded=true step_sum_used=false status=PASS
sample_index=76 cpu_pipeline_ms=25.4338 gpu_pipeline_ms=7.17958 cpu_resource_sampling_overhead_ms=0.12877 gpu_resource_sampling_overhead_ms=0.03223 semantic_gates=16/16 timing_direct=true resource_overhead_excluded=true step_sum_used=false status=PASS
sample_index=77 cpu_pipeline_ms=25.5213 gpu_pipeline_ms=7.16729 cpu_resource_sampling_overhead_ms=0.136712 gpu_resource_sampling_overhead_ms=0.03227 semantic_gates=16/16 timing_direct=true resource_overhead_excluded=true step_sum_used=false status=PASS
sample_index=78 cpu_pipeline_ms=25.2125 gpu_pipeline_ms=6.97527 cpu_resource_sampling_overhead_ms=0.127372 gpu_resource_sampling_overhead_ms=0.03149 semantic_gates=16/16 timing_direct=true resource_overhead_excluded=true step_sum_used=false status=PASS
sample_index=79 cpu_pipeline_ms=25.1135 gpu_pipeline_ms=7.03709 cpu_resource_sampling_overhead_ms=0.128881 gpu_resource_sampling_overhead_ms=0.04613 semantic_gates=16/16 timing_direct=true resource_overhead_excluded=true step_sum_used=false status=PASS
sample_index=80 cpu_pipeline_ms=24.7507 gpu_pipeline_ms=7.00354 cpu_resource_sampling_overhead_ms=0.124442 gpu_resource_sampling_overhead_ms=0.03161 semantic_gates=16/16 timing_direct=true resource_overhead_excluded=true step_sum_used=false status=PASS
sample_index=81 cpu_pipeline_ms=25.166 gpu_pipeline_ms=7.06214 cpu_resource_sampling_overhead_ms=0.121092 gpu_resource_sampling_overhead_ms=0.03248 semantic_gates=16/16 timing_direct=true resource_overhead_excluded=true step_sum_used=false status=PASS
sample_index=82 cpu_pipeline_ms=25.2391 gpu_pipeline_ms=7.0145 cpu_resource_sampling_overhead_ms=0.14241 gpu_resource_sampling_overhead_ms=0.031672 semantic_gates=16/16 timing_direct=true resource_overhead_excluded=true step_sum_used=false status=PASS
sample_index=83 cpu_pipeline_ms=24.7462 gpu_pipeline_ms=7.04113 cpu_resource_sampling_overhead_ms=0.117121 gpu_resource_sampling_overhead_ms=0.03229 semantic_gates=16/16 timing_direct=true resource_overhead_excluded=true step_sum_used=false status=PASS
sample_index=84 cpu_pipeline_ms=24.8978 gpu_pipeline_ms=7.13775 cpu_resource_sampling_overhead_ms=0.124181 gpu_resource_sampling_overhead_ms=0.03227 semantic_gates=16/16 timing_direct=true resource_overhead_excluded=true step_sum_used=false status=PASS
sample_index=85 cpu_pipeline_ms=25.3749 gpu_pipeline_ms=6.94103 cpu_resource_sampling_overhead_ms=0.131212 gpu_resource_sampling_overhead_ms=0.032411 semantic_gates=16/16 timing_direct=true resource_overhead_excluded=true step_sum_used=false status=PASS
sample_index=86 cpu_pipeline_ms=24.8741 gpu_pipeline_ms=6.90075 cpu_resource_sampling_overhead_ms=0.12813 gpu_resource_sampling_overhead_ms=0.03317 semantic_gates=16/16 timing_direct=true resource_overhead_excluded=true step_sum_used=false status=PASS
sample_index=87 cpu_pipeline_ms=25.3795 gpu_pipeline_ms=6.88106 cpu_resource_sampling_overhead_ms=0.144141 gpu_resource_sampling_overhead_ms=0.03267 semantic_gates=16/16 timing_direct=true resource_overhead_excluded=true step_sum_used=false status=PASS
sample_index=88 cpu_pipeline_ms=24.912 gpu_pipeline_ms=7.0035 cpu_resource_sampling_overhead_ms=0.123492 gpu_resource_sampling_overhead_ms=0.03296 semantic_gates=16/16 timing_direct=true resource_overhead_excluded=true step_sum_used=false status=PASS
sample_index=89 cpu_pipeline_ms=24.8728 gpu_pipeline_ms=7.16743 cpu_resource_sampling_overhead_ms=0.12117 gpu_resource_sampling_overhead_ms=0.03234 semantic_gates=16/16 timing_direct=true resource_overhead_excluded=true step_sum_used=false status=PASS
sample_index=90 cpu_pipeline_ms=24.9869 gpu_pipeline_ms=6.96785 cpu_resource_sampling_overhead_ms=0.131571 gpu_resource_sampling_overhead_ms=0.05731 semantic_gates=16/16 timing_direct=true resource_overhead_excluded=true step_sum_used=false status=PASS
sample_index=91 cpu_pipeline_ms=24.479 gpu_pipeline_ms=6.88287 cpu_resource_sampling_overhead_ms=0.134191 gpu_resource_sampling_overhead_ms=0.03257 semantic_gates=16/16 timing_direct=true resource_overhead_excluded=true step_sum_used=false status=PASS
sample_index=92 cpu_pipeline_ms=24.7194 gpu_pipeline_ms=7.13401 cpu_resource_sampling_overhead_ms=0.127591 gpu_resource_sampling_overhead_ms=0.03258 semantic_gates=16/16 timing_direct=true resource_overhead_excluded=true step_sum_used=false status=PASS
sample_index=93 cpu_pipeline_ms=25.3224 gpu_pipeline_ms=6.9729 cpu_resource_sampling_overhead_ms=0.148641 gpu_resource_sampling_overhead_ms=0.03199 semantic_gates=16/16 timing_direct=true resource_overhead_excluded=true step_sum_used=false status=PASS
sample_index=94 cpu_pipeline_ms=25.1045 gpu_pipeline_ms=6.9431 cpu_resource_sampling_overhead_ms=0.12844 gpu_resource_sampling_overhead_ms=0.031122 semantic_gates=16/16 timing_direct=true resource_overhead_excluded=true step_sum_used=false status=PASS
sample_index=95 cpu_pipeline_ms=25.5395 gpu_pipeline_ms=7.14826 cpu_resource_sampling_overhead_ms=0.133781 gpu_resource_sampling_overhead_ms=0.032121 semantic_gates=16/16 timing_direct=true resource_overhead_excluded=true step_sum_used=false status=PASS
sample_index=96 cpu_pipeline_ms=24.9445 gpu_pipeline_ms=7.00002 cpu_resource_sampling_overhead_ms=0.124921 gpu_resource_sampling_overhead_ms=0.03151 semantic_gates=16/16 timing_direct=true resource_overhead_excluded=true step_sum_used=false status=PASS
sample_index=97 cpu_pipeline_ms=24.7499 gpu_pipeline_ms=7.11577 cpu_resource_sampling_overhead_ms=0.12856 gpu_resource_sampling_overhead_ms=0.03268 semantic_gates=16/16 timing_direct=true resource_overhead_excluded=true step_sum_used=false status=PASS
sample_index=98 cpu_pipeline_ms=26.337 gpu_pipeline_ms=6.96217 cpu_resource_sampling_overhead_ms=0.142611 gpu_resource_sampling_overhead_ms=0.03218 semantic_gates=16/16 timing_direct=true resource_overhead_excluded=true step_sum_used=false status=PASS
sample_index=99 cpu_pipeline_ms=25.0642 gpu_pipeline_ms=7.03861 cpu_resource_sampling_overhead_ms=0.12992 gpu_resource_sampling_overhead_ms=0.04626 semantic_gates=16/16 timing_direct=true resource_overhead_excluded=true step_sum_used=false status=PASS
function=Task2 frozen full six-step pipeline
call_chain=Step1->Step2;Step2+Step1->Step3;Step3 dual outputs->Step4;Step4->Step5;Step5+Step4+Kalman/delay->Step6
timing=pipeline_total measured directly;not=sum(step timings)
cpu_correlation_method=direct_parallel_exact workers=224
resource_sampling_mode=same_pipeline_execution
status=PASS return_code=0
