sample_index=0 cpu_pipeline_ms=81.3377 gpu_pipeline_ms=11.3726 cpu_resource_sampling_overhead_ms=0.14445 gpu_resource_sampling_overhead_ms=0.03106 semantic_gates=16/16 timing_direct=true resource_overhead_excluded=true step_sum_used=false status=PASS
sample_index=1 cpu_pipeline_ms=90.2944 gpu_pipeline_ms=11.1862 cpu_resource_sampling_overhead_ms=0.148452 gpu_resource_sampling_overhead_ms=0.031231 semantic_gates=16/16 timing_direct=true resource_overhead_excluded=true step_sum_used=false status=PASS
sample_index=2 cpu_pipeline_ms=81.7765 gpu_pipeline_ms=11.1278 cpu_resource_sampling_overhead_ms=0.215651 gpu_resource_sampling_overhead_ms=0.03122 semantic_gates=16/16 timing_direct=true resource_overhead_excluded=true step_sum_used=false status=PASS
sample_index=3 cpu_pipeline_ms=81.4703 gpu_pipeline_ms=11.1058 cpu_resource_sampling_overhead_ms=0.160362 gpu_resource_sampling_overhead_ms=0.03182 semantic_gates=16/16 timing_direct=true resource_overhead_excluded=true step_sum_used=false status=PASS
sample_index=4 cpu_pipeline_ms=81.8535 gpu_pipeline_ms=10.9695 cpu_resource_sampling_overhead_ms=0.144332 gpu_resource_sampling_overhead_ms=0.03114 semantic_gates=16/16 timing_direct=true resource_overhead_excluded=true step_sum_used=false status=PASS
sample_index=5 cpu_pipeline_ms=81.878 gpu_pipeline_ms=11.0351 cpu_resource_sampling_overhead_ms=0.151581 gpu_resource_sampling_overhead_ms=0.03133 semantic_gates=16/16 timing_direct=true resource_overhead_excluded=true step_sum_used=false status=PASS
sample_index=6 cpu_pipeline_ms=81.177 gpu_pipeline_ms=11.1418 cpu_resource_sampling_overhead_ms=0.142001 gpu_resource_sampling_overhead_ms=0.073891 semantic_gates=16/16 timing_direct=true resource_overhead_excluded=true step_sum_used=false status=PASS
sample_index=7 cpu_pipeline_ms=80.3649 gpu_pipeline_ms=11.0008 cpu_resource_sampling_overhead_ms=0.156683 gpu_resource_sampling_overhead_ms=0.03126 semantic_gates=16/16 timing_direct=true resource_overhead_excluded=true step_sum_used=false status=PASS
sample_index=8 cpu_pipeline_ms=80.4062 gpu_pipeline_ms=12.7635 cpu_resource_sampling_overhead_ms=0.143581 gpu_resource_sampling_overhead_ms=0.03171 semantic_gates=16/16 timing_direct=true resource_overhead_excluded=true step_sum_used=false status=PASS
sample_index=9 cpu_pipeline_ms=80.0981 gpu_pipeline_ms=13.2315 cpu_resource_sampling_overhead_ms=0.158891 gpu_resource_sampling_overhead_ms=0.036091 semantic_gates=16/16 timing_direct=true resource_overhead_excluded=true step_sum_used=false status=PASS
sample_index=10 cpu_pipeline_ms=80.7087 gpu_pipeline_ms=11.1134 cpu_resource_sampling_overhead_ms=0.14518 gpu_resource_sampling_overhead_ms=0.031511 semantic_gates=16/16 timing_direct=true resource_overhead_excluded=true step_sum_used=false status=PASS
sample_index=11 cpu_pipeline_ms=81.2333 gpu_pipeline_ms=11.1122 cpu_resource_sampling_overhead_ms=0.15296 gpu_resource_sampling_overhead_ms=0.03245 semantic_gates=16/16 timing_direct=true resource_overhead_excluded=true step_sum_used=false status=PASS
sample_index=12 cpu_pipeline_ms=80.2534 gpu_pipeline_ms=11.1605 cpu_resource_sampling_overhead_ms=0.142023 gpu_resource_sampling_overhead_ms=0.031691 semantic_gates=16/16 timing_direct=true resource_overhead_excluded=true step_sum_used=false status=PASS
sample_index=13 cpu_pipeline_ms=80.4817 gpu_pipeline_ms=11.0687 cpu_resource_sampling_overhead_ms=0.167381 gpu_resource_sampling_overhead_ms=0.03079 semantic_gates=16/16 timing_direct=true resource_overhead_excluded=true step_sum_used=false status=PASS
sample_index=14 cpu_pipeline_ms=80.4269 gpu_pipeline_ms=11.0148 cpu_resource_sampling_overhead_ms=0.143881 gpu_resource_sampling_overhead_ms=0.031321 semantic_gates=16/16 timing_direct=true resource_overhead_excluded=true step_sum_used=false status=PASS
sample_index=15 cpu_pipeline_ms=81.003 gpu_pipeline_ms=11.0868 cpu_resource_sampling_overhead_ms=0.149431 gpu_resource_sampling_overhead_ms=0.03169 semantic_gates=16/16 timing_direct=true resource_overhead_excluded=true step_sum_used=false status=PASS
sample_index=16 cpu_pipeline_ms=86.0038 gpu_pipeline_ms=11.2173 cpu_resource_sampling_overhead_ms=0.154051 gpu_resource_sampling_overhead_ms=0.03051 semantic_gates=16/16 timing_direct=true resource_overhead_excluded=true step_sum_used=false status=PASS
sample_index=17 cpu_pipeline_ms=81.5757 gpu_pipeline_ms=11.4688 cpu_resource_sampling_overhead_ms=0.150911 gpu_resource_sampling_overhead_ms=0.03122 semantic_gates=16/16 timing_direct=true resource_overhead_excluded=true step_sum_used=false status=PASS
sample_index=18 cpu_pipeline_ms=82.5724 gpu_pipeline_ms=11.2474 cpu_resource_sampling_overhead_ms=0.163743 gpu_resource_sampling_overhead_ms=0.03118 semantic_gates=16/16 timing_direct=true resource_overhead_excluded=true step_sum_used=false status=PASS
sample_index=19 cpu_pipeline_ms=85.8522 gpu_pipeline_ms=16.7019 cpu_resource_sampling_overhead_ms=0.165323 gpu_resource_sampling_overhead_ms=0.036181 semantic_gates=16/16 timing_direct=true resource_overhead_excluded=true step_sum_used=false status=PASS
sample_index=20 cpu_pipeline_ms=81.0383 gpu_pipeline_ms=11.2685 cpu_resource_sampling_overhead_ms=0.155312 gpu_resource_sampling_overhead_ms=0.03165 semantic_gates=16/16 timing_direct=true resource_overhead_excluded=true step_sum_used=false status=PASS
sample_index=21 cpu_pipeline_ms=80.1894 gpu_pipeline_ms=11.0976 cpu_resource_sampling_overhead_ms=0.144302 gpu_resource_sampling_overhead_ms=0.03093 semantic_gates=16/16 timing_direct=true resource_overhead_excluded=true step_sum_used=false status=PASS
sample_index=22 cpu_pipeline_ms=80.3382 gpu_pipeline_ms=11.1602 cpu_resource_sampling_overhead_ms=0.149683 gpu_resource_sampling_overhead_ms=0.03059 semantic_gates=16/16 timing_direct=true resource_overhead_excluded=true step_sum_used=false status=PASS
sample_index=23 cpu_pipeline_ms=80.6443 gpu_pipeline_ms=10.998 cpu_resource_sampling_overhead_ms=0.15478 gpu_resource_sampling_overhead_ms=0.03129 semantic_gates=16/16 timing_direct=true resource_overhead_excluded=true step_sum_used=false status=PASS
sample_index=24 cpu_pipeline_ms=84.3829 gpu_pipeline_ms=11.3559 cpu_resource_sampling_overhead_ms=0.153222 gpu_resource_sampling_overhead_ms=0.03136 semantic_gates=16/16 timing_direct=true resource_overhead_excluded=true step_sum_used=false status=PASS
sample_index=25 cpu_pipeline_ms=80.0346 gpu_pipeline_ms=11.1143 cpu_resource_sampling_overhead_ms=0.15421 gpu_resource_sampling_overhead_ms=0.03122 semantic_gates=16/16 timing_direct=true resource_overhead_excluded=true step_sum_used=false status=PASS
sample_index=26 cpu_pipeline_ms=80.4168 gpu_pipeline_ms=10.9628 cpu_resource_sampling_overhead_ms=0.140742 gpu_resource_sampling_overhead_ms=0.03086 semantic_gates=16/16 timing_direct=true resource_overhead_excluded=true step_sum_used=false status=PASS
sample_index=27 cpu_pipeline_ms=80.8045 gpu_pipeline_ms=11.0316 cpu_resource_sampling_overhead_ms=0.143211 gpu_resource_sampling_overhead_ms=0.03085 semantic_gates=16/16 timing_direct=true resource_overhead_excluded=true step_sum_used=false status=PASS
sample_index=28 cpu_pipeline_ms=80.8462 gpu_pipeline_ms=11.0655 cpu_resource_sampling_overhead_ms=0.160431 gpu_resource_sampling_overhead_ms=0.0314 semantic_gates=16/16 timing_direct=true resource_overhead_excluded=true step_sum_used=false status=PASS
sample_index=29 cpu_pipeline_ms=80.5897 gpu_pipeline_ms=11.2584 cpu_resource_sampling_overhead_ms=0.151693 gpu_resource_sampling_overhead_ms=0.031711 semantic_gates=16/16 timing_direct=true resource_overhead_excluded=true step_sum_used=false status=PASS
sample_index=30 cpu_pipeline_ms=80.1192 gpu_pipeline_ms=11.0865 cpu_resource_sampling_overhead_ms=0.155811 gpu_resource_sampling_overhead_ms=0.03104 semantic_gates=16/16 timing_direct=true resource_overhead_excluded=true step_sum_used=false status=PASS
sample_index=31 cpu_pipeline_ms=80.9714 gpu_pipeline_ms=11.0542 cpu_resource_sampling_overhead_ms=0.14745 gpu_resource_sampling_overhead_ms=0.031261 semantic_gates=16/16 timing_direct=true resource_overhead_excluded=true step_sum_used=false status=PASS
sample_index=32 cpu_pipeline_ms=83.9226 gpu_pipeline_ms=11.0945 cpu_resource_sampling_overhead_ms=0.162432 gpu_resource_sampling_overhead_ms=0.031451 semantic_gates=16/16 timing_direct=true resource_overhead_excluded=true step_sum_used=false status=PASS
sample_index=33 cpu_pipeline_ms=81.5319 gpu_pipeline_ms=11.2211 cpu_resource_sampling_overhead_ms=0.15383 gpu_resource_sampling_overhead_ms=0.03133 semantic_gates=16/16 timing_direct=true resource_overhead_excluded=true step_sum_used=false status=PASS
sample_index=34 cpu_pipeline_ms=80.5514 gpu_pipeline_ms=10.9645 cpu_resource_sampling_overhead_ms=0.14909 gpu_resource_sampling_overhead_ms=0.031321 semantic_gates=16/16 timing_direct=true resource_overhead_excluded=true step_sum_used=false status=PASS
sample_index=35 cpu_pipeline_ms=80.616 gpu_pipeline_ms=10.9513 cpu_resource_sampling_overhead_ms=0.137501 gpu_resource_sampling_overhead_ms=0.03077 semantic_gates=16/16 timing_direct=true resource_overhead_excluded=true step_sum_used=false status=PASS
sample_index=36 cpu_pipeline_ms=81.6782 gpu_pipeline_ms=11.0573 cpu_resource_sampling_overhead_ms=0.159382 gpu_resource_sampling_overhead_ms=0.03087 semantic_gates=16/16 timing_direct=true resource_overhead_excluded=true step_sum_used=false status=PASS
sample_index=37 cpu_pipeline_ms=80.2626 gpu_pipeline_ms=11.4942 cpu_resource_sampling_overhead_ms=0.151743 gpu_resource_sampling_overhead_ms=0.03198 semantic_gates=16/16 timing_direct=true resource_overhead_excluded=true step_sum_used=false status=PASS
sample_index=38 cpu_pipeline_ms=81.3335 gpu_pipeline_ms=16.9895 cpu_resource_sampling_overhead_ms=0.162891 gpu_resource_sampling_overhead_ms=0.03168 semantic_gates=16/16 timing_direct=true resource_overhead_excluded=true step_sum_used=false status=PASS
sample_index=39 cpu_pipeline_ms=81.4727 gpu_pipeline_ms=11.0117 cpu_resource_sampling_overhead_ms=0.150311 gpu_resource_sampling_overhead_ms=0.03142 semantic_gates=16/16 timing_direct=true resource_overhead_excluded=true step_sum_used=false status=PASS
sample_index=40 cpu_pipeline_ms=80.3888 gpu_pipeline_ms=10.9604 cpu_resource_sampling_overhead_ms=0.154721 gpu_resource_sampling_overhead_ms=0.030891 semantic_gates=16/16 timing_direct=true resource_overhead_excluded=true step_sum_used=false status=PASS
sample_index=41 cpu_pipeline_ms=80.6577 gpu_pipeline_ms=11.1073 cpu_resource_sampling_overhead_ms=0.166702 gpu_resource_sampling_overhead_ms=0.03162 semantic_gates=16/16 timing_direct=true resource_overhead_excluded=true step_sum_used=false status=PASS
sample_index=42 cpu_pipeline_ms=80.8213 gpu_pipeline_ms=11.1973 cpu_resource_sampling_overhead_ms=0.169452 gpu_resource_sampling_overhead_ms=0.031351 semantic_gates=16/16 timing_direct=true resource_overhead_excluded=true step_sum_used=false status=PASS
sample_index=43 cpu_pipeline_ms=80.8665 gpu_pipeline_ms=11.0177 cpu_resource_sampling_overhead_ms=0.148401 gpu_resource_sampling_overhead_ms=0.031361 semantic_gates=16/16 timing_direct=true resource_overhead_excluded=true step_sum_used=false status=PASS
sample_index=44 cpu_pipeline_ms=80.5925 gpu_pipeline_ms=11.017 cpu_resource_sampling_overhead_ms=0.169291 gpu_resource_sampling_overhead_ms=0.03135 semantic_gates=16/16 timing_direct=true resource_overhead_excluded=true step_sum_used=false status=PASS
sample_index=45 cpu_pipeline_ms=80.3162 gpu_pipeline_ms=11.1419 cpu_resource_sampling_overhead_ms=0.148401 gpu_resource_sampling_overhead_ms=0.031532 semantic_gates=16/16 timing_direct=true resource_overhead_excluded=true step_sum_used=false status=PASS
sample_index=46 cpu_pipeline_ms=80.4648 gpu_pipeline_ms=11.1091 cpu_resource_sampling_overhead_ms=0.13995 gpu_resource_sampling_overhead_ms=0.03105 semantic_gates=16/16 timing_direct=true resource_overhead_excluded=true step_sum_used=false status=PASS
sample_index=47 cpu_pipeline_ms=80.9472 gpu_pipeline_ms=10.9294 cpu_resource_sampling_overhead_ms=0.154171 gpu_resource_sampling_overhead_ms=0.03074 semantic_gates=16/16 timing_direct=true resource_overhead_excluded=true step_sum_used=false status=PASS
sample_index=48 cpu_pipeline_ms=81.1172 gpu_pipeline_ms=11.1371 cpu_resource_sampling_overhead_ms=0.160061 gpu_resource_sampling_overhead_ms=0.03171 semantic_gates=16/16 timing_direct=true resource_overhead_excluded=true step_sum_used=false status=PASS
sample_index=49 cpu_pipeline_ms=80.5884 gpu_pipeline_ms=11.095 cpu_resource_sampling_overhead_ms=0.155721 gpu_resource_sampling_overhead_ms=0.03157 semantic_gates=16/16 timing_direct=true resource_overhead_excluded=true step_sum_used=false status=PASS
sample_index=50 cpu_pipeline_ms=82.5986 gpu_pipeline_ms=11.1795 cpu_resource_sampling_overhead_ms=0.150221 gpu_resource_sampling_overhead_ms=0.03105 semantic_gates=16/16 timing_direct=true resource_overhead_excluded=true step_sum_used=false status=PASS
sample_index=51 cpu_pipeline_ms=80.9201 gpu_pipeline_ms=11.032 cpu_resource_sampling_overhead_ms=0.15839 gpu_resource_sampling_overhead_ms=0.031361 semantic_gates=16/16 timing_direct=true resource_overhead_excluded=true step_sum_used=false status=PASS
sample_index=52 cpu_pipeline_ms=80.9943 gpu_pipeline_ms=11.1412 cpu_resource_sampling_overhead_ms=0.155431 gpu_resource_sampling_overhead_ms=0.03161 semantic_gates=16/16 timing_direct=true resource_overhead_excluded=true step_sum_used=false status=PASS
sample_index=53 cpu_pipeline_ms=80.0125 gpu_pipeline_ms=10.991 cpu_resource_sampling_overhead_ms=0.15909 gpu_resource_sampling_overhead_ms=0.03156 semantic_gates=16/16 timing_direct=true resource_overhead_excluded=true step_sum_used=false status=PASS
sample_index=54 cpu_pipeline_ms=80.2515 gpu_pipeline_ms=11.0944 cpu_resource_sampling_overhead_ms=0.151562 gpu_resource_sampling_overhead_ms=0.03133 semantic_gates=16/16 timing_direct=true resource_overhead_excluded=true step_sum_used=false status=PASS
sample_index=55 cpu_pipeline_ms=80.5201 gpu_pipeline_ms=11.1595 cpu_resource_sampling_overhead_ms=0.14915 gpu_resource_sampling_overhead_ms=0.030941 semantic_gates=16/16 timing_direct=true resource_overhead_excluded=true step_sum_used=false status=PASS
sample_index=56 cpu_pipeline_ms=80.8096 gpu_pipeline_ms=11.4972 cpu_resource_sampling_overhead_ms=0.154031 gpu_resource_sampling_overhead_ms=0.031412 semantic_gates=16/16 timing_direct=true resource_overhead_excluded=true step_sum_used=false status=PASS
sample_index=57 cpu_pipeline_ms=80.3262 gpu_pipeline_ms=11.2592 cpu_resource_sampling_overhead_ms=0.15546 gpu_resource_sampling_overhead_ms=0.030621 semantic_gates=16/16 timing_direct=true resource_overhead_excluded=true step_sum_used=false status=PASS
sample_index=58 cpu_pipeline_ms=80.8996 gpu_pipeline_ms=11.2662 cpu_resource_sampling_overhead_ms=0.166012 gpu_resource_sampling_overhead_ms=0.03076 semantic_gates=16/16 timing_direct=true resource_overhead_excluded=true step_sum_used=false status=PASS
sample_index=59 cpu_pipeline_ms=85.5972 gpu_pipeline_ms=11.1326 cpu_resource_sampling_overhead_ms=0.159001 gpu_resource_sampling_overhead_ms=0.031411 semantic_gates=16/16 timing_direct=true resource_overhead_excluded=true step_sum_used=false status=PASS
sample_index=60 cpu_pipeline_ms=81.4806 gpu_pipeline_ms=11.3554 cpu_resource_sampling_overhead_ms=0.175131 gpu_resource_sampling_overhead_ms=0.03179 semantic_gates=16/16 timing_direct=true resource_overhead_excluded=true step_sum_used=false status=PASS
sample_index=61 cpu_pipeline_ms=80.8455 gpu_pipeline_ms=11.4245 cpu_resource_sampling_overhead_ms=0.149201 gpu_resource_sampling_overhead_ms=0.03172 semantic_gates=16/16 timing_direct=true resource_overhead_excluded=true step_sum_used=false status=PASS
sample_index=62 cpu_pipeline_ms=80.4273 gpu_pipeline_ms=11.4845 cpu_resource_sampling_overhead_ms=0.163692 gpu_resource_sampling_overhead_ms=0.031371 semantic_gates=16/16 timing_direct=true resource_overhead_excluded=true step_sum_used=false status=PASS
sample_index=63 cpu_pipeline_ms=80.7009 gpu_pipeline_ms=11.5123 cpu_resource_sampling_overhead_ms=0.151343 gpu_resource_sampling_overhead_ms=0.03175 semantic_gates=16/16 timing_direct=true resource_overhead_excluded=true step_sum_used=false status=PASS
sample_index=64 cpu_pipeline_ms=80.2047 gpu_pipeline_ms=11.49 cpu_resource_sampling_overhead_ms=0.160521 gpu_resource_sampling_overhead_ms=0.031711 semantic_gates=16/16 timing_direct=true resource_overhead_excluded=true step_sum_used=false status=PASS
sample_index=65 cpu_pipeline_ms=81.264 gpu_pipeline_ms=11.6705 cpu_resource_sampling_overhead_ms=0.16007 gpu_resource_sampling_overhead_ms=0.03238 semantic_gates=16/16 timing_direct=true resource_overhead_excluded=true step_sum_used=false status=PASS
sample_index=66 cpu_pipeline_ms=80.4141 gpu_pipeline_ms=11.2335 cpu_resource_sampling_overhead_ms=0.15099 gpu_resource_sampling_overhead_ms=0.03142 semantic_gates=16/16 timing_direct=true resource_overhead_excluded=true step_sum_used=false status=PASS
sample_index=67 cpu_pipeline_ms=80.211 gpu_pipeline_ms=11.5535 cpu_resource_sampling_overhead_ms=0.147421 gpu_resource_sampling_overhead_ms=0.03104 semantic_gates=16/16 timing_direct=true resource_overhead_excluded=true step_sum_used=false status=PASS
sample_index=68 cpu_pipeline_ms=80.357 gpu_pipeline_ms=11.4887 cpu_resource_sampling_overhead_ms=0.15233 gpu_resource_sampling_overhead_ms=0.03193 semantic_gates=16/16 timing_direct=true resource_overhead_excluded=true step_sum_used=false status=PASS
sample_index=69 cpu_pipeline_ms=80.7983 gpu_pipeline_ms=11.535 cpu_resource_sampling_overhead_ms=0.153411 gpu_resource_sampling_overhead_ms=0.03137 semantic_gates=16/16 timing_direct=true resource_overhead_excluded=true step_sum_used=false status=PASS
sample_index=70 cpu_pipeline_ms=80.6913 gpu_pipeline_ms=11.6708 cpu_resource_sampling_overhead_ms=0.150472 gpu_resource_sampling_overhead_ms=0.03196 semantic_gates=16/16 timing_direct=true resource_overhead_excluded=true step_sum_used=false status=PASS
sample_index=71 cpu_pipeline_ms=81.7884 gpu_pipeline_ms=11.4933 cpu_resource_sampling_overhead_ms=0.16102 gpu_resource_sampling_overhead_ms=0.031101 semantic_gates=16/16 timing_direct=true resource_overhead_excluded=true step_sum_used=false status=PASS
sample_index=72 cpu_pipeline_ms=82.8586 gpu_pipeline_ms=11.4247 cpu_resource_sampling_overhead_ms=0.159253 gpu_resource_sampling_overhead_ms=0.0317 semantic_gates=16/16 timing_direct=true resource_overhead_excluded=true step_sum_used=false status=PASS
sample_index=73 cpu_pipeline_ms=79.913 gpu_pipeline_ms=11.1895 cpu_resource_sampling_overhead_ms=0.14135 gpu_resource_sampling_overhead_ms=0.03203 semantic_gates=16/16 timing_direct=true resource_overhead_excluded=true step_sum_used=false status=PASS
sample_index=74 cpu_pipeline_ms=81.1949 gpu_pipeline_ms=11.0583 cpu_resource_sampling_overhead_ms=0.153463 gpu_resource_sampling_overhead_ms=0.03264 semantic_gates=16/16 timing_direct=true resource_overhead_excluded=true step_sum_used=false status=PASS
sample_index=75 cpu_pipeline_ms=80.8067 gpu_pipeline_ms=11.1457 cpu_resource_sampling_overhead_ms=0.157511 gpu_resource_sampling_overhead_ms=0.03243 semantic_gates=16/16 timing_direct=true resource_overhead_excluded=true step_sum_used=false status=PASS
sample_index=76 cpu_pipeline_ms=82.2314 gpu_pipeline_ms=11.5039 cpu_resource_sampling_overhead_ms=0.171123 gpu_resource_sampling_overhead_ms=0.032181 semantic_gates=16/16 timing_direct=true resource_overhead_excluded=true step_sum_used=false status=PASS
sample_index=77 cpu_pipeline_ms=80.7306 gpu_pipeline_ms=11.2919 cpu_resource_sampling_overhead_ms=0.167301 gpu_resource_sampling_overhead_ms=0.03171 semantic_gates=16/16 timing_direct=true resource_overhead_excluded=true step_sum_used=false status=PASS
sample_index=78 cpu_pipeline_ms=80.7079 gpu_pipeline_ms=11.5012 cpu_resource_sampling_overhead_ms=0.150804 gpu_resource_sampling_overhead_ms=0.030951 semantic_gates=16/16 timing_direct=true resource_overhead_excluded=true step_sum_used=false status=PASS
sample_index=79 cpu_pipeline_ms=80.4336 gpu_pipeline_ms=11.4443 cpu_resource_sampling_overhead_ms=0.153102 gpu_resource_sampling_overhead_ms=0.032051 semantic_gates=16/16 timing_direct=true resource_overhead_excluded=true step_sum_used=false status=PASS
sample_index=80 cpu_pipeline_ms=80.8274 gpu_pipeline_ms=10.9898 cpu_resource_sampling_overhead_ms=0.141622 gpu_resource_sampling_overhead_ms=0.030971 semantic_gates=16/16 timing_direct=true resource_overhead_excluded=true step_sum_used=false status=PASS
sample_index=81 cpu_pipeline_ms=80.3564 gpu_pipeline_ms=10.733 cpu_resource_sampling_overhead_ms=0.16628 gpu_resource_sampling_overhead_ms=0.0309 semantic_gates=16/16 timing_direct=true resource_overhead_excluded=true step_sum_used=false status=PASS
sample_index=82 cpu_pipeline_ms=80.2984 gpu_pipeline_ms=10.8881 cpu_resource_sampling_overhead_ms=0.145423 gpu_resource_sampling_overhead_ms=0.030871 semantic_gates=16/16 timing_direct=true resource_overhead_excluded=true step_sum_used=false status=PASS
sample_index=83 cpu_pipeline_ms=80.3915 gpu_pipeline_ms=10.8107 cpu_resource_sampling_overhead_ms=0.157042 gpu_resource_sampling_overhead_ms=0.03103 semantic_gates=16/16 timing_direct=true resource_overhead_excluded=true step_sum_used=false status=PASS
sample_index=84 cpu_pipeline_ms=80.5913 gpu_pipeline_ms=11.04 cpu_resource_sampling_overhead_ms=0.153063 gpu_resource_sampling_overhead_ms=0.03078 semantic_gates=16/16 timing_direct=true resource_overhead_excluded=true step_sum_used=false status=PASS
sample_index=85 cpu_pipeline_ms=80.6373 gpu_pipeline_ms=10.8958 cpu_resource_sampling_overhead_ms=0.146272 gpu_resource_sampling_overhead_ms=0.03065 semantic_gates=16/16 timing_direct=true resource_overhead_excluded=true step_sum_used=false status=PASS
sample_index=86 cpu_pipeline_ms=81.1834 gpu_pipeline_ms=10.8626 cpu_resource_sampling_overhead_ms=0.166741 gpu_resource_sampling_overhead_ms=0.031881 semantic_gates=16/16 timing_direct=true resource_overhead_excluded=true step_sum_used=false status=PASS
sample_index=87 cpu_pipeline_ms=80.7937 gpu_pipeline_ms=11.0592 cpu_resource_sampling_overhead_ms=0.177872 gpu_resource_sampling_overhead_ms=0.03094 semantic_gates=16/16 timing_direct=true resource_overhead_excluded=true step_sum_used=false status=PASS
sample_index=88 cpu_pipeline_ms=81.5844 gpu_pipeline_ms=10.9146 cpu_resource_sampling_overhead_ms=0.155852 gpu_resource_sampling_overhead_ms=0.03112 semantic_gates=16/16 timing_direct=true resource_overhead_excluded=true step_sum_used=false status=PASS
sample_index=89 cpu_pipeline_ms=80.667 gpu_pipeline_ms=10.8659 cpu_resource_sampling_overhead_ms=0.145811 gpu_resource_sampling_overhead_ms=0.030791 semantic_gates=16/16 timing_direct=true resource_overhead_excluded=true step_sum_used=false status=PASS
sample_index=90 cpu_pipeline_ms=81.7545 gpu_pipeline_ms=10.9955 cpu_resource_sampling_overhead_ms=0.171432 gpu_resource_sampling_overhead_ms=0.03115 semantic_gates=16/16 timing_direct=true resource_overhead_excluded=true step_sum_used=false status=PASS
sample_index=91 cpu_pipeline_ms=79.9869 gpu_pipeline_ms=10.9531 cpu_resource_sampling_overhead_ms=0.149271 gpu_resource_sampling_overhead_ms=0.03029 semantic_gates=16/16 timing_direct=true resource_overhead_excluded=true step_sum_used=false status=PASS
sample_index=92 cpu_pipeline_ms=80.2588 gpu_pipeline_ms=10.814 cpu_resource_sampling_overhead_ms=0.15448 gpu_resource_sampling_overhead_ms=0.03096 semantic_gates=16/16 timing_direct=true resource_overhead_excluded=true step_sum_used=false status=PASS
sample_index=93 cpu_pipeline_ms=81.0028 gpu_pipeline_ms=10.7407 cpu_resource_sampling_overhead_ms=0.144743 gpu_resource_sampling_overhead_ms=0.0315 semantic_gates=16/16 timing_direct=true resource_overhead_excluded=true step_sum_used=false status=PASS
sample_index=94 cpu_pipeline_ms=81.0352 gpu_pipeline_ms=10.8606 cpu_resource_sampling_overhead_ms=0.157991 gpu_resource_sampling_overhead_ms=0.03024 semantic_gates=16/16 timing_direct=true resource_overhead_excluded=true step_sum_used=false status=PASS
sample_index=95 cpu_pipeline_ms=82.3366 gpu_pipeline_ms=11.3397 cpu_resource_sampling_overhead_ms=0.158843 gpu_resource_sampling_overhead_ms=0.032321 semantic_gates=16/16 timing_direct=true resource_overhead_excluded=true step_sum_used=false status=PASS
sample_index=96 cpu_pipeline_ms=81.1742 gpu_pipeline_ms=10.8399 cpu_resource_sampling_overhead_ms=0.163542 gpu_resource_sampling_overhead_ms=0.03025 semantic_gates=16/16 timing_direct=true resource_overhead_excluded=true step_sum_used=false status=PASS
sample_index=97 cpu_pipeline_ms=82.4713 gpu_pipeline_ms=10.9457 cpu_resource_sampling_overhead_ms=0.159833 gpu_resource_sampling_overhead_ms=0.03066 semantic_gates=16/16 timing_direct=true resource_overhead_excluded=true step_sum_used=false status=PASS
sample_index=98 cpu_pipeline_ms=81.4783 gpu_pipeline_ms=10.9445 cpu_resource_sampling_overhead_ms=0.155051 gpu_resource_sampling_overhead_ms=0.0309 semantic_gates=16/16 timing_direct=true resource_overhead_excluded=true step_sum_used=false status=PASS
sample_index=99 cpu_pipeline_ms=79.9664 gpu_pipeline_ms=10.8729 cpu_resource_sampling_overhead_ms=0.145522 gpu_resource_sampling_overhead_ms=0.03055 semantic_gates=16/16 timing_direct=true resource_overhead_excluded=true step_sum_used=false status=PASS
function=Task2 frozen full six-step pipeline
call_chain=Step1->Step2;Step2+Step1->Step3;Step3 dual outputs->Step4;Step4->Step5;Step5+Step4+Kalman/delay->Step6
timing=pipeline_total measured directly;not=sum(step timings)
cpu_correlation_method=direct_parallel_exact workers=255
resource_sampling_mode=same_pipeline_execution
status=PASS return_code=0
