command=build_stage08_b07_morlet_167aadba1745/stage08_wavelets_morlet --dtype FP32 --n 10000 --frequency 7 --scale 3 --complete true --warmup 20 --measured 100 --output /tmp/ZKX_dev/results/stage08_input_preview_b07_morlet_ed9b9505e41d/formal/20260810T090706Z_ed9b9505e41d_stage08_b07_formal_87510002/morlet_probe_raw.json
{"run_id": "20260810T090706Z_ed9b9505e41d_stage08_b07_formal_87510002", "case_id": "morlet__morlet_fp32_10e4__3e65c2edfbdd6ee7", "operator_name": "morlet", "scale_id": "morlet_fp32_10e4", "requested_dtype": "FP32", "output_dtype": "ComplexFP64", "backend": "not_applicable", "n": 10000, "frequency": 7, "scale": 3, "complete": true, "output_count": 10000, "warmup_runs": 20, "measured_runs": 100, "mse": 1.33841e-13, "rmse": 3.65843e-07, "relative_l2": 3.17685e-06, "relative_linf": 3.19192e-06, "status": "PASS", "error_code": "OK"}
[stage08] identity and status
+--------+------------------+--------+----------------+-------+--------+----------+--------------------------+--------+------------+
| target | scale_id         | device | backend        | dtype | warmup | measured | timing_scope             | status | error_code |
+--------+------------------+--------+----------------+-------+--------+----------+--------------------------+--------+------------+
| morlet | morlet_fp32_10e4 | CPU    | not_applicable | FP32  | 20     | 100      | compatibility/end-to-end | PASS   | OK         |
| morlet | morlet_fp32_10e4 | GPU    | not_applicable | FP32  | 20     | 100      | compatibility/end-to-end | PASS   | OK         |
+--------+------------------+--------+----------------+-------+--------+----------+--------------------------+--------+------------+

[stage08] timing detail
+--------+------------+---------------------+--------------------+--------------------+----------+----------+----------------------+---------------------+-------------------+
| device | mean_ms    | p50_ms              | p95_ms             | p99_ms             | min_ms   | max_ms   | std_ms               | cv                  | speedup           |
+--------+------------+---------------------+--------------------+--------------------+----------+----------+----------------------+---------------------+-------------------+
| CPU    | 0.75950964 | 0.757015            | 0.7679505          | 0.7800276000000003 | 0.756084 | 0.836814 | 0.008798053758098999 | 0.01158386055257837 | NA                |
| GPU    | 0.34898231 | 0.34237700000000004 | 0.3641200499999999 | 0.5395103000000001 | 0.334982 | 0.560033 | 0.030851766167496797 | 0.08840495716673087 | 2.176355701238839 |
+--------+------------+---------------------+--------------------+--------------------+----------+----------+----------------------+---------------------+-------------------+

[stage08] accuracy detail
+-------------------------+-------------+-------------+-------------+---------------+-------------+----------------+----------------------------------+--------+
| accuracy_reference      | mse         | rmse        | relative_l2 | relative_linf | exact_match | mismatch_count | semantic_check                   | status |
+-------------------------+-------------+-------------+-------------+---------------+-------------+----------------+----------------------------------+--------+
| cpu_morlet_complex_fp64 | 1.33841e-13 | 3.65843e-07 | 3.17685e-06 | 3.19192e-06   | NA          | NA             | output_count=10000;complete=true | PASS   |
+-------------------------+-------------+-------------+-------------+---------------+-------------+----------------+----------------------------------+--------+

[stage08] resource detail
+--------+------------+--------------+-------------+------------+-------------+
| device | metric     | before_bytes | after_bytes | peak_bytes | delta_bytes |
+--------+------------+--------------+-------------+------------+-------------+
| CPU    | cpu_heap   | 1690832      | 2014240     | 2014240    | 323408      |
| CPU    | rss        | 70283264     | 70283264    | 70283264   | 0           |
| GPU    | cpu_heap   | 2014240      | 2177312     | 2177312    | 163072      |
| GPU    | rss        | 70283264     | 70553600    | 70553600   | 270336      |
| GPU    | gpu_memory | 341000192    | 341000192   | 341000192  | 0           |
+--------+------------+--------------+-------------+------------+-------------+

[stage08] input/output identity
+--------+------------------------------------------------------------------+------------------------------------------------------------------+
| device | input_digest                                                     | output_digest                                                    |
+--------+------------------------------------------------------------------+------------------------------------------------------------------+
| CPU    | 3e65c2edfbdd6ee744e3bcf2c6e1bc8d66b4fa2dea329bcfc08b878f32aa9d0c | 72995ceb4ae8e51852a5da297300a19aad5a053777333992fe5fdeea361d54a8 |
| GPU    | 3e65c2edfbdd6ee744e3bcf2c6e1bc8d66b4fa2dea329bcfc08b878f32aa9d0c | 4a31f88d7b77529770a53da871abaacf2d90695e8d6d2137fcfa625221d561f6 |
+--------+------------------------------------------------------------------+------------------------------------------------------------------+

[stage08] input content
+------------+--------+-------+----------+-------------------------+---------------------+
| input_name | shape  | dtype | elements | generator               | values(head4/tail2) |
+------------+--------+-------+----------+-------------------------+---------------------+
| frequency  | scalar | FP32  | 1        | configured_typed_scalar | i=0:7               |
| scale      | scalar | FP32  | 1        | configured_typed_scalar | i=0:3               |
+------------+--------+-------+----------+-------------------------+---------------------+

[stage08] case parameters
+----------------------------------------------------------------------------+
| parameters                                                                 |
+----------------------------------------------------------------------------+
| {"complete":"true","dtype":"FP32","frequency":"7","n":"10000","scale":"3"} |
+----------------------------------------------------------------------------+

[stage08] dtype evidence
+-----------------+--------------------+--------------+------------------------------------------------------------------+--------+
| requested_dtype | config_input_dtype | output_dtype | actual_input_digest                                              | status |
+-----------------+--------------------+--------------+------------------------------------------------------------------+--------+
| FP32            | NA                 | ComplexFP64  | 3e65c2edfbdd6ee744e3bcf2c6e1bc8d66b4fa2dea329bcfc08b878f32aa9d0c | PASS   |
+-----------------+--------------------+--------------+------------------------------------------------------------------+--------+

[stage08] evidence files
+----------------+-------------------------------------------------------------------------------------------------------------------------------------------------------------------------------------------------------------------------------------------------+
| kind           | path                                                                                                                                                                                                                                            |
+----------------+-------------------------------------------------------------------------------------------------------------------------------------------------------------------------------------------------------------------------------------------------+
| probe_raw_json | /tmp/ZKX_dev/results/stage08_input_preview_b07_morlet_ed9b9505e41d/formal/20260810T090706Z_ed9b9505e41d_stage08_b07_formal_87510002/morlet_probe_raw.json                                                                                       |
| dtype_csv      | /tmp/ZKX_dev/results/stage08_input_preview_b07_morlet_ed9b9505e41d/formal/20260810T090706Z_ed9b9505e41d_stage08_b07_formal_87510002/operator_dtype_evidence_morlet_not_applicable_20260810T090706Z_ed9b9505e41d_stage08_b07_formal_87510002.csv |
| main_csv       | /tmp/ZKX_dev/results/stage08_input_preview_b07_morlet_ed9b9505e41d/formal/20260810T090706Z_ed9b9505e41d_stage08_b07_formal_87510002/operator_main_results_morlet_not_applicable_20260810T090706Z_ed9b9505e41d_stage08_b07_formal_87510002.csv   |
| full_log       | /tmp/ZKX_dev/results/stage08_input_preview_b07_morlet_ed9b9505e41d/formal/20260810T090706Z_ed9b9505e41d_stage08_b07_formal_87510002/operator_morlet_full.log                                                                                    |
| report_json    | /tmp/ZKX_dev/results/stage08_input_preview_b07_morlet_ed9b9505e41d/formal/20260810T090706Z_ed9b9505e41d_stage08_b07_formal_87510002/operator_morlet_report.json                                                                                 |
| summary_txt    | /tmp/ZKX_dev/results/stage08_input_preview_b07_morlet_ed9b9505e41d/formal/20260810T090706Z_ed9b9505e41d_stage08_b07_formal_87510002/operator_morlet_summary.txt                                                                                 |
| timing_csv     | /tmp/ZKX_dev/results/stage08_input_preview_b07_morlet_ed9b9505e41d/formal/20260810T090706Z_ed9b9505e41d_stage08_b07_formal_87510002/operator_timing_samples_morlet_not_applicable_20260810T090706Z_ed9b9505e41d_stage08_b07_formal_87510002.csv |
| memory_csv     | /tmp/ZKX_dev/results/stage08_input_preview_b07_morlet_ed9b9505e41d/formal/20260810T090706Z_ed9b9505e41d_stage08_b07_formal_87510002/operator_wavelets_morlet_memory_trace_not_applicable.csv                                                    |
+----------------+-------------------------------------------------------------------------------------------------------------------------------------------------------------------------------------------------------------------------------------------------+
