command=build_stage08_b08_unit_impulse_a1467e3b776a/stage08_waveforms_unit_impulse --dtype FP32 --shape 100 --idx 0 --idx-mode zero --warmup 1 --measured 1 --output /tmp/ZKX_dev/results/stage08_input_preview_b08_smoke_20260810T0935Z/smoke/20260810T093500Z_88ef525db825_stage08_b08_smoke_87600001/unit_impulse_probe_raw.json
{"run_id": "20260810T093500Z_88ef525db825_stage08_b08_smoke_87600001", "case_id": "unit_impulse__unit_impulse_fp32_10e2__f4602dbd2e5d4fe2", "operator_name": "unit_impulse", "scale_id": "unit_impulse_fp32_10e2", "requested_dtype": "FP32", "output_dtype": "FP64", "backend": "not_applicable", "shape": 100, "idx": 0, "idx_mode": "zero", "output_count": 100, "warmup_runs": 1, "measured_runs": 1, "mse": 0, "rmse": 0, "relative_l2": 0, "relative_linf": 0, "status": "PASS", "error_code": "OK"}
[stage08] identity and status
+--------------+------------------------+--------+----------------+-------+--------+----------+--------------------------+--------+------------+
| target       | scale_id               | device | backend        | dtype | warmup | measured | timing_scope             | status | error_code |
+--------------+------------------------+--------+----------------+-------+--------+----------+--------------------------+--------+------------+
| unit_impulse | unit_impulse_fp32_10e2 | CPU    | not_applicable | FP32  | 1      | 1        | compatibility/end-to-end | PASS   | OK         |
| unit_impulse | unit_impulse_fp32_10e2 | GPU    | not_applicable | FP32  | 1      | 1        | compatibility/end-to-end | PASS   | OK         |
+--------------+------------------------+--------+----------------+-------+--------+----------+--------------------------+--------+------------+

[stage08] timing detail
+--------+----------+----------+----------+----------+----------+----------+--------+-----+----------------------+
| device | mean_ms  | p50_ms   | p95_ms   | p99_ms   | min_ms   | max_ms   | std_ms | cv  | speedup              |
+--------+----------+----------+----------+----------+----------+----------+--------+-----+----------------------+
| CPU    | 0.00072  | 0.00072  | 0.00072  | 0.00072  | 0.00072  | 0.00072  | 0.0    | 0.0 | NA                   |
| GPU    | 0.113526 | 0.113526 | 0.113526 | 0.113526 | 0.113526 | 0.113526 | 0.0    | 0.0 | 0.006342159505311559 |
+--------+----------+----------+----------+----------+----------+----------+--------+-----+----------------------+

[stage08] accuracy detail
+-----------------------+-----+------+-------------+---------------+-------------+----------------+-----------------------------------------------------+--------+
| accuracy_reference    | mse | rmse | relative_l2 | relative_linf | exact_match | mismatch_count | semantic_check                                      | status |
+-----------------------+-----+------+-------------+---------------+-------------+----------------+-----------------------------------------------------+--------+
| cpu_unit_impulse_fp64 | 0   | 0    | 0           | 0             | NA          | NA             | shape=100;idx_mode=zero;dtype_argument_ignored=true | PASS   |
+-----------------------+-----+------+-------------+---------------+-------------+----------------+-----------------------------------------------------+--------+

[stage08] resource detail
+--------+------------+--------------+-------------+------------+-------------+
| device | metric     | before_bytes | after_bytes | peak_bytes | delta_bytes |
+--------+------------+--------------+-------------+------------+-------------+
| CPU    | cpu_heap   | 1343984      | 1348688     | 1348688    | 4704        |
| CPU    | rss        | 69058560     | 69058560    | 69058560   | 0           |
| GPU    | cpu_heap   | 1348784      | 1353376     | 1353376    | 4592        |
| GPU    | rss        | 69058560     | 69058560    | 69058560   | 0           |
| GPU    | gpu_memory | 391544832    | 391544832   | 391544832  | 0           |
+--------+------------+--------------+-------------+------------+-------------+

[stage08] input/output identity
+--------+------------------------------------------------------------------+------------------------------------------------------------------+
| device | input_digest                                                     | output_digest                                                    |
+--------+------------------------------------------------------------------+------------------------------------------------------------------+
| CPU    | f4602dbd2e5d4fe2d437ce71c953bd5b207182e4049e0a168b6990ed0e0cae07 | 21c16c44bd1240297a47899d96e64b9180f42a97e2a6420470e8fe99750d9fc4 |
| GPU    | f4602dbd2e5d4fe2d437ce71c953bd5b207182e4049e0a168b6990ed0e0cae07 | 21c16c44bd1240297a47899d96e64b9180f42a97e2a6420470e8fe99750d9fc4 |
+--------+------------------------------------------------------------------+------------------------------------------------------------------+

[stage08] input content
+--------------+-------------------+-------------------------+----------+---------------------------------------------------+----------------------------------------------------+
| input_name   | shape             | dtype                   | elements | generator                                         | values(head4/tail2)                                |
+--------------+-------------------+-------------------------+----------+---------------------------------------------------+----------------------------------------------------+
| request_spec | scalar_parameters | NO_TYPED_BUSINESS_INPUT | 1        | unit_impulse_request(dtype_argument_ignored=true) | i=0:shape=100,idx=0,mode=zero,request_variant=FP32 |
+--------------+-------------------+-------------------------+----------+---------------------------------------------------+----------------------------------------------------+

[stage08] case parameters
+------------------------------------------------------------+
| parameters                                                 |
+------------------------------------------------------------+
| {"dtype":"FP32","idx":"0","idx-mode":"zero","shape":"100"} |
+------------------------------------------------------------+

[stage08] dtype evidence
+-----------------+--------------------+--------------+------------------------------------------------------------------+--------+
| requested_dtype | config_input_dtype | output_dtype | actual_input_digest                                              | status |
+-----------------+--------------------+--------------+------------------------------------------------------------------+--------+
| FP32            | NA                 | FP64         | f4602dbd2e5d4fe2d437ce71c953bd5b207182e4049e0a168b6990ed0e0cae07 | PASS   |
+-----------------+--------------------+--------------+------------------------------------------------------------------+--------+

[stage08] evidence files
+----------------+-----------------------------------------------------------------------------------------------------------------------------------------------------------------------------------------------------------------------------------------------------+
| kind           | path                                                                                                                                                                                                                                                |
+----------------+-----------------------------------------------------------------------------------------------------------------------------------------------------------------------------------------------------------------------------------------------------+
| dtype_csv      | /tmp/ZKX_dev/results/stage08_input_preview_b08_smoke_20260810T0935Z/smoke/20260810T093500Z_88ef525db825_stage08_b08_smoke_87600001/operator_dtype_evidence_unit_impulse_not_applicable_20260810T093500Z_88ef525db825_stage08_b08_smoke_87600001.csv |
| main_csv       | /tmp/ZKX_dev/results/stage08_input_preview_b08_smoke_20260810T0935Z/smoke/20260810T093500Z_88ef525db825_stage08_b08_smoke_87600001/operator_main_results_unit_impulse_not_applicable_20260810T093500Z_88ef525db825_stage08_b08_smoke_87600001.csv   |
| timing_csv     | /tmp/ZKX_dev/results/stage08_input_preview_b08_smoke_20260810T0935Z/smoke/20260810T093500Z_88ef525db825_stage08_b08_smoke_87600001/operator_timing_samples_unit_impulse_not_applicable_20260810T093500Z_88ef525db825_stage08_b08_smoke_87600001.csv |
| full_log       | /tmp/ZKX_dev/results/stage08_input_preview_b08_smoke_20260810T0935Z/smoke/20260810T093500Z_88ef525db825_stage08_b08_smoke_87600001/operator_unit_impulse_full.log                                                                                   |
| report_json    | /tmp/ZKX_dev/results/stage08_input_preview_b08_smoke_20260810T0935Z/smoke/20260810T093500Z_88ef525db825_stage08_b08_smoke_87600001/operator_unit_impulse_report.json                                                                                |
| summary_txt    | /tmp/ZKX_dev/results/stage08_input_preview_b08_smoke_20260810T0935Z/smoke/20260810T093500Z_88ef525db825_stage08_b08_smoke_87600001/operator_unit_impulse_summary.txt                                                                                |
| memory_csv     | /tmp/ZKX_dev/results/stage08_input_preview_b08_smoke_20260810T0935Z/smoke/20260810T093500Z_88ef525db825_stage08_b08_smoke_87600001/operator_waveforms_unit_impulse_memory_trace_not_applicable.csv                                                  |
| probe_raw_json | /tmp/ZKX_dev/results/stage08_input_preview_b08_smoke_20260810T0935Z/smoke/20260810T093500Z_88ef525db825_stage08_b08_smoke_87600001/unit_impulse_probe_raw.json                                                                                      |
+----------------+-----------------------------------------------------------------------------------------------------------------------------------------------------------------------------------------------------------------------------------------------------+
