[stage08-b01] operator=chebwin entry=cpu:chebwin_typed_cpu gpu:chebwin_device
[stage08-b01] config=test_all/configs/operators/windows/chebwin/operator_scales.json config_sha256=e5f2e743fda9d9dda0f3c0b01d6bbbf2d9490d2f40af1bc668f22d1da683811e
[stage08-b01] run_type=formal scale=chebwin_fp32_10e3 dtype=FP32 sym=false backend=fft_thrust
[stage08-b01] dtype_semantics=actual_typed_scalar_input typed_input_count=1 actual_input_digest=8bf0445b00675f8b42dc71b75c9240f96a386131b00cde740641e8a55769475b
[stage08-b01] timing_scope=compatibility/end-to-end warmup=20 measured=100
[stage08-b01] cpu_mean_ms=2.3000426999999992 gpu_mean_ms=1.8660333199999997 speedup=1.2325839390692122
[stage08-b01] mse=1.8558794426569041e-13 rmse=4.3079919250816895e-07 relative_l2=7.8759937605590052e-07 relative_linf=1.1662717315807404e-06
[stage08-b01] resources=available cuda_event_ms=1.8609360456466675
[stage08-b01] status=PASS error_code=OK
[stage08] identity and status
target  | scale_id          | device | backend    | dtype | warmup | measured | timing_scope             | status | error_code
chebwin | chebwin_fp32_10e3 | CPU    | fft_thrust | FP32  | 20     | 100      | compatibility/end-to-end | PASS   | OK        
chebwin | chebwin_fp32_10e3 | GPU    | fft_thrust | FP32  | 20     | 100      | compatibility/end-to-end | PASS   | OK        

[stage08] timing detail
device | mean_ms            | p50_ms             | p95_ms             | p99_ms             | min_ms             | max_ms             | std_ms                | cv                    | speedup           
CPU    | 2.3000426999999992 | 2.3014950000000001 | 2.3072944500000001 | 2.3154763000000003 | 2.2929360000000001 | 2.3303560000000001 | 0.0057763134965131786 | 0.0025113940260818551 | NA                
GPU    | 1.8660333199999997 | 1.8569295000000001 | 1.9278839499999998 | 1.9643180900000003 | 1.8295049999999999 | 2.0240239999999998 | 0.030563510488122916  | 0.016378866422451087  | 1.2325839390692122

[stage08] accuracy detail
accuracy_reference  | mse                    | rmse                   | relative_l2            | relative_linf          | exact_match | mismatch_count | semantic_check                                                                            | status
cpu_typed_reference | 1.8558794426569041e-13 | 4.3079919250816895e-07 | 7.8759937605590052e-07 | 1.1662717315807404e-06 | NA          | NA             | finite_fp64_window_shape_and_symmetry_policy_match_cpu:shape=[1000];finite=true;sym=false | PASS  

[stage08] resource detail
device | metric     | before_bytes | after_bytes | peak_bytes | delta_bytes
CPU    | cpu_heap   | 2161456      | 2164928     | 2171824    | 3472       
CPU    | rss        | 72200192     | 72355840    | 72355840   | 155648     
GPU    | cpu_heap   | 2164928      | 2167856     | 2175136    | 2928       
GPU    | rss        | 72355840     | 72355840    | 72355840   | 0          
GPU    | gpu_memory | 357777408    | 357777408   | 357777408  | 0          

[stage08] input/output identity
device | input_digest                                                     | output_digest                                                   
CPU    | 8bf0445b00675f8b42dc71b75c9240f96a386131b00cde740641e8a55769475b | e4982ab4c0cd7a35594fee900e867474e64d21a86bf88c115b8323b80f6a97f3
GPU    | 8bf0445b00675f8b42dc71b75c9240f96a386131b00cde740641e8a55769475b | 1ec02ae08821acdd44ed71ef4d8988a0e8456d7d2d9a0cca271c32547810ef11

[stage08] input content
input_name       | shape  | dtype       | elements | generator                                           | values(head4/tail2)                                                                              
window_positions | [1000] | INDEX_INT64 | 1000     | implicit_window_index_domain(no_materialized_array) | i=0:position=0;i=1:position=1;i=2:position=2;i=3:position=3;i=998:position=998;i=999:position=999
attenuation_db   | scalar | FP32        | 1        | exact_config_scalar                                 | value=80                                                                                         

[stage08] case parameters
parameters                                                                                       
{"length":1000,"requested_dtype":"FP32","sym":false,"attenuation_db":80,"algorithm":"fft_thrust"}

[stage08] dtype evidence
requested_dtype | config_input_dtype | output_dtype | actual_input_digest                                              | status
FP32            | FP32               | FP64         | 8bf0445b00675f8b42dc71b75c9240f96a386131b00cde740641e8a55769475b | PASS  

[stage08] evidence files
kind        | path                                                                                                                                                                                                                                         
main_csv    | /tmp/ZKX_dev/results/stage08_input_preview_b01_chebwin_8b745f9a6864/formal/20260810T082001Z_8b745f9a6864_stage08_b01_formal_a1010004/operator_main_results_chebwin_fft_thrust_20260810T082001Z_8b745f9a6864_stage08_b01_formal_a1010004.csv  
timing_csv  | /tmp/ZKX_dev/results/stage08_input_preview_b01_chebwin_8b745f9a6864/formal/20260810T082001Z_8b745f9a6864_stage08_b01_formal_a1010004/operator_timing_samples_chebwin_fft_thrust_20260810T082001Z_8b745f9a6864_stage08_b01_formal_a1010004.csv
memory_csv  | /tmp/ZKX_dev/results/stage08_input_preview_b01_chebwin_8b745f9a6864/formal/20260810T082001Z_8b745f9a6864_stage08_b01_formal_a1010004/operator_windows_chebwin_memory_trace_fft_thrust.csv                                                    
input_csv   | /tmp/ZKX_dev/results/stage08_input_preview_b01_chebwin_8b745f9a6864/formal/20260810T082001Z_8b745f9a6864_stage08_b01_formal_a1010004/operator_input_evidence_chebwin_fft_thrust_20260810T082001Z_8b745f9a6864_stage08_b01_formal_a1010004.csv
dtype_csv   | /tmp/ZKX_dev/results/stage08_input_preview_b01_chebwin_8b745f9a6864/formal/20260810T082001Z_8b745f9a6864_stage08_b01_formal_a1010004/operator_dtype_evidence_chebwin_fft_thrust_20260810T082001Z_8b745f9a6864_stage08_b01_formal_a1010004.csv
module_csv  | /tmp/ZKX_dev/results/stage08_input_preview_b01_chebwin_8b745f9a6864/formal/20260810T082001Z_8b745f9a6864_stage08_b01_formal_a1010004/windows_batch01_module_summary_fft_thrust_20260810T082001Z_8b745f9a6864_stage08_b01_formal_a1010004.csv 
report_json | /tmp/ZKX_dev/results/stage08_input_preview_b01_chebwin_8b745f9a6864/formal/20260810T082001Z_8b745f9a6864_stage08_b01_formal_a1010004/operator_chebwin_report.json                                                                            
summary_txt | /tmp/ZKX_dev/results/stage08_input_preview_b01_chebwin_8b745f9a6864/formal/20260810T082001Z_8b745f9a6864_stage08_b01_formal_a1010004/operator_chebwin_summary.txt                                                                            
full_log    | /tmp/ZKX_dev/results/stage08_input_preview_b01_chebwin_8b745f9a6864/formal/20260810T082001Z_8b745f9a6864_stage08_b01_formal_a1010004/operator_chebwin_full.log                                                                               
results_dir | /tmp/ZKX_dev/results/stage08_input_preview_b01_chebwin_8b745f9a6864/formal/20260810T082001Z_8b745f9a6864_stage08_b01_formal_a1010004                                                                                                         
