command=build_stage08_b03_hilbert2_0b2008e7f76a/stage08_filtering_hilbert2 --dtype INT16 --rows 10 --cols 10 --seed 83240001 --warmup 20 --measured 100 --output /tmp/ZKX_dev/results/stage08_input_preview_b03_hilbert2_5bf09d215ce4/formal/20260810T074639Z_5bf09d215ce4_stage08_b03_formal_9901200a/hilbert2_probe_raw.json
STAGE08_HILBERT2_PROBE PASS dtype=INT16 shape=10x10 backend=fft_thrust
{"actual_input_digest": "26daf1f2a0f56dca7b17af77cd9bb5fe64e553bc742b598bba37d04982fc64e8", "backend": "fft_thrust", "case_id": "hilbert2__hilbert2_int16_10e2__26daf1f2a0f56dca", "compute_dtype": "FP32", "dtype_semantics": "actual_typed_array_input_fp32_fft2d_extension", "error_code": "OK", "fft_dtype": "ComplexFP32", "measured_runs": 100, "metrics": {"mse": 1.1478218552080884e-11, "relative_l2": 3.898318836794278e-07, "relative_linf": 3.9216498954955845e-07, "rmse": 3.3879519701555517e-06}, "operator_name": "hilbert2", "output_dtype": "ComplexFP64", "requested_dtype": "INT16", "run_id": "20260810T074639Z_5bf09d215ce4_stage08_b03_formal_9901200a", "scale_id": "hilbert2_int16_10e2", "schema_version": 1, "status": "PASS", "typed_input_count": 1, "typed_input_names": "x", "warmup_runs": 20}
[stage08] identity and status
+----------+---------------------+--------+------------+-------+--------+----------+--------------------------+--------+------------+
| target   | scale_id            | device | backend    | dtype | warmup | measured | timing_scope             | status | error_code |
+----------+---------------------+--------+------------+-------+--------+----------+--------------------------+--------+------------+
| hilbert2 | hilbert2_int16_10e2 | CPU    | fft_thrust | INT16 | 20     | 100      | compatibility/end-to-end | PASS   | OK         |
| hilbert2 | hilbert2_int16_10e2 | GPU    | fft_thrust | INT16 | 20     | 100      | compatibility/end-to-end | PASS   | OK         |
+----------+---------------------+--------+------------+-------+--------+----------+--------------------------+--------+------------+

[stage08] timing detail
+--------+---------------------+---------------------+-------------+---------------------+---------------------+---------------------+-----------------------+-----------------------+----------------------+
| device | mean_ms             | p50_ms              | p95_ms      | p99_ms              | min_ms              | max_ms              | std_ms                | cv                    | speedup              |
+--------+---------------------+---------------------+-------------+---------------------+---------------------+---------------------+-----------------------+-----------------------+----------------------+
| CPU    | 0.79865297000000002 | 0.79574699999999998 | 0.8099845   | 0.81137360000000036 | 0.79316699999999996 | 0.88221799999999995 | 0.0096644698421123939 | 0.012100962752461052  | NA                   |
| GPU    | 23.37567018         | 23.377410999999999  | 23.51610655 | 23.56921591         | 23.192005000000002  | 23.650189000000001  | 0.08563713380121743   | 0.0036635156614456231 | 0.034165992412201293 |
+--------+---------------------+---------------------+-------------+---------------------+---------------------+---------------------+-----------------------+-----------------------+----------------------+

[stage08] accuracy detail
+-------------------------------+------------------------+------------------------+------------------------+------------------------+-------------+----------------+-------------------------------------------------------------------------------------------------------+--------+
| accuracy_reference            | mse                    | rmse                   | relative_l2            | relative_linf          | exact_match | mismatch_count | semantic_check                                                                                        | status |
+-------------------------------+------------------------+------------------------+------------------------+------------------------+-------------+----------------+-------------------------------------------------------------------------------------------------------+--------+
| cpu_typed_double_direct_dft2d | 1.1478218552080884e-11 | 3.3879519701555517e-06 | 3.8983188367942778e-07 | 3.9216498954955845e-07 | NA          | NA             | finite_analytic_signal_shape_and_output_dtype_match_cpu:shape=[10, 10];fft_shape=[10, 10];finite=true | PASS   |
+-------------------------------+------------------------+------------------------+------------------------+------------------------+-------------+----------------+-------------------------------------------------------------------------------------------------------+--------+

[stage08] resource detail
+--------+------------+--------------+-------------+------------+-------------+
| device | metric     | before_bytes | after_bytes | peak_bytes | delta_bytes |
+--------+------------+--------------+-------------+------------+-------------+
| CPU    | cpu_heap   | 1953280      | 1959456     | 1959952    | 6176        |
| CPU    | rss        | 71892992     | 71892992    | 71892992   | 0           |
| GPU    | cpu_heap   | 1959456      | 1961888     | 1961888    | 2432        |
| GPU    | rss        | 71892992     | 71892992    | 71892992   | 0           |
| GPU    | gpu_memory | 341000192    | 341000192   | 341000192  | 0           |
+--------+------------+--------------+-------------+------------+-------------+

[stage08] input/output identity
+--------+------------------------------------------------------------------+------------------------------------------------------------------+
| device | input_digest                                                     | output_digest                                                    |
+--------+------------------------------------------------------------------+------------------------------------------------------------------+
| CPU    | 26daf1f2a0f56dca7b17af77cd9bb5fe64e553bc742b598bba37d04982fc64e8 | 36cea44eb4a786880a7f37919ee69a2f6d8dddc7962930c4a8c556a329908c24 |
| GPU    | 26daf1f2a0f56dca7b17af77cd9bb5fe64e553bc742b598bba37d04982fc64e8 | 49d8e7f47b48611cefee1721921c8a81128d22a10c4a641e9a4f71e375da2ba7 |
+--------+------------------------------------------------------------------+------------------------------------------------------------------+

[stage08] input content
+------------+---------+-------+----------+---------------------------------------------+------------------------------------------+
| input_name | shape   | dtype | elements | generator                                   | values(head4/tail2)                      |
+------------+---------+-------+----------+---------------------------------------------+------------------------------------------+
| x          | [10x10] | INT16 | 100      | modular_signal(seed=83240001,integral=true) | i=0:0;i=1:-6;i=2:11;i=3:5;i=98:10;i=99:4 |
+------------+---------+-------+----------+---------------------------------------------+------------------------------------------+

[stage08] case parameters
+-------------------------------------------------------------+
| parameters                                                  |
+-------------------------------------------------------------+
| {"cols":"10","dtype":"INT16","rows":"10","seed":"83240001"} |
+-------------------------------------------------------------+

[stage08] dtype evidence
+-----------------+--------------------+--------------+------------------------------------------------------------------+--------+
| requested_dtype | config_input_dtype | output_dtype | actual_input_digest                                              | status |
+-----------------+--------------------+--------------+------------------------------------------------------------------+--------+
| INT16           | NA                 | ComplexFP64  | 26daf1f2a0f56dca7b17af77cd9bb5fe64e553bc742b598bba37d04982fc64e8 | PASS   |
+-----------------+--------------------+--------------+------------------------------------------------------------------+--------+

[stage08] evidence files
+----------------+-------------------------------------------------------------------------------------------------------------------------------------------------------------------------------------------------------------------------------------------------+
| kind           | path                                                                                                                                                                                                                                            |
+----------------+-------------------------------------------------------------------------------------------------------------------------------------------------------------------------------------------------------------------------------------------------+
| probe_raw_json | /tmp/ZKX_dev/results/stage08_input_preview_b03_hilbert2_5bf09d215ce4/formal/20260810T074639Z_5bf09d215ce4_stage08_b03_formal_9901200a/hilbert2_probe_raw.json                                                                                   |
| dtype_csv      | /tmp/ZKX_dev/results/stage08_input_preview_b03_hilbert2_5bf09d215ce4/formal/20260810T074639Z_5bf09d215ce4_stage08_b03_formal_9901200a/operator_dtype_evidence_hilbert2_fft_thrust_20260810T074639Z_5bf09d215ce4_stage08_b03_formal_9901200a.csv |
| memory_csv     | /tmp/ZKX_dev/results/stage08_input_preview_b03_hilbert2_5bf09d215ce4/formal/20260810T074639Z_5bf09d215ce4_stage08_b03_formal_9901200a/operator_filtering_hilbert2_memory_trace_fft_thrust.csv                                                   |
| full_log       | /tmp/ZKX_dev/results/stage08_input_preview_b03_hilbert2_5bf09d215ce4/formal/20260810T074639Z_5bf09d215ce4_stage08_b03_formal_9901200a/operator_hilbert2_full.log                                                                                |
| report_json    | /tmp/ZKX_dev/results/stage08_input_preview_b03_hilbert2_5bf09d215ce4/formal/20260810T074639Z_5bf09d215ce4_stage08_b03_formal_9901200a/operator_hilbert2_report.json                                                                             |
| summary_txt    | /tmp/ZKX_dev/results/stage08_input_preview_b03_hilbert2_5bf09d215ce4/formal/20260810T074639Z_5bf09d215ce4_stage08_b03_formal_9901200a/operator_hilbert2_summary.txt                                                                             |
| main_csv       | /tmp/ZKX_dev/results/stage08_input_preview_b03_hilbert2_5bf09d215ce4/formal/20260810T074639Z_5bf09d215ce4_stage08_b03_formal_9901200a/operator_main_results_hilbert2_fft_thrust_20260810T074639Z_5bf09d215ce4_stage08_b03_formal_9901200a.csv   |
| timing_csv     | /tmp/ZKX_dev/results/stage08_input_preview_b03_hilbert2_5bf09d215ce4/formal/20260810T074639Z_5bf09d215ce4_stage08_b03_formal_9901200a/operator_timing_samples_hilbert2_fft_thrust_20260810T074639Z_5bf09d215ce4_stage08_b03_formal_9901200a.csv |
+----------------+-------------------------------------------------------------------------------------------------------------------------------------------------------------------------------------------------------------------------------------------------+
