command=build_stage08_b03_decimate_02b9734201c9/stage08_filtering_decimate --dtype INT32 --rows 100 --cols 100 --q 5 --filter-order -1 --zero-phase true --custom-coefficients true --seed 83430003 --warmup 20 --measured 100 --output /tmp/ZKX_dev/results/stage08_input_preview_b03_decimate_5bf09d215ce4/formal/20260810T075004Z_5bf09d215ce4_stage08_b03_formal_99014009/decimate_probe_raw.json
STAGE08_DECIMATE_PROBE PASS dtype=INT32 shape=100x100 q=5 custom=true backend=not_applicable
{"actual_input_digest": "b682e3a9e8a4128697902e07271f7be47fe60156641ccf9dd2cfefc286f837a0", "axis": 1, "backend": "not_applicable", "case_id": "decimate__decimate_int32_10e4__b682e3a9e8a41286", "compute_dtype": "FP32", "custom_coefficients": true, "dtype_semantics": "actual_typed_array_inputs_fp32_fir_decimate_extension", "error_code": "OK", "fft_dtype": "not_applicable", "measured_runs": 100, "metrics": {"mse": 0, "relative_l2": 0, "relative_linf": 0, "rmse": 0}, "operator_name": "decimate", "output_dtype": "FP64", "q": 5, "requested_dtype": "INT32", "run_id": "20260810T075004Z_5bf09d215ce4_stage08_b03_formal_99014009", "scale_id": "decimate_int32_10e4", "schema_version": 1, "status": "PASS", "typed_input_count": 2, "typed_input_names": "x|h", "warmup_runs": 20, "zero_phase": true}
[stage08] identity and status
+----------+---------------------+--------+----------------+-------+--------+----------+--------------------------+--------+------------+
| target   | scale_id            | device | backend        | dtype | warmup | measured | timing_scope             | status | error_code |
+----------+---------------------+--------+----------------+-------+--------+----------+--------------------------+--------+------------+
| decimate | decimate_int32_10e4 | CPU    | not_applicable | INT32 | 20     | 100      | compatibility/end-to-end | PASS   | OK         |
| decimate | decimate_int32_10e4 | GPU    | not_applicable | INT32 | 20     | 100      | compatibility/end-to-end | PASS   | OK         |
+----------+---------------------+--------+----------------+-------+--------+----------+--------------------------+--------+------------+

[stage08] timing detail
+--------+------------+---------------------+---------------------+---------------------+---------------------+---------------------+-----------------------+----------------------+---------------------+
| device | mean_ms    | p50_ms              | p95_ms              | p99_ms              | min_ms              | max_ms              | std_ms                | cv                   | speedup             |
+--------+------------+---------------------+---------------------+---------------------+---------------------+---------------------+-----------------------+----------------------+---------------------+
| CPU    | 0.13376636 | 0.13339100000000001 | 0.13386200000000001 | 0.14525299999999999 | 0.133081            | 0.145451            | 0.0019421162504855351 | 0.014518719433537214 | NA                  |
| GPU    | 0.51400731 | 0.50187000000000004 | 0.5722714499999999  | 0.64464660000000018 | 0.48772399999999999 | 0.66153600000000001 | 0.031572354985555003  | 0.061423941588603093 | 0.26024213546690611 |
+--------+------------+---------------------+---------------------+---------------------+---------------------+---------------------+-----------------------+----------------------+---------------------+

[stage08] accuracy detail
+----------------------------------+-----+------+-------------+---------------+-------------+----------------+-------------------------------------------------------------------------------------------------------------------------------------------+--------+
| accuracy_reference               | mse | rmse | relative_l2 | relative_linf | exact_match | mismatch_count | semantic_check                                                                                                                            | status |
+----------------------------------+-----+------+-------------+---------------+-------------+----------------+-------------------------------------------------------------------------------------------------------------------------------------------+--------+
| cpu_typed_fir_decimate_reference | 0   | 0    | 0           | 0             | NA          | NA             | finite_decimated_signal_shape_filter_phase_and_output_dtype_match_cpu:shape=[100, 100];axis=1;q=5;zero_phase=True;custom=True;finite=true | PASS   |
+----------------------------------+-----+------+-------------+---------------+-------------+----------------+-------------------------------------------------------------------------------------------------------------------------------------------+--------+

[stage08] resource detail
+--------+------------+--------------+-------------+------------+-------------+
| device | metric     | before_bytes | after_bytes | peak_bytes | delta_bytes |
+--------+------------+--------------+-------------+------------+-------------+
| CPU    | cpu_heap   | 1507136      | 1550528     | 1565424    | 43392       |
| CPU    | rss        | 70635520     | 70635520    | 70635520   | 0           |
| GPU    | cpu_heap   | 1550528      | 1554560     | 1554560    | 4032        |
| GPU    | rss        | 70635520     | 70635520    | 70635520   | 0           |
| GPU    | gpu_memory | 357777408    | 357777408   | 357777408  | 0           |
+--------+------------+--------------+-------------+------------+-------------+

[stage08] input/output identity
+--------+------------------------------------------------------------------+------------------------------------------------------------------+
| device | input_digest                                                     | output_digest                                                    |
+--------+------------------------------------------------------------------+------------------------------------------------------------------+
| CPU    | b682e3a9e8a4128697902e07271f7be47fe60156641ccf9dd2cfefc286f837a0 | 9225034cea4d93202fc9203203a7819c8b2c38225f66f8ce3ea0a782e6fd4309 |
| GPU    | b682e3a9e8a4128697902e07271f7be47fe60156641ccf9dd2cfefc286f837a0 | 9225034cea4d93202fc9203203a7819c8b2c38225f66f8ce3ea0a782e6fd4309 |
+--------+------------------------------------------------------------------+------------------------------------------------------------------+

[stage08] input content
+------------+-----------+-------+----------+---------------------------------------------+-------------------------------------------------+
| input_name | shape     | dtype | elements | generator                                   | values(head4/tail2)                             |
+------------+-----------+-------+----------+---------------------------------------------+-------------------------------------------------+
| x          | [100x100] | INT32 | 10000    | modular_signal(seed=83430003,integral=true) | i=0:-1;i=1:-7;i=2:10;i=3:4;i=9998:-5;i=9999:-11 |
| h          | [5]       | INT32 | 5        | fixed_custom_coefficients                   | i=0:1;i=1:2;i=2:1;i=3:-1;i=4:1                  |
+------------+-----------+-------+----------+---------------------------------------------+-------------------------------------------------+

[stage08] case parameters
+--------------------------------------------------------------------------------------------------------------------------------------------+
| parameters                                                                                                                                 |
+--------------------------------------------------------------------------------------------------------------------------------------------+
| {"cols":"100","custom-coefficients":"true","dtype":"INT32","filter-order":"-1","q":"5","rows":"100","seed":"83430003","zero-phase":"true"} |
+--------------------------------------------------------------------------------------------------------------------------------------------+

[stage08] dtype evidence
+-----------------+--------------------+--------------+------------------------------------------------------------------+--------+
| requested_dtype | config_input_dtype | output_dtype | actual_input_digest                                              | status |
+-----------------+--------------------+--------------+------------------------------------------------------------------+--------+
| INT32           | NA                 | FP64         | b682e3a9e8a4128697902e07271f7be47fe60156641ccf9dd2cfefc286f837a0 | PASS   |
+-----------------+--------------------+--------------+------------------------------------------------------------------+--------+

[stage08] evidence files
+----------------+-----------------------------------------------------------------------------------------------------------------------------------------------------------------------------------------------------------------------------------------------------+
| kind           | path                                                                                                                                                                                                                                                |
+----------------+-----------------------------------------------------------------------------------------------------------------------------------------------------------------------------------------------------------------------------------------------------+
| probe_raw_json | /tmp/ZKX_dev/results/stage08_input_preview_b03_decimate_5bf09d215ce4/formal/20260810T075004Z_5bf09d215ce4_stage08_b03_formal_99014009/decimate_probe_raw.json                                                                                       |
| full_log       | /tmp/ZKX_dev/results/stage08_input_preview_b03_decimate_5bf09d215ce4/formal/20260810T075004Z_5bf09d215ce4_stage08_b03_formal_99014009/operator_decimate_full.log                                                                                    |
| report_json    | /tmp/ZKX_dev/results/stage08_input_preview_b03_decimate_5bf09d215ce4/formal/20260810T075004Z_5bf09d215ce4_stage08_b03_formal_99014009/operator_decimate_report.json                                                                                 |
| summary_txt    | /tmp/ZKX_dev/results/stage08_input_preview_b03_decimate_5bf09d215ce4/formal/20260810T075004Z_5bf09d215ce4_stage08_b03_formal_99014009/operator_decimate_summary.txt                                                                                 |
| dtype_csv      | /tmp/ZKX_dev/results/stage08_input_preview_b03_decimate_5bf09d215ce4/formal/20260810T075004Z_5bf09d215ce4_stage08_b03_formal_99014009/operator_dtype_evidence_decimate_not_applicable_20260810T075004Z_5bf09d215ce4_stage08_b03_formal_99014009.csv |
| memory_csv     | /tmp/ZKX_dev/results/stage08_input_preview_b03_decimate_5bf09d215ce4/formal/20260810T075004Z_5bf09d215ce4_stage08_b03_formal_99014009/operator_filtering_decimate_memory_trace_not_applicable.csv                                                   |
| main_csv       | /tmp/ZKX_dev/results/stage08_input_preview_b03_decimate_5bf09d215ce4/formal/20260810T075004Z_5bf09d215ce4_stage08_b03_formal_99014009/operator_main_results_decimate_not_applicable_20260810T075004Z_5bf09d215ce4_stage08_b03_formal_99014009.csv   |
| timing_csv     | /tmp/ZKX_dev/results/stage08_input_preview_b03_decimate_5bf09d215ce4/formal/20260810T075004Z_5bf09d215ce4_stage08_b03_formal_99014009/operator_timing_samples_decimate_not_applicable_20260810T075004Z_5bf09d215ce4_stage08_b03_formal_99014009.csv |
+----------------+-----------------------------------------------------------------------------------------------------------------------------------------------------------------------------------------------------------------------------------------------------+
