command=/tmp/ZKX_dev/build_stage07_b01_pulse_compression_1662dd06774d/stage07_radartools_pulse_compression --dtype INT16 --warmup 20 --measured 100 --output /tmp/ZKX_dev/results/stage07_b01_input_preview_1662dd06774d/formal/20260810T081030Z_1662dd06774d_stage07_b01_formal_c507704b/pulse_compression_probe_raw.json --n0 4 --n1 256 --template 64 --nfft 256
STAGE07_RADAR_PROBE PASS operator=pulse_compression dtype=INT16
{"run_id": "20260810T081030Z_1662dd06774d_stage07_b01_formal_c507704b", "case_id": "pulse_compression__pc_int16_10e3__458c6f3696a7285f", "operator_name": "pulse_compression", "scale_id": "pc_int16_10e3", "requested_dtype": "INT16", "config_input_dtype": "ComplexINT16", "input_content": [{"input_name": "echo", "shape": "[4x256]", "dtype": "ComplexINT16", "element_count": "1024", "generator": "complex_modular(seed=3,integral=true)", "preview_head4_tail2": "i=0:(-2,-1);i=1:(0,-3);i=2:(2,4);i=3:(4,2);i=1022:(-4,-2);i=1023:(-2,-4)"}, {"input_name": "waveform", "shape": "[64]", "dtype": "ComplexINT16", "element_count": "64", "generator": "complex_modular(seed=7,integral=true)", "preview_head4_tail2": "i=0:(2,3);i=1:(4,1);i=2:(-5,-1);i=3:(-3,-3);i=62:(5,-4);i=63:(-4,3)"}], "case_parameters": {"num_pulses": 4, "samples_per_pulse": 256, "pulse_samples": 64, "nfft": 256, "normalize": false, "window": "none"}, "output_dtype": "ComplexFP64", "backend": "fft_thrust", "warmup_runs": 20, "measured_runs": 100, "mse": 2.46202e-09, "rmse": 4.96187e-05, "relative_l2": 1.99692e-07, "relative_linf": 2.7072e-07, "exact_match": true, "mismatch_count": 0, "semantic_check": true, "actual_input_digest": "458c6f3696a7285fb3c784fcf835f966afec8e6a105ce3595893e6c20d2ba7e7", "status": "PASS", "error_code": "OK"}
[stage07] identity and status
+-------------------+---------------+--------+------------+-------+--------+----------+--------------------------+--------+------------+
| target            | scale_id      | device | backend    | dtype | warmup | measured | timing_scope             | status | error_code |
+-------------------+---------------+--------+------------+-------+--------+----------+--------------------------+--------+------------+
| pulse_compression | pc_int16_10e3 | CPU    | fft_thrust | INT16 | 20     | 100      | compatibility/end-to-end | PASS   | OK         |
| pulse_compression | pc_int16_10e3 | GPU    | fft_thrust | INT16 | 20     | 100      | compatibility/end-to-end | PASS   | OK         |
+-------------------+---------------+--------+------------+-------+--------+----------+--------------------------+--------+------------+

[stage07] timing detail
+--------+------------+----------+-----------+--------------------+----------+----------+----------------------+-----------------------+--------------------+
| device | mean_ms    | p50_ms   | p95_ms    | p99_ms             | min_ms   | max_ms   | std_ms               | cv                    | speedup            |
+--------+------------+----------+-----------+--------------------+----------+----------+----------------------+-----------------------+--------------------+
| CPU    | 2.39462275 | 2.395411 | 2.4033275 | 2.4111865          | 2.386592 | 2.414701 | 0.005723648747739501 | 0.0023902089578575585 | NA                 |
| GPU    | 0.81899711 | 0.819032 | 0.875012  | 0.9417494100000001 | 0.774827 | 0.971787 | 0.03261611050842666  | 0.03982445128338324   | 2.9238476189494733 |
+--------+------------+----------+-----------+--------------------+----------+----------+----------------------+-----------------------+--------------------+

[stage07] accuracy detail
+---------------------+-------------+-------------+-------------+---------------+-------------+----------------+---------------------------------+--------+
| reference           | mse         | rmse        | relative_l2 | relative_linf | exact_match | mismatch_count | semantic_check                  | status |
+---------------------+-------------+-------------+-------------+---------------+-------------+----------------+---------------------------------+--------+
| typed_cpu_reference | 2.46202e-09 | 4.96187e-05 | 1.99692e-07 | 2.7072e-07    | NA          | NA             | typed_output_shape_dtype_finite | PASS   |
+---------------------+-------------+-------------+-------------+---------------+-------------+----------------+---------------------------------+--------+

[stage07] resource detail
+--------+------------+--------------+-------------+------------+-------------+
| device | metric     | before_bytes | after_bytes | peak_bytes | delta_bytes |
+--------+------------+--------------+-------------+------------+-------------+
| CPU    | cpu_heap   | 1573616      | 1565216     | 1580496    | -8400       |
| CPU    | rss        | 70397952     | 70397952    | 70397952   | 0           |
| GPU    | cpu_heap   | 1565216      | 1568288     | 1568288    | 3072        |
| GPU    | rss        | 70397952     | 70397952    | 70397952   | 0           |
| GPU    | gpu_memory | 357777408    | 357777408   | 357777408  | 0           |
+--------+------------+--------------+-------------+------------+-------------+

[stage07] input content
+------------+---------+--------------+----------+---------------------------------------+--------------------------------------------------------------------------+
| input_name | shape   | dtype        | elements | generator                             | values(head4/tail2)                                                      |
+------------+---------+--------------+----------+---------------------------------------+--------------------------------------------------------------------------+
| echo       | [4x256] | ComplexINT16 | 1024     | complex_modular(seed=3,integral=true) | i=0:(-2,-1);i=1:(0,-3);i=2:(2,4);i=3:(4,2);i=1022:(-4,-2);i=1023:(-2,-4) |
| waveform   | [64]    | ComplexINT16 | 64       | complex_modular(seed=7,integral=true) | i=0:(2,3);i=1:(4,1);i=2:(-5,-1);i=3:(-3,-3);i=62:(5,-4);i=63:(-4,3)      |
+------------+---------+--------------+----------+---------------------------------------+--------------------------------------------------------------------------+

[stage07] case parameters
+----------------------------------------------------------------------------------------------------------+
| parameters                                                                                               |
+----------------------------------------------------------------------------------------------------------+
| {"nfft":256,"normalize":false,"num_pulses":4,"pulse_samples":64,"samples_per_pulse":256,"window":"none"} |
+----------------------------------------------------------------------------------------------------------+

[stage07] input and output identity
+--------+------------------------------------------------------------------+------------------------------------------------------------------+
| device | input_digest                                                     | output_digest                                                    |
+--------+------------------------------------------------------------------+------------------------------------------------------------------+
| CPU    | 458c6f3696a7285fb3c784fcf835f966afec8e6a105ce3595893e6c20d2ba7e7 | 7ae04ca56ac8f7c2d23b66bb7ec98e91c188fa96aa0d0d0b2307e80456e788d6 |
| GPU    | 458c6f3696a7285fb3c784fcf835f966afec8e6a105ce3595893e6c20d2ba7e7 | 591ec4bb8a3eb34b099dc93ee6d9c9ed663b801c0b8ae39f4c79e9f6c5b7f26f |
+--------+------------------------------------------------------------------+------------------------------------------------------------------+

[stage07] dtype evidence
+-----------------+--------------------+--------------+------------------------------------------------------------------+
| requested_dtype | config_input_dtype | output_dtype | actual_input_digest                                              |
+-----------------+--------------------+--------------+------------------------------------------------------------------+
| INT16           | ComplexINT16       | ComplexFP64  | 458c6f3696a7285fb3c784fcf835f966afec8e6a105ce3595893e6c20d2ba7e7 |
+-----------------+--------------------+--------------+------------------------------------------------------------------+

[stage07] evidence files
+-------------+-------------------------------------------------------------------------------------------------------------------------------------------------------------------------------------------------------------------------------------------------+
| kind        | path                                                                                                                                                                                                                                            |
+-------------+-------------------------------------------------------------------------------------------------------------------------------------------------------------------------------------------------------------------------------------------------+
| main_csv    | /tmp/ZKX_dev/results/stage07_b01_input_preview_1662dd06774d/formal/20260810T081030Z_1662dd06774d_stage07_b01_formal_c507704b/operator_main_results_pulse_compression_fft_thrust_20260810T081030Z_1662dd06774d_stage07_b01_formal_c507704b.csv   |
| timing_csv  | /tmp/ZKX_dev/results/stage07_b01_input_preview_1662dd06774d/formal/20260810T081030Z_1662dd06774d_stage07_b01_formal_c507704b/operator_timing_samples_pulse_compression_fft_thrust_20260810T081030Z_1662dd06774d_stage07_b01_formal_c507704b.csv |
| memory_csv  | /tmp/ZKX_dev/results/stage07_b01_input_preview_1662dd06774d/formal/20260810T081030Z_1662dd06774d_stage07_b01_formal_c507704b/operator_radartools_pulse_compression_memory_trace_fft_thrust.csv                                                  |
| dtype_csv   | /tmp/ZKX_dev/results/stage07_b01_input_preview_1662dd06774d/formal/20260810T081030Z_1662dd06774d_stage07_b01_formal_c507704b/operator_dtype_evidence_pulse_compression_fft_thrust_20260810T081030Z_1662dd06774d_stage07_b01_formal_c507704b.csv |
| report_json | /tmp/ZKX_dev/results/stage07_b01_input_preview_1662dd06774d/formal/20260810T081030Z_1662dd06774d_stage07_b01_formal_c507704b/operator_pulse_compression_report.json                                                                             |
| summary_txt | /tmp/ZKX_dev/results/stage07_b01_input_preview_1662dd06774d/formal/20260810T081030Z_1662dd06774d_stage07_b01_formal_c507704b/operator_pulse_compression_summary.txt                                                                             |
| full_log    | /tmp/ZKX_dev/results/stage07_b01_input_preview_1662dd06774d/formal/20260810T081030Z_1662dd06774d_stage07_b01_formal_c507704b/operator_pulse_compression_full.log                                                                                |
| result_dir  | /tmp/ZKX_dev/results/stage07_b01_input_preview_1662dd06774d/formal/20260810T081030Z_1662dd06774d_stage07_b01_formal_c507704b                                                                                                                    |
+-------------+-------------------------------------------------------------------------------------------------------------------------------------------------------------------------------------------------------------------------------------------------+
