[stage07] identity and status
+--------+--------------------+--------+----------------+-------+--------+----------+--------------------------+--------+------------+
| target | scale_id           | device | backend        | dtype | warmup | measured | timing_scope             | status | error_code |
+--------+--------------------+--------+----------------+-------+--------+----------+--------------------------+--------+------------+
| cwt    | cwt_task_fp32_10e2 | CPU    | not_applicable | FP32  | 20     | 100      | compatibility/end-to-end | PASS   | OK         |
| cwt    | cwt_task_fp32_10e2 | GPU    | not_applicable | FP32  | 20     | 100      | compatibility/end-to-end | PASS   | OK         |
+--------+--------------------+--------+----------------+-------+--------+----------+--------------------------+--------+------------+

[stage07] timing detail
+--------+------------+-----------+---------------------+---------------------+----------+----------+----------------------+----------------------+--------------------+
| device | mean_ms    | p50_ms    | p95_ms              | p99_ms              | min_ms   | max_ms   | std_ms               | cv                   | speedup            |
+--------+------------+-----------+---------------------+---------------------+----------+----------+----------------------+----------------------+--------------------+
| CPU    | 0.41462114 | 0.4141225 | 0.42183645000000003 | 0.45716380000000023 | 0.410143 | 0.506743 | 0.010665694614060544 | 0.025723952748913245 | NA                 |
| GPU    | 0.59702477 | 0.590613  | 0.646858            | 0.6718643           | 0.575133 | 0.672884 | 0.02078031971931857  | 0.03480646158000877  | 0.6944789577156071 |
+--------+------------+-----------+---------------------+---------------------+----------+----------+----------------------+----------------------+--------------------+

[stage07] accuracy detail
+---------------------+-------------+-------------+-------------+---------------+-------------+----------------+----------------------------------------------------------+--------+
| reference           | mse         | rmse        | relative_l2 | relative_linf | exact_match | mismatch_count | semantic_check                                           | status |
+---------------------+-------------+-------------+-------------+---------------+-------------+----------------+----------------------------------------------------------+--------+
| typed_cpu_reference | 1.54343e-12 | 1.24235e-06 | 1.52118e-07 | 3.75842e-07   | NA          | NA             | output_count=512;output_dtype=FP64;task_gpu_call=present | PASS   |
+---------------------+-------------+-------------+-------------+---------------+-------------+----------------+----------------------------------------------------------+--------+

[stage07] resource detail
+--------+------------+--------------+-------------+------------+-------------+
| device | metric     | before_bytes | after_bytes | peak_bytes | delta_bytes |
+--------+------------+--------------+-------------+------------+-------------+
| CPU    | cpu_heap   | 1386288      | 1394512     | 1394512    | 8224        |
| CPU    | rss        | 69341184     | 69341184    | 69341184   | 0           |
| GPU    | cpu_heap   | 1394576      | 1401808     | 1402320    | 7232        |
| GPU    | rss        | 69341184     | 69341184    | 69341184   | 0           |
| GPU    | gpu_memory | 341000192    | 341000192   | 341000192  | 0           |
+--------+------------+--------------+-------------+------------+-------------+

[stage07] input content
+------------+-------+-------+----------+----------------------------------+----------------------------------------------------------------------------------------+
| input_name | shape | dtype | elements | generator                        | values(head4/tail2)                                                                    |
+------------+-------+-------+----------+----------------------------------+----------------------------------------------------------------------------------------+
| signal     | [128] | FP32  | 128      | sinusoid_mixture_plus_transient  | i=0:2;i=1:2.46286845;i=2:2.36156368;i=3:1.93765128;i=126:-3.44971967;i=127:-2.69934726 |
| widths     | [4]   | FP32  | 4        | configured_ricker_widths(base=2) | i=0:2;i=1:4;i=2:8;i=3:12                                                               |
+------------+-------+-------+----------+----------------------------------+----------------------------------------------------------------------------------------+

[stage07] case parameters
+--------------------------------------------------------------------------------------------------------------------------------------------------------------------------------------------------+
| parameters                                                                                                                                                                                       |
+--------------------------------------------------------------------------------------------------------------------------------------------------------------------------------------------------+
| {"backend_truth":"not_applicable_direct_custom_convolution","expected_output_shape":[4,128],"n":128,"output_dtype":"FP64","wavelet":"ricker_typed_cpu_float","width_base":2,"widths":[2,4,8,12]} |
+--------------------------------------------------------------------------------------------------------------------------------------------------------------------------------------------------+

[stage07] input and output identity
+--------+------------------------------------------------------------------+------------------------------------------------------------------+
| device | input_digest                                                     | output_digest                                                    |
+--------+------------------------------------------------------------------+------------------------------------------------------------------+
| CPU    | e167a9eae5a0ffcfa83afbb977899693775583fa4f3cb2c3f11f4542738031f7 | dfb4753a98473ef4e28b7764d55b177b700c1537bbbb40bc25f2e5245cd5bded |
| GPU    | e167a9eae5a0ffcfa83afbb977899693775583fa4f3cb2c3f11f4542738031f7 | d356265463cfd3e7e1c9943d22ccd6f8fa2976e6dc5d134b82fc8968c38e526b |
+--------+------------------------------------------------------------------+------------------------------------------------------------------+

[stage07] dtype evidence
+-----------------+--------------------+--------------+------------------------------------------------------------------+------------------------------------------------------------------+----------------------+
| requested_dtype | config_input_dtype | output_dtype | typed_array_digest                                               | actual_input_digest                                              | task_gpu_call_status |
+-----------------+--------------------+--------------+------------------------------------------------------------------+------------------------------------------------------------------+----------------------+
| FP32            | FP32               | FP64         | 03ee4b08cb51e6ab7d1576255b84eaa79e32a73c15b4284722714cfd06c14ae0 | e167a9eae5a0ffcfa83afbb977899693775583fa4f3cb2c3f11f4542738031f7 | proved_gpu_cpu       |
+-----------------+--------------------+--------------+------------------------------------------------------------------+------------------------------------------------------------------+----------------------+

[stage07] evidence files
+-------------+-------------------------------------------------------------------------------------------------------------------------------------------------------------------------------------------------------------------------------+
| kind        | path                                                                                                                                                                                                                          |
+-------------+-------------------------------------------------------------------------------------------------------------------------------------------------------------------------------------------------------------------------------+
| main_csv    | /tmp/ZKX_dev/results/stage07_b03_formal_20e76c9b0ef/formal/20260810T100929Z_20e76c9b0ef0_stage07_b03_formal_fd07f4d1/operator_main_results_cwt_not_applicable_20260810T100929Z_20e76c9b0ef0_stage07_b03_formal_fd07f4d1.csv   |
| timing_csv  | /tmp/ZKX_dev/results/stage07_b03_formal_20e76c9b0ef/formal/20260810T100929Z_20e76c9b0ef0_stage07_b03_formal_fd07f4d1/operator_timing_samples_cwt_not_applicable_20260810T100929Z_20e76c9b0ef0_stage07_b03_formal_fd07f4d1.csv |
| memory_csv  | /tmp/ZKX_dev/results/stage07_b03_formal_20e76c9b0ef/formal/20260810T100929Z_20e76c9b0ef0_stage07_b03_formal_fd07f4d1/operator_wavelets_cwt_memory_trace_not_applicable.csv                                                    |
| dtype_csv   | /tmp/ZKX_dev/results/stage07_b03_formal_20e76c9b0ef/formal/20260810T100929Z_20e76c9b0ef0_stage07_b03_formal_fd07f4d1/operator_dtype_evidence_cwt_not_applicable_20260810T100929Z_20e76c9b0ef0_stage07_b03_formal_fd07f4d1.csv |
| report_json | /tmp/ZKX_dev/results/stage07_b03_formal_20e76c9b0ef/formal/20260810T100929Z_20e76c9b0ef0_stage07_b03_formal_fd07f4d1/operator_cwt_report.json                                                                                 |
| summary_txt | /tmp/ZKX_dev/results/stage07_b03_formal_20e76c9b0ef/formal/20260810T100929Z_20e76c9b0ef0_stage07_b03_formal_fd07f4d1/operator_cwt_summary.txt                                                                                 |
| full_log    | /tmp/ZKX_dev/results/stage07_b03_formal_20e76c9b0ef/formal/20260810T100929Z_20e76c9b0ef0_stage07_b03_formal_fd07f4d1/operator_cwt_full.log                                                                                    |
| result_dir  | /tmp/ZKX_dev/results/stage07_b03_formal_20e76c9b0ef/formal/20260810T100929Z_20e76c9b0ef0_stage07_b03_formal_fd07f4d1                                                                                                          |
+-------------+-------------------------------------------------------------------------------------------------------------------------------------------------------------------------------------------------------------------------------+
STAGE07_WAVELET_CASE PASS operator=cwt scale=cwt_task_fp32_10e2 dtype=FP32 backend=not_applicable measured=100 results=/tmp/ZKX_dev/results/stage07_b03_formal_20e76c9b0ef/formal/20260810T100929Z_20e76c9b0ef0_stage07_b03_formal_fd07f4d1
