command=build_stage08_b08_quadratic_a1467e3b776a/stage08_bsplines_quadratic --operator quadratic --dtype INT16 --elements 100 --order -1 --seed 87400109 --warmup 20 --measured 100 --output /tmp/ZKX_dev/results/stage08_input_preview_b08_quadratic_bdef73fce32b/formal/20260810T091356Z_bdef73fce32b_stage08_b08_formal_87720009/quadratic_probe_raw.json
{"run_id": "20260810T091356Z_bdef73fce32b_stage08_b08_formal_87720009", "case_id": "quadratic__quadratic_int16_10e2__586ab46a5714cefb", "operator_name": "quadratic", "scale_id": "quadratic_int16_10e2", "requested_dtype": "INT16", "output_dtype": "INT16", "backend": "not_applicable", "input_count": 100, "output_count": 100, "order": -1, "warmup_runs": 20, "measured_runs": 100, "mse": 0, "rmse": 0, "relative_l2": 0, "relative_linf": 0, "status": "PASS", "error_code": "OK"}
[stage08] identity and status
+-----------+----------------------+--------+----------------+-------+--------+----------+--------------------------+--------+------------+
| target    | scale_id             | device | backend        | dtype | warmup | measured | timing_scope             | status | error_code |
+-----------+----------------------+--------+----------------+-------+--------+----------+--------------------------+--------+------------+
| quadratic | quadratic_int16_10e2 | CPU    | not_applicable | INT16 | 20     | 100      | compatibility/end-to-end | PASS   | OK         |
| quadratic | quadratic_int16_10e2 | GPU    | not_applicable | INT16 | 20     | 100      | compatibility/end-to-end | PASS   | OK         |
+-----------+----------------------+--------+----------------+-------+--------+----------+--------------------------+--------+------------+

[stage08] timing detail
+--------+------------+-----------+-----------------------+--------------------+----------+---------+-----------------------+----------------------+----------------------+
| device | mean_ms    | p50_ms    | p95_ms                | p99_ms             | min_ms   | max_ms  | std_ms                | cv                   | speedup              |
+--------+------------+-----------+-----------------------+--------------------+----------+---------+-----------------------+----------------------+----------------------+
| CPU    | 0.00282813 | 0.002821  | 0.0028600500000000003 | 0.00288            | 0.00279  | 0.00288 | 2.030844898065831e-05 | 0.007180875341889627 | NA                   |
| GPU    | 0.20899318 | 0.2009845 | 0.25432255            | 0.3624432300000004 | 0.192468 | 0.44028 | 0.032389990277979404  | 0.15498108731576507  | 0.013532164063918257 |
+--------+------------+-----------+-----------------------+--------------------+----------+---------+-----------------------+----------------------+----------------------+

[stage08] accuracy detail
+--------------------------+-----+------+-------------+---------------+-------------+----------------+----------------------------------------------+--------+
| accuracy_reference       | mse | rmse | relative_l2 | relative_linf | exact_match | mismatch_count | semantic_check                               | status |
+--------------------------+-----+------+-------------+---------------+-------------+----------------+----------------------------------------------+--------+
| cpu_quadratic_same_dtype | 0   | 0    | 0           | 0             | NA          | NA             | output_count=100;output_dtype=INT16;order=-1 | PASS   |
+--------------------------+-----+------+-------------+---------------+-------------+----------------+----------------------------------------------+--------+

[stage08] resource detail
+--------+------------+--------------+-------------+------------+-------------+
| device | metric     | before_bytes | after_bytes | peak_bytes | delta_bytes |
+--------+------------+--------------+-------------+------------+-------------+
| CPU    | cpu_heap   | 1341904      | 1346240     | 1346240    | 4336        |
| CPU    | rss        | 68857856     | 68857856    | 68857856   | 0           |
| GPU    | cpu_heap   | 1346288      | 1349584     | 1349584    | 3296        |
| GPU    | rss        | 68857856     | 68857856    | 68857856   | 0           |
| GPU    | gpu_memory | 391544832    | 391544832   | 391544832  | 0           |
+--------+------------+--------------+-------------+------------+-------------+

[stage08] input/output identity
+--------+------------------------------------------------------------------+------------------------------------------------------------------+
| device | input_digest                                                     | output_digest                                                    |
+--------+------------------------------------------------------------------+------------------------------------------------------------------+
| CPU    | 586ab46a5714cefba87601abe62020afee9d4d5d3e086c18be1823710bbe93bb | 6d9c54dee5660c46886f32d80e57e9dd0ffa57ee0cd2a762b036d9c8e0c3a33a |
| GPU    | 586ab46a5714cefba87601abe62020afee9d4d5d3e086c18be1823710bbe93bb | 6d9c54dee5660c46886f32d80e57e9dd0ffa57ee0cd2a762b036d9c8e0c3a33a |
+--------+------------------------------------------------------------------+------------------------------------------------------------------+

[stage08] input content
+------------+-------+-------+----------+----------------------------------------------------------------+----------------------------------------+
| input_name | shape | dtype | elements | generator                                                      | values(head4/tail2)                    |
+------------+-------+-------+----------+----------------------------------------------------------------+----------------------------------------+
| x          | [100] | INT16 | 100      | bspline_modular_or_piecewise_ramp(seed=87400109,integral=true) | i=0:1;i=1:2;i=2:3;i=3:-3;i=98:1;i=99:2 |
+------------+-------+-------+----------+----------------------------------------------------------------+----------------------------------------+

[stage08] case parameters
+------------------------------------------------------------------------------------------+
| parameters                                                                               |
+------------------------------------------------------------------------------------------+
| {"dtype":"INT16","elements":"100","operator":"quadratic","order":"-1","seed":"87400109"} |
+------------------------------------------------------------------------------------------+

[stage08] dtype evidence
+-----------------+--------------------+--------------+------------------------------------------------------------------+--------+
| requested_dtype | config_input_dtype | output_dtype | actual_input_digest                                              | status |
+-----------------+--------------------+--------------+------------------------------------------------------------------+--------+
| INT16           | NA                 | INT16        | 586ab46a5714cefba87601abe62020afee9d4d5d3e086c18be1823710bbe93bb | PASS   |
+-----------------+--------------------+--------------+------------------------------------------------------------------+--------+

[stage08] evidence files
+----------------+-------------------------------------------------------------------------------------------------------------------------------------------------------------------------------------------------------------------------------------------------------+
| kind           | path                                                                                                                                                                                                                                                  |
+----------------+-------------------------------------------------------------------------------------------------------------------------------------------------------------------------------------------------------------------------------------------------------+
| memory_csv     | /tmp/ZKX_dev/results/stage08_input_preview_b08_quadratic_bdef73fce32b/formal/20260810T091356Z_bdef73fce32b_stage08_b08_formal_87720009/operator_bsplines_quadratic_memory_trace_not_applicable.csv                                                    |
| dtype_csv      | /tmp/ZKX_dev/results/stage08_input_preview_b08_quadratic_bdef73fce32b/formal/20260810T091356Z_bdef73fce32b_stage08_b08_formal_87720009/operator_dtype_evidence_quadratic_not_applicable_20260810T091356Z_bdef73fce32b_stage08_b08_formal_87720009.csv |
| main_csv       | /tmp/ZKX_dev/results/stage08_input_preview_b08_quadratic_bdef73fce32b/formal/20260810T091356Z_bdef73fce32b_stage08_b08_formal_87720009/operator_main_results_quadratic_not_applicable_20260810T091356Z_bdef73fce32b_stage08_b08_formal_87720009.csv   |
| full_log       | /tmp/ZKX_dev/results/stage08_input_preview_b08_quadratic_bdef73fce32b/formal/20260810T091356Z_bdef73fce32b_stage08_b08_formal_87720009/operator_quadratic_full.log                                                                                    |
| report_json    | /tmp/ZKX_dev/results/stage08_input_preview_b08_quadratic_bdef73fce32b/formal/20260810T091356Z_bdef73fce32b_stage08_b08_formal_87720009/operator_quadratic_report.json                                                                                 |
| summary_txt    | /tmp/ZKX_dev/results/stage08_input_preview_b08_quadratic_bdef73fce32b/formal/20260810T091356Z_bdef73fce32b_stage08_b08_formal_87720009/operator_quadratic_summary.txt                                                                                 |
| timing_csv     | /tmp/ZKX_dev/results/stage08_input_preview_b08_quadratic_bdef73fce32b/formal/20260810T091356Z_bdef73fce32b_stage08_b08_formal_87720009/operator_timing_samples_quadratic_not_applicable_20260810T091356Z_bdef73fce32b_stage08_b08_formal_87720009.csv |
| probe_raw_json | /tmp/ZKX_dev/results/stage08_input_preview_b08_quadratic_bdef73fce32b/formal/20260810T091356Z_bdef73fce32b_stage08_b08_formal_87720009/quadratic_probe_raw.json                                                                                       |
+----------------+-------------------------------------------------------------------------------------------------------------------------------------------------------------------------------------------------------------------------------------------------------+
