[stage07] identity and status
+-------------------+--------------+--------+------------+-------+--------+----------+--------------------------+--------+------------+
| target            | scale_id     | device | backend    | dtype | warmup | measured | timing_scope             | status | error_code |
+-------------------+--------------+--------+------------+-------+--------+----------+--------------------------+--------+------------+
| pulse_compression | pc_fp16_10e4 | CPU    | fft_thrust | FP16  | 20     | 100      | compatibility/end-to-end | PASS   | OK         |
| pulse_compression | pc_fp16_10e4 | GPU    | fft_thrust | FP16  | 20     | 100      | compatibility/end-to-end | PASS   | OK         |
+-------------------+--------------+--------+------------+-------+--------+----------+--------------------------+--------+------------+

[stage07] timing detail
+--------+-------------+------------+------------+--------------------+-----------+-----------+---------------------+----------------------+--------------------+
| device | mean_ms     | p50_ms     | p95_ms     | p99_ms             | min_ms    | max_ms    | std_ms              | cv                   | speedup            |
+--------+-------------+------------+------------+--------------------+-----------+-----------+---------------------+----------------------+--------------------+
| CPU    | 93.22542324 | 93.1504365 | 93.6502471 | 94.34575206000001  | 93.001557 | 95.258241 | 0.27654728999482575 | 0.002966436411695134 | NA                 |
| GPU    | 1.70332898  | 1.6905885  | 1.76250695 | 1.8833172000000005 | 1.672314  | 1.999563  | 0.04529629255711332 | 0.026592803321595176 | 54.731308123460686 |
+--------+-------------+------------+------------+--------------------+-----------+-----------+---------------------+----------------------+--------------------+

[stage07] accuracy detail
+---------------------+-------------+-------------+-------------+---------------+-------------+----------------+---------------------------------+--------+
| reference           | mse         | rmse        | relative_l2 | relative_linf | exact_match | mismatch_count | semantic_check                  | status |
+---------------------+-------------+-------------+-------------+---------------+-------------+----------------+---------------------------------+--------+
| typed_cpu_reference | 1.02772e-11 | 3.20581e-06 | 2.06443e-07 | 3.12911e-07   | NA          | NA             | typed_output_shape_dtype_finite | PASS   |
+---------------------+-------------+-------------+-------------+---------------+-------------+----------------+---------------------------------+--------+

[stage07] resource detail
+--------+------------+--------------+-------------+------------+-------------+
| device | metric     | before_bytes | after_bytes | peak_bytes | delta_bytes |
+--------+------------+--------------+-------------+------------+-------------+
| CPU    | cpu_heap   | 2229488      | 2167840     | 2297808    | -61648      |
| CPU    | rss        | 72429568     | 72429568    | 72429568   | 0           |
| GPU    | cpu_heap   | 2167840      | 2170960     | 2171600    | 3120        |
| GPU    | rss        | 72429568     | 72429568    | 72429568   | 0           |
| GPU    | gpu_memory | 357777408    | 357777408   | 357777408  | 0           |
+--------+------------+--------------+-------------+------------+-------------+

[stage07] input content
+------------+----------+-------------+----------+----------------------------------------+-----------------------------------------------------------------------------------------------+
| input_name | shape    | dtype       | elements | generator                              | values(head4/tail2)                                                                           |
+------------+----------+-------------+----------+----------------------------------------+-----------------------------------------------------------------------------------------------+
| echo       | [64x256] | ComplexFP16 | 16384    | complex_modular(seed=3,integral=false) | i=0:(-0.5,-0.25);i=1:(0,-0.75);i=2:(0.5,1);i=3:(1,0.5);i=16382:(1,1);i=16383:(-1.25,0.5)      |
| waveform   | [64]     | ComplexFP16 | 64       | complex_modular(seed=7,integral=false) | i=0:(0.5,0.75);i=1:(1,0.25);i=2:(-1.25,-0.25);i=3:(-0.75,-0.75);i=62:(1.25,-1);i=63:(-1,0.75) |
+------------+----------+-------------+----------+----------------------------------------+-----------------------------------------------------------------------------------------------+

[stage07] case parameters
+-----------------------------------------------------------------------------------------------------------+
| parameters                                                                                                |
+-----------------------------------------------------------------------------------------------------------+
| {"nfft":256,"normalize":false,"num_pulses":64,"pulse_samples":64,"samples_per_pulse":256,"window":"none"} |
+-----------------------------------------------------------------------------------------------------------+

[stage07] input and output identity
+--------+------------------------------------------------------------------+------------------------------------------------------------------+
| device | input_digest                                                     | output_digest                                                    |
+--------+------------------------------------------------------------------+------------------------------------------------------------------+
| CPU    | 7238e59d7bfcdc84fd1c6802f50619b286d7d57e0286c76e515ea52e2180f4bf | 50e5f01885c396de26938caaaf9dae3e2860eb3414ece588c80ef61960eb9e3f |
| GPU    | 7238e59d7bfcdc84fd1c6802f50619b286d7d57e0286c76e515ea52e2180f4bf | 2936a5425b4013d52a154ec41abea70b013ca2bc8289f9eaf6640ae389056104 |
+--------+------------------------------------------------------------------+------------------------------------------------------------------+

[stage07] dtype evidence
+-----------------+--------------------+--------------+------------------------------------------------------------------+
| requested_dtype | config_input_dtype | output_dtype | actual_input_digest                                              |
+-----------------+--------------------+--------------+------------------------------------------------------------------+
| FP16            | ComplexFP16        | ComplexFP32  | 7238e59d7bfcdc84fd1c6802f50619b286d7d57e0286c76e515ea52e2180f4bf |
+-----------------+--------------------+--------------+------------------------------------------------------------------+

[stage07] evidence files
+-------------+-------------------------------------------------------------------------------------------------------------------------------------------------------------------------------------------------------------------------------------------------+
| kind        | path                                                                                                                                                                                                                                            |
+-------------+-------------------------------------------------------------------------------------------------------------------------------------------------------------------------------------------------------------------------------------------------+
| main_csv    | /tmp/ZKX_dev/results/stage07_b01_input_preview_1662dd06774d/formal/20260810T081013Z_1662dd06774d_stage07_b01_formal_2d27644c/operator_main_results_pulse_compression_fft_thrust_20260810T081013Z_1662dd06774d_stage07_b01_formal_2d27644c.csv   |
| timing_csv  | /tmp/ZKX_dev/results/stage07_b01_input_preview_1662dd06774d/formal/20260810T081013Z_1662dd06774d_stage07_b01_formal_2d27644c/operator_timing_samples_pulse_compression_fft_thrust_20260810T081013Z_1662dd06774d_stage07_b01_formal_2d27644c.csv |
| memory_csv  | /tmp/ZKX_dev/results/stage07_b01_input_preview_1662dd06774d/formal/20260810T081013Z_1662dd06774d_stage07_b01_formal_2d27644c/operator_radartools_pulse_compression_memory_trace_fft_thrust.csv                                                  |
| dtype_csv   | /tmp/ZKX_dev/results/stage07_b01_input_preview_1662dd06774d/formal/20260810T081013Z_1662dd06774d_stage07_b01_formal_2d27644c/operator_dtype_evidence_pulse_compression_fft_thrust_20260810T081013Z_1662dd06774d_stage07_b01_formal_2d27644c.csv |
| report_json | /tmp/ZKX_dev/results/stage07_b01_input_preview_1662dd06774d/formal/20260810T081013Z_1662dd06774d_stage07_b01_formal_2d27644c/operator_pulse_compression_report.json                                                                             |
| summary_txt | /tmp/ZKX_dev/results/stage07_b01_input_preview_1662dd06774d/formal/20260810T081013Z_1662dd06774d_stage07_b01_formal_2d27644c/operator_pulse_compression_summary.txt                                                                             |
| full_log    | /tmp/ZKX_dev/results/stage07_b01_input_preview_1662dd06774d/formal/20260810T081013Z_1662dd06774d_stage07_b01_formal_2d27644c/operator_pulse_compression_full.log                                                                                |
| result_dir  | /tmp/ZKX_dev/results/stage07_b01_input_preview_1662dd06774d/formal/20260810T081013Z_1662dd06774d_stage07_b01_formal_2d27644c                                                                                                                    |
+-------------+-------------------------------------------------------------------------------------------------------------------------------------------------------------------------------------------------------------------------------------------------+
STAGE07_RADAR_CASE PASS operator=pulse_compression scale=pc_fp16_10e4 dtype=FP16 backend=fft_thrust measured=100 results=/tmp/ZKX_dev/results/stage07_b01_input_preview_1662dd06774d/formal/20260810T081013Z_1662dd06774d_stage07_b01_formal_2d27644c
