[stage07] identity and status
+-------------------+--------------+--------+------------+-------+--------+----------+--------------------------+--------+------------+
| target            | scale_id     | device | backend    | dtype | warmup | measured | timing_scope             | status | error_code |
+-------------------+--------------+--------+------------+-------+--------+----------+--------------------------+--------+------------+
| pulse_compression | pc_int8_10e2 | CPU    | fft_thrust | INT8  | 20     | 100      | compatibility/end-to-end | PASS   | OK         |
| pulse_compression | pc_int8_10e2 | GPU    | fft_thrust | INT8  | 20     | 100      | compatibility/end-to-end | PASS   | OK         |
+-------------------+--------------+--------+------------+-------+--------+----------+--------------------------+--------+------------+

[stage07] timing detail
+--------+--------------------+----------+----------+--------------------+----------+----------+----------------------+----------------------+--------------------+
| device | mean_ms            | p50_ms   | p95_ms   | p99_ms             | min_ms   | max_ms   | std_ms               | cv                   | speedup            |
+--------+--------------------+----------+----------+--------------------+----------+----------+----------------------+----------------------+--------------------+
| CPU    | 0.60430305         | 0.601438 | 0.612358 | 0.6258280900000006 | 0.600808 | 0.742657 | 0.014468824521967913 | 0.023942994366763354 | NA                 |
| GPU    | 0.7749021500000001 | 0.771237 | 0.843281 | 0.8723713900000004 | 0.729688 | 0.960916 | 0.03840139455993102  | 0.049556443429574965 | 0.7798443326038003 |
+--------+--------------------+----------+----------+--------------------+----------+----------+----------------------+----------------------+--------------------+

[stage07] accuracy detail
+---------------------+-------------+-------------+-------------+---------------+-------------+----------------+---------------------------------+--------+
| reference           | mse         | rmse        | relative_l2 | relative_linf | exact_match | mismatch_count | semantic_check                  | status |
+---------------------+-------------+-------------+-------------+---------------+-------------+----------------+---------------------------------+--------+
| typed_cpu_reference | 2.42559e-09 | 4.92503e-05 | 1.98601e-07 | 1.72277e-07   | NA          | NA             | typed_output_shape_dtype_finite | PASS   |
+---------------------+-------------+-------------+-------------+---------------+-------------+----------------+---------------------------------+--------+

[stage07] resource detail
+--------+------------+--------------+-------------+------------+-------------+
| device | metric     | before_bytes | after_bytes | peak_bytes | delta_bytes |
+--------+------------+--------------+-------------+------------+-------------+
| CPU    | cpu_heap   | 1512240      | 1512272     | 1515264    | 32          |
| CPU    | rss        | 69615616     | 69615616    | 69615616   | 0           |
| GPU    | cpu_heap   | 1512272      | 1514768     | 1514800    | 2496        |
| GPU    | rss        | 69615616     | 69615616    | 69615616   | 0           |
| GPU    | gpu_memory | 341000192    | 341000192   | 341000192  | 0           |
+--------+------------+--------------+-------------+------------+-------------+

[stage07] input content
+------------+---------+-------------+----------+---------------------------------------+---------------------------------------------------------------------+
| input_name | shape   | dtype       | elements | generator                             | values(head4/tail2)                                                 |
+------------+---------+-------------+----------+---------------------------------------+---------------------------------------------------------------------+
| echo       | [1x256] | ComplexINT8 | 256      | complex_modular(seed=3,integral=true) | i=0:(-2,-1);i=1:(0,-3);i=2:(2,4);i=3:(4,2);i=254:(0,4);i=255:(2,2)  |
| waveform   | [64]    | ComplexINT8 | 64       | complex_modular(seed=7,integral=true) | i=0:(2,3);i=1:(4,1);i=2:(-5,-1);i=3:(-3,-3);i=62:(5,-4);i=63:(-4,3) |
+------------+---------+-------------+----------+---------------------------------------+---------------------------------------------------------------------+

[stage07] case parameters
+----------------------------------------------------------------------------------------------------------+
| parameters                                                                                               |
+----------------------------------------------------------------------------------------------------------+
| {"nfft":256,"normalize":false,"num_pulses":1,"pulse_samples":64,"samples_per_pulse":256,"window":"none"} |
+----------------------------------------------------------------------------------------------------------+

[stage07] input and output identity
+--------+------------------------------------------------------------------+------------------------------------------------------------------+
| device | input_digest                                                     | output_digest                                                    |
+--------+------------------------------------------------------------------+------------------------------------------------------------------+
| CPU    | 0fbde3372b8c474c82b836c727d67df5724fce989c0fa456f4fec916c4b6d64f | 325bd628958a96809cd4f9d417f435f4e737611768379fa2c810523277db845b |
| GPU    | 0fbde3372b8c474c82b836c727d67df5724fce989c0fa456f4fec916c4b6d64f | 2bb20941fd09152eb443602666bfd9f323365672933da08210b0bd2375d03304 |
+--------+------------------------------------------------------------------+------------------------------------------------------------------+

[stage07] dtype evidence
+-----------------+--------------------+--------------+------------------------------------------------------------------+
| requested_dtype | config_input_dtype | output_dtype | actual_input_digest                                              |
+-----------------+--------------------+--------------+------------------------------------------------------------------+
| INT8            | ComplexINT8        | ComplexFP64  | 0fbde3372b8c474c82b836c727d67df5724fce989c0fa456f4fec916c4b6d64f |
+-----------------+--------------------+--------------+------------------------------------------------------------------+

[stage07] evidence files
+-------------+-------------------------------------------------------------------------------------------------------------------------------------------------------------------------------------------------------------------------------------------------+
| kind        | path                                                                                                                                                                                                                                            |
+-------------+-------------------------------------------------------------------------------------------------------------------------------------------------------------------------------------------------------------------------------------------------+
| main_csv    | /tmp/ZKX_dev/results/stage07_b01_input_preview_1662dd06774d/formal/20260810T081036Z_1662dd06774d_stage07_b01_formal_ea37fb48/operator_main_results_pulse_compression_fft_thrust_20260810T081036Z_1662dd06774d_stage07_b01_formal_ea37fb48.csv   |
| timing_csv  | /tmp/ZKX_dev/results/stage07_b01_input_preview_1662dd06774d/formal/20260810T081036Z_1662dd06774d_stage07_b01_formal_ea37fb48/operator_timing_samples_pulse_compression_fft_thrust_20260810T081036Z_1662dd06774d_stage07_b01_formal_ea37fb48.csv |
| memory_csv  | /tmp/ZKX_dev/results/stage07_b01_input_preview_1662dd06774d/formal/20260810T081036Z_1662dd06774d_stage07_b01_formal_ea37fb48/operator_radartools_pulse_compression_memory_trace_fft_thrust.csv                                                  |
| dtype_csv   | /tmp/ZKX_dev/results/stage07_b01_input_preview_1662dd06774d/formal/20260810T081036Z_1662dd06774d_stage07_b01_formal_ea37fb48/operator_dtype_evidence_pulse_compression_fft_thrust_20260810T081036Z_1662dd06774d_stage07_b01_formal_ea37fb48.csv |
| report_json | /tmp/ZKX_dev/results/stage07_b01_input_preview_1662dd06774d/formal/20260810T081036Z_1662dd06774d_stage07_b01_formal_ea37fb48/operator_pulse_compression_report.json                                                                             |
| summary_txt | /tmp/ZKX_dev/results/stage07_b01_input_preview_1662dd06774d/formal/20260810T081036Z_1662dd06774d_stage07_b01_formal_ea37fb48/operator_pulse_compression_summary.txt                                                                             |
| full_log    | /tmp/ZKX_dev/results/stage07_b01_input_preview_1662dd06774d/formal/20260810T081036Z_1662dd06774d_stage07_b01_formal_ea37fb48/operator_pulse_compression_full.log                                                                                |
| result_dir  | /tmp/ZKX_dev/results/stage07_b01_input_preview_1662dd06774d/formal/20260810T081036Z_1662dd06774d_stage07_b01_formal_ea37fb48                                                                                                                    |
+-------------+-------------------------------------------------------------------------------------------------------------------------------------------------------------------------------------------------------------------------------------------------+
STAGE07_RADAR_CASE PASS operator=pulse_compression scale=pc_int8_10e2 dtype=INT8 backend=fft_thrust measured=100 results=/tmp/ZKX_dev/results/stage07_b01_input_preview_1662dd06774d/formal/20260810T081036Z_1662dd06774d_stage07_b01_formal_ea37fb48
