command=build_stage08_b06_csd_336d860e7e54/stage08_spectral_analysis_csd --dtype INT8 --nx 1024 --ny 900 --fs 256 --nperseg 64 --noverlap 32 --nfft 64 --detrend constant --scaling density --average mean --seed 86150002 --warmup 20 --measured 100 --output /tmp/ZKX_dev/results/stage08_input_preview_b06_csd_9b01dadd36f6/formal/20260810T085612Z_9b01dadd36f6_stage08_b06_formal_8671000d/csd_probe_raw.json
{"run_id": "20260810T085612Z_9b01dadd36f6_stage08_b06_formal_8671000d", "case_id": "csd__csd_int8_10e3__810d0f19e5c0a917", "operator_name": "csd", "scale_id": "csd_int8_10e3", "requested_dtype": "INT8", "output_dtype": "ComplexFP32", "backend": "fft_thrust", "nperseg": 64, "noverlap": 32, "nfft": 64, "detrend": "constant", "scaling": "density", "average": "mean", "frequency_count": 33, "warmup_runs": 20, "measured_runs": 100, "mse": 7.05051e-18, "rmse": 2.65528e-09, "relative_l2": 6.17524e-11, "relative_linf": 1.16415e-10, "status": "PASS", "error_code": "OK"}
[stage08] identity and status
+--------+---------------+--------+------------+-------+--------+----------+--------------------------+--------+------------+
| target | scale_id      | device | backend    | dtype | warmup | measured | timing_scope             | status | error_code |
+--------+---------------+--------+------------+-------+--------+----------+--------------------------+--------+------------+
| csd    | csd_int8_10e3 | CPU    | fft_thrust | INT8  | 20     | 100      | compatibility/end-to-end | PASS   | OK         |
| csd    | csd_int8_10e3 | GPU    | fft_thrust | INT8  | 20     | 100      | compatibility/end-to-end | PASS   | OK         |
+--------+---------------+--------+------------+-------+--------+----------+--------------------------+--------+------------+

[stage08] timing detail
+--------+--------------------+----------+------------+-------------------+----------+----------+----------------------+----------------------+-------------------+
| device | mean_ms            | p50_ms   | p95_ms     | p99_ms            | min_ms   | max_ms   | std_ms               | cv                   | speedup           |
+--------+--------------------+----------+------------+-------------------+----------+----------+----------------------+----------------------+-------------------+
| CPU    | 5.193911440000001  | 5.191988 | 5.204134   | 5.209991710000001 | 5.185128 | 5.211349 | 0.005544379190351278 | 0.001067476651152003 | NA                |
| GPU    | 1.0449519600000001 | 1.040895 | 1.06935745 | 1.1332928         | 1.026115 | 1.140896 | 0.018625975427300445 | 0.01782471935580698  | 4.970478681144347 |
+--------+--------------------+----------+------------+-------------------+----------+----------+----------------------+----------------------+-------------------+

[stage08] accuracy detail
+--------------------+-------------+-------------+-------------+---------------+-------------+----------------+----------------------------------------------+--------+
| accuracy_reference | mse         | rmse        | relative_l2 | relative_linf | exact_match | mismatch_count | semantic_check                               | status |
+--------------------+-------------+-------------+-------------+---------------+-------------+----------------+----------------------------------------------+--------+
| cpu_csd_direct_dft | 7.05051e-18 | 2.65528e-09 | 6.17524e-11 | 1.16415e-10   | NA          | NA             | segmented_cross_spectrum_frequency_and_dtype | PASS   |
+--------------------+-------------+-------------+-------------+---------------+-------------+----------------+----------------------------------------------+--------+

[stage08] resource detail
+--------+------------+--------------+-------------+------------+-------------+
| device | metric     | before_bytes | after_bytes | peak_bytes | delta_bytes |
+--------+------------+--------------+-------------+------------+-------------+
| CPU    | cpu_heap   | 1484560      | 1493520     | 1493520    | 8960        |
| CPU    | rss        | 70123520     | 70123520    | 70123520   | 0           |
| GPU    | cpu_heap   | 1493520      | 1496848     | 1497744    | 3328        |
| GPU    | rss        | 70123520     | 70123520    | 70123520   | 0           |
| GPU    | gpu_memory | 357777408    | 357777408   | 357777408  | 0           |
+--------+------------+--------------+-------------+------------+-------------+

[stage08] input/output identity
+--------+------------------------------------------------------------------+------------------------------------------------------------------+
| device | input_digest                                                     | output_digest                                                    |
+--------+------------------------------------------------------------------+------------------------------------------------------------------+
| CPU    | 810d0f19e5c0a91777f8763f3a857adf642a712d362b5b48a925231b67764b97 | 2bd16494949a2351c188553ae348273b8a8449e8d68d7d15daf90f3f4b15b20e |
| GPU    | 810d0f19e5c0a91777f8763f3a857adf642a712d362b5b48a925231b67764b97 | 84d1eff4b07ef936b8d4a8ff1367a3d7b914c51c21f82be1d944eb96b50695c0 |
+--------+------------------------------------------------------------------+------------------------------------------------------------------+

[stage08] input content
+------------+--------+-------+----------+--------------------------------------------------------------------+----------------------------------------------+
| input_name | shape  | dtype | elements | generator                                                          | values(head4/tail2)                          |
+------------+--------+-------+----------+--------------------------------------------------------------------+----------------------------------------------+
| x          | [1024] | INT8  | 1024     | spectral_modular_plus_periodic_offset(seed=86150002,integral=true) | i=0:-1;i=1:5;i=2:0;i=3:-5;i=1022:4;i=1023:-1 |
| y          | [900]  | INT8  | 900      | spectral_modular_plus_periodic_offset(seed=86150003,integral=true) | i=0:0;i=1:-5;i=2:1;i=3:-4;i=898:-2;i=899:4   |
+------------+--------+-------+----------+--------------------------------------------------------------------+----------------------------------------------+

[stage08] case parameters
+---------------------------------------------------------------------------------------------------------------------------------------------------------------------------+
| parameters                                                                                                                                                                |
+---------------------------------------------------------------------------------------------------------------------------------------------------------------------------+
| {"average":"mean","detrend":"constant","dtype":"INT8","fs":"256","nfft":"64","noverlap":"32","nperseg":"64","nx":"1024","ny":"900","scaling":"density","seed":"86150002"} |
+---------------------------------------------------------------------------------------------------------------------------------------------------------------------------+

[stage08] dtype evidence
+-----------------+--------------------+--------------+------------------------------------------------------------------+--------+
| requested_dtype | config_input_dtype | output_dtype | actual_input_digest                                              | status |
+-----------------+--------------------+--------------+------------------------------------------------------------------+--------+
| INT8            | NA                 | ComplexFP32  | 810d0f19e5c0a91777f8763f3a857adf642a712d362b5b48a925231b67764b97 | PASS   |
+-----------------+--------------------+--------------+------------------------------------------------------------------+--------+

[stage08] evidence files
+----------------+---------------------------------------------------------------------------------------------------------------------------------------------------------------------------------------------------------------------------------------+
| kind           | path                                                                                                                                                                                                                                  |
+----------------+---------------------------------------------------------------------------------------------------------------------------------------------------------------------------------------------------------------------------------------+
| probe_raw_json | /tmp/ZKX_dev/results/stage08_input_preview_b06_csd_9b01dadd36f6/formal/20260810T085612Z_9b01dadd36f6_stage08_b06_formal_8671000d/csd_probe_raw.json                                                                                   |
| full_log       | /tmp/ZKX_dev/results/stage08_input_preview_b06_csd_9b01dadd36f6/formal/20260810T085612Z_9b01dadd36f6_stage08_b06_formal_8671000d/operator_csd_full.log                                                                                |
| report_json    | /tmp/ZKX_dev/results/stage08_input_preview_b06_csd_9b01dadd36f6/formal/20260810T085612Z_9b01dadd36f6_stage08_b06_formal_8671000d/operator_csd_report.json                                                                             |
| summary_txt    | /tmp/ZKX_dev/results/stage08_input_preview_b06_csd_9b01dadd36f6/formal/20260810T085612Z_9b01dadd36f6_stage08_b06_formal_8671000d/operator_csd_summary.txt                                                                             |
| dtype_csv      | /tmp/ZKX_dev/results/stage08_input_preview_b06_csd_9b01dadd36f6/formal/20260810T085612Z_9b01dadd36f6_stage08_b06_formal_8671000d/operator_dtype_evidence_csd_fft_thrust_20260810T085612Z_9b01dadd36f6_stage08_b06_formal_8671000d.csv |
| main_csv       | /tmp/ZKX_dev/results/stage08_input_preview_b06_csd_9b01dadd36f6/formal/20260810T085612Z_9b01dadd36f6_stage08_b06_formal_8671000d/operator_main_results_csd_fft_thrust_20260810T085612Z_9b01dadd36f6_stage08_b06_formal_8671000d.csv   |
| memory_csv     | /tmp/ZKX_dev/results/stage08_input_preview_b06_csd_9b01dadd36f6/formal/20260810T085612Z_9b01dadd36f6_stage08_b06_formal_8671000d/operator_spectral_analysis_csd_memory_trace_fft_thrust.csv                                           |
| timing_csv     | /tmp/ZKX_dev/results/stage08_input_preview_b06_csd_9b01dadd36f6/formal/20260810T085612Z_9b01dadd36f6_stage08_b06_formal_8671000d/operator_timing_samples_csd_fft_thrust_20260810T085612Z_9b01dadd36f6_stage08_b06_formal_8671000d.csv |
+----------------+---------------------------------------------------------------------------------------------------------------------------------------------------------------------------------------------------------------------------------------+
