command=build_stage08_b05_lfilter_zi_bb1a0e0e2788/stage08_filtering_lfilter_zi --dtype INT8 --order 22 --leading 1 --seed 85350003 --warmup 20 --measured 100 --output /tmp/ZKX_dev/results/stage08_input_preview_b05_lfilter_zi_652061b694fc/formal/20260810T084634Z_652061b694fc_stage08_b05_formal_8563000e/lfilter_zi_probe_raw.json
STAGE08_LFILTER_ZI_PROBE PASS dtype=INT8 backend=not_applicable
{"run_id": "20260810T084634Z_652061b694fc_stage08_b05_formal_8563000e", "case_id": "lfilter_zi__lfilter_zi_int8_10e4__729326c03b6ee6de", "operator_name": "lfilter_zi", "scale_id": "lfilter_zi_int8_10e4", "requested_dtype": "INT8", "output_dtype": "FP64", "backend": "not_applicable", "state_order": 22, "leading_denominator_zeros": 1, "scientific_work_units": 10648, "output_count": 22, "warmup_runs": 20, "measured_runs": 100, "mse": 0, "rmse": 0, "relative_l2": 0, "relative_linf": 0, "status": "PASS", "error_code": "OK"}
[stage08] identity and status
+------------+----------------------+--------+----------------+-------+--------+----------+--------------------------+--------+------------+
| target     | scale_id             | device | backend        | dtype | warmup | measured | timing_scope             | status | error_code |
+------------+----------------------+--------+----------------+-------+--------+----------+--------------------------+--------+------------+
| lfilter_zi | lfilter_zi_int8_10e4 | CPU    | not_applicable | INT8  | 20     | 100      | compatibility/end-to-end | PASS   | OK         |
| lfilter_zi | lfilter_zi_int8_10e4 | GPU    | not_applicable | INT8  | 20     | 100      | compatibility/end-to-end | PASS   | OK         |
+------------+----------------------+--------+----------------+-------+--------+----------+--------------------------+--------+------------+

[stage08] timing detail
+--------+----------------------+----------------------+----------------------+----------------------+----------------------+----------------------+-----------------------+----------------------+----------------------+
| device | mean_ms              | p50_ms               | p95_ms               | p99_ms               | min_ms               | max_ms               | std_ms                | cv                   | speedup              |
+--------+----------------------+----------------------+----------------------+----------------------+----------------------+----------------------+-----------------------+----------------------+----------------------+
| CPU    | 0.039125809999999997 | 0.039030000000000002 | 0.039100000000000003 | 0.040984290000000041 | 0.038730000000000001 | 0.049230000000000003 | 0.0010361019514989829 | 0.026481290777085074 | NA                   |
| GPU    | 1.07887255           | 1.0691755000000001   | 1.1129675000000001   | 1.2039332300000021   | 1.0395460000000001   | 1.5986689999999999   | 0.057516480635270956  | 0.053311654500126968 | 0.036265460642223211 |
+--------+----------------------+----------------------+----------------------+----------------------+----------------------+----------------------+-----------------------+----------------------+----------------------+

[stage08] accuracy detail
+-------------------------------+-----+------+-------------+---------------+-------------+----------------+------------------------------------------------+--------+
| accuracy_reference            | mse | rmse | relative_l2 | relative_linf | exact_match | mismatch_count | semantic_check                                 | status |
+-------------------------------+-----+------+-------------+---------------+-------------+----------------+------------------------------------------------+--------+
| cpu_lfilter_zi_fp64_reference | 0   | 0    | 0           | 0             | NA          | NA             | integer_true_divide_fp32_solve_and_fp64_output | PASS   |
+-------------------------------+-----+------+-------------+---------------+-------------+----------------+------------------------------------------------+--------+

[stage08] resource detail
+--------+------------+--------------+-------------+------------+-------------+
| device | metric     | before_bytes | after_bytes | peak_bytes | delta_bytes |
+--------+------------+--------------+-------------+------------+-------------+
| CPU    | cpu_heap   | 1431280      | 1434416     | 1434416    | 3136        |
| CPU    | rss        | 70238208     | 70238208    | 70238208   | 0           |
| GPU    | cpu_heap   | 1436224      | 1440432     | 1440720    | 4208        |
| GPU    | rss        | 70238208     | 70238208    | 70238208   | 0           |
| GPU    | gpu_memory | 391544832    | 391544832   | 391544832  | 0           |
+--------+------------+--------------+-------------+------------+-------------+

[stage08] input/output identity
+--------+------------------------------------------------------------------+------------------------------------------------------------------+
| device | input_digest                                                     | output_digest                                                    |
+--------+------------------------------------------------------------------+------------------------------------------------------------------+
| CPU    | 729326c03b6ee6de93d1e05b5e294ebcd56921e4bde4f77faaf0ed194f2bd5af | 729f7dd7d8c9481ca52faa9f334bc2347dd7c5fe888da256f7a583622c58ecf2 |
| GPU    | 729326c03b6ee6de93d1e05b5e294ebcd56921e4bde4f77faaf0ed194f2bd5af | 729f7dd7d8c9481ca52faa9f334bc2347dd7c5fe888da256f7a583622c58ecf2 |
+--------+------------------------------------------------------------------+------------------------------------------------------------------+

[stage08] input content
+------------+-------+-------+----------+-----------------------------------------------+----------------------------------------+
| input_name | shape | dtype | elements | generator                                     | values(head4/tail2)                    |
+------------+-------+-------+----------+-----------------------------------------------+----------------------------------------+
| b          | [23]  | INT8  | 23       | fixed_lfilter_zi_numerator                    | i=0:1;i=1:0;i=2:0;i=3:0;i=21:0;i=22:0  |
| a          | [24]  | INT8  | 24       | fixed_lfilter_zi_denominator(leading_zeros=1) | i=0:0;i=1:2;i=2:-1;i=3:0;i=22:0;i=23:0 |
+------------+-------+-------+----------+-----------------------------------------------+----------------------------------------+

[stage08] case parameters
+---------------------------------------------------------------+
| parameters                                                    |
+---------------------------------------------------------------+
| {"dtype":"INT8","leading":"1","order":"22","seed":"85350003"} |
+---------------------------------------------------------------+

[stage08] dtype evidence
+-----------------+--------------------+--------------+------------------------------------------------------------------+--------+
| requested_dtype | config_input_dtype | output_dtype | actual_input_digest                                              | status |
+-----------------+--------------------+--------------+------------------------------------------------------------------+--------+
| INT8            | NA                 | FP64         | 729326c03b6ee6de93d1e05b5e294ebcd56921e4bde4f77faaf0ed194f2bd5af | PASS   |
+-----------------+--------------------+--------------+------------------------------------------------------------------+--------+

[stage08] evidence files
+----------------+---------------------------------------------------------------------------------------------------------------------------------------------------------------------------------------------------------------------------------------------------------+
| kind           | path                                                                                                                                                                                                                                                    |
+----------------+---------------------------------------------------------------------------------------------------------------------------------------------------------------------------------------------------------------------------------------------------------+
| probe_raw_json | /tmp/ZKX_dev/results/stage08_input_preview_b05_lfilter_zi_652061b694fc/formal/20260810T084634Z_652061b694fc_stage08_b05_formal_8563000e/lfilter_zi_probe_raw.json                                                                                       |
| dtype_csv      | /tmp/ZKX_dev/results/stage08_input_preview_b05_lfilter_zi_652061b694fc/formal/20260810T084634Z_652061b694fc_stage08_b05_formal_8563000e/operator_dtype_evidence_lfilter_zi_not_applicable_20260810T084634Z_652061b694fc_stage08_b05_formal_8563000e.csv |
| memory_csv     | /tmp/ZKX_dev/results/stage08_input_preview_b05_lfilter_zi_652061b694fc/formal/20260810T084634Z_652061b694fc_stage08_b05_formal_8563000e/operator_filtering_lfilter_zi_memory_trace_not_applicable.csv                                                   |
| full_log       | /tmp/ZKX_dev/results/stage08_input_preview_b05_lfilter_zi_652061b694fc/formal/20260810T084634Z_652061b694fc_stage08_b05_formal_8563000e/operator_lfilter_zi_full.log                                                                                    |
| report_json    | /tmp/ZKX_dev/results/stage08_input_preview_b05_lfilter_zi_652061b694fc/formal/20260810T084634Z_652061b694fc_stage08_b05_formal_8563000e/operator_lfilter_zi_report.json                                                                                 |
| summary_txt    | /tmp/ZKX_dev/results/stage08_input_preview_b05_lfilter_zi_652061b694fc/formal/20260810T084634Z_652061b694fc_stage08_b05_formal_8563000e/operator_lfilter_zi_summary.txt                                                                                 |
| main_csv       | /tmp/ZKX_dev/results/stage08_input_preview_b05_lfilter_zi_652061b694fc/formal/20260810T084634Z_652061b694fc_stage08_b05_formal_8563000e/operator_main_results_lfilter_zi_not_applicable_20260810T084634Z_652061b694fc_stage08_b05_formal_8563000e.csv   |
| timing_csv     | /tmp/ZKX_dev/results/stage08_input_preview_b05_lfilter_zi_652061b694fc/formal/20260810T084634Z_652061b694fc_stage08_b05_formal_8563000e/operator_timing_samples_lfilter_zi_not_applicable_20260810T084634Z_652061b694fc_stage08_b05_formal_8563000e.csv |
+----------------+---------------------------------------------------------------------------------------------------------------------------------------------------------------------------------------------------------------------------------------------------------+
