command=build_stage08_b03_channelize_poly_0b2008e7f76a/stage08_filtering_channelize_poly --dtype FP16 --x-count 128 --h-count 32 --n-chans 8 --seed 83020001 --warmup 20 --measured 100 --output /tmp/ZKX_dev/results/stage08_input_preview_probe_channelize_poly_47ebe13410d3/formal/20260810T074000Z_47ebe13410d3_stage08_b03_formal_99000001/channelize_poly_probe_raw.json
STAGE08_CHANNELIZE_PROBE PASS dtype=FP16 x=128 h=32 n_chans=8 backend=fft_thrust
status=PASS
error_code=OK
case_id=channelize_poly__channelize_poly_fp16_10e2__2ff5778de9c3c0fa
{"actual_input_digest": "2ff5778de9c3c0fa3a604e20277d5a9a5922c2f935b1ce2584bd8b29946562d3", "backend": "fft_thrust", "case_id": "channelize_poly__channelize_poly_fp16_10e2__2ff5778de9c3c0fa", "compute_dtype": "FP32", "dtype_semantics": "actual_typed_array_inputs_fp32_compute_extension", "error_code": "OK", "fft_dtype": "ComplexFP32", "measured_runs": 100, "metrics": {"mse": 8.37643756487751e-15, "relative_l2": 3.428350098062221e-08, "relative_linf": 3.720549385789267e-08, "rmse": 9.152288000755608e-08}, "operator_name": "channelize_poly", "output_dtype": "ComplexFP32", "requested_dtype": "FP16", "run_id": "20260810T074000Z_47ebe13410d3_stage08_b03_formal_99000001", "scale_id": "channelize_poly_fp16_10e2", "schema_version": 1, "status": "PASS", "typed_input_count": 2, "warmup_runs": 20}
[stage08] identity and status
+-----------------+---------------------------+--------+------------+-------+--------+----------+--------------------------+--------+------------+
| target          | scale_id                  | device | backend    | dtype | warmup | measured | timing_scope             | status | error_code |
+-----------------+---------------------------+--------+------------+-------+--------+----------+--------------------------+--------+------------+
| channelize_poly | channelize_poly_fp16_10e2 | CPU    | fft_thrust | FP16  | 20     | 100      | compatibility/end-to-end | PASS   | OK         |
| channelize_poly | channelize_poly_fp16_10e2 | GPU    | fft_thrust | FP16  | 20     | 100      | compatibility/end-to-end | PASS   | OK         |
+-----------------+---------------------------+--------+------------+-------+--------+----------+--------------------------+--------+------------+

[stage08] timing detail
+--------+---------------------+-----------+---------------------+---------------------+---------------------+---------------------+-----------------------+----------------------+---------------------+
| device | mean_ms             | p50_ms    | p95_ms              | p99_ms              | min_ms              | max_ms              | std_ms                | cv                   | speedup             |
+--------+---------------------+-----------+---------------------+---------------------+---------------------+---------------------+-----------------------+----------------------+---------------------+
| CPU    | 0.21771871999999998 | 0.2166015 | 0.2254265           | 0.23262731000000017 | 0.216142            | 0.268793            | 0.0058209564885506578 | 0.026736132237736188 | NA                  |
| GPU    | 0.45771001          | 0.449494  | 0.49734699999999998 | 0.66154991000000019 | 0.43503399999999998 | 0.70262599999999997 | 0.039291778404519945  | 0.085844262843453964 | 0.47566956204431704 |
+--------+---------------------+-----------+---------------------+---------------------+---------------------+---------------------+-----------------------+----------------------+---------------------+

[stage08] accuracy detail
+-----------------------------+------------------------+------------------------+-----------------------+------------------------+-------------+----------------+-------------------------------------------------------------------------------+--------+
| accuracy_reference          | mse                    | rmse                   | relative_l2           | relative_linf          | exact_match | mismatch_count | semantic_check                                                                | status |
+-----------------------------+------------------------+------------------------+-----------------------+------------------------+-------------+----------------+-------------------------------------------------------------------------------+--------+
| cpu_typed_double_direct_dft | 8.3764375648775101e-15 | 9.1522880007556083e-08 | 3.428350098062221e-08 | 3.7205493857892667e-08 | NA          | NA             | finite_complex_fp32_channel_major_shape_matches_cpu:shape=[8, 16];finite=true | PASS   |
+-----------------------------+------------------------+------------------------+-----------------------+------------------------+-------------+----------------+-------------------------------------------------------------------------------+--------+

[stage08] resource detail
+--------+------------+--------------+-------------+------------+-------------+
| device | metric     | before_bytes | after_bytes | peak_bytes | delta_bytes |
+--------+------------+--------------+-------------+------------+-------------+
| CPU    | cpu_heap   | 1460320      | 1463408     | 1463408    | 3088        |
| CPU    | rss        | 70627328     | 70627328    | 70627328   | 0           |
| GPU    | cpu_heap   | 1463408      | 1467840     | 1467840    | 4432        |
| GPU    | rss        | 70627328     | 70627328    | 70627328   | 0           |
| GPU    | gpu_memory | 391544832    | 391544832   | 391544832  | 0           |
+--------+------------+--------------+-------------+------------+-------------+

[stage08] input/output identity
+--------+------------------------------------------------------------------+------------------------------------------------------------------+
| device | input_digest                                                     | output_digest                                                    |
+--------+------------------------------------------------------------------+------------------------------------------------------------------+
| CPU    | 2ff5778de9c3c0fa3a604e20277d5a9a5922c2f935b1ce2584bd8b29946562d3 | 8b6715a4c325fd2b7c577ad54e3cf008b2076585a7223d3189ff0e1e77b8b7af |
| GPU    | 2ff5778de9c3c0fa3a604e20277d5a9a5922c2f935b1ce2584bd8b29946562d3 | e30902bc0e5f5a5087bcc278565bb13edc0191dc873a40106213f499abd5850a |
+--------+------------------------------------------------------------------+------------------------------------------------------------------+

[stage08] input content
+------------+-------+-------+----------+----------------------------------------------+-----------------------------------------------------------------+
| input_name | shape | dtype | elements | generator                                    | values(head4/tail2)                                             |
+------------+-------+-------+----------+----------------------------------------------+-----------------------------------------------------------------+
| x          | [128] | FP16  | 128      | modular_signal(seed=83020001,integral=false) | i=0:-1.25;i=1:-2.75;i=2:1.5;i=3:0;i=126:-0.5;i=127:-2           |
| h          | [32]  | FP16  | 32       | modular_taps(seed=83020002,integral=false)   | i=0:-0.5;i=1:0.375;i=2:0.125;i=3:-0.125;i=30:-0.125;i=31:-0.375 |
+------------+-------+-------+----------+----------------------------------------------+-----------------------------------------------------------------+

[stage08] case parameters
+---------------------------------------------------------------------------------+
| parameters                                                                      |
+---------------------------------------------------------------------------------+
| {"dtype":"FP16","h-count":"32","n-chans":"8","seed":"83020001","x-count":"128"} |
+---------------------------------------------------------------------------------+

[stage08] dtype evidence
+-----------------+--------------------+--------------+------------------------------------------------------------------+--------+
| requested_dtype | config_input_dtype | output_dtype | actual_input_digest                                              | status |
+-----------------+--------------------+--------------+------------------------------------------------------------------+--------+
| FP16            | NA                 | ComplexFP32  | 2ff5778de9c3c0fa3a604e20277d5a9a5922c2f935b1ce2584bd8b29946562d3 | PASS   |
+-----------------+--------------------+--------------+------------------------------------------------------------------+--------+

[stage08] evidence files
+----------------+-----------------------------------------------------------------------------------------------------------------------------------------------------------------------------------------------------------------------------------------------------------------+
| kind           | path                                                                                                                                                                                                                                                            |
+----------------+-----------------------------------------------------------------------------------------------------------------------------------------------------------------------------------------------------------------------------------------------------------------+
| probe_raw_json | /tmp/ZKX_dev/results/stage08_input_preview_probe_channelize_poly_47ebe13410d3/formal/20260810T074000Z_47ebe13410d3_stage08_b03_formal_99000001/channelize_poly_probe_raw.json                                                                                   |
| related_file   | /tmp/ZKX_dev/results/stage08_input_preview_probe_channelize_poly_47ebe13410d3/formal/20260810T074000Z_47ebe13410d3_stage08_b03_formal_99000001/filtering_batch03_module_summary_fft_thrust_20260810T074000Z_47ebe13410d3_stage08_b03_formal_99000001.csv        |
| full_log       | /tmp/ZKX_dev/results/stage08_input_preview_probe_channelize_poly_47ebe13410d3/formal/20260810T074000Z_47ebe13410d3_stage08_b03_formal_99000001/operator_channelize_poly_full.log                                                                                |
| report_json    | /tmp/ZKX_dev/results/stage08_input_preview_probe_channelize_poly_47ebe13410d3/formal/20260810T074000Z_47ebe13410d3_stage08_b03_formal_99000001/operator_channelize_poly_report.json                                                                             |
| summary_txt    | /tmp/ZKX_dev/results/stage08_input_preview_probe_channelize_poly_47ebe13410d3/formal/20260810T074000Z_47ebe13410d3_stage08_b03_formal_99000001/operator_channelize_poly_summary.txt                                                                             |
| dtype_csv      | /tmp/ZKX_dev/results/stage08_input_preview_probe_channelize_poly_47ebe13410d3/formal/20260810T074000Z_47ebe13410d3_stage08_b03_formal_99000001/operator_dtype_evidence_channelize_poly_fft_thrust_20260810T074000Z_47ebe13410d3_stage08_b03_formal_99000001.csv |
| memory_csv     | /tmp/ZKX_dev/results/stage08_input_preview_probe_channelize_poly_47ebe13410d3/formal/20260810T074000Z_47ebe13410d3_stage08_b03_formal_99000001/operator_filtering_channelize_poly_memory_trace_fft_thrust.csv                                                   |
| main_csv       | /tmp/ZKX_dev/results/stage08_input_preview_probe_channelize_poly_47ebe13410d3/formal/20260810T074000Z_47ebe13410d3_stage08_b03_formal_99000001/operator_main_results_channelize_poly_fft_thrust_20260810T074000Z_47ebe13410d3_stage08_b03_formal_99000001.csv   |
| timing_csv     | /tmp/ZKX_dev/results/stage08_input_preview_probe_channelize_poly_47ebe13410d3/formal/20260810T074000Z_47ebe13410d3_stage08_b03_formal_99000001/operator_timing_samples_channelize_poly_fft_thrust_20260810T074000Z_47ebe13410d3_stage08_b03_formal_99000001.csv |
+----------------+-----------------------------------------------------------------------------------------------------------------------------------------------------------------------------------------------------------------------------------------------------------------+
