command=build_stage08_b03_resample_35406beea576/stage08_filtering_resample --dtype FP32 --rows 100 --cols 100 --output-count 80 --domain frequency --seed 83310003 --warmup 20 --measured 100 --output /tmp/ZKX_dev/results/stage08_input_preview_b03_resample_5bf09d215ce4/formal/20260810T074828Z_5bf09d215ce4_stage08_b03_formal_99013003/resample_probe_raw.json
STAGE08_RESAMPLE_PROBE PASS dtype=FP32 shape=100x100 output_count=80 domain=frequency backend=fft_thrust
{"actual_input_digest": "ce174710619f4e997b8007e562ff0287979739f731efbebdf6cb078ec141d132", "axis": 1, "backend": "fft_thrust", "case_id": "resample__resample_fp32_10e4__ce174710619f4e99", "compute_dtype": "FP32", "domain": "frequency", "dtype_semantics": "actual_typed_array_input_fp32_fft_resample_extension", "error_code": "OK", "fft_dtype": "ComplexFP32", "measured_runs": 100, "metrics": {"mse": 5.597771666824275e-16, "relative_l2": 2.213012568422255e-07, "relative_linf": 1.760367973238182e-07, "rmse": 2.3659610450775125e-08}, "operator_name": "resample", "output_dtype": "FP32", "output_sample_count": 80, "requested_dtype": "FP32", "run_id": "20260810T074828Z_5bf09d215ce4_stage08_b03_formal_99013003", "scale_id": "resample_fp32_10e4", "schema_version": 1, "status": "PASS", "typed_input_count": 1, "typed_input_names": "x", "warmup_runs": 20}
[stage08] identity and status
+----------+--------------------+--------+------------+-------+--------+----------+--------------------------+--------+------------+
| target   | scale_id           | device | backend    | dtype | warmup | measured | timing_scope             | status | error_code |
+----------+--------------------+--------+------------+-------+--------+----------+--------------------------+--------+------------+
| resample | resample_fp32_10e4 | CPU    | fft_thrust | FP32  | 20     | 100      | compatibility/end-to-end | PASS   | OK         |
| resample | resample_fp32_10e4 | GPU    | fft_thrust | FP32  | 20     | 100      | compatibility/end-to-end | PASS   | OK         |
+----------+--------------------+--------+------------+-------+--------+----------+--------------------------+--------+------------+

[stage08] timing detail
+--------+--------------------+--------------------+--------------------+--------------------+--------------------+--------------------+----------------------+-----------------------+---------------------+
| device | mean_ms            | p50_ms             | p95_ms             | p99_ms             | min_ms             | max_ms             | std_ms               | cv                    | speedup             |
+--------+--------------------+--------------------+--------------------+--------------------+--------------------+--------------------+----------------------+-----------------------+---------------------+
| CPU    | 41.907642509999995 | 41.897800000000004 | 41.95416805        | 42.069502919999998 | 41.865540000000003 | 42.179583000000001 | 0.044796770708053178 | 0.0010689403656472393 | NA                  |
| GPU    | 77.490633989999992 | 77.483026499999994 | 77.726750549999991 | 77.785377220000001 | 77.203479000000002 | 78.025276000000005 | 0.14668407478090428  | 0.0018929265025736345 | 0.54080913204824332 |
+--------+--------------------+--------------------+--------------------+--------------------+--------------------+--------------------+----------------------+-----------------------+---------------------+

[stage08] accuracy detail
+--------------------------------------+------------------------+------------------------+------------------------+------------------------+-------------+----------------+-----------------------------------------------------------------------------------------------------------------------------+--------+
| accuracy_reference                   | mse                    | rmse                   | relative_l2            | relative_linf          | exact_match | mismatch_count | semantic_check                                                                                                              | status |
+--------------------------------------+------------------------+------------------------+------------------------+------------------------+-------------+----------------+-----------------------------------------------------------------------------------------------------------------------------+--------+
| cpu_typed_double_direct_dft_resample | 5.5977716668242753e-16 | 2.3659610450775125e-08 | 2.2130125684222551e-07 | 1.7603679732381819e-07 | NA          | NA             | finite_resampled_signal_shape_domain_and_output_dtype_match_cpu:shape=[100, 100];axis=1;num=80;domain=frequency;finite=true | PASS   |
+--------------------------------------+------------------------+------------------------+------------------------+------------------------+-------------+----------------+-----------------------------------------------------------------------------------------------------------------------------+--------+

[stage08] resource detail
+--------+------------+--------------+-------------+------------+-------------+
| device | metric     | before_bytes | after_bytes | peak_bytes | delta_bytes |
+--------+------------+--------------+-------------+------------+-------------+
| CPU    | cpu_heap   | 2031456      | 2074256     | 2105152    | 42800       |
| CPU    | rss        | 71561216     | 71626752    | 71626752   | 65536       |
| GPU    | cpu_heap   | 2074256      | 2077552     | 2077552    | 3296        |
| GPU    | rss        | 71626752     | 71626752    | 71626752   | 0           |
| GPU    | gpu_memory | 341000192    | 341000192   | 341000192  | 0           |
+--------+------------+--------------+-------------+------------+-------------+

[stage08] input/output identity
+--------+------------------------------------------------------------------+------------------------------------------------------------------+
| device | input_digest                                                     | output_digest                                                    |
+--------+------------------------------------------------------------------+------------------------------------------------------------------+
| CPU    | ce174710619f4e997b8007e562ff0287979739f731efbebdf6cb078ec141d132 | f9927224eabd9d458ae72347efa79d58b96dc31fcc2568617a3e35575987eff3 |
| GPU    | ce174710619f4e997b8007e562ff0287979739f731efbebdf6cb078ec141d132 | c4e3ca37a670772f0d6488fa932c50bc7a633caf185e2e343d2b87c1ec284a90 |
+--------+------------------------------------------------------------------+------------------------------------------------------------------+

[stage08] input content
+------------+-----------+-------+----------+----------------------------------------------+--------------------------------------------------------------+
| input_name | shape     | dtype | elements | generator                                    | values(head4/tail2)                                          |
+------------+-----------+-------+----------+----------------------------------------------+--------------------------------------------------------------+
| x          | [100x100] | FP32  | 10000    | modular_signal(seed=83310003,integral=false) | i=0:-2.5;i=1:1.75;i=2:0.25;i=3:-1.25;i=9998:2.25;i=9999:0.75 |
+------------+-----------+-------+----------+----------------------------------------------+--------------------------------------------------------------+

[stage08] case parameters
+-------------------------------------------------------------------------------------------------------+
| parameters                                                                                            |
+-------------------------------------------------------------------------------------------------------+
| {"cols":"100","domain":"frequency","dtype":"FP32","output-count":"80","rows":"100","seed":"83310003"} |
+-------------------------------------------------------------------------------------------------------+

[stage08] dtype evidence
+-----------------+--------------------+--------------+------------------------------------------------------------------+--------+
| requested_dtype | config_input_dtype | output_dtype | actual_input_digest                                              | status |
+-----------------+--------------------+--------------+------------------------------------------------------------------+--------+
| FP32            | NA                 | FP32         | ce174710619f4e997b8007e562ff0287979739f731efbebdf6cb078ec141d132 | PASS   |
+-----------------+--------------------+--------------+------------------------------------------------------------------+--------+

[stage08] evidence files
+----------------+-------------------------------------------------------------------------------------------------------------------------------------------------------------------------------------------------------------------------------------------------+
| kind           | path                                                                                                                                                                                                                                            |
+----------------+-------------------------------------------------------------------------------------------------------------------------------------------------------------------------------------------------------------------------------------------------+
| dtype_csv      | /tmp/ZKX_dev/results/stage08_input_preview_b03_resample_5bf09d215ce4/formal/20260810T074828Z_5bf09d215ce4_stage08_b03_formal_99013003/operator_dtype_evidence_resample_fft_thrust_20260810T074828Z_5bf09d215ce4_stage08_b03_formal_99013003.csv |
| memory_csv     | /tmp/ZKX_dev/results/stage08_input_preview_b03_resample_5bf09d215ce4/formal/20260810T074828Z_5bf09d215ce4_stage08_b03_formal_99013003/operator_filtering_resample_memory_trace_fft_thrust.csv                                                   |
| main_csv       | /tmp/ZKX_dev/results/stage08_input_preview_b03_resample_5bf09d215ce4/formal/20260810T074828Z_5bf09d215ce4_stage08_b03_formal_99013003/operator_main_results_resample_fft_thrust_20260810T074828Z_5bf09d215ce4_stage08_b03_formal_99013003.csv   |
| full_log       | /tmp/ZKX_dev/results/stage08_input_preview_b03_resample_5bf09d215ce4/formal/20260810T074828Z_5bf09d215ce4_stage08_b03_formal_99013003/operator_resample_full.log                                                                                |
| report_json    | /tmp/ZKX_dev/results/stage08_input_preview_b03_resample_5bf09d215ce4/formal/20260810T074828Z_5bf09d215ce4_stage08_b03_formal_99013003/operator_resample_report.json                                                                             |
| summary_txt    | /tmp/ZKX_dev/results/stage08_input_preview_b03_resample_5bf09d215ce4/formal/20260810T074828Z_5bf09d215ce4_stage08_b03_formal_99013003/operator_resample_summary.txt                                                                             |
| timing_csv     | /tmp/ZKX_dev/results/stage08_input_preview_b03_resample_5bf09d215ce4/formal/20260810T074828Z_5bf09d215ce4_stage08_b03_formal_99013003/operator_timing_samples_resample_fft_thrust_20260810T074828Z_5bf09d215ce4_stage08_b03_formal_99013003.csv |
| probe_raw_json | /tmp/ZKX_dev/results/stage08_input_preview_b03_resample_5bf09d215ce4/formal/20260810T074828Z_5bf09d215ce4_stage08_b03_formal_99013003/resample_probe_raw.json                                                                                   |
+----------------+-------------------------------------------------------------------------------------------------------------------------------------------------------------------------------------------------------------------------------------------------+
