command=build_stage07_b04_hamming_20e76c9b0ef/stage07_hamming --dtype INT32 --n 128 --taps 1 --cutoff 60 --fs 1000 --sym true --warmup 20 --measured 100 --output /tmp/ZKX_dev/results/stage07_b04_formal_20e76c9b0ef/formal/20260810T101628Z_20e76c9b0ef0_stage07_b04_formal_60429611/hamming_probe_raw.json
STAGE07_FILTER_PROBE PASS operator=hamming dtype=INT32
{"run_id": "20260810T101628Z_20e76c9b0ef0_stage07_b04_formal_60429611", "case_id": "hamming__hamming_int32_10e2__f7cce47043486a62", "operator_name": "hamming", "task_name": "Task2", "step_name": "Step2", "scale_id": "hamming_int32_10e2", "requested_dtype": "INT32", "input_content": [{"input_name": "request_spec", "shape": "[1]", "dtype": "INT32", "element_count": "1", "generator": "typed_hamming_request", "preview_head4_tail2": "i=0:n=128,sym=true,dtype=INT32"}], "case_parameters": {"n": 128, "sym": true, "output_dtype": "FP32_TASK_RESIDENT", "equivalent_work": "10^2"}, "output_dtype": "FP32", "backend": "not_applicable", "warmup_runs": 20, "measured_runs": 100, "mse": 3.45947e-15, "rmse": 5.88173e-08, "relative_l2": 9.36627e-08, "relative_linf": 1.78839e-07, "actual_input_digest": "f7cce47043486a625dfd28fe9f8411b1c07646401de3fe2d3d1dacbca9fc222b", "typed_array_digest": "67abdd721024f0ff4e0b3f4c2fc13bc5bad42d0b7851d456d88d203d15aaa450", "status": "PASS", "error_code": "OK"}
[stage07] identity and status
+---------+--------------------+--------+----------------+-------+--------+----------+--------------------------+--------+------------+
| target  | scale_id           | device | backend        | dtype | warmup | measured | timing_scope             | status | error_code |
+---------+--------------------+--------+----------------+-------+--------+----------+--------------------------+--------+------------+
| hamming | hamming_int32_10e2 | CPU    | not_applicable | INT32 | 20     | 100      | compatibility/end-to-end | PASS   | OK         |
| hamming | hamming_int32_10e2 | GPU    | not_applicable | INT32 | 20     | 100      | compatibility/end-to-end | PASS   | OK         |
+---------+--------------------+--------+----------------+-------+--------+----------+--------------------------+--------+------------+

[stage07] timing detail
+--------+---------------------+-----------+-----------+---------------------+---------+----------+------------------------+----------------------+--------------------+
| device | mean_ms             | p50_ms    | p95_ms    | p99_ms              | min_ms  | max_ms   | std_ms                 | cv                   | speedup            |
+--------+---------------------+-----------+-----------+---------------------+---------+----------+------------------------+----------------------+--------------------+
| CPU    | 0.00487881          | 0.00487   | 0.00498   | 0.00502             | 0.00484 | 0.00502  | 3.4928411071790846e-05 | 0.007159207075452999 | NA                 |
| GPU    | 0.10343403000000001 | 0.1019955 | 0.1059755 | 0.15015911000000012 | 0.09857 | 0.172841 | 0.008900539106655283   | 0.08605039469752152  | 0.0471683255501115 |
+--------+---------------------+-----------+-----------+---------------------+---------+----------+------------------------+----------------------+--------------------+

[stage07] accuracy detail
+-----------------------------------+-------------+-------------+-------------+---------------+-------------+----------------+----------------------------------------------------------+--------+
| reference                         | mse         | rmse        | relative_l2 | relative_linf | exact_match | mismatch_count | semantic_check                                           | status |
+-----------------------------------+-------------+-------------+-------------+---------------+-------------+----------------+----------------------------------------------------------+--------+
| typed_cpu_task_resident_reference | 3.45947e-15 | 5.88173e-08 | 9.36627e-08 | 1.78839e-07   | NA          | NA             | output_count=128;output_dtype=FP32;task_gpu_call=present | PASS   |
+-----------------------------------+-------------+-------------+-------------+---------------+-------------+----------------+----------------------------------------------------------+--------+

[stage07] resource detail
+--------+------------+--------------+-------------+------------+-------------+
| device | metric     | before_bytes | after_bytes | peak_bytes | delta_bytes |
+--------+------------+--------------+-------------+------------+-------------+
| CPU    | cpu_heap   | 1396240      | 1401136     | 1401136    | 4896        |
| CPU    | rss        | 70086656     | 70086656    | 70086656   | 0           |
| GPU    | cpu_heap   | 1401232      | 1405120     | 1405120    | 3888        |
| GPU    | rss        | 70086656     | 70455296    | 70455296   | 368640      |
| GPU    | gpu_memory | 341000192    | 341000192   | 341000192  | 0           |
+--------+------------+--------------+-------------+------------+-------------+

[stage07] input content
+--------------+-------+-------+----------+-----------------------+--------------------------------+
| input_name   | shape | dtype | elements | generator             | values(head4/tail2)            |
+--------------+-------+-------+----------+-----------------------+--------------------------------+
| request_spec | [1]   | INT32 | 1        | typed_hamming_request | i=0:n=128,sym=true,dtype=INT32 |
+--------------+-------+-------+----------+-----------------------+--------------------------------+

[stage07] case parameters
+-----------------------------------------------------------------------------------+
| parameters                                                                        |
+-----------------------------------------------------------------------------------+
| {"equivalent_work":"10^2","n":128,"output_dtype":"FP32_TASK_RESIDENT","sym":true} |
+-----------------------------------------------------------------------------------+

[stage07] input and output identity
+--------+------------------------------------------------------------------+------------------------------------------------------------------+
| device | input_digest                                                     | output_digest                                                    |
+--------+------------------------------------------------------------------+------------------------------------------------------------------+
| CPU    | f7cce47043486a625dfd28fe9f8411b1c07646401de3fe2d3d1dacbca9fc222b | 3ef49f928a9bcdc62f55ad0e0bb223886237274a9dcfd14088548f5ac5a61b4c |
| GPU    | f7cce47043486a625dfd28fe9f8411b1c07646401de3fe2d3d1dacbca9fc222b | 57e848bc1f5e0d624fa1cda2cdd6c770b02a3654fc56bb0ff5a5f7d92ec275f9 |
+--------+------------------------------------------------------------------+------------------------------------------------------------------+

[stage07] dtype evidence
+-----------------+--------------------+--------------+------------------------------------------------------------------+------------------------------------------------------------------+----------------------+
| requested_dtype | config_input_dtype | output_dtype | typed_array_digest                                               | actual_input_digest                                              | task_gpu_call_status |
+-----------------+--------------------+--------------+------------------------------------------------------------------+------------------------------------------------------------------+----------------------+
| INT32           | INT32              | FP32         | 67abdd721024f0ff4e0b3f4c2fc13bc5bad42d0b7851d456d88d203d15aaa450 | f7cce47043486a625dfd28fe9f8411b1c07646401de3fe2d3d1dacbca9fc222b | proved_gpu_cpu       |
+-----------------+--------------------+--------------+------------------------------------------------------------------+------------------------------------------------------------------+----------------------+

[stage07] evidence files
+-------------+-----------------------------------------------------------------------------------------------------------------------------------------------------------------------------------------------------------------------------------+
| kind        | path                                                                                                                                                                                                                              |
+-------------+-----------------------------------------------------------------------------------------------------------------------------------------------------------------------------------------------------------------------------------+
| main_csv    | /tmp/ZKX_dev/results/stage07_b04_formal_20e76c9b0ef/formal/20260810T101628Z_20e76c9b0ef0_stage07_b04_formal_60429611/operator_main_results_hamming_not_applicable_20260810T101628Z_20e76c9b0ef0_stage07_b04_formal_60429611.csv   |
| timing_csv  | /tmp/ZKX_dev/results/stage07_b04_formal_20e76c9b0ef/formal/20260810T101628Z_20e76c9b0ef0_stage07_b04_formal_60429611/operator_timing_samples_hamming_not_applicable_20260810T101628Z_20e76c9b0ef0_stage07_b04_formal_60429611.csv |
| memory_csv  | /tmp/ZKX_dev/results/stage07_b04_formal_20e76c9b0ef/formal/20260810T101628Z_20e76c9b0ef0_stage07_b04_formal_60429611/operator_windows_hamming_memory_trace_not_applicable.csv                                                     |
| dtype_csv   | /tmp/ZKX_dev/results/stage07_b04_formal_20e76c9b0ef/formal/20260810T101628Z_20e76c9b0ef0_stage07_b04_formal_60429611/operator_dtype_evidence_hamming_not_applicable_20260810T101628Z_20e76c9b0ef0_stage07_b04_formal_60429611.csv |
| report_json | /tmp/ZKX_dev/results/stage07_b04_formal_20e76c9b0ef/formal/20260810T101628Z_20e76c9b0ef0_stage07_b04_formal_60429611/operator_hamming_report.json                                                                                 |
| summary_txt | /tmp/ZKX_dev/results/stage07_b04_formal_20e76c9b0ef/formal/20260810T101628Z_20e76c9b0ef0_stage07_b04_formal_60429611/operator_hamming_summary.txt                                                                                 |
| full_log    | /tmp/ZKX_dev/results/stage07_b04_formal_20e76c9b0ef/formal/20260810T101628Z_20e76c9b0ef0_stage07_b04_formal_60429611/operator_hamming_full.log                                                                                    |
| result_dir  | /tmp/ZKX_dev/results/stage07_b04_formal_20e76c9b0ef/formal/20260810T101628Z_20e76c9b0ef0_stage07_b04_formal_60429611                                                                                                              |
+-------------+-----------------------------------------------------------------------------------------------------------------------------------------------------------------------------------------------------------------------------------+
