[stage07] identity and status
+-----------+---------------------+--------+----------------+-------+--------+----------+--------------------------+--------+------------+
| target    | scale_id            | device | backend        | dtype | warmup | measured | timing_scope             | status | error_code |
+-----------+---------------------+--------+----------------+-------+--------+----------+--------------------------+--------+------------+
| firfilter | firfilter_fp16_10e3 | CPU    | not_applicable | FP16  | 20     | 100      | compatibility/end-to-end | PASS   | OK         |
| firfilter | firfilter_fp16_10e3 | GPU    | not_applicable | FP16  | 20     | 100      | compatibility/end-to-end | PASS   | OK         |
+-----------+---------------------+--------+----------------+-------+--------+----------+--------------------------+--------+------------+

[stage07] timing detail
+--------+---------------------+----------+------------+--------------------+----------+----------+----------------------+----------------------+--------------------+
| device | mean_ms             | p50_ms   | p95_ms     | p99_ms             | min_ms   | max_ms   | std_ms               | cv                   | speedup            |
+--------+---------------------+----------+------------+--------------------+----------+----------+----------------------+----------------------+--------------------+
| CPU    | 0.42891194          | 0.427048 | 0.4355235  | 0.4468474000000004 | 0.426443 | 0.515593 | 0.009250801594261978 | 0.021568067315314136 | NA                 |
| GPU    | 0.45486170000000004 | 0.451283 | 0.48855255 | 0.5339407900000002 | 0.429742 | 0.549463 | 0.01782243815110604  | 0.039182103375830585 | 0.9429502198140665 |
+--------+---------------------+----------+------------+--------------------+----------+----------+----------------------+----------------------+--------------------+

[stage07] accuracy detail
+-----------------------------------+-----+------+-------------+---------------+-------------+----------------+-----------------------------------------------------------+--------+
| reference                         | mse | rmse | relative_l2 | relative_linf | exact_match | mismatch_count | semantic_check                                            | status |
+-----------------------------------+-----+------+-------------+---------------+-------------+----------------+-----------------------------------------------------------+--------+
| typed_cpu_task_resident_reference | 0   | 0    | 0           | 0             | NA          | NA             | output_count=1024;output_dtype=FP32;task_gpu_call=present | PASS   |
+-----------------------------------+-----+------+-------------+---------------+-------------+----------------+-----------------------------------------------------------+--------+

[stage07] resource detail
+--------+------------+--------------+-------------+------------+-------------+
| device | metric     | before_bytes | after_bytes | peak_bytes | delta_bytes |
+--------+------------+--------------+-------------+------------+-------------+
| CPU    | cpu_heap   | 1417904      | 1429952     | 1429952    | 12048       |
| CPU    | rss        | 71106560     | 71106560    | 71106560   | 0           |
| GPU    | cpu_heap   | 1430016      | 1441456     | 1441456    | 11440       |
| GPU    | rss        | 71106560     | 71106560    | 71106560   | 0           |
| GPU    | gpu_memory | 341000192    | 341000192   | 341000192  | 0           |
+--------+------------+--------------+-------------+------------+-------------+

[stage07] input content
+------------+--------+-------+----------+-------------------------------------+--------------------------------------------------------------------------------------------+
| input_name | shape  | dtype | elements | generator                           | values(head4/tail2)                                                                        |
+------------+--------+-------+----------+-------------------------------------+--------------------------------------------------------------------------------------------+
| b          | [9]    | FP16  | 9        | deterministic_nine_tap_smoother     | i=0:0;i=1:1;i=2:0;i=3:1;i=7:1;i=8:0                                                        |
| x          | [1024] | FP16  | 1024     | sinusoid_mixture_plus_modular_noise | i=0:2.25;i=1:1.83691406;i=2:2.79492188;i=3:2.37109375;i=1022:0.584960938;i=1023:1.12402344 |
+------------+--------+-------+----------+-------------------------------------+--------------------------------------------------------------------------------------------+

[stage07] case parameters
+-----------------------------------------------------------------------------------------------+
| parameters                                                                                    |
+-----------------------------------------------------------------------------------------------+
| {"axis":-1,"output_dtype":"FP32","shape":[1024],"signal_count":1024,"tap_count":9,"zi":false} |
+-----------------------------------------------------------------------------------------------+

[stage07] input and output identity
+--------+------------------------------------------------------------------+------------------------------------------------------------------+
| device | input_digest                                                     | output_digest                                                    |
+--------+------------------------------------------------------------------+------------------------------------------------------------------+
| CPU    | 915687ddcf85bf5e056af78460731ed176f7bd231f2855e539c7892518a56fde | 44a1443afeea2ed09c06d862f65e3d4d8154a71916e82e8faf23decfa1eb7538 |
| GPU    | 915687ddcf85bf5e056af78460731ed176f7bd231f2855e539c7892518a56fde | 44a1443afeea2ed09c06d862f65e3d4d8154a71916e82e8faf23decfa1eb7538 |
+--------+------------------------------------------------------------------+------------------------------------------------------------------+

[stage07] dtype evidence
+-----------------+--------------------+--------------+------------------------------------------------------------------+------------------------------------------------------------------+----------------------+
| requested_dtype | config_input_dtype | output_dtype | typed_array_digest                                               | actual_input_digest                                              | task_gpu_call_status |
+-----------------+--------------------+--------------+------------------------------------------------------------------+------------------------------------------------------------------+----------------------+
| FP16            | FP16               | FP32         | a98a7d8cc87dc4b5b705f6c6fe8beb39ea36d0b35801a1a9757d82c931ca9f86 | 915687ddcf85bf5e056af78460731ed176f7bd231f2855e539c7892518a56fde | proved_gpu_cpu       |
+-----------------+--------------------+--------------+------------------------------------------------------------------+------------------------------------------------------------------+----------------------+

[stage07] evidence files
+-------------+------------------------------------------------------------------------------------------------------------------------------------------------------------------------------------------------------------------------------------+
| kind        | path                                                                                                                                                                                                                               |
+-------------+------------------------------------------------------------------------------------------------------------------------------------------------------------------------------------------------------------------------------------+
| main_csv    | /tmp/ZKX_dev/results/stage07_b04_formal_v2_e6d8c17/formal/20260810T103350Z_e6d8c17f237e_stage07_b04_formal_6e55b278/operator_main_results_firfilter_not_applicable_20260810T103350Z_e6d8c17f237e_stage07_b04_formal_6e55b278.csv   |
| timing_csv  | /tmp/ZKX_dev/results/stage07_b04_formal_v2_e6d8c17/formal/20260810T103350Z_e6d8c17f237e_stage07_b04_formal_6e55b278/operator_timing_samples_firfilter_not_applicable_20260810T103350Z_e6d8c17f237e_stage07_b04_formal_6e55b278.csv |
| memory_csv  | /tmp/ZKX_dev/results/stage07_b04_formal_v2_e6d8c17/formal/20260810T103350Z_e6d8c17f237e_stage07_b04_formal_6e55b278/operator_filtering_firfilter_memory_trace_not_applicable.csv                                                   |
| dtype_csv   | /tmp/ZKX_dev/results/stage07_b04_formal_v2_e6d8c17/formal/20260810T103350Z_e6d8c17f237e_stage07_b04_formal_6e55b278/operator_dtype_evidence_firfilter_not_applicable_20260810T103350Z_e6d8c17f237e_stage07_b04_formal_6e55b278.csv |
| report_json | /tmp/ZKX_dev/results/stage07_b04_formal_v2_e6d8c17/formal/20260810T103350Z_e6d8c17f237e_stage07_b04_formal_6e55b278/operator_firfilter_report.json                                                                                 |
| summary_txt | /tmp/ZKX_dev/results/stage07_b04_formal_v2_e6d8c17/formal/20260810T103350Z_e6d8c17f237e_stage07_b04_formal_6e55b278/operator_firfilter_summary.txt                                                                                 |
| full_log    | /tmp/ZKX_dev/results/stage07_b04_formal_v2_e6d8c17/formal/20260810T103350Z_e6d8c17f237e_stage07_b04_formal_6e55b278/operator_firfilter_full.log                                                                                    |
| result_dir  | /tmp/ZKX_dev/results/stage07_b04_formal_v2_e6d8c17/formal/20260810T103350Z_e6d8c17f237e_stage07_b04_formal_6e55b278                                                                                                                |
+-------------+------------------------------------------------------------------------------------------------------------------------------------------------------------------------------------------------------------------------------------+
STAGE07_FILTER_CASE PASS operator=firfilter scale=firfilter_fp16_10e3 dtype=FP16 backend=not_applicable measured=100 results=/tmp/ZKX_dev/results/stage07_b04_formal_v2_e6d8c17/formal/20260810T103350Z_e6d8c17f237e_stage07_b04_formal_6e55b278
