[stage07] identity and status
+-----------+---------------------+--------+----------------+-------+--------+----------+--------------------------+--------+------------+
| target    | scale_id            | device | backend        | dtype | warmup | measured | timing_scope             | status | error_code |
+-----------+---------------------+--------+----------------+-------+--------+----------+--------------------------+--------+------------+
| firfilter | firfilter_fp32_10e2 | CPU    | not_applicable | FP32  | 20     | 100      | compatibility/end-to-end | PASS   | OK         |
| firfilter | firfilter_fp32_10e2 | GPU    | not_applicable | FP32  | 20     | 100      | compatibility/end-to-end | PASS   | OK         |
+-----------+---------------------+--------+----------------+-------+--------+----------+--------------------------+--------+------------+

[stage07] timing detail
+--------+------------+-----------+---------------------+-----------+----------+----------+-----------------------+-----------------------+---------------------+
| device | mean_ms    | p50_ms    | p95_ms              | p99_ms    | min_ms   | max_ms   | std_ms                | cv                    | speedup             |
+--------+------------+-----------+---------------------+-----------+----------+----------+-----------------------+-----------------------+---------------------+
| CPU    | 0.01733952 | 0.01733   | 0.01742105          | 0.01747   | 0.01725  | 0.01747  | 4.091319591525459e-05 | 0.0023595345150992987 | NA                  |
| GPU    | 0.4406452  | 0.4378525 | 0.45773954999999994 | 0.5065958 | 0.422612 | 0.511823 | 0.013679310881034905  | 0.031043821380636633  | 0.03935029815370734 |
+--------+------------+-----------+---------------------+-----------+----------+----------+-----------------------+-----------------------+---------------------+

[stage07] accuracy detail
+-----------------------------------+-------------+-------------+-------------+---------------+-------------+----------------+----------------------------------------------------------+--------+
| reference                         | mse         | rmse        | relative_l2 | relative_linf | exact_match | mismatch_count | semantic_check                                           | status |
+-----------------------------------+-------------+-------------+-------------+---------------+-------------+----------------+----------------------------------------------------------+--------+
| typed_cpu_task_resident_reference | 1.08608e-12 | 1.04215e-06 | 4.41999e-08 | 1.0185e-07    | NA          | NA             | output_count=128;output_dtype=FP32;task_gpu_call=present | PASS   |
+-----------------------------------+-------------+-------------+-------------+---------------+-------------+----------------+----------------------------------------------------------+--------+

[stage07] resource detail
+--------+------------+--------------+-------------+------------+-------------+
| device | metric     | before_bytes | after_bytes | peak_bytes | delta_bytes |
+--------+------------+--------------+-------------+------------+-------------+
| CPU    | cpu_heap   | 1408112      | 1414032     | 1414032    | 5920        |
| CPU    | rss        | 70844416     | 71094272    | 71094272   | 249856      |
| GPU    | cpu_heap   | 1414288      | 1418160     | 1418160    | 3872        |
| GPU    | rss        | 71094272     | 71094272    | 71094272   | 0           |
| GPU    | gpu_memory | 341000192    | 341000192   | 341000192  | 0           |
+--------+------------+--------------+-------------+------------+-------------+

[stage07] input content
+------------+-------+-------+----------+-------------------------------------+----------------------------------------------------------------------------------------+
| input_name | shape | dtype | elements | generator                           | values(head4/tail2)                                                                    |
+------------+-------+-------+----------+-------------------------------------+----------------------------------------------------------------------------------------+
| b          | [9]   | FP32  | 9        | deterministic_nine_tap_smoother     | i=0:0;i=1:1;i=2:0;i=3:1;i=7:1;i=8:0                                                    |
| x          | [128] | FP32  | 128      | sinusoid_mixture_plus_modular_noise | i=0:2.25;i=1:1.83645225;i=2:2.79409623;i=3:2.37187076;i=126:1.1563493;i=127:1.78793418 |
+------------+-------+-------+----------+-------------------------------------+----------------------------------------------------------------------------------------+

[stage07] case parameters
+---------------------------------------------------------------------------------------------+
| parameters                                                                                  |
+---------------------------------------------------------------------------------------------+
| {"axis":-1,"output_dtype":"FP32","shape":[128],"signal_count":128,"tap_count":9,"zi":false} |
+---------------------------------------------------------------------------------------------+

[stage07] input and output identity
+--------+------------------------------------------------------------------+------------------------------------------------------------------+
| device | input_digest                                                     | output_digest                                                    |
+--------+------------------------------------------------------------------+------------------------------------------------------------------+
| CPU    | b4c4b02302c5472d8c779b55860726335930f2f7c215e55147f7a3085cb73ff1 | 221550621dcca07a3ed752d99f1fe2b2001353627e7a4bef483018f5e2cbf2fd |
| GPU    | b4c4b02302c5472d8c779b55860726335930f2f7c215e55147f7a3085cb73ff1 | 3f64abfc8f2322505db3c4b2b499947e95b7e50105cc580c0a2d9ae0dde521f9 |
+--------+------------------------------------------------------------------+------------------------------------------------------------------+

[stage07] dtype evidence
+-----------------+--------------------+--------------+------------------------------------------------------------------+------------------------------------------------------------------+----------------------+
| requested_dtype | config_input_dtype | output_dtype | typed_array_digest                                               | actual_input_digest                                              | task_gpu_call_status |
+-----------------+--------------------+--------------+------------------------------------------------------------------+------------------------------------------------------------------+----------------------+
| FP32            | FP32               | FP32         | f23f955356cdc89cb0c974be27fda34a3a2493be9843460c71455f904f3def6f | b4c4b02302c5472d8c779b55860726335930f2f7c215e55147f7a3085cb73ff1 | proved_gpu_cpu       |
+-----------------+--------------------+--------------+------------------------------------------------------------------+------------------------------------------------------------------+----------------------+

[stage07] evidence files
+-------------+------------------------------------------------------------------------------------------------------------------------------------------------------------------------------------------------------------------------------------+
| kind        | path                                                                                                                                                                                                                               |
+-------------+------------------------------------------------------------------------------------------------------------------------------------------------------------------------------------------------------------------------------------+
| main_csv    | /tmp/ZKX_dev/results/stage07_b04_formal_v2_e6d8c17/formal/20260810T103350Z_e6d8c17f237e_stage07_b04_formal_a6c4b841/operator_main_results_firfilter_not_applicable_20260810T103350Z_e6d8c17f237e_stage07_b04_formal_a6c4b841.csv   |
| timing_csv  | /tmp/ZKX_dev/results/stage07_b04_formal_v2_e6d8c17/formal/20260810T103350Z_e6d8c17f237e_stage07_b04_formal_a6c4b841/operator_timing_samples_firfilter_not_applicable_20260810T103350Z_e6d8c17f237e_stage07_b04_formal_a6c4b841.csv |
| memory_csv  | /tmp/ZKX_dev/results/stage07_b04_formal_v2_e6d8c17/formal/20260810T103350Z_e6d8c17f237e_stage07_b04_formal_a6c4b841/operator_filtering_firfilter_memory_trace_not_applicable.csv                                                   |
| dtype_csv   | /tmp/ZKX_dev/results/stage07_b04_formal_v2_e6d8c17/formal/20260810T103350Z_e6d8c17f237e_stage07_b04_formal_a6c4b841/operator_dtype_evidence_firfilter_not_applicable_20260810T103350Z_e6d8c17f237e_stage07_b04_formal_a6c4b841.csv |
| report_json | /tmp/ZKX_dev/results/stage07_b04_formal_v2_e6d8c17/formal/20260810T103350Z_e6d8c17f237e_stage07_b04_formal_a6c4b841/operator_firfilter_report.json                                                                                 |
| summary_txt | /tmp/ZKX_dev/results/stage07_b04_formal_v2_e6d8c17/formal/20260810T103350Z_e6d8c17f237e_stage07_b04_formal_a6c4b841/operator_firfilter_summary.txt                                                                                 |
| full_log    | /tmp/ZKX_dev/results/stage07_b04_formal_v2_e6d8c17/formal/20260810T103350Z_e6d8c17f237e_stage07_b04_formal_a6c4b841/operator_firfilter_full.log                                                                                    |
| result_dir  | /tmp/ZKX_dev/results/stage07_b04_formal_v2_e6d8c17/formal/20260810T103350Z_e6d8c17f237e_stage07_b04_formal_a6c4b841                                                                                                                |
+-------------+------------------------------------------------------------------------------------------------------------------------------------------------------------------------------------------------------------------------------------+
STAGE07_FILTER_CASE PASS operator=firfilter scale=firfilter_fp32_10e2 dtype=FP32 backend=not_applicable measured=100 results=/tmp/ZKX_dev/results/stage07_b04_formal_v2_e6d8c17/formal/20260810T103350Z_e6d8c17f237e_stage07_b04_formal_a6c4b841
