[stage07] identity and status
+-----------+----------------------+--------+----------------+-------+--------+----------+--------------------------+--------+------------+
| target    | scale_id             | device | backend        | dtype | warmup | measured | timing_scope             | status | error_code |
+-----------+----------------------+--------+----------------+-------+--------+----------+--------------------------+--------+------------+
| firfilter | firfilter_int32_10e3 | CPU    | not_applicable | INT32 | 20     | 100      | compatibility/end-to-end | PASS   | OK         |
| firfilter | firfilter_int32_10e3 | GPU    | not_applicable | INT32 | 20     | 100      | compatibility/end-to-end | PASS   | OK         |
+-----------+----------------------+--------+----------------+-------+--------+----------+--------------------------+--------+------------+

[stage07] timing detail
+--------+------------+---------------------+---------------------+---------------------+----------+----------+-----------------------+---------------------+--------------------+
| device | mean_ms    | p50_ms              | p95_ms              | p99_ms              | min_ms   | max_ms   | std_ms                | cv                  | speedup            |
+--------+------------+---------------------+---------------------+---------------------+----------+----------+-----------------------+---------------------+--------------------+
| CPU    | 0.13462906 | 0.134071            | 0.134532            | 0.14906061000000018 | 0.132181 | 0.182781 | 0.0052746604228518824 | 0.03917921155248267 | NA                 |
| GPU    | 0.44695894 | 0.44338299999999997 | 0.45904449999999997 | 0.5007584200000017  | 0.423483 | 0.838885 | 0.04049659024333283   | 0.09060472141654181 | 0.3012112477266927 |
+--------+------------+---------------------+---------------------+---------------------+----------+----------+-----------------------+---------------------+--------------------+

[stage07] accuracy detail
+-----------------------------------+-----+------+-------------+---------------+-------------+----------------+-----------------------------------------------------------+--------+
| reference                         | mse | rmse | relative_l2 | relative_linf | exact_match | mismatch_count | semantic_check                                            | status |
+-----------------------------------+-----+------+-------------+---------------+-------------+----------------+-----------------------------------------------------------+--------+
| typed_cpu_task_resident_reference | 0   | 0    | 0           | 0             | NA          | NA             | output_count=1024;output_dtype=FP32;task_gpu_call=present | PASS   |
+-----------------------------------+-----+------+-------------+---------------+-------------+----------------+-----------------------------------------------------------+--------+

[stage07] resource detail
+--------+------------+--------------+-------------+------------+-------------+
| device | metric     | before_bytes | after_bytes | peak_bytes | delta_bytes |
+--------+------------+--------------+-------------+------------+-------------+
| CPU    | cpu_heap   | 1419920      | 1431968     | 1431968    | 12048       |
| CPU    | rss        | 70696960     | 70696960    | 70696960   | 0           |
| GPU    | cpu_heap   | 1432032      | 1443472     | 1443472    | 11440       |
| GPU    | rss        | 70696960     | 70696960    | 70696960   | 0           |
| GPU    | gpu_memory | 341000192    | 341000192   | 341000192  | 0           |
+--------+------------+--------------+-------------+------------+-------------+

[stage07] input content
+------------+--------+-------+----------+-------------------------------------+-------------------------------------------+
| input_name | shape  | dtype | elements | generator                           | values(head4/tail2)                       |
+------------+--------+-------+----------+-------------------------------------+-------------------------------------------+
| b          | [9]    | INT32 | 9        | deterministic_nine_tap_smoother     | i=0:0;i=1:1;i=2:0;i=3:1;i=7:1;i=8:0       |
| x          | [1024] | INT32 | 1024     | sinusoid_mixture_plus_modular_noise | i=0:2;i=1:2;i=2:3;i=3:2;i=1022:1;i=1023:1 |
+------------+--------+-------+----------+-------------------------------------+-------------------------------------------+

[stage07] case parameters
+-----------------------------------------------------------------------------------------------+
| parameters                                                                                    |
+-----------------------------------------------------------------------------------------------+
| {"axis":-1,"output_dtype":"FP32","shape":[1024],"signal_count":1024,"tap_count":9,"zi":false} |
+-----------------------------------------------------------------------------------------------+

[stage07] input and output identity
+--------+------------------------------------------------------------------+------------------------------------------------------------------+
| device | input_digest                                                     | output_digest                                                    |
+--------+------------------------------------------------------------------+------------------------------------------------------------------+
| CPU    | 5944c8e3d5953e0ed0af7adb8e6200aa65afa980f86673543a088aae5fcedddc | 4f044e80c16b0163e6cf3b5ac47f954ed9245df281d480cf78fd008d14f78682 |
| GPU    | 5944c8e3d5953e0ed0af7adb8e6200aa65afa980f86673543a088aae5fcedddc | 4f044e80c16b0163e6cf3b5ac47f954ed9245df281d480cf78fd008d14f78682 |
+--------+------------------------------------------------------------------+------------------------------------------------------------------+

[stage07] dtype evidence
+-----------------+--------------------+--------------+------------------------------------------------------------------+------------------------------------------------------------------+----------------------+
| requested_dtype | config_input_dtype | output_dtype | typed_array_digest                                               | actual_input_digest                                              | task_gpu_call_status |
+-----------------+--------------------+--------------+------------------------------------------------------------------+------------------------------------------------------------------+----------------------+
| INT32           | INT32              | FP32         | f73de302d5e577859ecf36de7e13483b7e1338f71a8290a834d54c82196d2289 | 5944c8e3d5953e0ed0af7adb8e6200aa65afa980f86673543a088aae5fcedddc | proved_gpu_cpu       |
+-----------------+--------------------+--------------+------------------------------------------------------------------+------------------------------------------------------------------+----------------------+

[stage07] evidence files
+-------------+------------------------------------------------------------------------------------------------------------------------------------------------------------------------------------------------------------------------------------+
| kind        | path                                                                                                                                                                                                                               |
+-------------+------------------------------------------------------------------------------------------------------------------------------------------------------------------------------------------------------------------------------------+
| main_csv    | /tmp/ZKX_dev/results/stage07_b04_formal_v2_e6d8c17/formal/20260810T103352Z_e6d8c17f237e_stage07_b04_formal_438ea714/operator_main_results_firfilter_not_applicable_20260810T103352Z_e6d8c17f237e_stage07_b04_formal_438ea714.csv   |
| timing_csv  | /tmp/ZKX_dev/results/stage07_b04_formal_v2_e6d8c17/formal/20260810T103352Z_e6d8c17f237e_stage07_b04_formal_438ea714/operator_timing_samples_firfilter_not_applicable_20260810T103352Z_e6d8c17f237e_stage07_b04_formal_438ea714.csv |
| memory_csv  | /tmp/ZKX_dev/results/stage07_b04_formal_v2_e6d8c17/formal/20260810T103352Z_e6d8c17f237e_stage07_b04_formal_438ea714/operator_filtering_firfilter_memory_trace_not_applicable.csv                                                   |
| dtype_csv   | /tmp/ZKX_dev/results/stage07_b04_formal_v2_e6d8c17/formal/20260810T103352Z_e6d8c17f237e_stage07_b04_formal_438ea714/operator_dtype_evidence_firfilter_not_applicable_20260810T103352Z_e6d8c17f237e_stage07_b04_formal_438ea714.csv |
| report_json | /tmp/ZKX_dev/results/stage07_b04_formal_v2_e6d8c17/formal/20260810T103352Z_e6d8c17f237e_stage07_b04_formal_438ea714/operator_firfilter_report.json                                                                                 |
| summary_txt | /tmp/ZKX_dev/results/stage07_b04_formal_v2_e6d8c17/formal/20260810T103352Z_e6d8c17f237e_stage07_b04_formal_438ea714/operator_firfilter_summary.txt                                                                                 |
| full_log    | /tmp/ZKX_dev/results/stage07_b04_formal_v2_e6d8c17/formal/20260810T103352Z_e6d8c17f237e_stage07_b04_formal_438ea714/operator_firfilter_full.log                                                                                    |
| result_dir  | /tmp/ZKX_dev/results/stage07_b04_formal_v2_e6d8c17/formal/20260810T103352Z_e6d8c17f237e_stage07_b04_formal_438ea714                                                                                                                |
+-------------+------------------------------------------------------------------------------------------------------------------------------------------------------------------------------------------------------------------------------------+
STAGE07_FILTER_CASE PASS operator=firfilter scale=firfilter_int32_10e3 dtype=INT32 backend=not_applicable measured=100 results=/tmp/ZKX_dev/results/stage07_b04_formal_v2_e6d8c17/formal/20260810T103352Z_e6d8c17f237e_stage07_b04_formal_438ea714
