sample_index=0 cpu_pipeline_ms=1879.42 gpu_pipeline_ms=246.306 cpu_resource_sampling_overhead_ms=0.293602 gpu_resource_sampling_overhead_ms=0.032071 semantic_gates=16/16 timing_direct=true resource_overhead_excluded=true step_sum_used=false status=PASS
sample_index=1 cpu_pipeline_ms=1951.01 gpu_pipeline_ms=250.089 cpu_resource_sampling_overhead_ms=0.231811 gpu_resource_sampling_overhead_ms=0.060521 semantic_gates=16/16 timing_direct=true resource_overhead_excluded=true step_sum_used=false status=PASS
sample_index=2 cpu_pipeline_ms=1893.73 gpu_pipeline_ms=244.632 cpu_resource_sampling_overhead_ms=0.258552 gpu_resource_sampling_overhead_ms=0.03396 semantic_gates=16/16 timing_direct=true resource_overhead_excluded=true step_sum_used=false status=PASS
sample_index=3 cpu_pipeline_ms=1918.92 gpu_pipeline_ms=244.892 cpu_resource_sampling_overhead_ms=0.266134 gpu_resource_sampling_overhead_ms=0.034041 semantic_gates=16/16 timing_direct=true resource_overhead_excluded=true step_sum_used=false status=PASS
sample_index=4 cpu_pipeline_ms=1892.76 gpu_pipeline_ms=244.921 cpu_resource_sampling_overhead_ms=0.252053 gpu_resource_sampling_overhead_ms=0.03268 semantic_gates=16/16 timing_direct=true resource_overhead_excluded=true step_sum_used=false status=PASS
sample_index=5 cpu_pipeline_ms=1878.59 gpu_pipeline_ms=245.776 cpu_resource_sampling_overhead_ms=0.246803 gpu_resource_sampling_overhead_ms=0.034011 semantic_gates=16/16 timing_direct=true resource_overhead_excluded=true step_sum_used=false status=PASS
sample_index=6 cpu_pipeline_ms=1879.74 gpu_pipeline_ms=244.193 cpu_resource_sampling_overhead_ms=0.237731 gpu_resource_sampling_overhead_ms=0.03342 semantic_gates=16/16 timing_direct=true resource_overhead_excluded=true step_sum_used=false status=PASS
sample_index=7 cpu_pipeline_ms=2151.15 gpu_pipeline_ms=245.289 cpu_resource_sampling_overhead_ms=0.26034 gpu_resource_sampling_overhead_ms=0.03345 semantic_gates=16/16 timing_direct=true resource_overhead_excluded=true step_sum_used=false status=PASS
sample_index=8 cpu_pipeline_ms=1919.56 gpu_pipeline_ms=245.286 cpu_resource_sampling_overhead_ms=0.22779 gpu_resource_sampling_overhead_ms=0.03275 semantic_gates=16/16 timing_direct=true resource_overhead_excluded=true step_sum_used=false status=PASS
sample_index=9 cpu_pipeline_ms=1941.41 gpu_pipeline_ms=245.049 cpu_resource_sampling_overhead_ms=0.31236 gpu_resource_sampling_overhead_ms=0.036141 semantic_gates=16/16 timing_direct=true resource_overhead_excluded=true step_sum_used=false status=PASS
sample_index=10 cpu_pipeline_ms=1942.28 gpu_pipeline_ms=244.49 cpu_resource_sampling_overhead_ms=0.25382 gpu_resource_sampling_overhead_ms=0.03364 semantic_gates=16/16 timing_direct=true resource_overhead_excluded=true step_sum_used=false status=PASS
sample_index=11 cpu_pipeline_ms=1900.02 gpu_pipeline_ms=245.843 cpu_resource_sampling_overhead_ms=0.24127 gpu_resource_sampling_overhead_ms=0.03463 semantic_gates=16/16 timing_direct=true resource_overhead_excluded=true step_sum_used=false status=PASS
sample_index=12 cpu_pipeline_ms=1896.53 gpu_pipeline_ms=247.38 cpu_resource_sampling_overhead_ms=0.24364 gpu_resource_sampling_overhead_ms=0.0363 semantic_gates=16/16 timing_direct=true resource_overhead_excluded=true step_sum_used=false status=PASS
sample_index=13 cpu_pipeline_ms=1905.38 gpu_pipeline_ms=245.234 cpu_resource_sampling_overhead_ms=0.22386 gpu_resource_sampling_overhead_ms=0.03352 semantic_gates=16/16 timing_direct=true resource_overhead_excluded=true step_sum_used=false status=PASS
sample_index=14 cpu_pipeline_ms=1864.04 gpu_pipeline_ms=245.432 cpu_resource_sampling_overhead_ms=0.261181 gpu_resource_sampling_overhead_ms=0.032831 semantic_gates=16/16 timing_direct=true resource_overhead_excluded=true step_sum_used=false status=PASS
sample_index=15 cpu_pipeline_ms=1917.38 gpu_pipeline_ms=244.584 cpu_resource_sampling_overhead_ms=0.224331 gpu_resource_sampling_overhead_ms=0.03237 semantic_gates=16/16 timing_direct=true resource_overhead_excluded=true step_sum_used=false status=PASS
sample_index=16 cpu_pipeline_ms=1867.38 gpu_pipeline_ms=244.61 cpu_resource_sampling_overhead_ms=0.253561 gpu_resource_sampling_overhead_ms=0.0361 semantic_gates=16/16 timing_direct=true resource_overhead_excluded=true step_sum_used=false status=PASS
sample_index=17 cpu_pipeline_ms=1936.21 gpu_pipeline_ms=244.158 cpu_resource_sampling_overhead_ms=0.238331 gpu_resource_sampling_overhead_ms=0.03434 semantic_gates=16/16 timing_direct=true resource_overhead_excluded=true step_sum_used=false status=PASS
sample_index=18 cpu_pipeline_ms=1850.58 gpu_pipeline_ms=249.07 cpu_resource_sampling_overhead_ms=0.339082 gpu_resource_sampling_overhead_ms=0.04085 semantic_gates=16/16 timing_direct=true resource_overhead_excluded=true step_sum_used=false status=PASS
sample_index=19 cpu_pipeline_ms=1855.55 gpu_pipeline_ms=247.719 cpu_resource_sampling_overhead_ms=0.252373 gpu_resource_sampling_overhead_ms=0.03342 semantic_gates=16/16 timing_direct=true resource_overhead_excluded=true step_sum_used=false status=PASS
sample_index=20 cpu_pipeline_ms=1846.63 gpu_pipeline_ms=244.654 cpu_resource_sampling_overhead_ms=0.2361 gpu_resource_sampling_overhead_ms=0.03528 semantic_gates=16/16 timing_direct=true resource_overhead_excluded=true step_sum_used=false status=PASS
sample_index=21 cpu_pipeline_ms=1936.97 gpu_pipeline_ms=244.91 cpu_resource_sampling_overhead_ms=0.258922 gpu_resource_sampling_overhead_ms=0.034161 semantic_gates=16/16 timing_direct=true resource_overhead_excluded=true step_sum_used=false status=PASS
sample_index=22 cpu_pipeline_ms=1914.2 gpu_pipeline_ms=244.65 cpu_resource_sampling_overhead_ms=0.237774 gpu_resource_sampling_overhead_ms=0.03396 semantic_gates=16/16 timing_direct=true resource_overhead_excluded=true step_sum_used=false status=PASS
sample_index=23 cpu_pipeline_ms=1936.23 gpu_pipeline_ms=244.734 cpu_resource_sampling_overhead_ms=0.245362 gpu_resource_sampling_overhead_ms=0.03444 semantic_gates=16/16 timing_direct=true resource_overhead_excluded=true step_sum_used=false status=PASS
sample_index=24 cpu_pipeline_ms=1935.19 gpu_pipeline_ms=245.633 cpu_resource_sampling_overhead_ms=0.244191 gpu_resource_sampling_overhead_ms=0.032531 semantic_gates=16/16 timing_direct=true resource_overhead_excluded=true step_sum_used=false status=PASS
sample_index=25 cpu_pipeline_ms=1840.97 gpu_pipeline_ms=244.471 cpu_resource_sampling_overhead_ms=0.276493 gpu_resource_sampling_overhead_ms=0.03349 semantic_gates=16/16 timing_direct=true resource_overhead_excluded=true step_sum_used=false status=PASS
sample_index=26 cpu_pipeline_ms=1846.4 gpu_pipeline_ms=248.414 cpu_resource_sampling_overhead_ms=0.270951 gpu_resource_sampling_overhead_ms=0.03347 semantic_gates=16/16 timing_direct=true resource_overhead_excluded=true step_sum_used=false status=PASS
sample_index=27 cpu_pipeline_ms=1912.01 gpu_pipeline_ms=245.061 cpu_resource_sampling_overhead_ms=0.243062 gpu_resource_sampling_overhead_ms=0.0325 semantic_gates=16/16 timing_direct=true resource_overhead_excluded=true step_sum_used=false status=PASS
sample_index=28 cpu_pipeline_ms=1914.9 gpu_pipeline_ms=255.471 cpu_resource_sampling_overhead_ms=0.355092 gpu_resource_sampling_overhead_ms=0.03283 semantic_gates=16/16 timing_direct=true resource_overhead_excluded=true step_sum_used=false status=PASS
sample_index=29 cpu_pipeline_ms=1912.62 gpu_pipeline_ms=244.615 cpu_resource_sampling_overhead_ms=0.24328 gpu_resource_sampling_overhead_ms=0.032611 semantic_gates=16/16 timing_direct=true resource_overhead_excluded=true step_sum_used=false status=PASS
sample_index=30 cpu_pipeline_ms=1892.47 gpu_pipeline_ms=246.839 cpu_resource_sampling_overhead_ms=0.255262 gpu_resource_sampling_overhead_ms=0.037691 semantic_gates=16/16 timing_direct=true resource_overhead_excluded=true step_sum_used=false status=PASS
sample_index=31 cpu_pipeline_ms=1927.65 gpu_pipeline_ms=244.302 cpu_resource_sampling_overhead_ms=0.261163 gpu_resource_sampling_overhead_ms=0.03355 semantic_gates=16/16 timing_direct=true resource_overhead_excluded=true step_sum_used=false status=PASS
sample_index=32 cpu_pipeline_ms=1926.92 gpu_pipeline_ms=244.957 cpu_resource_sampling_overhead_ms=0.234152 gpu_resource_sampling_overhead_ms=0.032641 semantic_gates=16/16 timing_direct=true resource_overhead_excluded=true step_sum_used=false status=PASS
sample_index=33 cpu_pipeline_ms=1871.71 gpu_pipeline_ms=246.531 cpu_resource_sampling_overhead_ms=0.24015 gpu_resource_sampling_overhead_ms=0.03408 semantic_gates=16/16 timing_direct=true resource_overhead_excluded=true step_sum_used=false status=PASS
sample_index=34 cpu_pipeline_ms=1882.07 gpu_pipeline_ms=244.73 cpu_resource_sampling_overhead_ms=0.25557 gpu_resource_sampling_overhead_ms=0.0344 semantic_gates=16/16 timing_direct=true resource_overhead_excluded=true step_sum_used=false status=PASS
sample_index=35 cpu_pipeline_ms=1935.23 gpu_pipeline_ms=245.074 cpu_resource_sampling_overhead_ms=0.23029 gpu_resource_sampling_overhead_ms=0.03183 semantic_gates=16/16 timing_direct=true resource_overhead_excluded=true step_sum_used=false status=PASS
sample_index=36 cpu_pipeline_ms=1904.46 gpu_pipeline_ms=244.801 cpu_resource_sampling_overhead_ms=0.221531 gpu_resource_sampling_overhead_ms=0.03203 semantic_gates=16/16 timing_direct=true resource_overhead_excluded=true step_sum_used=false status=PASS
sample_index=37 cpu_pipeline_ms=1950.71 gpu_pipeline_ms=244.387 cpu_resource_sampling_overhead_ms=0.233601 gpu_resource_sampling_overhead_ms=0.03142 semantic_gates=16/16 timing_direct=true resource_overhead_excluded=true step_sum_used=false status=PASS
sample_index=38 cpu_pipeline_ms=1895.92 gpu_pipeline_ms=245.857 cpu_resource_sampling_overhead_ms=0.29642 gpu_resource_sampling_overhead_ms=0.0326 semantic_gates=16/16 timing_direct=true resource_overhead_excluded=true step_sum_used=false status=PASS
sample_index=39 cpu_pipeline_ms=1939.11 gpu_pipeline_ms=246.468 cpu_resource_sampling_overhead_ms=0.218742 gpu_resource_sampling_overhead_ms=0.03276 semantic_gates=16/16 timing_direct=true resource_overhead_excluded=true step_sum_used=false status=PASS
sample_index=40 cpu_pipeline_ms=1944.76 gpu_pipeline_ms=244.874 cpu_resource_sampling_overhead_ms=0.24882 gpu_resource_sampling_overhead_ms=0.03312 semantic_gates=16/16 timing_direct=true resource_overhead_excluded=true step_sum_used=false status=PASS
sample_index=41 cpu_pipeline_ms=1888.72 gpu_pipeline_ms=244.748 cpu_resource_sampling_overhead_ms=0.25765 gpu_resource_sampling_overhead_ms=0.03273 semantic_gates=16/16 timing_direct=true resource_overhead_excluded=true step_sum_used=false status=PASS
sample_index=42 cpu_pipeline_ms=1934.14 gpu_pipeline_ms=246.454 cpu_resource_sampling_overhead_ms=0.237032 gpu_resource_sampling_overhead_ms=0.03393 semantic_gates=16/16 timing_direct=true resource_overhead_excluded=true step_sum_used=false status=PASS
sample_index=43 cpu_pipeline_ms=1919.15 gpu_pipeline_ms=245.738 cpu_resource_sampling_overhead_ms=0.285851 gpu_resource_sampling_overhead_ms=0.03471 semantic_gates=16/16 timing_direct=true resource_overhead_excluded=true step_sum_used=false status=PASS
sample_index=44 cpu_pipeline_ms=1918.05 gpu_pipeline_ms=244.229 cpu_resource_sampling_overhead_ms=0.376541 gpu_resource_sampling_overhead_ms=0.03319 semantic_gates=16/16 timing_direct=true resource_overhead_excluded=true step_sum_used=false status=PASS
sample_index=45 cpu_pipeline_ms=1947.94 gpu_pipeline_ms=244.318 cpu_resource_sampling_overhead_ms=0.261672 gpu_resource_sampling_overhead_ms=0.03323 semantic_gates=16/16 timing_direct=true resource_overhead_excluded=true step_sum_used=false status=PASS
sample_index=46 cpu_pipeline_ms=1922.23 gpu_pipeline_ms=244.445 cpu_resource_sampling_overhead_ms=0.237372 gpu_resource_sampling_overhead_ms=0.032231 semantic_gates=16/16 timing_direct=true resource_overhead_excluded=true step_sum_used=false status=PASS
sample_index=47 cpu_pipeline_ms=1959.25 gpu_pipeline_ms=244.439 cpu_resource_sampling_overhead_ms=0.255554 gpu_resource_sampling_overhead_ms=0.032201 semantic_gates=16/16 timing_direct=true resource_overhead_excluded=true step_sum_used=false status=PASS
sample_index=48 cpu_pipeline_ms=1911.67 gpu_pipeline_ms=244.704 cpu_resource_sampling_overhead_ms=0.22429 gpu_resource_sampling_overhead_ms=0.03141 semantic_gates=16/16 timing_direct=true resource_overhead_excluded=true step_sum_used=false status=PASS
sample_index=49 cpu_pipeline_ms=1922.92 gpu_pipeline_ms=245.151 cpu_resource_sampling_overhead_ms=0.247071 gpu_resource_sampling_overhead_ms=0.03163 semantic_gates=16/16 timing_direct=true resource_overhead_excluded=true step_sum_used=false status=PASS
sample_index=50 cpu_pipeline_ms=1824.23 gpu_pipeline_ms=244.179 cpu_resource_sampling_overhead_ms=0.270842 gpu_resource_sampling_overhead_ms=0.03382 semantic_gates=16/16 timing_direct=true resource_overhead_excluded=true step_sum_used=false status=PASS
sample_index=51 cpu_pipeline_ms=1953.3 gpu_pipeline_ms=245.897 cpu_resource_sampling_overhead_ms=0.261332 gpu_resource_sampling_overhead_ms=0.03429 semantic_gates=16/16 timing_direct=true resource_overhead_excluded=true step_sum_used=false status=PASS
sample_index=52 cpu_pipeline_ms=1912.8 gpu_pipeline_ms=244.927 cpu_resource_sampling_overhead_ms=0.260712 gpu_resource_sampling_overhead_ms=0.03302 semantic_gates=16/16 timing_direct=true resource_overhead_excluded=true step_sum_used=false status=PASS
sample_index=53 cpu_pipeline_ms=1924.66 gpu_pipeline_ms=244.72 cpu_resource_sampling_overhead_ms=0.289893 gpu_resource_sampling_overhead_ms=0.03356 semantic_gates=16/16 timing_direct=true resource_overhead_excluded=true step_sum_used=false status=PASS
sample_index=54 cpu_pipeline_ms=1928.88 gpu_pipeline_ms=245.161 cpu_resource_sampling_overhead_ms=0.250901 gpu_resource_sampling_overhead_ms=0.03158 semantic_gates=16/16 timing_direct=true resource_overhead_excluded=true step_sum_used=false status=PASS
sample_index=55 cpu_pipeline_ms=1877.75 gpu_pipeline_ms=244.54 cpu_resource_sampling_overhead_ms=0.228361 gpu_resource_sampling_overhead_ms=0.0326 semantic_gates=16/16 timing_direct=true resource_overhead_excluded=true step_sum_used=false status=PASS
sample_index=56 cpu_pipeline_ms=1922.21 gpu_pipeline_ms=244.62 cpu_resource_sampling_overhead_ms=0.238481 gpu_resource_sampling_overhead_ms=0.0333 semantic_gates=16/16 timing_direct=true resource_overhead_excluded=true step_sum_used=false status=PASS
sample_index=57 cpu_pipeline_ms=1901.08 gpu_pipeline_ms=244.345 cpu_resource_sampling_overhead_ms=0.248092 gpu_resource_sampling_overhead_ms=0.031841 semantic_gates=16/16 timing_direct=true resource_overhead_excluded=true step_sum_used=false status=PASS
sample_index=58 cpu_pipeline_ms=1921.12 gpu_pipeline_ms=249.431 cpu_resource_sampling_overhead_ms=0.244672 gpu_resource_sampling_overhead_ms=0.03394 semantic_gates=16/16 timing_direct=true resource_overhead_excluded=true step_sum_used=false status=PASS
sample_index=59 cpu_pipeline_ms=1927.3 gpu_pipeline_ms=244.577 cpu_resource_sampling_overhead_ms=0.24327 gpu_resource_sampling_overhead_ms=0.03339 semantic_gates=16/16 timing_direct=true resource_overhead_excluded=true step_sum_used=false status=PASS
sample_index=60 cpu_pipeline_ms=1890.11 gpu_pipeline_ms=248.078 cpu_resource_sampling_overhead_ms=0.250242 gpu_resource_sampling_overhead_ms=0.0352 semantic_gates=16/16 timing_direct=true resource_overhead_excluded=true step_sum_used=false status=PASS
sample_index=61 cpu_pipeline_ms=1850.85 gpu_pipeline_ms=247.887 cpu_resource_sampling_overhead_ms=0.472181 gpu_resource_sampling_overhead_ms=0.03952 semantic_gates=16/16 timing_direct=true resource_overhead_excluded=true step_sum_used=false status=PASS
sample_index=62 cpu_pipeline_ms=1920.3 gpu_pipeline_ms=244.934 cpu_resource_sampling_overhead_ms=0.241701 gpu_resource_sampling_overhead_ms=0.03268 semantic_gates=16/16 timing_direct=true resource_overhead_excluded=true step_sum_used=false status=PASS
sample_index=63 cpu_pipeline_ms=2152.98 gpu_pipeline_ms=244.625 cpu_resource_sampling_overhead_ms=0.248571 gpu_resource_sampling_overhead_ms=0.03199 semantic_gates=16/16 timing_direct=true resource_overhead_excluded=true step_sum_used=false status=PASS
sample_index=64 cpu_pipeline_ms=1923.62 gpu_pipeline_ms=244.542 cpu_resource_sampling_overhead_ms=0.293762 gpu_resource_sampling_overhead_ms=0.03419 semantic_gates=16/16 timing_direct=true resource_overhead_excluded=true step_sum_used=false status=PASS
sample_index=65 cpu_pipeline_ms=1921.12 gpu_pipeline_ms=246.135 cpu_resource_sampling_overhead_ms=0.232971 gpu_resource_sampling_overhead_ms=0.03308 semantic_gates=16/16 timing_direct=true resource_overhead_excluded=true step_sum_used=false status=PASS
sample_index=66 cpu_pipeline_ms=1937.25 gpu_pipeline_ms=245.828 cpu_resource_sampling_overhead_ms=0.244994 gpu_resource_sampling_overhead_ms=0.03317 semantic_gates=16/16 timing_direct=true resource_overhead_excluded=true step_sum_used=false status=PASS
sample_index=67 cpu_pipeline_ms=1916 gpu_pipeline_ms=244.258 cpu_resource_sampling_overhead_ms=0.255643 gpu_resource_sampling_overhead_ms=0.034191 semantic_gates=16/16 timing_direct=true resource_overhead_excluded=true step_sum_used=false status=PASS
sample_index=68 cpu_pipeline_ms=1914.48 gpu_pipeline_ms=245.212 cpu_resource_sampling_overhead_ms=0.242431 gpu_resource_sampling_overhead_ms=0.03308 semantic_gates=16/16 timing_direct=true resource_overhead_excluded=true step_sum_used=false status=PASS
sample_index=69 cpu_pipeline_ms=1895.23 gpu_pipeline_ms=244.96 cpu_resource_sampling_overhead_ms=0.261682 gpu_resource_sampling_overhead_ms=0.03387 semantic_gates=16/16 timing_direct=true resource_overhead_excluded=true step_sum_used=false status=PASS
sample_index=70 cpu_pipeline_ms=1922.97 gpu_pipeline_ms=245.275 cpu_resource_sampling_overhead_ms=0.24119 gpu_resource_sampling_overhead_ms=0.03252 semantic_gates=16/16 timing_direct=true resource_overhead_excluded=true step_sum_used=false status=PASS
sample_index=71 cpu_pipeline_ms=1978.07 gpu_pipeline_ms=245.408 cpu_resource_sampling_overhead_ms=0.290262 gpu_resource_sampling_overhead_ms=0.03501 semantic_gates=16/16 timing_direct=true resource_overhead_excluded=true step_sum_used=false status=PASS
sample_index=72 cpu_pipeline_ms=1931.71 gpu_pipeline_ms=246.352 cpu_resource_sampling_overhead_ms=0.236271 gpu_resource_sampling_overhead_ms=0.03254 semantic_gates=16/16 timing_direct=true resource_overhead_excluded=true step_sum_used=false status=PASS
sample_index=73 cpu_pipeline_ms=1849.31 gpu_pipeline_ms=246.236 cpu_resource_sampling_overhead_ms=0.250481 gpu_resource_sampling_overhead_ms=0.03433 semantic_gates=16/16 timing_direct=true resource_overhead_excluded=true step_sum_used=false status=PASS
sample_index=74 cpu_pipeline_ms=1905.23 gpu_pipeline_ms=245.166 cpu_resource_sampling_overhead_ms=0.243081 gpu_resource_sampling_overhead_ms=0.03133 semantic_gates=16/16 timing_direct=true resource_overhead_excluded=true step_sum_used=false status=PASS
sample_index=75 cpu_pipeline_ms=1946.05 gpu_pipeline_ms=245.556 cpu_resource_sampling_overhead_ms=0.292262 gpu_resource_sampling_overhead_ms=0.03378 semantic_gates=16/16 timing_direct=true resource_overhead_excluded=true step_sum_used=false status=PASS
sample_index=76 cpu_pipeline_ms=1894.44 gpu_pipeline_ms=244.553 cpu_resource_sampling_overhead_ms=0.246833 gpu_resource_sampling_overhead_ms=0.0319 semantic_gates=16/16 timing_direct=true resource_overhead_excluded=true step_sum_used=false status=PASS
sample_index=77 cpu_pipeline_ms=1902.38 gpu_pipeline_ms=248.802 cpu_resource_sampling_overhead_ms=0.261081 gpu_resource_sampling_overhead_ms=0.03723 semantic_gates=16/16 timing_direct=true resource_overhead_excluded=true step_sum_used=false status=PASS
sample_index=78 cpu_pipeline_ms=1984.28 gpu_pipeline_ms=246.168 cpu_resource_sampling_overhead_ms=0.234563 gpu_resource_sampling_overhead_ms=0.033921 semantic_gates=16/16 timing_direct=true resource_overhead_excluded=true step_sum_used=false status=PASS
sample_index=79 cpu_pipeline_ms=1924.96 gpu_pipeline_ms=245.182 cpu_resource_sampling_overhead_ms=0.255582 gpu_resource_sampling_overhead_ms=0.0347 semantic_gates=16/16 timing_direct=true resource_overhead_excluded=true step_sum_used=false status=PASS
sample_index=80 cpu_pipeline_ms=1850.57 gpu_pipeline_ms=245.873 cpu_resource_sampling_overhead_ms=0.274692 gpu_resource_sampling_overhead_ms=0.03894 semantic_gates=16/16 timing_direct=true resource_overhead_excluded=true step_sum_used=false status=PASS
sample_index=81 cpu_pipeline_ms=1823.99 gpu_pipeline_ms=246.089 cpu_resource_sampling_overhead_ms=0.340433 gpu_resource_sampling_overhead_ms=0.037041 semantic_gates=16/16 timing_direct=true resource_overhead_excluded=true step_sum_used=false status=PASS
sample_index=82 cpu_pipeline_ms=1988.92 gpu_pipeline_ms=248.016 cpu_resource_sampling_overhead_ms=0.305381 gpu_resource_sampling_overhead_ms=0.03619 semantic_gates=16/16 timing_direct=true resource_overhead_excluded=true step_sum_used=false status=PASS
sample_index=83 cpu_pipeline_ms=1920.76 gpu_pipeline_ms=244.791 cpu_resource_sampling_overhead_ms=0.277321 gpu_resource_sampling_overhead_ms=0.0329 semantic_gates=16/16 timing_direct=true resource_overhead_excluded=true step_sum_used=false status=PASS
sample_index=84 cpu_pipeline_ms=1890.94 gpu_pipeline_ms=247.048 cpu_resource_sampling_overhead_ms=0.307872 gpu_resource_sampling_overhead_ms=0.03666 semantic_gates=16/16 timing_direct=true resource_overhead_excluded=true step_sum_used=false status=PASS
sample_index=85 cpu_pipeline_ms=1883.7 gpu_pipeline_ms=245.384 cpu_resource_sampling_overhead_ms=0.248186 gpu_resource_sampling_overhead_ms=0.03303 semantic_gates=16/16 timing_direct=true resource_overhead_excluded=true step_sum_used=false status=PASS
sample_index=86 cpu_pipeline_ms=1858.88 gpu_pipeline_ms=247.276 cpu_resource_sampling_overhead_ms=0.279376 gpu_resource_sampling_overhead_ms=0.03652 semantic_gates=16/16 timing_direct=true resource_overhead_excluded=true step_sum_used=false status=PASS
sample_index=87 cpu_pipeline_ms=1898.9 gpu_pipeline_ms=245.401 cpu_resource_sampling_overhead_ms=0.307866 gpu_resource_sampling_overhead_ms=0.03358 semantic_gates=16/16 timing_direct=true resource_overhead_excluded=true step_sum_used=false status=PASS
sample_index=88 cpu_pipeline_ms=1893.41 gpu_pipeline_ms=245.603 cpu_resource_sampling_overhead_ms=0.272618 gpu_resource_sampling_overhead_ms=0.034449 semantic_gates=16/16 timing_direct=true resource_overhead_excluded=true step_sum_used=false status=PASS
sample_index=89 cpu_pipeline_ms=1919.45 gpu_pipeline_ms=245.712 cpu_resource_sampling_overhead_ms=0.242906 gpu_resource_sampling_overhead_ms=0.03294 semantic_gates=16/16 timing_direct=true resource_overhead_excluded=true step_sum_used=false status=PASS
sample_index=90 cpu_pipeline_ms=1911.51 gpu_pipeline_ms=245.381 cpu_resource_sampling_overhead_ms=0.243699 gpu_resource_sampling_overhead_ms=0.03306 semantic_gates=16/16 timing_direct=true resource_overhead_excluded=true step_sum_used=false status=PASS
sample_index=91 cpu_pipeline_ms=1928.25 gpu_pipeline_ms=245.206 cpu_resource_sampling_overhead_ms=0.240396 gpu_resource_sampling_overhead_ms=0.032639 semantic_gates=16/16 timing_direct=true resource_overhead_excluded=true step_sum_used=false status=PASS
sample_index=92 cpu_pipeline_ms=1833.61 gpu_pipeline_ms=245.269 cpu_resource_sampling_overhead_ms=0.23868 gpu_resource_sampling_overhead_ms=0.03334 semantic_gates=16/16 timing_direct=true resource_overhead_excluded=true step_sum_used=false status=PASS
sample_index=93 cpu_pipeline_ms=1898.25 gpu_pipeline_ms=244.336 cpu_resource_sampling_overhead_ms=0.252389 gpu_resource_sampling_overhead_ms=0.03408 semantic_gates=16/16 timing_direct=true resource_overhead_excluded=true step_sum_used=false status=PASS
sample_index=94 cpu_pipeline_ms=1891 gpu_pipeline_ms=245.844 cpu_resource_sampling_overhead_ms=0.2632 gpu_resource_sampling_overhead_ms=0.03543 semantic_gates=16/16 timing_direct=true resource_overhead_excluded=true step_sum_used=false status=PASS
sample_index=95 cpu_pipeline_ms=1911.12 gpu_pipeline_ms=245.869 cpu_resource_sampling_overhead_ms=0.25753 gpu_resource_sampling_overhead_ms=0.03347 semantic_gates=16/16 timing_direct=true resource_overhead_excluded=true step_sum_used=false status=PASS
sample_index=96 cpu_pipeline_ms=1944.31 gpu_pipeline_ms=245.028 cpu_resource_sampling_overhead_ms=0.25671 gpu_resource_sampling_overhead_ms=0.03331 semantic_gates=16/16 timing_direct=true resource_overhead_excluded=true step_sum_used=false status=PASS
sample_index=97 cpu_pipeline_ms=1867.3 gpu_pipeline_ms=249.41 cpu_resource_sampling_overhead_ms=0.27675 gpu_resource_sampling_overhead_ms=0.03623 semantic_gates=16/16 timing_direct=true resource_overhead_excluded=true step_sum_used=false status=PASS
sample_index=98 cpu_pipeline_ms=1906.88 gpu_pipeline_ms=255.303 cpu_resource_sampling_overhead_ms=0.25977 gpu_resource_sampling_overhead_ms=0.03815 semantic_gates=16/16 timing_direct=true resource_overhead_excluded=true step_sum_used=false status=PASS
sample_index=99 cpu_pipeline_ms=1914.52 gpu_pipeline_ms=244.155 cpu_resource_sampling_overhead_ms=0.259501 gpu_resource_sampling_overhead_ms=0.03247 semantic_gates=16/16 timing_direct=true resource_overhead_excluded=true step_sum_used=false status=PASS
function=Task2 frozen full six-step pipeline
call_chain=Step1->Step2;Step2+Step1->Step3;Step3 dual outputs->Step4;Step4->Step5;Step5+Step4+Kalman/delay->Step6
timing=pipeline_total measured directly;not=sum(step timings)
cpu_correlation_method=direct_parallel_exact workers=255
resource_sampling_mode=same_pipeline_execution
status=PASS return_code=0
