[stage07] identity and status
+------------+-----------------+--------+----------------+-------+--------+----------+--------------------------+--------+------------+
| target     | scale_id        | device | backend        | dtype | warmup | measured | timing_scope             | status | error_code |
+------------+-----------------+--------+----------------+-------+--------+----------+--------------------------+--------+------------+
| gausspulse | gauss_fp16_10e2 | CPU    | not_applicable | FP16  | 20     | 100      | compatibility/end-to-end | PASS   | OK         |
| gausspulse | gauss_fp16_10e2 | GPU    | not_applicable | FP16  | 20     | 100      | compatibility/end-to-end | PASS   | OK         |
+------------+-----------------+--------+----------------+-------+--------+----------+--------------------------+--------+------------+

[stage07] timing detail
+--------+----------------------+----------------------+----------+--------------------+----------+----------+-----------------------+----------------------+---------------------+
| device | mean_ms              | p50_ms               | p95_ms   | p99_ms             | min_ms   | max_ms   | std_ms                | cv                   | speedup             |
+--------+----------------------+----------------------+----------+--------------------+----------+----------+-----------------------+----------------------+---------------------+
| CPU    | 0.013576699999999999 | 0.013565500000000001 | 0.013681 | 0.01375011         | 0.013491 | 0.013761 | 5.396026315725308e-05 | 0.003974475620530253 | NA                  |
| GPU    | 0.17467576999999998  | 0.16974499999999998  | 0.190541 | 0.2853360100000002 | 0.166004 | 0.321769 | 0.02067243573595284   | 0.11834747163818338  | 0.07772514756912192 |
+--------+----------------------+----------------------+----------+--------------------+----------+----------+-----------------------+----------------------+---------------------+

[stage07] accuracy detail
+---------------------+-----+------+-------------+---------------+-------------+----------------+-----------------------------------------------------------------+--------+
| reference           | mse | rmse | relative_l2 | relative_linf | exact_match | mismatch_count | semantic_check                                                  | status |
+---------------------+-----+------+-------------+---------------+-------------+----------------+-----------------------------------------------------------------+--------+
| typed_cpu_reference | 0   | 0    | 0           | 0             | NA          | NA             | output_shape=[128];output_dtype=FP16;finite_numeric_output=true | PASS   |
+---------------------+-----+------+-------------+---------------+-------------+----------------+-----------------------------------------------------------------+--------+

[stage07] resource detail
+--------+------------+--------------+-------------+------------+-------------+
| device | metric     | before_bytes | after_bytes | peak_bytes | delta_bytes |
+--------+------------+--------------+-------------+------------+-------------+
| CPU    | cpu_heap   | 1370320      | 1375456     | 1375456    | 5136        |
| CPU    | rss        | 69230592     | 69230592    | 69230592   | 0           |
| GPU    | cpu_heap   | 1375456      | 1378624     | 1378624    | 3168        |
| GPU    | rss        | 69230592     | 69230592    | 69230592   | 0           |
| GPU    | gpu_memory | 391544832    | 391544832   | 391544832  | 0           |
+--------+------------+--------------+-------------+------------+-------------+

[stage07] input content
+------------+-------+-------+----------+--------------------------------------------+-------------------------------------------------------------------------+
| input_name | shape | dtype | elements | generator                                  | values(head4/tail2)                                                     |
+------------+-------+-------+----------+--------------------------------------------+-------------------------------------------------------------------------+
| time       | [128] | FP16  | 128      | centered_time_minus16_to_16(32*i/(N-1)-16) | i=0:-16;i=1:-15.75;i=2:-15.4921875;i=3:-15.2421875;i=126:15.75;i=127:16 |
+------------+-------+-------+----------+--------------------------------------------+-------------------------------------------------------------------------+

[stage07] case parameters
+----------------------------------------------------------------+
| parameters                                                     |
+----------------------------------------------------------------+
| {"bw":0.2,"bwr_db":-6,"fc":0.05,"return_component":"in_phase"} |
+----------------------------------------------------------------+

[stage07] input and output identity
+--------+------------------------------------------------------------------+------------------------------------------------------------------+
| device | input_digest                                                     | output_digest                                                    |
+--------+------------------------------------------------------------------+------------------------------------------------------------------+
| CPU    | 653482d6ca9ad5213e6fd85acce7aadb68815ae069425d41e9cd04b8edae853c | b7871b7405ecdc1cb29c16f0197a5f9bd694f26e2123817d62c8968a968025fb |
| GPU    | 653482d6ca9ad5213e6fd85acce7aadb68815ae069425d41e9cd04b8edae853c | b7871b7405ecdc1cb29c16f0197a5f9bd694f26e2123817d62c8968a968025fb |
+--------+------------------------------------------------------------------+------------------------------------------------------------------+

[stage07] dtype evidence
+-----------------+--------------------+--------------+------------------------------------------------------------------+------------------------------------------------------------------+
| requested_dtype | config_input_dtype | output_dtype | typed_array_digest                                               | actual_input_digest                                              |
+-----------------+--------------------+--------------+------------------------------------------------------------------+------------------------------------------------------------------+
| FP16            | FP16               | FP16         | 066e8e48c945c888b7ff6b6fd43ca3f3b6c5ce762d64c76530302a5cff900cfd | 653482d6ca9ad5213e6fd85acce7aadb68815ae069425d41e9cd04b8edae853c |
+-----------------+--------------------+--------------+------------------------------------------------------------------+------------------------------------------------------------------+

[stage07] evidence files
+-------------+---------------------------------------------------------------------------------------------------------------------------------------------------------------------------------------------------------------------------------------+
| kind        | path                                                                                                                                                                                                                                  |
+-------------+---------------------------------------------------------------------------------------------------------------------------------------------------------------------------------------------------------------------------------------+
| main_csv    | /tmp/ZKX_dev/results/stage07_b02_formal_76c5b6f8b36d/formal/20260810T092021Z_76c5b6f8b36d_stage07_b02_formal_c9292f7b/operator_main_results_gausspulse_not_applicable_20260810T092021Z_76c5b6f8b36d_stage07_b02_formal_c9292f7b.csv   |
| timing_csv  | /tmp/ZKX_dev/results/stage07_b02_formal_76c5b6f8b36d/formal/20260810T092021Z_76c5b6f8b36d_stage07_b02_formal_c9292f7b/operator_timing_samples_gausspulse_not_applicable_20260810T092021Z_76c5b6f8b36d_stage07_b02_formal_c9292f7b.csv |
| memory_csv  | /tmp/ZKX_dev/results/stage07_b02_formal_76c5b6f8b36d/formal/20260810T092021Z_76c5b6f8b36d_stage07_b02_formal_c9292f7b/operator_waveforms_gausspulse_memory_trace_not_applicable.csv                                                   |
| dtype_csv   | /tmp/ZKX_dev/results/stage07_b02_formal_76c5b6f8b36d/formal/20260810T092021Z_76c5b6f8b36d_stage07_b02_formal_c9292f7b/operator_dtype_evidence_gausspulse_not_applicable_20260810T092021Z_76c5b6f8b36d_stage07_b02_formal_c9292f7b.csv |
| report_json | /tmp/ZKX_dev/results/stage07_b02_formal_76c5b6f8b36d/formal/20260810T092021Z_76c5b6f8b36d_stage07_b02_formal_c9292f7b/operator_gausspulse_report.json                                                                                 |
| summary_txt | /tmp/ZKX_dev/results/stage07_b02_formal_76c5b6f8b36d/formal/20260810T092021Z_76c5b6f8b36d_stage07_b02_formal_c9292f7b/operator_gausspulse_summary.txt                                                                                 |
| full_log    | /tmp/ZKX_dev/results/stage07_b02_formal_76c5b6f8b36d/formal/20260810T092021Z_76c5b6f8b36d_stage07_b02_formal_c9292f7b/operator_gausspulse_full.log                                                                                    |
| result_dir  | /tmp/ZKX_dev/results/stage07_b02_formal_76c5b6f8b36d/formal/20260810T092021Z_76c5b6f8b36d_stage07_b02_formal_c9292f7b                                                                                                                 |
+-------------+---------------------------------------------------------------------------------------------------------------------------------------------------------------------------------------------------------------------------------------+
STAGE07_WAVEFORM_CASE PASS operator=gausspulse scale=gauss_fp16_10e2 dtype=FP16 backend=not_applicable measured=100 results=/tmp/ZKX_dev/results/stage07_b02_formal_76c5b6f8b36d/formal/20260810T092021Z_76c5b6f8b36d_stage07_b02_formal_c9292f7b
