[stage07] identity and status
+------------+------------------+--------+----------------+-------+--------+----------+--------------------------+--------+------------+
| target     | scale_id         | device | backend        | dtype | warmup | measured | timing_scope             | status | error_code |
+------------+------------------+--------+----------------+-------+--------+----------+--------------------------+--------+------------+
| gausspulse | gauss_int16_10e3 | CPU    | not_applicable | INT16 | 20     | 100      | compatibility/end-to-end | PASS   | OK         |
| gausspulse | gauss_int16_10e3 | GPU    | not_applicable | INT16 | 20     | 100      | compatibility/end-to-end | PASS   | OK         |
+------------+------------------+--------+----------------+-------+--------+----------+--------------------------+--------+------------+

[stage07] timing detail
+--------+----------------------+----------------------+-----------+---------------------+----------+----------+-----------------------+---------------------+--------------------+
| device | mean_ms              | p50_ms               | p95_ms    | p99_ms              | min_ms   | max_ms   | std_ms                | cv                  | speedup            |
+--------+----------------------+----------------------+-----------+---------------------+----------+----------+-----------------------+---------------------+--------------------+
| CPU    | 0.044229399999999995 | 0.044095999999999996 | 0.0441715 | 0.04447751000000008 | 0.043931 | 0.059972 | 0.001583903324070001  | 0.03581109678336132 | NA                 |
| GPU    | 0.17086597           | 0.17062549999999999  | 0.1745815 | 0.17926600000000004 | 0.165234 | 0.186196 | 0.0028071609446378367 | 0.0164290229624883  | 0.2588543523324158 |
+--------+----------------------+----------------------+-----------+---------------------+----------+----------+-----------------------+---------------------+--------------------+

[stage07] accuracy detail
+---------------------+-----+------+-------------+---------------+-------------+----------------+-------------------------------------------------------------------+--------+
| reference           | mse | rmse | relative_l2 | relative_linf | exact_match | mismatch_count | semantic_check                                                    | status |
+---------------------+-----+------+-------------+---------------+-------------+----------------+-------------------------------------------------------------------+--------+
| typed_cpu_reference | 0   | 0    | 0           | 0             | NA          | NA             | output_shape=[1024];output_dtype=INT16;finite_numeric_output=true | PASS   |
+---------------------+-----+------+-------------+---------------+-------------+----------------+-------------------------------------------------------------------+--------+

[stage07] resource detail
+--------+------------+--------------+-------------+------------+-------------+
| device | metric     | before_bytes | after_bytes | peak_bytes | delta_bytes |
+--------+------------+--------------+-------------+------------+-------------+
| CPU    | cpu_heap   | 1374400      | 1388720     | 1388720    | 14320       |
| CPU    | rss        | 69562368     | 69562368    | 69562368   | 0           |
| GPU    | cpu_heap   | 1388816      | 1400256     | 1400256    | 11440       |
| GPU    | rss        | 69562368     | 69885952    | 69885952   | 323584      |
| GPU    | gpu_memory | 391544832    | 391544832   | 391544832  | 0           |
+--------+------------+--------------+-------------+------------+-------------+

[stage07] input content
+------------+--------+-------+----------+-------------------------------------------------------------+-----------------------------------------------------+
| input_name | shape  | dtype | elements | generator                                                   | values(head4/tail2)                                 |
+------------+--------+-------+----------+-------------------------------------------------------------+-----------------------------------------------------+
| time       | [1024] | INT16 | 1024     | quantized_centered_time_minus16_to_16(round(32*i/(N-1)-16)) | i=0:-16;i=1:-16;i=2:-16;i=3:-16;i=1022:16;i=1023:16 |
+------------+--------+-------+----------+-------------------------------------------------------------+-----------------------------------------------------+

[stage07] case parameters
+----------------------------------------------------------------+
| parameters                                                     |
+----------------------------------------------------------------+
| {"bw":0.2,"bwr_db":-6,"fc":0.05,"return_component":"in_phase"} |
+----------------------------------------------------------------+

[stage07] input and output identity
+--------+------------------------------------------------------------------+------------------------------------------------------------------+
| device | input_digest                                                     | output_digest                                                    |
+--------+------------------------------------------------------------------+------------------------------------------------------------------+
| CPU    | 81ee13e57bfc72fef5364bd4b1c0bb172999b5af814ee1a5350b191ec4a0dbe7 | 46b39d54355a744d79ce0defe06e4bc96efdecd5c65baa9afb8531dfd03d6b89 |
| GPU    | 81ee13e57bfc72fef5364bd4b1c0bb172999b5af814ee1a5350b191ec4a0dbe7 | 46b39d54355a744d79ce0defe06e4bc96efdecd5c65baa9afb8531dfd03d6b89 |
+--------+------------------------------------------------------------------+------------------------------------------------------------------+

[stage07] dtype evidence
+-----------------+--------------------+--------------+------------------------------------------------------------------+------------------------------------------------------------------+
| requested_dtype | config_input_dtype | output_dtype | typed_array_digest                                               | actual_input_digest                                              |
+-----------------+--------------------+--------------+------------------------------------------------------------------+------------------------------------------------------------------+
| INT16           | INT16              | INT16        | 6d70879dc46137da1d9bf3eae95e54f9d41f141c84cb7e1aaf96fc34feb4c64d | 81ee13e57bfc72fef5364bd4b1c0bb172999b5af814ee1a5350b191ec4a0dbe7 |
+-----------------+--------------------+--------------+------------------------------------------------------------------+------------------------------------------------------------------+

[stage07] evidence files
+-------------+---------------------------------------------------------------------------------------------------------------------------------------------------------------------------------------------------------------------------------------+
| kind        | path                                                                                                                                                                                                                                  |
+-------------+---------------------------------------------------------------------------------------------------------------------------------------------------------------------------------------------------------------------------------------+
| main_csv    | /tmp/ZKX_dev/results/stage07_b02_formal_76c5b6f8b36d/formal/20260810T092022Z_76c5b6f8b36d_stage07_b02_formal_a9089da7/operator_main_results_gausspulse_not_applicable_20260810T092022Z_76c5b6f8b36d_stage07_b02_formal_a9089da7.csv   |
| timing_csv  | /tmp/ZKX_dev/results/stage07_b02_formal_76c5b6f8b36d/formal/20260810T092022Z_76c5b6f8b36d_stage07_b02_formal_a9089da7/operator_timing_samples_gausspulse_not_applicable_20260810T092022Z_76c5b6f8b36d_stage07_b02_formal_a9089da7.csv |
| memory_csv  | /tmp/ZKX_dev/results/stage07_b02_formal_76c5b6f8b36d/formal/20260810T092022Z_76c5b6f8b36d_stage07_b02_formal_a9089da7/operator_waveforms_gausspulse_memory_trace_not_applicable.csv                                                   |
| dtype_csv   | /tmp/ZKX_dev/results/stage07_b02_formal_76c5b6f8b36d/formal/20260810T092022Z_76c5b6f8b36d_stage07_b02_formal_a9089da7/operator_dtype_evidence_gausspulse_not_applicable_20260810T092022Z_76c5b6f8b36d_stage07_b02_formal_a9089da7.csv |
| report_json | /tmp/ZKX_dev/results/stage07_b02_formal_76c5b6f8b36d/formal/20260810T092022Z_76c5b6f8b36d_stage07_b02_formal_a9089da7/operator_gausspulse_report.json                                                                                 |
| summary_txt | /tmp/ZKX_dev/results/stage07_b02_formal_76c5b6f8b36d/formal/20260810T092022Z_76c5b6f8b36d_stage07_b02_formal_a9089da7/operator_gausspulse_summary.txt                                                                                 |
| full_log    | /tmp/ZKX_dev/results/stage07_b02_formal_76c5b6f8b36d/formal/20260810T092022Z_76c5b6f8b36d_stage07_b02_formal_a9089da7/operator_gausspulse_full.log                                                                                    |
| result_dir  | /tmp/ZKX_dev/results/stage07_b02_formal_76c5b6f8b36d/formal/20260810T092022Z_76c5b6f8b36d_stage07_b02_formal_a9089da7                                                                                                                 |
+-------------+---------------------------------------------------------------------------------------------------------------------------------------------------------------------------------------------------------------------------------------+
STAGE07_WAVEFORM_CASE PASS operator=gausspulse scale=gauss_int16_10e3 dtype=INT16 backend=not_applicable measured=100 results=/tmp/ZKX_dev/results/stage07_b02_formal_76c5b6f8b36d/formal/20260810T092022Z_76c5b6f8b36d_stage07_b02_formal_a9089da7
