[stage07] identity and status
+------------+-----------------+--------+----------------+-------+--------+----------+--------------------------+--------+------------+
| target     | scale_id        | device | backend        | dtype | warmup | measured | timing_scope             | status | error_code |
+------------+-----------------+--------+----------------+-------+--------+----------+--------------------------+--------+------------+
| gausspulse | gauss_int8_10e3 | CPU    | not_applicable | INT8  | 20     | 100      | compatibility/end-to-end | PASS   | OK         |
| gausspulse | gauss_int8_10e3 | GPU    | not_applicable | INT8  | 20     | 100      | compatibility/end-to-end | PASS   | OK         |
+------------+-----------------+--------+----------------+-------+--------+----------+--------------------------+--------+------------+

[stage07] timing detail
+--------+------------+----------+------------+---------------------+----------+----------+-----------------------+----------------------+---------------------+
| device | mean_ms    | p50_ms   | p95_ms     | p99_ms              | min_ms   | max_ms   | std_ms                | cv                   | speedup             |
+--------+------------+----------+------------+---------------------+----------+----------+-----------------------+----------------------+---------------------+
| CPU    | 0.04059361 | 0.040491 | 0.040591   | 0.04076440000000005 | 0.040391 | 0.050011 | 0.0009478370101974284 | 0.023349414112157758 | NA                  |
| GPU    | 0.17457248 | 0.170555 | 0.19012245 | 0.2203192500000009  | 0.166175 | 0.398742 | 0.02359802328309725   | 0.13517607862990347  | 0.23253155365610892 |
+--------+------------+----------+------------+---------------------+----------+----------+-----------------------+----------------------+---------------------+

[stage07] accuracy detail
+---------------------+-----+------+-------------+---------------+-------------+----------------+------------------------------------------------------------------+--------+
| reference           | mse | rmse | relative_l2 | relative_linf | exact_match | mismatch_count | semantic_check                                                   | status |
+---------------------+-----+------+-------------+---------------+-------------+----------------+------------------------------------------------------------------+--------+
| typed_cpu_reference | 0   | 0    | 0           | 0             | NA          | NA             | output_shape=[1024];output_dtype=INT8;finite_numeric_output=true | PASS   |
+---------------------+-----+------+-------------+---------------+-------------+----------------+------------------------------------------------------------------+--------+

[stage07] resource detail
+--------+------------+--------------+-------------+------------+-------------+
| device | metric     | before_bytes | after_bytes | peak_bytes | delta_bytes |
+--------+------------+--------------+-------------+------------+-------------+
| CPU    | cpu_heap   | 1371472      | 1385776     | 1385776    | 14304       |
| CPU    | rss        | 69943296     | 69943296    | 69943296   | 0           |
| GPU    | cpu_heap   | 1385856      | 1397200     | 1397200    | 11344       |
| GPU    | rss        | 69943296     | 69943296    | 69943296   | 0           |
| GPU    | gpu_memory | 391544832    | 391544832   | 391544832  | 0           |
+--------+------------+--------------+-------------+------------+-------------+

[stage07] input content
+------------+--------+-------+----------+-------------------------------------------------------------+-----------------------------------------------------+
| input_name | shape  | dtype | elements | generator                                                   | values(head4/tail2)                                 |
+------------+--------+-------+----------+-------------------------------------------------------------+-----------------------------------------------------+
| time       | [1024] | INT8  | 1024     | quantized_centered_time_minus16_to_16(round(32*i/(N-1)-16)) | i=0:-16;i=1:-16;i=2:-16;i=3:-16;i=1022:16;i=1023:16 |
+------------+--------+-------+----------+-------------------------------------------------------------+-----------------------------------------------------+

[stage07] case parameters
+----------------------------------------------------------------+
| parameters                                                     |
+----------------------------------------------------------------+
| {"bw":0.2,"bwr_db":-6,"fc":0.05,"return_component":"in_phase"} |
+----------------------------------------------------------------+

[stage07] input and output identity
+--------+------------------------------------------------------------------+------------------------------------------------------------------+
| device | input_digest                                                     | output_digest                                                    |
+--------+------------------------------------------------------------------+------------------------------------------------------------------+
| CPU    | 504e8d9ad8bf42c8f862a9c8001b6460f03ee3bf6f7e70e38fc4f2d866ddae32 | 66e1cdaea533fe5fde966359107c0e092c0bfcbe9f0f5538164778beac288e7e |
| GPU    | 504e8d9ad8bf42c8f862a9c8001b6460f03ee3bf6f7e70e38fc4f2d866ddae32 | 66e1cdaea533fe5fde966359107c0e092c0bfcbe9f0f5538164778beac288e7e |
+--------+------------------------------------------------------------------+------------------------------------------------------------------+

[stage07] dtype evidence
+-----------------+--------------------+--------------+------------------------------------------------------------------+------------------------------------------------------------------+
| requested_dtype | config_input_dtype | output_dtype | typed_array_digest                                               | actual_input_digest                                              |
+-----------------+--------------------+--------------+------------------------------------------------------------------+------------------------------------------------------------------+
| INT8            | INT8               | INT8         | 747564e9dffa8bf8daaa742ea966b0eee2637824935bba98460d2746c93760d2 | 504e8d9ad8bf42c8f862a9c8001b6460f03ee3bf6f7e70e38fc4f2d866ddae32 |
+-----------------+--------------------+--------------+------------------------------------------------------------------+------------------------------------------------------------------+

[stage07] evidence files
+-------------+---------------------------------------------------------------------------------------------------------------------------------------------------------------------------------------------------------------------------------------+
| kind        | path                                                                                                                                                                                                                                  |
+-------------+---------------------------------------------------------------------------------------------------------------------------------------------------------------------------------------------------------------------------------------+
| main_csv    | /tmp/ZKX_dev/results/stage07_b02_formal_76c5b6f8b36d/formal/20260810T092023Z_76c5b6f8b36d_stage07_b02_formal_c489c3db/operator_main_results_gausspulse_not_applicable_20260810T092023Z_76c5b6f8b36d_stage07_b02_formal_c489c3db.csv   |
| timing_csv  | /tmp/ZKX_dev/results/stage07_b02_formal_76c5b6f8b36d/formal/20260810T092023Z_76c5b6f8b36d_stage07_b02_formal_c489c3db/operator_timing_samples_gausspulse_not_applicable_20260810T092023Z_76c5b6f8b36d_stage07_b02_formal_c489c3db.csv |
| memory_csv  | /tmp/ZKX_dev/results/stage07_b02_formal_76c5b6f8b36d/formal/20260810T092023Z_76c5b6f8b36d_stage07_b02_formal_c489c3db/operator_waveforms_gausspulse_memory_trace_not_applicable.csv                                                   |
| dtype_csv   | /tmp/ZKX_dev/results/stage07_b02_formal_76c5b6f8b36d/formal/20260810T092023Z_76c5b6f8b36d_stage07_b02_formal_c489c3db/operator_dtype_evidence_gausspulse_not_applicable_20260810T092023Z_76c5b6f8b36d_stage07_b02_formal_c489c3db.csv |
| report_json | /tmp/ZKX_dev/results/stage07_b02_formal_76c5b6f8b36d/formal/20260810T092023Z_76c5b6f8b36d_stage07_b02_formal_c489c3db/operator_gausspulse_report.json                                                                                 |
| summary_txt | /tmp/ZKX_dev/results/stage07_b02_formal_76c5b6f8b36d/formal/20260810T092023Z_76c5b6f8b36d_stage07_b02_formal_c489c3db/operator_gausspulse_summary.txt                                                                                 |
| full_log    | /tmp/ZKX_dev/results/stage07_b02_formal_76c5b6f8b36d/formal/20260810T092023Z_76c5b6f8b36d_stage07_b02_formal_c489c3db/operator_gausspulse_full.log                                                                                    |
| result_dir  | /tmp/ZKX_dev/results/stage07_b02_formal_76c5b6f8b36d/formal/20260810T092023Z_76c5b6f8b36d_stage07_b02_formal_c489c3db                                                                                                                 |
+-------------+---------------------------------------------------------------------------------------------------------------------------------------------------------------------------------------------------------------------------------------+
STAGE07_WAVEFORM_CASE PASS operator=gausspulse scale=gauss_int8_10e3 dtype=INT8 backend=not_applicable measured=100 results=/tmp/ZKX_dev/results/stage07_b02_formal_76c5b6f8b36d/formal/20260810T092023Z_76c5b6f8b36d_stage07_b02_formal_c489c3db
