command=build_stage07_b03_ricker_20e76c9b0ef/stage07_wavelets_ricker --dtype FP16 --n 10000 --width 12 --warmup 20 --measured 100 --output /tmp/ZKX_dev/results/stage07_b03_formal_20e76c9b0ef/formal/20260810T101008Z_20e76c9b0ef0_stage07_b03_formal_1ed591c5/ricker_probe_raw.json
STAGE07_WAVELET_PROBE PASS operator=ricker dtype=FP16
{"run_id": "20260810T101008Z_20e76c9b0ef0_stage07_b03_formal_1ed591c5", "case_id": "ricker__ricker_standard_fp16_10e4__97a5639a8375a6b5", "operator_name": "ricker", "task_name": "Task2", "step_name": "Step4", "scale_id": "ricker_standard_fp16_10e4", "requested_dtype": "FP16", "input_content": [{"input_name": "width", "shape": "[1]", "dtype": "FP16", "element_count": "1", "generator": "configured_typed_scalar(profile=standard)", "preview_head4_tail2": "i=0:12.000000"}], "case_parameters": {"n": 10000, "width": 12, "profile": "standard", "expected_output_shape": [10000], "output_dtype": "FP64", "equivalent_work": "10^4", "task_gpu_call_status": "cpu_callable_only_gpu_missing"}, "output_dtype": "FP64", "backend": "not_applicable", "task_gpu_call_status": "cpu_callable_only_gpu_missing_independent_device_api_tested", "warmup_runs": 20, "measured_runs": 100, "mse": 4.05749e-19, "rmse": 6.36984e-10, "relative_l2": 6.36984e-08, "relative_linf": 8.40544e-08, "actual_input_digest": "97a5639a8375a6b5b1d885d43f748aa26e7af52c3dbc755c59098939a9641a03", "typed_array_digest": "2f853830f422d48fce93fe7f13df6cc5a6fe86237c62cf706f5ac6e9fd6bc943", "status": "PASS", "error_code": "OK"}
[stage07] identity and status
+--------+---------------------------+--------+----------------+-------+--------+----------+--------------------------+--------+------------+
| target | scale_id                  | device | backend        | dtype | warmup | measured | timing_scope             | status | error_code |
+--------+---------------------------+--------+----------------+-------+--------+----------+--------------------------+--------+------------+
| ricker | ricker_standard_fp16_10e4 | CPU    | not_applicable | FP16  | 20     | 100      | compatibility/end-to-end | PASS   | OK         |
| ricker | ricker_standard_fp16_10e4 | GPU    | not_applicable | FP16  | 20     | 100      | compatibility/end-to-end | PASS   | OK         |
+--------+---------------------------+--------+----------------+-------+--------+----------+--------------------------+--------+------------+

[stage07] timing detail
+--------+------------+----------+--------------------+---------------------+----------+----------+----------------------+----------------------+--------------------+
| device | mean_ms    | p50_ms   | p95_ms             | p99_ms              | min_ms   | max_ms   | std_ms               | cv                   | speedup            |
+--------+------------+----------+--------------------+---------------------+----------+----------+----------------------+----------------------+--------------------+
| CPU    | 0.74911596 | 0.748734 | 0.7576715          | 0.7617430100000003  | 0.727565 | 0.816095 | 0.008879917202226612 | 0.011853861987170332 | NA                 |
| GPU    | 0.31245581 | 0.308952 | 0.3311304499999999 | 0.37064180000000013 | 0.300132 | 0.388442 | 0.01353222214175854  | 0.04330923512594802  | 2.3975100991080946 |
+--------+------------+----------+--------------------+---------------------+----------+----------+----------------------+----------------------+--------------------+

[stage07] accuracy detail
+---------------------+-------------+-------------+-------------+---------------+-------------+----------------+---------------------------------------------------------------------------------+--------+
| reference           | mse         | rmse        | relative_l2 | relative_linf | exact_match | mismatch_count | semantic_check                                                                  | status |
+---------------------+-------------+-------------+-------------+---------------+-------------+----------------+---------------------------------------------------------------------------------+--------+
| typed_cpu_reference | 4.05749e-19 | 6.36984e-10 | 6.36984e-08 | 8.40544e-08   | NA          | NA             | output_count=10000;output_dtype=FP64;task_gpu_call=missing_independent_api_only | PASS   |
+---------------------+-------------+-------------+-------------+---------------+-------------+----------------+---------------------------------------------------------------------------------+--------+

[stage07] resource detail
+--------+------------+--------------+-------------+------------+-------------+
| device | metric     | before_bytes | after_bytes | peak_bytes | delta_bytes |
+--------+------------+--------------+-------------+------------+-------------+
| CPU    | cpu_heap   | 1504272      | 1587664     | 1587664    | 83392       |
| CPU    | rss        | 69615616     | 69775360    | 69775360   | 159744      |
| GPU    | cpu_heap   | 1587664      | 1670352     | 1670352    | 82688       |
| GPU    | rss        | 69775360     | 69906432    | 69906432   | 131072      |
| GPU    | gpu_memory | 341000192    | 341000192   | 341000192  | 0           |
+--------+------------+--------------+-------------+------------+-------------+

[stage07] input content
+------------+-------+-------+----------+-------------------------------------------+---------------------+
| input_name | shape | dtype | elements | generator                                 | values(head4/tail2) |
+------------+-------+-------+----------+-------------------------------------------+---------------------+
| width      | [1]   | FP16  | 1        | configured_typed_scalar(profile=standard) | i=0:12.000000       |
+------------+-------+-------+----------+-------------------------------------------+---------------------+

[stage07] case parameters
+-----------------------------------------------------------------------------------------------------------------------------------------------------------------------------------+
| parameters                                                                                                                                                                        |
+-----------------------------------------------------------------------------------------------------------------------------------------------------------------------------------+
| {"equivalent_work":"10^4","expected_output_shape":[10000],"n":10000,"output_dtype":"FP64","profile":"standard","task_gpu_call_status":"cpu_callable_only_gpu_missing","width":12} |
+-----------------------------------------------------------------------------------------------------------------------------------------------------------------------------------+

[stage07] input and output identity
+--------+------------------------------------------------------------------+------------------------------------------------------------------+
| device | input_digest                                                     | output_digest                                                    |
+--------+------------------------------------------------------------------+------------------------------------------------------------------+
| CPU    | 97a5639a8375a6b5b1d885d43f748aa26e7af52c3dbc755c59098939a9641a03 | 8712d23352d23d99ea74459e4a274b434ced4d3c10eab74eb508d0230483effc |
| GPU    | 97a5639a8375a6b5b1d885d43f748aa26e7af52c3dbc755c59098939a9641a03 | 4e559f1015a2656f8ae15880ccfdf02dfa155064c8bb7916048814b89a515a01 |
+--------+------------------------------------------------------------------+------------------------------------------------------------------+

[stage07] dtype evidence
+-----------------+--------------------+--------------+------------------------------------------------------------------+------------------------------------------------------------------+-------------------------------------------------------------+
| requested_dtype | config_input_dtype | output_dtype | typed_array_digest                                               | actual_input_digest                                              | task_gpu_call_status                                        |
+-----------------+--------------------+--------------+------------------------------------------------------------------+------------------------------------------------------------------+-------------------------------------------------------------+
| FP16            | FP16               | FP64         | 2f853830f422d48fce93fe7f13df6cc5a6fe86237c62cf706f5ac6e9fd6bc943 | 97a5639a8375a6b5b1d885d43f748aa26e7af52c3dbc755c59098939a9641a03 | cpu_callable_only_gpu_missing_independent_device_api_tested |
+-----------------+--------------------+--------------+------------------------------------------------------------------+------------------------------------------------------------------+-------------------------------------------------------------+

[stage07] evidence files
+-------------+----------------------------------------------------------------------------------------------------------------------------------------------------------------------------------------------------------------------------------+
| kind        | path                                                                                                                                                                                                                             |
+-------------+----------------------------------------------------------------------------------------------------------------------------------------------------------------------------------------------------------------------------------+
| main_csv    | /tmp/ZKX_dev/results/stage07_b03_formal_20e76c9b0ef/formal/20260810T101008Z_20e76c9b0ef0_stage07_b03_formal_1ed591c5/operator_main_results_ricker_not_applicable_20260810T101008Z_20e76c9b0ef0_stage07_b03_formal_1ed591c5.csv   |
| timing_csv  | /tmp/ZKX_dev/results/stage07_b03_formal_20e76c9b0ef/formal/20260810T101008Z_20e76c9b0ef0_stage07_b03_formal_1ed591c5/operator_timing_samples_ricker_not_applicable_20260810T101008Z_20e76c9b0ef0_stage07_b03_formal_1ed591c5.csv |
| memory_csv  | /tmp/ZKX_dev/results/stage07_b03_formal_20e76c9b0ef/formal/20260810T101008Z_20e76c9b0ef0_stage07_b03_formal_1ed591c5/operator_wavelets_ricker_memory_trace_not_applicable.csv                                                    |
| dtype_csv   | /tmp/ZKX_dev/results/stage07_b03_formal_20e76c9b0ef/formal/20260810T101008Z_20e76c9b0ef0_stage07_b03_formal_1ed591c5/operator_dtype_evidence_ricker_not_applicable_20260810T101008Z_20e76c9b0ef0_stage07_b03_formal_1ed591c5.csv |
| report_json | /tmp/ZKX_dev/results/stage07_b03_formal_20e76c9b0ef/formal/20260810T101008Z_20e76c9b0ef0_stage07_b03_formal_1ed591c5/operator_ricker_report.json                                                                                 |
| summary_txt | /tmp/ZKX_dev/results/stage07_b03_formal_20e76c9b0ef/formal/20260810T101008Z_20e76c9b0ef0_stage07_b03_formal_1ed591c5/operator_ricker_summary.txt                                                                                 |
| full_log    | /tmp/ZKX_dev/results/stage07_b03_formal_20e76c9b0ef/formal/20260810T101008Z_20e76c9b0ef0_stage07_b03_formal_1ed591c5/operator_ricker_full.log                                                                                    |
| result_dir  | /tmp/ZKX_dev/results/stage07_b03_formal_20e76c9b0ef/formal/20260810T101008Z_20e76c9b0ef0_stage07_b03_formal_1ed591c5                                                                                                             |
+-------------+----------------------------------------------------------------------------------------------------------------------------------------------------------------------------------------------------------------------------------+
