sample_index=0 cpu_pipeline_ms=199.478 gpu_pipeline_ms=22.5998 cpu_resource_sampling_overhead_ms=0.184362 gpu_resource_sampling_overhead_ms=0.0328 semantic_gates=16/16 timing_direct=true resource_overhead_excluded=true step_sum_used=false status=PASS
sample_index=1 cpu_pipeline_ms=198.769 gpu_pipeline_ms=22.4751 cpu_resource_sampling_overhead_ms=0.177641 gpu_resource_sampling_overhead_ms=0.033021 semantic_gates=16/16 timing_direct=true resource_overhead_excluded=true step_sum_used=false status=PASS
sample_index=2 cpu_pipeline_ms=198.873 gpu_pipeline_ms=22.4189 cpu_resource_sampling_overhead_ms=0.172081 gpu_resource_sampling_overhead_ms=0.032 semantic_gates=16/16 timing_direct=true resource_overhead_excluded=true step_sum_used=false status=PASS
sample_index=3 cpu_pipeline_ms=201.189 gpu_pipeline_ms=22.4745 cpu_resource_sampling_overhead_ms=0.18397 gpu_resource_sampling_overhead_ms=0.0324 semantic_gates=16/16 timing_direct=true resource_overhead_excluded=true step_sum_used=false status=PASS
sample_index=4 cpu_pipeline_ms=200.864 gpu_pipeline_ms=22.3278 cpu_resource_sampling_overhead_ms=0.184441 gpu_resource_sampling_overhead_ms=0.03226 semantic_gates=16/16 timing_direct=true resource_overhead_excluded=true step_sum_used=false status=PASS
sample_index=5 cpu_pipeline_ms=212.561 gpu_pipeline_ms=22.483 cpu_resource_sampling_overhead_ms=0.19272 gpu_resource_sampling_overhead_ms=0.03549 semantic_gates=16/16 timing_direct=true resource_overhead_excluded=true step_sum_used=false status=PASS
sample_index=6 cpu_pipeline_ms=199.649 gpu_pipeline_ms=22.6723 cpu_resource_sampling_overhead_ms=0.18213 gpu_resource_sampling_overhead_ms=0.03228 semantic_gates=16/16 timing_direct=true resource_overhead_excluded=true step_sum_used=false status=PASS
sample_index=7 cpu_pipeline_ms=203.602 gpu_pipeline_ms=22.4739 cpu_resource_sampling_overhead_ms=0.218021 gpu_resource_sampling_overhead_ms=0.03243 semantic_gates=16/16 timing_direct=true resource_overhead_excluded=true step_sum_used=false status=PASS
sample_index=8 cpu_pipeline_ms=200.082 gpu_pipeline_ms=22.3502 cpu_resource_sampling_overhead_ms=0.166731 gpu_resource_sampling_overhead_ms=0.0326 semantic_gates=16/16 timing_direct=true resource_overhead_excluded=true step_sum_used=false status=PASS
sample_index=9 cpu_pipeline_ms=201.574 gpu_pipeline_ms=22.4599 cpu_resource_sampling_overhead_ms=0.1781 gpu_resource_sampling_overhead_ms=0.03368 semantic_gates=16/16 timing_direct=true resource_overhead_excluded=true step_sum_used=false status=PASS
sample_index=10 cpu_pipeline_ms=199.429 gpu_pipeline_ms=22.4452 cpu_resource_sampling_overhead_ms=0.176941 gpu_resource_sampling_overhead_ms=0.03203 semantic_gates=16/16 timing_direct=true resource_overhead_excluded=true step_sum_used=false status=PASS
sample_index=11 cpu_pipeline_ms=205.39 gpu_pipeline_ms=22.4139 cpu_resource_sampling_overhead_ms=0.18188 gpu_resource_sampling_overhead_ms=0.0317 semantic_gates=16/16 timing_direct=true resource_overhead_excluded=true step_sum_used=false status=PASS
sample_index=12 cpu_pipeline_ms=201.709 gpu_pipeline_ms=22.6971 cpu_resource_sampling_overhead_ms=0.18304 gpu_resource_sampling_overhead_ms=0.03258 semantic_gates=16/16 timing_direct=true resource_overhead_excluded=true step_sum_used=false status=PASS
sample_index=13 cpu_pipeline_ms=198.919 gpu_pipeline_ms=22.4079 cpu_resource_sampling_overhead_ms=0.18202 gpu_resource_sampling_overhead_ms=0.03219 semantic_gates=16/16 timing_direct=true resource_overhead_excluded=true step_sum_used=false status=PASS
sample_index=14 cpu_pipeline_ms=199.06 gpu_pipeline_ms=22.5635 cpu_resource_sampling_overhead_ms=0.182131 gpu_resource_sampling_overhead_ms=0.03207 semantic_gates=16/16 timing_direct=true resource_overhead_excluded=true step_sum_used=false status=PASS
sample_index=15 cpu_pipeline_ms=201.265 gpu_pipeline_ms=22.9266 cpu_resource_sampling_overhead_ms=0.17787 gpu_resource_sampling_overhead_ms=0.03247 semantic_gates=16/16 timing_direct=true resource_overhead_excluded=true step_sum_used=false status=PASS
sample_index=16 cpu_pipeline_ms=198.904 gpu_pipeline_ms=22.8471 cpu_resource_sampling_overhead_ms=0.17038 gpu_resource_sampling_overhead_ms=0.03218 semantic_gates=16/16 timing_direct=true resource_overhead_excluded=true step_sum_used=false status=PASS
sample_index=17 cpu_pipeline_ms=199.064 gpu_pipeline_ms=22.8449 cpu_resource_sampling_overhead_ms=0.18533 gpu_resource_sampling_overhead_ms=0.03277 semantic_gates=16/16 timing_direct=true resource_overhead_excluded=true step_sum_used=false status=PASS
sample_index=18 cpu_pipeline_ms=203.715 gpu_pipeline_ms=28.6832 cpu_resource_sampling_overhead_ms=0.209181 gpu_resource_sampling_overhead_ms=0.03829 semantic_gates=16/16 timing_direct=true resource_overhead_excluded=true step_sum_used=false status=PASS
sample_index=19 cpu_pipeline_ms=200.922 gpu_pipeline_ms=24.4494 cpu_resource_sampling_overhead_ms=0.18511 gpu_resource_sampling_overhead_ms=0.03799 semantic_gates=16/16 timing_direct=true resource_overhead_excluded=true step_sum_used=false status=PASS
sample_index=20 cpu_pipeline_ms=199.672 gpu_pipeline_ms=24.4889 cpu_resource_sampling_overhead_ms=0.17662 gpu_resource_sampling_overhead_ms=0.03814 semantic_gates=16/16 timing_direct=true resource_overhead_excluded=true step_sum_used=false status=PASS
sample_index=21 cpu_pipeline_ms=203.27 gpu_pipeline_ms=22.1026 cpu_resource_sampling_overhead_ms=0.174451 gpu_resource_sampling_overhead_ms=0.03147 semantic_gates=16/16 timing_direct=true resource_overhead_excluded=true step_sum_used=false status=PASS
sample_index=22 cpu_pipeline_ms=198.903 gpu_pipeline_ms=22.3904 cpu_resource_sampling_overhead_ms=0.18198 gpu_resource_sampling_overhead_ms=0.0315 semantic_gates=16/16 timing_direct=true resource_overhead_excluded=true step_sum_used=false status=PASS
sample_index=23 cpu_pipeline_ms=200.672 gpu_pipeline_ms=21.1846 cpu_resource_sampling_overhead_ms=0.183742 gpu_resource_sampling_overhead_ms=0.03149 semantic_gates=16/16 timing_direct=true resource_overhead_excluded=true step_sum_used=false status=PASS
sample_index=24 cpu_pipeline_ms=201.68 gpu_pipeline_ms=21.3809 cpu_resource_sampling_overhead_ms=0.17589 gpu_resource_sampling_overhead_ms=0.031281 semantic_gates=16/16 timing_direct=true resource_overhead_excluded=true step_sum_used=false status=PASS
sample_index=25 cpu_pipeline_ms=199.974 gpu_pipeline_ms=21.3254 cpu_resource_sampling_overhead_ms=0.18432 gpu_resource_sampling_overhead_ms=0.0308 semantic_gates=16/16 timing_direct=true resource_overhead_excluded=true step_sum_used=false status=PASS
sample_index=26 cpu_pipeline_ms=202.054 gpu_pipeline_ms=25.7021 cpu_resource_sampling_overhead_ms=0.23714 gpu_resource_sampling_overhead_ms=0.03904 semantic_gates=16/16 timing_direct=true resource_overhead_excluded=true step_sum_used=false status=PASS
sample_index=27 cpu_pipeline_ms=202.085 gpu_pipeline_ms=28.0701 cpu_resource_sampling_overhead_ms=0.243391 gpu_resource_sampling_overhead_ms=0.03892 semantic_gates=16/16 timing_direct=true resource_overhead_excluded=true step_sum_used=false status=PASS
sample_index=28 cpu_pipeline_ms=198.24 gpu_pipeline_ms=22.9356 cpu_resource_sampling_overhead_ms=0.18617 gpu_resource_sampling_overhead_ms=0.03656 semantic_gates=16/16 timing_direct=true resource_overhead_excluded=true step_sum_used=false status=PASS
sample_index=29 cpu_pipeline_ms=243.433 gpu_pipeline_ms=23.3787 cpu_resource_sampling_overhead_ms=0.26218 gpu_resource_sampling_overhead_ms=0.03752 semantic_gates=16/16 timing_direct=true resource_overhead_excluded=true step_sum_used=false status=PASS
sample_index=30 cpu_pipeline_ms=239.547 gpu_pipeline_ms=28.7708 cpu_resource_sampling_overhead_ms=0.22012 gpu_resource_sampling_overhead_ms=0.0383 semantic_gates=16/16 timing_direct=true resource_overhead_excluded=true step_sum_used=false status=PASS
sample_index=31 cpu_pipeline_ms=201.672 gpu_pipeline_ms=22.2877 cpu_resource_sampling_overhead_ms=0.230141 gpu_resource_sampling_overhead_ms=0.03171 semantic_gates=16/16 timing_direct=true resource_overhead_excluded=true step_sum_used=false status=PASS
sample_index=32 cpu_pipeline_ms=199.294 gpu_pipeline_ms=22.1861 cpu_resource_sampling_overhead_ms=0.1834 gpu_resource_sampling_overhead_ms=0.03159 semantic_gates=16/16 timing_direct=true resource_overhead_excluded=true step_sum_used=false status=PASS
sample_index=33 cpu_pipeline_ms=200.626 gpu_pipeline_ms=22.3113 cpu_resource_sampling_overhead_ms=0.19107 gpu_resource_sampling_overhead_ms=0.03164 semantic_gates=16/16 timing_direct=true resource_overhead_excluded=true step_sum_used=false status=PASS
sample_index=34 cpu_pipeline_ms=199.524 gpu_pipeline_ms=21.9541 cpu_resource_sampling_overhead_ms=0.17621 gpu_resource_sampling_overhead_ms=0.032 semantic_gates=16/16 timing_direct=true resource_overhead_excluded=true step_sum_used=false status=PASS
sample_index=35 cpu_pipeline_ms=200.736 gpu_pipeline_ms=26.1575 cpu_resource_sampling_overhead_ms=0.17741 gpu_resource_sampling_overhead_ms=0.03887 semantic_gates=16/16 timing_direct=true resource_overhead_excluded=true step_sum_used=false status=PASS
sample_index=36 cpu_pipeline_ms=199.452 gpu_pipeline_ms=27.2333 cpu_resource_sampling_overhead_ms=0.19744 gpu_resource_sampling_overhead_ms=0.03845 semantic_gates=16/16 timing_direct=true resource_overhead_excluded=true step_sum_used=false status=PASS
sample_index=37 cpu_pipeline_ms=200.982 gpu_pipeline_ms=23.2356 cpu_resource_sampling_overhead_ms=0.228111 gpu_resource_sampling_overhead_ms=0.03338 semantic_gates=16/16 timing_direct=true resource_overhead_excluded=true step_sum_used=false status=PASS
sample_index=38 cpu_pipeline_ms=199.768 gpu_pipeline_ms=22.4015 cpu_resource_sampling_overhead_ms=0.191321 gpu_resource_sampling_overhead_ms=0.03242 semantic_gates=16/16 timing_direct=true resource_overhead_excluded=true step_sum_used=false status=PASS
sample_index=39 cpu_pipeline_ms=201.744 gpu_pipeline_ms=22.4302 cpu_resource_sampling_overhead_ms=0.18223 gpu_resource_sampling_overhead_ms=0.03281 semantic_gates=16/16 timing_direct=true resource_overhead_excluded=true step_sum_used=false status=PASS
sample_index=40 cpu_pipeline_ms=201.08 gpu_pipeline_ms=22.4792 cpu_resource_sampling_overhead_ms=0.201521 gpu_resource_sampling_overhead_ms=0.03252 semantic_gates=16/16 timing_direct=true resource_overhead_excluded=true step_sum_used=false status=PASS
sample_index=41 cpu_pipeline_ms=200.701 gpu_pipeline_ms=22.5362 cpu_resource_sampling_overhead_ms=0.17945 gpu_resource_sampling_overhead_ms=0.03276 semantic_gates=16/16 timing_direct=true resource_overhead_excluded=true step_sum_used=false status=PASS
sample_index=42 cpu_pipeline_ms=199.213 gpu_pipeline_ms=22.511 cpu_resource_sampling_overhead_ms=0.171301 gpu_resource_sampling_overhead_ms=0.0321 semantic_gates=16/16 timing_direct=true resource_overhead_excluded=true step_sum_used=false status=PASS
sample_index=43 cpu_pipeline_ms=202.559 gpu_pipeline_ms=22.5864 cpu_resource_sampling_overhead_ms=0.18515 gpu_resource_sampling_overhead_ms=0.03237 semantic_gates=16/16 timing_direct=true resource_overhead_excluded=true step_sum_used=false status=PASS
sample_index=44 cpu_pipeline_ms=200.455 gpu_pipeline_ms=22.7383 cpu_resource_sampling_overhead_ms=0.18159 gpu_resource_sampling_overhead_ms=0.03225 semantic_gates=16/16 timing_direct=true resource_overhead_excluded=true step_sum_used=false status=PASS
sample_index=45 cpu_pipeline_ms=201.237 gpu_pipeline_ms=22.283 cpu_resource_sampling_overhead_ms=0.18404 gpu_resource_sampling_overhead_ms=0.03272 semantic_gates=16/16 timing_direct=true resource_overhead_excluded=true step_sum_used=false status=PASS
sample_index=46 cpu_pipeline_ms=199.108 gpu_pipeline_ms=22.5518 cpu_resource_sampling_overhead_ms=0.171081 gpu_resource_sampling_overhead_ms=0.03215 semantic_gates=16/16 timing_direct=true resource_overhead_excluded=true step_sum_used=false status=PASS
sample_index=47 cpu_pipeline_ms=200.066 gpu_pipeline_ms=23.627 cpu_resource_sampling_overhead_ms=0.20155 gpu_resource_sampling_overhead_ms=0.03464 semantic_gates=16/16 timing_direct=true resource_overhead_excluded=true step_sum_used=false status=PASS
sample_index=48 cpu_pipeline_ms=199.691 gpu_pipeline_ms=22.2442 cpu_resource_sampling_overhead_ms=0.195511 gpu_resource_sampling_overhead_ms=0.031551 semantic_gates=16/16 timing_direct=true resource_overhead_excluded=true step_sum_used=false status=PASS
sample_index=49 cpu_pipeline_ms=202.002 gpu_pipeline_ms=22.5287 cpu_resource_sampling_overhead_ms=0.20131 gpu_resource_sampling_overhead_ms=0.03399 semantic_gates=16/16 timing_direct=true resource_overhead_excluded=true step_sum_used=false status=PASS
sample_index=50 cpu_pipeline_ms=199.457 gpu_pipeline_ms=22.5115 cpu_resource_sampling_overhead_ms=0.18684 gpu_resource_sampling_overhead_ms=0.03274 semantic_gates=16/16 timing_direct=true resource_overhead_excluded=true step_sum_used=false status=PASS
sample_index=51 cpu_pipeline_ms=202.019 gpu_pipeline_ms=22.3353 cpu_resource_sampling_overhead_ms=0.243252 gpu_resource_sampling_overhead_ms=0.03332 semantic_gates=16/16 timing_direct=true resource_overhead_excluded=true step_sum_used=false status=PASS
sample_index=52 cpu_pipeline_ms=199.997 gpu_pipeline_ms=22.2035 cpu_resource_sampling_overhead_ms=0.17634 gpu_resource_sampling_overhead_ms=0.03177 semantic_gates=16/16 timing_direct=true resource_overhead_excluded=true step_sum_used=false status=PASS
sample_index=53 cpu_pipeline_ms=200.401 gpu_pipeline_ms=22.0638 cpu_resource_sampling_overhead_ms=0.17628 gpu_resource_sampling_overhead_ms=0.04454 semantic_gates=16/16 timing_direct=true resource_overhead_excluded=true step_sum_used=false status=PASS
sample_index=54 cpu_pipeline_ms=200.78 gpu_pipeline_ms=22.904 cpu_resource_sampling_overhead_ms=0.20082 gpu_resource_sampling_overhead_ms=0.0344 semantic_gates=16/16 timing_direct=true resource_overhead_excluded=true step_sum_used=false status=PASS
sample_index=55 cpu_pipeline_ms=199.276 gpu_pipeline_ms=22.4928 cpu_resource_sampling_overhead_ms=0.18267 gpu_resource_sampling_overhead_ms=0.03237 semantic_gates=16/16 timing_direct=true resource_overhead_excluded=true step_sum_used=false status=PASS
sample_index=56 cpu_pipeline_ms=204.279 gpu_pipeline_ms=22.3954 cpu_resource_sampling_overhead_ms=0.17124 gpu_resource_sampling_overhead_ms=0.032101 semantic_gates=16/16 timing_direct=true resource_overhead_excluded=true step_sum_used=false status=PASS
sample_index=57 cpu_pipeline_ms=200.73 gpu_pipeline_ms=21.8711 cpu_resource_sampling_overhead_ms=0.163041 gpu_resource_sampling_overhead_ms=0.032161 semantic_gates=16/16 timing_direct=true resource_overhead_excluded=true step_sum_used=false status=PASS
sample_index=58 cpu_pipeline_ms=200.06 gpu_pipeline_ms=22.6216 cpu_resource_sampling_overhead_ms=0.18667 gpu_resource_sampling_overhead_ms=0.03305 semantic_gates=16/16 timing_direct=true resource_overhead_excluded=true step_sum_used=false status=PASS
sample_index=59 cpu_pipeline_ms=194.609 gpu_pipeline_ms=25.6371 cpu_resource_sampling_overhead_ms=0.25539 gpu_resource_sampling_overhead_ms=0.03965 semantic_gates=16/16 timing_direct=true resource_overhead_excluded=true step_sum_used=false status=PASS
sample_index=60 cpu_pipeline_ms=199.427 gpu_pipeline_ms=22.2582 cpu_resource_sampling_overhead_ms=0.18929 gpu_resource_sampling_overhead_ms=0.03213 semantic_gates=16/16 timing_direct=true resource_overhead_excluded=true step_sum_used=false status=PASS
sample_index=61 cpu_pipeline_ms=199.383 gpu_pipeline_ms=22.043 cpu_resource_sampling_overhead_ms=0.187571 gpu_resource_sampling_overhead_ms=0.031531 semantic_gates=16/16 timing_direct=true resource_overhead_excluded=true step_sum_used=false status=PASS
sample_index=62 cpu_pipeline_ms=206.012 gpu_pipeline_ms=22.9221 cpu_resource_sampling_overhead_ms=0.205521 gpu_resource_sampling_overhead_ms=0.03312 semantic_gates=16/16 timing_direct=true resource_overhead_excluded=true step_sum_used=false status=PASS
sample_index=63 cpu_pipeline_ms=199.556 gpu_pipeline_ms=22.3381 cpu_resource_sampling_overhead_ms=0.195391 gpu_resource_sampling_overhead_ms=0.03201 semantic_gates=16/16 timing_direct=true resource_overhead_excluded=true step_sum_used=false status=PASS
sample_index=64 cpu_pipeline_ms=201.707 gpu_pipeline_ms=22.5495 cpu_resource_sampling_overhead_ms=0.180921 gpu_resource_sampling_overhead_ms=0.03685 semantic_gates=16/16 timing_direct=true resource_overhead_excluded=true step_sum_used=false status=PASS
sample_index=65 cpu_pipeline_ms=200.155 gpu_pipeline_ms=22.5039 cpu_resource_sampling_overhead_ms=0.178831 gpu_resource_sampling_overhead_ms=0.03311 semantic_gates=16/16 timing_direct=true resource_overhead_excluded=true step_sum_used=false status=PASS
sample_index=66 cpu_pipeline_ms=199.627 gpu_pipeline_ms=22.6684 cpu_resource_sampling_overhead_ms=0.176041 gpu_resource_sampling_overhead_ms=0.03329 semantic_gates=16/16 timing_direct=true resource_overhead_excluded=true step_sum_used=false status=PASS
sample_index=67 cpu_pipeline_ms=198.902 gpu_pipeline_ms=22.8489 cpu_resource_sampling_overhead_ms=0.17858 gpu_resource_sampling_overhead_ms=0.03499 semantic_gates=16/16 timing_direct=true resource_overhead_excluded=true step_sum_used=false status=PASS
sample_index=68 cpu_pipeline_ms=199.462 gpu_pipeline_ms=22.5594 cpu_resource_sampling_overhead_ms=0.18174 gpu_resource_sampling_overhead_ms=0.03208 semantic_gates=16/16 timing_direct=true resource_overhead_excluded=true step_sum_used=false status=PASS
sample_index=69 cpu_pipeline_ms=202.219 gpu_pipeline_ms=22.4236 cpu_resource_sampling_overhead_ms=0.18017 gpu_resource_sampling_overhead_ms=0.03224 semantic_gates=16/16 timing_direct=true resource_overhead_excluded=true step_sum_used=false status=PASS
sample_index=70 cpu_pipeline_ms=199.754 gpu_pipeline_ms=22.5203 cpu_resource_sampling_overhead_ms=0.184192 gpu_resource_sampling_overhead_ms=0.03265 semantic_gates=16/16 timing_direct=true resource_overhead_excluded=true step_sum_used=false status=PASS
sample_index=71 cpu_pipeline_ms=198.523 gpu_pipeline_ms=22.5674 cpu_resource_sampling_overhead_ms=0.167511 gpu_resource_sampling_overhead_ms=0.03214 semantic_gates=16/16 timing_direct=true resource_overhead_excluded=true step_sum_used=false status=PASS
sample_index=72 cpu_pipeline_ms=199.173 gpu_pipeline_ms=22.5294 cpu_resource_sampling_overhead_ms=0.17925 gpu_resource_sampling_overhead_ms=0.03219 semantic_gates=16/16 timing_direct=true resource_overhead_excluded=true step_sum_used=false status=PASS
sample_index=73 cpu_pipeline_ms=200.018 gpu_pipeline_ms=22.4969 cpu_resource_sampling_overhead_ms=0.283541 gpu_resource_sampling_overhead_ms=0.03236 semantic_gates=16/16 timing_direct=true resource_overhead_excluded=true step_sum_used=false status=PASS
sample_index=74 cpu_pipeline_ms=199.495 gpu_pipeline_ms=21.92 cpu_resource_sampling_overhead_ms=0.205891 gpu_resource_sampling_overhead_ms=0.03141 semantic_gates=16/16 timing_direct=true resource_overhead_excluded=true step_sum_used=false status=PASS
sample_index=75 cpu_pipeline_ms=199.581 gpu_pipeline_ms=21.9813 cpu_resource_sampling_overhead_ms=0.182451 gpu_resource_sampling_overhead_ms=0.03195 semantic_gates=16/16 timing_direct=true resource_overhead_excluded=true step_sum_used=false status=PASS
sample_index=76 cpu_pipeline_ms=203.547 gpu_pipeline_ms=22.0837 cpu_resource_sampling_overhead_ms=0.183401 gpu_resource_sampling_overhead_ms=0.03163 semantic_gates=16/16 timing_direct=true resource_overhead_excluded=true step_sum_used=false status=PASS
sample_index=77 cpu_pipeline_ms=203.157 gpu_pipeline_ms=22.3297 cpu_resource_sampling_overhead_ms=0.17965 gpu_resource_sampling_overhead_ms=0.03231 semantic_gates=16/16 timing_direct=true resource_overhead_excluded=true step_sum_used=false status=PASS
sample_index=78 cpu_pipeline_ms=206.834 gpu_pipeline_ms=22.1046 cpu_resource_sampling_overhead_ms=0.18913 gpu_resource_sampling_overhead_ms=0.03099 semantic_gates=16/16 timing_direct=true resource_overhead_excluded=true step_sum_used=false status=PASS
sample_index=79 cpu_pipeline_ms=204.367 gpu_pipeline_ms=22.8669 cpu_resource_sampling_overhead_ms=0.2031 gpu_resource_sampling_overhead_ms=0.03259 semantic_gates=16/16 timing_direct=true resource_overhead_excluded=true step_sum_used=false status=PASS
sample_index=80 cpu_pipeline_ms=201.934 gpu_pipeline_ms=22.4576 cpu_resource_sampling_overhead_ms=0.1855 gpu_resource_sampling_overhead_ms=0.03239 semantic_gates=16/16 timing_direct=true resource_overhead_excluded=true step_sum_used=false status=PASS
sample_index=81 cpu_pipeline_ms=199.216 gpu_pipeline_ms=22.4188 cpu_resource_sampling_overhead_ms=0.184361 gpu_resource_sampling_overhead_ms=0.03256 semantic_gates=16/16 timing_direct=true resource_overhead_excluded=true step_sum_used=false status=PASS
sample_index=82 cpu_pipeline_ms=199.034 gpu_pipeline_ms=22.3374 cpu_resource_sampling_overhead_ms=0.17173 gpu_resource_sampling_overhead_ms=0.03235 semantic_gates=16/16 timing_direct=true resource_overhead_excluded=true step_sum_used=false status=PASS
sample_index=83 cpu_pipeline_ms=200.479 gpu_pipeline_ms=22.4387 cpu_resource_sampling_overhead_ms=0.189501 gpu_resource_sampling_overhead_ms=0.03221 semantic_gates=16/16 timing_direct=true resource_overhead_excluded=true step_sum_used=false status=PASS
sample_index=84 cpu_pipeline_ms=199.036 gpu_pipeline_ms=22.51 cpu_resource_sampling_overhead_ms=0.17601 gpu_resource_sampling_overhead_ms=0.032171 semantic_gates=16/16 timing_direct=true resource_overhead_excluded=true step_sum_used=false status=PASS
sample_index=85 cpu_pipeline_ms=199.64 gpu_pipeline_ms=22.3832 cpu_resource_sampling_overhead_ms=0.18684 gpu_resource_sampling_overhead_ms=0.03287 semantic_gates=16/16 timing_direct=true resource_overhead_excluded=true step_sum_used=false status=PASS
sample_index=86 cpu_pipeline_ms=199.341 gpu_pipeline_ms=22.5028 cpu_resource_sampling_overhead_ms=0.166561 gpu_resource_sampling_overhead_ms=0.03191 semantic_gates=16/16 timing_direct=true resource_overhead_excluded=true step_sum_used=false status=PASS
sample_index=87 cpu_pipeline_ms=198.823 gpu_pipeline_ms=22.4352 cpu_resource_sampling_overhead_ms=0.17484 gpu_resource_sampling_overhead_ms=0.03276 semantic_gates=16/16 timing_direct=true resource_overhead_excluded=true step_sum_used=false status=PASS
sample_index=88 cpu_pipeline_ms=199.18 gpu_pipeline_ms=22.4189 cpu_resource_sampling_overhead_ms=0.1921 gpu_resource_sampling_overhead_ms=0.0321 semantic_gates=16/16 timing_direct=true resource_overhead_excluded=true step_sum_used=false status=PASS
sample_index=89 cpu_pipeline_ms=199.115 gpu_pipeline_ms=22.4155 cpu_resource_sampling_overhead_ms=0.179721 gpu_resource_sampling_overhead_ms=0.0327 semantic_gates=16/16 timing_direct=true resource_overhead_excluded=true step_sum_used=false status=PASS
sample_index=90 cpu_pipeline_ms=198.772 gpu_pipeline_ms=22.5461 cpu_resource_sampling_overhead_ms=0.175031 gpu_resource_sampling_overhead_ms=0.03244 semantic_gates=16/16 timing_direct=true resource_overhead_excluded=true step_sum_used=false status=PASS
sample_index=91 cpu_pipeline_ms=198.894 gpu_pipeline_ms=22.4899 cpu_resource_sampling_overhead_ms=0.17074 gpu_resource_sampling_overhead_ms=0.03243 semantic_gates=16/16 timing_direct=true resource_overhead_excluded=true step_sum_used=false status=PASS
sample_index=92 cpu_pipeline_ms=199.347 gpu_pipeline_ms=22.5708 cpu_resource_sampling_overhead_ms=0.177641 gpu_resource_sampling_overhead_ms=0.03254 semantic_gates=16/16 timing_direct=true resource_overhead_excluded=true step_sum_used=false status=PASS
sample_index=93 cpu_pipeline_ms=199.484 gpu_pipeline_ms=22.5297 cpu_resource_sampling_overhead_ms=0.172371 gpu_resource_sampling_overhead_ms=0.03309 semantic_gates=16/16 timing_direct=true resource_overhead_excluded=true step_sum_used=false status=PASS
sample_index=94 cpu_pipeline_ms=198.186 gpu_pipeline_ms=25.7463 cpu_resource_sampling_overhead_ms=0.256091 gpu_resource_sampling_overhead_ms=0.03825 semantic_gates=16/16 timing_direct=true resource_overhead_excluded=true step_sum_used=false status=PASS
sample_index=95 cpu_pipeline_ms=191.394 gpu_pipeline_ms=24.5743 cpu_resource_sampling_overhead_ms=0.19402 gpu_resource_sampling_overhead_ms=0.03695 semantic_gates=16/16 timing_direct=true resource_overhead_excluded=true step_sum_used=false status=PASS
sample_index=96 cpu_pipeline_ms=195.397 gpu_pipeline_ms=23.7642 cpu_resource_sampling_overhead_ms=0.20488 gpu_resource_sampling_overhead_ms=0.0344 semantic_gates=16/16 timing_direct=true resource_overhead_excluded=true step_sum_used=false status=PASS
sample_index=97 cpu_pipeline_ms=187.499 gpu_pipeline_ms=22.9977 cpu_resource_sampling_overhead_ms=0.17371 gpu_resource_sampling_overhead_ms=0.03319 semantic_gates=16/16 timing_direct=true resource_overhead_excluded=true step_sum_used=false status=PASS
sample_index=98 cpu_pipeline_ms=187.779 gpu_pipeline_ms=23.0629 cpu_resource_sampling_overhead_ms=0.17887 gpu_resource_sampling_overhead_ms=0.03341 semantic_gates=16/16 timing_direct=true resource_overhead_excluded=true step_sum_used=false status=PASS
sample_index=99 cpu_pipeline_ms=189.312 gpu_pipeline_ms=23.0806 cpu_resource_sampling_overhead_ms=0.17507 gpu_resource_sampling_overhead_ms=0.03422 semantic_gates=16/16 timing_direct=true resource_overhead_excluded=true step_sum_used=false status=PASS
function=Task2 frozen full six-step pipeline
call_chain=Step1->Step2;Step2+Step1->Step3;Step3 dual outputs->Step4;Step4->Step5;Step5+Step4+Kalman/delay->Step6
timing=pipeline_total measured directly;not=sum(step timings)
cpu_correlation_method=direct_parallel_exact workers=255
resource_sampling_mode=same_pipeline_execution
status=PASS return_code=0
