command=build/stage07_b06_kalman_filter_6132f71/stage07_kalman_filter --dtype FP16 --count 128 --order 3 --warmup 20 --measured 100 --output /tmp/ZKX_dev/results/stage07_b06_formal_6132f71/formal/20260810T110506Z_6132f71eb1e0_stage07_b06_formal_c682575d/kalman_filter_probe_raw.json
STAGE07_TASK_FINAL_PROBE PASS operator=kalman_filter dtype=FP16
{"run_id": "20260810T110506Z_6132f71eb1e0_stage07_b06_formal_c682575d", "case_id": "kalman_filter__kalman_filter_fp16_10e2__529db5e3e824b6f3", "operator_name": "kalman_filter", "task_name": "Task2", "step_name": "Step6", "scale_id": "kalman_filter_fp16_10e2", "requested_dtype": "FP16", "input_content": [{"input_name": "observations", "shape": "[128]", "dtype": "FP16", "element_count": "128", "generator": "deterministic_task2_observations", "preview_head4_tail2": "i=0:0.9375;i=1:1.05175781;i=2:1.02636719;i=3:1;i=126:1.05664062;i=127:1.16113281"}], "case_parameters": {"observation_count": 128, "f": 1, "q": 1, "alpha_sq": 1, "h": 1, "r": 2, "output_count": 2, "execution_dtype": "FP32_TASK_SEQUENCE"}, "output_dtype": "FP32_STATE_COVARIANCE", "backend": "not_applicable", "warmup_runs": 20, "measured_runs": 100, "output_count": 2, "actual_input_digest": "529db5e3e824b6f3cc68e2e8393919c94f287766945abd66225d0b9835a86e7c", "typed_array_digest": "41052c7a0ae1c0556e96b6c0355fa3c35440d8e4962ffbe52afffcb7a9947873", "status": "PASS", "error_code": "OK", "mse": 0, "rmse": 0, "relative_l2": 0, "relative_linf": 0}
[stage07] identity and status
+---------------+-------------------------+--------+----------------+-------+--------+----------+--------------------------+--------+------------+
| target        | scale_id                | device | backend        | dtype | warmup | measured | timing_scope             | status | error_code |
+---------------+-------------------------+--------+----------------+-------+--------+----------+--------------------------+--------+------------+
| kalman_filter | kalman_filter_fp16_10e2 | CPU    | not_applicable | FP16  | 20     | 100      | compatibility/end-to-end | PASS   | OK         |
| kalman_filter | kalman_filter_fp16_10e2 | GPU    | not_applicable | FP16  | 20     | 100      | compatibility/end-to-end | PASS   | OK         |
+---------------+-------------------------+--------+----------------+-------+--------+----------+--------------------------+--------+------------+

[stage07] timing detail
+--------+------------+-----------+--------------------+--------------------+----------+----------+-----------------------+---------------------+--------------------+
| device | mean_ms    | p50_ms    | p95_ms             | p99_ms             | min_ms   | max_ms   | std_ms                | cv                  | speedup            |
+--------+------------+-----------+--------------------+--------------------+----------+----------+-----------------------+---------------------+--------------------+
| CPU    | 0.07146401 | 0.0713715 | 0.07142595         | 0.0796054          | 0.070901 | 0.081031 | 0.0012924505599441708 | 0.01808533498112086 | NA                 |
| GPU    | 0.96104967 | 0.9528325 | 1.0294925000000001 | 1.0940535000000002 | 0.930747 | 1.10232  | 0.031146395667253385  | 0.03240872624955314 | 0.0743603709889417 |
+--------+------------+-----------+--------------------+--------------------+----------+----------+-----------------------+---------------------+--------------------+

[stage07] accuracy detail
+---------------------------+-----+------+-------------+---------------+-------------+----------------+-------------------------------------------------------------------------+--------+
| reference                 | mse | rmse | relative_l2 | relative_linf | exact_match | mismatch_count | semantic_check                                                          | status |
+---------------------------+-----+------+-------------+---------------+-------------+----------------+-------------------------------------------------------------------------+--------+
| typed_cpu_task2_reference | 0   | 0    | 0           | 0             | NA          | NA             | output_count=2;output_dtype=FP32_STATE_COVARIANCE;task_gpu_call=present | PASS   |
+---------------------------+-----+------+-------------+---------------+-------------+----------------+-------------------------------------------------------------------------+--------+

[stage07] resource detail
+--------+------------+--------------+-------------+------------+-------------+
| device | metric     | before_bytes | after_bytes | peak_bytes | delta_bytes |
+--------+------------+--------------+-------------+------------+-------------+
| CPU    | cpu_heap   | 1382880      | 1385616     | 1385616    | 2736        |
| CPU    | rss        | 69812224     | 69812224    | 69812224   | 0           |
| GPU    | cpu_heap   | 1385872      | 1388896     | 1391632    | 3024        |
| GPU    | rss        | 69812224     | 69812224    | 69812224   | 0           |
| GPU    | gpu_memory | 341000192    | 341000192   | 341000192  | 0           |
+--------+------------+--------------+-------------+------------+-------------+

[stage07] input content
+--------------+-------+-------+----------+----------------------------------+----------------------------------------------------------------------------------+
| input_name   | shape | dtype | elements | generator                        | values(head4/tail2)                                                              |
+--------------+-------+-------+----------+----------------------------------+----------------------------------------------------------------------------------+
| observations | [128] | FP16  | 128      | deterministic_task2_observations | i=0:0.9375;i=1:1.05175781;i=2:1.02636719;i=3:1;i=126:1.05664062;i=127:1.16113281 |
+--------------+-------+-------+----------+----------------------------------+----------------------------------------------------------------------------------+

[stage07] case parameters
+------------------------------------------------------------------------------------------------------------------------+
| parameters                                                                                                             |
+------------------------------------------------------------------------------------------------------------------------+
| {"alpha_sq":1,"execution_dtype":"FP32_TASK_SEQUENCE","f":1,"h":1,"observation_count":128,"output_count":2,"q":1,"r":2} |
+------------------------------------------------------------------------------------------------------------------------+

[stage07] input and output identity
+--------+------------------------------------------------------------------+------------------------------------------------------------------+
| device | input_digest                                                     | output_digest                                                    |
+--------+------------------------------------------------------------------+------------------------------------------------------------------+
| CPU    | 529db5e3e824b6f3cc68e2e8393919c94f287766945abd66225d0b9835a86e7c | 2d3dc2e8da052c3933d6a730ff6c5612c9da458a2cee55d664d2f7680e0960e4 |
| GPU    | 529db5e3e824b6f3cc68e2e8393919c94f287766945abd66225d0b9835a86e7c | 2d3dc2e8da052c3933d6a730ff6c5612c9da458a2cee55d664d2f7680e0960e4 |
+--------+------------------------------------------------------------------+------------------------------------------------------------------+

[stage07] dtype evidence
+-----------------+--------------------+-----------------------+------------------------------------------------------------------+------------------------------------------------------------------+----------------------+
| requested_dtype | config_input_dtype | output_dtype          | typed_array_digest                                               | actual_input_digest                                              | task_gpu_call_status |
+-----------------+--------------------+-----------------------+------------------------------------------------------------------+------------------------------------------------------------------+----------------------+
| FP16            | FP16               | FP32_STATE_COVARIANCE | 41052c7a0ae1c0556e96b6c0355fa3c35440d8e4962ffbe52afffcb7a9947873 | 529db5e3e824b6f3cc68e2e8393919c94f287766945abd66225d0b9835a86e7c | proved_gpu_cpu       |
+-----------------+--------------------+-----------------------+------------------------------------------------------------------+------------------------------------------------------------------+----------------------+

[stage07] evidence files
+-------------+-------------------------------------------------------------------------------------------------------------------------------------------------------------------------------------------------------------------------------------+
| kind        | path                                                                                                                                                                                                                                |
+-------------+-------------------------------------------------------------------------------------------------------------------------------------------------------------------------------------------------------------------------------------+
| main_csv    | /tmp/ZKX_dev/results/stage07_b06_formal_6132f71/formal/20260810T110506Z_6132f71eb1e0_stage07_b06_formal_c682575d/operator_main_results_kalman_filter_not_applicable_20260810T110506Z_6132f71eb1e0_stage07_b06_formal_c682575d.csv   |
| timing_csv  | /tmp/ZKX_dev/results/stage07_b06_formal_6132f71/formal/20260810T110506Z_6132f71eb1e0_stage07_b06_formal_c682575d/operator_timing_samples_kalman_filter_not_applicable_20260810T110506Z_6132f71eb1e0_stage07_b06_formal_c682575d.csv |
| memory_csv  | /tmp/ZKX_dev/results/stage07_b06_formal_6132f71/formal/20260810T110506Z_6132f71eb1e0_stage07_b06_formal_c682575d/operator_estimation_kalman_filter_memory_trace_not_applicable.csv                                                  |
| dtype_csv   | /tmp/ZKX_dev/results/stage07_b06_formal_6132f71/formal/20260810T110506Z_6132f71eb1e0_stage07_b06_formal_c682575d/operator_dtype_evidence_kalman_filter_not_applicable_20260810T110506Z_6132f71eb1e0_stage07_b06_formal_c682575d.csv |
| report_json | /tmp/ZKX_dev/results/stage07_b06_formal_6132f71/formal/20260810T110506Z_6132f71eb1e0_stage07_b06_formal_c682575d/operator_kalman_filter_report.json                                                                                 |
| summary_txt | /tmp/ZKX_dev/results/stage07_b06_formal_6132f71/formal/20260810T110506Z_6132f71eb1e0_stage07_b06_formal_c682575d/operator_kalman_filter_summary.txt                                                                                 |
| full_log    | /tmp/ZKX_dev/results/stage07_b06_formal_6132f71/formal/20260810T110506Z_6132f71eb1e0_stage07_b06_formal_c682575d/operator_kalman_filter_full.log                                                                                    |
| result_dir  | /tmp/ZKX_dev/results/stage07_b06_formal_6132f71/formal/20260810T110506Z_6132f71eb1e0_stage07_b06_formal_c682575d                                                                                                                    |
+-------------+-------------------------------------------------------------------------------------------------------------------------------------------------------------------------------------------------------------------------------------+
