[stage08-b01] operator=kaiser entry=cpu:kaiser_typed_cpu gpu:kaiser_device
[stage08-b01] config=test_all/configs/operators/windows/kaiser/operator_scales.json config_sha256=3c4c14a97768005f5dc56b0d0c17628fff55c481c5608f82bbef4fa7c495f9fe
[stage08-b01] run_type=formal scale=kaiser_int32_10e4 dtype=INT32 sym=false backend=not_applicable
[stage08-b01] dtype_semantics=actual_typed_scalar_input typed_input_count=1 actual_input_digest=63b56ee080418d5e50de41c2a545d3cc405f9cbd6531cf4d9454811f1ad67aec
[stage08-b01] timing_scope=compatibility/end-to-end warmup=20 measured=100
[stage08-b01] cpu_mean_ms=0.48476242999999991 gpu_mean_ms=0.30637650999999999 speedup=1.5822441152554414
[stage08-b01] mse=1.5666116859541735e-14 rmse=1.2516435938214095e-07 relative_l2=2.2255866392746574e-07 relative_linf=6.288099760887178e-07
[stage08-b01] resources=available cuda_event_ms=0.32486799359321594
[stage08-b01] status=PASS error_code=OK
[stage08] identity and status
target | scale_id          | device | backend        | dtype | warmup | measured | timing_scope             | status | error_code
kaiser | kaiser_int32_10e4 | CPU    | not_applicable | INT32 | 20     | 100      | compatibility/end-to-end | PASS   | OK        
kaiser | kaiser_int32_10e4 | GPU    | not_applicable | INT32 | 20     | 100      | compatibility/end-to-end | PASS   | OK        

[stage08] timing detail
device | mean_ms             | p50_ms              | p95_ms              | p99_ms              | min_ms              | max_ms              | std_ms                | cv                   | speedup           
CPU    | 0.48476242999999991 | 0.48232649999999999 | 0.49165350000000002 | 0.50219461000000054 | 0.48002099999999998 | 0.62135200000000002 | 0.014157375384763238  | 0.029204770230983539 | NA                
GPU    | 0.30637650999999999 | 0.30484100000000003 | 0.31573799999999996 | 0.32894809999999997 | 0.30031099999999999 | 0.33064100000000002 | 0.0054701357140294034 | 0.017854292138876456 | 1.5822441152554414

[stage08] accuracy detail
accuracy_reference  | mse                    | rmse                   | relative_l2            | relative_linf         | exact_match | mismatch_count | semantic_check                                                                                      | status
cpu_typed_reference | 1.5666116859541735e-14 | 1.2516435938214095e-07 | 2.2255866392746574e-07 | 6.288099760887178e-07 | NA          | NA             | finite_normalized_fp64_window_shape_beta_and_symmetry_match_cpu:shape=[10000];finite=true;sym=false | PASS  

[stage08] resource detail
device | metric     | before_bytes | after_bytes | peak_bytes | delta_bytes
CPU    | cpu_heap   | 1565136      | 1568480     | 1647376    | 3344       
CPU    | rss        | 70598656     | 70598656    | 70598656   | 0          
GPU    | cpu_heap   | 1568480      | 1571552     | 1650688    | 3072       
GPU    | rss        | 70598656     | 70598656    | 70598656   | 0          
GPU    | gpu_memory | 341000192    | 341000192   | 341000192  | 0          

[stage08] input/output identity
device | input_digest                                                     | output_digest                                                   
CPU    | 63b56ee080418d5e50de41c2a545d3cc405f9cbd6531cf4d9454811f1ad67aec | 4b2442ac2d6f0f41ffd6137e30bd641bdbedf91c564c89956abffa2736342bf4
GPU    | 63b56ee080418d5e50de41c2a545d3cc405f9cbd6531cf4d9454811f1ad67aec | 4a653ee3d49c61271714c444257d59d833f8a00997f9f5fae1c1ca8d0484a1c1

[stage08] input content
input_name       | shape   | dtype       | elements | generator                                           | values(head4/tail2)                                                                                  
window_positions | [10000] | INDEX_INT64 | 10000    | implicit_window_index_domain(no_materialized_array) | i=0:position=0;i=1:position=1;i=2:position=2;i=3:position=3;i=9998:position=9998;i=9999:position=9999
beta             | scalar  | INT32       | 1        | exact_config_scalar                                 | value=8                                                                                              

[stage08] case parameters
parameters                                                     
{"length":10000,"requested_dtype":"INT32","sym":false,"beta":8}

[stage08] dtype evidence
requested_dtype | config_input_dtype | output_dtype | actual_input_digest                                              | status
INT32           | INT32              | FP64         | 63b56ee080418d5e50de41c2a545d3cc405f9cbd6531cf4d9454811f1ad67aec | PASS  

[stage08] evidence files
kind        | path                                                                                                                                                                                                                                           
main_csv    | /tmp/ZKX_dev/results/stage08_input_preview_b01_kaiser_8b745f9a6864/formal/20260810T082129Z_8b745f9a6864_stage08_b01_formal_a1040012/operator_main_results_kaiser_not_applicable_20260810T082129Z_8b745f9a6864_stage08_b01_formal_a1040012.csv  
timing_csv  | /tmp/ZKX_dev/results/stage08_input_preview_b01_kaiser_8b745f9a6864/formal/20260810T082129Z_8b745f9a6864_stage08_b01_formal_a1040012/operator_timing_samples_kaiser_not_applicable_20260810T082129Z_8b745f9a6864_stage08_b01_formal_a1040012.csv
memory_csv  | /tmp/ZKX_dev/results/stage08_input_preview_b01_kaiser_8b745f9a6864/formal/20260810T082129Z_8b745f9a6864_stage08_b01_formal_a1040012/operator_windows_kaiser_memory_trace_not_applicable.csv                                                    
input_csv   | /tmp/ZKX_dev/results/stage08_input_preview_b01_kaiser_8b745f9a6864/formal/20260810T082129Z_8b745f9a6864_stage08_b01_formal_a1040012/operator_input_evidence_kaiser_not_applicable_20260810T082129Z_8b745f9a6864_stage08_b01_formal_a1040012.csv
dtype_csv   | /tmp/ZKX_dev/results/stage08_input_preview_b01_kaiser_8b745f9a6864/formal/20260810T082129Z_8b745f9a6864_stage08_b01_formal_a1040012/operator_dtype_evidence_kaiser_not_applicable_20260810T082129Z_8b745f9a6864_stage08_b01_formal_a1040012.csv
module_csv  | /tmp/ZKX_dev/results/stage08_input_preview_b01_kaiser_8b745f9a6864/formal/20260810T082129Z_8b745f9a6864_stage08_b01_formal_a1040012/windows_batch01_module_summary_not_applicable_20260810T082129Z_8b745f9a6864_stage08_b01_formal_a1040012.csv
report_json | /tmp/ZKX_dev/results/stage08_input_preview_b01_kaiser_8b745f9a6864/formal/20260810T082129Z_8b745f9a6864_stage08_b01_formal_a1040012/operator_kaiser_report.json                                                                                
summary_txt | /tmp/ZKX_dev/results/stage08_input_preview_b01_kaiser_8b745f9a6864/formal/20260810T082129Z_8b745f9a6864_stage08_b01_formal_a1040012/operator_kaiser_summary.txt                                                                                
full_log    | /tmp/ZKX_dev/results/stage08_input_preview_b01_kaiser_8b745f9a6864/formal/20260810T082129Z_8b745f9a6864_stage08_b01_formal_a1040012/operator_kaiser_full.log                                                                                   
results_dir | /tmp/ZKX_dev/results/stage08_input_preview_b01_kaiser_8b745f9a6864/formal/20260810T082129Z_8b745f9a6864_stage08_b01_formal_a1040012                                                                                                            
