command=build_stage08_b08_gauss_spline_a1467e3b776a/stage08_bsplines_gauss_spline --operator gauss_spline --dtype FP16 --elements 100 --order 0 --seed 87400003 --warmup 20 --measured 100 --output /tmp/ZKX_dev/results/stage08_input_preview_b08_gauss_spline_bdef73fce32b/formal/20260810T091332Z_bdef73fce32b_stage08_b08_formal_87710003/gauss_spline_probe_raw.json
{"run_id": "20260810T091332Z_bdef73fce32b_stage08_b08_formal_87710003", "case_id": "gauss_spline__gauss_spline_fp16_10e2__e0187e4848ff8668", "operator_name": "gauss_spline", "scale_id": "gauss_spline_fp16_10e2", "requested_dtype": "FP16", "output_dtype": "FP16", "backend": "not_applicable", "input_count": 100, "output_count": 100, "order": 0, "warmup_runs": 20, "measured_runs": 100, "mse": 0, "rmse": 0, "relative_l2": 0, "relative_linf": 0, "status": "PASS", "error_code": "OK"}
[stage08] identity and status
+--------------+------------------------+--------+----------------+-------+--------+----------+--------------------------+--------+------------+
| target       | scale_id               | device | backend        | dtype | warmup | measured | timing_scope             | status | error_code |
+--------------+------------------------+--------+----------------+-------+--------+----------+--------------------------+--------+------------+
| gauss_spline | gauss_spline_fp16_10e2 | CPU    | not_applicable | FP16  | 20     | 100      | compatibility/end-to-end | PASS   | OK         |
| gauss_spline | gauss_spline_fp16_10e2 | GPU    | not_applicable | FP16  | 20     | 100      | compatibility/end-to-end | PASS   | OK         |
+--------------+------------------------+--------+----------------+-------+--------+----------+--------------------------+--------+------------+

[stage08] timing detail
+--------+---------------------+----------+---------------------+---------------------+----------+----------+-----------------------+----------------------+----------------------+
| device | mean_ms             | p50_ms   | p95_ms              | p99_ms              | min_ms   | max_ms   | std_ms                | cv                   | speedup              |
+--------+---------------------+----------+---------------------+---------------------+----------+----------+-----------------------+----------------------+----------------------+
| CPU    | 0.00920554          | 0.009191 | 0.00934055          | 0.009381            | 0.00908  | 0.00948  | 7.165157639577793e-05 | 0.007783527788242508 | NA                   |
| GPU    | 0.19395216999999998 | 0.191899 | 0.20197004999999998 | 0.23042113000000025 | 0.186329 | 0.278944 | 0.010343635859846384  | 0.05333085914865704  | 0.047462938929737165 |
+--------+---------------------+----------+---------------------+---------------------+----------+----------+-----------------------+----------------------+----------------------+

[stage08] accuracy detail
+-----------------------------+-----+------+-------------+---------------+-------------+----------------+--------------------------------------------+--------+
| accuracy_reference          | mse | rmse | relative_l2 | relative_linf | exact_match | mismatch_count | semantic_check                             | status |
+-----------------------------+-----+------+-------------+---------------+-------------+----------------+--------------------------------------------+--------+
| cpu_gauss_spline_same_dtype | 0   | 0    | 0           | 0             | NA          | NA             | output_count=100;output_dtype=FP16;order=0 | PASS   |
+-----------------------------+-----+------+-------------+---------------+-------------+----------------+--------------------------------------------+--------+

[stage08] resource detail
+--------+------------+--------------+-------------+------------+-------------+
| device | metric     | before_bytes | after_bytes | peak_bytes | delta_bytes |
+--------+------------+--------------+-------------+------------+-------------+
| CPU    | cpu_heap   | 1344272      | 1348672     | 1348672    | 4400        |
| CPU    | rss        | 69095424     | 69095424    | 69095424   | 0           |
| GPU    | cpu_heap   | 1348672      | 1351904     | 1351904    | 3232        |
| GPU    | rss        | 69095424     | 69095424    | 69095424   | 0           |
| GPU    | gpu_memory | 391544832    | 391544832   | 391544832  | 0           |
+--------+------------+--------------+-------------+------------+-------------+

[stage08] input/output identity
+--------+------------------------------------------------------------------+------------------------------------------------------------------+
| device | input_digest                                                     | output_digest                                                    |
+--------+------------------------------------------------------------------+------------------------------------------------------------------+
| CPU    | e0187e4848ff86687474745db6181b1ea28906967c77c21948e75e2321091e33 | 1f44757cad56178413579a8a632e5932d4480e869670a1ab010d15bd98e6b5e4 |
| GPU    | e0187e4848ff86687474745db6181b1ea28906967c77c21948e75e2321091e33 | 1f44757cad56178413579a8a632e5932d4480e869670a1ab010d15bd98e6b5e4 |
+--------+------------------------------------------------------------------+------------------------------------------------------------------+

[stage08] input content
+------------+-------+-------+----------+-----------------------------------------------------------------+----------------------------------------------------------------------------+
| input_name | shape | dtype | elements | generator                                                       | values(head4/tail2)                                                        |
+------------+-------+-------+----------+-----------------------------------------------------------------+----------------------------------------------------------------------------+
| x          | [100] | FP16  | 100      | bspline_modular_or_piecewise_ramp(seed=87400003,integral=false) | i=0:-3.9375;i=1:-3.90625;i=2:-3.875;i=3:-3.84375;i=98:-0.875;i=99:-0.84375 |
+------------+-------+-------+----------+-----------------------------------------------------------------+----------------------------------------------------------------------------+

[stage08] case parameters
+-------------------------------------------------------------------------------------------+
| parameters                                                                                |
+-------------------------------------------------------------------------------------------+
| {"dtype":"FP16","elements":"100","operator":"gauss_spline","order":"0","seed":"87400003"} |
+-------------------------------------------------------------------------------------------+

[stage08] dtype evidence
+-----------------+--------------------+--------------+------------------------------------------------------------------+--------+
| requested_dtype | config_input_dtype | output_dtype | actual_input_digest                                              | status |
+-----------------+--------------------+--------------+------------------------------------------------------------------+--------+
| FP16            | NA                 | FP16         | e0187e4848ff86687474745db6181b1ea28906967c77c21948e75e2321091e33 | PASS   |
+-----------------+--------------------+--------------+------------------------------------------------------------------+--------+

[stage08] evidence files
+----------------+-------------------------------------------------------------------------------------------------------------------------------------------------------------------------------------------------------------------------------------------------------------+
| kind           | path                                                                                                                                                                                                                                                        |
+----------------+-------------------------------------------------------------------------------------------------------------------------------------------------------------------------------------------------------------------------------------------------------------+
| probe_raw_json | /tmp/ZKX_dev/results/stage08_input_preview_b08_gauss_spline_bdef73fce32b/formal/20260810T091332Z_bdef73fce32b_stage08_b08_formal_87710003/gauss_spline_probe_raw.json                                                                                       |
| memory_csv     | /tmp/ZKX_dev/results/stage08_input_preview_b08_gauss_spline_bdef73fce32b/formal/20260810T091332Z_bdef73fce32b_stage08_b08_formal_87710003/operator_bsplines_gauss_spline_memory_trace_not_applicable.csv                                                    |
| dtype_csv      | /tmp/ZKX_dev/results/stage08_input_preview_b08_gauss_spline_bdef73fce32b/formal/20260810T091332Z_bdef73fce32b_stage08_b08_formal_87710003/operator_dtype_evidence_gauss_spline_not_applicable_20260810T091332Z_bdef73fce32b_stage08_b08_formal_87710003.csv |
| full_log       | /tmp/ZKX_dev/results/stage08_input_preview_b08_gauss_spline_bdef73fce32b/formal/20260810T091332Z_bdef73fce32b_stage08_b08_formal_87710003/operator_gauss_spline_full.log                                                                                    |
| report_json    | /tmp/ZKX_dev/results/stage08_input_preview_b08_gauss_spline_bdef73fce32b/formal/20260810T091332Z_bdef73fce32b_stage08_b08_formal_87710003/operator_gauss_spline_report.json                                                                                 |
| summary_txt    | /tmp/ZKX_dev/results/stage08_input_preview_b08_gauss_spline_bdef73fce32b/formal/20260810T091332Z_bdef73fce32b_stage08_b08_formal_87710003/operator_gauss_spline_summary.txt                                                                                 |
| main_csv       | /tmp/ZKX_dev/results/stage08_input_preview_b08_gauss_spline_bdef73fce32b/formal/20260810T091332Z_bdef73fce32b_stage08_b08_formal_87710003/operator_main_results_gauss_spline_not_applicable_20260810T091332Z_bdef73fce32b_stage08_b08_formal_87710003.csv   |
| timing_csv     | /tmp/ZKX_dev/results/stage08_input_preview_b08_gauss_spline_bdef73fce32b/formal/20260810T091332Z_bdef73fce32b_stage08_b08_formal_87710003/operator_timing_samples_gauss_spline_not_applicable_20260810T091332Z_bdef73fce32b_stage08_b08_formal_87710003.csv |
+----------------+-------------------------------------------------------------------------------------------------------------------------------------------------------------------------------------------------------------------------------------------------------------+
