[stage07] identity and status
+---------------+-------------------------+--------+----------------+-------+--------+----------+--------------------------+--------+------------+
| target        | scale_id                | device | backend        | dtype | warmup | measured | timing_scope             | status | error_code |
+---------------+-------------------------+--------+----------------+-------+--------+----------+--------------------------+--------+------------+
| kalman_filter | kalman_filter_fp16_10e3 | CPU    | not_applicable | FP16  | 20     | 100      | compatibility/end-to-end | PASS   | OK         |
| kalman_filter | kalman_filter_fp16_10e3 | GPU    | not_applicable | FP16  | 20     | 100      | compatibility/end-to-end | PASS   | OK         |
+---------------+-------------------------+--------+----------------+-------+--------+----------+--------------------------+--------+------------+

[stage07] timing detail
+--------+--------------------+--------------------+--------------------+-------------------+----------+----------+----------------------+----------------------+--------------------+
| device | mean_ms            | p50_ms             | p95_ms             | p99_ms            | min_ms   | max_ms   | std_ms               | cv                   | speedup            |
+--------+--------------------+--------------------+--------------------+-------------------+----------+----------+----------------------+----------------------+--------------------+
| CPU    | 0.5719778600000001 | 0.5704655000000001 | 0.57958205         | 0.5990331         | 0.56754  | 0.608151 | 0.00625793100636304  | 0.010940862302542688 | NA                 |
| GPU    | 1.28351978         | 1.2748835          | 1.3321135499999999 | 1.407872930000001 | 1.257683 | 1.575869 | 0.036964041736958365 | 0.028798965401965495 | 0.4456322909180255 |
+--------+--------------------+--------------------+--------------------+-------------------+----------+----------+----------------------+----------------------+--------------------+

[stage07] accuracy detail
+---------------------------+-----+------+-------------+---------------+-------------+----------------+-------------------------------------------------------------------------+--------+
| reference                 | mse | rmse | relative_l2 | relative_linf | exact_match | mismatch_count | semantic_check                                                          | status |
+---------------------------+-----+------+-------------+---------------+-------------+----------------+-------------------------------------------------------------------------+--------+
| typed_cpu_task2_reference | 0   | 0    | 0           | 0             | NA          | NA             | output_count=2;output_dtype=FP32_STATE_COVARIANCE;task_gpu_call=present | PASS   |
+---------------------------+-----+------+-------------+---------------+-------------+----------------+-------------------------------------------------------------------------+--------+

[stage07] resource detail
+--------+------------+--------------+-------------+------------+-------------+
| device | metric     | before_bytes | after_bytes | peak_bytes | delta_bytes |
+--------+------------+--------------+-------------+------------+-------------+
| CPU    | cpu_heap   | 1378160      | 1383056     | 1383056    | 4896        |
| CPU    | rss        | 69578752     | 69578752    | 69578752   | 0           |
| GPU    | cpu_heap   | 1383216      | 1385984     | 1388848    | 2768        |
| GPU    | rss        | 69578752     | 69578752    | 69578752   | 0           |
| GPU    | gpu_memory | 341000192    | 341000192   | 341000192  | 0           |
+--------+------------+--------------+-------------+------------+-------------+

[stage07] input content
+--------------+--------+-------+----------+----------------------------------+------------------------------------------------------------------------------------+
| input_name   | shape  | dtype | elements | generator                        | values(head4/tail2)                                                                |
+--------------+--------+-------+----------+----------------------------------+------------------------------------------------------------------------------------+
| observations | [1024] | FP16  | 1024     | deterministic_task2_observations | i=0:0.9375;i=1:1.05175781;i=2:1.02636719;i=3:1;i=1022:1.18847656;i=1023:1.15332031 |
+--------------+--------+-------+----------+----------------------------------+------------------------------------------------------------------------------------+

[stage07] case parameters
+-------------------------------------------------------------------------------------------------------------------------+
| parameters                                                                                                              |
+-------------------------------------------------------------------------------------------------------------------------+
| {"alpha_sq":1,"execution_dtype":"FP32_TASK_SEQUENCE","f":1,"h":1,"observation_count":1024,"output_count":2,"q":1,"r":2} |
+-------------------------------------------------------------------------------------------------------------------------+

[stage07] input and output identity
+--------+------------------------------------------------------------------+------------------------------------------------------------------+
| device | input_digest                                                     | output_digest                                                    |
+--------+------------------------------------------------------------------+------------------------------------------------------------------+
| CPU    | c31eb64069d4037cc2c933b89fe9bf2ba7edf7f053919500ed9bf00e2bb2c2c6 | 27ef22b2d4023b630b2bbb04668c067cd5185aaca81cf721bac1922cf45d8e25 |
| GPU    | c31eb64069d4037cc2c933b89fe9bf2ba7edf7f053919500ed9bf00e2bb2c2c6 | 27ef22b2d4023b630b2bbb04668c067cd5185aaca81cf721bac1922cf45d8e25 |
+--------+------------------------------------------------------------------+------------------------------------------------------------------+

[stage07] dtype evidence
+-----------------+--------------------+-----------------------+------------------------------------------------------------------+------------------------------------------------------------------+----------------------+
| requested_dtype | config_input_dtype | output_dtype          | typed_array_digest                                               | actual_input_digest                                              | task_gpu_call_status |
+-----------------+--------------------+-----------------------+------------------------------------------------------------------+------------------------------------------------------------------+----------------------+
| FP16            | FP16               | FP32_STATE_COVARIANCE | c086c222d2ac56874864504f129f1a9d8d3399fc21797a88c3324af3ab365633 | c31eb64069d4037cc2c933b89fe9bf2ba7edf7f053919500ed9bf00e2bb2c2c6 | proved_gpu_cpu       |
+-----------------+--------------------+-----------------------+------------------------------------------------------------------+------------------------------------------------------------------+----------------------+

[stage07] evidence files
+-------------+-------------------------------------------------------------------------------------------------------------------------------------------------------------------------------------------------------------------------------------+
| kind        | path                                                                                                                                                                                                                                |
+-------------+-------------------------------------------------------------------------------------------------------------------------------------------------------------------------------------------------------------------------------------+
| main_csv    | /tmp/ZKX_dev/results/stage07_b06_formal_6132f71/formal/20260810T110507Z_6132f71eb1e0_stage07_b06_formal_584137dc/operator_main_results_kalman_filter_not_applicable_20260810T110507Z_6132f71eb1e0_stage07_b06_formal_584137dc.csv   |
| timing_csv  | /tmp/ZKX_dev/results/stage07_b06_formal_6132f71/formal/20260810T110507Z_6132f71eb1e0_stage07_b06_formal_584137dc/operator_timing_samples_kalman_filter_not_applicable_20260810T110507Z_6132f71eb1e0_stage07_b06_formal_584137dc.csv |
| memory_csv  | /tmp/ZKX_dev/results/stage07_b06_formal_6132f71/formal/20260810T110507Z_6132f71eb1e0_stage07_b06_formal_584137dc/operator_estimation_kalman_filter_memory_trace_not_applicable.csv                                                  |
| dtype_csv   | /tmp/ZKX_dev/results/stage07_b06_formal_6132f71/formal/20260810T110507Z_6132f71eb1e0_stage07_b06_formal_584137dc/operator_dtype_evidence_kalman_filter_not_applicable_20260810T110507Z_6132f71eb1e0_stage07_b06_formal_584137dc.csv |
| report_json | /tmp/ZKX_dev/results/stage07_b06_formal_6132f71/formal/20260810T110507Z_6132f71eb1e0_stage07_b06_formal_584137dc/operator_kalman_filter_report.json                                                                                 |
| summary_txt | /tmp/ZKX_dev/results/stage07_b06_formal_6132f71/formal/20260810T110507Z_6132f71eb1e0_stage07_b06_formal_584137dc/operator_kalman_filter_summary.txt                                                                                 |
| full_log    | /tmp/ZKX_dev/results/stage07_b06_formal_6132f71/formal/20260810T110507Z_6132f71eb1e0_stage07_b06_formal_584137dc/operator_kalman_filter_full.log                                                                                    |
| result_dir  | /tmp/ZKX_dev/results/stage07_b06_formal_6132f71/formal/20260810T110507Z_6132f71eb1e0_stage07_b06_formal_584137dc                                                                                                                    |
+-------------+-------------------------------------------------------------------------------------------------------------------------------------------------------------------------------------------------------------------------------------+
STAGE07_TASK_FINAL_CASE PASS operator=kalman_filter scale=kalman_filter_fp16_10e3 dtype=FP16 backend=not_applicable measured=100 results=/tmp/ZKX_dev/results/stage07_b06_formal_6132f71/formal/20260810T110507Z_6132f71eb1e0_stage07_b06_formal_584137dc
