[stage07] identity and status
+---------------+-------------------------+--------+----------------+-------+--------+----------+--------------------------+--------+------------+
| target        | scale_id                | device | backend        | dtype | warmup | measured | timing_scope             | status | error_code |
+---------------+-------------------------+--------+----------------+-------+--------+----------+--------------------------+--------+------------+
| kalman_filter | kalman_filter_fp16_10e4 | CPU    | not_applicable | FP16  | 20     | 100      | compatibility/end-to-end | PASS   | OK         |
| kalman_filter | kalman_filter_fp16_10e4 | GPU    | not_applicable | FP16  | 20     | 100      | compatibility/end-to-end | PASS   | OK         |
+---------------+-------------------------+--------+----------------+-------+--------+----------+--------------------------+--------+------------+

[stage07] timing detail
+--------+--------------------+-----------+--------------------+-------------------+----------+----------+----------------------+----------------------+--------------------+
| device | mean_ms            | p50_ms    | p95_ms             | p99_ms            | min_ms   | max_ms   | std_ms               | cv                   | speedup            |
+--------+--------------------+-----------+--------------------+-------------------+----------+----------+----------------------+----------------------+--------------------+
| CPU    | 5.5879160500000005 | 5.574752  | 5.6920684999999995 | 5.730772910000001 | 5.48642  | 5.769176 | 0.04843133518320035  | 0.008667155116476803 | NA                 |
| GPU    | 4.52475467         | 4.5176075 | 4.56157445         | 4.68312169        | 4.493512 | 4.698535 | 0.029792403308244533 | 0.006584313511133308 | 1.2349655301864135 |
+--------+--------------------+-----------+--------------------+-------------------+----------+----------+----------------------+----------------------+--------------------+

[stage07] accuracy detail
+---------------------------+-----+------+-------------+---------------+-------------+----------------+-------------------------------------------------------------------------+--------+
| reference                 | mse | rmse | relative_l2 | relative_linf | exact_match | mismatch_count | semantic_check                                                          | status |
+---------------------------+-----+------+-------------+---------------+-------------+----------------+-------------------------------------------------------------------------+--------+
| typed_cpu_task2_reference | 0   | 0    | 0           | 0             | NA          | NA             | output_count=2;output_dtype=FP32_STATE_COVARIANCE;task_gpu_call=present | PASS   |
+---------------------------+-----+------+-------------+---------------+-------------+----------------+-------------------------------------------------------------------------+--------+

[stage07] resource detail
+--------+------------+--------------+-------------+------------+-------------+
| device | metric     | before_bytes | after_bytes | peak_bytes | delta_bytes |
+--------+------------+--------------+-------------+------------+-------------+
| CPU    | cpu_heap   | 1459776      | 1482544     | 1482544    | 22768       |
| CPU    | rss        | 69742592     | 69742592    | 69742592   | 0           |
| GPU    | cpu_heap   | 1482800      | 1486000     | 1488656    | 3200        |
| GPU    | rss        | 69742592     | 69742592    | 69742592   | 0           |
| GPU    | gpu_memory | 357777408    | 357777408   | 357777408  | 0           |
+--------+------------+--------------+-------------+------------+-------------+

[stage07] input content
+--------------+---------+-------+----------+----------------------------------+------------------------------------------------------------------------------------+
| input_name   | shape   | dtype | elements | generator                        | values(head4/tail2)                                                                |
+--------------+---------+-------+----------+----------------------------------+------------------------------------------------------------------------------------+
| observations | [10000] | FP16  | 10000    | deterministic_task2_observations | i=0:0.9375;i=1:1.05175781;i=2:1.02636719;i=3:1;i=9998:1.09472656;i=9999:1.05859375 |
+--------------+---------+-------+----------+----------------------------------+------------------------------------------------------------------------------------+

[stage07] case parameters
+--------------------------------------------------------------------------------------------------------------------------+
| parameters                                                                                                               |
+--------------------------------------------------------------------------------------------------------------------------+
| {"alpha_sq":1,"execution_dtype":"FP32_TASK_SEQUENCE","f":1,"h":1,"observation_count":10000,"output_count":2,"q":1,"r":2} |
+--------------------------------------------------------------------------------------------------------------------------+

[stage07] input and output identity
+--------+------------------------------------------------------------------+------------------------------------------------------------------+
| device | input_digest                                                     | output_digest                                                    |
+--------+------------------------------------------------------------------+------------------------------------------------------------------+
| CPU    | 1e27555259d8070d7501704b9febab1e553af9d64b0d89bf625837c812b07900 | 6c9cc2629dc94dc6643ff2da5d25e75224f6eaf973a9d9512a0960aac7703f6c |
| GPU    | 1e27555259d8070d7501704b9febab1e553af9d64b0d89bf625837c812b07900 | 6c9cc2629dc94dc6643ff2da5d25e75224f6eaf973a9d9512a0960aac7703f6c |
+--------+------------------------------------------------------------------+------------------------------------------------------------------+

[stage07] dtype evidence
+-----------------+--------------------+-----------------------+------------------------------------------------------------------+------------------------------------------------------------------+----------------------+
| requested_dtype | config_input_dtype | output_dtype          | typed_array_digest                                               | actual_input_digest                                              | task_gpu_call_status |
+-----------------+--------------------+-----------------------+------------------------------------------------------------------+------------------------------------------------------------------+----------------------+
| FP16            | FP16               | FP32_STATE_COVARIANCE | 0d80b659acffe33857538bc5c58b87196ba47d4411997239c1565d075bab28b1 | 1e27555259d8070d7501704b9febab1e553af9d64b0d89bf625837c812b07900 | proved_gpu_cpu       |
+-----------------+--------------------+-----------------------+------------------------------------------------------------------+------------------------------------------------------------------+----------------------+

[stage07] evidence files
+-------------+-------------------------------------------------------------------------------------------------------------------------------------------------------------------------------------------------------------------------------------+
| kind        | path                                                                                                                                                                                                                                |
+-------------+-------------------------------------------------------------------------------------------------------------------------------------------------------------------------------------------------------------------------------------+
| main_csv    | /tmp/ZKX_dev/results/stage07_b06_formal_6132f71/formal/20260810T110507Z_6132f71eb1e0_stage07_b06_formal_c38ece5b/operator_main_results_kalman_filter_not_applicable_20260810T110507Z_6132f71eb1e0_stage07_b06_formal_c38ece5b.csv   |
| timing_csv  | /tmp/ZKX_dev/results/stage07_b06_formal_6132f71/formal/20260810T110507Z_6132f71eb1e0_stage07_b06_formal_c38ece5b/operator_timing_samples_kalman_filter_not_applicable_20260810T110507Z_6132f71eb1e0_stage07_b06_formal_c38ece5b.csv |
| memory_csv  | /tmp/ZKX_dev/results/stage07_b06_formal_6132f71/formal/20260810T110507Z_6132f71eb1e0_stage07_b06_formal_c38ece5b/operator_estimation_kalman_filter_memory_trace_not_applicable.csv                                                  |
| dtype_csv   | /tmp/ZKX_dev/results/stage07_b06_formal_6132f71/formal/20260810T110507Z_6132f71eb1e0_stage07_b06_formal_c38ece5b/operator_dtype_evidence_kalman_filter_not_applicable_20260810T110507Z_6132f71eb1e0_stage07_b06_formal_c38ece5b.csv |
| report_json | /tmp/ZKX_dev/results/stage07_b06_formal_6132f71/formal/20260810T110507Z_6132f71eb1e0_stage07_b06_formal_c38ece5b/operator_kalman_filter_report.json                                                                                 |
| summary_txt | /tmp/ZKX_dev/results/stage07_b06_formal_6132f71/formal/20260810T110507Z_6132f71eb1e0_stage07_b06_formal_c38ece5b/operator_kalman_filter_summary.txt                                                                                 |
| full_log    | /tmp/ZKX_dev/results/stage07_b06_formal_6132f71/formal/20260810T110507Z_6132f71eb1e0_stage07_b06_formal_c38ece5b/operator_kalman_filter_full.log                                                                                    |
| result_dir  | /tmp/ZKX_dev/results/stage07_b06_formal_6132f71/formal/20260810T110507Z_6132f71eb1e0_stage07_b06_formal_c38ece5b                                                                                                                    |
+-------------+-------------------------------------------------------------------------------------------------------------------------------------------------------------------------------------------------------------------------------------+
STAGE07_TASK_FINAL_CASE PASS operator=kalman_filter scale=kalman_filter_fp16_10e4 dtype=FP16 backend=not_applicable measured=100 results=/tmp/ZKX_dev/results/stage07_b06_formal_6132f71/formal/20260810T110507Z_6132f71eb1e0_stage07_b06_formal_c38ece5b
