[stage07] identity and status
+---------------+-------------------------+--------+----------------+-------+--------+----------+--------------------------+--------+------------+
| target        | scale_id                | device | backend        | dtype | warmup | measured | timing_scope             | status | error_code |
+---------------+-------------------------+--------+----------------+-------+--------+----------+--------------------------+--------+------------+
| kalman_filter | kalman_filter_fp32_10e3 | CPU    | not_applicable | FP32  | 20     | 100      | compatibility/end-to-end | PASS   | OK         |
| kalman_filter | kalman_filter_fp32_10e3 | GPU    | not_applicable | FP32  | 20     | 100      | compatibility/end-to-end | PASS   | OK         |
+---------------+-------------------------+--------+----------------+-------+--------+----------+--------------------------+--------+------------+

[stage07] timing detail
+--------+------------+--------------------+--------------------+--------------------+----------+----------+----------------------+---------------------+-------------------+
| device | mean_ms    | p50_ms             | p95_ms             | p99_ms             | min_ms   | max_ms   | std_ms               | cv                  | speedup           |
+--------+------------+--------------------+--------------------+--------------------+----------+----------+----------------------+---------------------+-------------------+
| CPU    | 0.57561404 | 0.5604305          | 0.6556930000000001 | 0.7119738000000001 | 0.55223  | 0.740763 | 0.035480774402180115 | 0.06163986966367275 | NA                |
| GPU    | 1.2830271  | 1.2767629999999999 | 1.305394           | 1.3277124500000015 | 1.256753 | 1.602779 | 0.03446404275777872  | 0.02686150803656347 | 0.448637476168664 |
+--------+------------+--------------------+--------------------+--------------------+----------+----------+----------------------+---------------------+-------------------+

[stage07] accuracy detail
+---------------------------+-----+------+-------------+---------------+-------------+----------------+-------------------------------------------------------------------------+--------+
| reference                 | mse | rmse | relative_l2 | relative_linf | exact_match | mismatch_count | semantic_check                                                          | status |
+---------------------------+-----+------+-------------+---------------+-------------+----------------+-------------------------------------------------------------------------+--------+
| typed_cpu_task2_reference | 0   | 0    | 0           | 0             | NA          | NA             | output_count=2;output_dtype=FP32_STATE_COVARIANCE;task_gpu_call=present | PASS   |
+---------------------------+-----+------+-------------+---------------+-------------+----------------+-------------------------------------------------------------------------+--------+

[stage07] resource detail
+--------+------------+--------------+-------------+------------+-------------+
| device | metric     | before_bytes | after_bytes | peak_bytes | delta_bytes |
+--------+------------+--------------+-------------+------------+-------------+
| CPU    | cpu_heap   | 1380080      | 1386976     | 1386976    | 6896        |
| CPU    | rss        | 69570560     | 69570560    | 69570560   | 0           |
| GPU    | cpu_heap   | 1387104      | 1389920     | 1392768    | 2816        |
| GPU    | rss        | 69570560     | 69570560    | 69570560   | 0           |
| GPU    | gpu_memory | 341000192    | 341000192   | 341000192  | 0           |
+--------+------------+--------------+-------------+------------+-------------+

[stage07] input content
+--------------+--------+-------+----------+----------------------------------+--------------------------------------------------------------------------------------------+
| input_name   | shape  | dtype | elements | generator                        | values(head4/tail2)                                                                        |
+--------------+--------+-------+----------+----------------------------------+--------------------------------------------------------------------------------------------+
| observations | [1024] | FP32  | 1024     | deterministic_task2_observations | i=0:0.9375;i=1:1.05212462;i=2:1.02612185;i=3:1.00011456;i=1022:1.1886996;i=1023:1.15289021 |
+--------------+--------+-------+----------+----------------------------------+--------------------------------------------------------------------------------------------+

[stage07] case parameters
+-------------------------------------------------------------------------------------------------------------------------+
| parameters                                                                                                              |
+-------------------------------------------------------------------------------------------------------------------------+
| {"alpha_sq":1,"execution_dtype":"FP32_TASK_SEQUENCE","f":1,"h":1,"observation_count":1024,"output_count":2,"q":1,"r":2} |
+-------------------------------------------------------------------------------------------------------------------------+

[stage07] input and output identity
+--------+------------------------------------------------------------------+------------------------------------------------------------------+
| device | input_digest                                                     | output_digest                                                    |
+--------+------------------------------------------------------------------+------------------------------------------------------------------+
| CPU    | 1fd5c0a0e83a4d12c091455f8bb2ada07c8955d30cdd01e31768114920fa6177 | b17c6d28c281b2e766d71ddd9c04ef4ab95c70efd5bac5c2fbe32c3503288b02 |
| GPU    | 1fd5c0a0e83a4d12c091455f8bb2ada07c8955d30cdd01e31768114920fa6177 | b17c6d28c281b2e766d71ddd9c04ef4ab95c70efd5bac5c2fbe32c3503288b02 |
+--------+------------------------------------------------------------------+------------------------------------------------------------------+

[stage07] dtype evidence
+-----------------+--------------------+-----------------------+------------------------------------------------------------------+------------------------------------------------------------------+----------------------+
| requested_dtype | config_input_dtype | output_dtype          | typed_array_digest                                               | actual_input_digest                                              | task_gpu_call_status |
+-----------------+--------------------+-----------------------+------------------------------------------------------------------+------------------------------------------------------------------+----------------------+
| FP32            | FP32               | FP32_STATE_COVARIANCE | 70d8daf50041f44568e9ce0473659c1b91263b8dbb514e4cf2a14fb5633c5432 | 1fd5c0a0e83a4d12c091455f8bb2ada07c8955d30cdd01e31768114920fa6177 | proved_gpu_cpu       |
+-----------------+--------------------+-----------------------+------------------------------------------------------------------+------------------------------------------------------------------+----------------------+

[stage07] evidence files
+-------------+-------------------------------------------------------------------------------------------------------------------------------------------------------------------------------------------------------------------------------------+
| kind        | path                                                                                                                                                                                                                                |
+-------------+-------------------------------------------------------------------------------------------------------------------------------------------------------------------------------------------------------------------------------------+
| main_csv    | /tmp/ZKX_dev/results/stage07_b06_formal_6132f71/formal/20260810T110505Z_6132f71eb1e0_stage07_b06_formal_acba3923/operator_main_results_kalman_filter_not_applicable_20260810T110505Z_6132f71eb1e0_stage07_b06_formal_acba3923.csv   |
| timing_csv  | /tmp/ZKX_dev/results/stage07_b06_formal_6132f71/formal/20260810T110505Z_6132f71eb1e0_stage07_b06_formal_acba3923/operator_timing_samples_kalman_filter_not_applicable_20260810T110505Z_6132f71eb1e0_stage07_b06_formal_acba3923.csv |
| memory_csv  | /tmp/ZKX_dev/results/stage07_b06_formal_6132f71/formal/20260810T110505Z_6132f71eb1e0_stage07_b06_formal_acba3923/operator_estimation_kalman_filter_memory_trace_not_applicable.csv                                                  |
| dtype_csv   | /tmp/ZKX_dev/results/stage07_b06_formal_6132f71/formal/20260810T110505Z_6132f71eb1e0_stage07_b06_formal_acba3923/operator_dtype_evidence_kalman_filter_not_applicable_20260810T110505Z_6132f71eb1e0_stage07_b06_formal_acba3923.csv |
| report_json | /tmp/ZKX_dev/results/stage07_b06_formal_6132f71/formal/20260810T110505Z_6132f71eb1e0_stage07_b06_formal_acba3923/operator_kalman_filter_report.json                                                                                 |
| summary_txt | /tmp/ZKX_dev/results/stage07_b06_formal_6132f71/formal/20260810T110505Z_6132f71eb1e0_stage07_b06_formal_acba3923/operator_kalman_filter_summary.txt                                                                                 |
| full_log    | /tmp/ZKX_dev/results/stage07_b06_formal_6132f71/formal/20260810T110505Z_6132f71eb1e0_stage07_b06_formal_acba3923/operator_kalman_filter_full.log                                                                                    |
| result_dir  | /tmp/ZKX_dev/results/stage07_b06_formal_6132f71/formal/20260810T110505Z_6132f71eb1e0_stage07_b06_formal_acba3923                                                                                                                    |
+-------------+-------------------------------------------------------------------------------------------------------------------------------------------------------------------------------------------------------------------------------------+
STAGE07_TASK_FINAL_CASE PASS operator=kalman_filter scale=kalman_filter_fp32_10e3 dtype=FP32 backend=not_applicable measured=100 results=/tmp/ZKX_dev/results/stage07_b06_formal_6132f71/formal/20260810T110505Z_6132f71eb1e0_stage07_b06_formal_acba3923
