command=build_stage08_b08_quadratic_a1467e3b776a/stage08_bsplines_quadratic --operator quadratic --dtype FP16 --elements 100 --order -1 --seed 87400103 --warmup 20 --measured 100 --output /tmp/ZKX_dev/results/stage08_input_preview_b08_quadratic_bdef73fce32b/formal/20260810T091355Z_bdef73fce32b_stage08_b08_formal_87720003/quadratic_probe_raw.json
{"run_id": "20260810T091355Z_bdef73fce32b_stage08_b08_formal_87720003", "case_id": "quadratic__quadratic_fp16_10e2__46c24ce461ad684d", "operator_name": "quadratic", "scale_id": "quadratic_fp16_10e2", "requested_dtype": "FP16", "output_dtype": "FP16", "backend": "not_applicable", "input_count": 100, "output_count": 100, "order": -1, "warmup_runs": 20, "measured_runs": 100, "mse": 0, "rmse": 0, "relative_l2": 0, "relative_linf": 0, "status": "PASS", "error_code": "OK"}
[stage08] identity and status
+-----------+---------------------+--------+----------------+-------+--------+----------+--------------------------+--------+------------+
| target    | scale_id            | device | backend        | dtype | warmup | measured | timing_scope             | status | error_code |
+-----------+---------------------+--------+----------------+-------+--------+----------+--------------------------+--------+------------+
| quadratic | quadratic_fp16_10e2 | CPU    | not_applicable | FP16  | 20     | 100      | compatibility/end-to-end | PASS   | OK         |
| quadratic | quadratic_fp16_10e2 | GPU    | not_applicable | FP16  | 20     | 100      | compatibility/end-to-end | PASS   | OK         |
+-----------+---------------------+--------+----------------+-------+--------+----------+--------------------------+--------+------------+

[stage08] timing detail
+--------+---------------------+-----------+----------+--------------------+----------+----------+------------------------+----------------------+---------------------+
| device | mean_ms             | p50_ms    | p95_ms   | p99_ms             | min_ms   | max_ms   | std_ms                 | cv                   | speedup             |
+--------+---------------------+-----------+----------+--------------------+----------+----------+------------------------+----------------------+---------------------+
| CPU    | 0.00704352          | 0.0070455 | 0.00725  | 0.007291           | 0.006831 | 0.007291 | 0.00012770172121001343 | 0.018130383843591474 | NA                  |
| GPU    | 0.20306429999999998 | 0.192379  | 0.255523 | 0.2943124700000007 | 0.186748 | 0.43286  | 0.03151176904062988    | 0.15518123589734822  | 0.03468615605992782 |
+--------+---------------------+-----------+----------+--------------------+----------+----------+------------------------+----------------------+---------------------+

[stage08] accuracy detail
+--------------------------+-----+------+-------------+---------------+-------------+----------------+---------------------------------------------+--------+
| accuracy_reference       | mse | rmse | relative_l2 | relative_linf | exact_match | mismatch_count | semantic_check                              | status |
+--------------------------+-----+------+-------------+---------------+-------------+----------------+---------------------------------------------+--------+
| cpu_quadratic_same_dtype | 0   | 0    | 0           | 0             | NA          | NA             | output_count=100;output_dtype=FP16;order=-1 | PASS   |
+--------------------------+-----+------+-------------+---------------+-------------+----------------+---------------------------------------------+--------+

[stage08] resource detail
+--------+------------+--------------+-------------+------------+-------------+
| device | metric     | before_bytes | after_bytes | peak_bytes | delta_bytes |
+--------+------------+--------------+-------------+------------+-------------+
| CPU    | cpu_heap   | 1341904      | 1346240     | 1346240    | 4336        |
| CPU    | rss        | 68706304     | 68706304    | 68706304   | 0           |
| GPU    | cpu_heap   | 1346288      | 1349584     | 1349584    | 3296        |
| GPU    | rss        | 68706304     | 68706304    | 68706304   | 0           |
| GPU    | gpu_memory | 391544832    | 391544832   | 391544832  | 0           |
+--------+------------+--------------+-------------+------------+-------------+

[stage08] input/output identity
+--------+------------------------------------------------------------------+------------------------------------------------------------------+
| device | input_digest                                                     | output_digest                                                    |
+--------+------------------------------------------------------------------+------------------------------------------------------------------+
| CPU    | 46c24ce461ad684d3351a77ac10a066c3b941b5b1f7c1a45ab14576b5f3ab2b1 | bc47355128ed7d4be8e35fa292f4f354a5a2e3b2c73fe1a0150d06ff9e8a0089 |
| GPU    | 46c24ce461ad684d3351a77ac10a066c3b941b5b1f7c1a45ab14576b5f3ab2b1 | bc47355128ed7d4be8e35fa292f4f354a5a2e3b2c73fe1a0150d06ff9e8a0089 |
+--------+------------------------------------------------------------------+------------------------------------------------------------------+

[stage08] input content
+------------+-------+-------+----------+-----------------------------------------------------------------+-----------------------------------------------------------------------------+
| input_name | shape | dtype | elements | generator                                                       | values(head4/tail2)                                                         |
+------------+-------+-------+----------+-----------------------------------------------------------------+-----------------------------------------------------------------------------+
| x          | [100] | FP16  | 100      | bspline_modular_or_piecewise_ramp(seed=87400103,integral=false) | i=0:-3.875;i=1:-3.84375;i=2:-3.8125;i=3:-3.78125;i=98:-0.8125;i=99:-0.78125 |
+------------+-------+-------+----------+-----------------------------------------------------------------+-----------------------------------------------------------------------------+

[stage08] case parameters
+-----------------------------------------------------------------------------------------+
| parameters                                                                              |
+-----------------------------------------------------------------------------------------+
| {"dtype":"FP16","elements":"100","operator":"quadratic","order":"-1","seed":"87400103"} |
+-----------------------------------------------------------------------------------------+

[stage08] dtype evidence
+-----------------+--------------------+--------------+------------------------------------------------------------------+--------+
| requested_dtype | config_input_dtype | output_dtype | actual_input_digest                                              | status |
+-----------------+--------------------+--------------+------------------------------------------------------------------+--------+
| FP16            | NA                 | FP16         | 46c24ce461ad684d3351a77ac10a066c3b941b5b1f7c1a45ab14576b5f3ab2b1 | PASS   |
+-----------------+--------------------+--------------+------------------------------------------------------------------+--------+

[stage08] evidence files
+----------------+-------------------------------------------------------------------------------------------------------------------------------------------------------------------------------------------------------------------------------------------------------+
| kind           | path                                                                                                                                                                                                                                                  |
+----------------+-------------------------------------------------------------------------------------------------------------------------------------------------------------------------------------------------------------------------------------------------------+
| memory_csv     | /tmp/ZKX_dev/results/stage08_input_preview_b08_quadratic_bdef73fce32b/formal/20260810T091355Z_bdef73fce32b_stage08_b08_formal_87720003/operator_bsplines_quadratic_memory_trace_not_applicable.csv                                                    |
| dtype_csv      | /tmp/ZKX_dev/results/stage08_input_preview_b08_quadratic_bdef73fce32b/formal/20260810T091355Z_bdef73fce32b_stage08_b08_formal_87720003/operator_dtype_evidence_quadratic_not_applicable_20260810T091355Z_bdef73fce32b_stage08_b08_formal_87720003.csv |
| main_csv       | /tmp/ZKX_dev/results/stage08_input_preview_b08_quadratic_bdef73fce32b/formal/20260810T091355Z_bdef73fce32b_stage08_b08_formal_87720003/operator_main_results_quadratic_not_applicable_20260810T091355Z_bdef73fce32b_stage08_b08_formal_87720003.csv   |
| full_log       | /tmp/ZKX_dev/results/stage08_input_preview_b08_quadratic_bdef73fce32b/formal/20260810T091355Z_bdef73fce32b_stage08_b08_formal_87720003/operator_quadratic_full.log                                                                                    |
| report_json    | /tmp/ZKX_dev/results/stage08_input_preview_b08_quadratic_bdef73fce32b/formal/20260810T091355Z_bdef73fce32b_stage08_b08_formal_87720003/operator_quadratic_report.json                                                                                 |
| summary_txt    | /tmp/ZKX_dev/results/stage08_input_preview_b08_quadratic_bdef73fce32b/formal/20260810T091355Z_bdef73fce32b_stage08_b08_formal_87720003/operator_quadratic_summary.txt                                                                                 |
| timing_csv     | /tmp/ZKX_dev/results/stage08_input_preview_b08_quadratic_bdef73fce32b/formal/20260810T091355Z_bdef73fce32b_stage08_b08_formal_87720003/operator_timing_samples_quadratic_not_applicable_20260810T091355Z_bdef73fce32b_stage08_b08_formal_87720003.csv |
| probe_raw_json | /tmp/ZKX_dev/results/stage08_input_preview_b08_quadratic_bdef73fce32b/formal/20260810T091355Z_bdef73fce32b_stage08_b08_formal_87720003/quadratic_probe_raw.json                                                                                       |
+----------------+-------------------------------------------------------------------------------------------------------------------------------------------------------------------------------------------------------------------------------------------------------+
