sample_index=0 cpu_pipeline_ms=81.5901 gpu_pipeline_ms=11.3447 cpu_resource_sampling_overhead_ms=0.155862 gpu_resource_sampling_overhead_ms=0.03362 semantic_gates=16/16 timing_direct=true resource_overhead_excluded=true step_sum_used=false status=PASS
sample_index=1 cpu_pipeline_ms=81.7301 gpu_pipeline_ms=11.194 cpu_resource_sampling_overhead_ms=0.142223 gpu_resource_sampling_overhead_ms=0.03338 semantic_gates=16/16 timing_direct=true resource_overhead_excluded=true step_sum_used=false status=PASS
sample_index=2 cpu_pipeline_ms=82.2814 gpu_pipeline_ms=11.2484 cpu_resource_sampling_overhead_ms=0.145082 gpu_resource_sampling_overhead_ms=0.03286 semantic_gates=16/16 timing_direct=true resource_overhead_excluded=true step_sum_used=false status=PASS
sample_index=3 cpu_pipeline_ms=81.8889 gpu_pipeline_ms=11.2698 cpu_resource_sampling_overhead_ms=0.140051 gpu_resource_sampling_overhead_ms=0.033671 semantic_gates=16/16 timing_direct=true resource_overhead_excluded=true step_sum_used=false status=PASS
sample_index=4 cpu_pipeline_ms=81.3878 gpu_pipeline_ms=11.4817 cpu_resource_sampling_overhead_ms=0.14797 gpu_resource_sampling_overhead_ms=0.03406 semantic_gates=16/16 timing_direct=true resource_overhead_excluded=true step_sum_used=false status=PASS
sample_index=5 cpu_pipeline_ms=81.2881 gpu_pipeline_ms=11.3233 cpu_resource_sampling_overhead_ms=0.1426 gpu_resource_sampling_overhead_ms=0.03283 semantic_gates=16/16 timing_direct=true resource_overhead_excluded=true step_sum_used=false status=PASS
sample_index=6 cpu_pipeline_ms=81.6379 gpu_pipeline_ms=11.2677 cpu_resource_sampling_overhead_ms=0.144851 gpu_resource_sampling_overhead_ms=0.033291 semantic_gates=16/16 timing_direct=true resource_overhead_excluded=true step_sum_used=false status=PASS
sample_index=7 cpu_pipeline_ms=80.4545 gpu_pipeline_ms=11.3765 cpu_resource_sampling_overhead_ms=0.147301 gpu_resource_sampling_overhead_ms=0.03346 semantic_gates=16/16 timing_direct=true resource_overhead_excluded=true step_sum_used=false status=PASS
sample_index=8 cpu_pipeline_ms=81.1045 gpu_pipeline_ms=11.1583 cpu_resource_sampling_overhead_ms=0.177272 gpu_resource_sampling_overhead_ms=0.03302 semantic_gates=16/16 timing_direct=true resource_overhead_excluded=true step_sum_used=false status=PASS
sample_index=9 cpu_pipeline_ms=80.0931 gpu_pipeline_ms=11.4811 cpu_resource_sampling_overhead_ms=0.138391 gpu_resource_sampling_overhead_ms=0.033521 semantic_gates=16/16 timing_direct=true resource_overhead_excluded=true step_sum_used=false status=PASS
sample_index=10 cpu_pipeline_ms=79.9687 gpu_pipeline_ms=11.2843 cpu_resource_sampling_overhead_ms=0.153952 gpu_resource_sampling_overhead_ms=0.03312 semantic_gates=16/16 timing_direct=true resource_overhead_excluded=true step_sum_used=false status=PASS
sample_index=11 cpu_pipeline_ms=126.343 gpu_pipeline_ms=11.2182 cpu_resource_sampling_overhead_ms=0.13728 gpu_resource_sampling_overhead_ms=0.03287 semantic_gates=16/16 timing_direct=true resource_overhead_excluded=true step_sum_used=false status=PASS
sample_index=12 cpu_pipeline_ms=80.6257 gpu_pipeline_ms=11.1199 cpu_resource_sampling_overhead_ms=0.14921 gpu_resource_sampling_overhead_ms=0.03331 semantic_gates=16/16 timing_direct=true resource_overhead_excluded=true step_sum_used=false status=PASS
sample_index=13 cpu_pipeline_ms=79.7967 gpu_pipeline_ms=11.2285 cpu_resource_sampling_overhead_ms=0.142042 gpu_resource_sampling_overhead_ms=0.0334 semantic_gates=16/16 timing_direct=true resource_overhead_excluded=true step_sum_used=false status=PASS
sample_index=14 cpu_pipeline_ms=79.6736 gpu_pipeline_ms=11.2784 cpu_resource_sampling_overhead_ms=0.15416 gpu_resource_sampling_overhead_ms=0.032851 semantic_gates=16/16 timing_direct=true resource_overhead_excluded=true step_sum_used=false status=PASS
sample_index=15 cpu_pipeline_ms=81.5781 gpu_pipeline_ms=11.1716 cpu_resource_sampling_overhead_ms=0.14308 gpu_resource_sampling_overhead_ms=0.03285 semantic_gates=16/16 timing_direct=true resource_overhead_excluded=true step_sum_used=false status=PASS
sample_index=16 cpu_pipeline_ms=80.3213 gpu_pipeline_ms=11.3193 cpu_resource_sampling_overhead_ms=0.14111 gpu_resource_sampling_overhead_ms=0.03466 semantic_gates=16/16 timing_direct=true resource_overhead_excluded=true step_sum_used=false status=PASS
sample_index=17 cpu_pipeline_ms=80.4454 gpu_pipeline_ms=11.3632 cpu_resource_sampling_overhead_ms=0.15093 gpu_resource_sampling_overhead_ms=0.0332 semantic_gates=16/16 timing_direct=true resource_overhead_excluded=true step_sum_used=false status=PASS
sample_index=18 cpu_pipeline_ms=80.1091 gpu_pipeline_ms=11.5608 cpu_resource_sampling_overhead_ms=0.154781 gpu_resource_sampling_overhead_ms=0.03274 semantic_gates=16/16 timing_direct=true resource_overhead_excluded=true step_sum_used=false status=PASS
sample_index=19 cpu_pipeline_ms=80.3959 gpu_pipeline_ms=11.2489 cpu_resource_sampling_overhead_ms=0.152561 gpu_resource_sampling_overhead_ms=0.03335 semantic_gates=16/16 timing_direct=true resource_overhead_excluded=true step_sum_used=false status=PASS
sample_index=20 cpu_pipeline_ms=80.4975 gpu_pipeline_ms=11.4361 cpu_resource_sampling_overhead_ms=0.140552 gpu_resource_sampling_overhead_ms=0.03308 semantic_gates=16/16 timing_direct=true resource_overhead_excluded=true step_sum_used=false status=PASS
sample_index=21 cpu_pipeline_ms=80.077 gpu_pipeline_ms=11.3042 cpu_resource_sampling_overhead_ms=0.149291 gpu_resource_sampling_overhead_ms=0.03275 semantic_gates=16/16 timing_direct=true resource_overhead_excluded=true step_sum_used=false status=PASS
sample_index=22 cpu_pipeline_ms=80.3925 gpu_pipeline_ms=11.3762 cpu_resource_sampling_overhead_ms=0.13985 gpu_resource_sampling_overhead_ms=0.033151 semantic_gates=16/16 timing_direct=true resource_overhead_excluded=true step_sum_used=false status=PASS
sample_index=23 cpu_pipeline_ms=87.2729 gpu_pipeline_ms=11.4762 cpu_resource_sampling_overhead_ms=0.143462 gpu_resource_sampling_overhead_ms=0.03491 semantic_gates=16/16 timing_direct=true resource_overhead_excluded=true step_sum_used=false status=PASS
sample_index=24 cpu_pipeline_ms=81.0869 gpu_pipeline_ms=11.261 cpu_resource_sampling_overhead_ms=0.143301 gpu_resource_sampling_overhead_ms=0.03321 semantic_gates=16/16 timing_direct=true resource_overhead_excluded=true step_sum_used=false status=PASS
sample_index=25 cpu_pipeline_ms=80.3396 gpu_pipeline_ms=13.6203 cpu_resource_sampling_overhead_ms=0.168461 gpu_resource_sampling_overhead_ms=0.03698 semantic_gates=16/16 timing_direct=true resource_overhead_excluded=true step_sum_used=false status=PASS
sample_index=26 cpu_pipeline_ms=80.795 gpu_pipeline_ms=11.5701 cpu_resource_sampling_overhead_ms=0.155971 gpu_resource_sampling_overhead_ms=0.032681 semantic_gates=16/16 timing_direct=true resource_overhead_excluded=true step_sum_used=false status=PASS
sample_index=27 cpu_pipeline_ms=80.6316 gpu_pipeline_ms=11.5546 cpu_resource_sampling_overhead_ms=0.140622 gpu_resource_sampling_overhead_ms=0.032831 semantic_gates=16/16 timing_direct=true resource_overhead_excluded=true step_sum_used=false status=PASS
sample_index=28 cpu_pipeline_ms=80.7498 gpu_pipeline_ms=11.2296 cpu_resource_sampling_overhead_ms=0.14852 gpu_resource_sampling_overhead_ms=0.03338 semantic_gates=16/16 timing_direct=true resource_overhead_excluded=true step_sum_used=false status=PASS
sample_index=29 cpu_pipeline_ms=80.0602 gpu_pipeline_ms=11.6377 cpu_resource_sampling_overhead_ms=0.141952 gpu_resource_sampling_overhead_ms=0.032561 semantic_gates=16/16 timing_direct=true resource_overhead_excluded=true step_sum_used=false status=PASS
sample_index=30 cpu_pipeline_ms=79.8642 gpu_pipeline_ms=11.5286 cpu_resource_sampling_overhead_ms=0.142291 gpu_resource_sampling_overhead_ms=0.03296 semantic_gates=16/16 timing_direct=true resource_overhead_excluded=true step_sum_used=false status=PASS
sample_index=31 cpu_pipeline_ms=80.5292 gpu_pipeline_ms=11.7455 cpu_resource_sampling_overhead_ms=0.14252 gpu_resource_sampling_overhead_ms=0.03344 semantic_gates=16/16 timing_direct=true resource_overhead_excluded=true step_sum_used=false status=PASS
sample_index=32 cpu_pipeline_ms=81.0956 gpu_pipeline_ms=12.0058 cpu_resource_sampling_overhead_ms=0.150461 gpu_resource_sampling_overhead_ms=0.03322 semantic_gates=16/16 timing_direct=true resource_overhead_excluded=true step_sum_used=false status=PASS
sample_index=33 cpu_pipeline_ms=80.5252 gpu_pipeline_ms=11.8704 cpu_resource_sampling_overhead_ms=0.165691 gpu_resource_sampling_overhead_ms=0.03333 semantic_gates=16/16 timing_direct=true resource_overhead_excluded=true step_sum_used=false status=PASS
sample_index=34 cpu_pipeline_ms=81.9087 gpu_pipeline_ms=11.8262 cpu_resource_sampling_overhead_ms=0.15671 gpu_resource_sampling_overhead_ms=0.03272 semantic_gates=16/16 timing_direct=true resource_overhead_excluded=true step_sum_used=false status=PASS
sample_index=35 cpu_pipeline_ms=81.2022 gpu_pipeline_ms=11.7214 cpu_resource_sampling_overhead_ms=0.145133 gpu_resource_sampling_overhead_ms=0.03335 semantic_gates=16/16 timing_direct=true resource_overhead_excluded=true step_sum_used=false status=PASS
sample_index=36 cpu_pipeline_ms=80.4363 gpu_pipeline_ms=11.7916 cpu_resource_sampling_overhead_ms=0.139071 gpu_resource_sampling_overhead_ms=0.03301 semantic_gates=16/16 timing_direct=true resource_overhead_excluded=true step_sum_used=false status=PASS
sample_index=37 cpu_pipeline_ms=80.0958 gpu_pipeline_ms=11.7864 cpu_resource_sampling_overhead_ms=0.147621 gpu_resource_sampling_overhead_ms=0.03276 semantic_gates=16/16 timing_direct=true resource_overhead_excluded=true step_sum_used=false status=PASS
sample_index=38 cpu_pipeline_ms=79.9173 gpu_pipeline_ms=11.3608 cpu_resource_sampling_overhead_ms=0.140681 gpu_resource_sampling_overhead_ms=0.03384 semantic_gates=16/16 timing_direct=true resource_overhead_excluded=true step_sum_used=false status=PASS
sample_index=39 cpu_pipeline_ms=88.4589 gpu_pipeline_ms=11.2658 cpu_resource_sampling_overhead_ms=0.154411 gpu_resource_sampling_overhead_ms=0.03322 semantic_gates=16/16 timing_direct=true resource_overhead_excluded=true step_sum_used=false status=PASS
sample_index=40 cpu_pipeline_ms=87.8084 gpu_pipeline_ms=11.4543 cpu_resource_sampling_overhead_ms=0.14566 gpu_resource_sampling_overhead_ms=0.0335 semantic_gates=16/16 timing_direct=true resource_overhead_excluded=true step_sum_used=false status=PASS
sample_index=41 cpu_pipeline_ms=81.986 gpu_pipeline_ms=11.3692 cpu_resource_sampling_overhead_ms=0.142451 gpu_resource_sampling_overhead_ms=0.03288 semantic_gates=16/16 timing_direct=true resource_overhead_excluded=true step_sum_used=false status=PASS
sample_index=42 cpu_pipeline_ms=81.3157 gpu_pipeline_ms=11.1616 cpu_resource_sampling_overhead_ms=0.137432 gpu_resource_sampling_overhead_ms=0.03307 semantic_gates=16/16 timing_direct=true resource_overhead_excluded=true step_sum_used=false status=PASS
sample_index=43 cpu_pipeline_ms=85.4551 gpu_pipeline_ms=11.3125 cpu_resource_sampling_overhead_ms=0.146312 gpu_resource_sampling_overhead_ms=0.0335 semantic_gates=16/16 timing_direct=true resource_overhead_excluded=true step_sum_used=false status=PASS
sample_index=44 cpu_pipeline_ms=80.2083 gpu_pipeline_ms=11.3656 cpu_resource_sampling_overhead_ms=0.157612 gpu_resource_sampling_overhead_ms=0.03271 semantic_gates=16/16 timing_direct=true resource_overhead_excluded=true step_sum_used=false status=PASS
sample_index=45 cpu_pipeline_ms=80.1699 gpu_pipeline_ms=11.3932 cpu_resource_sampling_overhead_ms=0.146601 gpu_resource_sampling_overhead_ms=0.03292 semantic_gates=16/16 timing_direct=true resource_overhead_excluded=true step_sum_used=false status=PASS
sample_index=46 cpu_pipeline_ms=79.7668 gpu_pipeline_ms=11.2533 cpu_resource_sampling_overhead_ms=0.149813 gpu_resource_sampling_overhead_ms=0.032771 semantic_gates=16/16 timing_direct=true resource_overhead_excluded=true step_sum_used=false status=PASS
sample_index=47 cpu_pipeline_ms=80.4801 gpu_pipeline_ms=11.1853 cpu_resource_sampling_overhead_ms=0.14103 gpu_resource_sampling_overhead_ms=0.033391 semantic_gates=16/16 timing_direct=true resource_overhead_excluded=true step_sum_used=false status=PASS
sample_index=48 cpu_pipeline_ms=82.7339 gpu_pipeline_ms=11.3344 cpu_resource_sampling_overhead_ms=0.15017 gpu_resource_sampling_overhead_ms=0.03362 semantic_gates=16/16 timing_direct=true resource_overhead_excluded=true step_sum_used=false status=PASS
sample_index=49 cpu_pipeline_ms=79.8028 gpu_pipeline_ms=11.3302 cpu_resource_sampling_overhead_ms=0.157801 gpu_resource_sampling_overhead_ms=0.0337 semantic_gates=16/16 timing_direct=true resource_overhead_excluded=true step_sum_used=false status=PASS
sample_index=50 cpu_pipeline_ms=80.3288 gpu_pipeline_ms=11.4711 cpu_resource_sampling_overhead_ms=0.152972 gpu_resource_sampling_overhead_ms=0.033501 semantic_gates=16/16 timing_direct=true resource_overhead_excluded=true step_sum_used=false status=PASS
sample_index=51 cpu_pipeline_ms=80.3065 gpu_pipeline_ms=11.3403 cpu_resource_sampling_overhead_ms=0.14792 gpu_resource_sampling_overhead_ms=0.03347 semantic_gates=16/16 timing_direct=true resource_overhead_excluded=true step_sum_used=false status=PASS
sample_index=52 cpu_pipeline_ms=80.1569 gpu_pipeline_ms=11.2433 cpu_resource_sampling_overhead_ms=0.143882 gpu_resource_sampling_overhead_ms=0.03343 semantic_gates=16/16 timing_direct=true resource_overhead_excluded=true step_sum_used=false status=PASS
sample_index=53 cpu_pipeline_ms=80.2089 gpu_pipeline_ms=11.2618 cpu_resource_sampling_overhead_ms=0.143944 gpu_resource_sampling_overhead_ms=0.03276 semantic_gates=16/16 timing_direct=true resource_overhead_excluded=true step_sum_used=false status=PASS
sample_index=54 cpu_pipeline_ms=90.3138 gpu_pipeline_ms=11.9334 cpu_resource_sampling_overhead_ms=0.14833 gpu_resource_sampling_overhead_ms=0.0334 semantic_gates=16/16 timing_direct=true resource_overhead_excluded=true step_sum_used=false status=PASS
sample_index=55 cpu_pipeline_ms=81.2713 gpu_pipeline_ms=11.1762 cpu_resource_sampling_overhead_ms=0.140571 gpu_resource_sampling_overhead_ms=0.032871 semantic_gates=16/16 timing_direct=true resource_overhead_excluded=true step_sum_used=false status=PASS
sample_index=56 cpu_pipeline_ms=79.9548 gpu_pipeline_ms=11.3832 cpu_resource_sampling_overhead_ms=0.149021 gpu_resource_sampling_overhead_ms=0.03249 semantic_gates=16/16 timing_direct=true resource_overhead_excluded=true step_sum_used=false status=PASS
sample_index=57 cpu_pipeline_ms=81.3796 gpu_pipeline_ms=11.8015 cpu_resource_sampling_overhead_ms=0.145111 gpu_resource_sampling_overhead_ms=0.03299 semantic_gates=16/16 timing_direct=true resource_overhead_excluded=true step_sum_used=false status=PASS
sample_index=58 cpu_pipeline_ms=79.9797 gpu_pipeline_ms=11.5253 cpu_resource_sampling_overhead_ms=0.14785 gpu_resource_sampling_overhead_ms=0.03364 semantic_gates=16/16 timing_direct=true resource_overhead_excluded=true step_sum_used=false status=PASS
sample_index=59 cpu_pipeline_ms=81.1253 gpu_pipeline_ms=11.4857 cpu_resource_sampling_overhead_ms=0.16083 gpu_resource_sampling_overhead_ms=0.03351 semantic_gates=16/16 timing_direct=true resource_overhead_excluded=true step_sum_used=false status=PASS
sample_index=60 cpu_pipeline_ms=81.449 gpu_pipeline_ms=11.5919 cpu_resource_sampling_overhead_ms=0.158533 gpu_resource_sampling_overhead_ms=0.0337 semantic_gates=16/16 timing_direct=true resource_overhead_excluded=true step_sum_used=false status=PASS
sample_index=61 cpu_pipeline_ms=80.7235 gpu_pipeline_ms=11.8825 cpu_resource_sampling_overhead_ms=0.143091 gpu_resource_sampling_overhead_ms=0.03423 semantic_gates=16/16 timing_direct=true resource_overhead_excluded=true step_sum_used=false status=PASS
sample_index=62 cpu_pipeline_ms=80.5409 gpu_pipeline_ms=11.6462 cpu_resource_sampling_overhead_ms=0.135231 gpu_resource_sampling_overhead_ms=0.034151 semantic_gates=16/16 timing_direct=true resource_overhead_excluded=true step_sum_used=false status=PASS
sample_index=63 cpu_pipeline_ms=80.4438 gpu_pipeline_ms=11.6568 cpu_resource_sampling_overhead_ms=0.141332 gpu_resource_sampling_overhead_ms=0.033401 semantic_gates=16/16 timing_direct=true resource_overhead_excluded=true step_sum_used=false status=PASS
sample_index=64 cpu_pipeline_ms=90.278 gpu_pipeline_ms=11.4121 cpu_resource_sampling_overhead_ms=0.15832 gpu_resource_sampling_overhead_ms=0.054901 semantic_gates=16/16 timing_direct=true resource_overhead_excluded=true step_sum_used=false status=PASS
sample_index=65 cpu_pipeline_ms=79.9945 gpu_pipeline_ms=11.3246 cpu_resource_sampling_overhead_ms=0.14213 gpu_resource_sampling_overhead_ms=0.03251 semantic_gates=16/16 timing_direct=true resource_overhead_excluded=true step_sum_used=false status=PASS
sample_index=66 cpu_pipeline_ms=79.9365 gpu_pipeline_ms=11.4327 cpu_resource_sampling_overhead_ms=0.15181 gpu_resource_sampling_overhead_ms=0.0337 semantic_gates=16/16 timing_direct=true resource_overhead_excluded=true step_sum_used=false status=PASS
sample_index=67 cpu_pipeline_ms=88.0547 gpu_pipeline_ms=11.3948 cpu_resource_sampling_overhead_ms=0.154412 gpu_resource_sampling_overhead_ms=0.03317 semantic_gates=16/16 timing_direct=true resource_overhead_excluded=true step_sum_used=false status=PASS
sample_index=68 cpu_pipeline_ms=80.1288 gpu_pipeline_ms=11.2709 cpu_resource_sampling_overhead_ms=0.167582 gpu_resource_sampling_overhead_ms=0.03326 semantic_gates=16/16 timing_direct=true resource_overhead_excluded=true step_sum_used=false status=PASS
sample_index=69 cpu_pipeline_ms=81.4846 gpu_pipeline_ms=11.7981 cpu_resource_sampling_overhead_ms=0.16016 gpu_resource_sampling_overhead_ms=0.033642 semantic_gates=16/16 timing_direct=true resource_overhead_excluded=true step_sum_used=false status=PASS
sample_index=70 cpu_pipeline_ms=80.1716 gpu_pipeline_ms=11.2589 cpu_resource_sampling_overhead_ms=0.145891 gpu_resource_sampling_overhead_ms=0.03358 semantic_gates=16/16 timing_direct=true resource_overhead_excluded=true step_sum_used=false status=PASS
sample_index=71 cpu_pipeline_ms=79.9973 gpu_pipeline_ms=11.375 cpu_resource_sampling_overhead_ms=0.1375 gpu_resource_sampling_overhead_ms=0.03318 semantic_gates=16/16 timing_direct=true resource_overhead_excluded=true step_sum_used=false status=PASS
sample_index=72 cpu_pipeline_ms=80.1723 gpu_pipeline_ms=11.3752 cpu_resource_sampling_overhead_ms=0.150711 gpu_resource_sampling_overhead_ms=0.03336 semantic_gates=16/16 timing_direct=true resource_overhead_excluded=true step_sum_used=false status=PASS
sample_index=73 cpu_pipeline_ms=80.0832 gpu_pipeline_ms=11.2523 cpu_resource_sampling_overhead_ms=0.154111 gpu_resource_sampling_overhead_ms=0.033041 semantic_gates=16/16 timing_direct=true resource_overhead_excluded=true step_sum_used=false status=PASS
sample_index=74 cpu_pipeline_ms=82.7033 gpu_pipeline_ms=11.3294 cpu_resource_sampling_overhead_ms=0.157352 gpu_resource_sampling_overhead_ms=0.033581 semantic_gates=16/16 timing_direct=true resource_overhead_excluded=true step_sum_used=false status=PASS
sample_index=75 cpu_pipeline_ms=79.9485 gpu_pipeline_ms=11.172 cpu_resource_sampling_overhead_ms=0.148812 gpu_resource_sampling_overhead_ms=0.034241 semantic_gates=16/16 timing_direct=true resource_overhead_excluded=true step_sum_used=false status=PASS
sample_index=76 cpu_pipeline_ms=79.9993 gpu_pipeline_ms=11.3684 cpu_resource_sampling_overhead_ms=0.150691 gpu_resource_sampling_overhead_ms=0.032671 semantic_gates=16/16 timing_direct=true resource_overhead_excluded=true step_sum_used=false status=PASS
sample_index=77 cpu_pipeline_ms=80.1046 gpu_pipeline_ms=11.2373 cpu_resource_sampling_overhead_ms=0.143782 gpu_resource_sampling_overhead_ms=0.03292 semantic_gates=16/16 timing_direct=true resource_overhead_excluded=true step_sum_used=false status=PASS
sample_index=78 cpu_pipeline_ms=80.765 gpu_pipeline_ms=11.4603 cpu_resource_sampling_overhead_ms=0.160221 gpu_resource_sampling_overhead_ms=0.03386 semantic_gates=16/16 timing_direct=true resource_overhead_excluded=true step_sum_used=false status=PASS
sample_index=79 cpu_pipeline_ms=80.416 gpu_pipeline_ms=11.2807 cpu_resource_sampling_overhead_ms=0.146992 gpu_resource_sampling_overhead_ms=0.032921 semantic_gates=16/16 timing_direct=true resource_overhead_excluded=true step_sum_used=false status=PASS
sample_index=80 cpu_pipeline_ms=80.1919 gpu_pipeline_ms=11.3733 cpu_resource_sampling_overhead_ms=0.150802 gpu_resource_sampling_overhead_ms=0.033881 semantic_gates=16/16 timing_direct=true resource_overhead_excluded=true step_sum_used=false status=PASS
sample_index=81 cpu_pipeline_ms=82.4796 gpu_pipeline_ms=11.441 cpu_resource_sampling_overhead_ms=0.151522 gpu_resource_sampling_overhead_ms=0.03344 semantic_gates=16/16 timing_direct=true resource_overhead_excluded=true step_sum_used=false status=PASS
sample_index=82 cpu_pipeline_ms=79.6628 gpu_pipeline_ms=11.3521 cpu_resource_sampling_overhead_ms=0.14202 gpu_resource_sampling_overhead_ms=0.03305 semantic_gates=16/16 timing_direct=true resource_overhead_excluded=true step_sum_used=false status=PASS
sample_index=83 cpu_pipeline_ms=80.2548 gpu_pipeline_ms=11.3082 cpu_resource_sampling_overhead_ms=0.147961 gpu_resource_sampling_overhead_ms=0.03382 semantic_gates=16/16 timing_direct=true resource_overhead_excluded=true step_sum_used=false status=PASS
sample_index=84 cpu_pipeline_ms=83.0534 gpu_pipeline_ms=11.2372 cpu_resource_sampling_overhead_ms=0.17705 gpu_resource_sampling_overhead_ms=0.03347 semantic_gates=16/16 timing_direct=true resource_overhead_excluded=true step_sum_used=false status=PASS
sample_index=85 cpu_pipeline_ms=79.9129 gpu_pipeline_ms=11.3599 cpu_resource_sampling_overhead_ms=0.149891 gpu_resource_sampling_overhead_ms=0.03309 semantic_gates=16/16 timing_direct=true resource_overhead_excluded=true step_sum_used=false status=PASS
sample_index=86 cpu_pipeline_ms=80.9549 gpu_pipeline_ms=11.4337 cpu_resource_sampling_overhead_ms=0.149211 gpu_resource_sampling_overhead_ms=0.03353 semantic_gates=16/16 timing_direct=true resource_overhead_excluded=true step_sum_used=false status=PASS
sample_index=87 cpu_pipeline_ms=80.0864 gpu_pipeline_ms=11.2024 cpu_resource_sampling_overhead_ms=0.142952 gpu_resource_sampling_overhead_ms=0.03266 semantic_gates=16/16 timing_direct=true resource_overhead_excluded=true step_sum_used=false status=PASS
sample_index=88 cpu_pipeline_ms=89.4959 gpu_pipeline_ms=11.4269 cpu_resource_sampling_overhead_ms=0.192401 gpu_resource_sampling_overhead_ms=0.033412 semantic_gates=16/16 timing_direct=true resource_overhead_excluded=true step_sum_used=false status=PASS
sample_index=89 cpu_pipeline_ms=80.1347 gpu_pipeline_ms=11.5864 cpu_resource_sampling_overhead_ms=0.161992 gpu_resource_sampling_overhead_ms=0.03316 semantic_gates=16/16 timing_direct=true resource_overhead_excluded=true step_sum_used=false status=PASS
sample_index=90 cpu_pipeline_ms=80.7064 gpu_pipeline_ms=11.6514 cpu_resource_sampling_overhead_ms=0.147092 gpu_resource_sampling_overhead_ms=0.03446 semantic_gates=16/16 timing_direct=true resource_overhead_excluded=true step_sum_used=false status=PASS
sample_index=91 cpu_pipeline_ms=80.323 gpu_pipeline_ms=11.463 cpu_resource_sampling_overhead_ms=0.143351 gpu_resource_sampling_overhead_ms=0.03392 semantic_gates=16/16 timing_direct=true resource_overhead_excluded=true step_sum_used=false status=PASS
sample_index=92 cpu_pipeline_ms=80.3278 gpu_pipeline_ms=11.6982 cpu_resource_sampling_overhead_ms=0.177671 gpu_resource_sampling_overhead_ms=0.03324 semantic_gates=16/16 timing_direct=true resource_overhead_excluded=true step_sum_used=false status=PASS
sample_index=93 cpu_pipeline_ms=80.1297 gpu_pipeline_ms=11.9461 cpu_resource_sampling_overhead_ms=0.153953 gpu_resource_sampling_overhead_ms=0.03309 semantic_gates=16/16 timing_direct=true resource_overhead_excluded=true step_sum_used=false status=PASS
sample_index=94 cpu_pipeline_ms=80.2351 gpu_pipeline_ms=11.7916 cpu_resource_sampling_overhead_ms=0.143312 gpu_resource_sampling_overhead_ms=0.033271 semantic_gates=16/16 timing_direct=true resource_overhead_excluded=true step_sum_used=false status=PASS
sample_index=95 cpu_pipeline_ms=80.2949 gpu_pipeline_ms=11.5759 cpu_resource_sampling_overhead_ms=0.144081 gpu_resource_sampling_overhead_ms=0.03359 semantic_gates=16/16 timing_direct=true resource_overhead_excluded=true step_sum_used=false status=PASS
sample_index=96 cpu_pipeline_ms=80.4615 gpu_pipeline_ms=11.9411 cpu_resource_sampling_overhead_ms=0.150081 gpu_resource_sampling_overhead_ms=0.03393 semantic_gates=16/16 timing_direct=true resource_overhead_excluded=true step_sum_used=false status=PASS
sample_index=97 cpu_pipeline_ms=79.9704 gpu_pipeline_ms=11.9316 cpu_resource_sampling_overhead_ms=0.16045 gpu_resource_sampling_overhead_ms=0.03429 semantic_gates=16/16 timing_direct=true resource_overhead_excluded=true step_sum_used=false status=PASS
sample_index=98 cpu_pipeline_ms=81.1519 gpu_pipeline_ms=12.0191 cpu_resource_sampling_overhead_ms=0.14688 gpu_resource_sampling_overhead_ms=0.03431 semantic_gates=16/16 timing_direct=true resource_overhead_excluded=true step_sum_used=false status=PASS
sample_index=99 cpu_pipeline_ms=80.8982 gpu_pipeline_ms=11.8433 cpu_resource_sampling_overhead_ms=0.15131 gpu_resource_sampling_overhead_ms=0.03522 semantic_gates=16/16 timing_direct=true resource_overhead_excluded=true step_sum_used=false status=PASS
function=Task2 frozen full six-step pipeline
call_chain=Step1->Step2;Step2+Step1->Step3;Step3 dual outputs->Step4;Step4->Step5;Step5+Step4+Kalman/delay->Step6
timing=pipeline_total measured directly;not=sum(step timings)
cpu_correlation_method=direct_parallel_exact workers=255
resource_sampling_mode=same_pipeline_execution
status=PASS return_code=0
