sample_index=0 cpu_pipeline_ms=199.943 gpu_pipeline_ms=21.3436 cpu_resource_sampling_overhead_ms=0.18534 gpu_resource_sampling_overhead_ms=0.032461 semantic_gates=16/16 timing_direct=true resource_overhead_excluded=true step_sum_used=false status=PASS
sample_index=1 cpu_pipeline_ms=200.437 gpu_pipeline_ms=21.1627 cpu_resource_sampling_overhead_ms=0.182091 gpu_resource_sampling_overhead_ms=0.03178 semantic_gates=16/16 timing_direct=true resource_overhead_excluded=true step_sum_used=false status=PASS
sample_index=2 cpu_pipeline_ms=200.305 gpu_pipeline_ms=21.1653 cpu_resource_sampling_overhead_ms=0.16655 gpu_resource_sampling_overhead_ms=0.03139 semantic_gates=16/16 timing_direct=true resource_overhead_excluded=true step_sum_used=false status=PASS
sample_index=3 cpu_pipeline_ms=199.546 gpu_pipeline_ms=21.1899 cpu_resource_sampling_overhead_ms=0.171461 gpu_resource_sampling_overhead_ms=0.03295 semantic_gates=16/16 timing_direct=true resource_overhead_excluded=true step_sum_used=false status=PASS
sample_index=4 cpu_pipeline_ms=199.105 gpu_pipeline_ms=21.0985 cpu_resource_sampling_overhead_ms=0.17024 gpu_resource_sampling_overhead_ms=0.03218 semantic_gates=16/16 timing_direct=true resource_overhead_excluded=true step_sum_used=false status=PASS
sample_index=5 cpu_pipeline_ms=198.627 gpu_pipeline_ms=21.1527 cpu_resource_sampling_overhead_ms=0.178651 gpu_resource_sampling_overhead_ms=0.03281 semantic_gates=16/16 timing_direct=true resource_overhead_excluded=true step_sum_used=false status=PASS
sample_index=6 cpu_pipeline_ms=199.108 gpu_pipeline_ms=21.1142 cpu_resource_sampling_overhead_ms=0.183011 gpu_resource_sampling_overhead_ms=0.031982 semantic_gates=16/16 timing_direct=true resource_overhead_excluded=true step_sum_used=false status=PASS
sample_index=7 cpu_pipeline_ms=201.162 gpu_pipeline_ms=21.3488 cpu_resource_sampling_overhead_ms=0.182431 gpu_resource_sampling_overhead_ms=0.03113 semantic_gates=16/16 timing_direct=true resource_overhead_excluded=true step_sum_used=false status=PASS
sample_index=8 cpu_pipeline_ms=200.889 gpu_pipeline_ms=21.78 cpu_resource_sampling_overhead_ms=0.211282 gpu_resource_sampling_overhead_ms=0.03232 semantic_gates=16/16 timing_direct=true resource_overhead_excluded=true step_sum_used=false status=PASS
sample_index=9 cpu_pipeline_ms=199.592 gpu_pipeline_ms=21.6612 cpu_resource_sampling_overhead_ms=0.165721 gpu_resource_sampling_overhead_ms=0.031801 semantic_gates=16/16 timing_direct=true resource_overhead_excluded=true step_sum_used=false status=PASS
sample_index=10 cpu_pipeline_ms=204.067 gpu_pipeline_ms=21.4249 cpu_resource_sampling_overhead_ms=0.190052 gpu_resource_sampling_overhead_ms=0.03265 semantic_gates=16/16 timing_direct=true resource_overhead_excluded=true step_sum_used=false status=PASS
sample_index=11 cpu_pipeline_ms=198.514 gpu_pipeline_ms=21.5678 cpu_resource_sampling_overhead_ms=0.169591 gpu_resource_sampling_overhead_ms=0.03182 semantic_gates=16/16 timing_direct=true resource_overhead_excluded=true step_sum_used=false status=PASS
sample_index=12 cpu_pipeline_ms=199.363 gpu_pipeline_ms=21.6551 cpu_resource_sampling_overhead_ms=0.172121 gpu_resource_sampling_overhead_ms=0.03261 semantic_gates=16/16 timing_direct=true resource_overhead_excluded=true step_sum_used=false status=PASS
sample_index=13 cpu_pipeline_ms=199.917 gpu_pipeline_ms=22.0489 cpu_resource_sampling_overhead_ms=0.172401 gpu_resource_sampling_overhead_ms=0.03282 semantic_gates=16/16 timing_direct=true resource_overhead_excluded=true step_sum_used=false status=PASS
sample_index=14 cpu_pipeline_ms=201.559 gpu_pipeline_ms=21.9878 cpu_resource_sampling_overhead_ms=0.179091 gpu_resource_sampling_overhead_ms=0.03359 semantic_gates=16/16 timing_direct=true resource_overhead_excluded=true step_sum_used=false status=PASS
sample_index=15 cpu_pipeline_ms=199.11 gpu_pipeline_ms=21.7397 cpu_resource_sampling_overhead_ms=0.161082 gpu_resource_sampling_overhead_ms=0.03321 semantic_gates=16/16 timing_direct=true resource_overhead_excluded=true step_sum_used=false status=PASS
sample_index=16 cpu_pipeline_ms=204.357 gpu_pipeline_ms=21.6973 cpu_resource_sampling_overhead_ms=0.176941 gpu_resource_sampling_overhead_ms=0.03255 semantic_gates=16/16 timing_direct=true resource_overhead_excluded=true step_sum_used=false status=PASS
sample_index=17 cpu_pipeline_ms=199.463 gpu_pipeline_ms=21.4739 cpu_resource_sampling_overhead_ms=0.156641 gpu_resource_sampling_overhead_ms=0.03169 semantic_gates=16/16 timing_direct=true resource_overhead_excluded=true step_sum_used=false status=PASS
sample_index=18 cpu_pipeline_ms=199.932 gpu_pipeline_ms=21.6141 cpu_resource_sampling_overhead_ms=0.185932 gpu_resource_sampling_overhead_ms=0.032821 semantic_gates=16/16 timing_direct=true resource_overhead_excluded=true step_sum_used=false status=PASS
sample_index=19 cpu_pipeline_ms=200.795 gpu_pipeline_ms=21.7668 cpu_resource_sampling_overhead_ms=0.199251 gpu_resource_sampling_overhead_ms=0.03324 semantic_gates=16/16 timing_direct=true resource_overhead_excluded=true step_sum_used=false status=PASS
sample_index=20 cpu_pipeline_ms=198.895 gpu_pipeline_ms=21.6108 cpu_resource_sampling_overhead_ms=0.171781 gpu_resource_sampling_overhead_ms=0.032571 semantic_gates=16/16 timing_direct=true resource_overhead_excluded=true step_sum_used=false status=PASS
sample_index=21 cpu_pipeline_ms=199.261 gpu_pipeline_ms=21.6335 cpu_resource_sampling_overhead_ms=0.17767 gpu_resource_sampling_overhead_ms=0.032651 semantic_gates=16/16 timing_direct=true resource_overhead_excluded=true step_sum_used=false status=PASS
sample_index=22 cpu_pipeline_ms=200.309 gpu_pipeline_ms=21.4167 cpu_resource_sampling_overhead_ms=0.180321 gpu_resource_sampling_overhead_ms=0.03331 semantic_gates=16/16 timing_direct=true resource_overhead_excluded=true step_sum_used=false status=PASS
sample_index=23 cpu_pipeline_ms=201.26 gpu_pipeline_ms=21.7617 cpu_resource_sampling_overhead_ms=0.180881 gpu_resource_sampling_overhead_ms=0.03235 semantic_gates=16/16 timing_direct=true resource_overhead_excluded=true step_sum_used=false status=PASS
sample_index=24 cpu_pipeline_ms=199.573 gpu_pipeline_ms=21.5169 cpu_resource_sampling_overhead_ms=0.175074 gpu_resource_sampling_overhead_ms=0.03237 semantic_gates=16/16 timing_direct=true resource_overhead_excluded=true step_sum_used=false status=PASS
sample_index=25 cpu_pipeline_ms=198.561 gpu_pipeline_ms=21.5015 cpu_resource_sampling_overhead_ms=0.199631 gpu_resource_sampling_overhead_ms=0.03201 semantic_gates=16/16 timing_direct=true resource_overhead_excluded=true step_sum_used=false status=PASS
sample_index=26 cpu_pipeline_ms=199.98 gpu_pipeline_ms=21.7308 cpu_resource_sampling_overhead_ms=0.188241 gpu_resource_sampling_overhead_ms=0.03174 semantic_gates=16/16 timing_direct=true resource_overhead_excluded=true step_sum_used=false status=PASS
sample_index=27 cpu_pipeline_ms=198.76 gpu_pipeline_ms=21.4025 cpu_resource_sampling_overhead_ms=0.186111 gpu_resource_sampling_overhead_ms=0.03087 semantic_gates=16/16 timing_direct=true resource_overhead_excluded=true step_sum_used=false status=PASS
sample_index=28 cpu_pipeline_ms=195.571 gpu_pipeline_ms=22.939 cpu_resource_sampling_overhead_ms=0.195812 gpu_resource_sampling_overhead_ms=0.03489 semantic_gates=16/16 timing_direct=true resource_overhead_excluded=true step_sum_used=false status=PASS
sample_index=29 cpu_pipeline_ms=202.727 gpu_pipeline_ms=22.7874 cpu_resource_sampling_overhead_ms=0.207753 gpu_resource_sampling_overhead_ms=0.034271 semantic_gates=16/16 timing_direct=true resource_overhead_excluded=true step_sum_used=false status=PASS
sample_index=30 cpu_pipeline_ms=187.241 gpu_pipeline_ms=22.0901 cpu_resource_sampling_overhead_ms=0.159293 gpu_resource_sampling_overhead_ms=0.03308 semantic_gates=16/16 timing_direct=true resource_overhead_excluded=true step_sum_used=false status=PASS
sample_index=31 cpu_pipeline_ms=187.894 gpu_pipeline_ms=22.2709 cpu_resource_sampling_overhead_ms=0.167102 gpu_resource_sampling_overhead_ms=0.03519 semantic_gates=16/16 timing_direct=true resource_overhead_excluded=true step_sum_used=false status=PASS
sample_index=32 cpu_pipeline_ms=198.954 gpu_pipeline_ms=21.1692 cpu_resource_sampling_overhead_ms=0.168921 gpu_resource_sampling_overhead_ms=0.03155 semantic_gates=16/16 timing_direct=true resource_overhead_excluded=true step_sum_used=false status=PASS
sample_index=33 cpu_pipeline_ms=201.104 gpu_pipeline_ms=21.4121 cpu_resource_sampling_overhead_ms=0.186893 gpu_resource_sampling_overhead_ms=0.03259 semantic_gates=16/16 timing_direct=true resource_overhead_excluded=true step_sum_used=false status=PASS
sample_index=34 cpu_pipeline_ms=202.149 gpu_pipeline_ms=21.9137 cpu_resource_sampling_overhead_ms=0.245462 gpu_resource_sampling_overhead_ms=0.03147 semantic_gates=16/16 timing_direct=true resource_overhead_excluded=true step_sum_used=false status=PASS
sample_index=35 cpu_pipeline_ms=199.807 gpu_pipeline_ms=21.3868 cpu_resource_sampling_overhead_ms=0.184281 gpu_resource_sampling_overhead_ms=0.03143 semantic_gates=16/16 timing_direct=true resource_overhead_excluded=true step_sum_used=false status=PASS
sample_index=36 cpu_pipeline_ms=199.251 gpu_pipeline_ms=21.543 cpu_resource_sampling_overhead_ms=0.207881 gpu_resource_sampling_overhead_ms=0.03081 semantic_gates=16/16 timing_direct=true resource_overhead_excluded=true step_sum_used=false status=PASS
sample_index=37 cpu_pipeline_ms=201.122 gpu_pipeline_ms=21.5088 cpu_resource_sampling_overhead_ms=0.179942 gpu_resource_sampling_overhead_ms=0.03073 semantic_gates=16/16 timing_direct=true resource_overhead_excluded=true step_sum_used=false status=PASS
sample_index=38 cpu_pipeline_ms=198.832 gpu_pipeline_ms=21.4333 cpu_resource_sampling_overhead_ms=0.221591 gpu_resource_sampling_overhead_ms=0.03109 semantic_gates=16/16 timing_direct=true resource_overhead_excluded=true step_sum_used=false status=PASS
sample_index=39 cpu_pipeline_ms=198.651 gpu_pipeline_ms=21.6484 cpu_resource_sampling_overhead_ms=0.160533 gpu_resource_sampling_overhead_ms=0.03167 semantic_gates=16/16 timing_direct=true resource_overhead_excluded=true step_sum_used=false status=PASS
sample_index=40 cpu_pipeline_ms=199.335 gpu_pipeline_ms=21.4301 cpu_resource_sampling_overhead_ms=0.180972 gpu_resource_sampling_overhead_ms=0.03065 semantic_gates=16/16 timing_direct=true resource_overhead_excluded=true step_sum_used=false status=PASS
sample_index=41 cpu_pipeline_ms=201.777 gpu_pipeline_ms=21.2728 cpu_resource_sampling_overhead_ms=0.178892 gpu_resource_sampling_overhead_ms=0.03035 semantic_gates=16/16 timing_direct=true resource_overhead_excluded=true step_sum_used=false status=PASS
sample_index=42 cpu_pipeline_ms=201.38 gpu_pipeline_ms=21.5108 cpu_resource_sampling_overhead_ms=0.17368 gpu_resource_sampling_overhead_ms=0.03082 semantic_gates=16/16 timing_direct=true resource_overhead_excluded=true step_sum_used=false status=PASS
sample_index=43 cpu_pipeline_ms=198.99 gpu_pipeline_ms=21.3192 cpu_resource_sampling_overhead_ms=0.157862 gpu_resource_sampling_overhead_ms=0.03039 semantic_gates=16/16 timing_direct=true resource_overhead_excluded=true step_sum_used=false status=PASS
sample_index=44 cpu_pipeline_ms=204.848 gpu_pipeline_ms=21.6067 cpu_resource_sampling_overhead_ms=0.181273 gpu_resource_sampling_overhead_ms=0.03099 semantic_gates=16/16 timing_direct=true resource_overhead_excluded=true step_sum_used=false status=PASS
sample_index=45 cpu_pipeline_ms=199.924 gpu_pipeline_ms=21.8065 cpu_resource_sampling_overhead_ms=0.192982 gpu_resource_sampling_overhead_ms=0.03277 semantic_gates=16/16 timing_direct=true resource_overhead_excluded=true step_sum_used=false status=PASS
sample_index=46 cpu_pipeline_ms=199.294 gpu_pipeline_ms=21.7222 cpu_resource_sampling_overhead_ms=0.178612 gpu_resource_sampling_overhead_ms=0.031691 semantic_gates=16/16 timing_direct=true resource_overhead_excluded=true step_sum_used=false status=PASS
sample_index=47 cpu_pipeline_ms=198.979 gpu_pipeline_ms=21.5944 cpu_resource_sampling_overhead_ms=0.18392 gpu_resource_sampling_overhead_ms=0.03156 semantic_gates=16/16 timing_direct=true resource_overhead_excluded=true step_sum_used=false status=PASS
sample_index=48 cpu_pipeline_ms=200.699 gpu_pipeline_ms=21.5731 cpu_resource_sampling_overhead_ms=0.17395 gpu_resource_sampling_overhead_ms=0.03288 semantic_gates=16/16 timing_direct=true resource_overhead_excluded=true step_sum_used=false status=PASS
sample_index=49 cpu_pipeline_ms=198.785 gpu_pipeline_ms=21.6405 cpu_resource_sampling_overhead_ms=0.17279 gpu_resource_sampling_overhead_ms=0.03218 semantic_gates=16/16 timing_direct=true resource_overhead_excluded=true step_sum_used=false status=PASS
sample_index=50 cpu_pipeline_ms=198.678 gpu_pipeline_ms=21.5655 cpu_resource_sampling_overhead_ms=0.162451 gpu_resource_sampling_overhead_ms=0.03258 semantic_gates=16/16 timing_direct=true resource_overhead_excluded=true step_sum_used=false status=PASS
sample_index=51 cpu_pipeline_ms=203.721 gpu_pipeline_ms=21.5597 cpu_resource_sampling_overhead_ms=0.165621 gpu_resource_sampling_overhead_ms=0.03277 semantic_gates=16/16 timing_direct=true resource_overhead_excluded=true step_sum_used=false status=PASS
sample_index=52 cpu_pipeline_ms=199.101 gpu_pipeline_ms=21.5871 cpu_resource_sampling_overhead_ms=0.184042 gpu_resource_sampling_overhead_ms=0.03298 semantic_gates=16/16 timing_direct=true resource_overhead_excluded=true step_sum_used=false status=PASS
sample_index=53 cpu_pipeline_ms=199.081 gpu_pipeline_ms=21.5595 cpu_resource_sampling_overhead_ms=0.171022 gpu_resource_sampling_overhead_ms=0.03255 semantic_gates=16/16 timing_direct=true resource_overhead_excluded=true step_sum_used=false status=PASS
sample_index=54 cpu_pipeline_ms=198.754 gpu_pipeline_ms=21.6596 cpu_resource_sampling_overhead_ms=0.18266 gpu_resource_sampling_overhead_ms=0.03279 semantic_gates=16/16 timing_direct=true resource_overhead_excluded=true step_sum_used=false status=PASS
sample_index=55 cpu_pipeline_ms=200.586 gpu_pipeline_ms=21.5532 cpu_resource_sampling_overhead_ms=0.16496 gpu_resource_sampling_overhead_ms=0.0325 semantic_gates=16/16 timing_direct=true resource_overhead_excluded=true step_sum_used=false status=PASS
sample_index=56 cpu_pipeline_ms=197.426 gpu_pipeline_ms=22.3107 cpu_resource_sampling_overhead_ms=0.197902 gpu_resource_sampling_overhead_ms=0.03354 semantic_gates=16/16 timing_direct=true resource_overhead_excluded=true step_sum_used=false status=PASS
sample_index=57 cpu_pipeline_ms=199.09 gpu_pipeline_ms=21.3103 cpu_resource_sampling_overhead_ms=0.186221 gpu_resource_sampling_overhead_ms=0.03209 semantic_gates=16/16 timing_direct=true resource_overhead_excluded=true step_sum_used=false status=PASS
sample_index=58 cpu_pipeline_ms=200.603 gpu_pipeline_ms=21.2219 cpu_resource_sampling_overhead_ms=0.226012 gpu_resource_sampling_overhead_ms=0.03237 semantic_gates=16/16 timing_direct=true resource_overhead_excluded=true step_sum_used=false status=PASS
sample_index=59 cpu_pipeline_ms=200.762 gpu_pipeline_ms=21.1187 cpu_resource_sampling_overhead_ms=0.173021 gpu_resource_sampling_overhead_ms=0.03217 semantic_gates=16/16 timing_direct=true resource_overhead_excluded=true step_sum_used=false status=PASS
sample_index=60 cpu_pipeline_ms=200.793 gpu_pipeline_ms=21.1392 cpu_resource_sampling_overhead_ms=0.179271 gpu_resource_sampling_overhead_ms=0.03169 semantic_gates=16/16 timing_direct=true resource_overhead_excluded=true step_sum_used=false status=PASS
sample_index=61 cpu_pipeline_ms=199.274 gpu_pipeline_ms=21.2043 cpu_resource_sampling_overhead_ms=0.171231 gpu_resource_sampling_overhead_ms=0.0322 semantic_gates=16/16 timing_direct=true resource_overhead_excluded=true step_sum_used=false status=PASS
sample_index=62 cpu_pipeline_ms=200.884 gpu_pipeline_ms=21.068 cpu_resource_sampling_overhead_ms=0.176133 gpu_resource_sampling_overhead_ms=0.0328 semantic_gates=16/16 timing_direct=true resource_overhead_excluded=true step_sum_used=false status=PASS
sample_index=63 cpu_pipeline_ms=202.393 gpu_pipeline_ms=21.1752 cpu_resource_sampling_overhead_ms=0.168802 gpu_resource_sampling_overhead_ms=0.03252 semantic_gates=16/16 timing_direct=true resource_overhead_excluded=true step_sum_used=false status=PASS
sample_index=64 cpu_pipeline_ms=198.99 gpu_pipeline_ms=21.1399 cpu_resource_sampling_overhead_ms=0.181722 gpu_resource_sampling_overhead_ms=0.03261 semantic_gates=16/16 timing_direct=true resource_overhead_excluded=true step_sum_used=false status=PASS
sample_index=65 cpu_pipeline_ms=198.661 gpu_pipeline_ms=21.3254 cpu_resource_sampling_overhead_ms=0.168762 gpu_resource_sampling_overhead_ms=0.03165 semantic_gates=16/16 timing_direct=true resource_overhead_excluded=true step_sum_used=false status=PASS
sample_index=66 cpu_pipeline_ms=199.07 gpu_pipeline_ms=21.1358 cpu_resource_sampling_overhead_ms=0.18219 gpu_resource_sampling_overhead_ms=0.03208 semantic_gates=16/16 timing_direct=true resource_overhead_excluded=true step_sum_used=false status=PASS
sample_index=67 cpu_pipeline_ms=200.072 gpu_pipeline_ms=21.169 cpu_resource_sampling_overhead_ms=0.181791 gpu_resource_sampling_overhead_ms=0.03191 semantic_gates=16/16 timing_direct=true resource_overhead_excluded=true step_sum_used=false status=PASS
sample_index=68 cpu_pipeline_ms=202.852 gpu_pipeline_ms=21.1388 cpu_resource_sampling_overhead_ms=0.220382 gpu_resource_sampling_overhead_ms=0.032531 semantic_gates=16/16 timing_direct=true resource_overhead_excluded=true step_sum_used=false status=PASS
sample_index=69 cpu_pipeline_ms=202.156 gpu_pipeline_ms=21.0403 cpu_resource_sampling_overhead_ms=0.163812 gpu_resource_sampling_overhead_ms=0.03323 semantic_gates=16/16 timing_direct=true resource_overhead_excluded=true step_sum_used=false status=PASS
sample_index=70 cpu_pipeline_ms=199.345 gpu_pipeline_ms=21.1562 cpu_resource_sampling_overhead_ms=0.184781 gpu_resource_sampling_overhead_ms=0.03183 semantic_gates=16/16 timing_direct=true resource_overhead_excluded=true step_sum_used=false status=PASS
sample_index=71 cpu_pipeline_ms=200.28 gpu_pipeline_ms=21.4429 cpu_resource_sampling_overhead_ms=0.185401 gpu_resource_sampling_overhead_ms=0.03152 semantic_gates=16/16 timing_direct=true resource_overhead_excluded=true step_sum_used=false status=PASS
sample_index=72 cpu_pipeline_ms=198.658 gpu_pipeline_ms=21.5679 cpu_resource_sampling_overhead_ms=0.172462 gpu_resource_sampling_overhead_ms=0.030872 semantic_gates=16/16 timing_direct=true resource_overhead_excluded=true step_sum_used=false status=PASS
sample_index=73 cpu_pipeline_ms=198.633 gpu_pipeline_ms=21.3833 cpu_resource_sampling_overhead_ms=0.166912 gpu_resource_sampling_overhead_ms=0.03054 semantic_gates=16/16 timing_direct=true resource_overhead_excluded=true step_sum_used=false status=PASS
sample_index=74 cpu_pipeline_ms=200.196 gpu_pipeline_ms=21.2947 cpu_resource_sampling_overhead_ms=0.166382 gpu_resource_sampling_overhead_ms=0.03092 semantic_gates=16/16 timing_direct=true resource_overhead_excluded=true step_sum_used=false status=PASS
sample_index=75 cpu_pipeline_ms=198.995 gpu_pipeline_ms=21.2507 cpu_resource_sampling_overhead_ms=0.180001 gpu_resource_sampling_overhead_ms=0.03114 semantic_gates=16/16 timing_direct=true resource_overhead_excluded=true step_sum_used=false status=PASS
sample_index=76 cpu_pipeline_ms=200.46 gpu_pipeline_ms=21.361 cpu_resource_sampling_overhead_ms=0.178691 gpu_resource_sampling_overhead_ms=0.0309 semantic_gates=16/16 timing_direct=true resource_overhead_excluded=true step_sum_used=false status=PASS
sample_index=77 cpu_pipeline_ms=202.602 gpu_pipeline_ms=21.3795 cpu_resource_sampling_overhead_ms=0.191593 gpu_resource_sampling_overhead_ms=0.030281 semantic_gates=16/16 timing_direct=true resource_overhead_excluded=true step_sum_used=false status=PASS
sample_index=78 cpu_pipeline_ms=200.289 gpu_pipeline_ms=22.2421 cpu_resource_sampling_overhead_ms=0.186702 gpu_resource_sampling_overhead_ms=0.03363 semantic_gates=16/16 timing_direct=true resource_overhead_excluded=true step_sum_used=false status=PASS
sample_index=79 cpu_pipeline_ms=199.413 gpu_pipeline_ms=21.5871 cpu_resource_sampling_overhead_ms=0.17638 gpu_resource_sampling_overhead_ms=0.03258 semantic_gates=16/16 timing_direct=true resource_overhead_excluded=true step_sum_used=false status=PASS
sample_index=80 cpu_pipeline_ms=201.57 gpu_pipeline_ms=21.7056 cpu_resource_sampling_overhead_ms=0.168791 gpu_resource_sampling_overhead_ms=0.032301 semantic_gates=16/16 timing_direct=true resource_overhead_excluded=true step_sum_used=false status=PASS
sample_index=81 cpu_pipeline_ms=199.782 gpu_pipeline_ms=21.481 cpu_resource_sampling_overhead_ms=0.174862 gpu_resource_sampling_overhead_ms=0.03206 semantic_gates=16/16 timing_direct=true resource_overhead_excluded=true step_sum_used=false status=PASS
sample_index=82 cpu_pipeline_ms=199.066 gpu_pipeline_ms=21.5575 cpu_resource_sampling_overhead_ms=0.17576 gpu_resource_sampling_overhead_ms=0.032121 semantic_gates=16/16 timing_direct=true resource_overhead_excluded=true step_sum_used=false status=PASS
sample_index=83 cpu_pipeline_ms=207.955 gpu_pipeline_ms=25.9364 cpu_resource_sampling_overhead_ms=0.265072 gpu_resource_sampling_overhead_ms=0.03708 semantic_gates=16/16 timing_direct=true resource_overhead_excluded=true step_sum_used=false status=PASS
sample_index=84 cpu_pipeline_ms=199.905 gpu_pipeline_ms=22.059 cpu_resource_sampling_overhead_ms=0.219652 gpu_resource_sampling_overhead_ms=0.03297 semantic_gates=16/16 timing_direct=true resource_overhead_excluded=true step_sum_used=false status=PASS
sample_index=85 cpu_pipeline_ms=203.287 gpu_pipeline_ms=21.4331 cpu_resource_sampling_overhead_ms=0.193541 gpu_resource_sampling_overhead_ms=0.03201 semantic_gates=16/16 timing_direct=true resource_overhead_excluded=true step_sum_used=false status=PASS
sample_index=86 cpu_pipeline_ms=199.444 gpu_pipeline_ms=21.1275 cpu_resource_sampling_overhead_ms=0.171451 gpu_resource_sampling_overhead_ms=0.03162 semantic_gates=16/16 timing_direct=true resource_overhead_excluded=true step_sum_used=false status=PASS
sample_index=87 cpu_pipeline_ms=201.611 gpu_pipeline_ms=21.1808 cpu_resource_sampling_overhead_ms=0.190961 gpu_resource_sampling_overhead_ms=0.03137 semantic_gates=16/16 timing_direct=true resource_overhead_excluded=true step_sum_used=false status=PASS
sample_index=88 cpu_pipeline_ms=198.66 gpu_pipeline_ms=21.2971 cpu_resource_sampling_overhead_ms=0.168202 gpu_resource_sampling_overhead_ms=0.032411 semantic_gates=16/16 timing_direct=true resource_overhead_excluded=true step_sum_used=false status=PASS
sample_index=89 cpu_pipeline_ms=199.475 gpu_pipeline_ms=21.2493 cpu_resource_sampling_overhead_ms=0.170741 gpu_resource_sampling_overhead_ms=0.03292 semantic_gates=16/16 timing_direct=true resource_overhead_excluded=true step_sum_used=false status=PASS
sample_index=90 cpu_pipeline_ms=199.469 gpu_pipeline_ms=21.2175 cpu_resource_sampling_overhead_ms=0.183952 gpu_resource_sampling_overhead_ms=0.032951 semantic_gates=16/16 timing_direct=true resource_overhead_excluded=true step_sum_used=false status=PASS
sample_index=91 cpu_pipeline_ms=199.726 gpu_pipeline_ms=21.0597 cpu_resource_sampling_overhead_ms=0.181692 gpu_resource_sampling_overhead_ms=0.03216 semantic_gates=16/16 timing_direct=true resource_overhead_excluded=true step_sum_used=false status=PASS
sample_index=92 cpu_pipeline_ms=199.43 gpu_pipeline_ms=21.1324 cpu_resource_sampling_overhead_ms=0.171181 gpu_resource_sampling_overhead_ms=0.032161 semantic_gates=16/16 timing_direct=true resource_overhead_excluded=true step_sum_used=false status=PASS
sample_index=93 cpu_pipeline_ms=199.743 gpu_pipeline_ms=21.0165 cpu_resource_sampling_overhead_ms=0.182382 gpu_resource_sampling_overhead_ms=0.03244 semantic_gates=16/16 timing_direct=true resource_overhead_excluded=true step_sum_used=false status=PASS
sample_index=94 cpu_pipeline_ms=199.81 gpu_pipeline_ms=21.441 cpu_resource_sampling_overhead_ms=0.184812 gpu_resource_sampling_overhead_ms=0.0328 semantic_gates=16/16 timing_direct=true resource_overhead_excluded=true step_sum_used=false status=PASS
sample_index=95 cpu_pipeline_ms=195.689 gpu_pipeline_ms=25.5348 cpu_resource_sampling_overhead_ms=0.261161 gpu_resource_sampling_overhead_ms=0.039281 semantic_gates=16/16 timing_direct=true resource_overhead_excluded=true step_sum_used=false status=PASS
sample_index=96 cpu_pipeline_ms=199.852 gpu_pipeline_ms=21.2757 cpu_resource_sampling_overhead_ms=0.179501 gpu_resource_sampling_overhead_ms=0.03261 semantic_gates=16/16 timing_direct=true resource_overhead_excluded=true step_sum_used=false status=PASS
sample_index=97 cpu_pipeline_ms=199.236 gpu_pipeline_ms=21.2313 cpu_resource_sampling_overhead_ms=0.171823 gpu_resource_sampling_overhead_ms=0.031921 semantic_gates=16/16 timing_direct=true resource_overhead_excluded=true step_sum_used=false status=PASS
sample_index=98 cpu_pipeline_ms=199.352 gpu_pipeline_ms=21.086 cpu_resource_sampling_overhead_ms=0.186021 gpu_resource_sampling_overhead_ms=0.03174 semantic_gates=16/16 timing_direct=true resource_overhead_excluded=true step_sum_used=false status=PASS
sample_index=99 cpu_pipeline_ms=200.257 gpu_pipeline_ms=21.3123 cpu_resource_sampling_overhead_ms=0.179141 gpu_resource_sampling_overhead_ms=0.03262 semantic_gates=16/16 timing_direct=true resource_overhead_excluded=true step_sum_used=false status=PASS
function=Task2 frozen full six-step pipeline
call_chain=Step1->Step2;Step2+Step1->Step3;Step3 dual outputs->Step4;Step4->Step5;Step5+Step4+Kalman/delay->Step6
timing=pipeline_total measured directly;not=sum(step timings)
cpu_correlation_method=direct_parallel_exact workers=255
resource_sampling_mode=same_pipeline_execution
status=PASS return_code=0
