command=/tmp/ZKX_dev/build_stage07_b02_chirp_76c5b6f8b36d/stage07_waveforms_chirp --dtype INT32 --count 16384 --p0 0.02 --p1 31 --p2 0.07 --p3 0 --warmup 20 --measured 100 --output /tmp/ZKX_dev/results/stage07_b02_formal_76c5b6f8b36d/formal/20260810T092019Z_76c5b6f8b36d_stage07_b02_formal_24943170/chirp_probe_raw.json
STAGE07_WAVEFORM_PROBE PASS operator=chirp dtype=INT32
{"run_id": "20260810T092019Z_76c5b6f8b36d_stage07_b02_formal_24943170", "case_id": "chirp__chirp_int32_10e4__676e4ca73c43736d", "operator_name": "chirp", "task_name": "Task2", "step_name": "Step1", "scale_id": "chirp_int32_10e4", "requested_dtype": "INT32", "config_input_dtype": "INT32", "input_content": [{"input_name": "time", "shape": "[16384]", "dtype": "INT32", "element_count": "16384", "generator": "quantized_uniform_time_0_to_31(floor(31*i/(N-1)))", "preview_head4_tail2": "i=0:0;i=1:0;i=2:0;i=3:0;i=16382:30;i=16383:31"}], "case_parameters": {"f0": 0.02, "t1": 31, "f1": 0.07, "phase_degrees": 0, "method": "linear"}, "output_dtype": "INT32", "backend": "not_applicable", "warmup_runs": 20, "measured_runs": 100, "mse": 0, "rmse": 0, "relative_l2": 0, "relative_linf": 0, "actual_input_digest": "676e4ca73c43736d7f5f16935c6c190f6918b4a80426ef5be649a39431fecb9c", "typed_array_digest": "d307f461ec4e870e0c5a2076882db747c2827c05bd6a56066d106a522f43625a", "status": "PASS", "error_code": "OK"}
[stage07] identity and status
+--------+------------------+--------+----------------+-------+--------+----------+--------------------------+--------+------------+
| target | scale_id         | device | backend        | dtype | warmup | measured | timing_scope             | status | error_code |
+--------+------------------+--------+----------------+-------+--------+----------+--------------------------+--------+------------+
| chirp  | chirp_int32_10e4 | CPU    | not_applicable | INT32 | 20     | 100      | compatibility/end-to-end | PASS   | OK         |
| chirp  | chirp_int32_10e4 | GPU    | not_applicable | INT32 | 20     | 100      | compatibility/end-to-end | PASS   | OK         |
+--------+------------------+--------+----------------+-------+--------+----------+--------------------------+--------+------------+

[stage07] timing detail
+--------+------------+--------------------+----------+--------------------+----------+----------+----------------------+---------------------+-------------------+
| device | mean_ms    | p50_ms             | p95_ms   | p99_ms             | min_ms   | max_ms   | std_ms               | cv                  | speedup           |
+--------+------------+--------------------+----------+--------------------+----------+----------+----------------------+---------------------+-------------------+
| CPU    | 0.95707955 | 0.9510730000000001 | 0.969581 | 1.0153685900000016 | 0.943938 | 1.317179 | 0.03720778830523928  | 0.03887638003052022 | NA                |
| GPU    | 0.2618712  | 0.2578575          | 0.285931 | 0.3135183200000002 | 0.250278 | 0.352061 | 0.014464038101443182 | 0.05523340520623567 | 3.654772078792933 |
+--------+------------+--------------------+----------+--------------------+----------+----------+----------------------+---------------------+-------------------+

[stage07] accuracy detail
+---------------------+-----+------+-------------+---------------+-------------+----------------+--------------------------------------------------------------------+--------+
| reference           | mse | rmse | relative_l2 | relative_linf | exact_match | mismatch_count | semantic_check                                                     | status |
+---------------------+-----+------+-------------+---------------+-------------+----------------+--------------------------------------------------------------------+--------+
| typed_cpu_reference | 0   | 0    | 0           | 0             | NA          | NA             | output_shape=[16384];output_dtype=INT32;finite_numeric_output=true | PASS   |
+---------------------+-----+------+-------------+---------------+-------------+----------------+--------------------------------------------------------------------+--------+

[stage07] resource detail
+--------+------------+--------------+-------------+------------+-------------+
| device | metric     | before_bytes | after_bytes | peak_bytes | delta_bytes |
+--------+------------+--------------+-------------+------------+-------------+
| CPU    | cpu_heap   | 1607504      | 1808496     | 1808496    | 200992      |
| CPU    | rss        | 69541888     | 70287360    | 70287360   | 745472      |
| GPU    | cpu_heap   | 1808496      | 1942832     | 1942832    | 134336      |
| GPU    | rss        | 70287360     | 70287360    | 70287360   | 0           |
| GPU    | gpu_memory | 408322048    | 408322048   | 408322048  | 0           |
+--------+------------+--------------+-------------+------------+-------------+

[stage07] input content
+------------+---------+-------+----------+---------------------------------------------------+-----------------------------------------------+
| input_name | shape   | dtype | elements | generator                                         | values(head4/tail2)                           |
+------------+---------+-------+----------+---------------------------------------------------+-----------------------------------------------+
| time       | [16384] | INT32 | 16384    | quantized_uniform_time_0_to_31(floor(31*i/(N-1))) | i=0:0;i=1:0;i=2:0;i=3:0;i=16382:30;i=16383:31 |
+------------+---------+-------+----------+---------------------------------------------------+-----------------------------------------------+

[stage07] case parameters
+-------------------------------------------------------------------+
| parameters                                                        |
+-------------------------------------------------------------------+
| {"f0":0.02,"f1":0.07,"method":"linear","phase_degrees":0,"t1":31} |
+-------------------------------------------------------------------+

[stage07] input and output identity
+--------+------------------------------------------------------------------+------------------------------------------------------------------+
| device | input_digest                                                     | output_digest                                                    |
+--------+------------------------------------------------------------------+------------------------------------------------------------------+
| CPU    | 676e4ca73c43736d7f5f16935c6c190f6918b4a80426ef5be649a39431fecb9c | 9425bb3aef8042bb4a75fbe84c0c5e97975edb39ae9eeb5a56cc0066327f473f |
| GPU    | 676e4ca73c43736d7f5f16935c6c190f6918b4a80426ef5be649a39431fecb9c | 9425bb3aef8042bb4a75fbe84c0c5e97975edb39ae9eeb5a56cc0066327f473f |
+--------+------------------------------------------------------------------+------------------------------------------------------------------+

[stage07] dtype evidence
+-----------------+--------------------+--------------+------------------------------------------------------------------+------------------------------------------------------------------+
| requested_dtype | config_input_dtype | output_dtype | typed_array_digest                                               | actual_input_digest                                              |
+-----------------+--------------------+--------------+------------------------------------------------------------------+------------------------------------------------------------------+
| INT32           | INT32              | INT32        | d307f461ec4e870e0c5a2076882db747c2827c05bd6a56066d106a522f43625a | 676e4ca73c43736d7f5f16935c6c190f6918b4a80426ef5be649a39431fecb9c |
+-----------------+--------------------+--------------+------------------------------------------------------------------+------------------------------------------------------------------+

[stage07] evidence files
+-------------+----------------------------------------------------------------------------------------------------------------------------------------------------------------------------------------------------------------------------------+
| kind        | path                                                                                                                                                                                                                             |
+-------------+----------------------------------------------------------------------------------------------------------------------------------------------------------------------------------------------------------------------------------+
| main_csv    | /tmp/ZKX_dev/results/stage07_b02_formal_76c5b6f8b36d/formal/20260810T092019Z_76c5b6f8b36d_stage07_b02_formal_24943170/operator_main_results_chirp_not_applicable_20260810T092019Z_76c5b6f8b36d_stage07_b02_formal_24943170.csv   |
| timing_csv  | /tmp/ZKX_dev/results/stage07_b02_formal_76c5b6f8b36d/formal/20260810T092019Z_76c5b6f8b36d_stage07_b02_formal_24943170/operator_timing_samples_chirp_not_applicable_20260810T092019Z_76c5b6f8b36d_stage07_b02_formal_24943170.csv |
| memory_csv  | /tmp/ZKX_dev/results/stage07_b02_formal_76c5b6f8b36d/formal/20260810T092019Z_76c5b6f8b36d_stage07_b02_formal_24943170/operator_waveforms_chirp_memory_trace_not_applicable.csv                                                   |
| dtype_csv   | /tmp/ZKX_dev/results/stage07_b02_formal_76c5b6f8b36d/formal/20260810T092019Z_76c5b6f8b36d_stage07_b02_formal_24943170/operator_dtype_evidence_chirp_not_applicable_20260810T092019Z_76c5b6f8b36d_stage07_b02_formal_24943170.csv |
| report_json | /tmp/ZKX_dev/results/stage07_b02_formal_76c5b6f8b36d/formal/20260810T092019Z_76c5b6f8b36d_stage07_b02_formal_24943170/operator_chirp_report.json                                                                                 |
| summary_txt | /tmp/ZKX_dev/results/stage07_b02_formal_76c5b6f8b36d/formal/20260810T092019Z_76c5b6f8b36d_stage07_b02_formal_24943170/operator_chirp_summary.txt                                                                                 |
| full_log    | /tmp/ZKX_dev/results/stage07_b02_formal_76c5b6f8b36d/formal/20260810T092019Z_76c5b6f8b36d_stage07_b02_formal_24943170/operator_chirp_full.log                                                                                    |
| result_dir  | /tmp/ZKX_dev/results/stage07_b02_formal_76c5b6f8b36d/formal/20260810T092019Z_76c5b6f8b36d_stage07_b02_formal_24943170                                                                                                            |
+-------------+----------------------------------------------------------------------------------------------------------------------------------------------------------------------------------------------------------------------------------+
