command=build_stage07_b04_hamming_v2_db9b07e/stage07_hamming --dtype INT16 --n 10000 --taps 1 --cutoff 60 --fs 1000 --sym true --warmup 20 --measured 100 --output /tmp/ZKX_dev/results/stage07_b04_formal_v2_e6d8c17/formal/20260810T103324Z_e6d8c17f237e_stage07_b04_formal_a1098143/hamming_probe_raw.json
STAGE07_FILTER_PROBE PASS operator=hamming dtype=INT16
{"run_id": "20260810T103324Z_e6d8c17f237e_stage07_b04_formal_a1098143", "case_id": "hamming__hamming_int16_10e4__d73984190869508a", "operator_name": "hamming", "task_name": "Task2", "step_name": "Step2", "scale_id": "hamming_int16_10e4", "requested_dtype": "INT16", "input_content": [{"input_name": "request_spec", "shape": "[1]", "dtype": "INT16", "element_count": "1", "generator": "typed_hamming_request", "preview_head4_tail2": "i=0:n=10000,sym=true,dtype=INT16"}], "case_parameters": {"n": 10000, "sym": true, "output_dtype": "FP32_TASK_RESIDENT", "equivalent_work": "10^4"}, "output_dtype": "FP32", "backend": "not_applicable", "warmup_runs": 20, "measured_runs": 100, "mse": 3.18972e-15, "rmse": 5.64776e-08, "relative_l2": 8.95949e-08, "relative_linf": 2.38419e-07, "actual_input_digest": "d73984190869508adb0ed308e61ea568d1273da7e5e6b6e80fd4d989a3433018", "typed_array_digest": "47dc540c94ceb704a23875c11273e16bb0b8a87aed84de911f2133568115f254", "status": "PASS", "error_code": "OK"}
[stage07] identity and status
+---------+--------------------+--------+----------------+-------+--------+----------+--------------------------+--------+------------+
| target  | scale_id           | device | backend        | dtype | warmup | measured | timing_scope             | status | error_code |
+---------+--------------------+--------+----------------+-------+--------+----------+--------------------------+--------+------------+
| hamming | hamming_int16_10e4 | CPU    | not_applicable | INT16 | 20     | 100      | compatibility/end-to-end | PASS   | OK         |
| hamming | hamming_int16_10e4 | GPU    | not_applicable | INT16 | 20     | 100      | compatibility/end-to-end | PASS   | OK         |
+---------+--------------------+--------+----------------+-------+--------+----------+--------------------------+--------+------------+

[stage07] timing detail
+--------+---------------------+---------------------+-----------+---------------------+----------+----------+----------------------+----------------------+-------------------+
| device | mean_ms             | p50_ms              | p95_ms    | p99_ms              | min_ms   | max_ms   | std_ms               | cv                   | speedup           |
+--------+---------------------+---------------------+-----------+---------------------+----------+----------+----------------------+----------------------+-------------------+
| CPU    | 0.34507989          | 0.3441075           | 0.3536825 | 0.3571174000000001  | 0.340472 | 0.377353 | 0.004648577108954953 | 0.01347101712868563  | NA                |
| GPU    | 0.14878413999999998 | 0.14851599999999998 | 0.1530175 | 0.16058470000000002 | 0.142021 | 0.162931 | 0.003005326371694096 | 0.020199238787777355 | 2.319332490680795 |
+--------+---------------------+---------------------+-----------+---------------------+----------+----------+----------------------+----------------------+-------------------+

[stage07] accuracy detail
+-----------------------------------+-------------+-------------+-------------+---------------+-------------+----------------+------------------------------------------------------------+--------+
| reference                         | mse         | rmse        | relative_l2 | relative_linf | exact_match | mismatch_count | semantic_check                                             | status |
+-----------------------------------+-------------+-------------+-------------+---------------+-------------+----------------+------------------------------------------------------------+--------+
| typed_cpu_task_resident_reference | 3.18972e-15 | 5.64776e-08 | 8.95949e-08 | 2.38419e-07   | NA          | NA             | output_count=10000;output_dtype=FP32;task_gpu_call=present | PASS   |
+-----------------------------------+-------------+-------------+-------------+---------------+-------------+----------------+------------------------------------------------------------+--------+

[stage07] resource detail
+--------+------------+--------------+-------------+------------+-------------+
| device | metric     | before_bytes | after_bytes | peak_bytes | delta_bytes |
+--------+------------+--------------+-------------+------------+-------------+
| CPU    | cpu_heap   | 1453264      | 1537120     | 1537120    | 83856       |
| CPU    | rss        | 70279168     | 70524928    | 70524928   | 245760      |
| GPU    | cpu_heap   | 1537216      | 1620480     | 1620480    | 83264       |
| GPU    | rss        | 70524928     | 70606848    | 70606848   | 81920       |
| GPU    | gpu_memory | 341000192    | 341000192   | 341000192  | 0           |
+--------+------------+--------------+-------------+------------+-------------+

[stage07] input content
+--------------+-------+-------+----------+-----------------------+----------------------------------+
| input_name   | shape | dtype | elements | generator             | values(head4/tail2)              |
+--------------+-------+-------+----------+-----------------------+----------------------------------+
| request_spec | [1]   | INT16 | 1        | typed_hamming_request | i=0:n=10000,sym=true,dtype=INT16 |
+--------------+-------+-------+----------+-----------------------+----------------------------------+

[stage07] case parameters
+-------------------------------------------------------------------------------------+
| parameters                                                                          |
+-------------------------------------------------------------------------------------+
| {"equivalent_work":"10^4","n":10000,"output_dtype":"FP32_TASK_RESIDENT","sym":true} |
+-------------------------------------------------------------------------------------+

[stage07] input and output identity
+--------+------------------------------------------------------------------+------------------------------------------------------------------+
| device | input_digest                                                     | output_digest                                                    |
+--------+------------------------------------------------------------------+------------------------------------------------------------------+
| CPU    | d73984190869508adb0ed308e61ea568d1273da7e5e6b6e80fd4d989a3433018 | f9546a5ccd980893d8c955e8a327d2b62d54680326d954643ea43524df6181a9 |
| GPU    | d73984190869508adb0ed308e61ea568d1273da7e5e6b6e80fd4d989a3433018 | a9895c5cb0dab1b83cf96476d6dc9349b3bb0c30605d967d2dbbaa589d07ca56 |
+--------+------------------------------------------------------------------+------------------------------------------------------------------+

[stage07] dtype evidence
+-----------------+--------------------+--------------+------------------------------------------------------------------+------------------------------------------------------------------+----------------------+
| requested_dtype | config_input_dtype | output_dtype | typed_array_digest                                               | actual_input_digest                                              | task_gpu_call_status |
+-----------------+--------------------+--------------+------------------------------------------------------------------+------------------------------------------------------------------+----------------------+
| INT16           | INT16              | FP32         | 47dc540c94ceb704a23875c11273e16bb0b8a87aed84de911f2133568115f254 | d73984190869508adb0ed308e61ea568d1273da7e5e6b6e80fd4d989a3433018 | proved_gpu_cpu       |
+-----------------+--------------------+--------------+------------------------------------------------------------------+------------------------------------------------------------------+----------------------+

[stage07] evidence files
+-------------+----------------------------------------------------------------------------------------------------------------------------------------------------------------------------------------------------------------------------------+
| kind        | path                                                                                                                                                                                                                             |
+-------------+----------------------------------------------------------------------------------------------------------------------------------------------------------------------------------------------------------------------------------+
| main_csv    | /tmp/ZKX_dev/results/stage07_b04_formal_v2_e6d8c17/formal/20260810T103324Z_e6d8c17f237e_stage07_b04_formal_a1098143/operator_main_results_hamming_not_applicable_20260810T103324Z_e6d8c17f237e_stage07_b04_formal_a1098143.csv   |
| timing_csv  | /tmp/ZKX_dev/results/stage07_b04_formal_v2_e6d8c17/formal/20260810T103324Z_e6d8c17f237e_stage07_b04_formal_a1098143/operator_timing_samples_hamming_not_applicable_20260810T103324Z_e6d8c17f237e_stage07_b04_formal_a1098143.csv |
| memory_csv  | /tmp/ZKX_dev/results/stage07_b04_formal_v2_e6d8c17/formal/20260810T103324Z_e6d8c17f237e_stage07_b04_formal_a1098143/operator_windows_hamming_memory_trace_not_applicable.csv                                                     |
| dtype_csv   | /tmp/ZKX_dev/results/stage07_b04_formal_v2_e6d8c17/formal/20260810T103324Z_e6d8c17f237e_stage07_b04_formal_a1098143/operator_dtype_evidence_hamming_not_applicable_20260810T103324Z_e6d8c17f237e_stage07_b04_formal_a1098143.csv |
| report_json | /tmp/ZKX_dev/results/stage07_b04_formal_v2_e6d8c17/formal/20260810T103324Z_e6d8c17f237e_stage07_b04_formal_a1098143/operator_hamming_report.json                                                                                 |
| summary_txt | /tmp/ZKX_dev/results/stage07_b04_formal_v2_e6d8c17/formal/20260810T103324Z_e6d8c17f237e_stage07_b04_formal_a1098143/operator_hamming_summary.txt                                                                                 |
| full_log    | /tmp/ZKX_dev/results/stage07_b04_formal_v2_e6d8c17/formal/20260810T103324Z_e6d8c17f237e_stage07_b04_formal_a1098143/operator_hamming_full.log                                                                                    |
| result_dir  | /tmp/ZKX_dev/results/stage07_b04_formal_v2_e6d8c17/formal/20260810T103324Z_e6d8c17f237e_stage07_b04_formal_a1098143                                                                                                              |
+-------------+----------------------------------------------------------------------------------------------------------------------------------------------------------------------------------------------------------------------------------+
