command=build/stage07_b06_cubic_6132f71/stage07_cubic --dtype FP32 --count 10000 --order 3 --warmup 20 --measured 100 --output /tmp/ZKX_dev/results/stage07_b06_formal_6132f71/formal/20260810T110445Z_6132f71eb1e0_stage07_b06_formal_4bb912c8/cubic_probe_raw.json
STAGE07_TASK_FINAL_PROBE PASS operator=cubic dtype=FP32
{"run_id": "20260810T110445Z_6132f71eb1e0_stage07_b06_formal_4bb912c8", "case_id": "cubic__cubic_fp32_10e4__4ebb8a2d94032c64", "operator_name": "cubic", "task_name": "Task2", "step_name": "Step3", "scale_id": "cubic_fp32_10e4", "requested_dtype": "FP32", "input_content": [{"input_name": "x", "shape": "[10000]", "dtype": "FP32", "element_count": "10000", "generator": "deterministic_cubic_domain", "preview_head4_tail2": "i=0:-2.5;i=1:-2.49950004;i=2:-2.49899983;i=3:-2.49849987;i=9998:2.49950004;i=9999:2.5"}], "case_parameters": {"count": 10000, "output_count": 10000}, "output_dtype": "FP32", "backend": "not_applicable", "warmup_runs": 20, "measured_runs": 100, "output_count": 10000, "actual_input_digest": "4ebb8a2d94032c645ccd7fcb4183fe5777318a5fa08066328e8e895747709cfe", "typed_array_digest": "566354da6dd998233da99df9dd86894bcb4939cc0b2956dd6df473560c6b5c6b", "status": "PASS", "error_code": "OK", "mse": 4.50751e-17, "rmse": 6.7138e-09, "relative_l2": 2.16841e-08, "relative_linf": 8.9407e-08}
[stage07] identity and status
+--------+-----------------+--------+----------------+-------+--------+----------+--------------------------+--------+------------+
| target | scale_id        | device | backend        | dtype | warmup | measured | timing_scope             | status | error_code |
+--------+-----------------+--------+----------------+-------+--------+----------+--------------------------+--------+------------+
| cubic  | cubic_fp32_10e4 | CPU    | not_applicable | FP32  | 20     | 100      | compatibility/end-to-end | PASS   | OK         |
| cubic  | cubic_fp32_10e4 | GPU    | not_applicable | FP32  | 20     | 100      | compatibility/end-to-end | PASS   | OK         |
+--------+-----------------+--------+----------------+-------+--------+----------+--------------------------+--------+------------+

[stage07] timing detail
+--------+------------+---------------------+------------+----------------------+----------+----------+-----------------------+-----------------------+---------------------+
| device | mean_ms    | p50_ms              | p95_ms     | p99_ms               | min_ms   | max_ms   | std_ms                | cv                    | speedup             |
+--------+------------+---------------------+------------+----------------------+----------+----------+-----------------------+-----------------------+---------------------+
| CPU    | 0.00804095 | 0.00804             | 0.00805    | 0.008052790000000002 | 0.008021 | 0.00823  | 1.981028773137824e-05 | 0.0024636750298631677 | NA                  |
| GPU    | 0.22906476 | 0.22234399999999999 | 0.27393255 | 0.30328341000000003  | 0.215784 | 0.310056 | 0.01812028200504617   | 0.07910549839724874   | 0.03510339172206148 |
+--------+------------+---------------------+------------+----------------------+----------+----------+-----------------------+-----------------------+---------------------+

[stage07] accuracy detail
+---------------------------+-------------+------------+-------------+---------------+-------------+----------------+------------------------------------------------------------+--------+
| reference                 | mse         | rmse       | relative_l2 | relative_linf | exact_match | mismatch_count | semantic_check                                             | status |
+---------------------------+-------------+------------+-------------+---------------+-------------+----------------+------------------------------------------------------------+--------+
| typed_cpu_task2_reference | 4.50751e-17 | 6.7138e-09 | 2.16841e-08 | 8.9407e-08    | NA          | NA             | output_count=10000;output_dtype=FP32;task_gpu_call=present | PASS   |
+---------------------------+-------------+------------+-------------+---------------+-------------+----------------+------------------------------------------------------------+--------+

[stage07] resource detail
+--------+------------+--------------+-------------+------------+-------------+
| device | metric     | before_bytes | after_bytes | peak_bytes | delta_bytes |
+--------+------------+--------------+-------------+------------+-------------+
| CPU    | cpu_heap   | 1451904      | 1495776     | 1495776    | 43872       |
| CPU    | rss        | 69107712     | 69107712    | 69107712   | 0           |
| GPU    | cpu_heap   | 1495776      | 1498752     | 1498752    | 2976        |
| GPU    | rss        | 69107712     | 69107712    | 69107712   | 0           |
| GPU    | gpu_memory | 341000192    | 341000192   | 341000192  | 0           |
+--------+------------+--------------+-------------+------------+-------------+

[stage07] input content
+------------+---------+-------+----------+----------------------------+---------------------------------------------------------------------------------------+
| input_name | shape   | dtype | elements | generator                  | values(head4/tail2)                                                                   |
+------------+---------+-------+----------+----------------------------+---------------------------------------------------------------------------------------+
| x          | [10000] | FP32  | 10000    | deterministic_cubic_domain | i=0:-2.5;i=1:-2.49950004;i=2:-2.49899983;i=3:-2.49849987;i=9998:2.49950004;i=9999:2.5 |
+------------+---------+-------+----------+----------------------------+---------------------------------------------------------------------------------------+

[stage07] case parameters
+--------------------------------------+
| parameters                           |
+--------------------------------------+
| {"count":10000,"output_count":10000} |
+--------------------------------------+

[stage07] input and output identity
+--------+------------------------------------------------------------------+------------------------------------------------------------------+
| device | input_digest                                                     | output_digest                                                    |
+--------+------------------------------------------------------------------+------------------------------------------------------------------+
| CPU    | 4ebb8a2d94032c645ccd7fcb4183fe5777318a5fa08066328e8e895747709cfe | e59ff4cf4631101b57948c8131ac348cbfc59e349a1e26fbba1de78a39f8e277 |
| GPU    | 4ebb8a2d94032c645ccd7fcb4183fe5777318a5fa08066328e8e895747709cfe | ec38f17543b21d7b608b6205dc45619127ddf5394af20574c009cfbabbef075e |
+--------+------------------------------------------------------------------+------------------------------------------------------------------+

[stage07] dtype evidence
+-----------------+--------------------+--------------+------------------------------------------------------------------+------------------------------------------------------------------+----------------------+
| requested_dtype | config_input_dtype | output_dtype | typed_array_digest                                               | actual_input_digest                                              | task_gpu_call_status |
+-----------------+--------------------+--------------+------------------------------------------------------------------+------------------------------------------------------------------+----------------------+
| FP32            | FP32               | FP32         | 566354da6dd998233da99df9dd86894bcb4939cc0b2956dd6df473560c6b5c6b | 4ebb8a2d94032c645ccd7fcb4183fe5777318a5fa08066328e8e895747709cfe | proved_gpu_cpu       |
+-----------------+--------------------+--------------+------------------------------------------------------------------+------------------------------------------------------------------+----------------------+

[stage07] evidence files
+-------------+-----------------------------------------------------------------------------------------------------------------------------------------------------------------------------------------------------------------------------+
| kind        | path                                                                                                                                                                                                                        |
+-------------+-----------------------------------------------------------------------------------------------------------------------------------------------------------------------------------------------------------------------------+
| main_csv    | /tmp/ZKX_dev/results/stage07_b06_formal_6132f71/formal/20260810T110445Z_6132f71eb1e0_stage07_b06_formal_4bb912c8/operator_main_results_cubic_not_applicable_20260810T110445Z_6132f71eb1e0_stage07_b06_formal_4bb912c8.csv   |
| timing_csv  | /tmp/ZKX_dev/results/stage07_b06_formal_6132f71/formal/20260810T110445Z_6132f71eb1e0_stage07_b06_formal_4bb912c8/operator_timing_samples_cubic_not_applicable_20260810T110445Z_6132f71eb1e0_stage07_b06_formal_4bb912c8.csv |
| memory_csv  | /tmp/ZKX_dev/results/stage07_b06_formal_6132f71/formal/20260810T110445Z_6132f71eb1e0_stage07_b06_formal_4bb912c8/operator_bsplines_cubic_memory_trace_not_applicable.csv                                                    |
| dtype_csv   | /tmp/ZKX_dev/results/stage07_b06_formal_6132f71/formal/20260810T110445Z_6132f71eb1e0_stage07_b06_formal_4bb912c8/operator_dtype_evidence_cubic_not_applicable_20260810T110445Z_6132f71eb1e0_stage07_b06_formal_4bb912c8.csv |
| report_json | /tmp/ZKX_dev/results/stage07_b06_formal_6132f71/formal/20260810T110445Z_6132f71eb1e0_stage07_b06_formal_4bb912c8/operator_cubic_report.json                                                                                 |
| summary_txt | /tmp/ZKX_dev/results/stage07_b06_formal_6132f71/formal/20260810T110445Z_6132f71eb1e0_stage07_b06_formal_4bb912c8/operator_cubic_summary.txt                                                                                 |
| full_log    | /tmp/ZKX_dev/results/stage07_b06_formal_6132f71/formal/20260810T110445Z_6132f71eb1e0_stage07_b06_formal_4bb912c8/operator_cubic_full.log                                                                                    |
| result_dir  | /tmp/ZKX_dev/results/stage07_b06_formal_6132f71/formal/20260810T110445Z_6132f71eb1e0_stage07_b06_formal_4bb912c8                                                                                                            |
+-------------+-----------------------------------------------------------------------------------------------------------------------------------------------------------------------------------------------------------------------------+
