[stage08-b01] operator=kaiser entry=cpu:kaiser_typed_cpu gpu:kaiser_device
[stage08-b01] config=test_all/configs/operators/windows/kaiser/operator_scales.json config_sha256=3c4c14a97768005f5dc56b0d0c17628fff55c481c5608f82bbef4fa7c495f9fe
[stage08-b01] run_type=formal scale=kaiser_int32_10e3 dtype=INT32 sym=false backend=not_applicable
[stage08-b01] dtype_semantics=actual_typed_scalar_input typed_input_count=1 actual_input_digest=37f23fa8ed3d03ce9763cb2503ab889c11563a476e045e37fbdac4e591c37ccd
[stage08-b01] timing_scope=compatibility/end-to-end warmup=20 measured=100
[stage08-b01] cpu_mean_ms=0.060011309999999998 gpu_mean_ms=0.25772019000000007 speedup=0.23285451558917439
[stage08-b01] mse=1.6053093309773665e-14 rmse=1.267008023249011e-07 relative_l2=2.2529066124187107e-07 relative_linf=5.8072872155534583e-07
[stage08-b01] resources=available cuda_event_ms=0.27633199095726013
[stage08-b01] status=PASS error_code=OK
[stage08] identity and status
target | scale_id          | device | backend        | dtype | warmup | measured | timing_scope             | status | error_code
kaiser | kaiser_int32_10e3 | CPU    | not_applicable | INT32 | 20     | 100      | compatibility/end-to-end | PASS   | OK        
kaiser | kaiser_int32_10e3 | GPU    | not_applicable | INT32 | 20     | 100      | compatibility/end-to-end | PASS   | OK        

[stage08] timing detail
device | mean_ms              | p50_ms               | p95_ms               | p99_ms               | min_ms               | max_ms               | std_ms                | cv                   | speedup            
CPU    | 0.060011309999999998 | 0.061080500000000003 | 0.061501449999999999 | 0.071632110000000027 | 0.048930000000000001 | 0.077781000000000003 | 0.0044921627969052944 | 0.074855269730077459 | NA                 
GPU    | 0.25772019000000007  | 0.25827299999999997  | 0.26620899999999997  | 0.27163590000000004  | 0.24493200000000001  | 0.27400200000000002  | 0.0051165030356582408 | 0.019852938319105846 | 0.23285451558917439

[stage08] accuracy detail
accuracy_reference  | mse                    | rmse                  | relative_l2            | relative_linf          | exact_match | mismatch_count | semantic_check                                                                                     | status
cpu_typed_reference | 1.6053093309773665e-14 | 1.267008023249011e-07 | 2.2529066124187107e-07 | 5.8072872155534583e-07 | NA          | NA             | finite_normalized_fp64_window_shape_beta_and_symmetry_match_cpu:shape=[1000];finite=true;sym=false | PASS  

[stage08] resource detail
device | metric     | before_bytes | after_bytes | peak_bytes | delta_bytes
CPU    | cpu_heap   | 1461744      | 1464912     | 1471808    | 3168       
CPU    | rss        | 70963200     | 70963200    | 70963200   | 0          
GPU    | cpu_heap   | 1464912      | 1467888     | 1474944    | 2976       
GPU    | rss        | 70963200     | 70963200    | 70963200   | 0          
GPU    | gpu_memory | 357777408    | 357777408   | 357777408  | 0          

[stage08] input/output identity
device | input_digest                                                     | output_digest                                                   
CPU    | 37f23fa8ed3d03ce9763cb2503ab889c11563a476e045e37fbdac4e591c37ccd | 8de68bd9a9e9ec55cb2742f48fd41e04e6c46545c68de4476a2c44fb6daecfc9
GPU    | 37f23fa8ed3d03ce9763cb2503ab889c11563a476e045e37fbdac4e591c37ccd | 950b5635624bdefd061a188cb76f3f45eadfc8e75c3374016a170c62af7ed21b

[stage08] dtype evidence
requested_dtype | config_input_dtype | output_dtype | actual_input_digest                                              | status
INT32           | INT32              | FP64         | 37f23fa8ed3d03ce9763cb2503ab889c11563a476e045e37fbdac4e591c37ccd | PASS  

[stage08] evidence files
kind        | path                                                                                                                                                                                                                                     
main_csv    | /tmp/ZKX_dev/results/stage08_table_rerun_kaiser_47ebe13410d3/formal/20260810T032006Z_47ebe13410d3_stage08_b01_formal_8813000f/operator_main_results_kaiser_not_applicable_20260810T032006Z_47ebe13410d3_stage08_b01_formal_8813000f.csv  
timing_csv  | /tmp/ZKX_dev/results/stage08_table_rerun_kaiser_47ebe13410d3/formal/20260810T032006Z_47ebe13410d3_stage08_b01_formal_8813000f/operator_timing_samples_kaiser_not_applicable_20260810T032006Z_47ebe13410d3_stage08_b01_formal_8813000f.csv
memory_csv  | /tmp/ZKX_dev/results/stage08_table_rerun_kaiser_47ebe13410d3/formal/20260810T032006Z_47ebe13410d3_stage08_b01_formal_8813000f/operator_windows_kaiser_memory_trace_not_applicable.csv                                                    
dtype_csv   | /tmp/ZKX_dev/results/stage08_table_rerun_kaiser_47ebe13410d3/formal/20260810T032006Z_47ebe13410d3_stage08_b01_formal_8813000f/operator_dtype_evidence_kaiser_not_applicable_20260810T032006Z_47ebe13410d3_stage08_b01_formal_8813000f.csv
module_csv  | /tmp/ZKX_dev/results/stage08_table_rerun_kaiser_47ebe13410d3/formal/20260810T032006Z_47ebe13410d3_stage08_b01_formal_8813000f/windows_batch01_module_summary_not_applicable_20260810T032006Z_47ebe13410d3_stage08_b01_formal_8813000f.csv
report_json | /tmp/ZKX_dev/results/stage08_table_rerun_kaiser_47ebe13410d3/formal/20260810T032006Z_47ebe13410d3_stage08_b01_formal_8813000f/operator_kaiser_report.json                                                                                
summary_txt | /tmp/ZKX_dev/results/stage08_table_rerun_kaiser_47ebe13410d3/formal/20260810T032006Z_47ebe13410d3_stage08_b01_formal_8813000f/operator_kaiser_summary.txt                                                                                
full_log    | /tmp/ZKX_dev/results/stage08_table_rerun_kaiser_47ebe13410d3/formal/20260810T032006Z_47ebe13410d3_stage08_b01_formal_8813000f/operator_kaiser_full.log                                                                                   
results_dir | /tmp/ZKX_dev/results/stage08_table_rerun_kaiser_47ebe13410d3/formal/20260810T032006Z_47ebe13410d3_stage08_b01_formal_8813000f                                                                                                            
