command=build_stage08_b03_hilbert2_0b2008e7f76a/stage08_filtering_hilbert2 --dtype INT8 --rows 10 --cols 10 --seed 83250001 --warmup 20 --measured 100 --output /tmp/ZKX_dev/results/stage08_table_rerun_hilbert2_47ebe13410d3/formal/20260810T032930Z_47ebe13410d3_stage08_b03_formal_8832000c/hilbert2_probe_raw.json
STAGE08_HILBERT2_PROBE PASS dtype=INT8 shape=10x10 backend=fft_thrust
{"actual_input_digest": "0d31780bc88d30358abf2ce62c453574eaddd1371ef3c0fc9f538ee70604b748", "backend": "fft_thrust", "case_id": "hilbert2__hilbert2_int8_10e2__0d31780bc88d3035", "compute_dtype": "FP32", "dtype_semantics": "actual_typed_array_input_fp32_fft2d_extension", "error_code": "OK", "fft_dtype": "ComplexFP32", "measured_runs": 100, "metrics": {"mse": 1.1852105224710061e-11, "relative_l2": 3.9138029795576807e-07, "relative_linf": 4.35099474720109e-07, "rmse": 3.4426886621810667e-06}, "operator_name": "hilbert2", "output_dtype": "ComplexFP64", "requested_dtype": "INT8", "run_id": "20260810T032930Z_47ebe13410d3_stage08_b03_formal_8832000c", "scale_id": "hilbert2_int8_10e2", "schema_version": 1, "status": "PASS", "typed_input_count": 1, "typed_input_names": "x", "warmup_runs": 20}
[stage08] identity and status
+----------+--------------------+--------+------------+-------+--------+----------+--------------------------+--------+------------+
| target   | scale_id           | device | backend    | dtype | warmup | measured | timing_scope             | status | error_code |
+----------+--------------------+--------+------------+-------+--------+----------+--------------------------+--------+------------+
| hilbert2 | hilbert2_int8_10e2 | CPU    | fft_thrust | INT8  | 20     | 100      | compatibility/end-to-end | PASS   | OK         |
| hilbert2 | hilbert2_int8_10e2 | GPU    | fft_thrust | INT8  | 20     | 100      | compatibility/end-to-end | PASS   | OK         |
+----------+--------------------+--------+------------+-------+--------+----------+--------------------------+--------+------------+

[stage08] timing detail
+--------+---------------------+---------------------+---------------------+---------------------+---------------------+---------------------+-----------------------+----------------------+----------------------+
| device | mean_ms             | p50_ms              | p95_ms              | p99_ms              | min_ms              | max_ms              | std_ms                | cv                   | speedup              |
+--------+---------------------+---------------------+---------------------+---------------------+---------------------+---------------------+-----------------------+----------------------+----------------------+
| CPU    | 0.79770410999999997 | 0.79551899999999998 | 0.80656900000000009 | 0.81634452000000035 | 0.79141399999999995 | 0.87569699999999995 | 0.0090427983919746848 | 0.011336030839774268 | NA                   |
| GPU    | 27.193602129999999  | 23.456834000000001  | 32.435214500000001  | 32.620057500000001  | 23.145395000000001  | 32.638421999999998  | 4.3229476919265046    | 0.15896929252919481  | 0.029334256866249148 |
+--------+---------------------+---------------------+---------------------+---------------------+---------------------+---------------------+-----------------------+----------------------+----------------------+

[stage08] accuracy detail
+-------------------------------+------------------------+------------------------+------------------------+----------------------+-------------+----------------+-------------------------------------------------------------------------------------------------------+--------+
| accuracy_reference            | mse                    | rmse                   | relative_l2            | relative_linf        | exact_match | mismatch_count | semantic_check                                                                                        | status |
+-------------------------------+------------------------+------------------------+------------------------+----------------------+-------------+----------------+-------------------------------------------------------------------------------------------------------+--------+
| cpu_typed_double_direct_dft2d | 1.1852105224710061e-11 | 3.4426886621810667e-06 | 3.9138029795576807e-07 | 4.35099474720109e-07 | NA          | NA             | finite_analytic_signal_shape_and_output_dtype_match_cpu:shape=[10, 10];fft_shape=[10, 10];finite=true | PASS   |
+-------------------------------+------------------------+------------------------+------------------------+----------------------+-------------+----------------+-------------------------------------------------------------------------------------------------------+--------+

[stage08] resource detail
+--------+------------+--------------+-------------+------------+-------------+
| device | metric     | before_bytes | after_bytes | peak_bytes | delta_bytes |
+--------+------------+--------------+-------------+------------+-------------+
| CPU    | cpu_heap   | 1951280      | 1957632     | 1958128    | 6352        |
| CPU    | rss        | 71344128     | 71344128    | 71344128   | 0           |
| GPU    | cpu_heap   | 1957632      | 1959504     | 1959504    | 1872        |
| GPU    | rss        | 71344128     | 71344128    | 71344128   | 0           |
| GPU    | gpu_memory | 341000192    | 341000192   | 341000192  | 0           |
+--------+------------+--------------+-------------+------------+-------------+

[stage08] input/output identity
+--------+------------------------------------------------------------------+------------------------------------------------------------------+
| device | input_digest                                                     | output_digest                                                    |
+--------+------------------------------------------------------------------+------------------------------------------------------------------+
| CPU    | 0d31780bc88d30358abf2ce62c453574eaddd1371ef3c0fc9f538ee70604b748 | 9b9d1860cae7fd52dae73abcda5a8dfced0a9612825652d826c29f1db28fbe28 |
| GPU    | 0d31780bc88d30358abf2ce62c453574eaddd1371ef3c0fc9f538ee70604b748 | 039a4a80365d0ef69856e7dfd899ff1946d618b6d0b60b09f37af8c260865c14 |
+--------+------------------------------------------------------------------+------------------------------------------------------------------+

[stage08] dtype evidence
+-----------------+--------------------+--------------+------------------------------------------------------------------+--------+
| requested_dtype | config_input_dtype | output_dtype | actual_input_digest                                              | status |
+-----------------+--------------------+--------------+------------------------------------------------------------------+--------+
| INT8            | NA                 | ComplexFP64  | 0d31780bc88d30358abf2ce62c453574eaddd1371ef3c0fc9f538ee70604b748 | PASS   |
+-----------------+--------------------+--------------+------------------------------------------------------------------+--------+

[stage08] evidence files
+----------------+-------------------------------------------------------------------------------------------------------------------------------------------------------------------------------------------------------------------------------------------+
| kind           | path                                                                                                                                                                                                                                      |
+----------------+-------------------------------------------------------------------------------------------------------------------------------------------------------------------------------------------------------------------------------------------+
| probe_raw_json | /tmp/ZKX_dev/results/stage08_table_rerun_hilbert2_47ebe13410d3/formal/20260810T032930Z_47ebe13410d3_stage08_b03_formal_8832000c/hilbert2_probe_raw.json                                                                                   |
| dtype_csv      | /tmp/ZKX_dev/results/stage08_table_rerun_hilbert2_47ebe13410d3/formal/20260810T032930Z_47ebe13410d3_stage08_b03_formal_8832000c/operator_dtype_evidence_hilbert2_fft_thrust_20260810T032930Z_47ebe13410d3_stage08_b03_formal_8832000c.csv |
| memory_csv     | /tmp/ZKX_dev/results/stage08_table_rerun_hilbert2_47ebe13410d3/formal/20260810T032930Z_47ebe13410d3_stage08_b03_formal_8832000c/operator_filtering_hilbert2_memory_trace_fft_thrust.csv                                                   |
| full_log       | /tmp/ZKX_dev/results/stage08_table_rerun_hilbert2_47ebe13410d3/formal/20260810T032930Z_47ebe13410d3_stage08_b03_formal_8832000c/operator_hilbert2_full.log                                                                                |
| report_json    | /tmp/ZKX_dev/results/stage08_table_rerun_hilbert2_47ebe13410d3/formal/20260810T032930Z_47ebe13410d3_stage08_b03_formal_8832000c/operator_hilbert2_report.json                                                                             |
| summary_txt    | /tmp/ZKX_dev/results/stage08_table_rerun_hilbert2_47ebe13410d3/formal/20260810T032930Z_47ebe13410d3_stage08_b03_formal_8832000c/operator_hilbert2_summary.txt                                                                             |
| main_csv       | /tmp/ZKX_dev/results/stage08_table_rerun_hilbert2_47ebe13410d3/formal/20260810T032930Z_47ebe13410d3_stage08_b03_formal_8832000c/operator_main_results_hilbert2_fft_thrust_20260810T032930Z_47ebe13410d3_stage08_b03_formal_8832000c.csv   |
| timing_csv     | /tmp/ZKX_dev/results/stage08_table_rerun_hilbert2_47ebe13410d3/formal/20260810T032930Z_47ebe13410d3_stage08_b03_formal_8832000c/operator_timing_samples_hilbert2_fft_thrust_20260810T032930Z_47ebe13410d3_stage08_b03_formal_8832000c.csv |
+----------------+-------------------------------------------------------------------------------------------------------------------------------------------------------------------------------------------------------------------------------------------+
