[stage08-b01] operator=general_gaussian entry=cpu:general_gaussian_typed_cpu gpu:general_gaussian_device
[stage08-b01] config=test_all/configs/operators/windows/general_gaussian/operator_scales.json config_sha256=5d6f2dd75b763122028b82c7fc144e476d8fa07150cda991f6306e7007f350ee
[stage08-b01] run_type=formal scale=general_gaussian_fp16_10e4 dtype=FP16 sym=true backend=not_applicable
[stage08-b01] dtype_semantics=actual_typed_scalar_inputs typed_input_count=2 actual_input_digest=a3fa2928708492c4632f8d6329124df3b70bb74fff8093b62f682ab5083868ae
[stage08-b01] timing_scope=compatibility/end-to-end warmup=20 measured=100
[stage08-b01] cpu_mean_ms=0.42056057000000002 gpu_mean_ms=0.31114703999999999 speedup=1.3516457363695313
[stage08-b01] mse=6.9879304845031007e-16 rmse=2.6434694029822061e-08 relative_l2=4.338441763749717e-08 relative_linf=1.136187538497426e-07
[stage08-b01] resources=available cuda_event_ms=0.33270800113677979
[stage08-b01] status=PASS error_code=OK
[stage08] identity and status
target           | scale_id                   | device | backend        | dtype | warmup | measured | timing_scope             | status | error_code
general_gaussian | general_gaussian_fp16_10e4 | CPU    | not_applicable | FP16  | 20     | 100      | compatibility/end-to-end | PASS   | OK        
general_gaussian | general_gaussian_fp16_10e4 | GPU    | not_applicable | FP16  | 20     | 100      | compatibility/end-to-end | PASS   | OK        

[stage08] timing detail
device | mean_ms             | p50_ms              | p95_ms              | p99_ms              | min_ms              | max_ms              | std_ms               | cv                   | speedup           
CPU    | 0.42056057000000002 | 0.41714400000000001 | 0.42680200000000001 | 0.43361472000000129 | 0.41489300000000001 | 0.68811599999999995 | 0.027052717496124111 | 0.064325377664682423 | NA                
GPU    | 0.31114703999999999 | 0.3074075           | 0.33680249999999989 | 0.36538170000000009 | 0.29421199999999997 | 0.37515300000000001 | 0.013373341401400026 | 0.042980776553105011 | 1.3516457363695313

[stage08] accuracy detail
accuracy_reference  | mse                    | rmse                   | relative_l2           | relative_linf         | exact_match | mismatch_count | semantic_check                                                                                 | status
cpu_typed_reference | 6.9879304845031007e-16 | 2.6434694029822061e-08 | 4.338441763749717e-08 | 1.136187538497426e-07 | NA          | NA             | finite_fp64_window_shape_power_width_and_symmetry_match_cpu:shape=[10000];finite=true;sym=true | PASS  

[stage08] resource detail
device | metric     | before_bytes | after_bytes | peak_bytes | delta_bytes
CPU    | cpu_heap   | 1566000      | 1569856     | 1648752    | 3856       
CPU    | rss        | 70918144     | 70918144    | 70918144   | 0          
GPU    | cpu_heap   | 1569856      | 1572784     | 1651920    | 2928       
GPU    | rss        | 70918144     | 70918144    | 70918144   | 0          
GPU    | gpu_memory | 341000192    | 341000192   | 341000192  | 0          

[stage08] input/output identity
device | input_digest                                                     | output_digest                                                   
CPU    | a3fa2928708492c4632f8d6329124df3b70bb74fff8093b62f682ab5083868ae | b059482b631d78b1c378be75075c9d431651642604f6af00e63de9fc53b9981b
GPU    | a3fa2928708492c4632f8d6329124df3b70bb74fff8093b62f682ab5083868ae | 7badf42253768acebb6f171d77aa48b092814f62e6546f2fb4be3a463c13eae9

[stage08] dtype evidence
requested_dtype | config_input_dtype | output_dtype | actual_input_digest                                              | status
FP16            | FP16               | FP64         | a3fa2928708492c4632f8d6329124df3b70bb74fff8093b62f682ab5083868ae | PASS  

[stage08] evidence files
kind        | path                                                                                                                                                                                                                                                         
main_csv    | /tmp/ZKX_dev/results/stage08_table_rerun_general_gaussian_47ebe13410d3/formal/20260810T031958Z_47ebe13410d3_stage08_b01_formal_8812000a/operator_main_results_general_gaussian_not_applicable_20260810T031958Z_47ebe13410d3_stage08_b01_formal_8812000a.csv  
timing_csv  | /tmp/ZKX_dev/results/stage08_table_rerun_general_gaussian_47ebe13410d3/formal/20260810T031958Z_47ebe13410d3_stage08_b01_formal_8812000a/operator_timing_samples_general_gaussian_not_applicable_20260810T031958Z_47ebe13410d3_stage08_b01_formal_8812000a.csv
memory_csv  | /tmp/ZKX_dev/results/stage08_table_rerun_general_gaussian_47ebe13410d3/formal/20260810T031958Z_47ebe13410d3_stage08_b01_formal_8812000a/operator_windows_general_gaussian_memory_trace_not_applicable.csv                                                    
dtype_csv   | /tmp/ZKX_dev/results/stage08_table_rerun_general_gaussian_47ebe13410d3/formal/20260810T031958Z_47ebe13410d3_stage08_b01_formal_8812000a/operator_dtype_evidence_general_gaussian_not_applicable_20260810T031958Z_47ebe13410d3_stage08_b01_formal_8812000a.csv
module_csv  | /tmp/ZKX_dev/results/stage08_table_rerun_general_gaussian_47ebe13410d3/formal/20260810T031958Z_47ebe13410d3_stage08_b01_formal_8812000a/windows_batch01_module_summary_not_applicable_20260810T031958Z_47ebe13410d3_stage08_b01_formal_8812000a.csv          
report_json | /tmp/ZKX_dev/results/stage08_table_rerun_general_gaussian_47ebe13410d3/formal/20260810T031958Z_47ebe13410d3_stage08_b01_formal_8812000a/operator_general_gaussian_report.json                                                                                
summary_txt | /tmp/ZKX_dev/results/stage08_table_rerun_general_gaussian_47ebe13410d3/formal/20260810T031958Z_47ebe13410d3_stage08_b01_formal_8812000a/operator_general_gaussian_summary.txt                                                                                
full_log    | /tmp/ZKX_dev/results/stage08_table_rerun_general_gaussian_47ebe13410d3/formal/20260810T031958Z_47ebe13410d3_stage08_b01_formal_8812000a/operator_general_gaussian_full.log                                                                                   
results_dir | /tmp/ZKX_dev/results/stage08_table_rerun_general_gaussian_47ebe13410d3/formal/20260810T031958Z_47ebe13410d3_stage08_b01_formal_8812000a                                                                                                                      
