command=build_stage08_b05_wiener_fd04f1143cb8/stage08_filtering_wiener --dtype FP16 --rank 1 --rows 100 --cols 1 --window-mode default --scalar-window 0 --w0 3 --w1 1 --noise-mode automatic --noise 0 --seed 85520001 --warmup 20 --measured 100 --output /tmp/ZKX_dev/results/stage08_input_preview_b05_wiener_652061b694fc/formal/20260810T084745Z_652061b694fc_stage08_b05_formal_85650003/wiener_probe_raw.json
{"run_id": "20260810T084745Z_652061b694fc_stage08_b05_formal_85650003", "case_id": "wiener__wiener_fp16_10e2__20e7fcbcdb2e56df", "operator_name": "wiener", "scale_id": "wiener_fp16_10e2", "requested_dtype": "FP16", "output_dtype": "FP64", "backend": "not_applicable", "rank": 1, "shape": [100], "window_mode": "default", "window_shape": [3], "noise_mode": "automatic", "warmup_runs": 20, "measured_runs": 100, "mse": 1.10142e-15, "rmse": 3.31876e-08, "relative_l2": 7.90963e-08, "relative_linf": 1.10312e-07, "status": "PASS", "error_code": "OK"}
[stage08] identity and status
+--------+------------------+--------+----------------+-------+--------+----------+--------------------------+--------+------------+
| target | scale_id         | device | backend        | dtype | warmup | measured | timing_scope             | status | error_code |
+--------+------------------+--------+----------------+-------+--------+----------+--------------------------+--------+------------+
| wiener | wiener_fp16_10e2 | CPU    | not_applicable | FP16  | 20     | 100      | compatibility/end-to-end | PASS   | OK         |
| wiener | wiener_fp16_10e2 | GPU    | not_applicable | FP16  | 20     | 100      | compatibility/end-to-end | PASS   | OK         |
+--------+------------------+--------+----------------+-------+--------+----------+--------------------------+--------+------------+

[stage08] timing detail
+--------+----------------------+-----------+-----------+----------------------+----------+----------+-----------------------+----------------------+---------------------+
| device | mean_ms              | p50_ms    | p95_ms    | p99_ms               | min_ms   | max_ms   | std_ms                | cv                   | speedup             |
+--------+----------------------+-----------+-----------+----------------------+----------+----------+-----------------------+----------------------+---------------------+
| CPU    | 0.049351070000000004 | 0.0492455 | 0.0494005 | 0.049638190000000054 | 0.04891  | 0.06025  | 0.0010999801475935825 | 0.022288881428377996 | NA                  |
| GPU    | 0.7826146900000001   | 0.773829  | 0.835027  | 0.857732             | 0.755414 | 0.880205 | 0.024425593268412128  | 0.031210241234306664 | 0.06305921755698196 |
+--------+----------------------+-----------+-----------+----------------------+----------+----------+-----------------------+----------------------+---------------------+

[stage08] accuracy detail
+---------------------------+-------------+-------------+-------------+---------------+-------------+----------------+---------------------------------------------+--------+
| accuracy_reference        | mse         | rmse        | relative_l2 | relative_linf | exact_match | mismatch_count | semantic_check                              | status |
+---------------------------+-------------+-------------+-------------+---------------+-------------+----------------+---------------------------------------------+--------+
| cpu_wiener_fp64_reference | 1.10142e-15 | 3.31876e-08 | 7.90963e-08 | 1.10312e-07   | NA          | NA             | input_dtype_square_fp32_compute_fp64_output | PASS   |
+---------------------------+-------------+-------------+-------------+---------------+-------------+----------------+---------------------------------------------+--------+

[stage08] resource detail
+--------+------------+--------------+-------------+------------+-------------+
| device | metric     | before_bytes | after_bytes | peak_bytes | delta_bytes |
+--------+------------+--------------+-------------+------------+-------------+
| CPU    | cpu_heap   | 1443616      | 1447984     | 1447984    | 4368        |
| CPU    | rss        | 70299648     | 70299648    | 70299648   | 0           |
| GPU    | cpu_heap   | 1447984      | 1451104     | 1451104    | 3120        |
| GPU    | rss        | 70299648     | 70299648    | 70299648   | 0           |
| GPU    | gpu_memory | 391544832    | 391544832   | 391544832  | 0           |
+--------+------------+--------------+-------------+------------+-------------+

[stage08] input/output identity
+--------+------------------------------------------------------------------+------------------------------------------------------------------+
| device | input_digest                                                     | output_digest                                                    |
+--------+------------------------------------------------------------------+------------------------------------------------------------------+
| CPU    | 20e7fcbcdb2e56dfef42904368de0f8692a68d7fca06a4b86dc7d65b9c6cae1f | 43efbe432234b898b8666448534655c98d5fe6ee205155cd14fa21dfcd32b60c |
| GPU    | 20e7fcbcdb2e56dfef42904368de0f8692a68d7fca06a4b86dc7d65b9c6cae1f | 1adb849e061a86b21df53d50fcc762dc8cbee4f981a48c3e01bb8cac94d4e667 |
+--------+------------------------------------------------------------------+------------------------------------------------------------------+

[stage08] input content
+------------+-------+-------+----------+-------------------------------------------------------------------+-------------------------------------------------------------------+
| input_name | shape | dtype | elements | generator                                                         | values(head4/tail2)                                               |
+------------+-------+-------+----------+-------------------------------------------------------------------+-------------------------------------------------------------------+
| x          | [100] | FP16  | 100      | wiener_modular_plus_periodic_offset(seed=85520001,integral=false) | i=0:0.25;i=1:-0.9375;i=2:0.625;i=3:-0.5625;i=98:-1.25;i=99:0.3125 |
+------------+-------+-------+----------+-------------------------------------------------------------------+-------------------------------------------------------------------+

[stage08] case parameters
+--------------------------------------------------------------------------------------------------------------------------------------------------------------------------+
| parameters                                                                                                                                                               |
+--------------------------------------------------------------------------------------------------------------------------------------------------------------------------+
| {"cols":"1","dtype":"FP16","noise":"0","noise-mode":"automatic","rank":"1","rows":"100","scalar-window":"0","seed":"85520001","w0":"3","w1":"1","window-mode":"default"} |
+--------------------------------------------------------------------------------------------------------------------------------------------------------------------------+

[stage08] dtype evidence
+-----------------+--------------------+--------------+------------------------------------------------------------------+--------+
| requested_dtype | config_input_dtype | output_dtype | actual_input_digest                                              | status |
+-----------------+--------------------+--------------+------------------------------------------------------------------+--------+
| FP16            | NA                 | FP64         | 20e7fcbcdb2e56dfef42904368de0f8692a68d7fca06a4b86dc7d65b9c6cae1f | PASS   |
+-----------------+--------------------+--------------+------------------------------------------------------------------+--------+

[stage08] evidence files
+----------------+-------------------------------------------------------------------------------------------------------------------------------------------------------------------------------------------------------------------------------------------------+
| kind           | path                                                                                                                                                                                                                                            |
+----------------+-------------------------------------------------------------------------------------------------------------------------------------------------------------------------------------------------------------------------------------------------+
| dtype_csv      | /tmp/ZKX_dev/results/stage08_input_preview_b05_wiener_652061b694fc/formal/20260810T084745Z_652061b694fc_stage08_b05_formal_85650003/operator_dtype_evidence_wiener_not_applicable_20260810T084745Z_652061b694fc_stage08_b05_formal_85650003.csv |
| memory_csv     | /tmp/ZKX_dev/results/stage08_input_preview_b05_wiener_652061b694fc/formal/20260810T084745Z_652061b694fc_stage08_b05_formal_85650003/operator_filtering_wiener_memory_trace_not_applicable.csv                                                   |
| main_csv       | /tmp/ZKX_dev/results/stage08_input_preview_b05_wiener_652061b694fc/formal/20260810T084745Z_652061b694fc_stage08_b05_formal_85650003/operator_main_results_wiener_not_applicable_20260810T084745Z_652061b694fc_stage08_b05_formal_85650003.csv   |
| timing_csv     | /tmp/ZKX_dev/results/stage08_input_preview_b05_wiener_652061b694fc/formal/20260810T084745Z_652061b694fc_stage08_b05_formal_85650003/operator_timing_samples_wiener_not_applicable_20260810T084745Z_652061b694fc_stage08_b05_formal_85650003.csv |
| full_log       | /tmp/ZKX_dev/results/stage08_input_preview_b05_wiener_652061b694fc/formal/20260810T084745Z_652061b694fc_stage08_b05_formal_85650003/operator_wiener_full.log                                                                                    |
| report_json    | /tmp/ZKX_dev/results/stage08_input_preview_b05_wiener_652061b694fc/formal/20260810T084745Z_652061b694fc_stage08_b05_formal_85650003/operator_wiener_report.json                                                                                 |
| summary_txt    | /tmp/ZKX_dev/results/stage08_input_preview_b05_wiener_652061b694fc/formal/20260810T084745Z_652061b694fc_stage08_b05_formal_85650003/operator_wiener_summary.txt                                                                                 |
| probe_raw_json | /tmp/ZKX_dev/results/stage08_input_preview_b05_wiener_652061b694fc/formal/20260810T084745Z_652061b694fc_stage08_b05_formal_85650003/wiener_probe_raw.json                                                                                       |
+----------------+-------------------------------------------------------------------------------------------------------------------------------------------------------------------------------------------------------------------------------------------------+
