[stage07] identity and status
+---------+------------------+--------+----------------+-------+--------+----------+--------------------------+--------+------------+
| target  | scale_id         | device | backend        | dtype | warmup | measured | timing_scope             | status | error_code |
+---------+------------------+--------+----------------+-------+--------+----------+--------------------------+--------+------------+
| ca_cfar | cacfar_int8_10e3 | CPU    | not_applicable | INT8  | 20     | 100      | compatibility/end-to-end | PASS   | OK         |
| ca_cfar | cacfar_int8_10e3 | GPU    | not_applicable | INT8  | 20     | 100      | compatibility/end-to-end | PASS   | OK         |
+---------+------------------+--------+----------------+-------+--------+----------+--------------------------+--------+------------+

[stage07] timing detail
+--------+------------+-----------+------------+---------------------+---------+----------+----------------------+---------------------+--------------------+
| device | mean_ms    | p50_ms    | p95_ms     | p99_ms              | min_ms  | max_ms   | std_ms               | cv                  | speedup            |
+--------+------------+-----------+------------+---------------------+---------+----------+----------------------+---------------------+--------------------+
| CPU    | 0.10515255 | 0.1044245 | 0.1047925  | 0.13026279000000002 | 0.10371 | 0.134499 | 0.004268897099661692 | 0.04059718094959839 | NA                 |
| GPU    | 0.37988256 | 0.3589945 | 0.42624905 | 0.5398962000000009  | 0.34567 | 0.726729 | 0.04689742398454738  | 0.12345242694096666 | 0.2768027834707653 |
+--------+------------+-----------+------------+---------------------+---------+----------+----------------------+---------------------+--------------------+

[stage07] accuracy detail
+---------------------+-----+------+-------------+---------------+-------------+----------------+---------------------------------+--------+
| reference           | mse | rmse | relative_l2 | relative_linf | exact_match | mismatch_count | semantic_check                  | status |
+---------------------+-----+------+-------------+---------------+-------------+----------------+---------------------------------+--------+
| typed_cpu_reference | 0   | 0    | 0           | 0             | true        | 0              | detection_binary_and_shape=true | PASS   |
+---------------------+-----+------+-------------+---------------+-------------+----------------+---------------------------------+--------+

[stage07] resource detail
+--------+------------+--------------+-------------+------------+-------------+
| device | metric     | before_bytes | after_bytes | peak_bytes | delta_bytes |
+--------+------------+--------------+-------------+------------+-------------+
| CPU    | cpu_heap   | 1440176      | 1439440     | 1442432    | -736        |
| CPU    | rss        | 69873664     | 69873664    | 69873664   | 0           |
| GPU    | cpu_heap   | 1439440      | 1442784     | 1442784    | 3344        |
| GPU    | rss        | 69873664     | 69873664    | 69873664   | 0           |
| GPU    | gpu_memory | 341000192    | 341000192   | 341000192  | 0           |
+--------+------------+--------------+-------------+------------+-------------+

[stage07] input content
+------------+---------+-------+----------+-------------------------------------+----------------------------------------------+
| input_name | shape   | dtype | elements | generator                           | values(head4/tail2)                          |
+------------+---------+-------+----------+-------------------------------------+----------------------------------------------+
| power      | [32x32] | INT8  | 1024     | real_modular(seed=23,integral=true) | i=0:-5;i=1:-7;i=2:-9;i=3:8;i=1022:3;i=1023:1 |
+------------+---------+-------+----------+-------------------------------------+----------------------------------------------+

[stage07] case parameters
+-----------------------------------------------------------+
| parameters                                                |
+-----------------------------------------------------------+
| {"guard_cells":[1,1],"pfa":0.001,"reference_cells":[4,4]} |
+-----------------------------------------------------------+

[stage07] input and output identity
+--------+------------------------------------------------------------------+------------------------------------------------------------------+
| device | input_digest                                                     | output_digest                                                    |
+--------+------------------------------------------------------------------+------------------------------------------------------------------+
| CPU    | d047a1c726078ec4ed877b5ba716fe4fe02053693ce092100a929807b7616873 | 7f55975252bfa43088c38ffa64f918bcec3ee63d329873c3b74bf19140eda22d |
| GPU    | d047a1c726078ec4ed877b5ba716fe4fe02053693ce092100a929807b7616873 | 7f55975252bfa43088c38ffa64f918bcec3ee63d329873c3b74bf19140eda22d |
+--------+------------------------------------------------------------------+------------------------------------------------------------------+

[stage07] dtype evidence
+-----------------+--------------------+--------------+------------------------------------------------------------------+
| requested_dtype | config_input_dtype | output_dtype | actual_input_digest                                              |
+-----------------+--------------------+--------------+------------------------------------------------------------------+
| INT8            | INT8               | FP32+BOOL    | d047a1c726078ec4ed877b5ba716fe4fe02053693ce092100a929807b7616873 |
+-----------------+--------------------+--------------+------------------------------------------------------------------+

[stage07] evidence files
+-------------+-------------------------------------------------------------------------------------------------------------------------------------------------------------------------------------------------------------------------------------------+
| kind        | path                                                                                                                                                                                                                                      |
+-------------+-------------------------------------------------------------------------------------------------------------------------------------------------------------------------------------------------------------------------------------------+
| main_csv    | /tmp/ZKX_dev/results/stage07_b01_input_preview_1662dd06774d/formal/20260810T081255Z_1662dd06774d_stage07_b01_formal_9b299815/operator_main_results_ca_cfar_not_applicable_20260810T081255Z_1662dd06774d_stage07_b01_formal_9b299815.csv   |
| timing_csv  | /tmp/ZKX_dev/results/stage07_b01_input_preview_1662dd06774d/formal/20260810T081255Z_1662dd06774d_stage07_b01_formal_9b299815/operator_timing_samples_ca_cfar_not_applicable_20260810T081255Z_1662dd06774d_stage07_b01_formal_9b299815.csv |
| memory_csv  | /tmp/ZKX_dev/results/stage07_b01_input_preview_1662dd06774d/formal/20260810T081255Z_1662dd06774d_stage07_b01_formal_9b299815/operator_radartools_ca_cfar_memory_trace_not_applicable.csv                                                  |
| dtype_csv   | /tmp/ZKX_dev/results/stage07_b01_input_preview_1662dd06774d/formal/20260810T081255Z_1662dd06774d_stage07_b01_formal_9b299815/operator_dtype_evidence_ca_cfar_not_applicable_20260810T081255Z_1662dd06774d_stage07_b01_formal_9b299815.csv |
| report_json | /tmp/ZKX_dev/results/stage07_b01_input_preview_1662dd06774d/formal/20260810T081255Z_1662dd06774d_stage07_b01_formal_9b299815/operator_ca_cfar_report.json                                                                                 |
| summary_txt | /tmp/ZKX_dev/results/stage07_b01_input_preview_1662dd06774d/formal/20260810T081255Z_1662dd06774d_stage07_b01_formal_9b299815/operator_ca_cfar_summary.txt                                                                                 |
| full_log    | /tmp/ZKX_dev/results/stage07_b01_input_preview_1662dd06774d/formal/20260810T081255Z_1662dd06774d_stage07_b01_formal_9b299815/operator_ca_cfar_full.log                                                                                    |
| result_dir  | /tmp/ZKX_dev/results/stage07_b01_input_preview_1662dd06774d/formal/20260810T081255Z_1662dd06774d_stage07_b01_formal_9b299815                                                                                                              |
+-------------+-------------------------------------------------------------------------------------------------------------------------------------------------------------------------------------------------------------------------------------------+
STAGE07_RADAR_CASE PASS operator=ca_cfar scale=cacfar_int8_10e3 dtype=INT8 backend=not_applicable measured=100 results=/tmp/ZKX_dev/results/stage07_b01_input_preview_1662dd06774d/formal/20260810T081255Z_1662dd06774d_stage07_b01_formal_9b299815
