[stage07] identity and status
+---------+-------------------+--------+----------------+-------+--------+----------+--------------------------+--------+------------+
| target  | scale_id          | device | backend        | dtype | warmup | measured | timing_scope             | status | error_code |
+---------+-------------------+--------+----------------+-------+--------+----------+--------------------------+--------+------------+
| ca_cfar | cacfar_int16_10e3 | CPU    | not_applicable | INT16 | 20     | 100      | compatibility/end-to-end | PASS   | OK         |
| ca_cfar | cacfar_int16_10e3 | GPU    | not_applicable | INT16 | 20     | 100      | compatibility/end-to-end | PASS   | OK         |
+---------+-------------------+--------+----------------+-------+--------+----------+--------------------------+--------+------------+

[stage07] timing detail
+--------+---------------------+----------+-----------+---------------------+--------+----------+-----------------------+---------------------+---------------------+
| device | mean_ms             | p50_ms   | p95_ms    | p99_ms              | min_ms | max_ms   | std_ms                | cv                  | speedup             |
+--------+---------------------+----------+-----------+---------------------+--------+----------+-----------------------+---------------------+---------------------+
| CPU    | 0.10401105          | 0.10379  | 0.104171  | 0.11173880000000001 | 0.1033 | 0.11558  | 0.0014445622338618712 | 0.01388854582144754 | NA                  |
| GPU    | 0.35752808999999997 | 0.353519 | 0.3891425 | 0.42534170000000004 | 0.3475 | 0.439469 | 0.014744739884511358  | 0.04124078721901644 | 0.29091714164333216 |
+--------+---------------------+----------+-----------+---------------------+--------+----------+-----------------------+---------------------+---------------------+

[stage07] accuracy detail
+---------------------+-----+------+-------------+---------------+-------------+----------------+---------------------------------+--------+
| reference           | mse | rmse | relative_l2 | relative_linf | exact_match | mismatch_count | semantic_check                  | status |
+---------------------+-----+------+-------------+---------------+-------------+----------------+---------------------------------+--------+
| typed_cpu_reference | 0   | 0    | 0           | 0             | true        | 0              | detection_binary_and_shape=true | PASS   |
+---------------------+-----+------+-------------+---------------+-------------+----------------+---------------------------------+--------+

[stage07] resource detail
+--------+------------+--------------+-------------+------------+-------------+
| device | metric     | before_bytes | after_bytes | peak_bytes | delta_bytes |
+--------+------------+--------------+-------------+------------+-------------+
| CPU    | cpu_heap   | 1441792      | 1443120     | 1446112    | 1328        |
| CPU    | rss        | 70283264     | 70594560    | 70594560   | 311296      |
| GPU    | cpu_heap   | 1443120      | 1446096     | 1446096    | 2976        |
| GPU    | rss        | 70594560     | 70594560    | 70594560   | 0           |
| GPU    | gpu_memory | 341000192    | 341000192   | 341000192  | 0           |
+--------+------------+--------------+-------------+------------+-------------+

[stage07] input content
+------------+---------+-------+----------+-------------------------------------+----------------------------------------------+
| input_name | shape   | dtype | elements | generator                           | values(head4/tail2)                          |
+------------+---------+-------+----------+-------------------------------------+----------------------------------------------+
| power      | [32x32] | INT16 | 1024     | real_modular(seed=23,integral=true) | i=0:-5;i=1:-7;i=2:-9;i=3:8;i=1022:3;i=1023:1 |
+------------+---------+-------+----------+-------------------------------------+----------------------------------------------+

[stage07] case parameters
+-----------------------------------------------------------+
| parameters                                                |
+-----------------------------------------------------------+
| {"guard_cells":[1,1],"pfa":0.001,"reference_cells":[4,4]} |
+-----------------------------------------------------------+

[stage07] input and output identity
+--------+------------------------------------------------------------------+------------------------------------------------------------------+
| device | input_digest                                                     | output_digest                                                    |
+--------+------------------------------------------------------------------+------------------------------------------------------------------+
| CPU    | 1bab4e692dc7af99664e969d0c046f4464b8450958fc4631678bdd4f21984ee1 | 7f55975252bfa43088c38ffa64f918bcec3ee63d329873c3b74bf19140eda22d |
| GPU    | 1bab4e692dc7af99664e969d0c046f4464b8450958fc4631678bdd4f21984ee1 | 7f55975252bfa43088c38ffa64f918bcec3ee63d329873c3b74bf19140eda22d |
+--------+------------------------------------------------------------------+------------------------------------------------------------------+

[stage07] dtype evidence
+-----------------+--------------------+--------------+------------------------------------------------------------------+
| requested_dtype | config_input_dtype | output_dtype | actual_input_digest                                              |
+-----------------+--------------------+--------------+------------------------------------------------------------------+
| INT16           | INT16              | FP32+BOOL    | 1bab4e692dc7af99664e969d0c046f4464b8450958fc4631678bdd4f21984ee1 |
+-----------------+--------------------+--------------+------------------------------------------------------------------+

[stage07] evidence files
+-------------+-------------------------------------------------------------------------------------------------------------------------------------------------------------------------------------------------------------------------------------------+
| kind        | path                                                                                                                                                                                                                                      |
+-------------+-------------------------------------------------------------------------------------------------------------------------------------------------------------------------------------------------------------------------------------------+
| main_csv    | /tmp/ZKX_dev/results/stage07_b01_input_preview_1662dd06774d/formal/20260810T081254Z_1662dd06774d_stage07_b01_formal_18a0df11/operator_main_results_ca_cfar_not_applicable_20260810T081254Z_1662dd06774d_stage07_b01_formal_18a0df11.csv   |
| timing_csv  | /tmp/ZKX_dev/results/stage07_b01_input_preview_1662dd06774d/formal/20260810T081254Z_1662dd06774d_stage07_b01_formal_18a0df11/operator_timing_samples_ca_cfar_not_applicable_20260810T081254Z_1662dd06774d_stage07_b01_formal_18a0df11.csv |
| memory_csv  | /tmp/ZKX_dev/results/stage07_b01_input_preview_1662dd06774d/formal/20260810T081254Z_1662dd06774d_stage07_b01_formal_18a0df11/operator_radartools_ca_cfar_memory_trace_not_applicable.csv                                                  |
| dtype_csv   | /tmp/ZKX_dev/results/stage07_b01_input_preview_1662dd06774d/formal/20260810T081254Z_1662dd06774d_stage07_b01_formal_18a0df11/operator_dtype_evidence_ca_cfar_not_applicable_20260810T081254Z_1662dd06774d_stage07_b01_formal_18a0df11.csv |
| report_json | /tmp/ZKX_dev/results/stage07_b01_input_preview_1662dd06774d/formal/20260810T081254Z_1662dd06774d_stage07_b01_formal_18a0df11/operator_ca_cfar_report.json                                                                                 |
| summary_txt | /tmp/ZKX_dev/results/stage07_b01_input_preview_1662dd06774d/formal/20260810T081254Z_1662dd06774d_stage07_b01_formal_18a0df11/operator_ca_cfar_summary.txt                                                                                 |
| full_log    | /tmp/ZKX_dev/results/stage07_b01_input_preview_1662dd06774d/formal/20260810T081254Z_1662dd06774d_stage07_b01_formal_18a0df11/operator_ca_cfar_full.log                                                                                    |
| result_dir  | /tmp/ZKX_dev/results/stage07_b01_input_preview_1662dd06774d/formal/20260810T081254Z_1662dd06774d_stage07_b01_formal_18a0df11                                                                                                              |
+-------------+-------------------------------------------------------------------------------------------------------------------------------------------------------------------------------------------------------------------------------------------+
STAGE07_RADAR_CASE PASS operator=ca_cfar scale=cacfar_int16_10e3 dtype=INT16 backend=not_applicable measured=100 results=/tmp/ZKX_dev/results/stage07_b01_input_preview_1662dd06774d/formal/20260810T081254Z_1662dd06774d_stage07_b01_formal_18a0df11
