[stage07] identity and status
+---------+-------------------+--------+----------------+-------+--------+----------+--------------------------+--------+------------+
| target  | scale_id          | device | backend        | dtype | warmup | measured | timing_scope             | status | error_code |
+---------+-------------------+--------+----------------+-------+--------+----------+--------------------------+--------+------------+
| ca_cfar | cacfar_int32_10e4 | CPU    | not_applicable | INT32 | 20     | 100      | compatibility/end-to-end | PASS   | OK         |
| ca_cfar | cacfar_int32_10e4 | GPU    | not_applicable | INT32 | 20     | 100      | compatibility/end-to-end | PASS   | OK         |
+---------+-------------------+--------+----------------+-------+--------+----------+--------------------------+--------+------------+

[stage07] timing detail
+--------+------------+--------------------+------------+--------------------+----------+----------+----------------------+----------------------+--------------------+
| device | mean_ms    | p50_ms             | p95_ms     | p99_ms             | min_ms   | max_ms   | std_ms               | cv                   | speedup            |
+--------+------------+--------------------+------------+--------------------+----------+----------+----------------------+----------------------+--------------------+
| CPU    | 1.95585651 | 1.954157           | 1.973851   | 1.9924945100000002 | 1.939767 | 2.045708 | 0.013068776660035928 | 0.006681868835069055 | NA                 |
| GPU    | 0.82272622 | 0.8124385000000001 | 0.85468545 | 0.9238741100000011 | 0.794368 | 1.150199 | 0.03960283762120588  | 0.04813610732037431  | 2.3772871976779837 |
+--------+------------+--------------------+------------+--------------------+----------+----------+----------------------+----------------------+--------------------+

[stage07] accuracy detail
+---------------------+-----+------+-------------+---------------+-------------+----------------+---------------------------------+--------+
| reference           | mse | rmse | relative_l2 | relative_linf | exact_match | mismatch_count | semantic_check                  | status |
+---------------------+-----+------+-------------+---------------+-------------+----------------+---------------------------------+--------+
| typed_cpu_reference | 0   | 0    | 0           | 0             | true        | 0              | detection_binary_and_shape=true | PASS   |
+---------------------+-----+------+-------------+---------------+-------------+----------------+---------------------------------+--------+

[stage07] resource detail
+--------+------------+--------------+-------------+------------+-------------+
| device | metric     | before_bytes | after_bytes | peak_bytes | delta_bytes |
+--------+------------+--------------+-------------+------------+-------------+
| CPU    | cpu_heap   | 1789296      | 1776272     | 1857104    | -13024      |
| CPU    | rss        | 71016448     | 71131136    | 71147520   | 114688      |
| GPU    | cpu_heap   | 1776272      | 1779456     | 1779456    | 3184        |
| GPU    | rss        | 71131136     | 71131136    | 71131136   | 0           |
| GPU    | gpu_memory | 341000192    | 341000192   | 341000192  | 0           |
+--------+------------+--------------+-------------+------------+-------------+

[stage07] input content
+------------+-----------+-------+----------+-------------------------------------+------------------------------------------------+
| input_name | shape     | dtype | elements | generator                           | values(head4/tail2)                            |
+------------+-----------+-------+----------+-------------------------------------+------------------------------------------------+
| power      | [128x128] | INT32 | 16384    | real_modular(seed=23,integral=true) | i=0:-5;i=1:-7;i=2:-9;i=3:8;i=16382:6;i=16383:4 |
+------------+-----------+-------+----------+-------------------------------------+------------------------------------------------+

[stage07] case parameters
+-----------------------------------------------------------+
| parameters                                                |
+-----------------------------------------------------------+
| {"guard_cells":[1,1],"pfa":0.001,"reference_cells":[4,4]} |
+-----------------------------------------------------------+

[stage07] input and output identity
+--------+------------------------------------------------------------------+------------------------------------------------------------------+
| device | input_digest                                                     | output_digest                                                    |
+--------+------------------------------------------------------------------+------------------------------------------------------------------+
| CPU    | 665d80f2775b3ae5a46884258d69fcf060d0faf9798d16e0121097592d35f18f | 640f0a1829808570d49b176430c1ec07c24860cdabc0b5814eaaaa0e2fa1e163 |
| GPU    | 665d80f2775b3ae5a46884258d69fcf060d0faf9798d16e0121097592d35f18f | 640f0a1829808570d49b176430c1ec07c24860cdabc0b5814eaaaa0e2fa1e163 |
+--------+------------------------------------------------------------------+------------------------------------------------------------------+

[stage07] dtype evidence
+-----------------+--------------------+--------------+------------------------------------------------------------------+
| requested_dtype | config_input_dtype | output_dtype | actual_input_digest                                              |
+-----------------+--------------------+--------------+------------------------------------------------------------------+
| INT32           | INT32              | FP32+BOOL    | 665d80f2775b3ae5a46884258d69fcf060d0faf9798d16e0121097592d35f18f |
+-----------------+--------------------+--------------+------------------------------------------------------------------+

[stage07] evidence files
+-------------+-------------------------------------------------------------------------------------------------------------------------------------------------------------------------------------------------------------------------------------------+
| kind        | path                                                                                                                                                                                                                                      |
+-------------+-------------------------------------------------------------------------------------------------------------------------------------------------------------------------------------------------------------------------------------------+
| main_csv    | /tmp/ZKX_dev/results/stage07_b01_input_preview_1662dd06774d/formal/20260810T081254Z_1662dd06774d_stage07_b01_formal_3a2ddbaf/operator_main_results_ca_cfar_not_applicable_20260810T081254Z_1662dd06774d_stage07_b01_formal_3a2ddbaf.csv   |
| timing_csv  | /tmp/ZKX_dev/results/stage07_b01_input_preview_1662dd06774d/formal/20260810T081254Z_1662dd06774d_stage07_b01_formal_3a2ddbaf/operator_timing_samples_ca_cfar_not_applicable_20260810T081254Z_1662dd06774d_stage07_b01_formal_3a2ddbaf.csv |
| memory_csv  | /tmp/ZKX_dev/results/stage07_b01_input_preview_1662dd06774d/formal/20260810T081254Z_1662dd06774d_stage07_b01_formal_3a2ddbaf/operator_radartools_ca_cfar_memory_trace_not_applicable.csv                                                  |
| dtype_csv   | /tmp/ZKX_dev/results/stage07_b01_input_preview_1662dd06774d/formal/20260810T081254Z_1662dd06774d_stage07_b01_formal_3a2ddbaf/operator_dtype_evidence_ca_cfar_not_applicable_20260810T081254Z_1662dd06774d_stage07_b01_formal_3a2ddbaf.csv |
| report_json | /tmp/ZKX_dev/results/stage07_b01_input_preview_1662dd06774d/formal/20260810T081254Z_1662dd06774d_stage07_b01_formal_3a2ddbaf/operator_ca_cfar_report.json                                                                                 |
| summary_txt | /tmp/ZKX_dev/results/stage07_b01_input_preview_1662dd06774d/formal/20260810T081254Z_1662dd06774d_stage07_b01_formal_3a2ddbaf/operator_ca_cfar_summary.txt                                                                                 |
| full_log    | /tmp/ZKX_dev/results/stage07_b01_input_preview_1662dd06774d/formal/20260810T081254Z_1662dd06774d_stage07_b01_formal_3a2ddbaf/operator_ca_cfar_full.log                                                                                    |
| result_dir  | /tmp/ZKX_dev/results/stage07_b01_input_preview_1662dd06774d/formal/20260810T081254Z_1662dd06774d_stage07_b01_formal_3a2ddbaf                                                                                                              |
+-------------+-------------------------------------------------------------------------------------------------------------------------------------------------------------------------------------------------------------------------------------------+
STAGE07_RADAR_CASE PASS operator=ca_cfar scale=cacfar_int32_10e4 dtype=INT32 backend=not_applicable measured=100 results=/tmp/ZKX_dev/results/stage07_b01_input_preview_1662dd06774d/formal/20260810T081254Z_1662dd06774d_stage07_b01_formal_3a2ddbaf
