command=build_stage08_b06_csd_336d860e7e54/stage08_spectral_analysis_csd --dtype INT16 --nx 10000 --ny 9000 --fs 1000 --nperseg 128 --noverlap 64 --nfft 128 --detrend constant --scaling density --average median --seed 86140003 --warmup 20 --measured 100 --output /tmp/ZKX_dev/results/stage08_input_preview_b06_csd_9b01dadd36f6/formal/20260810T085559Z_9b01dadd36f6_stage08_b06_formal_8671000b/csd_probe_raw.json
{"run_id": "20260810T085559Z_9b01dadd36f6_stage08_b06_formal_8671000b", "case_id": "csd__csd_int16_10e4__cea84ec1e33c8b31", "operator_name": "csd", "scale_id": "csd_int16_10e4", "requested_dtype": "INT16", "output_dtype": "ComplexFP32", "backend": "fft_thrust", "nperseg": 128, "noverlap": 64, "nfft": 128, "detrend": "constant", "scaling": "density", "average": "median", "frequency_count": 65, "warmup_runs": 20, "measured_runs": 100, "mse": 4.13556e-17, "rmse": 6.43083e-09, "relative_l2": 3.84352e-11, "relative_linf": 1.19209e-10, "status": "PASS", "error_code": "OK"}
[stage08] identity and status
+--------+----------------+--------+------------+-------+--------+----------+--------------------------+--------+------------+
| target | scale_id       | device | backend    | dtype | warmup | measured | timing_scope             | status | error_code |
+--------+----------------+--------+------------+-------+--------+----------+--------------------------+--------+------------+
| csd    | csd_int16_10e4 | CPU    | fft_thrust | INT16 | 20     | 100      | compatibility/end-to-end | PASS   | OK         |
| csd    | csd_int16_10e4 | GPU    | fft_thrust | INT16 | 20     | 100      | compatibility/end-to-end | PASS   | OK         |
+--------+----------------+--------+------------+-------+--------+----------+--------------------------+--------+------------+

[stage08] timing detail
+--------+--------------+-------------+--------------------+--------------------+------------+------------+----------------------+-----------------------+-------------------+
| device | mean_ms      | p50_ms      | p95_ms             | p99_ms             | min_ms     | max_ms     | std_ms               | cv                    | speedup           |
+--------+--------------+-------------+--------------------+--------------------+------------+------------+----------------------+-----------------------+-------------------+
| CPU    | 104.74002375 | 104.7027875 | 104.95931350000001 | 105.50836824000001 | 104.478826 | 106.214856 | 0.21462236764663548  | 0.0020490960376227285 | NA                |
| GPU    | 2.35468526   | 2.346853    | 2.4080955000000004 | 2.4261946          | 2.316642   | 2.462983   | 0.025656031325058844 | 0.010895737006082436  | 44.48153879809822 |
+--------+--------------+-------------+--------------------+--------------------+------------+------------+----------------------+-----------------------+-------------------+

[stage08] accuracy detail
+--------------------+-------------+-------------+-------------+---------------+-------------+----------------+----------------------------------------------+--------+
| accuracy_reference | mse         | rmse        | relative_l2 | relative_linf | exact_match | mismatch_count | semantic_check                               | status |
+--------------------+-------------+-------------+-------------+---------------+-------------+----------------+----------------------------------------------+--------+
| cpu_csd_direct_dft | 4.13556e-17 | 6.43083e-09 | 3.84352e-11 | 1.19209e-10   | NA          | NA             | segmented_cross_spectrum_frequency_and_dtype | PASS   |
+--------------------+-------------+-------------+-------------+---------------+-------------+----------------+----------------------------------------------+--------+

[stage08] resource detail
+--------+------------+--------------+-------------+------------+-------------+
| device | metric     | before_bytes | after_bytes | peak_bytes | delta_bytes |
+--------+------------+--------------+-------------+------------+-------------+
| CPU    | cpu_heap   | 1626192      | 1670464     | 1670464    | 44272       |
| CPU    | rss        | 70254592     | 70815744    | 70815744   | 561152      |
| GPU    | cpu_heap   | 1670560      | 1674912     | 1676016    | 4352        |
| GPU    | rss        | 70815744     | 70815744    | 70815744   | 0           |
| GPU    | gpu_memory | 357777408    | 357777408   | 357777408  | 0           |
+--------+------------+--------------+-------------+------------+-------------+

[stage08] input/output identity
+--------+------------------------------------------------------------------+------------------------------------------------------------------+
| device | input_digest                                                     | output_digest                                                    |
+--------+------------------------------------------------------------------+------------------------------------------------------------------+
| CPU    | cea84ec1e33c8b312c55212150a9e5ffd6e6810fd34e0d03605d541ce0ad96fc | cac54c022043fe3f2b865a46823e0f3a0d77b3115e400c9b8ecf5c6e0079be15 |
| GPU    | cea84ec1e33c8b312c55212150a9e5ffd6e6810fd34e0d03605d541ce0ad96fc | 7c18f7f86df93318c52b76d656eea390554e2f6742aed39755a8e10bf32aef31 |
+--------+------------------------------------------------------------------+------------------------------------------------------------------+

[stage08] input content
+------------+---------+-------+----------+--------------------------------------------------------------------+----------------------------------------------+
| input_name | shape   | dtype | elements | generator                                                          | values(head4/tail2)                          |
+------------+---------+-------+----------+--------------------------------------------------------------------+----------------------------------------------+
| x          | [10000] | INT16 | 10000    | spectral_modular_plus_periodic_offset(seed=86140003,integral=true) | i=0:-1;i=1:5;i=2:0;i=3:-5;i=9998:4;i=9999:-1 |
| y          | [9000]  | INT16 | 9000     | spectral_modular_plus_periodic_offset(seed=86140004,integral=true) | i=0:0;i=1:-5;i=2:1;i=3:-4;i=8998:0;i=8999:-5 |
+------------+---------+-------+----------+--------------------------------------------------------------------+----------------------------------------------+

[stage08] case parameters
+-----------------------------------------------------------------------------------------------------------------------------------------------------------------------------------+
| parameters                                                                                                                                                                        |
+-----------------------------------------------------------------------------------------------------------------------------------------------------------------------------------+
| {"average":"median","detrend":"constant","dtype":"INT16","fs":"1000","nfft":"128","noverlap":"64","nperseg":"128","nx":"10000","ny":"9000","scaling":"density","seed":"86140003"} |
+-----------------------------------------------------------------------------------------------------------------------------------------------------------------------------------+

[stage08] dtype evidence
+-----------------+--------------------+--------------+------------------------------------------------------------------+--------+
| requested_dtype | config_input_dtype | output_dtype | actual_input_digest                                              | status |
+-----------------+--------------------+--------------+------------------------------------------------------------------+--------+
| INT16           | NA                 | ComplexFP32  | cea84ec1e33c8b312c55212150a9e5ffd6e6810fd34e0d03605d541ce0ad96fc | PASS   |
+-----------------+--------------------+--------------+------------------------------------------------------------------+--------+

[stage08] evidence files
+----------------+---------------------------------------------------------------------------------------------------------------------------------------------------------------------------------------------------------------------------------------+
| kind           | path                                                                                                                                                                                                                                  |
+----------------+---------------------------------------------------------------------------------------------------------------------------------------------------------------------------------------------------------------------------------------+
| probe_raw_json | /tmp/ZKX_dev/results/stage08_input_preview_b06_csd_9b01dadd36f6/formal/20260810T085559Z_9b01dadd36f6_stage08_b06_formal_8671000b/csd_probe_raw.json                                                                                   |
| full_log       | /tmp/ZKX_dev/results/stage08_input_preview_b06_csd_9b01dadd36f6/formal/20260810T085559Z_9b01dadd36f6_stage08_b06_formal_8671000b/operator_csd_full.log                                                                                |
| report_json    | /tmp/ZKX_dev/results/stage08_input_preview_b06_csd_9b01dadd36f6/formal/20260810T085559Z_9b01dadd36f6_stage08_b06_formal_8671000b/operator_csd_report.json                                                                             |
| summary_txt    | /tmp/ZKX_dev/results/stage08_input_preview_b06_csd_9b01dadd36f6/formal/20260810T085559Z_9b01dadd36f6_stage08_b06_formal_8671000b/operator_csd_summary.txt                                                                             |
| dtype_csv      | /tmp/ZKX_dev/results/stage08_input_preview_b06_csd_9b01dadd36f6/formal/20260810T085559Z_9b01dadd36f6_stage08_b06_formal_8671000b/operator_dtype_evidence_csd_fft_thrust_20260810T085559Z_9b01dadd36f6_stage08_b06_formal_8671000b.csv |
| main_csv       | /tmp/ZKX_dev/results/stage08_input_preview_b06_csd_9b01dadd36f6/formal/20260810T085559Z_9b01dadd36f6_stage08_b06_formal_8671000b/operator_main_results_csd_fft_thrust_20260810T085559Z_9b01dadd36f6_stage08_b06_formal_8671000b.csv   |
| memory_csv     | /tmp/ZKX_dev/results/stage08_input_preview_b06_csd_9b01dadd36f6/formal/20260810T085559Z_9b01dadd36f6_stage08_b06_formal_8671000b/operator_spectral_analysis_csd_memory_trace_fft_thrust.csv                                           |
| timing_csv     | /tmp/ZKX_dev/results/stage08_input_preview_b06_csd_9b01dadd36f6/formal/20260810T085559Z_9b01dadd36f6_stage08_b06_formal_8671000b/operator_timing_samples_csd_fft_thrust_20260810T085559Z_9b01dadd36f6_stage08_b06_formal_8671000b.csv |
+----------------+---------------------------------------------------------------------------------------------------------------------------------------------------------------------------------------------------------------------------------------+
