command=build_stage08_b03_hilbert2_0b2008e7f76a/stage08_filtering_hilbert2 --dtype INT32 --rows 100 --cols 100 --seed 83230003 --warmup 20 --measured 100 --output /tmp/ZKX_dev/results/stage08_table_rerun_hilbert2_47ebe13410d3/formal/20260810T032751Z_47ebe13410d3_stage08_b03_formal_88320008/hilbert2_probe_raw.json
STAGE08_HILBERT2_PROBE PASS dtype=INT32 shape=100x100 backend=fft_thrust
{"actual_input_digest": "fc2b53acda3b5186aa6c7b1c00d491de58c9fa26bcbc37d377d4cc6cd0f5b355", "backend": "fft_thrust", "case_id": "hilbert2__hilbert2_int32_10e4__fc2b53acda3b5186", "compute_dtype": "FP32", "dtype_semantics": "actual_typed_array_input_fp32_fft2d_extension", "error_code": "OK", "fft_dtype": "ComplexFP32", "measured_runs": 100, "metrics": {"mse": 4.703672532495383e-11, "relative_l2": 4.2484917916423035e-07, "relative_linf": 8.994644022733674e-07, "rmse": 6.858332546979173e-06}, "operator_name": "hilbert2", "output_dtype": "ComplexFP64", "requested_dtype": "INT32", "run_id": "20260810T032751Z_47ebe13410d3_stage08_b03_formal_88320008", "scale_id": "hilbert2_int32_10e4", "schema_version": 1, "status": "PASS", "typed_input_count": 1, "typed_input_names": "x", "warmup_runs": 20}
[stage08] identity and status
+----------+---------------------+--------+------------+-------+--------+----------+--------------------------+--------+------------+
| target   | scale_id            | device | backend    | dtype | warmup | measured | timing_scope             | status | error_code |
+----------+---------------------+--------+------------+-------+--------+----------+--------------------------+--------+------------+
| hilbert2 | hilbert2_int32_10e4 | CPU    | fft_thrust | INT32 | 20     | 100      | compatibility/end-to-end | PASS   | OK         |
| hilbert2 | hilbert2_int32_10e4 | GPU    | fft_thrust | INT32 | 20     | 100      | compatibility/end-to-end | PASS   | OK         |
+----------+---------------------+--------+------------+-------+--------+----------+--------------------------+--------+------------+

[stage08] timing detail
+--------+--------------------+--------------------+--------------------+--------------------+--------------------+--------------------+---------------------+-----------------------+---------------------+
| device | mean_ms            | p50_ms             | p95_ms             | p99_ms             | min_ms             | max_ms             | std_ms              | cv                    | speedup             |
+--------+--------------------+--------------------+--------------------+--------------------+--------------------+--------------------+---------------------+-----------------------+---------------------+
| CPU    | 85.506313390000003 | 85.446239500000004 | 85.699137149999999 | 86.713525140000002 | 85.368606          | 86.831942999999995 | 0.22744258673682421 | 0.0026599508003513541 | NA                  |
| GPU    | 308.13419032999997 | 305.72040900000002 | 317.51421484999997 | 349.83356507000042 | 301.24956300000002 | 441.340262         | 14.769101998483533  | 0.047930747258739408  | 0.27749699992209886 |
+--------+--------------------+--------------------+--------------------+--------------------+--------------------+--------------------+---------------------+-----------------------+---------------------+

[stage08] accuracy detail
+-------------------------------+------------------------+------------------------+------------------------+------------------------+-------------+----------------+-----------------------------------------------------------------------------------------------------------+--------+
| accuracy_reference            | mse                    | rmse                   | relative_l2            | relative_linf          | exact_match | mismatch_count | semantic_check                                                                                            | status |
+-------------------------------+------------------------+------------------------+------------------------+------------------------+-------------+----------------+-----------------------------------------------------------------------------------------------------------+--------+
| cpu_typed_double_direct_dft2d | 4.7036725324953829e-11 | 6.8583325469791728e-06 | 4.2484917916423035e-07 | 8.9946440227336735e-07 | NA          | NA             | finite_analytic_signal_shape_and_output_dtype_match_cpu:shape=[100, 100];fft_shape=[100, 100];finite=true | PASS   |
+-------------------------------+------------------------+------------------------+------------------------+------------------------+-------------+----------------+-----------------------------------------------------------------------------------------------------------+--------+

[stage08] resource detail
+--------+------------+--------------+-------------+------------+-------------+
| device | metric     | before_bytes | after_bytes | peak_bytes | delta_bytes |
+--------+------------+--------------+-------------+------------+-------------+
| CPU    | cpu_heap   | 2292272      | 2335088     | 2493984    | 42816       |
| CPU    | rss        | 72429568     | 72400896    | 72884224   | -28672      |
| GPU    | cpu_heap   | 2335088      | 2337488     | 2337488    | 2400        |
| GPU    | rss        | 72400896     | 72400896    | 72400896   | 0           |
| GPU    | gpu_memory | 341000192    | 341000192   | 341000192  | 0           |
+--------+------------+--------------+-------------+------------+-------------+

[stage08] input/output identity
+--------+------------------------------------------------------------------+------------------------------------------------------------------+
| device | input_digest                                                     | output_digest                                                    |
+--------+------------------------------------------------------------------+------------------------------------------------------------------+
| CPU    | fc2b53acda3b5186aa6c7b1c00d491de58c9fa26bcbc37d377d4cc6cd0f5b355 | 35c1b8a792220dba2195921e73f67027ea574a91ae9116d946b8baca541409a9 |
| GPU    | fc2b53acda3b5186aa6c7b1c00d491de58c9fa26bcbc37d377d4cc6cd0f5b355 | 29eac54676a898d2da32c1c3eddf5fc98000f376f282c52b99a4f27269818bb9 |
+--------+------------------------------------------------------------------+------------------------------------------------------------------+

[stage08] dtype evidence
+-----------------+--------------------+--------------+------------------------------------------------------------------+--------+
| requested_dtype | config_input_dtype | output_dtype | actual_input_digest                                              | status |
+-----------------+--------------------+--------------+------------------------------------------------------------------+--------+
| INT32           | NA                 | ComplexFP64  | fc2b53acda3b5186aa6c7b1c00d491de58c9fa26bcbc37d377d4cc6cd0f5b355 | PASS   |
+-----------------+--------------------+--------------+------------------------------------------------------------------+--------+

[stage08] evidence files
+----------------+-------------------------------------------------------------------------------------------------------------------------------------------------------------------------------------------------------------------------------------------+
| kind           | path                                                                                                                                                                                                                                      |
+----------------+-------------------------------------------------------------------------------------------------------------------------------------------------------------------------------------------------------------------------------------------+
| probe_raw_json | /tmp/ZKX_dev/results/stage08_table_rerun_hilbert2_47ebe13410d3/formal/20260810T032751Z_47ebe13410d3_stage08_b03_formal_88320008/hilbert2_probe_raw.json                                                                                   |
| dtype_csv      | /tmp/ZKX_dev/results/stage08_table_rerun_hilbert2_47ebe13410d3/formal/20260810T032751Z_47ebe13410d3_stage08_b03_formal_88320008/operator_dtype_evidence_hilbert2_fft_thrust_20260810T032751Z_47ebe13410d3_stage08_b03_formal_88320008.csv |
| memory_csv     | /tmp/ZKX_dev/results/stage08_table_rerun_hilbert2_47ebe13410d3/formal/20260810T032751Z_47ebe13410d3_stage08_b03_formal_88320008/operator_filtering_hilbert2_memory_trace_fft_thrust.csv                                                   |
| full_log       | /tmp/ZKX_dev/results/stage08_table_rerun_hilbert2_47ebe13410d3/formal/20260810T032751Z_47ebe13410d3_stage08_b03_formal_88320008/operator_hilbert2_full.log                                                                                |
| report_json    | /tmp/ZKX_dev/results/stage08_table_rerun_hilbert2_47ebe13410d3/formal/20260810T032751Z_47ebe13410d3_stage08_b03_formal_88320008/operator_hilbert2_report.json                                                                             |
| summary_txt    | /tmp/ZKX_dev/results/stage08_table_rerun_hilbert2_47ebe13410d3/formal/20260810T032751Z_47ebe13410d3_stage08_b03_formal_88320008/operator_hilbert2_summary.txt                                                                             |
| main_csv       | /tmp/ZKX_dev/results/stage08_table_rerun_hilbert2_47ebe13410d3/formal/20260810T032751Z_47ebe13410d3_stage08_b03_formal_88320008/operator_main_results_hilbert2_fft_thrust_20260810T032751Z_47ebe13410d3_stage08_b03_formal_88320008.csv   |
| timing_csv     | /tmp/ZKX_dev/results/stage08_table_rerun_hilbert2_47ebe13410d3/formal/20260810T032751Z_47ebe13410d3_stage08_b03_formal_88320008/operator_timing_samples_hilbert2_fft_thrust_20260810T032751Z_47ebe13410d3_stage08_b03_formal_88320008.csv |
+----------------+-------------------------------------------------------------------------------------------------------------------------------------------------------------------------------------------------------------------------------------------+
