command=build_stage08_b06_istft_365e0a0ca281/stage08_spectral_analysis_istft --dtype INT16 --bins 32 --frames 32 --fs 256 --nperseg 32 --noverlap 16 --nfft 32 --onesided false --boundary false --seed 86240002 --warmup 20 --measured 100 --output /tmp/ZKX_dev/results/stage08_input_preview_b06_istft_9b01dadd36f6/formal/20260810T085716Z_9b01dadd36f6_stage08_b06_formal_8672000a/istft_probe_raw.json
{"run_id": "20260810T085716Z_9b01dadd36f6_stage08_b06_formal_8672000a", "case_id": "istft__istft_int16_10e3__9f4c1544ea2449af", "operator_name": "istft", "scale_id": "istft_int16_10e3", "requested_dtype": "INT16", "output_dtype": "FP32", "backend": "fft_thrust", "frequency_count": 32, "time_count": 32, "nperseg": 32, "noverlap": 16, "nfft": 32, "input_onesided": false, "boundary": false, "output_length": 528, "warmup_runs": 20, "measured_runs": 100, "mse": 2.16136e-10, "rmse": 1.47016e-05, "relative_l2": 1.11734e-06, "relative_linf": 1.76441e-06, "status": "PASS", "error_code": "OK"}
[stage08] identity and status
+--------+------------------+--------+------------+-------+--------+----------+--------------------------+--------+------------+
| target | scale_id         | device | backend    | dtype | warmup | measured | timing_scope             | status | error_code |
+--------+------------------+--------+------------+-------+--------+----------+--------------------------+--------+------------+
| istft  | istft_int16_10e3 | CPU    | fft_thrust | INT16 | 20     | 100      | compatibility/end-to-end | PASS   | OK         |
| istft  | istft_int16_10e3 | GPU    | fft_thrust | INT16 | 20     | 100      | compatibility/end-to-end | PASS   | OK         |
+--------+------------------+--------+------------+-------+--------+----------+--------------------------+--------+------------+

[stage08] timing detail
+--------+------------+--------------------+--------------------+--------------------+----------+----------+----------------------+----------------------+-------------------+
| device | mean_ms    | p50_ms             | p95_ms             | p99_ms             | min_ms   | max_ms   | std_ms               | cv                   | speedup           |
+--------+------------+--------------------+--------------------+--------------------+----------+----------+----------------------+----------------------+-------------------+
| CPU    | 1.37707167 | 1.3747224999999998 | 1.38769755         | 1.3973604000000002 | 1.369977 | 1.446108 | 0.008863808349750119 | 0.006436708083429033 | NA                |
| GPU    | 0.59861665 | 0.6006739999999999 | 0.6175359500000001 | 0.6283455100000007 | 0.571613 | 0.764224 | 0.02167112988119217  | 0.03620201656801923  | 2.300423267545265 |
+--------+------------+--------------------+--------------------+--------------------+----------+----------+----------------------+----------------------+-------------------+

[stage08] accuracy detail
+-----------------------------------+-------------+-------------+-------------+---------------+-------------+----------------+-------------------------------------------------------+--------+
| accuracy_reference                | mse         | rmse        | relative_l2 | relative_linf | exact_match | mismatch_count | semantic_check                                        | status |
+-----------------------------------+-------------+-------------+-------------+---------------+-------------+----------------+-------------------------------------------------------+--------+
| cpu_istft_direct_idft_overlap_add | 2.16136e-10 | 1.47016e-05 | 1.11734e-06 | 1.76441e-06   | NA          | NA             | frequency_major_inverse_overlap_add_output_length=528 | PASS   |
+-----------------------------------+-------------+-------------+-------------+---------------+-------------+----------------+-------------------------------------------------------+--------+

[stage08] resource detail
+--------+------------+--------------+-------------+------------+-------------+
| device | metric     | before_bytes | after_bytes | peak_bytes | delta_bytes |
+--------+------------+--------------+-------------+------------+-------------+
| CPU    | cpu_heap   | 1512000      | 1528848     | 1536080    | 16848       |
| CPU    | rss        | 70545408     | 70545408    | 70545408   | 0           |
| GPU    | cpu_heap   | 1528976      | 1540240     | 1540240    | 11264       |
| GPU    | rss        | 70545408     | 70545408    | 70545408   | 0           |
| GPU    | gpu_memory | 357777408    | 357777408   | 357777408  | 0           |
+--------+------------+--------------+-------------+------------+-------------+

[stage08] input/output identity
+--------+------------------------------------------------------------------+------------------------------------------------------------------+
| device | input_digest                                                     | output_digest                                                    |
+--------+------------------------------------------------------------------+------------------------------------------------------------------+
| CPU    | 9f4c1544ea2449af8148b6c3e9eb0bfa8a1c047311ef25f97e07c80afffe54c9 | 578cb2a71d58e4a858d36e75f0a41c70baa1a2f53878380563510f90bb437439 |
| GPU    | 9f4c1544ea2449af8148b6c3e9eb0bfa8a1c047311ef25f97e07c80afffe54c9 | 1299554860e294bcfc85ea0a082b5f664680863b6151b46ce430577373a3d99a |
+--------+------------------------------------------------------------------+------------------------------------------------------------------+

[stage08] input content
+------------+---------+--------------+----------+------------------------------------------------------------------------------------+------------------------------------------------------------------------+
| input_name | shape   | dtype        | elements | generator                                                                          | values(head4/tail2)                                                    |
+------------+---------+--------------+----------+------------------------------------------------------------------------------------+------------------------------------------------------------------------+
| z          | [32x32] | ComplexINT16 | 1024     | frequency_major_complex_modular(seed=86240002,component_dtype=INT16,integral=true) | i=0:(-3,-3);i=1:(3,4);i=2:(-2,2);i=3:(4,0);i=1022:(2,-4);i=1023:(-3,3) |
+------------+---------+--------------+----------+------------------------------------------------------------------------------------+------------------------------------------------------------------------+

[stage08] case parameters
+-----------------------------------------------------------------------------------------------------------------------------------------------------------+
| parameters                                                                                                                                                |
+-----------------------------------------------------------------------------------------------------------------------------------------------------------+
| {"bins":"32","boundary":"false","dtype":"INT16","frames":"32","fs":"256","nfft":"32","noverlap":"16","nperseg":"32","onesided":"false","seed":"86240002"} |
+-----------------------------------------------------------------------------------------------------------------------------------------------------------+

[stage08] dtype evidence
+-----------------+--------------------+--------------+------------------------------------------------------------------+--------+
| requested_dtype | config_input_dtype | output_dtype | actual_input_digest                                              | status |
+-----------------+--------------------+--------------+------------------------------------------------------------------+--------+
| INT16           | NA                 | FP32         | 9f4c1544ea2449af8148b6c3e9eb0bfa8a1c047311ef25f97e07c80afffe54c9 | PASS   |
+-----------------+--------------------+--------------+------------------------------------------------------------------+--------+

[stage08] evidence files
+----------------+-------------------------------------------------------------------------------------------------------------------------------------------------------------------------------------------------------------------------------------------+
| kind           | path                                                                                                                                                                                                                                      |
+----------------+-------------------------------------------------------------------------------------------------------------------------------------------------------------------------------------------------------------------------------------------+
| probe_raw_json | /tmp/ZKX_dev/results/stage08_input_preview_b06_istft_9b01dadd36f6/formal/20260810T085716Z_9b01dadd36f6_stage08_b06_formal_8672000a/istft_probe_raw.json                                                                                   |
| dtype_csv      | /tmp/ZKX_dev/results/stage08_input_preview_b06_istft_9b01dadd36f6/formal/20260810T085716Z_9b01dadd36f6_stage08_b06_formal_8672000a/operator_dtype_evidence_istft_fft_thrust_20260810T085716Z_9b01dadd36f6_stage08_b06_formal_8672000a.csv |
| full_log       | /tmp/ZKX_dev/results/stage08_input_preview_b06_istft_9b01dadd36f6/formal/20260810T085716Z_9b01dadd36f6_stage08_b06_formal_8672000a/operator_istft_full.log                                                                                |
| report_json    | /tmp/ZKX_dev/results/stage08_input_preview_b06_istft_9b01dadd36f6/formal/20260810T085716Z_9b01dadd36f6_stage08_b06_formal_8672000a/operator_istft_report.json                                                                             |
| summary_txt    | /tmp/ZKX_dev/results/stage08_input_preview_b06_istft_9b01dadd36f6/formal/20260810T085716Z_9b01dadd36f6_stage08_b06_formal_8672000a/operator_istft_summary.txt                                                                             |
| main_csv       | /tmp/ZKX_dev/results/stage08_input_preview_b06_istft_9b01dadd36f6/formal/20260810T085716Z_9b01dadd36f6_stage08_b06_formal_8672000a/operator_main_results_istft_fft_thrust_20260810T085716Z_9b01dadd36f6_stage08_b06_formal_8672000a.csv   |
| memory_csv     | /tmp/ZKX_dev/results/stage08_input_preview_b06_istft_9b01dadd36f6/formal/20260810T085716Z_9b01dadd36f6_stage08_b06_formal_8672000a/operator_spectral_analysis_istft_memory_trace_fft_thrust.csv                                           |
| timing_csv     | /tmp/ZKX_dev/results/stage08_input_preview_b06_istft_9b01dadd36f6/formal/20260810T085716Z_9b01dadd36f6_stage08_b06_formal_8672000a/operator_timing_samples_istft_fft_thrust_20260810T085716Z_9b01dadd36f6_stage08_b06_formal_8672000a.csv |
+----------------+-------------------------------------------------------------------------------------------------------------------------------------------------------------------------------------------------------------------------------------------+
