command=build_stage08_b07_morlet2_90c7905b71ff/stage08_wavelets_morlet2 --dtype INT32 --n 100 --frequency 5 --scale 1 --warmup 20 --measured 100 --output /tmp/ZKX_dev/results/stage08_input_preview_b07_morlet2_ed9b9505e41d/formal/20260810T090729Z_ed9b9505e41d_stage08_b07_formal_87520006/morlet2_probe_raw.json
{"run_id": "20260810T090729Z_ed9b9505e41d_stage08_b07_formal_87520006", "case_id": "morlet2__morlet2_int32_10e2__07c9154ea9267a98", "operator_name": "morlet2", "scale_id": "morlet2_int32_10e2", "requested_dtype": "INT32", "output_dtype": "ComplexFP64", "backend": "not_applicable", "n": 100, "frequency": 5, "scale": 1, "output_count": 100, "warmup_runs": 20, "measured_runs": 100, "mse": 1.5456e-17, "rmse": 3.93141e-09, "relative_l2": 5.56014e-08, "relative_linf": 6.72282e-08, "status": "PASS", "error_code": "OK"}
[stage08] identity and status
+---------+--------------------+--------+----------------+-------+--------+----------+--------------------------+--------+------------+
| target  | scale_id           | device | backend        | dtype | warmup | measured | timing_scope             | status | error_code |
+---------+--------------------+--------+----------------+-------+--------+----------+--------------------------+--------+------------+
| morlet2 | morlet2_int32_10e2 | CPU    | not_applicable | INT32 | 20     | 100      | compatibility/end-to-end | PASS   | OK         |
| morlet2 | morlet2_int32_10e2 | GPU    | not_applicable | INT32 | 20     | 100      | compatibility/end-to-end | PASS   | OK         |
+---------+--------------------+--------+----------------+-------+--------+----------+--------------------------+--------+------------+

[stage08] timing detail
+--------+---------------------+----------+-----------+----------------------+----------+----------+------------------------+---------------------+----------------------+
| device | mean_ms             | p50_ms   | p95_ms    | p99_ms               | min_ms   | max_ms   | std_ms                 | cv                  | speedup              |
+--------+---------------------+----------+-----------+----------------------+----------+----------+------------------------+---------------------+----------------------+
| CPU    | 0.00866195          | 0.00866  | 0.0087005 | 0.008750410000000002 | 0.00859  | 0.008791 | 3.0047420854376297e-05 | 0.0034688979795977  | NA                   |
| GPU    | 0.24784314999999998 | 0.245641 | 0.259341  | 0.2890311000000002   | 0.238111 | 0.320622 | 0.01031855666881275    | 0.04163341479807996 | 0.034949321778713675 |
+--------+---------------------+----------+-----------+----------------------+----------+----------+------------------------+---------------------+----------------------+

[stage08] accuracy detail
+--------------------------+------------+-------------+-------------+---------------+-------------+----------------+------------------+--------+
| accuracy_reference       | mse        | rmse        | relative_l2 | relative_linf | exact_match | mismatch_count | semantic_check   | status |
+--------------------------+------------+-------------+-------------+---------------+-------------+----------------+------------------+--------+
| cpu_morlet2_complex_fp64 | 1.5456e-17 | 3.93141e-09 | 5.56014e-08 | 6.72282e-08   | NA          | NA             | output_count=100 | PASS   |
+--------------------------+------------+-------------+-------------+---------------+-------------+----------------+------------------+--------+

[stage08] resource detail
+--------+------------+--------------+-------------+------------+-------------+
| device | metric     | before_bytes | after_bytes | peak_bytes | delta_bytes |
+--------+------------+--------------+-------------+------------+-------------+
| CPU    | cpu_heap   | 1390864      | 1397408     | 1397408    | 6544        |
| CPU    | rss        | 68984832     | 68984832    | 68984832   | 0           |
| GPU    | cpu_heap   | 1397504      | 1401936     | 1401936    | 4432        |
| GPU    | rss        | 68984832     | 68984832    | 68984832   | 0           |
| GPU    | gpu_memory | 341000192    | 341000192   | 341000192  | 0           |
+--------+------------+--------------+-------------+------------+-------------+

[stage08] input/output identity
+--------+------------------------------------------------------------------+------------------------------------------------------------------+
| device | input_digest                                                     | output_digest                                                    |
+--------+------------------------------------------------------------------+------------------------------------------------------------------+
| CPU    | 07c9154ea9267a98b3c537b4ad74fdd0b78a9160874144d554330ae86bbdcbce | b82b87d7713e749aef86a8e9671cc9217801903f1d961f4a73b0a924aeafd3df |
| GPU    | 07c9154ea9267a98b3c537b4ad74fdd0b78a9160874144d554330ae86bbdcbce | d75bb55874a8e2a257851b7c8c6b08f7e2d43d9f5cbaf56e2210d3b809af6ea9 |
+--------+------------------------------------------------------------------+------------------------------------------------------------------+

[stage08] input content
+------------+--------+-------+----------+-------------------------+---------------------+
| input_name | shape  | dtype | elements | generator               | values(head4/tail2) |
+------------+--------+-------+----------+-------------------------+---------------------+
| frequency  | scalar | INT32 | 1        | configured_typed_scalar | i=0:5               |
| scale      | scalar | INT32 | 1        | configured_typed_scalar | i=0:1               |
+------------+--------+-------+----------+-------------------------+---------------------+

[stage08] case parameters
+---------------------------------------------------------+
| parameters                                              |
+---------------------------------------------------------+
| {"dtype":"INT32","frequency":"5","n":"100","scale":"1"} |
+---------------------------------------------------------+

[stage08] dtype evidence
+-----------------+--------------------+--------------+------------------------------------------------------------------+--------+
| requested_dtype | config_input_dtype | output_dtype | actual_input_digest                                              | status |
+-----------------+--------------------+--------------+------------------------------------------------------------------+--------+
| INT32           | NA                 | ComplexFP64  | 07c9154ea9267a98b3c537b4ad74fdd0b78a9160874144d554330ae86bbdcbce | PASS   |
+-----------------+--------------------+--------------+------------------------------------------------------------------+--------+

[stage08] evidence files
+----------------+---------------------------------------------------------------------------------------------------------------------------------------------------------------------------------------------------------------------------------------------------+
| kind           | path                                                                                                                                                                                                                                              |
+----------------+---------------------------------------------------------------------------------------------------------------------------------------------------------------------------------------------------------------------------------------------------+
| probe_raw_json | /tmp/ZKX_dev/results/stage08_input_preview_b07_morlet2_ed9b9505e41d/formal/20260810T090729Z_ed9b9505e41d_stage08_b07_formal_87520006/morlet2_probe_raw.json                                                                                       |
| dtype_csv      | /tmp/ZKX_dev/results/stage08_input_preview_b07_morlet2_ed9b9505e41d/formal/20260810T090729Z_ed9b9505e41d_stage08_b07_formal_87520006/operator_dtype_evidence_morlet2_not_applicable_20260810T090729Z_ed9b9505e41d_stage08_b07_formal_87520006.csv |
| main_csv       | /tmp/ZKX_dev/results/stage08_input_preview_b07_morlet2_ed9b9505e41d/formal/20260810T090729Z_ed9b9505e41d_stage08_b07_formal_87520006/operator_main_results_morlet2_not_applicable_20260810T090729Z_ed9b9505e41d_stage08_b07_formal_87520006.csv   |
| full_log       | /tmp/ZKX_dev/results/stage08_input_preview_b07_morlet2_ed9b9505e41d/formal/20260810T090729Z_ed9b9505e41d_stage08_b07_formal_87520006/operator_morlet2_full.log                                                                                    |
| report_json    | /tmp/ZKX_dev/results/stage08_input_preview_b07_morlet2_ed9b9505e41d/formal/20260810T090729Z_ed9b9505e41d_stage08_b07_formal_87520006/operator_morlet2_report.json                                                                                 |
| summary_txt    | /tmp/ZKX_dev/results/stage08_input_preview_b07_morlet2_ed9b9505e41d/formal/20260810T090729Z_ed9b9505e41d_stage08_b07_formal_87520006/operator_morlet2_summary.txt                                                                                 |
| timing_csv     | /tmp/ZKX_dev/results/stage08_input_preview_b07_morlet2_ed9b9505e41d/formal/20260810T090729Z_ed9b9505e41d_stage08_b07_formal_87520006/operator_timing_samples_morlet2_not_applicable_20260810T090729Z_ed9b9505e41d_stage08_b07_formal_87520006.csv |
| memory_csv     | /tmp/ZKX_dev/results/stage08_input_preview_b07_morlet2_ed9b9505e41d/formal/20260810T090729Z_ed9b9505e41d_stage08_b07_formal_87520006/operator_wavelets_morlet2_memory_trace_not_applicable.csv                                                    |
+----------------+---------------------------------------------------------------------------------------------------------------------------------------------------------------------------------------------------------------------------------------------------+
