[stage07] identity and status
+--------+-----------------+--------+----------------+-------+--------+----------+--------------------------+--------+------------+
| target | scale_id        | device | backend        | dtype | warmup | measured | timing_scope             | status | error_code |
+--------+-----------------+--------+----------------+-------+--------+----------+--------------------------+--------+------------+
| cubic  | cubic_fp16_10e3 | CPU    | not_applicable | FP16  | 20     | 100      | compatibility/end-to-end | PASS   | OK         |
| cubic  | cubic_fp16_10e3 | GPU    | not_applicable | FP16  | 20     | 100      | compatibility/end-to-end | PASS   | OK         |
+--------+-----------------+--------+----------------+-------+--------+----------+--------------------------+--------+------------+

[stage07] timing detail
+--------+------------+---------------------+----------+----------------------+----------+----------+----------------------+---------------------+---------------------+
| device | mean_ms    | p50_ms              | p95_ms   | p99_ms               | min_ms   | max_ms   | std_ms               | cv                  | speedup             |
+--------+------------+---------------------+----------+----------------------+----------+----------+----------------------+---------------------+---------------------+
| CPU    | 0.00593481 | 0.00591             | 0.00592  | 0.005970000000000015 | 0.00589  | 0.00894  | 0.000302182682991597 | 0.05091699363443766 | NA                  |
| GPU    | 0.19474992 | 0.19212400000000002 | 0.203229 | 0.22026772000000056  | 0.187743 | 0.330526 | 0.014369307860631283 | 0.07378338261002255 | 0.03047400481602252 |
+--------+------------+---------------------+----------+----------------------+----------+----------+----------------------+---------------------+---------------------+

[stage07] accuracy detail
+---------------------------+-----+------+-------------+---------------+-------------+----------------+-----------------------------------------------------------+--------+
| reference                 | mse | rmse | relative_l2 | relative_linf | exact_match | mismatch_count | semantic_check                                            | status |
+---------------------------+-----+------+-------------+---------------+-------------+----------------+-----------------------------------------------------------+--------+
| typed_cpu_task2_reference | 0   | 0    | 0           | 0             | NA          | NA             | output_count=1024;output_dtype=FP16;task_gpu_call=present | PASS   |
+---------------------------+-----+------+-------------+---------------+-------------+----------------+-----------------------------------------------------------+--------+

[stage07] resource detail
+--------+------------+--------------+-------------+------------+-------------+
| device | metric     | before_bytes | after_bytes | peak_bytes | delta_bytes |
+--------+------------+--------------+-------------+------------+-------------+
| CPU    | cpu_heap   | 1358816      | 1364672     | 1364672    | 5856        |
| CPU    | rss        | 69357568     | 69357568    | 69357568   | 0           |
| GPU    | cpu_heap   | 1364768      | 1367744     | 1367744    | 2976        |
| GPU    | rss        | 69357568     | 69357568    | 69357568   | 0           |
| GPU    | gpu_memory | 341000192    | 341000192   | 341000192  | 0           |
+--------+------------+--------------+-------------+------------+-------------+

[stage07] input content
+------------+--------+-------+----------+----------------------------+-------------------------------------------------------------------------------------+
| input_name | shape  | dtype | elements | generator                  | values(head4/tail2)                                                                 |
+------------+--------+-------+----------+----------------------------+-------------------------------------------------------------------------------------+
| x          | [1024] | FP16  | 1024     | deterministic_cubic_domain | i=0:-2.5;i=1:-2.49414062;i=2:-2.49023438;i=3:-2.484375;i=1022:2.49414062;i=1023:2.5 |
+------------+--------+-------+----------+----------------------------+-------------------------------------------------------------------------------------+

[stage07] case parameters
+------------------------------------+
| parameters                         |
+------------------------------------+
| {"count":1024,"output_count":1024} |
+------------------------------------+

[stage07] input and output identity
+--------+------------------------------------------------------------------+------------------------------------------------------------------+
| device | input_digest                                                     | output_digest                                                    |
+--------+------------------------------------------------------------------+------------------------------------------------------------------+
| CPU    | 7c75ad19471b16aa32c4cbcfca740c9521739a9af71a29fe4409b484bb5fe1f2 | 703757499dedbffe1b94040aefb42aa15d3185b938a09358b955ba717920113a |
| GPU    | 7c75ad19471b16aa32c4cbcfca740c9521739a9af71a29fe4409b484bb5fe1f2 | 703757499dedbffe1b94040aefb42aa15d3185b938a09358b955ba717920113a |
+--------+------------------------------------------------------------------+------------------------------------------------------------------+

[stage07] dtype evidence
+-----------------+--------------------+--------------+------------------------------------------------------------------+------------------------------------------------------------------+----------------------+
| requested_dtype | config_input_dtype | output_dtype | typed_array_digest                                               | actual_input_digest                                              | task_gpu_call_status |
+-----------------+--------------------+--------------+------------------------------------------------------------------+------------------------------------------------------------------+----------------------+
| FP16            | FP16               | FP16         | be1bd5a47a5ba7ccaadb92d4533ada95fbe2c72d78af7c005a76ca20b8ef0b4e | 7c75ad19471b16aa32c4cbcfca740c9521739a9af71a29fe4409b484bb5fe1f2 | proved_gpu_cpu       |
+-----------------+--------------------+--------------+------------------------------------------------------------------+------------------------------------------------------------------+----------------------+

[stage07] evidence files
+-------------+-----------------------------------------------------------------------------------------------------------------------------------------------------------------------------------------------------------------------------+
| kind        | path                                                                                                                                                                                                                        |
+-------------+-----------------------------------------------------------------------------------------------------------------------------------------------------------------------------------------------------------------------------+
| main_csv    | /tmp/ZKX_dev/results/stage07_b06_formal_6132f71/formal/20260810T110446Z_6132f71eb1e0_stage07_b06_formal_a0fe3bdd/operator_main_results_cubic_not_applicable_20260810T110446Z_6132f71eb1e0_stage07_b06_formal_a0fe3bdd.csv   |
| timing_csv  | /tmp/ZKX_dev/results/stage07_b06_formal_6132f71/formal/20260810T110446Z_6132f71eb1e0_stage07_b06_formal_a0fe3bdd/operator_timing_samples_cubic_not_applicable_20260810T110446Z_6132f71eb1e0_stage07_b06_formal_a0fe3bdd.csv |
| memory_csv  | /tmp/ZKX_dev/results/stage07_b06_formal_6132f71/formal/20260810T110446Z_6132f71eb1e0_stage07_b06_formal_a0fe3bdd/operator_bsplines_cubic_memory_trace_not_applicable.csv                                                    |
| dtype_csv   | /tmp/ZKX_dev/results/stage07_b06_formal_6132f71/formal/20260810T110446Z_6132f71eb1e0_stage07_b06_formal_a0fe3bdd/operator_dtype_evidence_cubic_not_applicable_20260810T110446Z_6132f71eb1e0_stage07_b06_formal_a0fe3bdd.csv |
| report_json | /tmp/ZKX_dev/results/stage07_b06_formal_6132f71/formal/20260810T110446Z_6132f71eb1e0_stage07_b06_formal_a0fe3bdd/operator_cubic_report.json                                                                                 |
| summary_txt | /tmp/ZKX_dev/results/stage07_b06_formal_6132f71/formal/20260810T110446Z_6132f71eb1e0_stage07_b06_formal_a0fe3bdd/operator_cubic_summary.txt                                                                                 |
| full_log    | /tmp/ZKX_dev/results/stage07_b06_formal_6132f71/formal/20260810T110446Z_6132f71eb1e0_stage07_b06_formal_a0fe3bdd/operator_cubic_full.log                                                                                    |
| result_dir  | /tmp/ZKX_dev/results/stage07_b06_formal_6132f71/formal/20260810T110446Z_6132f71eb1e0_stage07_b06_formal_a0fe3bdd                                                                                                            |
+-------------+-----------------------------------------------------------------------------------------------------------------------------------------------------------------------------------------------------------------------------+
STAGE07_TASK_FINAL_CASE PASS operator=cubic scale=cubic_fp16_10e3 dtype=FP16 backend=not_applicable measured=100 results=/tmp/ZKX_dev/results/stage07_b06_formal_6132f71/formal/20260810T110446Z_6132f71eb1e0_stage07_b06_formal_a0fe3bdd
