[stage07] identity and status
+--------+------------------+--------+----------------+-------+--------+----------+--------------------------+--------+------------+
| target | scale_id         | device | backend        | dtype | warmup | measured | timing_scope             | status | error_code |
+--------+------------------+--------+----------------+-------+--------+----------+--------------------------+--------+------------+
| cubic  | cubic_int16_10e3 | CPU    | not_applicable | INT16 | 20     | 100      | compatibility/end-to-end | PASS   | OK         |
| cubic  | cubic_int16_10e3 | GPU    | not_applicable | INT16 | 20     | 100      | compatibility/end-to-end | PASS   | OK         |
+--------+------------------+--------+----------------+-------+--------+----------+--------------------------+--------+------------+

[stage07] timing detail
+--------+-----------------------+-----------+-----------+-----------------------+----------+----------+------------------------+----------------------+----------------------+
| device | mean_ms               | p50_ms    | p95_ms    | p99_ms                | min_ms   | max_ms   | std_ms                 | cv                   | speedup              |
+--------+-----------------------+-----------+-----------+-----------------------+----------+----------+------------------------+----------------------+----------------------+
| CPU    | 0.0016845299999999998 | 0.0016505 | 0.00166   | 0.0017095000000000153 | 0.00164  | 0.00463  | 0.00029608564487323594 | 0.17576751074378966  | NA                   |
| GPU    | 0.19077193999999997   | 0.1887835 | 0.1968855 | 0.24764170000000002   | 0.185683 | 0.249295 | 0.008852844709831977   | 0.046405381786398865 | 0.008830072179378163 |
+--------+-----------------------+-----------+-----------+-----------------------+----------+----------+------------------------+----------------------+----------------------+

[stage07] accuracy detail
+---------------------------+-----+------+-------------+---------------+-------------+----------------+------------------------------------------------------------+--------+
| reference                 | mse | rmse | relative_l2 | relative_linf | exact_match | mismatch_count | semantic_check                                             | status |
+---------------------------+-----+------+-------------+---------------+-------------+----------------+------------------------------------------------------------+--------+
| typed_cpu_task2_reference | 0   | 0    | 0           | 0             | NA          | NA             | output_count=1024;output_dtype=INT16;task_gpu_call=present | PASS   |
+---------------------------+-----+------+-------------+---------------+-------------+----------------+------------------------------------------------------------+--------+

[stage07] resource detail
+--------+------------+--------------+-------------+------------+-------------+
| device | metric     | before_bytes | after_bytes | peak_bytes | delta_bytes |
+--------+------------+--------------+-------------+------------+-------------+
| CPU    | cpu_heap   | 1358816      | 1364672     | 1364672    | 5856        |
| CPU    | rss        | 69476352     | 69476352    | 69476352   | 0           |
| GPU    | cpu_heap   | 1364768      | 1367744     | 1367744    | 2976        |
| GPU    | rss        | 69476352     | 69476352    | 69476352   | 0           |
| GPU    | gpu_memory | 341000192    | 341000192   | 341000192  | 0           |
+--------+------------+--------------+-------------+------------+-------------+

[stage07] input content
+------------+--------+-------+----------+----------------------------+-----------------------------------------------+
| input_name | shape  | dtype | elements | generator                  | values(head4/tail2)                           |
+------------+--------+-------+----------+----------------------------+-----------------------------------------------+
| x          | [1024] | INT16 | 1024     | deterministic_cubic_domain | i=0:-3;i=1:-2;i=2:-2;i=3:-2;i=1022:2;i=1023:3 |
+------------+--------+-------+----------+----------------------------+-----------------------------------------------+

[stage07] case parameters
+------------------------------------+
| parameters                         |
+------------------------------------+
| {"count":1024,"output_count":1024} |
+------------------------------------+

[stage07] input and output identity
+--------+------------------------------------------------------------------+------------------------------------------------------------------+
| device | input_digest                                                     | output_digest                                                    |
+--------+------------------------------------------------------------------+------------------------------------------------------------------+
| CPU    | 4d66bf2025cb3228cdc7a36ff85871c7e0253baf8f571786bd95f86f0dd0ef55 | e5a00aa9991ac8a5ee3109844d84a55583bd20572ad3ffcd42792f3c36b183ad |
| GPU    | 4d66bf2025cb3228cdc7a36ff85871c7e0253baf8f571786bd95f86f0dd0ef55 | e5a00aa9991ac8a5ee3109844d84a55583bd20572ad3ffcd42792f3c36b183ad |
+--------+------------------------------------------------------------------+------------------------------------------------------------------+

[stage07] dtype evidence
+-----------------+--------------------+--------------+------------------------------------------------------------------+------------------------------------------------------------------+----------------------+
| requested_dtype | config_input_dtype | output_dtype | typed_array_digest                                               | actual_input_digest                                              | task_gpu_call_status |
+-----------------+--------------------+--------------+------------------------------------------------------------------+------------------------------------------------------------------+----------------------+
| INT16           | INT16              | INT16        | 5dff84f5442610ab2cb0053960db3f963fe1734f251a654b42f24e13ac554b4f | 4d66bf2025cb3228cdc7a36ff85871c7e0253baf8f571786bd95f86f0dd0ef55 | proved_gpu_cpu       |
+-----------------+--------------------+--------------+------------------------------------------------------------------+------------------------------------------------------------------+----------------------+

[stage07] evidence files
+-------------+-----------------------------------------------------------------------------------------------------------------------------------------------------------------------------------------------------------------------------+
| kind        | path                                                                                                                                                                                                                        |
+-------------+-----------------------------------------------------------------------------------------------------------------------------------------------------------------------------------------------------------------------------+
| main_csv    | /tmp/ZKX_dev/results/stage07_b06_formal_6132f71/formal/20260810T110447Z_6132f71eb1e0_stage07_b06_formal_76a4d0b2/operator_main_results_cubic_not_applicable_20260810T110447Z_6132f71eb1e0_stage07_b06_formal_76a4d0b2.csv   |
| timing_csv  | /tmp/ZKX_dev/results/stage07_b06_formal_6132f71/formal/20260810T110447Z_6132f71eb1e0_stage07_b06_formal_76a4d0b2/operator_timing_samples_cubic_not_applicable_20260810T110447Z_6132f71eb1e0_stage07_b06_formal_76a4d0b2.csv |
| memory_csv  | /tmp/ZKX_dev/results/stage07_b06_formal_6132f71/formal/20260810T110447Z_6132f71eb1e0_stage07_b06_formal_76a4d0b2/operator_bsplines_cubic_memory_trace_not_applicable.csv                                                    |
| dtype_csv   | /tmp/ZKX_dev/results/stage07_b06_formal_6132f71/formal/20260810T110447Z_6132f71eb1e0_stage07_b06_formal_76a4d0b2/operator_dtype_evidence_cubic_not_applicable_20260810T110447Z_6132f71eb1e0_stage07_b06_formal_76a4d0b2.csv |
| report_json | /tmp/ZKX_dev/results/stage07_b06_formal_6132f71/formal/20260810T110447Z_6132f71eb1e0_stage07_b06_formal_76a4d0b2/operator_cubic_report.json                                                                                 |
| summary_txt | /tmp/ZKX_dev/results/stage07_b06_formal_6132f71/formal/20260810T110447Z_6132f71eb1e0_stage07_b06_formal_76a4d0b2/operator_cubic_summary.txt                                                                                 |
| full_log    | /tmp/ZKX_dev/results/stage07_b06_formal_6132f71/formal/20260810T110447Z_6132f71eb1e0_stage07_b06_formal_76a4d0b2/operator_cubic_full.log                                                                                    |
| result_dir  | /tmp/ZKX_dev/results/stage07_b06_formal_6132f71/formal/20260810T110447Z_6132f71eb1e0_stage07_b06_formal_76a4d0b2                                                                                                            |
+-------------+-----------------------------------------------------------------------------------------------------------------------------------------------------------------------------------------------------------------------------+
STAGE07_TASK_FINAL_CASE PASS operator=cubic scale=cubic_int16_10e3 dtype=INT16 backend=not_applicable measured=100 results=/tmp/ZKX_dev/results/stage07_b06_formal_6132f71/formal/20260810T110447Z_6132f71eb1e0_stage07_b06_formal_76a4d0b2
