[stage07] identity and status
+--------+-----------------+--------+----------------+-------+--------+----------+--------------------------+--------+------------+
| target | scale_id        | device | backend        | dtype | warmup | measured | timing_scope             | status | error_code |
+--------+-----------------+--------+----------------+-------+--------+----------+--------------------------+--------+------------+
| cubic  | cubic_int8_10e4 | CPU    | not_applicable | INT8  | 20     | 100      | compatibility/end-to-end | PASS   | OK         |
| cubic  | cubic_int8_10e4 | GPU    | not_applicable | INT8  | 20     | 100      | compatibility/end-to-end | PASS   | OK         |
+--------+-----------------+--------+----------------+-------+--------+----------+--------------------------+--------+------------+

[stage07] timing detail
+--------+------------+---------------------+---------------------+----------------------+----------+----------+-----------------------+---------------------+---------------------+
| device | mean_ms    | p50_ms              | p95_ms              | p99_ms               | min_ms   | max_ms   | std_ms                | cv                  | speedup             |
+--------+------------+---------------------+---------------------+----------------------+----------+----------+-----------------------+---------------------+---------------------+
| CPU    | 0.01341455 | 0.01331             | 0.01332             | 0.013707390000000055 | 0.01328  | 0.02424  | 0.0010886539153927661 | 0.08115471002700546 | NA                  |
| GPU    | 0.19621464 | 0.19486399999999998 | 0.20098105000000002 | 0.2073297100000004   | 0.191114 | 0.286105 | 0.00943103226430702   | 0.0480648756092156  | 0.06836671310560721 |
+--------+------------+---------------------+---------------------+----------------------+----------+----------+-----------------------+---------------------+---------------------+

[stage07] accuracy detail
+---------------------------+-----+------+-------------+---------------+-------------+----------------+------------------------------------------------------------+--------+
| reference                 | mse | rmse | relative_l2 | relative_linf | exact_match | mismatch_count | semantic_check                                             | status |
+---------------------------+-----+------+-------------+---------------+-------------+----------------+------------------------------------------------------------+--------+
| typed_cpu_task2_reference | 0   | 0    | 0           | 0             | NA          | NA             | output_count=10000;output_dtype=INT8;task_gpu_call=present | PASS   |
+---------------------------+-----+------+-------------+---------------+-------------+----------------+------------------------------------------------------------+--------+

[stage07] resource detail
+--------+------------+--------------+-------------+------------+-------------+
| device | metric     | before_bytes | after_bytes | peak_bytes | delta_bytes |
+--------+------------+--------------+-------------+------------+-------------+
| CPU    | cpu_heap   | 1362160      | 1376032     | 1376032    | 13872       |
| CPU    | rss        | 69296128     | 69296128    | 69296128   | 0           |
| GPU    | cpu_heap   | 1376032      | 1379056     | 1379056    | 3024        |
| GPU    | rss        | 69296128     | 69296128    | 69296128   | 0           |
| GPU    | gpu_memory | 341000192    | 341000192   | 341000192  | 0           |
+--------+------------+--------------+-------------+------------+-------------+

[stage07] input content
+------------+---------+-------+----------+----------------------------+-----------------------------------------------+
| input_name | shape   | dtype | elements | generator                  | values(head4/tail2)                           |
+------------+---------+-------+----------+----------------------------+-----------------------------------------------+
| x          | [10000] | INT8  | 10000    | deterministic_cubic_domain | i=0:-3;i=1:-2;i=2:-2;i=3:-2;i=9998:2;i=9999:3 |
+------------+---------+-------+----------+----------------------------+-----------------------------------------------+

[stage07] case parameters
+--------------------------------------+
| parameters                           |
+--------------------------------------+
| {"count":10000,"output_count":10000} |
+--------------------------------------+

[stage07] input and output identity
+--------+------------------------------------------------------------------+------------------------------------------------------------------+
| device | input_digest                                                     | output_digest                                                    |
+--------+------------------------------------------------------------------+------------------------------------------------------------------+
| CPU    | 7b83a895c6e15bbafe307d7bef07d9daafd14bd68d693b48abc7ff8b3ad7e896 | 95b532cc4381affdff0d956e12520a04129ed49d37e154228368fe5621f0b9a2 |
| GPU    | 7b83a895c6e15bbafe307d7bef07d9daafd14bd68d693b48abc7ff8b3ad7e896 | 95b532cc4381affdff0d956e12520a04129ed49d37e154228368fe5621f0b9a2 |
+--------+------------------------------------------------------------------+------------------------------------------------------------------+

[stage07] dtype evidence
+-----------------+--------------------+--------------+------------------------------------------------------------------+------------------------------------------------------------------+----------------------+
| requested_dtype | config_input_dtype | output_dtype | typed_array_digest                                               | actual_input_digest                                              | task_gpu_call_status |
+-----------------+--------------------+--------------+------------------------------------------------------------------+------------------------------------------------------------------+----------------------+
| INT8            | INT8               | INT8         | 6a7ec46cbf896f1d79ae28105ab14a4115213aee3188bf80566b3e94343c08fd | 7b83a895c6e15bbafe307d7bef07d9daafd14bd68d693b48abc7ff8b3ad7e896 | proved_gpu_cpu       |
+-----------------+--------------------+--------------+------------------------------------------------------------------+------------------------------------------------------------------+----------------------+

[stage07] evidence files
+-------------+-----------------------------------------------------------------------------------------------------------------------------------------------------------------------------------------------------------------------------+
| kind        | path                                                                                                                                                                                                                        |
+-------------+-----------------------------------------------------------------------------------------------------------------------------------------------------------------------------------------------------------------------------+
| main_csv    | /tmp/ZKX_dev/results/stage07_b06_formal_6132f71/formal/20260810T110447Z_6132f71eb1e0_stage07_b06_formal_6a6dd8ba/operator_main_results_cubic_not_applicable_20260810T110447Z_6132f71eb1e0_stage07_b06_formal_6a6dd8ba.csv   |
| timing_csv  | /tmp/ZKX_dev/results/stage07_b06_formal_6132f71/formal/20260810T110447Z_6132f71eb1e0_stage07_b06_formal_6a6dd8ba/operator_timing_samples_cubic_not_applicable_20260810T110447Z_6132f71eb1e0_stage07_b06_formal_6a6dd8ba.csv |
| memory_csv  | /tmp/ZKX_dev/results/stage07_b06_formal_6132f71/formal/20260810T110447Z_6132f71eb1e0_stage07_b06_formal_6a6dd8ba/operator_bsplines_cubic_memory_trace_not_applicable.csv                                                    |
| dtype_csv   | /tmp/ZKX_dev/results/stage07_b06_formal_6132f71/formal/20260810T110447Z_6132f71eb1e0_stage07_b06_formal_6a6dd8ba/operator_dtype_evidence_cubic_not_applicable_20260810T110447Z_6132f71eb1e0_stage07_b06_formal_6a6dd8ba.csv |
| report_json | /tmp/ZKX_dev/results/stage07_b06_formal_6132f71/formal/20260810T110447Z_6132f71eb1e0_stage07_b06_formal_6a6dd8ba/operator_cubic_report.json                                                                                 |
| summary_txt | /tmp/ZKX_dev/results/stage07_b06_formal_6132f71/formal/20260810T110447Z_6132f71eb1e0_stage07_b06_formal_6a6dd8ba/operator_cubic_summary.txt                                                                                 |
| full_log    | /tmp/ZKX_dev/results/stage07_b06_formal_6132f71/formal/20260810T110447Z_6132f71eb1e0_stage07_b06_formal_6a6dd8ba/operator_cubic_full.log                                                                                    |
| result_dir  | /tmp/ZKX_dev/results/stage07_b06_formal_6132f71/formal/20260810T110447Z_6132f71eb1e0_stage07_b06_formal_6a6dd8ba                                                                                                            |
+-------------+-----------------------------------------------------------------------------------------------------------------------------------------------------------------------------------------------------------------------------+
STAGE07_TASK_FINAL_CASE PASS operator=cubic scale=cubic_int8_10e4 dtype=INT8 backend=not_applicable measured=100 results=/tmp/ZKX_dev/results/stage07_b06_formal_6132f71/formal/20260810T110447Z_6132f71eb1e0_stage07_b06_formal_6a6dd8ba
