sample_index=0 cpu_pipeline_ms=37.5134 gpu_pipeline_ms=6.63038 cpu_resource_sampling_overhead_ms=0.17663 gpu_resource_sampling_overhead_ms=0.03284 semantic_gates=16/16 timing_direct=true resource_overhead_excluded=true step_sum_used=false status=PASS
sample_index=1 cpu_pipeline_ms=36.9401 gpu_pipeline_ms=6.47501 cpu_resource_sampling_overhead_ms=0.13388 gpu_resource_sampling_overhead_ms=0.03219 semantic_gates=16/16 timing_direct=true resource_overhead_excluded=true step_sum_used=false status=PASS
sample_index=2 cpu_pipeline_ms=37.1389 gpu_pipeline_ms=6.46725 cpu_resource_sampling_overhead_ms=0.12822 gpu_resource_sampling_overhead_ms=0.0326 semantic_gates=16/16 timing_direct=true resource_overhead_excluded=true step_sum_used=false status=PASS
sample_index=3 cpu_pipeline_ms=36.9283 gpu_pipeline_ms=6.59341 cpu_resource_sampling_overhead_ms=0.133141 gpu_resource_sampling_overhead_ms=0.03272 semantic_gates=16/16 timing_direct=true resource_overhead_excluded=true step_sum_used=false status=PASS
sample_index=4 cpu_pipeline_ms=36.8656 gpu_pipeline_ms=6.68489 cpu_resource_sampling_overhead_ms=0.135942 gpu_resource_sampling_overhead_ms=0.032411 semantic_gates=16/16 timing_direct=true resource_overhead_excluded=true step_sum_used=false status=PASS
sample_index=5 cpu_pipeline_ms=36.8613 gpu_pipeline_ms=6.58851 cpu_resource_sampling_overhead_ms=0.133351 gpu_resource_sampling_overhead_ms=0.03192 semantic_gates=16/16 timing_direct=true resource_overhead_excluded=true step_sum_used=false status=PASS
sample_index=6 cpu_pipeline_ms=37.104 gpu_pipeline_ms=6.55076 cpu_resource_sampling_overhead_ms=0.125131 gpu_resource_sampling_overhead_ms=0.03211 semantic_gates=16/16 timing_direct=true resource_overhead_excluded=true step_sum_used=false status=PASS
sample_index=7 cpu_pipeline_ms=37.0786 gpu_pipeline_ms=6.50522 cpu_resource_sampling_overhead_ms=0.165484 gpu_resource_sampling_overhead_ms=0.03227 semantic_gates=16/16 timing_direct=true resource_overhead_excluded=true step_sum_used=false status=PASS
sample_index=8 cpu_pipeline_ms=37.1223 gpu_pipeline_ms=6.56714 cpu_resource_sampling_overhead_ms=0.131501 gpu_resource_sampling_overhead_ms=0.0325 semantic_gates=16/16 timing_direct=true resource_overhead_excluded=true step_sum_used=false status=PASS
sample_index=9 cpu_pipeline_ms=36.9235 gpu_pipeline_ms=6.56995 cpu_resource_sampling_overhead_ms=0.13358 gpu_resource_sampling_overhead_ms=0.0325 semantic_gates=16/16 timing_direct=true resource_overhead_excluded=true step_sum_used=false status=PASS
sample_index=10 cpu_pipeline_ms=37.1411 gpu_pipeline_ms=6.60653 cpu_resource_sampling_overhead_ms=0.136961 gpu_resource_sampling_overhead_ms=0.032151 semantic_gates=16/16 timing_direct=true resource_overhead_excluded=true step_sum_used=false status=PASS
sample_index=11 cpu_pipeline_ms=37.3988 gpu_pipeline_ms=6.65146 cpu_resource_sampling_overhead_ms=0.133991 gpu_resource_sampling_overhead_ms=0.03211 semantic_gates=16/16 timing_direct=true resource_overhead_excluded=true step_sum_used=false status=PASS
sample_index=12 cpu_pipeline_ms=37.0557 gpu_pipeline_ms=6.5876 cpu_resource_sampling_overhead_ms=0.132904 gpu_resource_sampling_overhead_ms=0.032151 semantic_gates=16/16 timing_direct=true resource_overhead_excluded=true step_sum_used=false status=PASS
sample_index=13 cpu_pipeline_ms=37.1956 gpu_pipeline_ms=6.50737 cpu_resource_sampling_overhead_ms=0.12817 gpu_resource_sampling_overhead_ms=0.03237 semantic_gates=16/16 timing_direct=true resource_overhead_excluded=true step_sum_used=false status=PASS
sample_index=14 cpu_pipeline_ms=36.9683 gpu_pipeline_ms=6.56423 cpu_resource_sampling_overhead_ms=0.149771 gpu_resource_sampling_overhead_ms=0.03223 semantic_gates=16/16 timing_direct=true resource_overhead_excluded=true step_sum_used=false status=PASS
sample_index=15 cpu_pipeline_ms=36.9019 gpu_pipeline_ms=6.58457 cpu_resource_sampling_overhead_ms=0.198171 gpu_resource_sampling_overhead_ms=0.03219 semantic_gates=16/16 timing_direct=true resource_overhead_excluded=true step_sum_used=false status=PASS
sample_index=16 cpu_pipeline_ms=36.6928 gpu_pipeline_ms=6.6898 cpu_resource_sampling_overhead_ms=0.130282 gpu_resource_sampling_overhead_ms=0.03244 semantic_gates=16/16 timing_direct=true resource_overhead_excluded=true step_sum_used=false status=PASS
sample_index=17 cpu_pipeline_ms=36.8395 gpu_pipeline_ms=6.59664 cpu_resource_sampling_overhead_ms=0.13511 gpu_resource_sampling_overhead_ms=0.0327 semantic_gates=16/16 timing_direct=true resource_overhead_excluded=true step_sum_used=false status=PASS
sample_index=18 cpu_pipeline_ms=36.8464 gpu_pipeline_ms=6.5511 cpu_resource_sampling_overhead_ms=0.134742 gpu_resource_sampling_overhead_ms=0.03208 semantic_gates=16/16 timing_direct=true resource_overhead_excluded=true step_sum_used=false status=PASS
sample_index=19 cpu_pipeline_ms=36.9212 gpu_pipeline_ms=6.54987 cpu_resource_sampling_overhead_ms=0.137891 gpu_resource_sampling_overhead_ms=0.03289 semantic_gates=16/16 timing_direct=true resource_overhead_excluded=true step_sum_used=false status=PASS
sample_index=20 cpu_pipeline_ms=36.7305 gpu_pipeline_ms=6.48792 cpu_resource_sampling_overhead_ms=0.122381 gpu_resource_sampling_overhead_ms=0.032511 semantic_gates=16/16 timing_direct=true resource_overhead_excluded=true step_sum_used=false status=PASS
sample_index=21 cpu_pipeline_ms=38.6959 gpu_pipeline_ms=6.61154 cpu_resource_sampling_overhead_ms=0.134683 gpu_resource_sampling_overhead_ms=0.03242 semantic_gates=16/16 timing_direct=true resource_overhead_excluded=true step_sum_used=false status=PASS
sample_index=22 cpu_pipeline_ms=36.7113 gpu_pipeline_ms=6.53739 cpu_resource_sampling_overhead_ms=0.129101 gpu_resource_sampling_overhead_ms=0.032351 semantic_gates=16/16 timing_direct=true resource_overhead_excluded=true step_sum_used=false status=PASS
sample_index=23 cpu_pipeline_ms=37.2599 gpu_pipeline_ms=6.59624 cpu_resource_sampling_overhead_ms=0.13183 gpu_resource_sampling_overhead_ms=0.03256 semantic_gates=16/16 timing_direct=true resource_overhead_excluded=true step_sum_used=false status=PASS
sample_index=24 cpu_pipeline_ms=37.0108 gpu_pipeline_ms=6.52885 cpu_resource_sampling_overhead_ms=0.126431 gpu_resource_sampling_overhead_ms=0.03239 semantic_gates=16/16 timing_direct=true resource_overhead_excluded=true step_sum_used=false status=PASS
sample_index=25 cpu_pipeline_ms=36.5961 gpu_pipeline_ms=6.50458 cpu_resource_sampling_overhead_ms=0.1263 gpu_resource_sampling_overhead_ms=0.03177 semantic_gates=16/16 timing_direct=true resource_overhead_excluded=true step_sum_used=false status=PASS
sample_index=26 cpu_pipeline_ms=36.8259 gpu_pipeline_ms=6.5078 cpu_resource_sampling_overhead_ms=0.127191 gpu_resource_sampling_overhead_ms=0.032611 semantic_gates=16/16 timing_direct=true resource_overhead_excluded=true step_sum_used=false status=PASS
sample_index=27 cpu_pipeline_ms=36.9319 gpu_pipeline_ms=6.60484 cpu_resource_sampling_overhead_ms=0.137654 gpu_resource_sampling_overhead_ms=0.03222 semantic_gates=16/16 timing_direct=true resource_overhead_excluded=true step_sum_used=false status=PASS
sample_index=28 cpu_pipeline_ms=36.8736 gpu_pipeline_ms=6.58254 cpu_resource_sampling_overhead_ms=0.125491 gpu_resource_sampling_overhead_ms=0.03237 semantic_gates=16/16 timing_direct=true resource_overhead_excluded=true step_sum_used=false status=PASS
sample_index=29 cpu_pipeline_ms=36.5956 gpu_pipeline_ms=6.59872 cpu_resource_sampling_overhead_ms=0.118481 gpu_resource_sampling_overhead_ms=0.03282 semantic_gates=16/16 timing_direct=true resource_overhead_excluded=true step_sum_used=false status=PASS
sample_index=30 cpu_pipeline_ms=36.5968 gpu_pipeline_ms=6.56387 cpu_resource_sampling_overhead_ms=0.125382 gpu_resource_sampling_overhead_ms=0.04773 semantic_gates=16/16 timing_direct=true resource_overhead_excluded=true step_sum_used=false status=PASS
sample_index=31 cpu_pipeline_ms=36.8042 gpu_pipeline_ms=6.70854 cpu_resource_sampling_overhead_ms=0.129693 gpu_resource_sampling_overhead_ms=0.03203 semantic_gates=16/16 timing_direct=true resource_overhead_excluded=true step_sum_used=false status=PASS
sample_index=32 cpu_pipeline_ms=36.8747 gpu_pipeline_ms=6.52958 cpu_resource_sampling_overhead_ms=0.130211 gpu_resource_sampling_overhead_ms=0.031971 semantic_gates=16/16 timing_direct=true resource_overhead_excluded=true step_sum_used=false status=PASS
sample_index=33 cpu_pipeline_ms=36.6584 gpu_pipeline_ms=6.52636 cpu_resource_sampling_overhead_ms=0.145311 gpu_resource_sampling_overhead_ms=0.0321 semantic_gates=16/16 timing_direct=true resource_overhead_excluded=true step_sum_used=false status=PASS
sample_index=34 cpu_pipeline_ms=36.7686 gpu_pipeline_ms=6.55445 cpu_resource_sampling_overhead_ms=0.12972 gpu_resource_sampling_overhead_ms=0.03255 semantic_gates=16/16 timing_direct=true resource_overhead_excluded=true step_sum_used=false status=PASS
sample_index=35 cpu_pipeline_ms=36.8712 gpu_pipeline_ms=6.64209 cpu_resource_sampling_overhead_ms=0.147232 gpu_resource_sampling_overhead_ms=0.03211 semantic_gates=16/16 timing_direct=true resource_overhead_excluded=true step_sum_used=false status=PASS
sample_index=36 cpu_pipeline_ms=37.2346 gpu_pipeline_ms=6.612 cpu_resource_sampling_overhead_ms=0.13656 gpu_resource_sampling_overhead_ms=0.03264 semantic_gates=16/16 timing_direct=true resource_overhead_excluded=true step_sum_used=false status=PASS
sample_index=37 cpu_pipeline_ms=36.7299 gpu_pipeline_ms=6.66066 cpu_resource_sampling_overhead_ms=0.128311 gpu_resource_sampling_overhead_ms=0.03217 semantic_gates=16/16 timing_direct=true resource_overhead_excluded=true step_sum_used=false status=PASS
sample_index=38 cpu_pipeline_ms=36.6039 gpu_pipeline_ms=6.47694 cpu_resource_sampling_overhead_ms=0.125924 gpu_resource_sampling_overhead_ms=0.03202 semantic_gates=16/16 timing_direct=true resource_overhead_excluded=true step_sum_used=false status=PASS
sample_index=39 cpu_pipeline_ms=36.8696 gpu_pipeline_ms=6.56162 cpu_resource_sampling_overhead_ms=0.133972 gpu_resource_sampling_overhead_ms=0.03233 semantic_gates=16/16 timing_direct=true resource_overhead_excluded=true step_sum_used=false status=PASS
sample_index=40 cpu_pipeline_ms=37.2147 gpu_pipeline_ms=6.68382 cpu_resource_sampling_overhead_ms=0.12595 gpu_resource_sampling_overhead_ms=0.032032 semantic_gates=16/16 timing_direct=true resource_overhead_excluded=true step_sum_used=false status=PASS
sample_index=41 cpu_pipeline_ms=36.577 gpu_pipeline_ms=6.54044 cpu_resource_sampling_overhead_ms=0.13198 gpu_resource_sampling_overhead_ms=0.031741 semantic_gates=16/16 timing_direct=true resource_overhead_excluded=true step_sum_used=false status=PASS
sample_index=42 cpu_pipeline_ms=36.6548 gpu_pipeline_ms=6.53585 cpu_resource_sampling_overhead_ms=0.128011 gpu_resource_sampling_overhead_ms=0.03253 semantic_gates=16/16 timing_direct=true resource_overhead_excluded=true step_sum_used=false status=PASS
sample_index=43 cpu_pipeline_ms=37.0363 gpu_pipeline_ms=6.58796 cpu_resource_sampling_overhead_ms=0.12725 gpu_resource_sampling_overhead_ms=0.03256 semantic_gates=16/16 timing_direct=true resource_overhead_excluded=true step_sum_used=false status=PASS
sample_index=44 cpu_pipeline_ms=36.9903 gpu_pipeline_ms=6.68889 cpu_resource_sampling_overhead_ms=0.136861 gpu_resource_sampling_overhead_ms=0.032701 semantic_gates=16/16 timing_direct=true resource_overhead_excluded=true step_sum_used=false status=PASS
sample_index=45 cpu_pipeline_ms=36.6951 gpu_pipeline_ms=6.73658 cpu_resource_sampling_overhead_ms=0.121691 gpu_resource_sampling_overhead_ms=0.03294 semantic_gates=16/16 timing_direct=true resource_overhead_excluded=true step_sum_used=false status=PASS
sample_index=46 cpu_pipeline_ms=36.6188 gpu_pipeline_ms=6.66644 cpu_resource_sampling_overhead_ms=0.12421 gpu_resource_sampling_overhead_ms=0.033081 semantic_gates=16/16 timing_direct=true resource_overhead_excluded=true step_sum_used=false status=PASS
sample_index=47 cpu_pipeline_ms=43.5042 gpu_pipeline_ms=6.61055 cpu_resource_sampling_overhead_ms=0.12416 gpu_resource_sampling_overhead_ms=0.03318 semantic_gates=16/16 timing_direct=true resource_overhead_excluded=true step_sum_used=false status=PASS
sample_index=48 cpu_pipeline_ms=39.1688 gpu_pipeline_ms=6.58243 cpu_resource_sampling_overhead_ms=0.148251 gpu_resource_sampling_overhead_ms=0.03292 semantic_gates=16/16 timing_direct=true resource_overhead_excluded=true step_sum_used=false status=PASS
sample_index=49 cpu_pipeline_ms=36.8351 gpu_pipeline_ms=6.66813 cpu_resource_sampling_overhead_ms=0.137431 gpu_resource_sampling_overhead_ms=0.03231 semantic_gates=16/16 timing_direct=true resource_overhead_excluded=true step_sum_used=false status=PASS
sample_index=50 cpu_pipeline_ms=37.1107 gpu_pipeline_ms=6.56191 cpu_resource_sampling_overhead_ms=0.131671 gpu_resource_sampling_overhead_ms=0.03257 semantic_gates=16/16 timing_direct=true resource_overhead_excluded=true step_sum_used=false status=PASS
sample_index=51 cpu_pipeline_ms=37.0891 gpu_pipeline_ms=6.57357 cpu_resource_sampling_overhead_ms=0.130141 gpu_resource_sampling_overhead_ms=0.03251 semantic_gates=16/16 timing_direct=true resource_overhead_excluded=true step_sum_used=false status=PASS
sample_index=52 cpu_pipeline_ms=37.0415 gpu_pipeline_ms=6.5496 cpu_resource_sampling_overhead_ms=0.129711 gpu_resource_sampling_overhead_ms=0.03251 semantic_gates=16/16 timing_direct=true resource_overhead_excluded=true step_sum_used=false status=PASS
sample_index=53 cpu_pipeline_ms=36.8622 gpu_pipeline_ms=6.54604 cpu_resource_sampling_overhead_ms=0.129511 gpu_resource_sampling_overhead_ms=0.03274 semantic_gates=16/16 timing_direct=true resource_overhead_excluded=true step_sum_used=false status=PASS
sample_index=54 cpu_pipeline_ms=36.7068 gpu_pipeline_ms=6.58725 cpu_resource_sampling_overhead_ms=0.127261 gpu_resource_sampling_overhead_ms=0.03263 semantic_gates=16/16 timing_direct=true resource_overhead_excluded=true step_sum_used=false status=PASS
sample_index=55 cpu_pipeline_ms=36.6009 gpu_pipeline_ms=6.53229 cpu_resource_sampling_overhead_ms=0.129412 gpu_resource_sampling_overhead_ms=0.03236 semantic_gates=16/16 timing_direct=true resource_overhead_excluded=true step_sum_used=false status=PASS
sample_index=56 cpu_pipeline_ms=37.0865 gpu_pipeline_ms=6.47112 cpu_resource_sampling_overhead_ms=0.127921 gpu_resource_sampling_overhead_ms=0.033161 semantic_gates=16/16 timing_direct=true resource_overhead_excluded=true step_sum_used=false status=PASS
sample_index=57 cpu_pipeline_ms=36.7662 gpu_pipeline_ms=6.62081 cpu_resource_sampling_overhead_ms=0.132051 gpu_resource_sampling_overhead_ms=0.03243 semantic_gates=16/16 timing_direct=true resource_overhead_excluded=true step_sum_used=false status=PASS
sample_index=58 cpu_pipeline_ms=36.5934 gpu_pipeline_ms=6.57663 cpu_resource_sampling_overhead_ms=0.128342 gpu_resource_sampling_overhead_ms=0.032751 semantic_gates=16/16 timing_direct=true resource_overhead_excluded=true step_sum_used=false status=PASS
sample_index=59 cpu_pipeline_ms=36.6076 gpu_pipeline_ms=6.61673 cpu_resource_sampling_overhead_ms=0.131661 gpu_resource_sampling_overhead_ms=0.03251 semantic_gates=16/16 timing_direct=true resource_overhead_excluded=true step_sum_used=false status=PASS
sample_index=60 cpu_pipeline_ms=36.9194 gpu_pipeline_ms=6.46596 cpu_resource_sampling_overhead_ms=0.136393 gpu_resource_sampling_overhead_ms=0.03245 semantic_gates=16/16 timing_direct=true resource_overhead_excluded=true step_sum_used=false status=PASS
sample_index=61 cpu_pipeline_ms=38.9137 gpu_pipeline_ms=6.73535 cpu_resource_sampling_overhead_ms=0.132 gpu_resource_sampling_overhead_ms=0.03307 semantic_gates=16/16 timing_direct=true resource_overhead_excluded=true step_sum_used=false status=PASS
sample_index=62 cpu_pipeline_ms=37.0315 gpu_pipeline_ms=6.76771 cpu_resource_sampling_overhead_ms=0.12216 gpu_resource_sampling_overhead_ms=0.03237 semantic_gates=16/16 timing_direct=true resource_overhead_excluded=true step_sum_used=false status=PASS
sample_index=63 cpu_pipeline_ms=36.8255 gpu_pipeline_ms=6.55461 cpu_resource_sampling_overhead_ms=0.13335 gpu_resource_sampling_overhead_ms=0.03287 semantic_gates=16/16 timing_direct=true resource_overhead_excluded=true step_sum_used=false status=PASS
sample_index=64 cpu_pipeline_ms=37.1437 gpu_pipeline_ms=6.71098 cpu_resource_sampling_overhead_ms=0.137152 gpu_resource_sampling_overhead_ms=0.03302 semantic_gates=16/16 timing_direct=true resource_overhead_excluded=true step_sum_used=false status=PASS
sample_index=65 cpu_pipeline_ms=37.0162 gpu_pipeline_ms=6.67433 cpu_resource_sampling_overhead_ms=0.138171 gpu_resource_sampling_overhead_ms=0.03232 semantic_gates=16/16 timing_direct=true resource_overhead_excluded=true step_sum_used=false status=PASS
sample_index=66 cpu_pipeline_ms=36.6853 gpu_pipeline_ms=6.62707 cpu_resource_sampling_overhead_ms=0.138721 gpu_resource_sampling_overhead_ms=0.03315 semantic_gates=16/16 timing_direct=true resource_overhead_excluded=true step_sum_used=false status=PASS
sample_index=67 cpu_pipeline_ms=36.8439 gpu_pipeline_ms=6.48646 cpu_resource_sampling_overhead_ms=0.128973 gpu_resource_sampling_overhead_ms=0.03297 semantic_gates=16/16 timing_direct=true resource_overhead_excluded=true step_sum_used=false status=PASS
sample_index=68 cpu_pipeline_ms=37.0243 gpu_pipeline_ms=6.48019 cpu_resource_sampling_overhead_ms=0.13529 gpu_resource_sampling_overhead_ms=0.03247 semantic_gates=16/16 timing_direct=true resource_overhead_excluded=true step_sum_used=false status=PASS
sample_index=69 cpu_pipeline_ms=37.2127 gpu_pipeline_ms=6.64502 cpu_resource_sampling_overhead_ms=0.13956 gpu_resource_sampling_overhead_ms=0.03361 semantic_gates=16/16 timing_direct=true resource_overhead_excluded=true step_sum_used=false status=PASS
sample_index=70 cpu_pipeline_ms=36.4685 gpu_pipeline_ms=6.61033 cpu_resource_sampling_overhead_ms=0.11875 gpu_resource_sampling_overhead_ms=0.03324 semantic_gates=16/16 timing_direct=true resource_overhead_excluded=true step_sum_used=false status=PASS
sample_index=71 cpu_pipeline_ms=36.6295 gpu_pipeline_ms=6.56155 cpu_resource_sampling_overhead_ms=0.122691 gpu_resource_sampling_overhead_ms=0.03245 semantic_gates=16/16 timing_direct=true resource_overhead_excluded=true step_sum_used=false status=PASS
sample_index=72 cpu_pipeline_ms=36.9436 gpu_pipeline_ms=6.65765 cpu_resource_sampling_overhead_ms=0.121922 gpu_resource_sampling_overhead_ms=0.03283 semantic_gates=16/16 timing_direct=true resource_overhead_excluded=true step_sum_used=false status=PASS
sample_index=73 cpu_pipeline_ms=36.8046 gpu_pipeline_ms=6.55451 cpu_resource_sampling_overhead_ms=0.144454 gpu_resource_sampling_overhead_ms=0.032761 semantic_gates=16/16 timing_direct=true resource_overhead_excluded=true step_sum_used=false status=PASS
sample_index=74 cpu_pipeline_ms=38.9785 gpu_pipeline_ms=7.04619 cpu_resource_sampling_overhead_ms=0.128901 gpu_resource_sampling_overhead_ms=0.03235 semantic_gates=16/16 timing_direct=true resource_overhead_excluded=true step_sum_used=false status=PASS
sample_index=75 cpu_pipeline_ms=36.5266 gpu_pipeline_ms=6.98762 cpu_resource_sampling_overhead_ms=0.1325 gpu_resource_sampling_overhead_ms=0.03291 semantic_gates=16/16 timing_direct=true resource_overhead_excluded=true step_sum_used=false status=PASS
sample_index=76 cpu_pipeline_ms=36.7038 gpu_pipeline_ms=6.88299 cpu_resource_sampling_overhead_ms=0.146553 gpu_resource_sampling_overhead_ms=0.03276 semantic_gates=16/16 timing_direct=true resource_overhead_excluded=true step_sum_used=false status=PASS
sample_index=77 cpu_pipeline_ms=36.6951 gpu_pipeline_ms=6.95894 cpu_resource_sampling_overhead_ms=0.147971 gpu_resource_sampling_overhead_ms=0.03295 semantic_gates=16/16 timing_direct=true resource_overhead_excluded=true step_sum_used=false status=PASS
sample_index=78 cpu_pipeline_ms=36.807 gpu_pipeline_ms=6.93579 cpu_resource_sampling_overhead_ms=0.13153 gpu_resource_sampling_overhead_ms=0.03209 semantic_gates=16/16 timing_direct=true resource_overhead_excluded=true step_sum_used=false status=PASS
sample_index=79 cpu_pipeline_ms=36.593 gpu_pipeline_ms=6.85771 cpu_resource_sampling_overhead_ms=0.131881 gpu_resource_sampling_overhead_ms=0.03287 semantic_gates=16/16 timing_direct=true resource_overhead_excluded=true step_sum_used=false status=PASS
sample_index=80 cpu_pipeline_ms=37.3244 gpu_pipeline_ms=6.78377 cpu_resource_sampling_overhead_ms=0.135681 gpu_resource_sampling_overhead_ms=0.03357 semantic_gates=16/16 timing_direct=true resource_overhead_excluded=true step_sum_used=false status=PASS
sample_index=81 cpu_pipeline_ms=37.3061 gpu_pipeline_ms=6.86456 cpu_resource_sampling_overhead_ms=0.14691 gpu_resource_sampling_overhead_ms=0.032751 semantic_gates=16/16 timing_direct=true resource_overhead_excluded=true step_sum_used=false status=PASS
sample_index=82 cpu_pipeline_ms=36.9445 gpu_pipeline_ms=6.82148 cpu_resource_sampling_overhead_ms=0.122111 gpu_resource_sampling_overhead_ms=0.03278 semantic_gates=16/16 timing_direct=true resource_overhead_excluded=true step_sum_used=false status=PASS
sample_index=83 cpu_pipeline_ms=36.4964 gpu_pipeline_ms=6.98679 cpu_resource_sampling_overhead_ms=0.12391 gpu_resource_sampling_overhead_ms=0.03256 semantic_gates=16/16 timing_direct=true resource_overhead_excluded=true step_sum_used=false status=PASS
sample_index=84 cpu_pipeline_ms=36.9077 gpu_pipeline_ms=6.7725 cpu_resource_sampling_overhead_ms=0.12391 gpu_resource_sampling_overhead_ms=0.03224 semantic_gates=16/16 timing_direct=true resource_overhead_excluded=true step_sum_used=false status=PASS
sample_index=85 cpu_pipeline_ms=36.8072 gpu_pipeline_ms=7.30487 cpu_resource_sampling_overhead_ms=0.13296 gpu_resource_sampling_overhead_ms=0.033591 semantic_gates=16/16 timing_direct=true resource_overhead_excluded=true step_sum_used=false status=PASS
sample_index=86 cpu_pipeline_ms=36.8623 gpu_pipeline_ms=6.73847 cpu_resource_sampling_overhead_ms=0.126773 gpu_resource_sampling_overhead_ms=0.03257 semantic_gates=16/16 timing_direct=true resource_overhead_excluded=true step_sum_used=false status=PASS
sample_index=87 cpu_pipeline_ms=36.64 gpu_pipeline_ms=6.9047 cpu_resource_sampling_overhead_ms=0.13855 gpu_resource_sampling_overhead_ms=0.032592 semantic_gates=16/16 timing_direct=true resource_overhead_excluded=true step_sum_used=false status=PASS
sample_index=88 cpu_pipeline_ms=37.11 gpu_pipeline_ms=6.57443 cpu_resource_sampling_overhead_ms=0.124502 gpu_resource_sampling_overhead_ms=0.03261 semantic_gates=16/16 timing_direct=true resource_overhead_excluded=true step_sum_used=false status=PASS
sample_index=89 cpu_pipeline_ms=36.8031 gpu_pipeline_ms=6.5793 cpu_resource_sampling_overhead_ms=0.128562 gpu_resource_sampling_overhead_ms=0.032781 semantic_gates=16/16 timing_direct=true resource_overhead_excluded=true step_sum_used=false status=PASS
sample_index=90 cpu_pipeline_ms=36.8954 gpu_pipeline_ms=6.4956 cpu_resource_sampling_overhead_ms=0.117671 gpu_resource_sampling_overhead_ms=0.03252 semantic_gates=16/16 timing_direct=true resource_overhead_excluded=true step_sum_used=false status=PASS
sample_index=91 cpu_pipeline_ms=36.5998 gpu_pipeline_ms=6.80815 cpu_resource_sampling_overhead_ms=0.131811 gpu_resource_sampling_overhead_ms=0.03203 semantic_gates=16/16 timing_direct=true resource_overhead_excluded=true step_sum_used=false status=PASS
sample_index=92 cpu_pipeline_ms=36.9623 gpu_pipeline_ms=6.67355 cpu_resource_sampling_overhead_ms=0.138811 gpu_resource_sampling_overhead_ms=0.0323 semantic_gates=16/16 timing_direct=true resource_overhead_excluded=true step_sum_used=false status=PASS
sample_index=93 cpu_pipeline_ms=36.8273 gpu_pipeline_ms=6.57947 cpu_resource_sampling_overhead_ms=0.133171 gpu_resource_sampling_overhead_ms=0.03227 semantic_gates=16/16 timing_direct=true resource_overhead_excluded=true step_sum_used=false status=PASS
sample_index=94 cpu_pipeline_ms=43.629 gpu_pipeline_ms=6.62199 cpu_resource_sampling_overhead_ms=0.123141 gpu_resource_sampling_overhead_ms=0.03264 semantic_gates=16/16 timing_direct=true resource_overhead_excluded=true step_sum_used=false status=PASS
sample_index=95 cpu_pipeline_ms=36.9388 gpu_pipeline_ms=6.62274 cpu_resource_sampling_overhead_ms=0.128972 gpu_resource_sampling_overhead_ms=0.03333 semantic_gates=16/16 timing_direct=true resource_overhead_excluded=true step_sum_used=false status=PASS
sample_index=96 cpu_pipeline_ms=36.8998 gpu_pipeline_ms=6.45987 cpu_resource_sampling_overhead_ms=0.13308 gpu_resource_sampling_overhead_ms=0.032251 semantic_gates=16/16 timing_direct=true resource_overhead_excluded=true step_sum_used=false status=PASS
sample_index=97 cpu_pipeline_ms=37 gpu_pipeline_ms=6.53364 cpu_resource_sampling_overhead_ms=0.13315 gpu_resource_sampling_overhead_ms=0.033071 semantic_gates=16/16 timing_direct=true resource_overhead_excluded=true step_sum_used=false status=PASS
sample_index=98 cpu_pipeline_ms=36.9968 gpu_pipeline_ms=6.59498 cpu_resource_sampling_overhead_ms=0.12846 gpu_resource_sampling_overhead_ms=0.03231 semantic_gates=16/16 timing_direct=true resource_overhead_excluded=true step_sum_used=false status=PASS
sample_index=99 cpu_pipeline_ms=36.8845 gpu_pipeline_ms=6.66076 cpu_resource_sampling_overhead_ms=0.133201 gpu_resource_sampling_overhead_ms=0.03205 semantic_gates=16/16 timing_direct=true resource_overhead_excluded=true step_sum_used=false status=PASS
function=Task2 frozen full six-step pipeline
call_chain=Step1->Step2;Step2+Step1->Step3;Step3 dual outputs->Step4;Step4->Step5;Step5+Step4+Kalman/delay->Step6
timing=pipeline_total measured directly;not=sum(step timings)
cpu_correlation_method=direct_parallel_exact workers=255
resource_sampling_mode=same_pipeline_execution
status=PASS return_code=0
