[stage08-b02] operator=triang entry=cpu:triang_typed_cpu gpu:triang_device
[stage08-b02] config=test_all/configs/operators/windows/triang/operator_scales.json config_sha256=d7de5774be071f747c6bdb46d3373673771af1a8190a816ca4092657ec7a5dfd
[stage08-b02] run_type=formal scale=triang_int8_10e3 dtype=INT8 sym=false backend=not_applicable
[stage08-b02] dtype_semantics=request_variant_no_typed_data_input typed_input_count=0 actual_input_digest=2c38ec22bc77639b93e2a6d9754d3f2496f591bfbe0e68f1bc4d9177dfcd796d
[stage08-b02] timing_scope=compatibility/end-to-end warmup=20 measured=100
[stage08-b02] cpu_mean_ms=0.010065680000000011 gpu_mean_ms=0.25553486999999997 speedup=0.039390631893017232
[stage08-b02] mse=1.6915591490001333e-16 rmse=1.3005995344456083e-08 relative_l2=2.25045291486614e-08 relative_linf=2.9742836749058199e-08
[stage08-b02] resources=available cuda_event_ms=0.27349600195884705
[stage08-b02] status=PASS error_code=OK
[stage08] identity and status
target | scale_id         | device | backend        | dtype | warmup | measured | timing_scope             | status | error_code
triang | triang_int8_10e3 | CPU    | not_applicable | INT8  | 20     | 100      | compatibility/end-to-end | PASS   | OK        
triang | triang_int8_10e3 | GPU    | not_applicable | INT8  | 20     | 100      | compatibility/end-to-end | PASS   | OK        

[stage08] timing detail
device | mean_ms              | p50_ms               | p95_ms              | p99_ms               | min_ms               | max_ms               | std_ms                 | cv                    | speedup             
CPU    | 0.010065680000000011 | 0.010065500000000002 | 0.01009             | 0.010100899999999999 | 0.010011000000000001 | 0.010189999999999999 | 1.9318840544918895e-05 | 0.0019192782350441176 | NA                  
GPU    | 0.25553486999999997  | 0.25333249999999996  | 0.26467299999999999 | 0.32435050000000004  | 0.242452             | 0.33499299999999999  | 0.011794525489950837   | 0.046156227093198041  | 0.039390631893017232

[stage08] accuracy detail
accuracy_reference  | mse                    | rmse                   | relative_l2          | relative_linf          | exact_match | mismatch_count | semantic_check                                                                                       | status
cpu_typed_reference | 1.6915591490001333e-16 | 1.3005995344456083e-08 | 2.25045291486614e-08 | 2.9742836749058199e-08 | NA          | NA             | finite_fp64_triangular_window_shape_parity_and_symmetry_match_cpu:shape=[1000];finite=true;sym=false | PASS  

[stage08] resource detail
device | metric     | before_bytes | after_bytes | peak_bytes | delta_bytes
CPU    | cpu_heap   | 1456848      | 1460672     | 1467568    | 3824       
CPU    | rss        | 70549504     | 70549504    | 70549504   | 0          
GPU    | cpu_heap   | 1460672      | 1463472     | 1470544    | 2800       
GPU    | rss        | 70549504     | 70549504    | 70549504   | 0          
GPU    | gpu_memory | 357777408    | 357777408   | 357777408  | 0          

[stage08] input/output identity
device | input_digest                                                     | output_digest                                                   
CPU    | 2c38ec22bc77639b93e2a6d9754d3f2496f591bfbe0e68f1bc4d9177dfcd796d | 9254692a5f95ea51301292e205958bbe26037fa2bdc59a7e903fb13c35916180
GPU    | 2c38ec22bc77639b93e2a6d9754d3f2496f591bfbe0e68f1bc4d9177dfcd796d | 03ee1e19492c933716e207afaec1a1895598f9b2fdef367f52c045d1330eea59

[stage08] dtype evidence
requested_dtype | config_input_dtype | output_dtype | actual_input_digest                                              | status
INT8            | INT8               | FP64         | 2c38ec22bc77639b93e2a6d9754d3f2496f591bfbe0e68f1bc4d9177dfcd796d | PASS  

[stage08] evidence files
kind        | path                                                                                                                                                                                                                                     
main_csv    | /tmp/ZKX_dev/results/stage08_table_rerun_triang_47ebe13410d3/formal/20260810T032049Z_47ebe13410d3_stage08_b02_formal_8822001b/operator_main_results_triang_not_applicable_20260810T032049Z_47ebe13410d3_stage08_b02_formal_8822001b.csv  
timing_csv  | /tmp/ZKX_dev/results/stage08_table_rerun_triang_47ebe13410d3/formal/20260810T032049Z_47ebe13410d3_stage08_b02_formal_8822001b/operator_timing_samples_triang_not_applicable_20260810T032049Z_47ebe13410d3_stage08_b02_formal_8822001b.csv
memory_csv  | /tmp/ZKX_dev/results/stage08_table_rerun_triang_47ebe13410d3/formal/20260810T032049Z_47ebe13410d3_stage08_b02_formal_8822001b/operator_windows_triang_memory_trace_not_applicable.csv                                                    
dtype_csv   | /tmp/ZKX_dev/results/stage08_table_rerun_triang_47ebe13410d3/formal/20260810T032049Z_47ebe13410d3_stage08_b02_formal_8822001b/operator_dtype_evidence_triang_not_applicable_20260810T032049Z_47ebe13410d3_stage08_b02_formal_8822001b.csv
module_csv  | /tmp/ZKX_dev/results/stage08_table_rerun_triang_47ebe13410d3/formal/20260810T032049Z_47ebe13410d3_stage08_b02_formal_8822001b/windows_batch02_module_summary_not_applicable_20260810T032049Z_47ebe13410d3_stage08_b02_formal_8822001b.csv
report_json | /tmp/ZKX_dev/results/stage08_table_rerun_triang_47ebe13410d3/formal/20260810T032049Z_47ebe13410d3_stage08_b02_formal_8822001b/operator_triang_report.json                                                                                
summary_txt | /tmp/ZKX_dev/results/stage08_table_rerun_triang_47ebe13410d3/formal/20260810T032049Z_47ebe13410d3_stage08_b02_formal_8822001b/operator_triang_summary.txt                                                                                
full_log    | /tmp/ZKX_dev/results/stage08_table_rerun_triang_47ebe13410d3/formal/20260810T032049Z_47ebe13410d3_stage08_b02_formal_8822001b/operator_triang_full.log                                                                                   
results_dir | /tmp/ZKX_dev/results/stage08_table_rerun_triang_47ebe13410d3/formal/20260810T032049Z_47ebe13410d3_stage08_b02_formal_8822001b                                                                                                            
