command=/tmp/ZKX_dev/build_stage07_b01_pulse_doppler_1662dd06774d/stage07_radartools_pulse_doppler --dtype FP16 --warmup 20 --measured 100 --output /tmp/ZKX_dev/results/stage07_b01_input_preview_1662dd06774d/formal/20260810T081057Z_1662dd06774d_stage07_b01_formal_9b9c7a9a/pulse_doppler_probe_raw.json --n0 16 --n1 16 --nfft 16
STAGE07_RADAR_PROBE PASS operator=pulse_doppler dtype=FP16
{"run_id": "20260810T081057Z_1662dd06774d_stage07_b01_formal_9b9c7a9a", "case_id": "pulse_doppler__pd_fp16_10e2__09f0435ca605824e", "operator_name": "pulse_doppler", "scale_id": "pd_fp16_10e2", "requested_dtype": "FP16", "config_input_dtype": "ComplexFP16", "input_content": [{"input_name": "compressed", "shape": "[16x16]", "dtype": "ComplexFP16", "element_count": "256", "generator": "complex_modular(seed=11,integral=false)", "preview_head4_tail2": "i=0:(-1.25,-0.5);i=1:(-0.75,-1);i=2:(-0.25,0.75);i=3:(0.25,0.25);i=254:(-0.75,0.75);i=255:(-0.25,0.25)"}], "case_parameters": {"num_pulses": 16, "samples_per_pulse": 16, "nfft": 16, "window": "none"}, "output_dtype": "ComplexFP32", "backend": "fft_thrust", "warmup_runs": 20, "measured_runs": 100, "mse": 5.9924e-12, "rmse": 2.44794e-06, "relative_l2": 8.47163e-07, "relative_linf": 1.36955e-06, "exact_match": true, "mismatch_count": 0, "semantic_check": true, "actual_input_digest": "09f0435ca605824e10e8d9e578d0972c4e6ea624642eb28c9f6bf848e770f625", "status": "PASS", "error_code": "OK"}
[stage07] identity and status
+---------------+--------------+--------+------------+-------+--------+----------+--------------------------+--------+------------+
| target        | scale_id     | device | backend    | dtype | warmup | measured | timing_scope             | status | error_code |
+---------------+--------------+--------+------------+-------+--------+----------+--------------------------+--------+------------+
| pulse_doppler | pd_fp16_10e2 | CPU    | fft_thrust | FP16  | 20     | 100      | compatibility/end-to-end | PASS   | OK         |
| pulse_doppler | pd_fp16_10e2 | GPU    | fft_thrust | FP16  | 20     | 100      | compatibility/end-to-end | PASS   | OK         |
+---------------+--------------+--------+------------+-------+--------+----------+--------------------------+--------+------------+

[stage07] timing detail
+--------+---------------------+-----------+-----------+--------------------+----------+----------+----------------------+---------------------+--------------------+
| device | mean_ms             | p50_ms    | p95_ms    | p99_ms             | min_ms   | max_ms   | std_ms               | cv                  | speedup            |
+--------+---------------------+-----------+-----------+--------------------+----------+----------+----------------------+---------------------+--------------------+
| CPU    | 0.43831539999999997 | 0.437128  | 0.4460905 | 0.4491444900000001 | 0.436409 | 0.474438 | 0.004524416762412588 | 0.01032228564730463 | NA                 |
| GPU    | 0.34777649          | 0.3433485 | 0.3697145 | 0.4258477900000004 | 0.335979 | 0.499978 | 0.01936549007409572  | 0.05568372397483143 | 1.2603364879552381 |
+--------+---------------------+-----------+-----------+--------------------+----------+----------+----------------------+---------------------+--------------------+

[stage07] accuracy detail
+---------------------+------------+-------------+-------------+---------------+-------------+----------------+---------------------------------+--------+
| reference           | mse        | rmse        | relative_l2 | relative_linf | exact_match | mismatch_count | semantic_check                  | status |
+---------------------+------------+-------------+-------------+---------------+-------------+----------------+---------------------------------+--------+
| typed_cpu_reference | 5.9924e-12 | 2.44794e-06 | 8.47163e-07 | 1.36955e-06   | NA          | NA             | typed_output_shape_dtype_finite | PASS   |
+---------------------+------------+-------------+-------------+---------------+-------------+----------------+---------------------------------+--------+

[stage07] resource detail
+--------+------------+--------------+-------------+------------+-------------+
| device | metric     | before_bytes | after_bytes | peak_bytes | delta_bytes |
+--------+------------+--------------+-------------+------------+-------------+
| CPU    | cpu_heap   | 1478192      | 1479216     | 1480160    | 1024        |
| CPU    | rss        | 70426624     | 70426624    | 70426624   | 0           |
| GPU    | cpu_heap   | 1479216      | 1482192     | 1482192    | 2976        |
| GPU    | rss        | 70426624     | 70426624    | 70426624   | 0           |
| GPU    | gpu_memory | 341000192    | 341000192   | 341000192  | 0           |
+--------+------------+--------------+-------------+------------+-------------+

[stage07] input content
+------------+---------+-------------+----------+-----------------------------------------+--------------------------------------------------------------------------------------------------------+
| input_name | shape   | dtype       | elements | generator                               | values(head4/tail2)                                                                                    |
+------------+---------+-------------+----------+-----------------------------------------+--------------------------------------------------------------------------------------------------------+
| compressed | [16x16] | ComplexFP16 | 256      | complex_modular(seed=11,integral=false) | i=0:(-1.25,-0.5);i=1:(-0.75,-1);i=2:(-0.25,0.75);i=3:(0.25,0.25);i=254:(-0.75,0.75);i=255:(-0.25,0.25) |
+------------+---------+-------------+----------+-----------------------------------------+--------------------------------------------------------------------------------------------------------+

[stage07] case parameters
+--------------------------------------------------------------------+
| parameters                                                         |
+--------------------------------------------------------------------+
| {"nfft":16,"num_pulses":16,"samples_per_pulse":16,"window":"none"} |
+--------------------------------------------------------------------+

[stage07] input and output identity
+--------+------------------------------------------------------------------+------------------------------------------------------------------+
| device | input_digest                                                     | output_digest                                                    |
+--------+------------------------------------------------------------------+------------------------------------------------------------------+
| CPU    | 09f0435ca605824e10e8d9e578d0972c4e6ea624642eb28c9f6bf848e770f625 | 22b60934e80e2bbebc6b526dd49b090d479712221b347dc2d2d5331a5fc5145f |
| GPU    | 09f0435ca605824e10e8d9e578d0972c4e6ea624642eb28c9f6bf848e770f625 | 15b6c1bed5fe069203c68a1aec7698352c7bfdfb0e44d1b82b6821dcb7c17a28 |
+--------+------------------------------------------------------------------+------------------------------------------------------------------+

[stage07] dtype evidence
+-----------------+--------------------+--------------+------------------------------------------------------------------+
| requested_dtype | config_input_dtype | output_dtype | actual_input_digest                                              |
+-----------------+--------------------+--------------+------------------------------------------------------------------+
| FP16            | ComplexFP16        | ComplexFP32  | 09f0435ca605824e10e8d9e578d0972c4e6ea624642eb28c9f6bf848e770f625 |
+-----------------+--------------------+--------------+------------------------------------------------------------------+

[stage07] evidence files
+-------------+---------------------------------------------------------------------------------------------------------------------------------------------------------------------------------------------------------------------------------------------+
| kind        | path                                                                                                                                                                                                                                        |
+-------------+---------------------------------------------------------------------------------------------------------------------------------------------------------------------------------------------------------------------------------------------+
| main_csv    | /tmp/ZKX_dev/results/stage07_b01_input_preview_1662dd06774d/formal/20260810T081057Z_1662dd06774d_stage07_b01_formal_9b9c7a9a/operator_main_results_pulse_doppler_fft_thrust_20260810T081057Z_1662dd06774d_stage07_b01_formal_9b9c7a9a.csv   |
| timing_csv  | /tmp/ZKX_dev/results/stage07_b01_input_preview_1662dd06774d/formal/20260810T081057Z_1662dd06774d_stage07_b01_formal_9b9c7a9a/operator_timing_samples_pulse_doppler_fft_thrust_20260810T081057Z_1662dd06774d_stage07_b01_formal_9b9c7a9a.csv |
| memory_csv  | /tmp/ZKX_dev/results/stage07_b01_input_preview_1662dd06774d/formal/20260810T081057Z_1662dd06774d_stage07_b01_formal_9b9c7a9a/operator_radartools_pulse_doppler_memory_trace_fft_thrust.csv                                                  |
| dtype_csv   | /tmp/ZKX_dev/results/stage07_b01_input_preview_1662dd06774d/formal/20260810T081057Z_1662dd06774d_stage07_b01_formal_9b9c7a9a/operator_dtype_evidence_pulse_doppler_fft_thrust_20260810T081057Z_1662dd06774d_stage07_b01_formal_9b9c7a9a.csv |
| report_json | /tmp/ZKX_dev/results/stage07_b01_input_preview_1662dd06774d/formal/20260810T081057Z_1662dd06774d_stage07_b01_formal_9b9c7a9a/operator_pulse_doppler_report.json                                                                             |
| summary_txt | /tmp/ZKX_dev/results/stage07_b01_input_preview_1662dd06774d/formal/20260810T081057Z_1662dd06774d_stage07_b01_formal_9b9c7a9a/operator_pulse_doppler_summary.txt                                                                             |
| full_log    | /tmp/ZKX_dev/results/stage07_b01_input_preview_1662dd06774d/formal/20260810T081057Z_1662dd06774d_stage07_b01_formal_9b9c7a9a/operator_pulse_doppler_full.log                                                                                |
| result_dir  | /tmp/ZKX_dev/results/stage07_b01_input_preview_1662dd06774d/formal/20260810T081057Z_1662dd06774d_stage07_b01_formal_9b9c7a9a                                                                                                                |
+-------------+---------------------------------------------------------------------------------------------------------------------------------------------------------------------------------------------------------------------------------------------+
