[stage08-b01] operator=general_cosine entry=cpu:general_cosine_typed_cpu gpu:general_cosine_device
[stage08-b01] config=test_all/configs/operators/windows/general_cosine/operator_scales.json config_sha256=98e7d3d2716deaf919d8883f5caa73c3f61a1ce37bffff86a62a6be43aa66f64
[stage08-b01] run_type=formal scale=general_cosine_fp16_10e3 dtype=FP16 sym=true backend=not_applicable
[stage08-b01] dtype_semantics=actual_typed_array_input typed_input_count=3 actual_input_digest=8e3a195c7bfa638e58e37f1b76ea1968b7563c467a2e6ee8c054a260c53959a5
[stage08-b01] timing_scope=compatibility/end-to-end warmup=20 measured=100
[stage08-b01] cpu_mean_ms=0.14258831 gpu_mean_ms=0.35651182999999986 speedup=0.39995393701241289
[stage08-b01] mse=6.8337883865794393e-14 rmse=2.6141515615165545e-07 relative_l2=1.3980219715824028e-07 relative_linf=3.2705744940785883e-07
[stage08-b01] resources=available cuda_event_ms=0.36146599054336548
[stage08-b01] status=PASS error_code=OK
[stage08] identity and status
target         | scale_id                 | device | backend        | dtype | warmup | measured | timing_scope             | status | error_code
general_cosine | general_cosine_fp16_10e3 | CPU    | not_applicable | FP16  | 20     | 100      | compatibility/end-to-end | PASS   | OK        
general_cosine | general_cosine_fp16_10e3 | GPU    | not_applicable | FP16  | 20     | 100      | compatibility/end-to-end | PASS   | OK        

[stage08] timing detail
device | mean_ms             | p50_ms              | p95_ms              | p99_ms              | min_ms              | max_ms              | std_ms                | cv                   | speedup            
CPU    | 0.14258831          | 0.1422215           | 0.14254195          | 0.15080570000000004 | 0.141791            | 0.15523100000000001 | 0.0019194753902824608 | 0.013461660288157288 | NA                 
GPU    | 0.35651182999999986 | 0.35235300000000003 | 0.36384749999999999 | 0.49261791000000055 | 0.33270300000000003 | 0.60190500000000002 | 0.031891859339039798  | 0.089455262505706498 | 0.39995393701241289

[stage08] accuracy detail
accuracy_reference  | mse                    | rmse                   | relative_l2            | relative_linf          | exact_match | mismatch_count | semantic_check                                                                                 | status
cpu_typed_reference | 6.8337883865794393e-14 | 2.6141515615165545e-07 | 1.3980219715824028e-07 | 3.2705744940785883e-07 | NA          | NA             | finite_fp64_window_shape_coefficients_and_symmetry_match_cpu:shape=[1000];finite=true;sym=true | PASS  

[stage08] resource detail
device | metric     | before_bytes | after_bytes | peak_bytes | delta_bytes
CPU    | cpu_heap   | 1472416      | 1476240     | 1483136    | 3824       
CPU    | rss        | 70807552     | 70807552    | 70807552   | 0          
GPU    | cpu_heap   | 1476240      | 1479328     | 1486864    | 3088       
GPU    | rss        | 70807552     | 70807552    | 70807552   | 0          
GPU    | gpu_memory | 357777408    | 357777408   | 357777408  | 0          

[stage08] input/output identity
device | input_digest                                                     | output_digest                                                   
CPU    | 8e3a195c7bfa638e58e37f1b76ea1968b7563c467a2e6ee8c054a260c53959a5 | 07573c8d07f950a6f40641556502aaccecc7dc37efd6bb66dc11f9c35f338177
GPU    | 8e3a195c7bfa638e58e37f1b76ea1968b7563c467a2e6ee8c054a260c53959a5 | 7d05df90a00a322b0148050e05b871541f7af1974f5882657247a9327aae0621

[stage08] dtype evidence
requested_dtype | config_input_dtype | output_dtype | actual_input_digest                                              | status
FP16            | FP16               | FP64         | 8e3a195c7bfa638e58e37f1b76ea1968b7563c467a2e6ee8c054a260c53959a5 | PASS  

[stage08] evidence files
kind        | path                                                                                                                                                                                                                                                     
main_csv    | /tmp/ZKX_dev/results/stage08_table_rerun_general_cosine_47ebe13410d3/formal/20260810T031950Z_47ebe13410d3_stage08_b01_formal_88110008/operator_main_results_general_cosine_not_applicable_20260810T031950Z_47ebe13410d3_stage08_b01_formal_88110008.csv  
timing_csv  | /tmp/ZKX_dev/results/stage08_table_rerun_general_cosine_47ebe13410d3/formal/20260810T031950Z_47ebe13410d3_stage08_b01_formal_88110008/operator_timing_samples_general_cosine_not_applicable_20260810T031950Z_47ebe13410d3_stage08_b01_formal_88110008.csv
memory_csv  | /tmp/ZKX_dev/results/stage08_table_rerun_general_cosine_47ebe13410d3/formal/20260810T031950Z_47ebe13410d3_stage08_b01_formal_88110008/operator_windows_general_cosine_memory_trace_not_applicable.csv                                                    
dtype_csv   | /tmp/ZKX_dev/results/stage08_table_rerun_general_cosine_47ebe13410d3/formal/20260810T031950Z_47ebe13410d3_stage08_b01_formal_88110008/operator_dtype_evidence_general_cosine_not_applicable_20260810T031950Z_47ebe13410d3_stage08_b01_formal_88110008.csv
module_csv  | /tmp/ZKX_dev/results/stage08_table_rerun_general_cosine_47ebe13410d3/formal/20260810T031950Z_47ebe13410d3_stage08_b01_formal_88110008/windows_batch01_module_summary_not_applicable_20260810T031950Z_47ebe13410d3_stage08_b01_formal_88110008.csv        
report_json | /tmp/ZKX_dev/results/stage08_table_rerun_general_cosine_47ebe13410d3/formal/20260810T031950Z_47ebe13410d3_stage08_b01_formal_88110008/operator_general_cosine_report.json                                                                                
summary_txt | /tmp/ZKX_dev/results/stage08_table_rerun_general_cosine_47ebe13410d3/formal/20260810T031950Z_47ebe13410d3_stage08_b01_formal_88110008/operator_general_cosine_summary.txt                                                                                
full_log    | /tmp/ZKX_dev/results/stage08_table_rerun_general_cosine_47ebe13410d3/formal/20260810T031950Z_47ebe13410d3_stage08_b01_formal_88110008/operator_general_cosine_full.log                                                                                   
results_dir | /tmp/ZKX_dev/results/stage08_table_rerun_general_cosine_47ebe13410d3/formal/20260810T031950Z_47ebe13410d3_stage08_b01_formal_88110008                                                                                                                    
