command=build_stage08_b04_correlate2d_e458c69972d3/stage08_convolution_correlate2d --dtype INT16 --rows1 10 --cols1 10 --rows2 3 --cols2 3 --mode same --boundary fill --fillvalue 1 --seed 84040001 --warmup 20 --measured 100 --output /tmp/ZKX_dev/results/stage08_input_preview_b04_correlate2d_db927ed96663/formal/20260810T083658Z_db927ed96663_stage08_b04_formal_b401000a/correlate2d_probe_raw.json
STAGE08_CORRELATE2D_PROBE PASS dtype=INT16 mode=same boundary=fill backend=not_applicable
{"actual_input_digest": "8fa0cd93f5d111460cb0c75c545e5a4faecb08c776a4bf4597ce04f5c65eeb58", "backend": "not_applicable", "boundary": "fill", "boundary_effect": "active", "case_id": "correlate2d__correlate2d_int16_10e2__8fa0cd93f5d11146", "compute_dtype": "FP32", "dtype_semantics": "actual_same_dtype_arrays_fp32_legal_extension", "error_code": "OK", "fft_dtype": "not_applicable", "measured_runs": 100, "metrics": {"exact_match": true, "mismatch_count": 0, "mse": 0, "relative_l2": 0, "relative_linf": 0, "rmse": 0}, "mode": "same", "native_capability": "approved_legal_extension", "operator_name": "correlate2d", "output_dtype": "INT16", "requested_dtype": "INT16", "run_id": "20260810T083658Z_db927ed96663_stage08_b04_formal_b401000a", "scale_id": "correlate2d_int16_10e2", "schema_version": 1, "status": "PASS", "typed_input_count": 2, "typed_input_names": "in1|in2", "warmup_runs": 20}
[stage08] identity and status
+-------------+------------------------+--------+----------------+-------+--------+----------+--------------------------+--------+------------+
| target      | scale_id               | device | backend        | dtype | warmup | measured | timing_scope             | status | error_code |
+-------------+------------------------+--------+----------------+-------+--------+----------+--------------------------+--------+------------+
| correlate2d | correlate2d_int16_10e2 | CPU    | not_applicable | INT16 | 20     | 100      | compatibility/end-to-end | PASS   | OK         |
| correlate2d | correlate2d_int16_10e2 | GPU    | not_applicable | INT16 | 20     | 100      | compatibility/end-to-end | PASS   | OK         |
+-------------+------------------------+--------+----------------+-------+--------+----------+--------------------------+--------+------------+

[stage08] timing detail
+--------+----------------------+---------------------+---------------------+----------------------+----------------------+---------------------+------------------------+-----------------------+----------------------+
| device | mean_ms              | p50_ms              | p95_ms              | p99_ms               | min_ms               | max_ms              | std_ms                 | cv                    | speedup              |
+--------+----------------------+---------------------+---------------------+----------------------+----------------------+---------------------+------------------------+-----------------------+----------------------+
| CPU    | 0.021455720000000001 | 0.02145             | 0.02154             | 0.021560010000000001 | 0.021350000000000001 | 0.021561            | 4.7993766261880275e-05 | 0.0022368751205683272 | NA                   |
| GPU    | 0.29460498000000002  | 0.28995150000000003 | 0.31065950000000003 | 0.35778252000000094  | 0.284412             | 0.54009300000000005 | 0.026418693882544614   | 0.089674973866852525  | 0.072828775671069781 |
+--------+----------------------+---------------------+---------------------+----------------------+----------------------+---------------------+------------------------+-----------------------+----------------------+

[stage08] accuracy detail
+-------------------------------------------+-----+------+-------------+---------------+-------------+----------------+----------------------------------------------------------------------------------------------------------+--------+
| accuracy_reference                        | mse | rmse | relative_l2 | relative_linf | exact_match | mismatch_count | semantic_check                                                                                           | status |
+-------------------------------------------+-----+------+-------------+---------------+-------------+----------------+----------------------------------------------------------------------------------------------------------+--------+
| cpu_independent_boundary_direct_reference | 0   | 0    | 0           | 0             | true        | 0              | approved_fp32_legal_path_int16_wrap_exact_match_cpu:mode=same;boundary=fill;valid_boundary_effect=active | PASS   |
+-------------------------------------------+-----+------+-------------+---------------+-------------+----------------+----------------------------------------------------------------------------------------------------------+--------+

[stage08] resource detail
+--------+------------+--------------+-------------+------------+-------------+
| device | metric     | before_bytes | after_bytes | peak_bytes | delta_bytes |
+--------+------------+--------------+-------------+------------+-------------+
| CPU    | cpu_heap   | 1442160      | 1445760     | 1445760    | 3600        |
| CPU    | rss        | 69681152     | 69681152    | 69681152   | 0           |
| GPU    | cpu_heap   | 1445760      | 1449232     | 1449232    | 3472        |
| GPU    | rss        | 69681152     | 69681152    | 69681152   | 0           |
| GPU    | gpu_memory | 391544832    | 391544832   | 391544832  | 0           |
+--------+------------+--------------+-------------+------------+-------------+

[stage08] input/output identity
+--------+------------------------------------------------------------------+------------------------------------------------------------------+
| device | input_digest                                                     | output_digest                                                    |
+--------+------------------------------------------------------------------+------------------------------------------------------------------+
| CPU    | 8fa0cd93f5d111460cb0c75c545e5a4faecb08c776a4bf4597ce04f5c65eeb58 | cbc23771cf30f30a4831fbf4f03b372e873a27250bcb91f295a4184b0e5138ec |
| GPU    | 8fa0cd93f5d111460cb0c75c545e5a4faecb08c776a4bf4597ce04f5c65eeb58 | cbc23771cf30f30a4831fbf4f03b372e873a27250bcb91f295a4184b0e5138ec |
+--------+------------------------------------------------------------------+------------------------------------------------------------------+

[stage08] input content
+------------+---------+-------+----------+-------------------------------------------------------+------------------------------------------+
| input_name | shape   | dtype | elements | generator                                             | values(head4/tail2)                      |
+------------+---------+-------+----------+-------------------------------------------------------+------------------------------------------+
| in1        | [10x10] | INT16 | 100      | correlate_modular(seed=84040001,salt=3,integral=true) | i=0:-1;i=1:5;i=2:0;i=3:-5;i=98:4;i=99:-1 |
| in2        | [3x3]   | INT16 | 9        | correlate_modular(seed=84040001,salt=7,integral=true) | i=0:3;i=1:-2;i=2:4;i=3:-1;i=7:1;i=8:-4   |
+------------+---------+-------+----------+-------------------------------------------------------+------------------------------------------+

[stage08] case parameters
+---------------------------------------------------------------------------------------------------------------------------------------+
| parameters                                                                                                                            |
+---------------------------------------------------------------------------------------------------------------------------------------+
| {"boundary":"fill","cols1":"10","cols2":"3","dtype":"INT16","fillvalue":"1","mode":"same","rows1":"10","rows2":"3","seed":"84040001"} |
+---------------------------------------------------------------------------------------------------------------------------------------+

[stage08] dtype evidence
+-----------------+--------------------+--------------+------------------------------------------------------------------+--------+
| requested_dtype | config_input_dtype | output_dtype | actual_input_digest                                              | status |
+-----------------+--------------------+--------------+------------------------------------------------------------------+--------+
| INT16           | NA                 | INT16        | 8fa0cd93f5d111460cb0c75c545e5a4faecb08c776a4bf4597ce04f5c65eeb58 | PASS   |
+-----------------+--------------------+--------------+------------------------------------------------------------------+--------+

[stage08] evidence files
+----------------+-----------------------------------------------------------------------------------------------------------------------------------------------------------------------------------------------------------------------------------------------------------+
| kind           | path                                                                                                                                                                                                                                                      |
+----------------+-----------------------------------------------------------------------------------------------------------------------------------------------------------------------------------------------------------------------------------------------------------+
| probe_raw_json | /tmp/ZKX_dev/results/stage08_input_preview_b04_correlate2d_db927ed96663/formal/20260810T083658Z_db927ed96663_stage08_b04_formal_b401000a/correlate2d_probe_raw.json                                                                                       |
| memory_csv     | /tmp/ZKX_dev/results/stage08_input_preview_b04_correlate2d_db927ed96663/formal/20260810T083658Z_db927ed96663_stage08_b04_formal_b401000a/operator_convolution_correlate2d_memory_trace_not_applicable.csv                                                 |
| full_log       | /tmp/ZKX_dev/results/stage08_input_preview_b04_correlate2d_db927ed96663/formal/20260810T083658Z_db927ed96663_stage08_b04_formal_b401000a/operator_correlate2d_full.log                                                                                    |
| report_json    | /tmp/ZKX_dev/results/stage08_input_preview_b04_correlate2d_db927ed96663/formal/20260810T083658Z_db927ed96663_stage08_b04_formal_b401000a/operator_correlate2d_report.json                                                                                 |
| summary_txt    | /tmp/ZKX_dev/results/stage08_input_preview_b04_correlate2d_db927ed96663/formal/20260810T083658Z_db927ed96663_stage08_b04_formal_b401000a/operator_correlate2d_summary.txt                                                                                 |
| dtype_csv      | /tmp/ZKX_dev/results/stage08_input_preview_b04_correlate2d_db927ed96663/formal/20260810T083658Z_db927ed96663_stage08_b04_formal_b401000a/operator_dtype_evidence_correlate2d_not_applicable_20260810T083658Z_db927ed96663_stage08_b04_formal_b401000a.csv |
| main_csv       | /tmp/ZKX_dev/results/stage08_input_preview_b04_correlate2d_db927ed96663/formal/20260810T083658Z_db927ed96663_stage08_b04_formal_b401000a/operator_main_results_correlate2d_not_applicable_20260810T083658Z_db927ed96663_stage08_b04_formal_b401000a.csv   |
| timing_csv     | /tmp/ZKX_dev/results/stage08_input_preview_b04_correlate2d_db927ed96663/formal/20260810T083658Z_db927ed96663_stage08_b04_formal_b401000a/operator_timing_samples_correlate2d_not_applicable_20260810T083658Z_db927ed96663_stage08_b04_formal_b401000a.csv |
+----------------+-----------------------------------------------------------------------------------------------------------------------------------------------------------------------------------------------------------------------------------------------------------+
