sample_index=0 cpu_pipeline_ms=36.1935 gpu_pipeline_ms=6.36077 cpu_resource_sampling_overhead_ms=0.130921 gpu_resource_sampling_overhead_ms=0.03215 semantic_gates=16/16 timing_direct=true resource_overhead_excluded=true step_sum_used=false status=PASS
sample_index=1 cpu_pipeline_ms=36.0707 gpu_pipeline_ms=6.75948 cpu_resource_sampling_overhead_ms=0.143521 gpu_resource_sampling_overhead_ms=0.03362 semantic_gates=16/16 timing_direct=true resource_overhead_excluded=true step_sum_used=false status=PASS
sample_index=2 cpu_pipeline_ms=35.7467 gpu_pipeline_ms=6.43084 cpu_resource_sampling_overhead_ms=0.136422 gpu_resource_sampling_overhead_ms=0.03325 semantic_gates=16/16 timing_direct=true resource_overhead_excluded=true step_sum_used=false status=PASS
sample_index=3 cpu_pipeline_ms=35.619 gpu_pipeline_ms=6.4254 cpu_resource_sampling_overhead_ms=0.12995 gpu_resource_sampling_overhead_ms=0.03308 semantic_gates=16/16 timing_direct=true resource_overhead_excluded=true step_sum_used=false status=PASS
sample_index=4 cpu_pipeline_ms=57.1375 gpu_pipeline_ms=10.8001 cpu_resource_sampling_overhead_ms=0.184061 gpu_resource_sampling_overhead_ms=0.04027 semantic_gates=16/16 timing_direct=true resource_overhead_excluded=true step_sum_used=false status=PASS
sample_index=5 cpu_pipeline_ms=56.6798 gpu_pipeline_ms=10.7147 cpu_resource_sampling_overhead_ms=0.250192 gpu_resource_sampling_overhead_ms=0.040271 semantic_gates=16/16 timing_direct=true resource_overhead_excluded=true step_sum_used=false status=PASS
sample_index=6 cpu_pipeline_ms=56.9238 gpu_pipeline_ms=10.3747 cpu_resource_sampling_overhead_ms=0.163261 gpu_resource_sampling_overhead_ms=0.03875 semantic_gates=16/16 timing_direct=true resource_overhead_excluded=true step_sum_used=false status=PASS
sample_index=7 cpu_pipeline_ms=56.7763 gpu_pipeline_ms=10.239 cpu_resource_sampling_overhead_ms=0.152292 gpu_resource_sampling_overhead_ms=0.03818 semantic_gates=16/16 timing_direct=true resource_overhead_excluded=true step_sum_used=false status=PASS
sample_index=8 cpu_pipeline_ms=58.8868 gpu_pipeline_ms=10.214 cpu_resource_sampling_overhead_ms=0.165743 gpu_resource_sampling_overhead_ms=0.03865 semantic_gates=16/16 timing_direct=true resource_overhead_excluded=true step_sum_used=false status=PASS
sample_index=9 cpu_pipeline_ms=57.1912 gpu_pipeline_ms=10.301 cpu_resource_sampling_overhead_ms=0.15238 gpu_resource_sampling_overhead_ms=0.03827 semantic_gates=16/16 timing_direct=true resource_overhead_excluded=true step_sum_used=false status=PASS
sample_index=10 cpu_pipeline_ms=56.9229 gpu_pipeline_ms=10.4004 cpu_resource_sampling_overhead_ms=0.193421 gpu_resource_sampling_overhead_ms=0.04044 semantic_gates=16/16 timing_direct=true resource_overhead_excluded=true step_sum_used=false status=PASS
sample_index=11 cpu_pipeline_ms=57.1037 gpu_pipeline_ms=10.2756 cpu_resource_sampling_overhead_ms=0.155121 gpu_resource_sampling_overhead_ms=0.04071 semantic_gates=16/16 timing_direct=true resource_overhead_excluded=true step_sum_used=false status=PASS
sample_index=12 cpu_pipeline_ms=56.8588 gpu_pipeline_ms=10.2485 cpu_resource_sampling_overhead_ms=0.150391 gpu_resource_sampling_overhead_ms=0.038811 semantic_gates=16/16 timing_direct=true resource_overhead_excluded=true step_sum_used=false status=PASS
sample_index=13 cpu_pipeline_ms=56.6436 gpu_pipeline_ms=10.1573 cpu_resource_sampling_overhead_ms=0.15282 gpu_resource_sampling_overhead_ms=0.03808 semantic_gates=16/16 timing_direct=true resource_overhead_excluded=true step_sum_used=false status=PASS
sample_index=14 cpu_pipeline_ms=57.3973 gpu_pipeline_ms=10.3004 cpu_resource_sampling_overhead_ms=0.162172 gpu_resource_sampling_overhead_ms=0.03774 semantic_gates=16/16 timing_direct=true resource_overhead_excluded=true step_sum_used=false status=PASS
sample_index=15 cpu_pipeline_ms=56.6604 gpu_pipeline_ms=10.2946 cpu_resource_sampling_overhead_ms=0.178931 gpu_resource_sampling_overhead_ms=0.03733 semantic_gates=16/16 timing_direct=true resource_overhead_excluded=true step_sum_used=false status=PASS
sample_index=16 cpu_pipeline_ms=56.4972 gpu_pipeline_ms=10.2573 cpu_resource_sampling_overhead_ms=0.152451 gpu_resource_sampling_overhead_ms=0.053611 semantic_gates=16/16 timing_direct=true resource_overhead_excluded=true step_sum_used=false status=PASS
sample_index=17 cpu_pipeline_ms=58.6755 gpu_pipeline_ms=10.2114 cpu_resource_sampling_overhead_ms=0.14606 gpu_resource_sampling_overhead_ms=0.03924 semantic_gates=16/16 timing_direct=true resource_overhead_excluded=true step_sum_used=false status=PASS
sample_index=18 cpu_pipeline_ms=56.6005 gpu_pipeline_ms=10.3568 cpu_resource_sampling_overhead_ms=0.158303 gpu_resource_sampling_overhead_ms=0.03983 semantic_gates=16/16 timing_direct=true resource_overhead_excluded=true step_sum_used=false status=PASS
sample_index=19 cpu_pipeline_ms=56.912 gpu_pipeline_ms=10.4485 cpu_resource_sampling_overhead_ms=0.180154 gpu_resource_sampling_overhead_ms=0.03854 semantic_gates=16/16 timing_direct=true resource_overhead_excluded=true step_sum_used=false status=PASS
sample_index=20 cpu_pipeline_ms=56.6221 gpu_pipeline_ms=10.3329 cpu_resource_sampling_overhead_ms=0.15362 gpu_resource_sampling_overhead_ms=0.03814 semantic_gates=16/16 timing_direct=true resource_overhead_excluded=true step_sum_used=false status=PASS
sample_index=21 cpu_pipeline_ms=56.5357 gpu_pipeline_ms=10.4455 cpu_resource_sampling_overhead_ms=0.17806 gpu_resource_sampling_overhead_ms=0.039441 semantic_gates=16/16 timing_direct=true resource_overhead_excluded=true step_sum_used=false status=PASS
sample_index=22 cpu_pipeline_ms=57.357 gpu_pipeline_ms=10.6988 cpu_resource_sampling_overhead_ms=0.224511 gpu_resource_sampling_overhead_ms=0.03789 semantic_gates=16/16 timing_direct=true resource_overhead_excluded=true step_sum_used=false status=PASS
sample_index=23 cpu_pipeline_ms=57.7105 gpu_pipeline_ms=10.2704 cpu_resource_sampling_overhead_ms=0.15732 gpu_resource_sampling_overhead_ms=0.038591 semantic_gates=16/16 timing_direct=true resource_overhead_excluded=true step_sum_used=false status=PASS
sample_index=24 cpu_pipeline_ms=57.5972 gpu_pipeline_ms=10.2275 cpu_resource_sampling_overhead_ms=0.167101 gpu_resource_sampling_overhead_ms=0.03842 semantic_gates=16/16 timing_direct=true resource_overhead_excluded=true step_sum_used=false status=PASS
sample_index=25 cpu_pipeline_ms=57.5469 gpu_pipeline_ms=10.3409 cpu_resource_sampling_overhead_ms=0.191491 gpu_resource_sampling_overhead_ms=0.03811 semantic_gates=16/16 timing_direct=true resource_overhead_excluded=true step_sum_used=false status=PASS
sample_index=26 cpu_pipeline_ms=57.3812 gpu_pipeline_ms=10.3108 cpu_resource_sampling_overhead_ms=0.187611 gpu_resource_sampling_overhead_ms=0.038941 semantic_gates=16/16 timing_direct=true resource_overhead_excluded=true step_sum_used=false status=PASS
sample_index=27 cpu_pipeline_ms=57.1843 gpu_pipeline_ms=10.5114 cpu_resource_sampling_overhead_ms=0.175102 gpu_resource_sampling_overhead_ms=0.03993 semantic_gates=16/16 timing_direct=true resource_overhead_excluded=true step_sum_used=false status=PASS
sample_index=28 cpu_pipeline_ms=36.8491 gpu_pipeline_ms=7.4559 cpu_resource_sampling_overhead_ms=0.139211 gpu_resource_sampling_overhead_ms=0.03413 semantic_gates=16/16 timing_direct=true resource_overhead_excluded=true step_sum_used=false status=PASS
sample_index=29 cpu_pipeline_ms=36.2042 gpu_pipeline_ms=7.182 cpu_resource_sampling_overhead_ms=0.14081 gpu_resource_sampling_overhead_ms=0.03271 semantic_gates=16/16 timing_direct=true resource_overhead_excluded=true step_sum_used=false status=PASS
sample_index=30 cpu_pipeline_ms=35.886 gpu_pipeline_ms=7.04863 cpu_resource_sampling_overhead_ms=0.142962 gpu_resource_sampling_overhead_ms=0.034091 semantic_gates=16/16 timing_direct=true resource_overhead_excluded=true step_sum_used=false status=PASS
sample_index=31 cpu_pipeline_ms=35.9819 gpu_pipeline_ms=6.69248 cpu_resource_sampling_overhead_ms=0.139941 gpu_resource_sampling_overhead_ms=0.032201 semantic_gates=16/16 timing_direct=true resource_overhead_excluded=true step_sum_used=false status=PASS
sample_index=32 cpu_pipeline_ms=35.8355 gpu_pipeline_ms=6.73028 cpu_resource_sampling_overhead_ms=0.118231 gpu_resource_sampling_overhead_ms=0.03396 semantic_gates=16/16 timing_direct=true resource_overhead_excluded=true step_sum_used=false status=PASS
sample_index=33 cpu_pipeline_ms=36.186 gpu_pipeline_ms=6.75054 cpu_resource_sampling_overhead_ms=0.135971 gpu_resource_sampling_overhead_ms=0.033711 semantic_gates=16/16 timing_direct=true resource_overhead_excluded=true step_sum_used=false status=PASS
sample_index=34 cpu_pipeline_ms=35.6089 gpu_pipeline_ms=6.83705 cpu_resource_sampling_overhead_ms=0.129161 gpu_resource_sampling_overhead_ms=0.03364 semantic_gates=16/16 timing_direct=true resource_overhead_excluded=true step_sum_used=false status=PASS
sample_index=35 cpu_pipeline_ms=35.7281 gpu_pipeline_ms=6.81548 cpu_resource_sampling_overhead_ms=0.13472 gpu_resource_sampling_overhead_ms=0.033231 semantic_gates=16/16 timing_direct=true resource_overhead_excluded=true step_sum_used=false status=PASS
sample_index=36 cpu_pipeline_ms=35.8668 gpu_pipeline_ms=6.77283 cpu_resource_sampling_overhead_ms=0.123093 gpu_resource_sampling_overhead_ms=0.03316 semantic_gates=16/16 timing_direct=true resource_overhead_excluded=true step_sum_used=false status=PASS
sample_index=37 cpu_pipeline_ms=36.2788 gpu_pipeline_ms=7.00581 cpu_resource_sampling_overhead_ms=0.124953 gpu_resource_sampling_overhead_ms=0.03384 semantic_gates=16/16 timing_direct=true resource_overhead_excluded=true step_sum_used=false status=PASS
sample_index=38 cpu_pipeline_ms=35.6708 gpu_pipeline_ms=6.94133 cpu_resource_sampling_overhead_ms=0.132281 gpu_resource_sampling_overhead_ms=0.03347 semantic_gates=16/16 timing_direct=true resource_overhead_excluded=true step_sum_used=false status=PASS
sample_index=39 cpu_pipeline_ms=36.3164 gpu_pipeline_ms=6.99491 cpu_resource_sampling_overhead_ms=0.131871 gpu_resource_sampling_overhead_ms=0.03309 semantic_gates=16/16 timing_direct=true resource_overhead_excluded=true step_sum_used=false status=PASS
sample_index=40 cpu_pipeline_ms=36.0187 gpu_pipeline_ms=6.80073 cpu_resource_sampling_overhead_ms=0.126561 gpu_resource_sampling_overhead_ms=0.03405 semantic_gates=16/16 timing_direct=true resource_overhead_excluded=true step_sum_used=false status=PASS
sample_index=41 cpu_pipeline_ms=36.4305 gpu_pipeline_ms=6.81922 cpu_resource_sampling_overhead_ms=0.1472 gpu_resource_sampling_overhead_ms=0.0341 semantic_gates=16/16 timing_direct=true resource_overhead_excluded=true step_sum_used=false status=PASS
sample_index=42 cpu_pipeline_ms=35.6943 gpu_pipeline_ms=7.20643 cpu_resource_sampling_overhead_ms=0.128021 gpu_resource_sampling_overhead_ms=0.03234 semantic_gates=16/16 timing_direct=true resource_overhead_excluded=true step_sum_used=false status=PASS
sample_index=43 cpu_pipeline_ms=35.5868 gpu_pipeline_ms=6.95795 cpu_resource_sampling_overhead_ms=0.122322 gpu_resource_sampling_overhead_ms=0.03251 semantic_gates=16/16 timing_direct=true resource_overhead_excluded=true step_sum_used=false status=PASS
sample_index=44 cpu_pipeline_ms=35.9338 gpu_pipeline_ms=6.85264 cpu_resource_sampling_overhead_ms=0.132951 gpu_resource_sampling_overhead_ms=0.033421 semantic_gates=16/16 timing_direct=true resource_overhead_excluded=true step_sum_used=false status=PASS
sample_index=45 cpu_pipeline_ms=36.219 gpu_pipeline_ms=6.97246 cpu_resource_sampling_overhead_ms=0.142561 gpu_resource_sampling_overhead_ms=0.03249 semantic_gates=16/16 timing_direct=true resource_overhead_excluded=true step_sum_used=false status=PASS
sample_index=46 cpu_pipeline_ms=35.8109 gpu_pipeline_ms=7.07583 cpu_resource_sampling_overhead_ms=0.129071 gpu_resource_sampling_overhead_ms=0.03195 semantic_gates=16/16 timing_direct=true resource_overhead_excluded=true step_sum_used=false status=PASS
sample_index=47 cpu_pipeline_ms=35.7055 gpu_pipeline_ms=6.86165 cpu_resource_sampling_overhead_ms=0.117941 gpu_resource_sampling_overhead_ms=0.0339 semantic_gates=16/16 timing_direct=true resource_overhead_excluded=true step_sum_used=false status=PASS
sample_index=48 cpu_pipeline_ms=36.0131 gpu_pipeline_ms=7.10486 cpu_resource_sampling_overhead_ms=0.162692 gpu_resource_sampling_overhead_ms=0.03365 semantic_gates=16/16 timing_direct=true resource_overhead_excluded=true step_sum_used=false status=PASS
sample_index=49 cpu_pipeline_ms=36.5096 gpu_pipeline_ms=6.93593 cpu_resource_sampling_overhead_ms=0.139752 gpu_resource_sampling_overhead_ms=0.03225 semantic_gates=16/16 timing_direct=true resource_overhead_excluded=true step_sum_used=false status=PASS
sample_index=50 cpu_pipeline_ms=36.0877 gpu_pipeline_ms=7.12249 cpu_resource_sampling_overhead_ms=0.1305 gpu_resource_sampling_overhead_ms=0.03283 semantic_gates=16/16 timing_direct=true resource_overhead_excluded=true step_sum_used=false status=PASS
sample_index=51 cpu_pipeline_ms=35.9494 gpu_pipeline_ms=7.08754 cpu_resource_sampling_overhead_ms=0.125661 gpu_resource_sampling_overhead_ms=0.03307 semantic_gates=16/16 timing_direct=true resource_overhead_excluded=true step_sum_used=false status=PASS
sample_index=52 cpu_pipeline_ms=38.0893 gpu_pipeline_ms=7.02282 cpu_resource_sampling_overhead_ms=0.141252 gpu_resource_sampling_overhead_ms=0.03338 semantic_gates=16/16 timing_direct=true resource_overhead_excluded=true step_sum_used=false status=PASS
sample_index=53 cpu_pipeline_ms=36.2868 gpu_pipeline_ms=7.11017 cpu_resource_sampling_overhead_ms=0.140421 gpu_resource_sampling_overhead_ms=0.03268 semantic_gates=16/16 timing_direct=true resource_overhead_excluded=true step_sum_used=false status=PASS
sample_index=54 cpu_pipeline_ms=36.3247 gpu_pipeline_ms=7.04176 cpu_resource_sampling_overhead_ms=0.132081 gpu_resource_sampling_overhead_ms=0.03208 semantic_gates=16/16 timing_direct=true resource_overhead_excluded=true step_sum_used=false status=PASS
sample_index=55 cpu_pipeline_ms=35.8145 gpu_pipeline_ms=7.26879 cpu_resource_sampling_overhead_ms=0.145131 gpu_resource_sampling_overhead_ms=0.03399 semantic_gates=16/16 timing_direct=true resource_overhead_excluded=true step_sum_used=false status=PASS
sample_index=56 cpu_pipeline_ms=35.9805 gpu_pipeline_ms=6.96727 cpu_resource_sampling_overhead_ms=0.145481 gpu_resource_sampling_overhead_ms=0.03269 semantic_gates=16/16 timing_direct=true resource_overhead_excluded=true step_sum_used=false status=PASS
sample_index=57 cpu_pipeline_ms=36.1631 gpu_pipeline_ms=7.10503 cpu_resource_sampling_overhead_ms=0.144652 gpu_resource_sampling_overhead_ms=0.0338 semantic_gates=16/16 timing_direct=true resource_overhead_excluded=true step_sum_used=false status=PASS
sample_index=58 cpu_pipeline_ms=36.2103 gpu_pipeline_ms=6.97199 cpu_resource_sampling_overhead_ms=0.120693 gpu_resource_sampling_overhead_ms=0.03333 semantic_gates=16/16 timing_direct=true resource_overhead_excluded=true step_sum_used=false status=PASS
sample_index=59 cpu_pipeline_ms=35.7212 gpu_pipeline_ms=7.00235 cpu_resource_sampling_overhead_ms=0.139191 gpu_resource_sampling_overhead_ms=0.03332 semantic_gates=16/16 timing_direct=true resource_overhead_excluded=true step_sum_used=false status=PASS
sample_index=60 cpu_pipeline_ms=35.8182 gpu_pipeline_ms=6.97508 cpu_resource_sampling_overhead_ms=0.13896 gpu_resource_sampling_overhead_ms=0.03321 semantic_gates=16/16 timing_direct=true resource_overhead_excluded=true step_sum_used=false status=PASS
sample_index=61 cpu_pipeline_ms=36.1297 gpu_pipeline_ms=7.04478 cpu_resource_sampling_overhead_ms=0.163292 gpu_resource_sampling_overhead_ms=0.032791 semantic_gates=16/16 timing_direct=true resource_overhead_excluded=true step_sum_used=false status=PASS
sample_index=62 cpu_pipeline_ms=36.3974 gpu_pipeline_ms=6.92802 cpu_resource_sampling_overhead_ms=0.138791 gpu_resource_sampling_overhead_ms=0.0329 semantic_gates=16/16 timing_direct=true resource_overhead_excluded=true step_sum_used=false status=PASS
sample_index=63 cpu_pipeline_ms=36.0168 gpu_pipeline_ms=7.03315 cpu_resource_sampling_overhead_ms=0.146652 gpu_resource_sampling_overhead_ms=0.034451 semantic_gates=16/16 timing_direct=true resource_overhead_excluded=true step_sum_used=false status=PASS
sample_index=64 cpu_pipeline_ms=35.9539 gpu_pipeline_ms=6.82134 cpu_resource_sampling_overhead_ms=0.137312 gpu_resource_sampling_overhead_ms=0.03427 semantic_gates=16/16 timing_direct=true resource_overhead_excluded=true step_sum_used=false status=PASS
sample_index=65 cpu_pipeline_ms=36.3086 gpu_pipeline_ms=6.99576 cpu_resource_sampling_overhead_ms=0.14677 gpu_resource_sampling_overhead_ms=0.03256 semantic_gates=16/16 timing_direct=true resource_overhead_excluded=true step_sum_used=false status=PASS
sample_index=66 cpu_pipeline_ms=36.5108 gpu_pipeline_ms=6.91318 cpu_resource_sampling_overhead_ms=0.135122 gpu_resource_sampling_overhead_ms=0.03517 semantic_gates=16/16 timing_direct=true resource_overhead_excluded=true step_sum_used=false status=PASS
sample_index=67 cpu_pipeline_ms=35.6871 gpu_pipeline_ms=7.53742 cpu_resource_sampling_overhead_ms=0.13831 gpu_resource_sampling_overhead_ms=0.03366 semantic_gates=16/16 timing_direct=true resource_overhead_excluded=true step_sum_used=false status=PASS
sample_index=68 cpu_pipeline_ms=35.9698 gpu_pipeline_ms=6.97097 cpu_resource_sampling_overhead_ms=0.14668 gpu_resource_sampling_overhead_ms=0.03358 semantic_gates=16/16 timing_direct=true resource_overhead_excluded=true step_sum_used=false status=PASS
sample_index=69 cpu_pipeline_ms=43.8558 gpu_pipeline_ms=7.00261 cpu_resource_sampling_overhead_ms=0.133941 gpu_resource_sampling_overhead_ms=0.03423 semantic_gates=16/16 timing_direct=true resource_overhead_excluded=true step_sum_used=false status=PASS
sample_index=70 cpu_pipeline_ms=36.5343 gpu_pipeline_ms=7.0436 cpu_resource_sampling_overhead_ms=0.144321 gpu_resource_sampling_overhead_ms=0.0335 semantic_gates=16/16 timing_direct=true resource_overhead_excluded=true step_sum_used=false status=PASS
sample_index=71 cpu_pipeline_ms=36.3904 gpu_pipeline_ms=7.13868 cpu_resource_sampling_overhead_ms=0.14038 gpu_resource_sampling_overhead_ms=0.03268 semantic_gates=16/16 timing_direct=true resource_overhead_excluded=true step_sum_used=false status=PASS
sample_index=72 cpu_pipeline_ms=35.6298 gpu_pipeline_ms=7.00306 cpu_resource_sampling_overhead_ms=0.11925 gpu_resource_sampling_overhead_ms=0.033552 semantic_gates=16/16 timing_direct=true resource_overhead_excluded=true step_sum_used=false status=PASS
sample_index=73 cpu_pipeline_ms=36.3017 gpu_pipeline_ms=6.85337 cpu_resource_sampling_overhead_ms=0.120851 gpu_resource_sampling_overhead_ms=0.033611 semantic_gates=16/16 timing_direct=true resource_overhead_excluded=true step_sum_used=false status=PASS
sample_index=74 cpu_pipeline_ms=36.0438 gpu_pipeline_ms=7.17736 cpu_resource_sampling_overhead_ms=0.139521 gpu_resource_sampling_overhead_ms=0.03341 semantic_gates=16/16 timing_direct=true resource_overhead_excluded=true step_sum_used=false status=PASS
sample_index=75 cpu_pipeline_ms=36.6898 gpu_pipeline_ms=7.14489 cpu_resource_sampling_overhead_ms=0.134561 gpu_resource_sampling_overhead_ms=0.033131 semantic_gates=16/16 timing_direct=true resource_overhead_excluded=true step_sum_used=false status=PASS
sample_index=76 cpu_pipeline_ms=36.1344 gpu_pipeline_ms=6.97158 cpu_resource_sampling_overhead_ms=0.140582 gpu_resource_sampling_overhead_ms=0.03286 semantic_gates=16/16 timing_direct=true resource_overhead_excluded=true step_sum_used=false status=PASS
sample_index=77 cpu_pipeline_ms=36.1361 gpu_pipeline_ms=6.89155 cpu_resource_sampling_overhead_ms=0.145961 gpu_resource_sampling_overhead_ms=0.03325 semantic_gates=16/16 timing_direct=true resource_overhead_excluded=true step_sum_used=false status=PASS
sample_index=78 cpu_pipeline_ms=36.2087 gpu_pipeline_ms=7.1979 cpu_resource_sampling_overhead_ms=0.156861 gpu_resource_sampling_overhead_ms=0.03372 semantic_gates=16/16 timing_direct=true resource_overhead_excluded=true step_sum_used=false status=PASS
sample_index=79 cpu_pipeline_ms=38.2413 gpu_pipeline_ms=6.71641 cpu_resource_sampling_overhead_ms=0.131331 gpu_resource_sampling_overhead_ms=0.03337 semantic_gates=16/16 timing_direct=true resource_overhead_excluded=true step_sum_used=false status=PASS
sample_index=80 cpu_pipeline_ms=35.6233 gpu_pipeline_ms=6.71022 cpu_resource_sampling_overhead_ms=0.13147 gpu_resource_sampling_overhead_ms=0.03296 semantic_gates=16/16 timing_direct=true resource_overhead_excluded=true step_sum_used=false status=PASS
sample_index=81 cpu_pipeline_ms=35.9563 gpu_pipeline_ms=6.59623 cpu_resource_sampling_overhead_ms=0.12537 gpu_resource_sampling_overhead_ms=0.03337 semantic_gates=16/16 timing_direct=true resource_overhead_excluded=true step_sum_used=false status=PASS
sample_index=82 cpu_pipeline_ms=36.0835 gpu_pipeline_ms=6.62076 cpu_resource_sampling_overhead_ms=0.132523 gpu_resource_sampling_overhead_ms=0.03301 semantic_gates=16/16 timing_direct=true resource_overhead_excluded=true step_sum_used=false status=PASS
sample_index=83 cpu_pipeline_ms=36.0903 gpu_pipeline_ms=6.5983 cpu_resource_sampling_overhead_ms=0.134352 gpu_resource_sampling_overhead_ms=0.033102 semantic_gates=16/16 timing_direct=true resource_overhead_excluded=true step_sum_used=false status=PASS
sample_index=84 cpu_pipeline_ms=35.8522 gpu_pipeline_ms=6.6276 cpu_resource_sampling_overhead_ms=0.163191 gpu_resource_sampling_overhead_ms=0.033571 semantic_gates=16/16 timing_direct=true resource_overhead_excluded=true step_sum_used=false status=PASS
sample_index=85 cpu_pipeline_ms=36.0397 gpu_pipeline_ms=6.55704 cpu_resource_sampling_overhead_ms=0.133281 gpu_resource_sampling_overhead_ms=0.033691 semantic_gates=16/16 timing_direct=true resource_overhead_excluded=true step_sum_used=false status=PASS
sample_index=86 cpu_pipeline_ms=36.1739 gpu_pipeline_ms=6.61273 cpu_resource_sampling_overhead_ms=0.154691 gpu_resource_sampling_overhead_ms=0.03308 semantic_gates=16/16 timing_direct=true resource_overhead_excluded=true step_sum_used=false status=PASS
sample_index=87 cpu_pipeline_ms=36.0657 gpu_pipeline_ms=6.77411 cpu_resource_sampling_overhead_ms=0.13907 gpu_resource_sampling_overhead_ms=0.03273 semantic_gates=16/16 timing_direct=true resource_overhead_excluded=true step_sum_used=false status=PASS
sample_index=88 cpu_pipeline_ms=36.06 gpu_pipeline_ms=6.81807 cpu_resource_sampling_overhead_ms=0.166563 gpu_resource_sampling_overhead_ms=0.03318 semantic_gates=16/16 timing_direct=true resource_overhead_excluded=true step_sum_used=false status=PASS
sample_index=89 cpu_pipeline_ms=35.935 gpu_pipeline_ms=6.56742 cpu_resource_sampling_overhead_ms=0.125523 gpu_resource_sampling_overhead_ms=0.03254 semantic_gates=16/16 timing_direct=true resource_overhead_excluded=true step_sum_used=false status=PASS
sample_index=90 cpu_pipeline_ms=36.1466 gpu_pipeline_ms=6.5502 cpu_resource_sampling_overhead_ms=0.13446 gpu_resource_sampling_overhead_ms=0.03258 semantic_gates=16/16 timing_direct=true resource_overhead_excluded=true step_sum_used=false status=PASS
sample_index=91 cpu_pipeline_ms=36.1462 gpu_pipeline_ms=6.84712 cpu_resource_sampling_overhead_ms=0.13064 gpu_resource_sampling_overhead_ms=0.04899 semantic_gates=16/16 timing_direct=true resource_overhead_excluded=true step_sum_used=false status=PASS
sample_index=92 cpu_pipeline_ms=36.5598 gpu_pipeline_ms=6.75018 cpu_resource_sampling_overhead_ms=0.141352 gpu_resource_sampling_overhead_ms=0.03324 semantic_gates=16/16 timing_direct=true resource_overhead_excluded=true step_sum_used=false status=PASS
sample_index=93 cpu_pipeline_ms=35.712 gpu_pipeline_ms=6.60906 cpu_resource_sampling_overhead_ms=0.12386 gpu_resource_sampling_overhead_ms=0.03297 semantic_gates=16/16 timing_direct=true resource_overhead_excluded=true step_sum_used=false status=PASS
sample_index=94 cpu_pipeline_ms=36.2759 gpu_pipeline_ms=6.56019 cpu_resource_sampling_overhead_ms=0.138481 gpu_resource_sampling_overhead_ms=0.03283 semantic_gates=16/16 timing_direct=true resource_overhead_excluded=true step_sum_used=false status=PASS
sample_index=95 cpu_pipeline_ms=35.9004 gpu_pipeline_ms=6.63216 cpu_resource_sampling_overhead_ms=0.141102 gpu_resource_sampling_overhead_ms=0.032821 semantic_gates=16/16 timing_direct=true resource_overhead_excluded=true step_sum_used=false status=PASS
sample_index=96 cpu_pipeline_ms=36.2461 gpu_pipeline_ms=6.62239 cpu_resource_sampling_overhead_ms=0.149891 gpu_resource_sampling_overhead_ms=0.03374 semantic_gates=16/16 timing_direct=true resource_overhead_excluded=true step_sum_used=false status=PASS
sample_index=97 cpu_pipeline_ms=35.7769 gpu_pipeline_ms=6.68394 cpu_resource_sampling_overhead_ms=0.126301 gpu_resource_sampling_overhead_ms=0.04249 semantic_gates=16/16 timing_direct=true resource_overhead_excluded=true step_sum_used=false status=PASS
sample_index=98 cpu_pipeline_ms=36.0568 gpu_pipeline_ms=6.6571 cpu_resource_sampling_overhead_ms=0.13867 gpu_resource_sampling_overhead_ms=0.03293 semantic_gates=16/16 timing_direct=true resource_overhead_excluded=true step_sum_used=false status=PASS
sample_index=99 cpu_pipeline_ms=35.9486 gpu_pipeline_ms=6.81597 cpu_resource_sampling_overhead_ms=0.13205 gpu_resource_sampling_overhead_ms=0.03257 semantic_gates=16/16 timing_direct=true resource_overhead_excluded=true step_sum_used=false status=PASS
function=Task2 frozen full six-step pipeline
call_chain=Step1->Step2;Step2+Step1->Step3;Step3 dual outputs->Step4;Step4->Step5;Step5+Step4+Kalman/delay->Step6
timing=pipeline_total measured directly;not=sum(step timings)
cpu_correlation_method=direct_parallel_exact workers=255
resource_sampling_mode=same_pipeline_execution
status=PASS return_code=0
