command=build_stage08_b04_firwin2_ba26c5229701/stage08_filter_design_firwin2 --dtype FP32 --numtaps 129 --nfreqs 257 --window explicit --antisymmetric true --fs 16 --warmup 20 --measured 100 --output /tmp/ZKX_dev/results/stage08_input_preview_b04_firwin2_db927ed96663/formal/20260810T083703Z_db927ed96663_stage08_b04_formal_b4020003/firwin2_probe_raw.json
STAGE08_FIRWIN2_PROBE PASS dtype=FP32 numtaps=129 nfreqs=257 backend=fft_thrust
{"actual_input_digest": "a26a252576b841baf1b94619cf5f52ed4bc780e063cb61ea0a43dba89c157c78", "antisymmetric": true, "backend": "fft_thrust", "case_id": "firwin2__firwin2_fp32_10e4__a26a252576b841ba", "compute_dtype": "FP32", "dtype_semantics": "actual_same_dtype_freq_gain_arrays", "error_code": "OK", "fft_dtype": "ComplexFP32", "filter_type": "III", "measured_runs": 100, "metrics": {"mse": 7.73380622028319e-15, "relative_l2": 1.731246921740627e-06, "relative_linf": 1.3544201042162327e-06, "rmse": 8.794206172408735e-08}, "nfreqs": 257, "numtaps": 129, "operator_name": "firwin2", "output_dtype": "FP64", "requested_dtype": "FP32", "run_id": "20260810T083703Z_db927ed96663_stage08_b04_formal_b4020003", "scale_id": "firwin2_fp32_10e4", "schema_version": 1, "status": "PASS", "typed_input_count": 2, "typed_input_names": "freq|gain", "warmup_runs": 20, "window": "explicit", "work_items": 33153}
[stage08] identity and status
+---------+-------------------+--------+------------+-------+--------+----------+--------------------------+--------+------------+
| target  | scale_id          | device | backend    | dtype | warmup | measured | timing_scope             | status | error_code |
+---------+-------------------+--------+------------+-------+--------+----------+--------------------------+--------+------------+
| firwin2 | firwin2_fp32_10e4 | CPU    | fft_thrust | FP32  | 20     | 100      | compatibility/end-to-end | PASS   | OK         |
| firwin2 | firwin2_fp32_10e4 | GPU    | fft_thrust | FP32  | 20     | 100      | compatibility/end-to-end | PASS   | OK         |
+---------+-------------------+--------+------------+-------+--------+----------+--------------------------+--------+------------+

[stage08] timing detail
+--------+--------------------+--------------------+--------------------+--------------------+---------------------+--------------------+-----------------------+-----------------------+--------------------+
| device | mean_ms            | p50_ms             | p95_ms             | p99_ms             | min_ms              | max_ms             | std_ms                | cv                    | speedup            |
+--------+--------------------+--------------------+--------------------+--------------------+---------------------+--------------------+-----------------------+-----------------------+--------------------+
| CPU    | 4.0306589800000001 | 4.0298005000000003 | 4.0387830500000002 | 4.0424900099999999 | 4.0222899999999999  | 4.0434809999999999 | 0.0041921717450028161 | 0.0010400710568183112 | NA                 |
| GPU    | 1.02151456         | 1.00783            | 1.1222164499999998 | 1.166976010000002  | 0.96816400000000002 | 1.5253570000000001 | 0.061206639502805582  | 0.059917539993561704  | 3.9457675277775781 |
+--------+--------------------+--------------------+--------------------+--------------------+---------------------+--------------------+-----------------------+-----------------------+--------------------+

[stage08] accuracy detail
+-----------------------------------+----------------------+-----------------------+------------------------+------------------------+-------------+----------------+--------------------------------------------------------------------------------------------------+--------+
| accuracy_reference                | mse                  | rmse                  | relative_l2            | relative_linf          | exact_match | mismatch_count | semantic_check                                                                                   | status |
+-----------------------------------+----------------------+-----------------------+------------------------+------------------------+-------------+----------------+--------------------------------------------------------------------------------------------------+--------+
| cpu_independent_firwin2_reference | 7.73380622028319e-15 | 8.794206172408735e-08 | 1.7312469217406271e-06 | 1.3544201042162327e-06 | NA          | NA             | finite_fp64_taps_type_window_and_shape_match_cpu:type=III;window=explicit;numtaps=129;nfreqs=257 | PASS   |
+-----------------------------------+----------------------+-----------------------+------------------------+------------------------+-------------+----------------+--------------------------------------------------------------------------------------------------+--------+

[stage08] resource detail
+--------+------------+--------------+-------------+------------+-------------+
| device | metric     | before_bytes | after_bytes | peak_bytes | delta_bytes |
+--------+------------+--------------+-------------+------------+-------------+
| CPU    | cpu_heap   | 1521680      | 1525296     | 1525296    | 3616        |
| CPU    | rss        | 70135808     | 70135808    | 70135808   | 0           |
| GPU    | cpu_heap   | 1525520      | 1530256     | 1530688    | 4736        |
| GPU    | rss        | 70135808     | 70135808    | 70135808   | 0           |
| GPU    | gpu_memory | 391544832    | 391544832   | 391544832  | 0           |
+--------+------------+--------------+-------------+------------+-------------+

[stage08] input/output identity
+--------+------------------------------------------------------------------+------------------------------------------------------------------+
| device | input_digest                                                     | output_digest                                                    |
+--------+------------------------------------------------------------------+------------------------------------------------------------------+
| CPU    | a26a252576b841baf1b94619cf5f52ed4bc780e063cb61ea0a43dba89c157c78 | f9433697842b5971825651e28cae82098867baca76c140485a44731323661d39 |
| GPU    | a26a252576b841baf1b94619cf5f52ed4bc780e063cb61ea0a43dba89c157c78 | fd795f8e50cbb5e8afca5e6260675fd88cc2460e3297a13efd2eafcc9fce6532 |
+--------+------------------------------------------------------------------+------------------------------------------------------------------+

[stage08] input content
+------------+-------+-------+----------+-----------------------------+---------------------+
| input_name | shape | dtype | elements | generator                   | values(head4/tail2) |
+------------+-------+-------+----------+-----------------------------+---------------------+
| freq       | [3]   | FP32  | 3        | fixed_frequency_breakpoints | i=0:0;i=1:4;i=2:8   |
| gain       | [3]   | FP32  | 3        | fixed_gain_breakpoints      | i=0:0;i=1:1;i=2:0   |
+------------+-------+-------+----------+-----------------------------+---------------------+

[stage08] case parameters
+------------------------------------------------------------------------------------------------------+
| parameters                                                                                           |
+------------------------------------------------------------------------------------------------------+
| {"antisymmetric":"true","dtype":"FP32","fs":"16","nfreqs":"257","numtaps":"129","window":"explicit"} |
+------------------------------------------------------------------------------------------------------+

[stage08] dtype evidence
+-----------------+--------------------+--------------+------------------------------------------------------------------+--------+
| requested_dtype | config_input_dtype | output_dtype | actual_input_digest                                              | status |
+-----------------+--------------------+--------------+------------------------------------------------------------------+--------+
| FP32            | NA                 | FP64         | a26a252576b841baf1b94619cf5f52ed4bc780e063cb61ea0a43dba89c157c78 | PASS   |
+-----------------+--------------------+--------------+------------------------------------------------------------------+--------+

[stage08] evidence files
+----------------+-----------------------------------------------------------------------------------------------------------------------------------------------------------------------------------------------------------------------------------------------+
| kind           | path                                                                                                                                                                                                                                          |
+----------------+-----------------------------------------------------------------------------------------------------------------------------------------------------------------------------------------------------------------------------------------------+
| probe_raw_json | /tmp/ZKX_dev/results/stage08_input_preview_b04_firwin2_db927ed96663/formal/20260810T083703Z_db927ed96663_stage08_b04_formal_b4020003/firwin2_probe_raw.json                                                                                   |
| dtype_csv      | /tmp/ZKX_dev/results/stage08_input_preview_b04_firwin2_db927ed96663/formal/20260810T083703Z_db927ed96663_stage08_b04_formal_b4020003/operator_dtype_evidence_firwin2_fft_thrust_20260810T083703Z_db927ed96663_stage08_b04_formal_b4020003.csv |
| memory_csv     | /tmp/ZKX_dev/results/stage08_input_preview_b04_firwin2_db927ed96663/formal/20260810T083703Z_db927ed96663_stage08_b04_formal_b4020003/operator_filter_design_firwin2_memory_trace_fft_thrust.csv                                               |
| full_log       | /tmp/ZKX_dev/results/stage08_input_preview_b04_firwin2_db927ed96663/formal/20260810T083703Z_db927ed96663_stage08_b04_formal_b4020003/operator_firwin2_full.log                                                                                |
| report_json    | /tmp/ZKX_dev/results/stage08_input_preview_b04_firwin2_db927ed96663/formal/20260810T083703Z_db927ed96663_stage08_b04_formal_b4020003/operator_firwin2_report.json                                                                             |
| summary_txt    | /tmp/ZKX_dev/results/stage08_input_preview_b04_firwin2_db927ed96663/formal/20260810T083703Z_db927ed96663_stage08_b04_formal_b4020003/operator_firwin2_summary.txt                                                                             |
| main_csv       | /tmp/ZKX_dev/results/stage08_input_preview_b04_firwin2_db927ed96663/formal/20260810T083703Z_db927ed96663_stage08_b04_formal_b4020003/operator_main_results_firwin2_fft_thrust_20260810T083703Z_db927ed96663_stage08_b04_formal_b4020003.csv   |
| timing_csv     | /tmp/ZKX_dev/results/stage08_input_preview_b04_firwin2_db927ed96663/formal/20260810T083703Z_db927ed96663_stage08_b04_formal_b4020003/operator_timing_samples_firwin2_fft_thrust_20260810T083703Z_db927ed96663_stage08_b04_formal_b4020003.csv |
+----------------+-----------------------------------------------------------------------------------------------------------------------------------------------------------------------------------------------------------------------------------------------+
