command=build_stage08_b03_hilbert_0b2008e7f76a/stage08_filtering_hilbert --dtype INT32 --rows 32 --cols 32 --axis 1 --seed 83130002 --warmup 20 --measured 100 --output /tmp/ZKX_dev/results/stage08_table_rerun_hilbert_47ebe13410d3/formal/20260810T032419Z_47ebe13410d3_stage08_b03_formal_88310007/hilbert_probe_raw.json
STAGE08_HILBERT_PROBE PASS dtype=INT32 shape=32x32 backend=fft_thrust
{"actual_input_digest": "2113748f449be34390aec139b64399c9fb070984e745e1d3769efdf61a48615d", "backend": "fft_thrust", "case_id": "hilbert__hilbert_int32_10e3__2113748f449be343", "compute_dtype": "FP32", "dtype_semantics": "actual_typed_array_input_fp32_fft_extension", "error_code": "OK", "fft_dtype": "ComplexFP32", "measured_runs": 100, "metrics": {"mse": 8.726864061612786e-13, "relative_l2": 1.0025518243942732e-07, "relative_linf": 1.6837080907542795e-07, "rmse": 9.341768602150658e-07}, "operator_name": "hilbert", "output_dtype": "ComplexFP64", "requested_dtype": "INT32", "run_id": "20260810T032419Z_47ebe13410d3_stage08_b03_formal_88310007", "scale_id": "hilbert_int32_10e3", "schema_version": 1, "status": "PASS", "typed_input_count": 1, "typed_input_names": "x", "warmup_runs": 20}
[stage08] identity and status
+---------+--------------------+--------+------------+-------+--------+----------+--------------------------+--------+------------+
| target  | scale_id           | device | backend    | dtype | warmup | measured | timing_scope             | status | error_code |
+---------+--------------------+--------+------------+-------+--------+----------+--------------------------+--------+------------+
| hilbert | hilbert_int32_10e3 | CPU    | fft_thrust | INT32 | 20     | 100      | compatibility/end-to-end | PASS   | OK         |
| hilbert | hilbert_int32_10e3 | GPU    | fft_thrust | INT32 | 20     | 100      | compatibility/end-to-end | PASS   | OK         |
+---------+--------------------+--------+------------+-------+--------+----------+--------------------------+--------+------------+

[stage08] timing detail
+--------+---------------------+---------------------+---------------------+---------------------+---------------------+---------------------+-----------------------+-----------------------+-------------------+
| device | mean_ms             | p50_ms              | p95_ms              | p99_ms              | min_ms              | max_ms              | std_ms                | cv                    | speedup           |
+--------+---------------------+---------------------+---------------------+---------------------+---------------------+---------------------+-----------------------+-----------------------+-------------------+
| CPU    | 3.5884838500000003  | 3.5888249999999999  | 3.5958380000000001  | 3.5996544000000004  | 3.5770010000000001  | 3.5999910000000002  | 0.0048257353975845064 | 0.0013447839252737632 | NA                |
| GPU    | 0.55205276999999997 | 0.54763450000000002 | 0.57556404999999999 | 0.61111142000000074 | 0.52547500000000003 | 0.74737699999999996 | 0.024600319587702514  | 0.044561536368529615  | 6.500255129595673 |
+--------+---------------------+---------------------+---------------------+---------------------+---------------------+---------------------+-----------------------+-----------------------+-------------------+

[stage08] accuracy detail
+-----------------------------+------------------------+-----------------------+------------------------+------------------------+-------------+----------------+------------------------------------------------------------------------------------+--------+
| accuracy_reference          | mse                    | rmse                  | relative_l2            | relative_linf          | exact_match | mismatch_count | semantic_check                                                                     | status |
+-----------------------------+------------------------+-----------------------+------------------------+------------------------+-------------+----------------+------------------------------------------------------------------------------------+--------+
| cpu_typed_double_direct_dft | 8.7268640616127855e-13 | 9.341768602150658e-07 | 1.0025518243942732e-07 | 1.6837080907542795e-07 | NA          | NA             | finite_analytic_signal_shape_and_output_dtype_match_cpu:shape=[32, 32];finite=true | PASS   |
+-----------------------------+------------------------+-----------------------+------------------------+------------------------+-------------+----------------+------------------------------------------------------------------------------------+--------+

[stage08] resource detail
+--------+------------+--------------+-------------+------------+-------------+
| device | metric     | before_bytes | after_bytes | peak_bytes | delta_bytes |
+--------+------------+--------------+-------------+------------+-------------+
| CPU    | cpu_heap   | 1565520      | 1573216     | 1588496    | 7696        |
| CPU    | rss        | 70946816     | 70946816    | 70946816   | 0           |
| GPU    | cpu_heap   | 1573216      | 1575632     | 1575632    | 2416        |
| GPU    | rss        | 70946816     | 70946816    | 70946816   | 0           |
| GPU    | gpu_memory | 357777408    | 357777408   | 357777408  | 0           |
+--------+------------+--------------+-------------+------------+-------------+

[stage08] input/output identity
+--------+------------------------------------------------------------------+------------------------------------------------------------------+
| device | input_digest                                                     | output_digest                                                    |
+--------+------------------------------------------------------------------+------------------------------------------------------------------+
| CPU    | 2113748f449be34390aec139b64399c9fb070984e745e1d3769efdf61a48615d | 660b18e453b63e4bb829aeabc22ec7c9641ddc7507659adb7bcde652a3c89a3c |
| GPU    | 2113748f449be34390aec139b64399c9fb070984e745e1d3769efdf61a48615d | 4225df60c4256bb27aeb1408ab39a6934a93eea8732bec9a08fe7228deddd34f |
+--------+------------------------------------------------------------------+------------------------------------------------------------------+

[stage08] dtype evidence
+-----------------+--------------------+--------------+------------------------------------------------------------------+--------+
| requested_dtype | config_input_dtype | output_dtype | actual_input_digest                                              | status |
+-----------------+--------------------+--------------+------------------------------------------------------------------+--------+
| INT32           | NA                 | ComplexFP64  | 2113748f449be34390aec139b64399c9fb070984e745e1d3769efdf61a48615d | PASS   |
+-----------------+--------------------+--------------+------------------------------------------------------------------+--------+

[stage08] evidence files
+----------------+-----------------------------------------------------------------------------------------------------------------------------------------------------------------------------------------------------------------------------------------+
| kind           | path                                                                                                                                                                                                                                    |
+----------------+-----------------------------------------------------------------------------------------------------------------------------------------------------------------------------------------------------------------------------------------+
| probe_raw_json | /tmp/ZKX_dev/results/stage08_table_rerun_hilbert_47ebe13410d3/formal/20260810T032419Z_47ebe13410d3_stage08_b03_formal_88310007/hilbert_probe_raw.json                                                                                   |
| dtype_csv      | /tmp/ZKX_dev/results/stage08_table_rerun_hilbert_47ebe13410d3/formal/20260810T032419Z_47ebe13410d3_stage08_b03_formal_88310007/operator_dtype_evidence_hilbert_fft_thrust_20260810T032419Z_47ebe13410d3_stage08_b03_formal_88310007.csv |
| memory_csv     | /tmp/ZKX_dev/results/stage08_table_rerun_hilbert_47ebe13410d3/formal/20260810T032419Z_47ebe13410d3_stage08_b03_formal_88310007/operator_filtering_hilbert_memory_trace_fft_thrust.csv                                                   |
| full_log       | /tmp/ZKX_dev/results/stage08_table_rerun_hilbert_47ebe13410d3/formal/20260810T032419Z_47ebe13410d3_stage08_b03_formal_88310007/operator_hilbert_full.log                                                                                |
| report_json    | /tmp/ZKX_dev/results/stage08_table_rerun_hilbert_47ebe13410d3/formal/20260810T032419Z_47ebe13410d3_stage08_b03_formal_88310007/operator_hilbert_report.json                                                                             |
| summary_txt    | /tmp/ZKX_dev/results/stage08_table_rerun_hilbert_47ebe13410d3/formal/20260810T032419Z_47ebe13410d3_stage08_b03_formal_88310007/operator_hilbert_summary.txt                                                                             |
| main_csv       | /tmp/ZKX_dev/results/stage08_table_rerun_hilbert_47ebe13410d3/formal/20260810T032419Z_47ebe13410d3_stage08_b03_formal_88310007/operator_main_results_hilbert_fft_thrust_20260810T032419Z_47ebe13410d3_stage08_b03_formal_88310007.csv   |
| timing_csv     | /tmp/ZKX_dev/results/stage08_table_rerun_hilbert_47ebe13410d3/formal/20260810T032419Z_47ebe13410d3_stage08_b03_formal_88310007/operator_timing_samples_hilbert_fft_thrust_20260810T032419Z_47ebe13410d3_stage08_b03_formal_88310007.csv |
+----------------+-----------------------------------------------------------------------------------------------------------------------------------------------------------------------------------------------------------------------------------------+
