command=build_stage08_b06_vectorstrength_89aacbf48da8/stage08_spectral_analysis_vectorstrength --dtype FP16 --events 100 --periods 1 --period-mode scalar --seed 86520001 --warmup 20 --measured 100 --output /tmp/ZKX_dev/results/stage08_input_preview_b06_vectorstrength_9b01dadd36f6/formal/20260810T085959Z_9b01dadd36f6_stage08_b06_formal_86750003/vectorstrength_probe_raw.json
{"run_id": "20260810T085959Z_9b01dadd36f6_stage08_b06_formal_86750003", "case_id": "vectorstrength__vectorstrength_fp16_10e2__56904f8a4a48ccfc", "operator_name": "vectorstrength", "scale_id": "vectorstrength_fp16_10e2", "requested_dtype": "FP16", "output_dtype": "FP64_pair", "backend": "not_applicable", "event_count": 100, "period_count": 1, "period_mode": "scalar", "scientific_work": 100, "output_count": 1, "scalar_period": true, "warmup_runs": 20, "measured_runs": 100, "mse": 1.71055e-13, "rmse": 4.13588e-07, "relative_l2": 3.92891e-07, "relative_linf": 3.03657e-07, "status": "PASS", "error_code": "OK"}
[stage08] identity and status
+----------------+--------------------------+--------+----------------+-------+--------+----------+--------------------------+--------+------------+
| target         | scale_id                 | device | backend        | dtype | warmup | measured | timing_scope             | status | error_code |
+----------------+--------------------------+--------+----------------+-------+--------+----------+--------------------------+--------+------------+
| vectorstrength | vectorstrength_fp16_10e2 | CPU    | not_applicable | FP16  | 20     | 100      | compatibility/end-to-end | PASS   | OK         |
| vectorstrength | vectorstrength_fp16_10e2 | GPU    | not_applicable | FP16  | 20     | 100      | compatibility/end-to-end | PASS   | OK         |
+----------------+--------------------------+--------+----------------+-------+--------+----------+--------------------------+--------+------------+

[stage08] timing detail
+--------+------------+-----------+------------+--------------------+----------+----------+-----------------------+----------------------+----------------------+
| device | mean_ms    | p50_ms    | p95_ms     | p99_ms             | min_ms   | max_ms   | std_ms                | cv                   | speedup              |
+--------+------------+-----------+------------+--------------------+----------+----------+-----------------------+----------------------+----------------------+
| CPU    | 0.00847093 | 0.0084605 | 0.00854    | 0.00859            | 0.00842  | 0.00859  | 3.269809015829533e-05 | 0.003860035457534808 | NA                   |
| GPU    | 0.56026805 | 0.558028  | 0.57798155 | 0.6151636100000005 | 0.546483 | 0.728084 | 0.020136871737871792  | 0.035941495749885775 | 0.015119423640166524 |
+--------+------------+-----------+------------+--------------------+----------+----------+-----------------------+----------------------+----------------------+

[stage08] accuracy detail
+--------------------------------------------+-------------+-------------+-------------+---------------+-------------+----------------+----------------------------------------+--------+
| accuracy_reference                         | mse         | rmse        | relative_l2 | relative_linf | exact_match | mismatch_count | semantic_check                         | status |
+--------------------------------------------+-------------+-------------+-------------+---------------+-------------+----------------+----------------------------------------+--------+
| cpu_vectorstrength_fp64_trigonometric_mean | 1.71055e-13 | 4.13588e-07 | 3.92891e-07 | 3.03657e-07   | NA          | NA             | strength_phase_pair_period_mode=scalar | PASS   |
+--------------------------------------------+-------------+-------------+-------------+---------------+-------------+----------------+----------------------------------------+--------+

[stage08] resource detail
+--------+------------+--------------+-------------+------------+-------------+
| device | metric     | before_bytes | after_bytes | peak_bytes | delta_bytes |
+--------+------------+--------------+-------------+------------+-------------+
| CPU    | cpu_heap   | 1416944      | 1420512     | 1420512    | 3568        |
| CPU    | rss        | 70250496     | 70250496    | 70250496   | 0           |
| GPU    | cpu_heap   | 1420608      | 1424080     | 1424608    | 3472        |
| GPU    | rss        | 70250496     | 70250496    | 70250496   | 0           |
| GPU    | gpu_memory | 341000192    | 341000192   | 341000192  | 0           |
+--------+------------+--------------+-------------+------------+-------------+

[stage08] input/output identity
+--------+------------------------------------------------------------------+------------------------------------------------------------------+
| device | input_digest                                                     | output_digest                                                    |
+--------+------------------------------------------------------------------+------------------------------------------------------------------+
| CPU    | 56904f8a4a48ccfc5619e0f0bb04e2573ea6ffdc6c675de00eb0eb3de77d75c3 | 9815211c450b175a045ce9a148856ba75f3f5d83b10b29cd295848bb00124b9c |
| GPU    | 56904f8a4a48ccfc5619e0f0bb04e2573ea6ffdc6c675de00eb0eb3de77d75c3 | 47a744bda76bb889fe75ea0cf3c142de64ea7294c6d0da36b516aedf50255141 |
+--------+------------------------------------------------------------------+------------------------------------------------------------------+

[stage08] input content
+------------+--------+-------+----------+----------------------------------------------------+----------------------------------------------------------------------+
| input_name | shape  | dtype | elements | generator                                          | values(head4/tail2)                                                  |
+------------+--------+-------+----------+----------------------------------------------------+----------------------------------------------------------------------+
| events     | [100]  | FP16  | 100      | deterministic_events(seed=86520001,integral=false) | i=0:0;i=1:0.132812;i=2:0.265625;i=3:0.398438;i=98:12.25;i=99:12.3828 |
| period     | scalar | FP16  | 1        | deterministic_period_grid(integral=false)          | i=0:0.75                                                             |
+------------+--------+-------+----------+----------------------------------------------------+----------------------------------------------------------------------+

[stage08] case parameters
+----------------------------------------------------------------------------------------+
| parameters                                                                             |
+----------------------------------------------------------------------------------------+
| {"dtype":"FP16","events":"100","period-mode":"scalar","periods":"1","seed":"86520001"} |
+----------------------------------------------------------------------------------------+

[stage08] dtype evidence
+-----------------+--------------------+--------------+------------------------------------------------------------------+--------+
| requested_dtype | config_input_dtype | output_dtype | actual_input_digest                                              | status |
+-----------------+--------------------+--------------+------------------------------------------------------------------+--------+
| FP16            | NA                 | FP64_pair    | 56904f8a4a48ccfc5619e0f0bb04e2573ea6ffdc6c675de00eb0eb3de77d75c3 | PASS   |
+-----------------+--------------------+--------------+------------------------------------------------------------------+--------+

[stage08] evidence files
+----------------+-----------------------------------------------------------------------------------------------------------------------------------------------------------------------------------------------------------------------------------------------------------------+
| kind           | path                                                                                                                                                                                                                                                            |
+----------------+-----------------------------------------------------------------------------------------------------------------------------------------------------------------------------------------------------------------------------------------------------------------+
| dtype_csv      | /tmp/ZKX_dev/results/stage08_input_preview_b06_vectorstrength_9b01dadd36f6/formal/20260810T085959Z_9b01dadd36f6_stage08_b06_formal_86750003/operator_dtype_evidence_vectorstrength_not_applicable_20260810T085959Z_9b01dadd36f6_stage08_b06_formal_86750003.csv |
| main_csv       | /tmp/ZKX_dev/results/stage08_input_preview_b06_vectorstrength_9b01dadd36f6/formal/20260810T085959Z_9b01dadd36f6_stage08_b06_formal_86750003/operator_main_results_vectorstrength_not_applicable_20260810T085959Z_9b01dadd36f6_stage08_b06_formal_86750003.csv   |
| memory_csv     | /tmp/ZKX_dev/results/stage08_input_preview_b06_vectorstrength_9b01dadd36f6/formal/20260810T085959Z_9b01dadd36f6_stage08_b06_formal_86750003/operator_spectral_analysis_vectorstrength_memory_trace_not_applicable.csv                                           |
| timing_csv     | /tmp/ZKX_dev/results/stage08_input_preview_b06_vectorstrength_9b01dadd36f6/formal/20260810T085959Z_9b01dadd36f6_stage08_b06_formal_86750003/operator_timing_samples_vectorstrength_not_applicable_20260810T085959Z_9b01dadd36f6_stage08_b06_formal_86750003.csv |
| full_log       | /tmp/ZKX_dev/results/stage08_input_preview_b06_vectorstrength_9b01dadd36f6/formal/20260810T085959Z_9b01dadd36f6_stage08_b06_formal_86750003/operator_vectorstrength_full.log                                                                                    |
| report_json    | /tmp/ZKX_dev/results/stage08_input_preview_b06_vectorstrength_9b01dadd36f6/formal/20260810T085959Z_9b01dadd36f6_stage08_b06_formal_86750003/operator_vectorstrength_report.json                                                                                 |
| summary_txt    | /tmp/ZKX_dev/results/stage08_input_preview_b06_vectorstrength_9b01dadd36f6/formal/20260810T085959Z_9b01dadd36f6_stage08_b06_formal_86750003/operator_vectorstrength_summary.txt                                                                                 |
| probe_raw_json | /tmp/ZKX_dev/results/stage08_input_preview_b06_vectorstrength_9b01dadd36f6/formal/20260810T085959Z_9b01dadd36f6_stage08_b06_formal_86750003/vectorstrength_probe_raw.json                                                                                       |
+----------------+-----------------------------------------------------------------------------------------------------------------------------------------------------------------------------------------------------------------------------------------------------------------+
