[stage08-b01] operator=chebwin entry=cpu:chebwin_typed_cpu gpu:chebwin_device
[stage08-b01] config=test_all/configs/operators/windows/chebwin/operator_scales.json config_sha256=e5f2e743fda9d9dda0f3c0b01d6bbbf2d9490d2f40af1bc668f22d1da683811e
[stage08-b01] run_type=formal scale=chebwin_int8_10e4 dtype=INT8 sym=false backend=fft_thrust
[stage08-b01] dtype_semantics=actual_typed_scalar_input typed_input_count=1 actual_input_digest=72856d381d1d5251809da70968db2f463ca8a4c57aed8dffb7e5178f81864075
[stage08-b01] timing_scope=compatibility/end-to-end warmup=20 measured=100
[stage08-b01] cpu_mean_ms=46.070666889999991 gpu_mean_ms=4.3749116899999985 speedup=10.530650708974655
[stage08-b01] mse=1.2534347189892478e-11 rmse=3.5403879999079873e-06 relative_l2=6.4726488979299366e-06 relative_linf=6.4516186445327632e-05
[stage08-b01] resources=available cuda_event_ms=4.2932839393615723
[stage08-b01] status=PASS error_code=OK
[stage08] identity and status
target  | scale_id          | device | backend    | dtype | warmup | measured | timing_scope             | status | error_code
chebwin | chebwin_int8_10e4 | CPU    | fft_thrust | INT8  | 20     | 100      | compatibility/end-to-end | PASS   | OK        
chebwin | chebwin_int8_10e4 | GPU    | fft_thrust | INT8  | 20     | 100      | compatibility/end-to-end | PASS   | OK        

[stage08] timing detail
device | mean_ms            | p50_ms             | p95_ms             | p99_ms             | min_ms    | max_ms             | std_ms              | cv                    | speedup           
CPU    | 46.070666889999991 | 46.037885500000002 | 46.185618999999996 | 46.719480330000003 | 45.985481 | 47.532006000000003 | 0.17825894557008348 | 0.0038692503843215697 | NA                
GPU    | 4.3749116899999985 | 4.3505575000000007 | 4.6231240000000007 | 4.6593121899999996 | 4.264723  | 4.6720030000000001 | 0.0929849133549841  | 0.021254123498658354  | 10.530650708974655

[stage08] accuracy detail
accuracy_reference  | mse                    | rmse                   | relative_l2            | relative_linf          | exact_match | mismatch_count | semantic_check                                                                             | status
cpu_typed_reference | 1.2534347189892478e-11 | 3.5403879999079873e-06 | 6.4726488979299366e-06 | 6.4516186445327632e-05 | NA          | NA             | finite_fp64_window_shape_and_symmetry_policy_match_cpu:shape=[10000];finite=true;sym=false | PASS  

[stage08] resource detail
device | metric     | before_bytes | after_bytes | peak_bytes | delta_bytes
CPU    | cpu_heap   | 2403584      | 2406096     | 2484992    | 2512       
CPU    | rss        | 72200192     | 72708096    | 72708096   | 507904     
GPU    | cpu_heap   | 2406096      | 2408912     | 2488288    | 2816       
GPU    | rss        | 72708096     | 72708096    | 72708096   | 0          
GPU    | gpu_memory | 525762560    | 525762560   | 525762560  | 0          

[stage08] input/output identity
device | input_digest                                                     | output_digest                                                   
CPU    | 72856d381d1d5251809da70968db2f463ca8a4c57aed8dffb7e5178f81864075 | ae018a8655995ac15f3ca63d9890cdb31a6f00779ffd5580b644c66531bb4495
GPU    | 72856d381d1d5251809da70968db2f463ca8a4c57aed8dffb7e5178f81864075 | d721e05e2909596e0547758e69c05ba861f0d5526a4b91804189a3c5b9e1d9aa

[stage08] input content
input_name       | shape   | dtype       | elements | generator                                           | values(head4/tail2)                                                                                  
window_positions | [10000] | INDEX_INT64 | 10000    | implicit_window_index_domain(no_materialized_array) | i=0:position=0;i=1:position=1;i=2:position=2;i=3:position=3;i=9998:position=9998;i=9999:position=9999
attenuation_db   | scalar  | INT8        | 1        | exact_config_scalar                                 | value=80                                                                                             

[stage08] case parameters
parameters                                                                                        
{"length":10000,"requested_dtype":"INT8","sym":false,"attenuation_db":80,"algorithm":"fft_thrust"}

[stage08] dtype evidence
requested_dtype | config_input_dtype | output_dtype | actual_input_digest                                              | status
INT8            | INT8               | FP64         | 72856d381d1d5251809da70968db2f463ca8a4c57aed8dffb7e5178f81864075 | PASS  

[stage08] evidence files
kind        | path                                                                                                                                                                                                                                         
main_csv    | /tmp/ZKX_dev/results/stage08_input_preview_b01_chebwin_8b745f9a6864/formal/20260810T082105Z_8b745f9a6864_stage08_b01_formal_a101001e/operator_main_results_chebwin_fft_thrust_20260810T082105Z_8b745f9a6864_stage08_b01_formal_a101001e.csv  
timing_csv  | /tmp/ZKX_dev/results/stage08_input_preview_b01_chebwin_8b745f9a6864/formal/20260810T082105Z_8b745f9a6864_stage08_b01_formal_a101001e/operator_timing_samples_chebwin_fft_thrust_20260810T082105Z_8b745f9a6864_stage08_b01_formal_a101001e.csv
memory_csv  | /tmp/ZKX_dev/results/stage08_input_preview_b01_chebwin_8b745f9a6864/formal/20260810T082105Z_8b745f9a6864_stage08_b01_formal_a101001e/operator_windows_chebwin_memory_trace_fft_thrust.csv                                                    
input_csv   | /tmp/ZKX_dev/results/stage08_input_preview_b01_chebwin_8b745f9a6864/formal/20260810T082105Z_8b745f9a6864_stage08_b01_formal_a101001e/operator_input_evidence_chebwin_fft_thrust_20260810T082105Z_8b745f9a6864_stage08_b01_formal_a101001e.csv
dtype_csv   | /tmp/ZKX_dev/results/stage08_input_preview_b01_chebwin_8b745f9a6864/formal/20260810T082105Z_8b745f9a6864_stage08_b01_formal_a101001e/operator_dtype_evidence_chebwin_fft_thrust_20260810T082105Z_8b745f9a6864_stage08_b01_formal_a101001e.csv
module_csv  | /tmp/ZKX_dev/results/stage08_input_preview_b01_chebwin_8b745f9a6864/formal/20260810T082105Z_8b745f9a6864_stage08_b01_formal_a101001e/windows_batch01_module_summary_fft_thrust_20260810T082105Z_8b745f9a6864_stage08_b01_formal_a101001e.csv 
report_json | /tmp/ZKX_dev/results/stage08_input_preview_b01_chebwin_8b745f9a6864/formal/20260810T082105Z_8b745f9a6864_stage08_b01_formal_a101001e/operator_chebwin_report.json                                                                            
summary_txt | /tmp/ZKX_dev/results/stage08_input_preview_b01_chebwin_8b745f9a6864/formal/20260810T082105Z_8b745f9a6864_stage08_b01_formal_a101001e/operator_chebwin_summary.txt                                                                            
full_log    | /tmp/ZKX_dev/results/stage08_input_preview_b01_chebwin_8b745f9a6864/formal/20260810T082105Z_8b745f9a6864_stage08_b01_formal_a101001e/operator_chebwin_full.log                                                                               
results_dir | /tmp/ZKX_dev/results/stage08_input_preview_b01_chebwin_8b745f9a6864/formal/20260810T082105Z_8b745f9a6864_stage08_b01_formal_a101001e                                                                                                         
