command=build_stage08_b07_morlet2_90c7905b71ff/stage08_wavelets_morlet2 --dtype FP16 --n 10000 --frequency 7 --scale 3 --warmup 20 --measured 100 --output /tmp/ZKX_dev/results/stage08_input_preview_b07_morlet2_ed9b9505e41d/formal/20260810T090728Z_ed9b9505e41d_stage08_b07_formal_87520005/morlet2_probe_raw.json
{"run_id": "20260810T090728Z_ed9b9505e41d_stage08_b07_formal_87520005", "case_id": "morlet2__morlet2_fp16_10e4__b4b3c0a2122073e9", "operator_name": "morlet2", "scale_id": "morlet2_fp16_10e4", "requested_dtype": "FP16", "output_dtype": "ComplexFP64", "backend": "not_applicable", "n": 10000, "frequency": 7, "scale": 3, "output_count": 10000, "warmup_runs": 20, "measured_runs": 100, "mse": 3.76925e-18, "rmse": 1.94146e-09, "relative_l2": 2.74563e-07, "relative_linf": 3.57528e-07, "status": "PASS", "error_code": "OK"}
[stage08] identity and status
+---------+-------------------+--------+----------------+-------+--------+----------+--------------------------+--------+------------+
| target  | scale_id          | device | backend        | dtype | warmup | measured | timing_scope             | status | error_code |
+---------+-------------------+--------+----------------+-------+--------+----------+--------------------------+--------+------------+
| morlet2 | morlet2_fp16_10e4 | CPU    | not_applicable | FP16  | 20     | 100      | compatibility/end-to-end | PASS   | OK         |
| morlet2 | morlet2_fp16_10e4 | GPU    | not_applicable | FP16  | 20     | 100      | compatibility/end-to-end | PASS   | OK         |
+---------+-------------------+--------+----------------+-------+--------+----------+--------------------------+--------+------------+

[stage08] timing detail
+--------+---------------------+--------------------+---------------------+---------------------+----------+----------+---------------------+----------------------+--------------------+
| device | mean_ms             | p50_ms             | p95_ms              | p99_ms              | min_ms   | max_ms   | std_ms              | cv                   | speedup            |
+--------+---------------------+--------------------+---------------------+---------------------+----------+----------+---------------------+----------------------+--------------------+
| CPU    | 0.9907013           | 0.9895309999999999 | 1.00332845          | 1.0101447100000003  | 0.982205 | 1.071496 | 0.01018148827578758 | 0.010277051494519669 | NA                 |
| GPU    | 0.34725759000000006 | 0.341517           | 0.37276449999999994 | 0.42790250000000024 | 0.332451 | 0.480422 | 0.02053514128711804 | 0.059135183444422444 | 2.8529291469194376 |
+--------+---------------------+--------------------+---------------------+---------------------+----------+----------+---------------------+----------------------+--------------------+

[stage08] accuracy detail
+--------------------------+-------------+-------------+-------------+---------------+-------------+----------------+--------------------+--------+
| accuracy_reference       | mse         | rmse        | relative_l2 | relative_linf | exact_match | mismatch_count | semantic_check     | status |
+--------------------------+-------------+-------------+-------------+---------------+-------------+----------------+--------------------+--------+
| cpu_morlet2_complex_fp64 | 3.76925e-18 | 1.94146e-09 | 2.74563e-07 | 3.57528e-07   | NA          | NA             | output_count=10000 | PASS   |
+--------------------------+-------------+-------------+-------------+---------------+-------------+----------------+--------------------+--------+

[stage08] resource detail
+--------+------------+--------------+-------------+------------+-------------+
| device | metric     | before_bytes | after_bytes | peak_bytes | delta_bytes |
+--------+------------+--------------+-------------+------------+-------------+
| CPU    | cpu_heap   | 1686960      | 2010368     | 2010368    | 323408      |
| CPU    | rss        | 69955584     | 69955584    | 69955584   | 0           |
| GPU    | cpu_heap   | 2010368      | 2173232     | 2173232    | 162864      |
| GPU    | rss        | 69955584     | 70287360    | 70287360   | 331776      |
| GPU    | gpu_memory | 391544832    | 391544832   | 391544832  | 0           |
+--------+------------+--------------+-------------+------------+-------------+

[stage08] input/output identity
+--------+------------------------------------------------------------------+------------------------------------------------------------------+
| device | input_digest                                                     | output_digest                                                    |
+--------+------------------------------------------------------------------+------------------------------------------------------------------+
| CPU    | b4b3c0a2122073e91aeafe314f7bf9927873ff60ea30c65058461eabaf2009b4 | a62debe844e5096e7cbb922c00ae38fb2e9afaacb7a63637571203e654bd15f6 |
| GPU    | b4b3c0a2122073e91aeafe314f7bf9927873ff60ea30c65058461eabaf2009b4 | 5a6fe7ef9ce8cec1fd5d8f33f5c1a2f971c1b278e6160f8068fe8bf56e26fa11 |
+--------+------------------------------------------------------------------+------------------------------------------------------------------+

[stage08] input content
+------------+--------+-------+----------+-------------------------+---------------------+
| input_name | shape  | dtype | elements | generator               | values(head4/tail2) |
+------------+--------+-------+----------+-------------------------+---------------------+
| frequency  | scalar | FP16  | 1        | configured_typed_scalar | i=0:7               |
| scale      | scalar | FP16  | 1        | configured_typed_scalar | i=0:3               |
+------------+--------+-------+----------+-------------------------+---------------------+

[stage08] case parameters
+----------------------------------------------------------+
| parameters                                               |
+----------------------------------------------------------+
| {"dtype":"FP16","frequency":"7","n":"10000","scale":"3"} |
+----------------------------------------------------------+

[stage08] dtype evidence
+-----------------+--------------------+--------------+------------------------------------------------------------------+--------+
| requested_dtype | config_input_dtype | output_dtype | actual_input_digest                                              | status |
+-----------------+--------------------+--------------+------------------------------------------------------------------+--------+
| FP16            | NA                 | ComplexFP64  | b4b3c0a2122073e91aeafe314f7bf9927873ff60ea30c65058461eabaf2009b4 | PASS   |
+-----------------+--------------------+--------------+------------------------------------------------------------------+--------+

[stage08] evidence files
+----------------+---------------------------------------------------------------------------------------------------------------------------------------------------------------------------------------------------------------------------------------------------+
| kind           | path                                                                                                                                                                                                                                              |
+----------------+---------------------------------------------------------------------------------------------------------------------------------------------------------------------------------------------------------------------------------------------------+
| probe_raw_json | /tmp/ZKX_dev/results/stage08_input_preview_b07_morlet2_ed9b9505e41d/formal/20260810T090728Z_ed9b9505e41d_stage08_b07_formal_87520005/morlet2_probe_raw.json                                                                                       |
| dtype_csv      | /tmp/ZKX_dev/results/stage08_input_preview_b07_morlet2_ed9b9505e41d/formal/20260810T090728Z_ed9b9505e41d_stage08_b07_formal_87520005/operator_dtype_evidence_morlet2_not_applicable_20260810T090728Z_ed9b9505e41d_stage08_b07_formal_87520005.csv |
| main_csv       | /tmp/ZKX_dev/results/stage08_input_preview_b07_morlet2_ed9b9505e41d/formal/20260810T090728Z_ed9b9505e41d_stage08_b07_formal_87520005/operator_main_results_morlet2_not_applicable_20260810T090728Z_ed9b9505e41d_stage08_b07_formal_87520005.csv   |
| full_log       | /tmp/ZKX_dev/results/stage08_input_preview_b07_morlet2_ed9b9505e41d/formal/20260810T090728Z_ed9b9505e41d_stage08_b07_formal_87520005/operator_morlet2_full.log                                                                                    |
| report_json    | /tmp/ZKX_dev/results/stage08_input_preview_b07_morlet2_ed9b9505e41d/formal/20260810T090728Z_ed9b9505e41d_stage08_b07_formal_87520005/operator_morlet2_report.json                                                                                 |
| summary_txt    | /tmp/ZKX_dev/results/stage08_input_preview_b07_morlet2_ed9b9505e41d/formal/20260810T090728Z_ed9b9505e41d_stage08_b07_formal_87520005/operator_morlet2_summary.txt                                                                                 |
| timing_csv     | /tmp/ZKX_dev/results/stage08_input_preview_b07_morlet2_ed9b9505e41d/formal/20260810T090728Z_ed9b9505e41d_stage08_b07_formal_87520005/operator_timing_samples_morlet2_not_applicable_20260810T090728Z_ed9b9505e41d_stage08_b07_formal_87520005.csv |
| memory_csv     | /tmp/ZKX_dev/results/stage08_input_preview_b07_morlet2_ed9b9505e41d/formal/20260810T090728Z_ed9b9505e41d_stage08_b07_formal_87520005/operator_wavelets_morlet2_memory_trace_not_applicable.csv                                                    |
+----------------+---------------------------------------------------------------------------------------------------------------------------------------------------------------------------------------------------------------------------------------------------+
