command=build_stage08_b08_quadratic_a1467e3b776a/stage08_bsplines_quadratic --operator quadratic --dtype FP32 --elements 100 --order -1 --seed 87400100 --warmup 20 --measured 100 --output /tmp/ZKX_dev/results/stage08_input_preview_b08_quadratic_bdef73fce32b/formal/20260810T091355Z_bdef73fce32b_stage08_b08_formal_87720000/quadratic_probe_raw.json
{"run_id": "20260810T091355Z_bdef73fce32b_stage08_b08_formal_87720000", "case_id": "quadratic__quadratic_fp32_10e2__c9d8103c68153150", "operator_name": "quadratic", "scale_id": "quadratic_fp32_10e2", "requested_dtype": "FP32", "output_dtype": "FP32", "backend": "not_applicable", "input_count": 100, "output_count": 100, "order": -1, "warmup_runs": 20, "measured_runs": 100, "mse": 0, "rmse": 0, "relative_l2": 0, "relative_linf": 0, "status": "PASS", "error_code": "OK"}
[stage08] identity and status
+-----------+---------------------+--------+----------------+-------+--------+----------+--------------------------+--------+------------+
| target    | scale_id            | device | backend        | dtype | warmup | measured | timing_scope             | status | error_code |
+-----------+---------------------+--------+----------------+-------+--------+----------+--------------------------+--------+------------+
| quadratic | quadratic_fp32_10e2 | CPU    | not_applicable | FP32  | 20     | 100      | compatibility/end-to-end | PASS   | OK         |
| quadratic | quadratic_fp32_10e2 | GPU    | not_applicable | FP32  | 20     | 100      | compatibility/end-to-end | PASS   | OK         |
+-----------+---------------------+--------+----------------+-------+--------+----------+--------------------------+--------+------------+

[stage08] timing detail
+--------+------------+---------------------+---------------------+-----------------------+----------+----------+------------------------+----------------------+---------------------+
| device | mean_ms    | p50_ms              | p95_ms              | p99_ms                | min_ms   | max_ms   | std_ms                 | cv                   | speedup             |
+--------+------------+---------------------+---------------------+-----------------------+----------+----------+------------------------+----------------------+---------------------+
| CPU    | 0.00248401 | 0.0024805           | 0.00251             | 0.0025204000000000003 | 0.00245  | 0.00256  | 1.6547806501165086e-05 | 0.006661731032147651 | NA                  |
| GPU    | 0.19547628 | 0.19292399999999998 | 0.20399504999999998 | 0.25122041000000006   | 0.187398 | 0.272942 | 0.011343381265813118   | 0.058029451275689904 | 0.01270747530083957 |
+--------+------------+---------------------+---------------------+-----------------------+----------+----------+------------------------+----------------------+---------------------+

[stage08] accuracy detail
+--------------------------+-----+------+-------------+---------------+-------------+----------------+---------------------------------------------+--------+
| accuracy_reference       | mse | rmse | relative_l2 | relative_linf | exact_match | mismatch_count | semantic_check                              | status |
+--------------------------+-----+------+-------------+---------------+-------------+----------------+---------------------------------------------+--------+
| cpu_quadratic_same_dtype | 0   | 0    | 0           | 0             | NA          | NA             | output_count=100;output_dtype=FP32;order=-1 | PASS   |
+--------------------------+-----+------+-------------+---------------+-------------+----------------+---------------------------------------------+--------+

[stage08] resource detail
+--------+------------+--------------+-------------+------------+-------------+
| device | metric     | before_bytes | after_bytes | peak_bytes | delta_bytes |
+--------+------------+--------------+-------------+------------+-------------+
| CPU    | cpu_heap   | 1342288      | 1346880     | 1346880    | 4592        |
| CPU    | rss        | 69033984     | 69033984    | 69033984   | 0           |
| GPU    | cpu_heap   | 1346880      | 1350608     | 1350608    | 3728        |
| GPU    | rss        | 69033984     | 69033984    | 69033984   | 0           |
| GPU    | gpu_memory | 341000192    | 341000192   | 341000192  | 0           |
+--------+------------+--------------+-------------+------------+-------------+

[stage08] input/output identity
+--------+------------------------------------------------------------------+------------------------------------------------------------------+
| device | input_digest                                                     | output_digest                                                    |
+--------+------------------------------------------------------------------+------------------------------------------------------------------+
| CPU    | c9d8103c68153150f98559051d1281f610a87b315653f6e1df6398b9db058871 | 467627c743f024a37c2fdc14a78b1982bfe5024841f4c5acd92be15799f7f377 |
| GPU    | c9d8103c68153150f98559051d1281f610a87b315653f6e1df6398b9db058871 | 467627c743f024a37c2fdc14a78b1982bfe5024841f4c5acd92be15799f7f377 |
+--------+------------------------------------------------------------------+------------------------------------------------------------------+

[stage08] input content
+------------+-------+-------+----------+-----------------------------------------------------------------+-----------------------------------------------------------------------------+
| input_name | shape | dtype | elements | generator                                                       | values(head4/tail2)                                                         |
+------------+-------+-------+----------+-----------------------------------------------------------------+-----------------------------------------------------------------------------+
| x          | [100] | FP32  | 100      | bspline_modular_or_piecewise_ramp(seed=87400100,integral=false) | i=0:-3.875;i=1:-3.84375;i=2:-3.8125;i=3:-3.78125;i=98:-0.8125;i=99:-0.78125 |
+------------+-------+-------+----------+-----------------------------------------------------------------+-----------------------------------------------------------------------------+

[stage08] case parameters
+-----------------------------------------------------------------------------------------+
| parameters                                                                              |
+-----------------------------------------------------------------------------------------+
| {"dtype":"FP32","elements":"100","operator":"quadratic","order":"-1","seed":"87400100"} |
+-----------------------------------------------------------------------------------------+

[stage08] dtype evidence
+-----------------+--------------------+--------------+------------------------------------------------------------------+--------+
| requested_dtype | config_input_dtype | output_dtype | actual_input_digest                                              | status |
+-----------------+--------------------+--------------+------------------------------------------------------------------+--------+
| FP32            | NA                 | FP32         | c9d8103c68153150f98559051d1281f610a87b315653f6e1df6398b9db058871 | PASS   |
+-----------------+--------------------+--------------+------------------------------------------------------------------+--------+

[stage08] evidence files
+----------------+-------------------------------------------------------------------------------------------------------------------------------------------------------------------------------------------------------------------------------------------------------+
| kind           | path                                                                                                                                                                                                                                                  |
+----------------+-------------------------------------------------------------------------------------------------------------------------------------------------------------------------------------------------------------------------------------------------------+
| memory_csv     | /tmp/ZKX_dev/results/stage08_input_preview_b08_quadratic_bdef73fce32b/formal/20260810T091355Z_bdef73fce32b_stage08_b08_formal_87720000/operator_bsplines_quadratic_memory_trace_not_applicable.csv                                                    |
| dtype_csv      | /tmp/ZKX_dev/results/stage08_input_preview_b08_quadratic_bdef73fce32b/formal/20260810T091355Z_bdef73fce32b_stage08_b08_formal_87720000/operator_dtype_evidence_quadratic_not_applicable_20260810T091355Z_bdef73fce32b_stage08_b08_formal_87720000.csv |
| main_csv       | /tmp/ZKX_dev/results/stage08_input_preview_b08_quadratic_bdef73fce32b/formal/20260810T091355Z_bdef73fce32b_stage08_b08_formal_87720000/operator_main_results_quadratic_not_applicable_20260810T091355Z_bdef73fce32b_stage08_b08_formal_87720000.csv   |
| full_log       | /tmp/ZKX_dev/results/stage08_input_preview_b08_quadratic_bdef73fce32b/formal/20260810T091355Z_bdef73fce32b_stage08_b08_formal_87720000/operator_quadratic_full.log                                                                                    |
| report_json    | /tmp/ZKX_dev/results/stage08_input_preview_b08_quadratic_bdef73fce32b/formal/20260810T091355Z_bdef73fce32b_stage08_b08_formal_87720000/operator_quadratic_report.json                                                                                 |
| summary_txt    | /tmp/ZKX_dev/results/stage08_input_preview_b08_quadratic_bdef73fce32b/formal/20260810T091355Z_bdef73fce32b_stage08_b08_formal_87720000/operator_quadratic_summary.txt                                                                                 |
| timing_csv     | /tmp/ZKX_dev/results/stage08_input_preview_b08_quadratic_bdef73fce32b/formal/20260810T091355Z_bdef73fce32b_stage08_b08_formal_87720000/operator_timing_samples_quadratic_not_applicable_20260810T091355Z_bdef73fce32b_stage08_b08_formal_87720000.csv |
| probe_raw_json | /tmp/ZKX_dev/results/stage08_input_preview_b08_quadratic_bdef73fce32b/formal/20260810T091355Z_bdef73fce32b_stage08_b08_formal_87720000/quadratic_probe_raw.json                                                                                       |
+----------------+-------------------------------------------------------------------------------------------------------------------------------------------------------------------------------------------------------------------------------------------------------+
