command=build_stage08_b07_qmf_4948b3e7dd01/stage08_wavelets_qmf --dtype INT32 --elements 100 --seed 87300007 --warmup 20 --measured 100 --output /tmp/ZKX_dev/results/stage08_input_preview_b07_qmf_ed9b9505e41d/formal/20260810T090749Z_ed9b9505e41d_stage08_b07_formal_87530006/qmf_probe_raw.json
{"run_id": "20260810T090749Z_ed9b9505e41d_stage08_b07_formal_87530006", "case_id": "qmf__qmf_int32_10e2__594f957635ea00bb", "operator_name": "qmf", "scale_id": "qmf_int32_10e2", "requested_dtype": "INT32", "output_dtype": "INT64", "backend": "not_applicable", "input_count": 100, "output_count": 100, "warmup_runs": 20, "measured_runs": 100, "mse": 0, "rmse": 0, "relative_l2": 0, "relative_linf": 0, "status": "PASS", "error_code": "OK"}
[stage08] identity and status
+--------+----------------+--------+----------------+-------+--------+----------+--------------------------+--------+------------+
| target | scale_id       | device | backend        | dtype | warmup | measured | timing_scope             | status | error_code |
+--------+----------------+--------+----------------+-------+--------+----------+--------------------------+--------+------------+
| qmf    | qmf_int32_10e2 | CPU    | not_applicable | INT32 | 20     | 100      | compatibility/end-to-end | PASS   | OK         |
| qmf    | qmf_int32_10e2 | GPU    | not_applicable | INT32 | 20     | 100      | compatibility/end-to-end | PASS   | OK         |
+--------+----------------+--------+----------------+-------+--------+----------+--------------------------+--------+------------+

[stage08] timing detail
+--------+------------+---------------------+----------+-----------------------+----------+----------+-----------------------+----------------------+----------------------+
| device | mean_ms    | p50_ms              | p95_ms   | p99_ms                | min_ms   | max_ms   | std_ms                | cv                   | speedup              |
+--------+------------+---------------------+----------+-----------------------+----------+----------+-----------------------+----------------------+----------------------+
| CPU    | 0.0013847  | 0.001381            | 0.001391 | 0.0014004100000000002 | 0.00135  | 0.001441 | 9.176600677810936e-06 | 0.006627139942089215 | NA                   |
| GPU    | 0.20309444 | 0.19409500000000002 | 0.25043  | 0.3031453900000007    | 0.188264 | 0.430003 | 0.029847125029161523  | 0.14696180274143164  | 0.006818010379801634 |
+--------+------------+---------------------+----------+-----------------------+----------+----------+-----------------------+----------------------+----------------------+

[stage08] accuracy detail
+-----------------------------+-----+------+-------------+---------------+-------------+----------------+-------------------------------------+--------+
| accuracy_reference          | mse | rmse | relative_l2 | relative_linf | exact_match | mismatch_count | semantic_check                      | status |
+-----------------------------+-----+------+-------------+---------------+-------------+----------------+-------------------------------------+--------+
| cpu_qmf_int64_index_formula | 0   | 0    | 0           | 0             | NA          | NA             | output_count=100;output_dtype=INT64 | PASS   |
+-----------------------------+-----+------+-------------+---------------+-------------+----------------+-------------------------------------+--------+

[stage08] resource detail
+--------+------------+--------------+-------------+------------+-------------+
| device | metric     | before_bytes | after_bytes | peak_bytes | delta_bytes |
+--------+------------+--------------+-------------+------------+-------------+
| CPU    | cpu_heap   | 1345712      | 1349824     | 1349824    | 4112        |
| CPU    | rss        | 68915200     | 68915200    | 68915200   | 0           |
| GPU    | cpu_heap   | 1349920      | 1354176     | 1354176    | 4256        |
| GPU    | rss        | 68915200     | 68915200    | 68915200   | 0           |
| GPU    | gpu_memory | 391544832    | 391544832   | 391544832  | 0           |
+--------+------------+--------------+-------------+------------+-------------+

[stage08] input/output identity
+--------+------------------------------------------------------------------+------------------------------------------------------------------+
| device | input_digest                                                     | output_digest                                                    |
+--------+------------------------------------------------------------------+------------------------------------------------------------------+
| CPU    | 594f957635ea00bb952683bd249f14ebaa022490956c92f1b0d49e73d1ecdb5d | 38def24e52cb938a00dc911a774bc1245254d94bc91327409c01ad408f4f88b1 |
| GPU    | 594f957635ea00bb952683bd249f14ebaa022490956c92f1b0d49e73d1ecdb5d | 38def24e52cb938a00dc911a774bc1245254d94bc91327409c01ad408f4f88b1 |
+--------+------------------------------------------------------------------+------------------------------------------------------------------+

[stage08] input content
+------------+-------+-------+----------+------------------------------------------------------+---------------------------------------------------+
| input_name | shape | dtype | elements | generator                                            | values(head4/tail2)                               |
+------------+-------+-------+----------+------------------------------------------------------+---------------------------------------------------+
| hk         | [100] | INT32 | 100      | qmf_sinusoid_or_modular(seed=87300007,integral=true) | i=0:-45;i=1:-38;i=2:-31;i=3:-24;i=98:-38;i=99:-31 |
+------------+-------+-------+----------+------------------------------------------------------+---------------------------------------------------+

[stage08] case parameters
+------------------------------------------------------+
| parameters                                           |
+------------------------------------------------------+
| {"dtype":"INT32","elements":"100","seed":"87300007"} |
+------------------------------------------------------+

[stage08] dtype evidence
+-----------------+--------------------+--------------+------------------------------------------------------------------+--------+
| requested_dtype | config_input_dtype | output_dtype | actual_input_digest                                              | status |
+-----------------+--------------------+--------------+------------------------------------------------------------------+--------+
| INT32           | NA                 | INT64        | 594f957635ea00bb952683bd249f14ebaa022490956c92f1b0d49e73d1ecdb5d | PASS   |
+-----------------+--------------------+--------------+------------------------------------------------------------------+--------+

[stage08] evidence files
+----------------+-------------------------------------------------------------------------------------------------------------------------------------------------------------------------------------------------------------------------------------------+
| kind           | path                                                                                                                                                                                                                                      |
+----------------+-------------------------------------------------------------------------------------------------------------------------------------------------------------------------------------------------------------------------------------------+
| dtype_csv      | /tmp/ZKX_dev/results/stage08_input_preview_b07_qmf_ed9b9505e41d/formal/20260810T090749Z_ed9b9505e41d_stage08_b07_formal_87530006/operator_dtype_evidence_qmf_not_applicable_20260810T090749Z_ed9b9505e41d_stage08_b07_formal_87530006.csv |
| main_csv       | /tmp/ZKX_dev/results/stage08_input_preview_b07_qmf_ed9b9505e41d/formal/20260810T090749Z_ed9b9505e41d_stage08_b07_formal_87530006/operator_main_results_qmf_not_applicable_20260810T090749Z_ed9b9505e41d_stage08_b07_formal_87530006.csv   |
| full_log       | /tmp/ZKX_dev/results/stage08_input_preview_b07_qmf_ed9b9505e41d/formal/20260810T090749Z_ed9b9505e41d_stage08_b07_formal_87530006/operator_qmf_full.log                                                                                    |
| report_json    | /tmp/ZKX_dev/results/stage08_input_preview_b07_qmf_ed9b9505e41d/formal/20260810T090749Z_ed9b9505e41d_stage08_b07_formal_87530006/operator_qmf_report.json                                                                                 |
| summary_txt    | /tmp/ZKX_dev/results/stage08_input_preview_b07_qmf_ed9b9505e41d/formal/20260810T090749Z_ed9b9505e41d_stage08_b07_formal_87530006/operator_qmf_summary.txt                                                                                 |
| timing_csv     | /tmp/ZKX_dev/results/stage08_input_preview_b07_qmf_ed9b9505e41d/formal/20260810T090749Z_ed9b9505e41d_stage08_b07_formal_87530006/operator_timing_samples_qmf_not_applicable_20260810T090749Z_ed9b9505e41d_stage08_b07_formal_87530006.csv |
| memory_csv     | /tmp/ZKX_dev/results/stage08_input_preview_b07_qmf_ed9b9505e41d/formal/20260810T090749Z_ed9b9505e41d_stage08_b07_formal_87530006/operator_wavelets_qmf_memory_trace_not_applicable.csv                                                    |
| probe_raw_json | /tmp/ZKX_dev/results/stage08_input_preview_b07_qmf_ed9b9505e41d/formal/20260810T090749Z_ed9b9505e41d_stage08_b07_formal_87530006/qmf_probe_raw.json                                                                                       |
+----------------+-------------------------------------------------------------------------------------------------------------------------------------------------------------------------------------------------------------------------------------------+
