command=build_stage08_b04_correlate2d_e458c69972d3/stage08_convolution_correlate2d --dtype FP16 --rows1 32 --cols1 32 --rows2 5 --cols2 4 --mode full --boundary wrap --fillvalue 0 --seed 84020002 --warmup 20 --measured 100 --output /tmp/ZKX_dev/results/stage08_input_preview_b04_correlate2d_db927ed96663/formal/20260810T083653Z_db927ed96663_stage08_b04_formal_b4010005/correlate2d_probe_raw.json
STAGE08_CORRELATE2D_PROBE PASS dtype=FP16 mode=full boundary=wrap backend=not_applicable
{"actual_input_digest": "c0b85aaf6850d391a716fc4a0b3722715b88be96bf5e92a076139171dd3fa401", "backend": "not_applicable", "boundary": "wrap", "boundary_effect": "active", "case_id": "correlate2d__correlate2d_fp16_10e3__c0b85aaf6850d391", "compute_dtype": "FP32", "dtype_semantics": "actual_same_dtype_arrays_fp32_legal_extension", "error_code": "OK", "fft_dtype": "not_applicable", "measured_runs": 100, "metrics": {"exact_match": true, "mismatch_count": 0, "mse": 0, "relative_l2": 0, "relative_linf": 0, "rmse": 0}, "mode": "full", "native_capability": "approved_legal_extension", "operator_name": "correlate2d", "output_dtype": "FP16", "requested_dtype": "FP16", "run_id": "20260810T083653Z_db927ed96663_stage08_b04_formal_b4010005", "scale_id": "correlate2d_fp16_10e3", "schema_version": 1, "status": "PASS", "typed_input_count": 2, "typed_input_names": "in1|in2", "warmup_runs": 20}
[stage08] identity and status
+-------------+-----------------------+--------+----------------+-------+--------+----------+--------------------------+--------+------------+
| target      | scale_id              | device | backend        | dtype | warmup | measured | timing_scope             | status | error_code |
+-------------+-----------------------+--------+----------------+-------+--------+----------+--------------------------+--------+------------+
| correlate2d | correlate2d_fp16_10e3 | CPU    | not_applicable | FP16  | 20     | 100      | compatibility/end-to-end | PASS   | OK         |
| correlate2d | correlate2d_fp16_10e3 | GPU    | not_applicable | FP16  | 20     | 100      | compatibility/end-to-end | PASS   | OK         |
+-------------+-----------------------+--------+----------------+-------+--------+----------+--------------------------+--------+------------+

[stage08] timing detail
+--------+---------------------+--------------------+---------------------+---------------------+---------------------+---------------------+----------------------+-----------------------+--------------------+
| device | mean_ms             | p50_ms             | p95_ms              | p99_ms              | min_ms              | max_ms              | std_ms               | cv                    | speedup            |
+--------+---------------------+--------------------+---------------------+---------------------+---------------------+---------------------+----------------------+-----------------------+--------------------+
| CPU    | 1.8816390000000001  | 1.8779145000000002 | 1.8935120000000001  | 1.9461097000000003  | 1.8707590000000001  | 2.00746             | 0.016378827903729864 | 0.0087045537979016496 | NA                 |
| GPU    | 0.40256022999999996 | 0.397482           | 0.45856444999999996 | 0.51040540000000012 | 0.38453199999999998 | 0.52648300000000003 | 0.024845558024264622 | 0.061718858875514412  | 4.6741800599627048 |
+--------+---------------------+--------------------+---------------------+---------------------+---------------------+---------------------+----------------------+-----------------------+--------------------+

[stage08] accuracy detail
+-------------------------------------------+-----+------+-------------+---------------+-------------+----------------+-----------------------------------------------------------------------------------------------------------------------------+--------+
| accuracy_reference                        | mse | rmse | relative_l2 | relative_linf | exact_match | mismatch_count | semantic_check                                                                                                              | status |
+-------------------------------------------+-----+------+-------------+---------------+-------------+----------------+-----------------------------------------------------------------------------------------------------------------------------+--------+
| cpu_independent_boundary_direct_reference | 0   | 0    | 0           | 0             | true        | 0              | approved_fp32_legal_path_shape_mode_boundary_and_fp16_output_match_cpu:mode=full;boundary=wrap;valid_boundary_effect=active | PASS   |
+-------------------------------------------+-----+------+-------------+---------------+-------------+----------------+-----------------------------------------------------------------------------------------------------------------------------+--------+

[stage08] resource detail
+--------+------------+--------------+-------------+------------+-------------+
| device | metric     | before_bytes | after_bytes | peak_bytes | delta_bytes |
+--------+------------+--------------+-------------+------------+-------------+
| CPU    | cpu_heap   | 1451456      | 1459424     | 1459424    | 7968        |
| CPU    | rss        | 69586944     | 69586944    | 69586944   | 0           |
| GPU    | cpu_heap   | 1459424      | 1465280     | 1465280    | 5856        |
| GPU    | rss        | 69586944     | 69586944    | 69586944   | 0           |
| GPU    | gpu_memory | 391544832    | 391544832   | 391544832  | 0           |
+--------+------------+--------------+-------------+------------+-------------+

[stage08] input/output identity
+--------+------------------------------------------------------------------+------------------------------------------------------------------+
| device | input_digest                                                     | output_digest                                                    |
+--------+------------------------------------------------------------------+------------------------------------------------------------------+
| CPU    | c0b85aaf6850d391a716fc4a0b3722715b88be96bf5e92a076139171dd3fa401 | 603c1e67682f82e55d0398d78e6ec690ab1a22511a0476d1a2d567a96c591baa |
| GPU    | c0b85aaf6850d391a716fc4a0b3722715b88be96bf5e92a076139171dd3fa401 | 603c1e67682f82e55d0398d78e6ec690ab1a22511a0476d1a2d567a96c591baa |
+--------+------------------------------------------------------------------+------------------------------------------------------------------+

[stage08] input content
+------------+---------+-------+----------+--------------------------------------------------------+-----------------------------------------------------------+
| input_name | shape   | dtype | elements | generator                                              | values(head4/tail2)                                       |
+------------+---------+-------+----------+--------------------------------------------------------+-----------------------------------------------------------+
| in1        | [32x32] | FP16  | 1024     | correlate_modular(seed=84020002,salt=3,integral=false) | i=0:-0.5;i=1:1;i=2:-0.25;i=3:1.25;i=1022:0.75;i=1023:-0.5 |
| in2        | [5x4]   | FP16  | 20       | correlate_modular(seed=84020002,salt=7,integral=false) | i=0:0.5;i=1:-0.75;i=2:0.75;i=3:-0.5;i=18:0;i=19:-1.25     |
+------------+---------+-------+----------+--------------------------------------------------------+-----------------------------------------------------------+

[stage08] case parameters
+--------------------------------------------------------------------------------------------------------------------------------------+
| parameters                                                                                                                           |
+--------------------------------------------------------------------------------------------------------------------------------------+
| {"boundary":"wrap","cols1":"32","cols2":"4","dtype":"FP16","fillvalue":"0","mode":"full","rows1":"32","rows2":"5","seed":"84020002"} |
+--------------------------------------------------------------------------------------------------------------------------------------+

[stage08] dtype evidence
+-----------------+--------------------+--------------+------------------------------------------------------------------+--------+
| requested_dtype | config_input_dtype | output_dtype | actual_input_digest                                              | status |
+-----------------+--------------------+--------------+------------------------------------------------------------------+--------+
| FP16            | NA                 | FP16         | c0b85aaf6850d391a716fc4a0b3722715b88be96bf5e92a076139171dd3fa401 | PASS   |
+-----------------+--------------------+--------------+------------------------------------------------------------------+--------+

[stage08] evidence files
+----------------+-----------------------------------------------------------------------------------------------------------------------------------------------------------------------------------------------------------------------------------------------------------+
| kind           | path                                                                                                                                                                                                                                                      |
+----------------+-----------------------------------------------------------------------------------------------------------------------------------------------------------------------------------------------------------------------------------------------------------+
| probe_raw_json | /tmp/ZKX_dev/results/stage08_input_preview_b04_correlate2d_db927ed96663/formal/20260810T083653Z_db927ed96663_stage08_b04_formal_b4010005/correlate2d_probe_raw.json                                                                                       |
| memory_csv     | /tmp/ZKX_dev/results/stage08_input_preview_b04_correlate2d_db927ed96663/formal/20260810T083653Z_db927ed96663_stage08_b04_formal_b4010005/operator_convolution_correlate2d_memory_trace_not_applicable.csv                                                 |
| full_log       | /tmp/ZKX_dev/results/stage08_input_preview_b04_correlate2d_db927ed96663/formal/20260810T083653Z_db927ed96663_stage08_b04_formal_b4010005/operator_correlate2d_full.log                                                                                    |
| report_json    | /tmp/ZKX_dev/results/stage08_input_preview_b04_correlate2d_db927ed96663/formal/20260810T083653Z_db927ed96663_stage08_b04_formal_b4010005/operator_correlate2d_report.json                                                                                 |
| summary_txt    | /tmp/ZKX_dev/results/stage08_input_preview_b04_correlate2d_db927ed96663/formal/20260810T083653Z_db927ed96663_stage08_b04_formal_b4010005/operator_correlate2d_summary.txt                                                                                 |
| dtype_csv      | /tmp/ZKX_dev/results/stage08_input_preview_b04_correlate2d_db927ed96663/formal/20260810T083653Z_db927ed96663_stage08_b04_formal_b4010005/operator_dtype_evidence_correlate2d_not_applicable_20260810T083653Z_db927ed96663_stage08_b04_formal_b4010005.csv |
| main_csv       | /tmp/ZKX_dev/results/stage08_input_preview_b04_correlate2d_db927ed96663/formal/20260810T083653Z_db927ed96663_stage08_b04_formal_b4010005/operator_main_results_correlate2d_not_applicable_20260810T083653Z_db927ed96663_stage08_b04_formal_b4010005.csv   |
| timing_csv     | /tmp/ZKX_dev/results/stage08_input_preview_b04_correlate2d_db927ed96663/formal/20260810T083653Z_db927ed96663_stage08_b04_formal_b4010005/operator_timing_samples_correlate2d_not_applicable_20260810T083653Z_db927ed96663_stage08_b04_formal_b4010005.csv |
+----------------+-----------------------------------------------------------------------------------------------------------------------------------------------------------------------------------------------------------------------------------------------------------+
