command=/tmp/ZKX_dev/build_stage07_b01_cfar_alpha_1662dd06774d/stage07_radartools_cfar_alpha --dtype INT32 --warmup 20 --measured 100 --output /tmp/ZKX_dev/results/stage07_b01_input_preview_1662dd06774d/formal/20260810T081256Z_1662dd06774d_stage07_b01_formal_e0bfebb2/cfar_alpha_probe_raw.json --pfa 1 --reference 128
STAGE07_RADAR_PROBE PASS operator=cfar_alpha dtype=INT32
{"run_id": "20260810T081256Z_1662dd06774d_stage07_b01_formal_e0bfebb2", "case_id": "cfar_alpha__alpha_int32_10e2__5f882dc851496745", "operator_name": "cfar_alpha", "scale_id": "alpha_int32_10e2", "requested_dtype": "INT32", "config_input_dtype": "INT32", "input_content": [{"input_name": "pfa", "shape": "[1]", "dtype": "INT32", "element_count": "1", "generator": "exact_scalar_from_case_config", "preview_head4_tail2": "value=1"}], "case_parameters": {"pfa": 1, "reference_count": 128, "equivalent_work": "10^2"}, "output_dtype": "FP64", "backend": "not_applicable", "warmup_runs": 20, "measured_runs": 100, "mse": 0, "rmse": 0, "relative_l2": 0, "relative_linf": 0, "exact_match": true, "mismatch_count": 0, "semantic_check": true, "actual_input_digest": "5f882dc851496745d4f92f1e1e7dd510da3a613ef7d0e2ee1100068ce63324e7", "status": "PASS", "error_code": "OK"}
[stage07] identity and status
+------------+------------------+--------+----------------+-------+--------+----------+--------------------------+--------+------------+
| target     | scale_id         | device | backend        | dtype | warmup | measured | timing_scope             | status | error_code |
+------------+------------------+--------+----------------+-------+--------+----------+--------------------------+--------+------------+
| cfar_alpha | alpha_int32_10e2 | CPU    | not_applicable | INT32 | 20     | 100      | compatibility/end-to-end | PASS   | OK         |
| cfar_alpha | alpha_int32_10e2 | GPU    | not_applicable | INT32 | 20     | 100      | compatibility/end-to-end | PASS   | OK         |
+------------+------------------+--------+----------------+-------+--------+----------+--------------------------+--------+------------+

[stage07] timing detail
+--------+------------+-----------+------------+------------------------+---------+----------+------------------------+----------------------+-----------------------+
| device | mean_ms    | p50_ms    | p95_ms     | p99_ms                 | min_ms  | max_ms   | std_ms                 | cv                   | speedup               |
+--------+------------+-----------+------------+------------------------+---------+----------+------------------------+----------------------+-----------------------+
| CPU    | 0.0001151  | 0.00011   | 0.00012    | 0.00012050000000000026 | 0.00011 | 0.00017  | 7.4155242565849655e-06 | 0.06442679632132897  | NA                    |
| GPU    | 0.18340005 | 0.1828595 | 0.18598105 | 0.19877150000000024    | 0.17822 | 0.244559 | 0.0066172217015527     | 0.036080806420460076 | 0.0006275897961859879 |
+--------+------------+-----------+------------+------------------------+---------+----------+------------------------+----------------------+-----------------------+

[stage07] accuracy detail
+---------------------+-----+------+-------------+---------------+-------------+----------------+---------------------------------+--------+
| reference           | mse | rmse | relative_l2 | relative_linf | exact_match | mismatch_count | semantic_check                  | status |
+---------------------+-----+------+-------------+---------------+-------------+----------------+---------------------------------+--------+
| typed_cpu_reference | 0   | 0    | 0           | 0             | NA          | NA             | typed_output_shape_dtype_finite | PASS   |
+---------------------+-----+------+-------------+---------------+-------------+----------------+---------------------------------+--------+

[stage07] resource detail
+--------+------------+--------------+-------------+------------+-------------+
| device | metric     | before_bytes | after_bytes | peak_bytes | delta_bytes |
+--------+------------+--------------+-------------+------------+-------------+
| CPU    | cpu_heap   | 1375664      | 1378976     | 1378976    | 3312        |
| CPU    | rss        | 69943296     | 69943296    | 69943296   | 0           |
| GPU    | cpu_heap   | 1379040      | 1381856     | 1381856    | 2816        |
| GPU    | rss        | 69943296     | 69943296    | 69943296   | 0           |
| GPU    | gpu_memory | 341000192    | 341000192   | 341000192  | 0           |
+--------+------------+--------------+-------------+------------+-------------+

[stage07] input content
+------------+-------+-------+----------+-------------------------------+---------------------+
| input_name | shape | dtype | elements | generator                     | values(head4/tail2) |
+------------+-------+-------+----------+-------------------------------+---------------------+
| pfa        | [1]   | INT32 | 1        | exact_scalar_from_case_config | value=1             |
+------------+-------+-------+----------+-------------------------------+---------------------+

[stage07] case parameters
+----------------------------------------------------------+
| parameters                                               |
+----------------------------------------------------------+
| {"equivalent_work":"10^2","pfa":1,"reference_count":128} |
+----------------------------------------------------------+

[stage07] input and output identity
+--------+------------------------------------------------------------------+------------------------------------------------------------------+
| device | input_digest                                                     | output_digest                                                    |
+--------+------------------------------------------------------------------+------------------------------------------------------------------+
| CPU    | 5f882dc851496745d4f92f1e1e7dd510da3a613ef7d0e2ee1100068ce63324e7 | af5570f5a1810b7af78caf4bc70a660f0df51e42baf91d4de5b2328de0e83dfc |
| GPU    | 5f882dc851496745d4f92f1e1e7dd510da3a613ef7d0e2ee1100068ce63324e7 | af5570f5a1810b7af78caf4bc70a660f0df51e42baf91d4de5b2328de0e83dfc |
+--------+------------------------------------------------------------------+------------------------------------------------------------------+

[stage07] dtype evidence
+-----------------+--------------------+--------------+------------------------------------------------------------------+
| requested_dtype | config_input_dtype | output_dtype | actual_input_digest                                              |
+-----------------+--------------------+--------------+------------------------------------------------------------------+
| INT32           | INT32              | FP64         | 5f882dc851496745d4f92f1e1e7dd510da3a613ef7d0e2ee1100068ce63324e7 |
+-----------------+--------------------+--------------+------------------------------------------------------------------+

[stage07] evidence files
+-------------+----------------------------------------------------------------------------------------------------------------------------------------------------------------------------------------------------------------------------------------------+
| kind        | path                                                                                                                                                                                                                                         |
+-------------+----------------------------------------------------------------------------------------------------------------------------------------------------------------------------------------------------------------------------------------------+
| main_csv    | /tmp/ZKX_dev/results/stage07_b01_input_preview_1662dd06774d/formal/20260810T081256Z_1662dd06774d_stage07_b01_formal_e0bfebb2/operator_main_results_cfar_alpha_not_applicable_20260810T081256Z_1662dd06774d_stage07_b01_formal_e0bfebb2.csv   |
| timing_csv  | /tmp/ZKX_dev/results/stage07_b01_input_preview_1662dd06774d/formal/20260810T081256Z_1662dd06774d_stage07_b01_formal_e0bfebb2/operator_timing_samples_cfar_alpha_not_applicable_20260810T081256Z_1662dd06774d_stage07_b01_formal_e0bfebb2.csv |
| memory_csv  | /tmp/ZKX_dev/results/stage07_b01_input_preview_1662dd06774d/formal/20260810T081256Z_1662dd06774d_stage07_b01_formal_e0bfebb2/operator_radartools_cfar_alpha_memory_trace_not_applicable.csv                                                  |
| dtype_csv   | /tmp/ZKX_dev/results/stage07_b01_input_preview_1662dd06774d/formal/20260810T081256Z_1662dd06774d_stage07_b01_formal_e0bfebb2/operator_dtype_evidence_cfar_alpha_not_applicable_20260810T081256Z_1662dd06774d_stage07_b01_formal_e0bfebb2.csv |
| report_json | /tmp/ZKX_dev/results/stage07_b01_input_preview_1662dd06774d/formal/20260810T081256Z_1662dd06774d_stage07_b01_formal_e0bfebb2/operator_cfar_alpha_report.json                                                                                 |
| summary_txt | /tmp/ZKX_dev/results/stage07_b01_input_preview_1662dd06774d/formal/20260810T081256Z_1662dd06774d_stage07_b01_formal_e0bfebb2/operator_cfar_alpha_summary.txt                                                                                 |
| full_log    | /tmp/ZKX_dev/results/stage07_b01_input_preview_1662dd06774d/formal/20260810T081256Z_1662dd06774d_stage07_b01_formal_e0bfebb2/operator_cfar_alpha_full.log                                                                                    |
| result_dir  | /tmp/ZKX_dev/results/stage07_b01_input_preview_1662dd06774d/formal/20260810T081256Z_1662dd06774d_stage07_b01_formal_e0bfebb2                                                                                                                 |
+-------------+----------------------------------------------------------------------------------------------------------------------------------------------------------------------------------------------------------------------------------------------+
