command=build_stage08_b04_firfilter2_be79ae78aeff/stage08_filtering_firfilter2 --dtype FP32 --rows 100 --cols 100 --axis 1 --padtype constant --padlen 8 --seed 84210003 --warmup 20 --measured 100 --output /tmp/ZKX_dev/results/stage08_input_preview_b04_firfilter2_db927ed96663/formal/20260810T083711Z_db927ed96663_stage08_b04_formal_b4030003/firfilter2_probe_raw.json
STAGE08_FIRFILTER2_PROBE PASS dtype=FP32 padtype=constant backend=not_applicable
[stage08] identity and status
+------------+----------------------+--------+----------------+-------+--------+----------+--------------------------+--------+------------+
| target     | scale_id             | device | backend        | dtype | warmup | measured | timing_scope             | status | error_code |
+------------+----------------------+--------+----------------+-------+--------+----------+--------------------------+--------+------------+
| firfilter2 | firfilter2_fp32_10e4 | CPU    | not_applicable | FP32  | 20     | 100      | compatibility/end-to-end | PASS   | OK         |
| firfilter2 | firfilter2_fp32_10e4 | GPU    | not_applicable | FP32  | 20     | 100      | compatibility/end-to-end | PASS   | OK         |
+------------+----------------------+--------+----------------+-------+--------+----------+--------------------------+--------+------------+

[stage08] timing detail
+--------+---------------------+---------------------+---------------------+---------------------+---------------------+---------------------+----------------------+-----------------------+--------------------+
| device | mean_ms             | p50_ms              | p95_ms              | p99_ms              | min_ms              | max_ms              | std_ms               | cv                    | speedup            |
+--------+---------------------+---------------------+---------------------+---------------------+---------------------+---------------------+----------------------+-----------------------+--------------------+
| CPU    | 1.6701337599999999  | 1.6659735           | 1.67998505          | 1.7434020000000001  | 1.660439            | 1.775379            | 0.014118738997601736 | 0.0084536576265614415 | NA                 |
| GPU    | 0.31199708000000004 | 0.30599199999999999 | 0.32359099999999996 | 0.39717111000000127 | 0.29703099999999999 | 0.64359299999999997 | 0.035182170072830921 | 0.11276442097737234   | 5.3530429195042455 |
+--------+---------------------+---------------------+---------------------+---------------------+---------------------+---------------------+----------------------+-----------------------+--------------------+

[stage08] accuracy detail
+---------------------------------------------+-----+------+-------------+---------------+-------------+----------------+-------------------------------------------------------------------------------+--------+
| accuracy_reference                          | mse | rmse | relative_l2 | relative_linf | exact_match | mismatch_count | semantic_check                                                                | status |
+---------------------------------------------+-----+------+-------------+---------------+-------------+----------------+-------------------------------------------------------------------------------+--------+
| cpu_independent_bidirectional_fir_reference | 0   | 0    | 0           | 0             | NA          | NA             | shape_axis_padding_and_fp32_output_match_cpu:axis=1;padtype=constant;padlen=8 | PASS   |
+---------------------------------------------+-----+------+-------------+---------------+-------------+----------------+-------------------------------------------------------------------------------+--------+

[stage08] resource detail
+--------+------------+--------------+-------------+------------+-------------+
| device | metric     | before_bytes | after_bytes | peak_bytes | delta_bytes |
+--------+------------+--------------+-------------+------------+-------------+
| CPU    | cpu_heap   | 1555632      | 1558368     | 1598384    | 2736        |
| CPU    | rss        | 70336512     | 70336512    | 70336512   | 0           |
| GPU    | cpu_heap   | 1560112      | 1564176     | 1564176    | 4064        |
| GPU    | rss        | 70336512     | 70336512    | 70336512   | 0           |
| GPU    | gpu_memory | 408322048    | 408322048   | 408322048  | 0           |
+--------+------------+--------------+-------------+------------+-------------+

[stage08] input/output identity
+--------+------------------------------------------------------------------+------------------------------------------------------------------+
| device | input_digest                                                     | output_digest                                                    |
+--------+------------------------------------------------------------------+------------------------------------------------------------------+
| CPU    | 78a9ad8437717817a324a366d40f358c23a91de837197d8135bc1b558332267f | a62626fd03d5b7e467c5dd404155e0e0962b3d868ee44347f8ab73855562fd7f |
| GPU    | 78a9ad8437717817a324a366d40f358c23a91de837197d8135bc1b558332267f | a62626fd03d5b7e467c5dd404155e0e0962b3d868ee44347f8ab73855562fd7f |
+--------+------------------------------------------------------------------+------------------------------------------------------------------+

[stage08] input content
+------------+-----------+-------+----------+-------------------------------------------------+----------------------------------------------------+
| input_name | shape     | dtype | elements | generator                                       | values(head4/tail2)                                |
+------------+-----------+-------+----------+-------------------------------------------------+----------------------------------------------------+
| x          | [100x100] | FP32  | 10000    | firfilter_modular(seed=84210003,integral=false) | i=0:-1;i=1:0;i=2:1;i=3:-0.25;i=9998:0.25;i=9999:-1 |
| b          | [3]       | FP32  | 3        | fixed_filter_coefficients                       | i=0:1;i=1:1;i=2:1                                  |
+------------+-----------+-------+----------+-------------------------------------------------+----------------------------------------------------+

[stage08] case parameters
+-----------------------------------------------------------------------------------------------------------+
| parameters                                                                                                |
+-----------------------------------------------------------------------------------------------------------+
| {"axis":"1","cols":"100","dtype":"FP32","padlen":"8","padtype":"constant","rows":"100","seed":"84210003"} |
+-----------------------------------------------------------------------------------------------------------+

[stage08] dtype evidence
+-----------------+--------------------+--------------+------------------------------------------------------------------+--------+
| requested_dtype | config_input_dtype | output_dtype | actual_input_digest                                              | status |
+-----------------+--------------------+--------------+------------------------------------------------------------------+--------+
| FP32            | NA                 | FP32         | 78a9ad8437717817a324a366d40f358c23a91de837197d8135bc1b558332267f | PASS   |
+-----------------+--------------------+--------------+------------------------------------------------------------------+--------+

[stage08] evidence files
+----------------+---------------------------------------------------------------------------------------------------------------------------------------------------------------------------------------------------------------------------------------------------------+
| kind           | path                                                                                                                                                                                                                                                    |
+----------------+---------------------------------------------------------------------------------------------------------------------------------------------------------------------------------------------------------------------------------------------------------+
| probe_raw_json | /tmp/ZKX_dev/results/stage08_input_preview_b04_firfilter2_db927ed96663/formal/20260810T083711Z_db927ed96663_stage08_b04_formal_b4030003/firfilter2_probe_raw.json                                                                                       |
| dtype_csv      | /tmp/ZKX_dev/results/stage08_input_preview_b04_firfilter2_db927ed96663/formal/20260810T083711Z_db927ed96663_stage08_b04_formal_b4030003/operator_dtype_evidence_firfilter2_not_applicable_20260810T083711Z_db927ed96663_stage08_b04_formal_b4030003.csv |
| memory_csv     | /tmp/ZKX_dev/results/stage08_input_preview_b04_firfilter2_db927ed96663/formal/20260810T083711Z_db927ed96663_stage08_b04_formal_b4030003/operator_filtering_firfilter2_memory_trace_not_applicable.csv                                                   |
| full_log       | /tmp/ZKX_dev/results/stage08_input_preview_b04_firfilter2_db927ed96663/formal/20260810T083711Z_db927ed96663_stage08_b04_formal_b4030003/operator_firfilter2_full.log                                                                                    |
| report_json    | /tmp/ZKX_dev/results/stage08_input_preview_b04_firfilter2_db927ed96663/formal/20260810T083711Z_db927ed96663_stage08_b04_formal_b4030003/operator_firfilter2_report.json                                                                                 |
| summary_txt    | /tmp/ZKX_dev/results/stage08_input_preview_b04_firfilter2_db927ed96663/formal/20260810T083711Z_db927ed96663_stage08_b04_formal_b4030003/operator_firfilter2_summary.txt                                                                                 |
| main_csv       | /tmp/ZKX_dev/results/stage08_input_preview_b04_firfilter2_db927ed96663/formal/20260810T083711Z_db927ed96663_stage08_b04_formal_b4030003/operator_main_results_firfilter2_not_applicable_20260810T083711Z_db927ed96663_stage08_b04_formal_b4030003.csv   |
| timing_csv     | /tmp/ZKX_dev/results/stage08_input_preview_b04_firfilter2_db927ed96663/formal/20260810T083711Z_db927ed96663_stage08_b04_formal_b4030003/operator_timing_samples_firfilter2_not_applicable_20260810T083711Z_db927ed96663_stage08_b04_formal_b4030003.csv |
+----------------+---------------------------------------------------------------------------------------------------------------------------------------------------------------------------------------------------------------------------------------------------------+
