[stage08-b01] operator=general_cosine entry=cpu:general_cosine_typed_cpu gpu:general_cosine_device
[stage08-b01] config=test_all/configs/operators/windows/general_cosine/operator_scales.json config_sha256=98e7d3d2716deaf919d8883f5caa73c3f61a1ce37bffff86a62a6be43aa66f64
[stage08-b01] run_type=formal scale=general_cosine_fp16_10e4 dtype=FP16 sym=false backend=not_applicable
[stage08-b01] dtype_semantics=actual_typed_array_input typed_input_count=3 actual_input_digest=f7d4c50b089ead2967f578ae39454710b645e1332e08eee51129010cb4fc8528
[stage08-b01] timing_scope=compatibility/end-to-end warmup=20 measured=100
[stage08-b01] cpu_mean_ms=1.4196042900000003 gpu_mean_ms=0.41319040000000018 speedup=3.4357146003392134
[stage08-b01] mse=7.5160771004930909e-14 rmse=2.7415464797251005e-07 relative_l2=1.4654182338639309e-07 relative_linf=3.8914514655097321e-07
[stage08-b01] resources=available cuda_event_ms=0.40762600302696228
[stage08-b01] status=PASS error_code=OK
[stage08] identity and status
target         | scale_id                 | device | backend        | dtype | warmup | measured | timing_scope             | status | error_code
general_cosine | general_cosine_fp16_10e4 | CPU    | not_applicable | FP16  | 20     | 100      | compatibility/end-to-end | PASS   | OK        
general_cosine | general_cosine_fp16_10e4 | GPU    | not_applicable | FP16  | 20     | 100      | compatibility/end-to-end | PASS   | OK        

[stage08] timing detail
device | mean_ms             | p50_ms              | p95_ms             | p99_ms              | min_ms              | max_ms              | std_ms                | cv                    | speedup           
CPU    | 1.4196042900000003  | 1.416574            | 1.4300915000000001 | 1.4351482           | 1.4140239999999999  | 1.4355640000000001  | 0.0053821597361932679 | 0.0037913098559270108 | NA                
GPU    | 0.41319040000000018 | 0.40720600000000001 | 0.4290795          | 0.57594511000000059 | 0.39697100000000002 | 0.67337199999999997 | 0.032210829459049947  | 0.077956383931112469  | 3.4357146003392134

[stage08] accuracy detail
accuracy_reference  | mse                    | rmse                   | relative_l2            | relative_linf          | exact_match | mismatch_count | semantic_check                                                                                   | status
cpu_typed_reference | 7.5160771004930909e-14 | 2.7415464797251005e-07 | 1.4654182338639309e-07 | 3.8914514655097321e-07 | NA          | NA             | finite_fp64_window_shape_coefficients_and_symmetry_match_cpu:shape=[10000];finite=true;sym=false | PASS  

[stage08] resource detail
device | metric     | before_bytes | after_bytes | peak_bytes | delta_bytes
CPU    | cpu_heap   | 1617552      | 1621312     | 1700208    | 3760       
CPU    | rss        | 71204864     | 71204864    | 71204864   | 0          
GPU    | cpu_heap   | 1621408      | 1624304     | 1703824    | 2896       
GPU    | rss        | 71204864     | 71204864    | 71204864   | 0          
GPU    | gpu_memory | 408322048    | 408322048   | 408322048  | 0          

[stage08] input/output identity
device | input_digest                                                     | output_digest                                                   
CPU    | f7d4c50b089ead2967f578ae39454710b645e1332e08eee51129010cb4fc8528 | 4f32d914a1ab91ad910368400a30c5f7a8549ab736ca9b67140cac9858fd13c7
GPU    | f7d4c50b089ead2967f578ae39454710b645e1332e08eee51129010cb4fc8528 | 63a1f61e776ad4eefc455c8a415c77a5bc088b5264f8b76d29c015ad91d3f267

[stage08] input content
input_name         | shape   | dtype       | elements | generator                                           | values(head4/tail2)                                                                                  
window_positions   | [10000] | INDEX_INT64 | 10000    | implicit_window_index_domain(no_materialized_array) | i=0:position=0;i=1:position=1;i=2:position=2;i=3:position=3;i=9998:position=9998;i=9999:position=9999
coefficient_values | [3]     | FP16        | 3        | exact_config_array                                  | i=0:1;i=1:2;i=2:1                                                                                    

[stage08] case parameters
parameters                                                                        
{"length":10000,"requested_dtype":"FP16","sym":false,"coefficient_values":[1,2,1]}

[stage08] dtype evidence
requested_dtype | config_input_dtype | output_dtype | actual_input_digest                                              | status
FP16            | FP16               | FP64         | f7d4c50b089ead2967f578ae39454710b645e1332e08eee51129010cb4fc8528 | PASS  

[stage08] evidence files
kind        | path                                                                                                                                                                                                                                                           
main_csv    | /tmp/ZKX_dev/results/stage08_input_preview_b01_general_cosine_8b745f9a6864/formal/20260810T082115Z_8b745f9a6864_stage08_b01_formal_a102000c/operator_main_results_general_cosine_not_applicable_20260810T082115Z_8b745f9a6864_stage08_b01_formal_a102000c.csv  
timing_csv  | /tmp/ZKX_dev/results/stage08_input_preview_b01_general_cosine_8b745f9a6864/formal/20260810T082115Z_8b745f9a6864_stage08_b01_formal_a102000c/operator_timing_samples_general_cosine_not_applicable_20260810T082115Z_8b745f9a6864_stage08_b01_formal_a102000c.csv
memory_csv  | /tmp/ZKX_dev/results/stage08_input_preview_b01_general_cosine_8b745f9a6864/formal/20260810T082115Z_8b745f9a6864_stage08_b01_formal_a102000c/operator_windows_general_cosine_memory_trace_not_applicable.csv                                                    
input_csv   | /tmp/ZKX_dev/results/stage08_input_preview_b01_general_cosine_8b745f9a6864/formal/20260810T082115Z_8b745f9a6864_stage08_b01_formal_a102000c/operator_input_evidence_general_cosine_not_applicable_20260810T082115Z_8b745f9a6864_stage08_b01_formal_a102000c.csv
dtype_csv   | /tmp/ZKX_dev/results/stage08_input_preview_b01_general_cosine_8b745f9a6864/formal/20260810T082115Z_8b745f9a6864_stage08_b01_formal_a102000c/operator_dtype_evidence_general_cosine_not_applicable_20260810T082115Z_8b745f9a6864_stage08_b01_formal_a102000c.csv
module_csv  | /tmp/ZKX_dev/results/stage08_input_preview_b01_general_cosine_8b745f9a6864/formal/20260810T082115Z_8b745f9a6864_stage08_b01_formal_a102000c/windows_batch01_module_summary_not_applicable_20260810T082115Z_8b745f9a6864_stage08_b01_formal_a102000c.csv        
report_json | /tmp/ZKX_dev/results/stage08_input_preview_b01_general_cosine_8b745f9a6864/formal/20260810T082115Z_8b745f9a6864_stage08_b01_formal_a102000c/operator_general_cosine_report.json                                                                                
summary_txt | /tmp/ZKX_dev/results/stage08_input_preview_b01_general_cosine_8b745f9a6864/formal/20260810T082115Z_8b745f9a6864_stage08_b01_formal_a102000c/operator_general_cosine_summary.txt                                                                                
full_log    | /tmp/ZKX_dev/results/stage08_input_preview_b01_general_cosine_8b745f9a6864/formal/20260810T082115Z_8b745f9a6864_stage08_b01_formal_a102000c/operator_general_cosine_full.log                                                                                   
results_dir | /tmp/ZKX_dev/results/stage08_input_preview_b01_general_cosine_8b745f9a6864/formal/20260810T082115Z_8b745f9a6864_stage08_b01_formal_a102000c                                                                                                                    
