sample_index=0 cpu_pipeline_ms=51.5345 gpu_pipeline_ms=7.99823 cpu_resource_sampling_overhead_ms=0.14501 gpu_resource_sampling_overhead_ms=0.0331 semantic_gates=16/16 timing_direct=true resource_overhead_excluded=true step_sum_used=false status=PASS
sample_index=1 cpu_pipeline_ms=51.6887 gpu_pipeline_ms=7.97756 cpu_resource_sampling_overhead_ms=0.147441 gpu_resource_sampling_overhead_ms=0.03262 semantic_gates=16/16 timing_direct=true resource_overhead_excluded=true step_sum_used=false status=PASS
sample_index=2 cpu_pipeline_ms=51.5548 gpu_pipeline_ms=8.07036 cpu_resource_sampling_overhead_ms=0.135091 gpu_resource_sampling_overhead_ms=0.03244 semantic_gates=16/16 timing_direct=true resource_overhead_excluded=true step_sum_used=false status=PASS
sample_index=3 cpu_pipeline_ms=53.882 gpu_pipeline_ms=8.02159 cpu_resource_sampling_overhead_ms=0.145842 gpu_resource_sampling_overhead_ms=0.03222 semantic_gates=16/16 timing_direct=true resource_overhead_excluded=true step_sum_used=false status=PASS
sample_index=4 cpu_pipeline_ms=51.3225 gpu_pipeline_ms=8.11957 cpu_resource_sampling_overhead_ms=0.143401 gpu_resource_sampling_overhead_ms=0.03489 semantic_gates=16/16 timing_direct=true resource_overhead_excluded=true step_sum_used=false status=PASS
sample_index=5 cpu_pipeline_ms=52.3354 gpu_pipeline_ms=7.94856 cpu_resource_sampling_overhead_ms=0.131851 gpu_resource_sampling_overhead_ms=0.03237 semantic_gates=16/16 timing_direct=true resource_overhead_excluded=true step_sum_used=false status=PASS
sample_index=6 cpu_pipeline_ms=51.9852 gpu_pipeline_ms=7.98704 cpu_resource_sampling_overhead_ms=0.131222 gpu_resource_sampling_overhead_ms=0.032791 semantic_gates=16/16 timing_direct=true resource_overhead_excluded=true step_sum_used=false status=PASS
sample_index=7 cpu_pipeline_ms=51.6211 gpu_pipeline_ms=7.97933 cpu_resource_sampling_overhead_ms=0.12785 gpu_resource_sampling_overhead_ms=0.032401 semantic_gates=16/16 timing_direct=true resource_overhead_excluded=true step_sum_used=false status=PASS
sample_index=8 cpu_pipeline_ms=51.78 gpu_pipeline_ms=7.89243 cpu_resource_sampling_overhead_ms=0.13783 gpu_resource_sampling_overhead_ms=0.032241 semantic_gates=16/16 timing_direct=true resource_overhead_excluded=true step_sum_used=false status=PASS
sample_index=9 cpu_pipeline_ms=53.7707 gpu_pipeline_ms=8.08101 cpu_resource_sampling_overhead_ms=0.12712 gpu_resource_sampling_overhead_ms=0.03168 semantic_gates=16/16 timing_direct=true resource_overhead_excluded=true step_sum_used=false status=PASS
sample_index=10 cpu_pipeline_ms=51.8476 gpu_pipeline_ms=8.00647 cpu_resource_sampling_overhead_ms=0.142722 gpu_resource_sampling_overhead_ms=0.03273 semantic_gates=16/16 timing_direct=true resource_overhead_excluded=true step_sum_used=false status=PASS
sample_index=11 cpu_pipeline_ms=52.068 gpu_pipeline_ms=8.07263 cpu_resource_sampling_overhead_ms=0.143791 gpu_resource_sampling_overhead_ms=0.03241 semantic_gates=16/16 timing_direct=true resource_overhead_excluded=true step_sum_used=false status=PASS
sample_index=12 cpu_pipeline_ms=51.7136 gpu_pipeline_ms=8.00126 cpu_resource_sampling_overhead_ms=0.144561 gpu_resource_sampling_overhead_ms=0.03225 semantic_gates=16/16 timing_direct=true resource_overhead_excluded=true step_sum_used=false status=PASS
sample_index=13 cpu_pipeline_ms=51.7307 gpu_pipeline_ms=8.08436 cpu_resource_sampling_overhead_ms=0.1366 gpu_resource_sampling_overhead_ms=0.03284 semantic_gates=16/16 timing_direct=true resource_overhead_excluded=true step_sum_used=false status=PASS
sample_index=14 cpu_pipeline_ms=51.7723 gpu_pipeline_ms=8.09736 cpu_resource_sampling_overhead_ms=0.14268 gpu_resource_sampling_overhead_ms=0.03366 semantic_gates=16/16 timing_direct=true resource_overhead_excluded=true step_sum_used=false status=PASS
sample_index=15 cpu_pipeline_ms=51.7017 gpu_pipeline_ms=8.29797 cpu_resource_sampling_overhead_ms=0.138422 gpu_resource_sampling_overhead_ms=0.03216 semantic_gates=16/16 timing_direct=true resource_overhead_excluded=true step_sum_used=false status=PASS
sample_index=16 cpu_pipeline_ms=51.7532 gpu_pipeline_ms=7.75207 cpu_resource_sampling_overhead_ms=0.137321 gpu_resource_sampling_overhead_ms=0.03259 semantic_gates=16/16 timing_direct=true resource_overhead_excluded=true step_sum_used=false status=PASS
sample_index=17 cpu_pipeline_ms=51.6343 gpu_pipeline_ms=7.98382 cpu_resource_sampling_overhead_ms=0.139121 gpu_resource_sampling_overhead_ms=0.032211 semantic_gates=16/16 timing_direct=true resource_overhead_excluded=true step_sum_used=false status=PASS
sample_index=18 cpu_pipeline_ms=51.6767 gpu_pipeline_ms=7.82468 cpu_resource_sampling_overhead_ms=0.153582 gpu_resource_sampling_overhead_ms=0.03228 semantic_gates=16/16 timing_direct=true resource_overhead_excluded=true step_sum_used=false status=PASS
sample_index=19 cpu_pipeline_ms=52.2129 gpu_pipeline_ms=8.2232 cpu_resource_sampling_overhead_ms=0.134422 gpu_resource_sampling_overhead_ms=0.03229 semantic_gates=16/16 timing_direct=true resource_overhead_excluded=true step_sum_used=false status=PASS
sample_index=20 cpu_pipeline_ms=51.4997 gpu_pipeline_ms=8.17018 cpu_resource_sampling_overhead_ms=0.13652 gpu_resource_sampling_overhead_ms=0.03407 semantic_gates=16/16 timing_direct=true resource_overhead_excluded=true step_sum_used=false status=PASS
sample_index=21 cpu_pipeline_ms=51.6158 gpu_pipeline_ms=8.39047 cpu_resource_sampling_overhead_ms=0.15117 gpu_resource_sampling_overhead_ms=0.03164 semantic_gates=16/16 timing_direct=true resource_overhead_excluded=true step_sum_used=false status=PASS
sample_index=22 cpu_pipeline_ms=51.5774 gpu_pipeline_ms=7.9195 cpu_resource_sampling_overhead_ms=0.130461 gpu_resource_sampling_overhead_ms=0.03221 semantic_gates=16/16 timing_direct=true resource_overhead_excluded=true step_sum_used=false status=PASS
sample_index=23 cpu_pipeline_ms=51.8102 gpu_pipeline_ms=8.08047 cpu_resource_sampling_overhead_ms=0.129312 gpu_resource_sampling_overhead_ms=0.03184 semantic_gates=16/16 timing_direct=true resource_overhead_excluded=true step_sum_used=false status=PASS
sample_index=24 cpu_pipeline_ms=51.6136 gpu_pipeline_ms=8.07545 cpu_resource_sampling_overhead_ms=0.1359 gpu_resource_sampling_overhead_ms=0.03205 semantic_gates=16/16 timing_direct=true resource_overhead_excluded=true step_sum_used=false status=PASS
sample_index=25 cpu_pipeline_ms=51.4487 gpu_pipeline_ms=8.07806 cpu_resource_sampling_overhead_ms=0.150162 gpu_resource_sampling_overhead_ms=0.03177 semantic_gates=16/16 timing_direct=true resource_overhead_excluded=true step_sum_used=false status=PASS
sample_index=26 cpu_pipeline_ms=50.9556 gpu_pipeline_ms=7.85404 cpu_resource_sampling_overhead_ms=0.13503 gpu_resource_sampling_overhead_ms=0.03196 semantic_gates=16/16 timing_direct=true resource_overhead_excluded=true step_sum_used=false status=PASS
sample_index=27 cpu_pipeline_ms=51.4075 gpu_pipeline_ms=8.18344 cpu_resource_sampling_overhead_ms=0.130952 gpu_resource_sampling_overhead_ms=0.03436 semantic_gates=16/16 timing_direct=true resource_overhead_excluded=true step_sum_used=false status=PASS
sample_index=28 cpu_pipeline_ms=52.1034 gpu_pipeline_ms=8.08713 cpu_resource_sampling_overhead_ms=0.133121 gpu_resource_sampling_overhead_ms=0.0321 semantic_gates=16/16 timing_direct=true resource_overhead_excluded=true step_sum_used=false status=PASS
sample_index=29 cpu_pipeline_ms=52.1676 gpu_pipeline_ms=8.46347 cpu_resource_sampling_overhead_ms=0.153551 gpu_resource_sampling_overhead_ms=0.03446 semantic_gates=16/16 timing_direct=true resource_overhead_excluded=true step_sum_used=false status=PASS
sample_index=30 cpu_pipeline_ms=56.5408 gpu_pipeline_ms=7.99196 cpu_resource_sampling_overhead_ms=0.159412 gpu_resource_sampling_overhead_ms=0.03361 semantic_gates=16/16 timing_direct=true resource_overhead_excluded=true step_sum_used=false status=PASS
sample_index=31 cpu_pipeline_ms=51.8052 gpu_pipeline_ms=8.12387 cpu_resource_sampling_overhead_ms=0.13944 gpu_resource_sampling_overhead_ms=0.03402 semantic_gates=16/16 timing_direct=true resource_overhead_excluded=true step_sum_used=false status=PASS
sample_index=32 cpu_pipeline_ms=51.7761 gpu_pipeline_ms=7.85869 cpu_resource_sampling_overhead_ms=0.134121 gpu_resource_sampling_overhead_ms=0.03268 semantic_gates=16/16 timing_direct=true resource_overhead_excluded=true step_sum_used=false status=PASS
sample_index=33 cpu_pipeline_ms=52.0179 gpu_pipeline_ms=7.93261 cpu_resource_sampling_overhead_ms=0.140421 gpu_resource_sampling_overhead_ms=0.03243 semantic_gates=16/16 timing_direct=true resource_overhead_excluded=true step_sum_used=false status=PASS
sample_index=34 cpu_pipeline_ms=53.377 gpu_pipeline_ms=8.03088 cpu_resource_sampling_overhead_ms=0.13292 gpu_resource_sampling_overhead_ms=0.03341 semantic_gates=16/16 timing_direct=true resource_overhead_excluded=true step_sum_used=false status=PASS
sample_index=35 cpu_pipeline_ms=51.7224 gpu_pipeline_ms=8.22947 cpu_resource_sampling_overhead_ms=0.130623 gpu_resource_sampling_overhead_ms=0.0332 semantic_gates=16/16 timing_direct=true resource_overhead_excluded=true step_sum_used=false status=PASS
sample_index=36 cpu_pipeline_ms=51.957 gpu_pipeline_ms=8.0284 cpu_resource_sampling_overhead_ms=0.128391 gpu_resource_sampling_overhead_ms=0.03283 semantic_gates=16/16 timing_direct=true resource_overhead_excluded=true step_sum_used=false status=PASS
sample_index=37 cpu_pipeline_ms=51.5901 gpu_pipeline_ms=8.06087 cpu_resource_sampling_overhead_ms=0.156503 gpu_resource_sampling_overhead_ms=0.0335 semantic_gates=16/16 timing_direct=true resource_overhead_excluded=true step_sum_used=false status=PASS
sample_index=38 cpu_pipeline_ms=51.9834 gpu_pipeline_ms=7.95058 cpu_resource_sampling_overhead_ms=0.133731 gpu_resource_sampling_overhead_ms=0.0323 semantic_gates=16/16 timing_direct=true resource_overhead_excluded=true step_sum_used=false status=PASS
sample_index=39 cpu_pipeline_ms=51.6026 gpu_pipeline_ms=7.94417 cpu_resource_sampling_overhead_ms=0.148632 gpu_resource_sampling_overhead_ms=0.032751 semantic_gates=16/16 timing_direct=true resource_overhead_excluded=true step_sum_used=false status=PASS
sample_index=40 cpu_pipeline_ms=53.28 gpu_pipeline_ms=9.9139 cpu_resource_sampling_overhead_ms=0.139521 gpu_resource_sampling_overhead_ms=0.03215 semantic_gates=16/16 timing_direct=true resource_overhead_excluded=true step_sum_used=false status=PASS
sample_index=41 cpu_pipeline_ms=51.9724 gpu_pipeline_ms=8.05188 cpu_resource_sampling_overhead_ms=0.13412 gpu_resource_sampling_overhead_ms=0.032691 semantic_gates=16/16 timing_direct=true resource_overhead_excluded=true step_sum_used=false status=PASS
sample_index=42 cpu_pipeline_ms=51.5583 gpu_pipeline_ms=8.0599 cpu_resource_sampling_overhead_ms=0.13672 gpu_resource_sampling_overhead_ms=0.03212 semantic_gates=16/16 timing_direct=true resource_overhead_excluded=true step_sum_used=false status=PASS
sample_index=43 cpu_pipeline_ms=51.6965 gpu_pipeline_ms=8.04149 cpu_resource_sampling_overhead_ms=0.14363 gpu_resource_sampling_overhead_ms=0.03215 semantic_gates=16/16 timing_direct=true resource_overhead_excluded=true step_sum_used=false status=PASS
sample_index=44 cpu_pipeline_ms=51.9825 gpu_pipeline_ms=8.04588 cpu_resource_sampling_overhead_ms=0.13299 gpu_resource_sampling_overhead_ms=0.03247 semantic_gates=16/16 timing_direct=true resource_overhead_excluded=true step_sum_used=false status=PASS
sample_index=45 cpu_pipeline_ms=51.7507 gpu_pipeline_ms=7.86929 cpu_resource_sampling_overhead_ms=0.13606 gpu_resource_sampling_overhead_ms=0.03269 semantic_gates=16/16 timing_direct=true resource_overhead_excluded=true step_sum_used=false status=PASS
sample_index=46 cpu_pipeline_ms=51.753 gpu_pipeline_ms=7.96136 cpu_resource_sampling_overhead_ms=0.136964 gpu_resource_sampling_overhead_ms=0.03119 semantic_gates=16/16 timing_direct=true resource_overhead_excluded=true step_sum_used=false status=PASS
sample_index=47 cpu_pipeline_ms=51.744 gpu_pipeline_ms=7.98955 cpu_resource_sampling_overhead_ms=0.156303 gpu_resource_sampling_overhead_ms=0.03247 semantic_gates=16/16 timing_direct=true resource_overhead_excluded=true step_sum_used=false status=PASS
sample_index=48 cpu_pipeline_ms=51.5362 gpu_pipeline_ms=7.8501 cpu_resource_sampling_overhead_ms=0.134821 gpu_resource_sampling_overhead_ms=0.03259 semantic_gates=16/16 timing_direct=true resource_overhead_excluded=true step_sum_used=false status=PASS
sample_index=49 cpu_pipeline_ms=51.7657 gpu_pipeline_ms=7.94548 cpu_resource_sampling_overhead_ms=0.146562 gpu_resource_sampling_overhead_ms=0.032141 semantic_gates=16/16 timing_direct=true resource_overhead_excluded=true step_sum_used=false status=PASS
sample_index=50 cpu_pipeline_ms=51.9082 gpu_pipeline_ms=8.25842 cpu_resource_sampling_overhead_ms=0.176343 gpu_resource_sampling_overhead_ms=0.03312 semantic_gates=16/16 timing_direct=true resource_overhead_excluded=true step_sum_used=false status=PASS
sample_index=51 cpu_pipeline_ms=66.3502 gpu_pipeline_ms=7.91266 cpu_resource_sampling_overhead_ms=0.136892 gpu_resource_sampling_overhead_ms=0.03162 semantic_gates=16/16 timing_direct=true resource_overhead_excluded=true step_sum_used=false status=PASS
sample_index=52 cpu_pipeline_ms=51.7819 gpu_pipeline_ms=7.99797 cpu_resource_sampling_overhead_ms=0.13641 gpu_resource_sampling_overhead_ms=0.03245 semantic_gates=16/16 timing_direct=true resource_overhead_excluded=true step_sum_used=false status=PASS
sample_index=53 cpu_pipeline_ms=51.6874 gpu_pipeline_ms=8.06548 cpu_resource_sampling_overhead_ms=0.13778 gpu_resource_sampling_overhead_ms=0.03237 semantic_gates=16/16 timing_direct=true resource_overhead_excluded=true step_sum_used=false status=PASS
sample_index=54 cpu_pipeline_ms=51.6942 gpu_pipeline_ms=8.09641 cpu_resource_sampling_overhead_ms=0.13261 gpu_resource_sampling_overhead_ms=0.0323 semantic_gates=16/16 timing_direct=true resource_overhead_excluded=true step_sum_used=false status=PASS
sample_index=55 cpu_pipeline_ms=51.657 gpu_pipeline_ms=7.86729 cpu_resource_sampling_overhead_ms=0.13619 gpu_resource_sampling_overhead_ms=0.032571 semantic_gates=16/16 timing_direct=true resource_overhead_excluded=true step_sum_used=false status=PASS
sample_index=56 cpu_pipeline_ms=51.7035 gpu_pipeline_ms=7.9832 cpu_resource_sampling_overhead_ms=0.13597 gpu_resource_sampling_overhead_ms=0.0325 semantic_gates=16/16 timing_direct=true resource_overhead_excluded=true step_sum_used=false status=PASS
sample_index=57 cpu_pipeline_ms=51.5296 gpu_pipeline_ms=8.05029 cpu_resource_sampling_overhead_ms=0.14105 gpu_resource_sampling_overhead_ms=0.03144 semantic_gates=16/16 timing_direct=true resource_overhead_excluded=true step_sum_used=false status=PASS
sample_index=58 cpu_pipeline_ms=51.6793 gpu_pipeline_ms=7.86489 cpu_resource_sampling_overhead_ms=0.139331 gpu_resource_sampling_overhead_ms=0.03151 semantic_gates=16/16 timing_direct=true resource_overhead_excluded=true step_sum_used=false status=PASS
sample_index=59 cpu_pipeline_ms=52.1501 gpu_pipeline_ms=7.92375 cpu_resource_sampling_overhead_ms=0.13277 gpu_resource_sampling_overhead_ms=0.03319 semantic_gates=16/16 timing_direct=true resource_overhead_excluded=true step_sum_used=false status=PASS
sample_index=60 cpu_pipeline_ms=52.0605 gpu_pipeline_ms=8.15355 cpu_resource_sampling_overhead_ms=0.12766 gpu_resource_sampling_overhead_ms=0.03176 semantic_gates=16/16 timing_direct=true resource_overhead_excluded=true step_sum_used=false status=PASS
sample_index=61 cpu_pipeline_ms=51.7959 gpu_pipeline_ms=8.03285 cpu_resource_sampling_overhead_ms=0.144502 gpu_resource_sampling_overhead_ms=0.03211 semantic_gates=16/16 timing_direct=true resource_overhead_excluded=true step_sum_used=false status=PASS
sample_index=62 cpu_pipeline_ms=51.383 gpu_pipeline_ms=7.94286 cpu_resource_sampling_overhead_ms=0.134564 gpu_resource_sampling_overhead_ms=0.03264 semantic_gates=16/16 timing_direct=true resource_overhead_excluded=true step_sum_used=false status=PASS
sample_index=63 cpu_pipeline_ms=51.8483 gpu_pipeline_ms=7.88934 cpu_resource_sampling_overhead_ms=0.13197 gpu_resource_sampling_overhead_ms=0.03216 semantic_gates=16/16 timing_direct=true resource_overhead_excluded=true step_sum_used=false status=PASS
sample_index=64 cpu_pipeline_ms=52.0807 gpu_pipeline_ms=8.12247 cpu_resource_sampling_overhead_ms=0.12725 gpu_resource_sampling_overhead_ms=0.033681 semantic_gates=16/16 timing_direct=true resource_overhead_excluded=true step_sum_used=false status=PASS
sample_index=65 cpu_pipeline_ms=51.8807 gpu_pipeline_ms=7.63518 cpu_resource_sampling_overhead_ms=0.15027 gpu_resource_sampling_overhead_ms=0.031731 semantic_gates=16/16 timing_direct=true resource_overhead_excluded=true step_sum_used=false status=PASS
sample_index=66 cpu_pipeline_ms=51.9945 gpu_pipeline_ms=7.59692 cpu_resource_sampling_overhead_ms=0.15207 gpu_resource_sampling_overhead_ms=0.03213 semantic_gates=16/16 timing_direct=true resource_overhead_excluded=true step_sum_used=false status=PASS
sample_index=67 cpu_pipeline_ms=51.3804 gpu_pipeline_ms=7.68172 cpu_resource_sampling_overhead_ms=0.133443 gpu_resource_sampling_overhead_ms=0.03211 semantic_gates=16/16 timing_direct=true resource_overhead_excluded=true step_sum_used=false status=PASS
sample_index=68 cpu_pipeline_ms=51.5875 gpu_pipeline_ms=7.59836 cpu_resource_sampling_overhead_ms=0.137731 gpu_resource_sampling_overhead_ms=0.03209 semantic_gates=16/16 timing_direct=true resource_overhead_excluded=true step_sum_used=false status=PASS
sample_index=69 cpu_pipeline_ms=58.7942 gpu_pipeline_ms=7.64518 cpu_resource_sampling_overhead_ms=0.148031 gpu_resource_sampling_overhead_ms=0.03217 semantic_gates=16/16 timing_direct=true resource_overhead_excluded=true step_sum_used=false status=PASS
sample_index=70 cpu_pipeline_ms=51.3653 gpu_pipeline_ms=7.74422 cpu_resource_sampling_overhead_ms=0.148663 gpu_resource_sampling_overhead_ms=0.03227 semantic_gates=16/16 timing_direct=true resource_overhead_excluded=true step_sum_used=false status=PASS
sample_index=71 cpu_pipeline_ms=53.4471 gpu_pipeline_ms=7.60112 cpu_resource_sampling_overhead_ms=0.132843 gpu_resource_sampling_overhead_ms=0.03233 semantic_gates=16/16 timing_direct=true resource_overhead_excluded=true step_sum_used=false status=PASS
sample_index=72 cpu_pipeline_ms=51.5743 gpu_pipeline_ms=7.60256 cpu_resource_sampling_overhead_ms=0.14037 gpu_resource_sampling_overhead_ms=0.03162 semantic_gates=16/16 timing_direct=true resource_overhead_excluded=true step_sum_used=false status=PASS
sample_index=73 cpu_pipeline_ms=51.4061 gpu_pipeline_ms=7.64224 cpu_resource_sampling_overhead_ms=0.150481 gpu_resource_sampling_overhead_ms=0.03119 semantic_gates=16/16 timing_direct=true resource_overhead_excluded=true step_sum_used=false status=PASS
sample_index=74 cpu_pipeline_ms=51.9022 gpu_pipeline_ms=7.53051 cpu_resource_sampling_overhead_ms=0.153443 gpu_resource_sampling_overhead_ms=0.031921 semantic_gates=16/16 timing_direct=true resource_overhead_excluded=true step_sum_used=false status=PASS
sample_index=75 cpu_pipeline_ms=51.1418 gpu_pipeline_ms=7.54868 cpu_resource_sampling_overhead_ms=0.13538 gpu_resource_sampling_overhead_ms=0.03174 semantic_gates=16/16 timing_direct=true resource_overhead_excluded=true step_sum_used=false status=PASS
sample_index=76 cpu_pipeline_ms=51.7407 gpu_pipeline_ms=7.53005 cpu_resource_sampling_overhead_ms=0.132731 gpu_resource_sampling_overhead_ms=0.032001 semantic_gates=16/16 timing_direct=true resource_overhead_excluded=true step_sum_used=false status=PASS
sample_index=77 cpu_pipeline_ms=51.9235 gpu_pipeline_ms=7.85457 cpu_resource_sampling_overhead_ms=0.1416 gpu_resource_sampling_overhead_ms=0.03188 semantic_gates=16/16 timing_direct=true resource_overhead_excluded=true step_sum_used=false status=PASS
sample_index=78 cpu_pipeline_ms=51.3618 gpu_pipeline_ms=7.61308 cpu_resource_sampling_overhead_ms=0.16592 gpu_resource_sampling_overhead_ms=0.03189 semantic_gates=16/16 timing_direct=true resource_overhead_excluded=true step_sum_used=false status=PASS
sample_index=79 cpu_pipeline_ms=51.9142 gpu_pipeline_ms=7.60046 cpu_resource_sampling_overhead_ms=0.163421 gpu_resource_sampling_overhead_ms=0.03189 semantic_gates=16/16 timing_direct=true resource_overhead_excluded=true step_sum_used=false status=PASS
sample_index=80 cpu_pipeline_ms=51.2908 gpu_pipeline_ms=7.88799 cpu_resource_sampling_overhead_ms=0.133671 gpu_resource_sampling_overhead_ms=0.031381 semantic_gates=16/16 timing_direct=true resource_overhead_excluded=true step_sum_used=false status=PASS
sample_index=81 cpu_pipeline_ms=51.2692 gpu_pipeline_ms=7.79803 cpu_resource_sampling_overhead_ms=0.139341 gpu_resource_sampling_overhead_ms=0.03259 semantic_gates=16/16 timing_direct=true resource_overhead_excluded=true step_sum_used=false status=PASS
sample_index=82 cpu_pipeline_ms=51.6619 gpu_pipeline_ms=7.69389 cpu_resource_sampling_overhead_ms=0.148051 gpu_resource_sampling_overhead_ms=0.03249 semantic_gates=16/16 timing_direct=true resource_overhead_excluded=true step_sum_used=false status=PASS
sample_index=83 cpu_pipeline_ms=51.4824 gpu_pipeline_ms=7.70767 cpu_resource_sampling_overhead_ms=0.129911 gpu_resource_sampling_overhead_ms=0.03245 semantic_gates=16/16 timing_direct=true resource_overhead_excluded=true step_sum_used=false status=PASS
sample_index=84 cpu_pipeline_ms=51.7245 gpu_pipeline_ms=7.82026 cpu_resource_sampling_overhead_ms=0.140201 gpu_resource_sampling_overhead_ms=0.03251 semantic_gates=16/16 timing_direct=true resource_overhead_excluded=true step_sum_used=false status=PASS
sample_index=85 cpu_pipeline_ms=51.4885 gpu_pipeline_ms=7.86667 cpu_resource_sampling_overhead_ms=0.133743 gpu_resource_sampling_overhead_ms=0.03218 semantic_gates=16/16 timing_direct=true resource_overhead_excluded=true step_sum_used=false status=PASS
sample_index=86 cpu_pipeline_ms=51.7606 gpu_pipeline_ms=7.88912 cpu_resource_sampling_overhead_ms=0.136221 gpu_resource_sampling_overhead_ms=0.03219 semantic_gates=16/16 timing_direct=true resource_overhead_excluded=true step_sum_used=false status=PASS
sample_index=87 cpu_pipeline_ms=51.5514 gpu_pipeline_ms=7.91 cpu_resource_sampling_overhead_ms=0.15301 gpu_resource_sampling_overhead_ms=0.032171 semantic_gates=16/16 timing_direct=true resource_overhead_excluded=true step_sum_used=false status=PASS
sample_index=88 cpu_pipeline_ms=51.408 gpu_pipeline_ms=7.89262 cpu_resource_sampling_overhead_ms=0.13527 gpu_resource_sampling_overhead_ms=0.032551 semantic_gates=16/16 timing_direct=true resource_overhead_excluded=true step_sum_used=false status=PASS
sample_index=89 cpu_pipeline_ms=51.513 gpu_pipeline_ms=7.75154 cpu_resource_sampling_overhead_ms=0.15212 gpu_resource_sampling_overhead_ms=0.03202 semantic_gates=16/16 timing_direct=true resource_overhead_excluded=true step_sum_used=false status=PASS
sample_index=90 cpu_pipeline_ms=51.2886 gpu_pipeline_ms=7.57858 cpu_resource_sampling_overhead_ms=0.147671 gpu_resource_sampling_overhead_ms=0.031571 semantic_gates=16/16 timing_direct=true resource_overhead_excluded=true step_sum_used=false status=PASS
sample_index=91 cpu_pipeline_ms=51.7222 gpu_pipeline_ms=7.67304 cpu_resource_sampling_overhead_ms=0.14022 gpu_resource_sampling_overhead_ms=0.033021 semantic_gates=16/16 timing_direct=true resource_overhead_excluded=true step_sum_used=false status=PASS
sample_index=92 cpu_pipeline_ms=51.5569 gpu_pipeline_ms=7.60157 cpu_resource_sampling_overhead_ms=0.14581 gpu_resource_sampling_overhead_ms=0.03201 semantic_gates=16/16 timing_direct=true resource_overhead_excluded=true step_sum_used=false status=PASS
sample_index=93 cpu_pipeline_ms=51.339 gpu_pipeline_ms=7.54456 cpu_resource_sampling_overhead_ms=0.163582 gpu_resource_sampling_overhead_ms=0.03198 semantic_gates=16/16 timing_direct=true resource_overhead_excluded=true step_sum_used=false status=PASS
sample_index=94 cpu_pipeline_ms=51.3836 gpu_pipeline_ms=7.52757 cpu_resource_sampling_overhead_ms=0.1382 gpu_resource_sampling_overhead_ms=0.0325 semantic_gates=16/16 timing_direct=true resource_overhead_excluded=true step_sum_used=false status=PASS
sample_index=95 cpu_pipeline_ms=51.2758 gpu_pipeline_ms=7.64644 cpu_resource_sampling_overhead_ms=0.14246 gpu_resource_sampling_overhead_ms=0.03208 semantic_gates=16/16 timing_direct=true resource_overhead_excluded=true step_sum_used=false status=PASS
sample_index=96 cpu_pipeline_ms=53.8039 gpu_pipeline_ms=7.61133 cpu_resource_sampling_overhead_ms=0.128551 gpu_resource_sampling_overhead_ms=0.03105 semantic_gates=16/16 timing_direct=true resource_overhead_excluded=true step_sum_used=false status=PASS
sample_index=97 cpu_pipeline_ms=51.6368 gpu_pipeline_ms=7.52555 cpu_resource_sampling_overhead_ms=0.133482 gpu_resource_sampling_overhead_ms=0.03195 semantic_gates=16/16 timing_direct=true resource_overhead_excluded=true step_sum_used=false status=PASS
sample_index=98 cpu_pipeline_ms=51.4569 gpu_pipeline_ms=7.69996 cpu_resource_sampling_overhead_ms=0.13116 gpu_resource_sampling_overhead_ms=0.031991 semantic_gates=16/16 timing_direct=true resource_overhead_excluded=true step_sum_used=false status=PASS
sample_index=99 cpu_pipeline_ms=51.6157 gpu_pipeline_ms=7.65285 cpu_resource_sampling_overhead_ms=0.144962 gpu_resource_sampling_overhead_ms=0.0312 semantic_gates=16/16 timing_direct=true resource_overhead_excluded=true step_sum_used=false status=PASS
function=Task2 frozen full six-step pipeline
call_chain=Step1->Step2;Step2+Step1->Step3;Step3 dual outputs->Step4;Step4->Step5;Step5+Step4+Kalman/delay->Step6
timing=pipeline_total measured directly;not=sum(step timings)
cpu_correlation_method=direct_parallel_exact workers=255
resource_sampling_mode=same_pipeline_execution
status=PASS return_code=0
