command=build_stage08_b04_firwin2_ba26c5229701/stage08_filter_design_firwin2 --dtype INT16 --numtaps 129 --nfreqs 257 --window explicit --antisymmetric true --fs 16 --warmup 20 --measured 100 --output /tmp/ZKX_dev/results/stage08_input_preview_b04_firwin2_db927ed96663/formal/20260810T083707Z_db927ed96663_stage08_b04_formal_b402000c/firwin2_probe_raw.json
STAGE08_FIRWIN2_PROBE PASS dtype=INT16 numtaps=129 nfreqs=257 backend=fft_thrust
{"actual_input_digest": "387eca41ac2667e8aafaa432d3f8d22273bb887ab1d1cd1ea179bf8b7066645a", "antisymmetric": true, "backend": "fft_thrust", "case_id": "firwin2__firwin2_int16_10e4__387eca41ac2667e8", "compute_dtype": "FP32", "dtype_semantics": "actual_same_dtype_freq_gain_arrays", "error_code": "OK", "fft_dtype": "ComplexFP32", "filter_type": "III", "measured_runs": 100, "metrics": {"mse": 7.73380622028319e-15, "relative_l2": 1.731246921740627e-06, "relative_linf": 1.3544201042162327e-06, "rmse": 8.794206172408735e-08}, "nfreqs": 257, "numtaps": 129, "operator_name": "firwin2", "output_dtype": "FP64", "requested_dtype": "INT16", "run_id": "20260810T083707Z_db927ed96663_stage08_b04_formal_b402000c", "scale_id": "firwin2_int16_10e4", "schema_version": 1, "status": "PASS", "typed_input_count": 2, "typed_input_names": "freq|gain", "warmup_runs": 20, "window": "explicit", "work_items": 33153}
[stage08] identity and status
+---------+--------------------+--------+------------+-------+--------+----------+--------------------------+--------+------------+
| target  | scale_id           | device | backend    | dtype | warmup | measured | timing_scope             | status | error_code |
+---------+--------------------+--------+------------+-------+--------+----------+--------------------------+--------+------------+
| firwin2 | firwin2_int16_10e4 | CPU    | fft_thrust | INT16 | 20     | 100      | compatibility/end-to-end | PASS   | OK         |
| firwin2 | firwin2_int16_10e4 | GPU    | fft_thrust | INT16 | 20     | 100      | compatibility/end-to-end | PASS   | OK         |
+---------+--------------------+--------+------------+-------+--------+----------+--------------------------+--------+------------+

[stage08] timing detail
+--------+--------------------+--------------------+--------------------+--------------------+---------------------+--------------------+-----------------------+------------------------+--------------------+
| device | mean_ms            | p50_ms             | p95_ms             | p99_ms             | min_ms              | max_ms             | std_ms                | cv                     | speedup            |
+--------+--------------------+--------------------+--------------------+--------------------+---------------------+--------------------+-----------------------+------------------------+--------------------+
| CPU    | 4.0273527800000002 | 4.0266950000000001 | 4.0335484999999993 | 4.0372294099999992 | 4.0209299999999999  | 4.0381609999999997 | 0.0031571947756829579 | 0.00078393797319214673 | NA                 |
| GPU    | 1.06953071         | 1.0802149999999999 | 1.1584425          | 1.1821006000000003 | 0.98467499999999997 | 1.2469060000000001 | 0.05436663345293602   | 0.050832232253467523   | 3.7655326231819939 |
+--------+--------------------+--------------------+--------------------+--------------------+---------------------+--------------------+-----------------------+------------------------+--------------------+

[stage08] accuracy detail
+-----------------------------------+----------------------+-----------------------+------------------------+------------------------+-------------+----------------+--------------------------------------------------------------------------------------------------+--------+
| accuracy_reference                | mse                  | rmse                  | relative_l2            | relative_linf          | exact_match | mismatch_count | semantic_check                                                                                   | status |
+-----------------------------------+----------------------+-----------------------+------------------------+------------------------+-------------+----------------+--------------------------------------------------------------------------------------------------+--------+
| cpu_independent_firwin2_reference | 7.73380622028319e-15 | 8.794206172408735e-08 | 1.7312469217406271e-06 | 1.3544201042162327e-06 | NA          | NA             | finite_fp64_taps_type_window_and_shape_match_cpu:type=III;window=explicit;numtaps=129;nfreqs=257 | PASS   |
+-----------------------------------+----------------------+-----------------------+------------------------+------------------------+-------------+----------------+--------------------------------------------------------------------------------------------------+--------+

[stage08] resource detail
+--------+------------+--------------+-------------+------------+-------------+
| device | metric     | before_bytes | after_bytes | peak_bytes | delta_bytes |
+--------+------------+--------------+-------------+------------+-------------+
| CPU    | cpu_heap   | 1521632      | 1525248     | 1525248    | 3616        |
| CPU    | rss        | 70111232     | 70111232    | 70111232   | 0           |
| GPU    | cpu_heap   | 1525280      | 1530144     | 1530688    | 4864        |
| GPU    | rss        | 70111232     | 70111232    | 70111232   | 0           |
| GPU    | gpu_memory | 391544832    | 391544832   | 391544832  | 0           |
+--------+------------+--------------+-------------+------------+-------------+

[stage08] input/output identity
+--------+------------------------------------------------------------------+------------------------------------------------------------------+
| device | input_digest                                                     | output_digest                                                    |
+--------+------------------------------------------------------------------+------------------------------------------------------------------+
| CPU    | 387eca41ac2667e8aafaa432d3f8d22273bb887ab1d1cd1ea179bf8b7066645a | f9433697842b5971825651e28cae82098867baca76c140485a44731323661d39 |
| GPU    | 387eca41ac2667e8aafaa432d3f8d22273bb887ab1d1cd1ea179bf8b7066645a | fd795f8e50cbb5e8afca5e6260675fd88cc2460e3297a13efd2eafcc9fce6532 |
+--------+------------------------------------------------------------------+------------------------------------------------------------------+

[stage08] input content
+------------+-------+-------+----------+-----------------------------+---------------------+
| input_name | shape | dtype | elements | generator                   | values(head4/tail2) |
+------------+-------+-------+----------+-----------------------------+---------------------+
| freq       | [3]   | INT16 | 3        | fixed_frequency_breakpoints | i=0:0;i=1:4;i=2:8   |
| gain       | [3]   | INT16 | 3        | fixed_gain_breakpoints      | i=0:0;i=1:1;i=2:0   |
+------------+-------+-------+----------+-----------------------------+---------------------+

[stage08] case parameters
+-------------------------------------------------------------------------------------------------------+
| parameters                                                                                            |
+-------------------------------------------------------------------------------------------------------+
| {"antisymmetric":"true","dtype":"INT16","fs":"16","nfreqs":"257","numtaps":"129","window":"explicit"} |
+-------------------------------------------------------------------------------------------------------+

[stage08] dtype evidence
+-----------------+--------------------+--------------+------------------------------------------------------------------+--------+
| requested_dtype | config_input_dtype | output_dtype | actual_input_digest                                              | status |
+-----------------+--------------------+--------------+------------------------------------------------------------------+--------+
| INT16           | NA                 | FP64         | 387eca41ac2667e8aafaa432d3f8d22273bb887ab1d1cd1ea179bf8b7066645a | PASS   |
+-----------------+--------------------+--------------+------------------------------------------------------------------+--------+

[stage08] evidence files
+----------------+-----------------------------------------------------------------------------------------------------------------------------------------------------------------------------------------------------------------------------------------------+
| kind           | path                                                                                                                                                                                                                                          |
+----------------+-----------------------------------------------------------------------------------------------------------------------------------------------------------------------------------------------------------------------------------------------+
| probe_raw_json | /tmp/ZKX_dev/results/stage08_input_preview_b04_firwin2_db927ed96663/formal/20260810T083707Z_db927ed96663_stage08_b04_formal_b402000c/firwin2_probe_raw.json                                                                                   |
| dtype_csv      | /tmp/ZKX_dev/results/stage08_input_preview_b04_firwin2_db927ed96663/formal/20260810T083707Z_db927ed96663_stage08_b04_formal_b402000c/operator_dtype_evidence_firwin2_fft_thrust_20260810T083707Z_db927ed96663_stage08_b04_formal_b402000c.csv |
| memory_csv     | /tmp/ZKX_dev/results/stage08_input_preview_b04_firwin2_db927ed96663/formal/20260810T083707Z_db927ed96663_stage08_b04_formal_b402000c/operator_filter_design_firwin2_memory_trace_fft_thrust.csv                                               |
| full_log       | /tmp/ZKX_dev/results/stage08_input_preview_b04_firwin2_db927ed96663/formal/20260810T083707Z_db927ed96663_stage08_b04_formal_b402000c/operator_firwin2_full.log                                                                                |
| report_json    | /tmp/ZKX_dev/results/stage08_input_preview_b04_firwin2_db927ed96663/formal/20260810T083707Z_db927ed96663_stage08_b04_formal_b402000c/operator_firwin2_report.json                                                                             |
| summary_txt    | /tmp/ZKX_dev/results/stage08_input_preview_b04_firwin2_db927ed96663/formal/20260810T083707Z_db927ed96663_stage08_b04_formal_b402000c/operator_firwin2_summary.txt                                                                             |
| main_csv       | /tmp/ZKX_dev/results/stage08_input_preview_b04_firwin2_db927ed96663/formal/20260810T083707Z_db927ed96663_stage08_b04_formal_b402000c/operator_main_results_firwin2_fft_thrust_20260810T083707Z_db927ed96663_stage08_b04_formal_b402000c.csv   |
| timing_csv     | /tmp/ZKX_dev/results/stage08_input_preview_b04_firwin2_db927ed96663/formal/20260810T083707Z_db927ed96663_stage08_b04_formal_b402000c/operator_timing_samples_firwin2_fft_thrust_20260810T083707Z_db927ed96663_stage08_b04_formal_b402000c.csv |
+----------------+-----------------------------------------------------------------------------------------------------------------------------------------------------------------------------------------------------------------------------------------------+
