[stage08-b01] operator=chebwin entry=cpu:chebwin_typed_cpu gpu:chebwin_device
[stage08-b01] config=test_all/configs/operators/windows/chebwin/operator_scales.json config_sha256=e5f2e743fda9d9dda0f3c0b01d6bbbf2d9490d2f40af1bc668f22d1da683811e
[stage08-b01] run_type=formal scale=chebwin_fp32_10e4 dtype=FP32 sym=true backend=fft_thrust
[stage08-b01] dtype_semantics=actual_typed_scalar_input typed_input_count=1 actual_input_digest=80c7c57cc423e4a9900db3a7f6233952058ed1b846cf35f7ae6d0615b0d51c09
[stage08-b01] timing_scope=compatibility/end-to-end warmup=20 measured=100
[stage08-b01] cpu_mean_ms=46.438512639999992 gpu_mean_ms=4.3615668899999989 speedup=10.647208631941904
[stage08-b01] mse=1.158962747058139e-11 rmse=3.4043541928802576e-06 relative_l2=6.2242134505764948e-06 relative_linf=6.0858400870494791e-05
[stage08-b01] resources=available cuda_event_ms=4.3795738220214844
[stage08-b01] status=PASS error_code=OK
[stage08] identity and status
target  | scale_id          | device | backend    | dtype | warmup | measured | timing_scope             | status | error_code
chebwin | chebwin_fp32_10e4 | CPU    | fft_thrust | FP32  | 20     | 100      | compatibility/end-to-end | PASS   | OK        
chebwin | chebwin_fp32_10e4 | GPU    | fft_thrust | FP32  | 20     | 100      | compatibility/end-to-end | PASS   | OK        

[stage08] timing detail
device | mean_ms            | p50_ms             | p95_ms             | p99_ms             | min_ms             | max_ms             | std_ms               | cv                    | speedup           
CPU    | 46.438512639999992 | 46.392215          | 46.601373049999999 | 47.381408950000008 | 46.326844999999999 | 47.941347999999998 | 0.19938619959438111  | 0.0042935526626371543 | NA                
GPU    | 4.3615668899999989 | 4.3543924999999994 | 4.3991354999999999 | 4.4384381099999999 | 4.3319169999999998 | 4.465179           | 0.022258635337726762 | 0.0051033575545431495 | 10.647208631941904

[stage08] accuracy detail
accuracy_reference  | mse                   | rmse                   | relative_l2            | relative_linf          | exact_match | mismatch_count | semantic_check                                                                            | status
cpu_typed_reference | 1.158962747058139e-11 | 3.4043541928802576e-06 | 6.2242134505764948e-06 | 6.0858400870494791e-05 | NA          | NA             | finite_fp64_window_shape_and_symmetry_policy_match_cpu:shape=[10000];finite=true;sym=true | PASS  

[stage08] resource detail
device | metric     | before_bytes | after_bytes | peak_bytes | delta_bytes
CPU    | cpu_heap   | 2401712      | 2404224     | 2483120    | 2512       
CPU    | rss        | 72613888     | 73117696    | 73117696   | 503808     
GPU    | cpu_heap   | 2404224      | 2407584     | 2486960    | 3360       
GPU    | rss        | 73117696     | 73117696    | 73117696   | 0          
GPU    | gpu_memory | 475217920    | 475217920   | 475217920  | 0          

[stage08] input/output identity
device | input_digest                                                     | output_digest                                                   
CPU    | 80c7c57cc423e4a9900db3a7f6233952058ed1b846cf35f7ae6d0615b0d51c09 | 3249376b0a7a9aa69ca6b54e80624e48b72aefbefb2aa08d5a87f9c346030a34
GPU    | 80c7c57cc423e4a9900db3a7f6233952058ed1b846cf35f7ae6d0615b0d51c09 | 2c3434660a30f82efeb1e8745b26cf699bfe0ef9ded47656d65701d8883f4b24

[stage08] dtype evidence
requested_dtype | config_input_dtype | output_dtype | actual_input_digest                                              | status
FP32            | FP32               | FP64         | 80c7c57cc423e4a9900db3a7f6233952058ed1b846cf35f7ae6d0615b0d51c09 | PASS  

[stage08] evidence files
kind        | path                                                                                                                                                                                                                                   
main_csv    | /tmp/ZKX_dev/results/stage08_table_rerun_chebwin_47ebe13410d3/formal/20260810T031836Z_47ebe13410d3_stage08_b01_formal_88100004/operator_main_results_chebwin_fft_thrust_20260810T031836Z_47ebe13410d3_stage08_b01_formal_88100004.csv  
timing_csv  | /tmp/ZKX_dev/results/stage08_table_rerun_chebwin_47ebe13410d3/formal/20260810T031836Z_47ebe13410d3_stage08_b01_formal_88100004/operator_timing_samples_chebwin_fft_thrust_20260810T031836Z_47ebe13410d3_stage08_b01_formal_88100004.csv
memory_csv  | /tmp/ZKX_dev/results/stage08_table_rerun_chebwin_47ebe13410d3/formal/20260810T031836Z_47ebe13410d3_stage08_b01_formal_88100004/operator_windows_chebwin_memory_trace_fft_thrust.csv                                                    
dtype_csv   | /tmp/ZKX_dev/results/stage08_table_rerun_chebwin_47ebe13410d3/formal/20260810T031836Z_47ebe13410d3_stage08_b01_formal_88100004/operator_dtype_evidence_chebwin_fft_thrust_20260810T031836Z_47ebe13410d3_stage08_b01_formal_88100004.csv
module_csv  | /tmp/ZKX_dev/results/stage08_table_rerun_chebwin_47ebe13410d3/formal/20260810T031836Z_47ebe13410d3_stage08_b01_formal_88100004/windows_batch01_module_summary_fft_thrust_20260810T031836Z_47ebe13410d3_stage08_b01_formal_88100004.csv 
report_json | /tmp/ZKX_dev/results/stage08_table_rerun_chebwin_47ebe13410d3/formal/20260810T031836Z_47ebe13410d3_stage08_b01_formal_88100004/operator_chebwin_report.json                                                                            
summary_txt | /tmp/ZKX_dev/results/stage08_table_rerun_chebwin_47ebe13410d3/formal/20260810T031836Z_47ebe13410d3_stage08_b01_formal_88100004/operator_chebwin_summary.txt                                                                            
full_log    | /tmp/ZKX_dev/results/stage08_table_rerun_chebwin_47ebe13410d3/formal/20260810T031836Z_47ebe13410d3_stage08_b01_formal_88100004/operator_chebwin_full.log                                                                               
results_dir | /tmp/ZKX_dev/results/stage08_table_rerun_chebwin_47ebe13410d3/formal/20260810T031836Z_47ebe13410d3_stage08_b01_formal_88100004                                                                                                         
