command=build_stage08_b06_lombscargle_ab7484afd8df_developer/stage08_spectral_analysis_lombscargle --dtype INT8 --samples 64 --frequencies 16 --precenter true --normalize false --seed 86350002 --warmup 20 --measured 100 --output /tmp/ZKX_dev/results/stage08_input_preview_b06_lombscargle_9b01dadd36f6/formal/20260810T085749Z_9b01dadd36f6_stage08_b06_formal_8673000d/lombscargle_probe_raw.json
{"run_id": "20260810T085749Z_9b01dadd36f6_stage08_b06_formal_8673000d", "case_id": "lombscargle__lombscargle_int8_10e3__2a81eeef453ba827", "operator_name": "lombscargle", "scale_id": "lombscargle_int8_10e3", "requested_dtype": "INT8", "output_dtype": "FP64", "backend": "not_applicable", "sample_count": 64, "frequency_count": 16, "scientific_work": 1024, "precenter": true, "normalize": false, "warmup_runs": 20, "measured_runs": 100, "mse": 1.36756e-13, "rmse": 3.69805e-07, "relative_l2": 1.24031e-07, "relative_linf": 1.57542e-07, "status": "PASS", "error_code": "OK"}
[stage08] identity and status
+-------------+-----------------------+--------+----------------+-------+--------+----------+--------------------------+--------+------------+
| target      | scale_id              | device | backend        | dtype | warmup | measured | timing_scope             | status | error_code |
+-------------+-----------------------+--------+----------------+-------+--------+----------+--------------------------+--------+------------+
| lombscargle | lombscargle_int8_10e3 | CPU    | not_applicable | INT8  | 20     | 100      | compatibility/end-to-end | PASS   | OK         |
| lombscargle | lombscargle_int8_10e3 | GPU    | not_applicable | INT8  | 20     | 100      | compatibility/end-to-end | PASS   | OK         |
+-------------+-----------------------+--------+----------------+-------+--------+----------+--------------------------+--------+------------+

[stage08] timing detail
+--------+----------------------+----------+---------+----------------------+----------+----------+-----------------------+---------------------+---------------------+
| device | mean_ms              | p50_ms   | p95_ms  | p99_ms               | min_ms   | max_ms   | std_ms                | cv                  | speedup             |
+--------+----------------------+----------+---------+----------------------+----------+----------+-----------------------+---------------------+---------------------+
| CPU    | 0.050273969999999994 | 0.050161 | 0.05029 | 0.050463290000000056 | 0.05007  | 0.06059  | 0.0010384355103231011 | 0.02065553029377034 | NA                  |
| GPU    | 0.54394635           | 0.543548 | 0.55495 | 0.5705935900000003   | 0.525102 | 0.616093 | 0.01059450876857913   | 0.01947712080167305 | 0.09242450105603243 |
+--------+----------------------+----------+---------+----------------------+----------+----------+-----------------------+---------------------+---------------------+

[stage08] accuracy detail
+------------------------------+-------------+-------------+-------------+---------------+-------------+----------------+-------------------------------------------+--------+
| accuracy_reference           | mse         | rmse        | relative_l2 | relative_linf | exact_match | mismatch_count | semantic_check                            | status |
+------------------------------+-------------+-------------+-------------+---------------+-------------+----------------+-------------------------------------------+--------+
| cpu_lombscargle_fp64_formula | 1.36756e-13 | 3.69805e-07 | 1.24031e-07 | 1.57542e-07   | NA          | NA             | irregular_periodogram_frequency_length=16 | PASS   |
+------------------------------+-------------+-------------+-------------+---------------+-------------+----------------+-------------------------------------------+--------+

[stage08] resource detail
+--------+------------+--------------+-------------+------------+-------------+
| device | metric     | before_bytes | after_bytes | peak_bytes | delta_bytes |
+--------+------------+--------------+-------------+------------+-------------+
| CPU    | cpu_heap   | 1439296      | 1442384     | 1442384    | 3088        |
| CPU    | rss        | 70348800     | 70348800    | 70348800   | 0           |
| GPU    | cpu_heap   | 1442384      | 1445568     | 1445792    | 3184        |
| GPU    | rss        | 70348800     | 70348800    | 70348800   | 0           |
| GPU    | gpu_memory | 341000192    | 341000192   | 341000192  | 0           |
+--------+------------+--------------+-------------+------------+-------------+

[stage08] input/output identity
+--------+------------------------------------------------------------------+------------------------------------------------------------------+
| device | input_digest                                                     | output_digest                                                    |
+--------+------------------------------------------------------------------+------------------------------------------------------------------+
| CPU    | 2a81eeef453ba82727b641bb960529a08f6ca9683487cc4ab1baf61f3837e631 | 4290c8f1167ae0b0b6e28bf968a2d3c877608ecb0749decafc11088c824ea150 |
| GPU    | 2a81eeef453ba82727b641bb960529a08f6ca9683487cc4ab1baf61f3837e631 | 77ec26e00dfcfb25f507553be23ab03d361e84e8d8590b2b50b8801b13427e4b |
+--------+------------------------------------------------------------------+------------------------------------------------------------------+

[stage08] input content
+------------+-------+-------+----------+---------------------------------------------------+------------------------------------------+
| input_name | shape | dtype | elements | generator                                         | values(head4/tail2)                      |
+------------+-------+-------+----------+---------------------------------------------------+------------------------------------------+
| time       | [64]  | INT8  | 64       | deterministic_sample_times(integral=true)         | i=0:0;i=1:3;i=2:6;i=3:9;i=62:93;i=63:97  |
| value      | [64]  | INT8  | 64       | modular_observations(seed=86350002,integral=true) | i=0:-3;i=1:3;i=2:-2;i=3:4;i=62:-5;i=63:1 |
| frequency  | [16]  | INT8  | 16       | deterministic_frequency_grid(integral=true)       | i=0:1;i=1:2;i=2:3;i=3:4;i=14:15;i=15:16  |
+------------+-------+-------+----------+---------------------------------------------------+------------------------------------------+

[stage08] case parameters
+-------------------------------------------------------------------------------------------------------------+
| parameters                                                                                                  |
+-------------------------------------------------------------------------------------------------------------+
| {"dtype":"INT8","frequencies":"16","normalize":"false","precenter":"true","samples":"64","seed":"86350002"} |
+-------------------------------------------------------------------------------------------------------------+

[stage08] dtype evidence
+-----------------+--------------------+--------------+------------------------------------------------------------------+--------+
| requested_dtype | config_input_dtype | output_dtype | actual_input_digest                                              | status |
+-----------------+--------------------+--------------+------------------------------------------------------------------+--------+
| INT8            | NA                 | FP64         | 2a81eeef453ba82727b641bb960529a08f6ca9683487cc4ab1baf61f3837e631 | PASS   |
+-----------------+--------------------+--------------+------------------------------------------------------------------+--------+

[stage08] evidence files
+----------------+-----------------------------------------------------------------------------------------------------------------------------------------------------------------------------------------------------------------------------------------------------------+
| kind           | path                                                                                                                                                                                                                                                      |
+----------------+-----------------------------------------------------------------------------------------------------------------------------------------------------------------------------------------------------------------------------------------------------------+
| probe_raw_json | /tmp/ZKX_dev/results/stage08_input_preview_b06_lombscargle_9b01dadd36f6/formal/20260810T085749Z_9b01dadd36f6_stage08_b06_formal_8673000d/lombscargle_probe_raw.json                                                                                       |
| dtype_csv      | /tmp/ZKX_dev/results/stage08_input_preview_b06_lombscargle_9b01dadd36f6/formal/20260810T085749Z_9b01dadd36f6_stage08_b06_formal_8673000d/operator_dtype_evidence_lombscargle_not_applicable_20260810T085749Z_9b01dadd36f6_stage08_b06_formal_8673000d.csv |
| full_log       | /tmp/ZKX_dev/results/stage08_input_preview_b06_lombscargle_9b01dadd36f6/formal/20260810T085749Z_9b01dadd36f6_stage08_b06_formal_8673000d/operator_lombscargle_full.log                                                                                    |
| report_json    | /tmp/ZKX_dev/results/stage08_input_preview_b06_lombscargle_9b01dadd36f6/formal/20260810T085749Z_9b01dadd36f6_stage08_b06_formal_8673000d/operator_lombscargle_report.json                                                                                 |
| summary_txt    | /tmp/ZKX_dev/results/stage08_input_preview_b06_lombscargle_9b01dadd36f6/formal/20260810T085749Z_9b01dadd36f6_stage08_b06_formal_8673000d/operator_lombscargle_summary.txt                                                                                 |
| main_csv       | /tmp/ZKX_dev/results/stage08_input_preview_b06_lombscargle_9b01dadd36f6/formal/20260810T085749Z_9b01dadd36f6_stage08_b06_formal_8673000d/operator_main_results_lombscargle_not_applicable_20260810T085749Z_9b01dadd36f6_stage08_b06_formal_8673000d.csv   |
| memory_csv     | /tmp/ZKX_dev/results/stage08_input_preview_b06_lombscargle_9b01dadd36f6/formal/20260810T085749Z_9b01dadd36f6_stage08_b06_formal_8673000d/operator_spectral_analysis_lombscargle_memory_trace_not_applicable.csv                                           |
| timing_csv     | /tmp/ZKX_dev/results/stage08_input_preview_b06_lombscargle_9b01dadd36f6/formal/20260810T085749Z_9b01dadd36f6_stage08_b06_formal_8673000d/operator_timing_samples_lombscargle_not_applicable_20260810T085749Z_9b01dadd36f6_stage08_b06_formal_8673000d.csv |
+----------------+-----------------------------------------------------------------------------------------------------------------------------------------------------------------------------------------------------------------------------------------------------------+
