[stage08-b02] operator=triang entry=cpu:triang_typed_cpu gpu:triang_device
[stage08-b02] config=test_all/configs/operators/windows/triang/operator_scales.json config_sha256=d7de5774be071f747c6bdb46d3373673771af1a8190a816ca4092657ec7a5dfd
[stage08-b02] run_type=formal scale=triang_fp32_10e2 dtype=FP32 sym=true backend=not_applicable
[stage08-b02] dtype_semantics=request_variant_no_typed_data_input typed_input_count=0 actual_input_digest=7f7d081aa0af5dfac9cbd2114e6e1ae81fa1069a67d6310ffd6db02c7f813864
[stage08-b02] timing_scope=compatibility/end-to-end warmup=20 measured=100
[stage08-b02] cpu_mean_ms=0.0017672199999999997 gpu_mean_ms=0.24844221999999999 speedup=0.0071132032228660644
[stage08-b02] mse=1.6910361987476936e-16 rmse=1.3003984769091717e-08 relative_l2=2.2524688583505137e-08 relative_linf=2.8899221736194802e-08
[stage08-b02] resources=available cuda_event_ms=0.27009999752044678
[stage08-b02] status=PASS error_code=OK
[stage08] identity and status
target | scale_id         | device | backend        | dtype | warmup | measured | timing_scope             | status | error_code
triang | triang_fp32_10e2 | CPU    | not_applicable | FP32  | 20     | 100      | compatibility/end-to-end | PASS   | OK        
triang | triang_fp32_10e2 | GPU    | not_applicable | FP32  | 20     | 100      | compatibility/end-to-end | PASS   | OK        

[stage08] timing detail
device | mean_ms               | p50_ms              | p95_ms                | p99_ms                | min_ms                | max_ms              | std_ms                | cv                  | speedup              
CPU    | 0.0017672199999999997 | 0.00167             | 0.0016814499999999999 | 0.0019168000000000496 | 0.0016299999999999999 | 0.0115              | 0.0009783621474689216 | 0.55361649792834045 | NA                   
GPU    | 0.24844221999999999   | 0.24508199999999999 | 0.27253444999999998   | 0.30461991000000005   | 0.238732              | 0.31827299999999997 | 0.012393043511244522  | 0.04988300101023297 | 0.0071132032228660644

[stage08] accuracy detail
accuracy_reference  | mse                    | rmse                   | relative_l2            | relative_linf          | exact_match | mismatch_count | semantic_check                                                                                     | status
cpu_typed_reference | 1.6910361987476936e-16 | 1.3003984769091717e-08 | 2.2524688583505137e-08 | 2.8899221736194802e-08 | NA          | NA             | finite_fp64_triangular_window_shape_parity_and_symmetry_match_cpu:shape=[100];finite=true;sym=true | PASS  

[stage08] resource detail
device | metric     | before_bytes | after_bytes | peak_bytes | delta_bytes
CPU    | cpu_heap   | 1419984      | 1423632     | 1423632    | 3648       
CPU    | rss        | 69677056     | 69677056    | 69677056   | 0          
GPU    | cpu_heap   | 1423632      | 1426560     | 1426560    | 2928       
GPU    | rss        | 69677056     | 69677056    | 69677056   | 0          
GPU    | gpu_memory | 341000192    | 341000192   | 341000192  | 0          

[stage08] input/output identity
device | input_digest                                                     | output_digest                                                   
CPU    | 7f7d081aa0af5dfac9cbd2114e6e1ae81fa1069a67d6310ffd6db02c7f813864 | dc2711aeebc5dcc6ee7cf1991b6fe924610f404c44949bece49b2c04e9eac773
GPU    | 7f7d081aa0af5dfac9cbd2114e6e1ae81fa1069a67d6310ffd6db02c7f813864 | f8449620e43a549c920e731f44283774381f992a125907dcfe4a48e828dcc3df

[stage08] dtype evidence
requested_dtype | config_input_dtype | output_dtype | actual_input_digest                                              | status
FP32            | FP32               | FP64         | 7f7d081aa0af5dfac9cbd2114e6e1ae81fa1069a67d6310ffd6db02c7f813864 | PASS  

[stage08] evidence files
kind        | path                                                                                                                                                                                                                                     
main_csv    | /tmp/ZKX_dev/results/stage08_table_rerun_triang_47ebe13410d3/formal/20260810T032046Z_47ebe13410d3_stage08_b02_formal_88220000/operator_main_results_triang_not_applicable_20260810T032046Z_47ebe13410d3_stage08_b02_formal_88220000.csv  
timing_csv  | /tmp/ZKX_dev/results/stage08_table_rerun_triang_47ebe13410d3/formal/20260810T032046Z_47ebe13410d3_stage08_b02_formal_88220000/operator_timing_samples_triang_not_applicable_20260810T032046Z_47ebe13410d3_stage08_b02_formal_88220000.csv
memory_csv  | /tmp/ZKX_dev/results/stage08_table_rerun_triang_47ebe13410d3/formal/20260810T032046Z_47ebe13410d3_stage08_b02_formal_88220000/operator_windows_triang_memory_trace_not_applicable.csv                                                    
dtype_csv   | /tmp/ZKX_dev/results/stage08_table_rerun_triang_47ebe13410d3/formal/20260810T032046Z_47ebe13410d3_stage08_b02_formal_88220000/operator_dtype_evidence_triang_not_applicable_20260810T032046Z_47ebe13410d3_stage08_b02_formal_88220000.csv
module_csv  | /tmp/ZKX_dev/results/stage08_table_rerun_triang_47ebe13410d3/formal/20260810T032046Z_47ebe13410d3_stage08_b02_formal_88220000/windows_batch02_module_summary_not_applicable_20260810T032046Z_47ebe13410d3_stage08_b02_formal_88220000.csv
report_json | /tmp/ZKX_dev/results/stage08_table_rerun_triang_47ebe13410d3/formal/20260810T032046Z_47ebe13410d3_stage08_b02_formal_88220000/operator_triang_report.json                                                                                
summary_txt | /tmp/ZKX_dev/results/stage08_table_rerun_triang_47ebe13410d3/formal/20260810T032046Z_47ebe13410d3_stage08_b02_formal_88220000/operator_triang_summary.txt                                                                                
full_log    | /tmp/ZKX_dev/results/stage08_table_rerun_triang_47ebe13410d3/formal/20260810T032046Z_47ebe13410d3_stage08_b02_formal_88220000/operator_triang_full.log                                                                                   
results_dir | /tmp/ZKX_dev/results/stage08_table_rerun_triang_47ebe13410d3/formal/20260810T032046Z_47ebe13410d3_stage08_b02_formal_88220000                                                                                                            
