sample_index=0 cpu_pipeline_ms=701.575 gpu_pipeline_ms=76.6185 cpu_resource_sampling_overhead_ms=0.251633 gpu_resource_sampling_overhead_ms=0.033888 semantic_gates=16/16 timing_direct=true resource_overhead_excluded=true step_sum_used=false status=PASS
sample_index=1 cpu_pipeline_ms=677.959 gpu_pipeline_ms=76.6274 cpu_resource_sampling_overhead_ms=0.212423 gpu_resource_sampling_overhead_ms=0.03332 semantic_gates=16/16 timing_direct=true resource_overhead_excluded=true step_sum_used=false status=PASS
sample_index=2 cpu_pipeline_ms=674.888 gpu_pipeline_ms=75.9334 cpu_resource_sampling_overhead_ms=0.197876 gpu_resource_sampling_overhead_ms=0.033369 semantic_gates=16/16 timing_direct=true resource_overhead_excluded=true step_sum_used=false status=PASS
sample_index=3 cpu_pipeline_ms=686.259 gpu_pipeline_ms=75.616 cpu_resource_sampling_overhead_ms=0.216154 gpu_resource_sampling_overhead_ms=0.03313 semantic_gates=16/16 timing_direct=true resource_overhead_excluded=true step_sum_used=false status=PASS
sample_index=4 cpu_pipeline_ms=666.114 gpu_pipeline_ms=77.9271 cpu_resource_sampling_overhead_ms=0.233765 gpu_resource_sampling_overhead_ms=0.06073 semantic_gates=16/16 timing_direct=true resource_overhead_excluded=true step_sum_used=false status=PASS
sample_index=5 cpu_pipeline_ms=691.104 gpu_pipeline_ms=76.1081 cpu_resource_sampling_overhead_ms=0.208215 gpu_resource_sampling_overhead_ms=0.033068 semantic_gates=16/16 timing_direct=true resource_overhead_excluded=true step_sum_used=false status=PASS
sample_index=6 cpu_pipeline_ms=677.494 gpu_pipeline_ms=81.5546 cpu_resource_sampling_overhead_ms=0.194238 gpu_resource_sampling_overhead_ms=0.039308 semantic_gates=16/16 timing_direct=true resource_overhead_excluded=true step_sum_used=false status=PASS
sample_index=7 cpu_pipeline_ms=685.934 gpu_pipeline_ms=75.9736 cpu_resource_sampling_overhead_ms=0.196446 gpu_resource_sampling_overhead_ms=0.033369 semantic_gates=16/16 timing_direct=true resource_overhead_excluded=true step_sum_used=false status=PASS
sample_index=8 cpu_pipeline_ms=676.407 gpu_pipeline_ms=75.621 cpu_resource_sampling_overhead_ms=0.200028 gpu_resource_sampling_overhead_ms=0.034859 semantic_gates=16/16 timing_direct=true resource_overhead_excluded=true step_sum_used=false status=PASS
sample_index=9 cpu_pipeline_ms=683.838 gpu_pipeline_ms=75.6486 cpu_resource_sampling_overhead_ms=0.194227 gpu_resource_sampling_overhead_ms=0.03297 semantic_gates=16/16 timing_direct=true resource_overhead_excluded=true step_sum_used=false status=PASS
sample_index=10 cpu_pipeline_ms=674.94 gpu_pipeline_ms=76.6691 cpu_resource_sampling_overhead_ms=0.199375 gpu_resource_sampling_overhead_ms=0.033589 semantic_gates=16/16 timing_direct=true resource_overhead_excluded=true step_sum_used=false status=PASS
sample_index=11 cpu_pipeline_ms=681.633 gpu_pipeline_ms=80.7387 cpu_resource_sampling_overhead_ms=0.240736 gpu_resource_sampling_overhead_ms=0.040309 semantic_gates=16/16 timing_direct=true resource_overhead_excluded=true step_sum_used=false status=PASS
sample_index=12 cpu_pipeline_ms=677.241 gpu_pipeline_ms=76.2528 cpu_resource_sampling_overhead_ms=0.195116 gpu_resource_sampling_overhead_ms=0.034207 semantic_gates=16/16 timing_direct=true resource_overhead_excluded=true step_sum_used=false status=PASS
sample_index=13 cpu_pipeline_ms=678.885 gpu_pipeline_ms=75.699 cpu_resource_sampling_overhead_ms=0.223017 gpu_resource_sampling_overhead_ms=0.03285 semantic_gates=16/16 timing_direct=true resource_overhead_excluded=true step_sum_used=false status=PASS
sample_index=14 cpu_pipeline_ms=682.067 gpu_pipeline_ms=75.7568 cpu_resource_sampling_overhead_ms=0.192208 gpu_resource_sampling_overhead_ms=0.032629 semantic_gates=16/16 timing_direct=true resource_overhead_excluded=true step_sum_used=false status=PASS
sample_index=15 cpu_pipeline_ms=670.275 gpu_pipeline_ms=77.2571 cpu_resource_sampling_overhead_ms=0.219229 gpu_resource_sampling_overhead_ms=0.03615 semantic_gates=16/16 timing_direct=true resource_overhead_excluded=true step_sum_used=false status=PASS
sample_index=16 cpu_pipeline_ms=682.377 gpu_pipeline_ms=75.688 cpu_resource_sampling_overhead_ms=0.196549 gpu_resource_sampling_overhead_ms=0.03276 semantic_gates=16/16 timing_direct=true resource_overhead_excluded=true step_sum_used=false status=PASS
sample_index=17 cpu_pipeline_ms=669.114 gpu_pipeline_ms=75.6109 cpu_resource_sampling_overhead_ms=0.204466 gpu_resource_sampling_overhead_ms=0.033269 semantic_gates=16/16 timing_direct=true resource_overhead_excluded=true step_sum_used=false status=PASS
sample_index=18 cpu_pipeline_ms=689.871 gpu_pipeline_ms=75.5348 cpu_resource_sampling_overhead_ms=0.199396 gpu_resource_sampling_overhead_ms=0.03322 semantic_gates=16/16 timing_direct=true resource_overhead_excluded=true step_sum_used=false status=PASS
sample_index=19 cpu_pipeline_ms=676.722 gpu_pipeline_ms=75.5407 cpu_resource_sampling_overhead_ms=0.190007 gpu_resource_sampling_overhead_ms=0.0329 semantic_gates=16/16 timing_direct=true resource_overhead_excluded=true step_sum_used=false status=PASS
sample_index=20 cpu_pipeline_ms=677.922 gpu_pipeline_ms=76.3725 cpu_resource_sampling_overhead_ms=0.242196 gpu_resource_sampling_overhead_ms=0.033948 semantic_gates=16/16 timing_direct=true resource_overhead_excluded=true step_sum_used=false status=PASS
sample_index=21 cpu_pipeline_ms=665.399 gpu_pipeline_ms=75.822 cpu_resource_sampling_overhead_ms=0.230638 gpu_resource_sampling_overhead_ms=0.03478 semantic_gates=16/16 timing_direct=true resource_overhead_excluded=true step_sum_used=false status=PASS
sample_index=22 cpu_pipeline_ms=683.724 gpu_pipeline_ms=75.7176 cpu_resource_sampling_overhead_ms=0.202249 gpu_resource_sampling_overhead_ms=0.03304 semantic_gates=16/16 timing_direct=true resource_overhead_excluded=true step_sum_used=false status=PASS
sample_index=23 cpu_pipeline_ms=661.201 gpu_pipeline_ms=76.7629 cpu_resource_sampling_overhead_ms=0.204569 gpu_resource_sampling_overhead_ms=0.03465 semantic_gates=16/16 timing_direct=true resource_overhead_excluded=true step_sum_used=false status=PASS
sample_index=24 cpu_pipeline_ms=674.258 gpu_pipeline_ms=77.5058 cpu_resource_sampling_overhead_ms=0.197727 gpu_resource_sampling_overhead_ms=0.03502 semantic_gates=16/16 timing_direct=true resource_overhead_excluded=true step_sum_used=false status=PASS
sample_index=25 cpu_pipeline_ms=685.537 gpu_pipeline_ms=75.9183 cpu_resource_sampling_overhead_ms=0.205678 gpu_resource_sampling_overhead_ms=0.03402 semantic_gates=16/16 timing_direct=true resource_overhead_excluded=true step_sum_used=false status=PASS
sample_index=26 cpu_pipeline_ms=676.183 gpu_pipeline_ms=76.6402 cpu_resource_sampling_overhead_ms=0.197188 gpu_resource_sampling_overhead_ms=0.03262 semantic_gates=16/16 timing_direct=true resource_overhead_excluded=true step_sum_used=false status=PASS
sample_index=27 cpu_pipeline_ms=682.608 gpu_pipeline_ms=75.8139 cpu_resource_sampling_overhead_ms=0.207157 gpu_resource_sampling_overhead_ms=0.03208 semantic_gates=16/16 timing_direct=true resource_overhead_excluded=true step_sum_used=false status=PASS
sample_index=28 cpu_pipeline_ms=678.831 gpu_pipeline_ms=76.7616 cpu_resource_sampling_overhead_ms=0.215898 gpu_resource_sampling_overhead_ms=0.035219 semantic_gates=16/16 timing_direct=true resource_overhead_excluded=true step_sum_used=false status=PASS
sample_index=29 cpu_pipeline_ms=673.328 gpu_pipeline_ms=75.9975 cpu_resource_sampling_overhead_ms=0.206419 gpu_resource_sampling_overhead_ms=0.03336 semantic_gates=16/16 timing_direct=true resource_overhead_excluded=true step_sum_used=false status=PASS
sample_index=30 cpu_pipeline_ms=693.492 gpu_pipeline_ms=76.9212 cpu_resource_sampling_overhead_ms=0.229909 gpu_resource_sampling_overhead_ms=0.0339 semantic_gates=16/16 timing_direct=true resource_overhead_excluded=true step_sum_used=false status=PASS
sample_index=31 cpu_pipeline_ms=689.809 gpu_pipeline_ms=76.6769 cpu_resource_sampling_overhead_ms=0.198019 gpu_resource_sampling_overhead_ms=0.03367 semantic_gates=16/16 timing_direct=true resource_overhead_excluded=true step_sum_used=false status=PASS
sample_index=32 cpu_pipeline_ms=680.629 gpu_pipeline_ms=76.6302 cpu_resource_sampling_overhead_ms=0.194 gpu_resource_sampling_overhead_ms=0.03388 semantic_gates=16/16 timing_direct=true resource_overhead_excluded=true step_sum_used=false status=PASS
sample_index=33 cpu_pipeline_ms=660.374 gpu_pipeline_ms=76.0507 cpu_resource_sampling_overhead_ms=0.223649 gpu_resource_sampling_overhead_ms=0.03358 semantic_gates=16/16 timing_direct=true resource_overhead_excluded=true step_sum_used=false status=PASS
sample_index=34 cpu_pipeline_ms=683.344 gpu_pipeline_ms=75.7767 cpu_resource_sampling_overhead_ms=0.18359 gpu_resource_sampling_overhead_ms=0.03215 semantic_gates=16/16 timing_direct=true resource_overhead_excluded=true step_sum_used=false status=PASS
sample_index=35 cpu_pipeline_ms=673.484 gpu_pipeline_ms=76.3831 cpu_resource_sampling_overhead_ms=0.182538 gpu_resource_sampling_overhead_ms=0.034519 semantic_gates=16/16 timing_direct=true resource_overhead_excluded=true step_sum_used=false status=PASS
sample_index=36 cpu_pipeline_ms=678.035 gpu_pipeline_ms=76.8395 cpu_resource_sampling_overhead_ms=0.22859 gpu_resource_sampling_overhead_ms=0.03438 semantic_gates=16/16 timing_direct=true resource_overhead_excluded=true step_sum_used=false status=PASS
sample_index=37 cpu_pipeline_ms=681.421 gpu_pipeline_ms=76.6767 cpu_resource_sampling_overhead_ms=0.205609 gpu_resource_sampling_overhead_ms=0.033739 semantic_gates=16/16 timing_direct=true resource_overhead_excluded=true step_sum_used=false status=PASS
sample_index=38 cpu_pipeline_ms=688.138 gpu_pipeline_ms=76.2796 cpu_resource_sampling_overhead_ms=0.20539 gpu_resource_sampling_overhead_ms=0.03293 semantic_gates=16/16 timing_direct=true resource_overhead_excluded=true step_sum_used=false status=PASS
sample_index=39 cpu_pipeline_ms=689.483 gpu_pipeline_ms=87.7098 cpu_resource_sampling_overhead_ms=0.203889 gpu_resource_sampling_overhead_ms=0.03993 semantic_gates=16/16 timing_direct=true resource_overhead_excluded=true step_sum_used=false status=PASS
sample_index=40 cpu_pipeline_ms=671.726 gpu_pipeline_ms=76.964 cpu_resource_sampling_overhead_ms=0.23849 gpu_resource_sampling_overhead_ms=0.03507 semantic_gates=16/16 timing_direct=true resource_overhead_excluded=true step_sum_used=false status=PASS
sample_index=41 cpu_pipeline_ms=681.969 gpu_pipeline_ms=76.0754 cpu_resource_sampling_overhead_ms=0.20823 gpu_resource_sampling_overhead_ms=0.033149 semantic_gates=16/16 timing_direct=true resource_overhead_excluded=true step_sum_used=false status=PASS
sample_index=42 cpu_pipeline_ms=673.699 gpu_pipeline_ms=76.5566 cpu_resource_sampling_overhead_ms=0.19958 gpu_resource_sampling_overhead_ms=0.03288 semantic_gates=16/16 timing_direct=true resource_overhead_excluded=true step_sum_used=false status=PASS
sample_index=43 cpu_pipeline_ms=665.238 gpu_pipeline_ms=75.9962 cpu_resource_sampling_overhead_ms=0.21102 gpu_resource_sampling_overhead_ms=0.03408 semantic_gates=16/16 timing_direct=true resource_overhead_excluded=true step_sum_used=false status=PASS
sample_index=44 cpu_pipeline_ms=674.372 gpu_pipeline_ms=75.9124 cpu_resource_sampling_overhead_ms=0.196329 gpu_resource_sampling_overhead_ms=0.03273 semantic_gates=16/16 timing_direct=true resource_overhead_excluded=true step_sum_used=false status=PASS
sample_index=45 cpu_pipeline_ms=689.384 gpu_pipeline_ms=76.0045 cpu_resource_sampling_overhead_ms=0.20013 gpu_resource_sampling_overhead_ms=0.03251 semantic_gates=16/16 timing_direct=true resource_overhead_excluded=true step_sum_used=false status=PASS
sample_index=46 cpu_pipeline_ms=676.546 gpu_pipeline_ms=75.8867 cpu_resource_sampling_overhead_ms=0.21957 gpu_resource_sampling_overhead_ms=0.03452 semantic_gates=16/16 timing_direct=true resource_overhead_excluded=true step_sum_used=false status=PASS
sample_index=47 cpu_pipeline_ms=682.824 gpu_pipeline_ms=75.9427 cpu_resource_sampling_overhead_ms=0.22001 gpu_resource_sampling_overhead_ms=0.03268 semantic_gates=16/16 timing_direct=true resource_overhead_excluded=true step_sum_used=false status=PASS
sample_index=48 cpu_pipeline_ms=678.55 gpu_pipeline_ms=76.0486 cpu_resource_sampling_overhead_ms=0.20522 gpu_resource_sampling_overhead_ms=0.03282 semantic_gates=16/16 timing_direct=true resource_overhead_excluded=true step_sum_used=false status=PASS
sample_index=49 cpu_pipeline_ms=679.41 gpu_pipeline_ms=77.9636 cpu_resource_sampling_overhead_ms=0.21544 gpu_resource_sampling_overhead_ms=0.03751 semantic_gates=16/16 timing_direct=true resource_overhead_excluded=true step_sum_used=false status=PASS
sample_index=50 cpu_pipeline_ms=682.872 gpu_pipeline_ms=76.3269 cpu_resource_sampling_overhead_ms=0.19264 gpu_resource_sampling_overhead_ms=0.03424 semantic_gates=16/16 timing_direct=true resource_overhead_excluded=true step_sum_used=false status=PASS
sample_index=51 cpu_pipeline_ms=684.184 gpu_pipeline_ms=76.4404 cpu_resource_sampling_overhead_ms=0.23321 gpu_resource_sampling_overhead_ms=0.03297 semantic_gates=16/16 timing_direct=true resource_overhead_excluded=true step_sum_used=false status=PASS
sample_index=52 cpu_pipeline_ms=681.805 gpu_pipeline_ms=75.8494 cpu_resource_sampling_overhead_ms=0.21239 gpu_resource_sampling_overhead_ms=0.03362 semantic_gates=16/16 timing_direct=true resource_overhead_excluded=true step_sum_used=false status=PASS
sample_index=53 cpu_pipeline_ms=676.325 gpu_pipeline_ms=76.561 cpu_resource_sampling_overhead_ms=0.23359 gpu_resource_sampling_overhead_ms=0.03368 semantic_gates=16/16 timing_direct=true resource_overhead_excluded=true step_sum_used=false status=PASS
sample_index=54 cpu_pipeline_ms=659.587 gpu_pipeline_ms=76.1155 cpu_resource_sampling_overhead_ms=0.22011 gpu_resource_sampling_overhead_ms=0.03357 semantic_gates=16/16 timing_direct=true resource_overhead_excluded=true step_sum_used=false status=PASS
sample_index=55 cpu_pipeline_ms=677.587 gpu_pipeline_ms=75.9282 cpu_resource_sampling_overhead_ms=0.2156 gpu_resource_sampling_overhead_ms=0.03387 semantic_gates=16/16 timing_direct=true resource_overhead_excluded=true step_sum_used=false status=PASS
sample_index=56 cpu_pipeline_ms=690.174 gpu_pipeline_ms=76.0179 cpu_resource_sampling_overhead_ms=0.20814 gpu_resource_sampling_overhead_ms=0.03369 semantic_gates=16/16 timing_direct=true resource_overhead_excluded=true step_sum_used=false status=PASS
sample_index=57 cpu_pipeline_ms=672.681 gpu_pipeline_ms=76.7191 cpu_resource_sampling_overhead_ms=0.21009 gpu_resource_sampling_overhead_ms=0.03447 semantic_gates=16/16 timing_direct=true resource_overhead_excluded=true step_sum_used=false status=PASS
sample_index=58 cpu_pipeline_ms=683.403 gpu_pipeline_ms=76.9011 cpu_resource_sampling_overhead_ms=0.213 gpu_resource_sampling_overhead_ms=0.03651 semantic_gates=16/16 timing_direct=true resource_overhead_excluded=true step_sum_used=false status=PASS
sample_index=59 cpu_pipeline_ms=671.946 gpu_pipeline_ms=78.8394 cpu_resource_sampling_overhead_ms=0.2202 gpu_resource_sampling_overhead_ms=0.03648 semantic_gates=16/16 timing_direct=true resource_overhead_excluded=true step_sum_used=false status=PASS
sample_index=60 cpu_pipeline_ms=686.301 gpu_pipeline_ms=76.2053 cpu_resource_sampling_overhead_ms=0.1967 gpu_resource_sampling_overhead_ms=0.03346 semantic_gates=16/16 timing_direct=true resource_overhead_excluded=true step_sum_used=false status=PASS
sample_index=61 cpu_pipeline_ms=653.706 gpu_pipeline_ms=78.4596 cpu_resource_sampling_overhead_ms=0.347981 gpu_resource_sampling_overhead_ms=0.03623 semantic_gates=16/16 timing_direct=true resource_overhead_excluded=true step_sum_used=false status=PASS
sample_index=62 cpu_pipeline_ms=684.007 gpu_pipeline_ms=75.9099 cpu_resource_sampling_overhead_ms=0.21504 gpu_resource_sampling_overhead_ms=0.03394 semantic_gates=16/16 timing_direct=true resource_overhead_excluded=true step_sum_used=false status=PASS
sample_index=63 cpu_pipeline_ms=680.423 gpu_pipeline_ms=76.0404 cpu_resource_sampling_overhead_ms=0.20545 gpu_resource_sampling_overhead_ms=0.03387 semantic_gates=16/16 timing_direct=true resource_overhead_excluded=true step_sum_used=false status=PASS
sample_index=64 cpu_pipeline_ms=683.585 gpu_pipeline_ms=75.9588 cpu_resource_sampling_overhead_ms=0.181321 gpu_resource_sampling_overhead_ms=0.03437 semantic_gates=16/16 timing_direct=true resource_overhead_excluded=true step_sum_used=false status=PASS
sample_index=65 cpu_pipeline_ms=695.956 gpu_pipeline_ms=76.0462 cpu_resource_sampling_overhead_ms=0.220071 gpu_resource_sampling_overhead_ms=0.03305 semantic_gates=16/16 timing_direct=true resource_overhead_excluded=true step_sum_used=false status=PASS
sample_index=66 cpu_pipeline_ms=683.02 gpu_pipeline_ms=75.7818 cpu_resource_sampling_overhead_ms=0.200211 gpu_resource_sampling_overhead_ms=0.0328 semantic_gates=16/16 timing_direct=true resource_overhead_excluded=true step_sum_used=false status=PASS
sample_index=67 cpu_pipeline_ms=680.748 gpu_pipeline_ms=75.6525 cpu_resource_sampling_overhead_ms=0.21598 gpu_resource_sampling_overhead_ms=0.0333 semantic_gates=16/16 timing_direct=true resource_overhead_excluded=true step_sum_used=false status=PASS
sample_index=68 cpu_pipeline_ms=675.776 gpu_pipeline_ms=75.6588 cpu_resource_sampling_overhead_ms=0.221621 gpu_resource_sampling_overhead_ms=0.03241 semantic_gates=16/16 timing_direct=true resource_overhead_excluded=true step_sum_used=false status=PASS
sample_index=69 cpu_pipeline_ms=679.533 gpu_pipeline_ms=77.0598 cpu_resource_sampling_overhead_ms=0.27298 gpu_resource_sampling_overhead_ms=0.03488 semantic_gates=16/16 timing_direct=true resource_overhead_excluded=true step_sum_used=false status=PASS
sample_index=70 cpu_pipeline_ms=676.941 gpu_pipeline_ms=76.4914 cpu_resource_sampling_overhead_ms=0.20564 gpu_resource_sampling_overhead_ms=0.03411 semantic_gates=16/16 timing_direct=true resource_overhead_excluded=true step_sum_used=false status=PASS
sample_index=71 cpu_pipeline_ms=672.194 gpu_pipeline_ms=75.749 cpu_resource_sampling_overhead_ms=0.217421 gpu_resource_sampling_overhead_ms=0.0337 semantic_gates=16/16 timing_direct=true resource_overhead_excluded=true step_sum_used=false status=PASS
sample_index=72 cpu_pipeline_ms=677.782 gpu_pipeline_ms=76.1502 cpu_resource_sampling_overhead_ms=0.24323 gpu_resource_sampling_overhead_ms=0.03292 semantic_gates=16/16 timing_direct=true resource_overhead_excluded=true step_sum_used=false status=PASS
sample_index=73 cpu_pipeline_ms=700.098 gpu_pipeline_ms=76.3132 cpu_resource_sampling_overhead_ms=0.36675 gpu_resource_sampling_overhead_ms=0.03365 semantic_gates=16/16 timing_direct=true resource_overhead_excluded=true step_sum_used=false status=PASS
sample_index=74 cpu_pipeline_ms=686.866 gpu_pipeline_ms=76.3094 cpu_resource_sampling_overhead_ms=0.275881 gpu_resource_sampling_overhead_ms=0.03246 semantic_gates=16/16 timing_direct=true resource_overhead_excluded=true step_sum_used=false status=PASS
sample_index=75 cpu_pipeline_ms=657.072 gpu_pipeline_ms=77.4177 cpu_resource_sampling_overhead_ms=0.308313 gpu_resource_sampling_overhead_ms=0.035791 semantic_gates=16/16 timing_direct=true resource_overhead_excluded=true step_sum_used=false status=PASS
sample_index=76 cpu_pipeline_ms=693.244 gpu_pipeline_ms=75.9766 cpu_resource_sampling_overhead_ms=0.23673 gpu_resource_sampling_overhead_ms=0.03404 semantic_gates=16/16 timing_direct=true resource_overhead_excluded=true step_sum_used=false status=PASS
sample_index=77 cpu_pipeline_ms=692.369 gpu_pipeline_ms=75.7878 cpu_resource_sampling_overhead_ms=0.20766 gpu_resource_sampling_overhead_ms=0.03413 semantic_gates=16/16 timing_direct=true resource_overhead_excluded=true step_sum_used=false status=PASS
sample_index=78 cpu_pipeline_ms=661.31 gpu_pipeline_ms=76.308 cpu_resource_sampling_overhead_ms=0.221212 gpu_resource_sampling_overhead_ms=0.03359 semantic_gates=16/16 timing_direct=true resource_overhead_excluded=true step_sum_used=false status=PASS
sample_index=79 cpu_pipeline_ms=677.44 gpu_pipeline_ms=76.3565 cpu_resource_sampling_overhead_ms=0.200811 gpu_resource_sampling_overhead_ms=0.032901 semantic_gates=16/16 timing_direct=true resource_overhead_excluded=true step_sum_used=false status=PASS
sample_index=80 cpu_pipeline_ms=689.419 gpu_pipeline_ms=76.8073 cpu_resource_sampling_overhead_ms=0.216801 gpu_resource_sampling_overhead_ms=0.03381 semantic_gates=16/16 timing_direct=true resource_overhead_excluded=true step_sum_used=false status=PASS
sample_index=81 cpu_pipeline_ms=681.04 gpu_pipeline_ms=76.5521 cpu_resource_sampling_overhead_ms=0.20402 gpu_resource_sampling_overhead_ms=0.03361 semantic_gates=16/16 timing_direct=true resource_overhead_excluded=true step_sum_used=false status=PASS
sample_index=82 cpu_pipeline_ms=695.024 gpu_pipeline_ms=76.2324 cpu_resource_sampling_overhead_ms=0.253752 gpu_resource_sampling_overhead_ms=0.03406 semantic_gates=16/16 timing_direct=true resource_overhead_excluded=true step_sum_used=false status=PASS
sample_index=83 cpu_pipeline_ms=680.863 gpu_pipeline_ms=75.973 cpu_resource_sampling_overhead_ms=0.2135 gpu_resource_sampling_overhead_ms=0.03236 semantic_gates=16/16 timing_direct=true resource_overhead_excluded=true step_sum_used=false status=PASS
sample_index=84 cpu_pipeline_ms=679.866 gpu_pipeline_ms=76.4139 cpu_resource_sampling_overhead_ms=0.253012 gpu_resource_sampling_overhead_ms=0.03298 semantic_gates=16/16 timing_direct=true resource_overhead_excluded=true step_sum_used=false status=PASS
sample_index=85 cpu_pipeline_ms=685.811 gpu_pipeline_ms=75.9216 cpu_resource_sampling_overhead_ms=0.202711 gpu_resource_sampling_overhead_ms=0.03244 semantic_gates=16/16 timing_direct=true resource_overhead_excluded=true step_sum_used=false status=PASS
sample_index=86 cpu_pipeline_ms=680.287 gpu_pipeline_ms=76.1707 cpu_resource_sampling_overhead_ms=0.28461 gpu_resource_sampling_overhead_ms=0.032861 semantic_gates=16/16 timing_direct=true resource_overhead_excluded=true step_sum_used=false status=PASS
sample_index=87 cpu_pipeline_ms=677.311 gpu_pipeline_ms=75.857 cpu_resource_sampling_overhead_ms=0.204261 gpu_resource_sampling_overhead_ms=0.03429 semantic_gates=16/16 timing_direct=true resource_overhead_excluded=true step_sum_used=false status=PASS
sample_index=88 cpu_pipeline_ms=677.107 gpu_pipeline_ms=75.9581 cpu_resource_sampling_overhead_ms=0.235561 gpu_resource_sampling_overhead_ms=0.03289 semantic_gates=16/16 timing_direct=true resource_overhead_excluded=true step_sum_used=false status=PASS
sample_index=89 cpu_pipeline_ms=665.104 gpu_pipeline_ms=76.2991 cpu_resource_sampling_overhead_ms=0.327962 gpu_resource_sampling_overhead_ms=0.03299 semantic_gates=16/16 timing_direct=true resource_overhead_excluded=true step_sum_used=false status=PASS
sample_index=90 cpu_pipeline_ms=675.377 gpu_pipeline_ms=76.1062 cpu_resource_sampling_overhead_ms=0.224441 gpu_resource_sampling_overhead_ms=0.03406 semantic_gates=16/16 timing_direct=true resource_overhead_excluded=true step_sum_used=false status=PASS
sample_index=91 cpu_pipeline_ms=683.233 gpu_pipeline_ms=76.5986 cpu_resource_sampling_overhead_ms=0.2376 gpu_resource_sampling_overhead_ms=0.0336 semantic_gates=16/16 timing_direct=true resource_overhead_excluded=true step_sum_used=false status=PASS
sample_index=92 cpu_pipeline_ms=688.873 gpu_pipeline_ms=76.0745 cpu_resource_sampling_overhead_ms=0.20953 gpu_resource_sampling_overhead_ms=0.03273 semantic_gates=16/16 timing_direct=true resource_overhead_excluded=true step_sum_used=false status=PASS
sample_index=93 cpu_pipeline_ms=661.744 gpu_pipeline_ms=76.07 cpu_resource_sampling_overhead_ms=0.242671 gpu_resource_sampling_overhead_ms=0.03392 semantic_gates=16/16 timing_direct=true resource_overhead_excluded=true step_sum_used=false status=PASS
sample_index=94 cpu_pipeline_ms=667.669 gpu_pipeline_ms=75.71 cpu_resource_sampling_overhead_ms=0.201221 gpu_resource_sampling_overhead_ms=0.03266 semantic_gates=16/16 timing_direct=true resource_overhead_excluded=true step_sum_used=false status=PASS
sample_index=95 cpu_pipeline_ms=689.406 gpu_pipeline_ms=75.912 cpu_resource_sampling_overhead_ms=0.20673 gpu_resource_sampling_overhead_ms=0.033 semantic_gates=16/16 timing_direct=true resource_overhead_excluded=true step_sum_used=false status=PASS
sample_index=96 cpu_pipeline_ms=681.37 gpu_pipeline_ms=75.8283 cpu_resource_sampling_overhead_ms=0.20146 gpu_resource_sampling_overhead_ms=0.03283 semantic_gates=16/16 timing_direct=true resource_overhead_excluded=true step_sum_used=false status=PASS
sample_index=97 cpu_pipeline_ms=682.735 gpu_pipeline_ms=75.9389 cpu_resource_sampling_overhead_ms=0.22147 gpu_resource_sampling_overhead_ms=0.03274 semantic_gates=16/16 timing_direct=true resource_overhead_excluded=true step_sum_used=false status=PASS
sample_index=98 cpu_pipeline_ms=679.471 gpu_pipeline_ms=76.0968 cpu_resource_sampling_overhead_ms=0.220101 gpu_resource_sampling_overhead_ms=0.03285 semantic_gates=16/16 timing_direct=true resource_overhead_excluded=true step_sum_used=false status=PASS
sample_index=99 cpu_pipeline_ms=685.164 gpu_pipeline_ms=76.0201 cpu_resource_sampling_overhead_ms=0.26591 gpu_resource_sampling_overhead_ms=0.03321 semantic_gates=16/16 timing_direct=true resource_overhead_excluded=true step_sum_used=false status=PASS
function=Task2 frozen full six-step pipeline
call_chain=Step1->Step2;Step2+Step1->Step3;Step3 dual outputs->Step4;Step4->Step5;Step5+Step4+Kalman/delay->Step6
timing=pipeline_total measured directly;not=sum(step timings)
cpu_correlation_method=direct_parallel_exact workers=255
resource_sampling_mode=same_pipeline_execution
status=PASS return_code=0
