command=build_stage07_b05_fm_demod_2836c8d/stage07_fm_demod --dtype FP32 --count 128 --reference-count 31 --frame 64 --hop 32 --warmup 1 --measured 1 --output /tmp/ZKX_dev/results/stage07_b05_smoke_2836c8d/smoke/20260810T104657Z_2836c8dc200d_stage07_b05_smoke_dcf21822/fm_demod_probe_raw.json
STAGE07_TASK_FEATURE_PROBE PASS operator=fm_demod dtype=FP32
{"run_id": "20260810T104657Z_2836c8dc200d_stage07_b05_smoke_dcf21822", "case_id": "fm_demod__fm_demod_fp32_10e2__aeb0291153803dbd", "operator_name": "fm_demod", "task_name": "Task2", "step_name": "Step4", "scale_id": "fm_demod_fp32_10e2", "requested_dtype": "FP32", "input_content": [{"input_name": "analytic", "shape": "[128]", "dtype": "ComplexFP32", "element_count": "128", "generator": "deterministic_chirped_analytic_signal", "preview_head4_tail2": "i=0:(20,0);i=1:(19.9937496,0.4999879);i=2:(19.9749966,0.999743164);i=3:(19.9437485,1.4989531);i=126:(-19.9838753,-0.802971065);i=127:(-19.9568958,-1.31236327)"}], "case_parameters": {"count": 128, "output_count": 127}, "output_dtype": "FP32", "backend": "not_applicable", "warmup_runs": 1, "measured_runs": 1, "output_count": 127, "mse": 1.31127e-14, "rmse": 1.1451e-07, "relative_l2": 4.53427e-06, "relative_linf": 9.34754e-06, "actual_input_digest": "aeb0291153803dbd677cf4a331ae82d50ce27f8e073c33588e78e2aa2cd34a4e", "typed_array_digest": "fa2384963e2b3ec49172ba992074438ea6badbee8d0caaab9a827fd8d85d14e4", "status": "PASS", "error_code": "OK"}
[stage07] identity and status
+----------+--------------------+--------+----------------+-------+--------+----------+--------------------------+--------+------------+
| target   | scale_id           | device | backend        | dtype | warmup | measured | timing_scope             | status | error_code |
+----------+--------------------+--------+----------------+-------+--------+----------+--------------------------+--------+------------+
| fm_demod | fm_demod_fp32_10e2 | CPU    | not_applicable | FP32  | 1      | 1        | compatibility/end-to-end | PASS   | OK         |
| fm_demod | fm_demod_fp32_10e2 | GPU    | not_applicable | FP32  | 1      | 1        | compatibility/end-to-end | PASS   | OK         |
+----------+--------------------+--------+----------------+-------+--------+----------+--------------------------+--------+------------+

[stage07] timing detail
+--------+----------+----------+----------+----------+----------+----------+--------+-----+---------------------+
| device | mean_ms  | p50_ms   | p95_ms   | p99_ms   | min_ms   | max_ms   | std_ms | cv  | speedup             |
+--------+----------+----------+----------+----------+----------+----------+--------+-----+---------------------+
| CPU    | 0.01451  | 0.01451  | 0.01451  | 0.01451  | 0.01451  | 0.01451  | 0.0    | 0.0 | NA                  |
| GPU    | 0.215482 | 0.215482 | 0.215482 | 0.215482 | 0.215482 | 0.215482 | 0.0    | 0.0 | 0.06733741101344892 |
+--------+----------+----------+----------+----------+----------+----------+--------+-----+---------------------+

[stage07] accuracy detail
+---------------------------------+-------------+------------+-------------+---------------+-------------+----------------+----------------------------------------------------------+--------+
| reference                       | mse         | rmse       | relative_l2 | relative_linf | exact_match | mismatch_count | semantic_check                                           | status |
+---------------------------------+-------------+------------+-------------+---------------+-------------+----------------+----------------------------------------------------------+--------+
| typed_cpu_task2_step4_reference | 1.31127e-14 | 1.1451e-07 | 4.53427e-06 | 9.34754e-06   | NA          | NA             | output_count=127;output_dtype=FP32;task_gpu_call=present | PASS   |
+---------------------------------+-------------+------------+-------------+---------------+-------------+----------------+----------------------------------------------------------+--------+

[stage07] resource detail
+--------+------------+--------------+-------------+------------+-------------+
| device | metric     | before_bytes | after_bytes | peak_bytes | delta_bytes |
+--------+------------+--------------+-------------+------------+-------------+
| CPU    | cpu_heap   | 1389456      | 1392784     | 1392784    | 3328        |
| CPU    | rss        | 70139904     | 70139904    | 70139904   | 0           |
| GPU    | cpu_heap   | 1392880      | 1396688     | 1396688    | 3808        |
| GPU    | rss        | 70139904     | 70139904    | 70139904   | 0           |
| GPU    | gpu_memory | 341000192    | 341000192   | 341000192  | 0           |
+--------+------------+--------------+-------------+------------+-------------+

[stage07] input content
+------------+-------+-------------+----------+---------------------------------------+----------------------------------------------------------------------------------------------------------------------------------------------------------------+
| input_name | shape | dtype       | elements | generator                             | values(head4/tail2)                                                                                                                                            |
+------------+-------+-------------+----------+---------------------------------------+----------------------------------------------------------------------------------------------------------------------------------------------------------------+
| analytic   | [128] | ComplexFP32 | 128      | deterministic_chirped_analytic_signal | i=0:(20,0);i=1:(19.9937496,0.4999879);i=2:(19.9749966,0.999743164);i=3:(19.9437485,1.4989531);i=126:(-19.9838753,-0.802971065);i=127:(-19.9568958,-1.31236327) |
+------------+-------+-------------+----------+---------------------------------------+----------------------------------------------------------------------------------------------------------------------------------------------------------------+

[stage07] case parameters
+----------------------------------+
| parameters                       |
+----------------------------------+
| {"count":128,"output_count":127} |
+----------------------------------+

[stage07] input and output identity
+--------+------------------------------------------------------------------+------------------------------------------------------------------+
| device | input_digest                                                     | output_digest                                                    |
+--------+------------------------------------------------------------------+------------------------------------------------------------------+
| CPU    | aeb0291153803dbd677cf4a331ae82d50ce27f8e073c33588e78e2aa2cd34a4e | c948b648ef2cbfd39d8314b61f79b641142666e091445244fd7c91cb6a71bbaf |
| GPU    | aeb0291153803dbd677cf4a331ae82d50ce27f8e073c33588e78e2aa2cd34a4e | c4b7917903bd6df8e99d5656401f729bde6e04c2377b66b777c9dc204ab12f6e |
+--------+------------------------------------------------------------------+------------------------------------------------------------------+

[stage07] dtype evidence
+-----------------+--------------------+--------------+------------------------------------------------------------------+------------------------------------------------------------------+----------------------+
| requested_dtype | config_input_dtype | output_dtype | typed_array_digest                                               | actual_input_digest                                              | task_gpu_call_status |
+-----------------+--------------------+--------------+------------------------------------------------------------------+------------------------------------------------------------------+----------------------+
| FP32            | ComplexFP32        | FP32         | fa2384963e2b3ec49172ba992074438ea6badbee8d0caaab9a827fd8d85d14e4 | aeb0291153803dbd677cf4a331ae82d50ce27f8e073c33588e78e2aa2cd34a4e | proved_gpu_cpu       |
+-----------------+--------------------+--------------+------------------------------------------------------------------+------------------------------------------------------------------+----------------------+

[stage07] evidence files
+-------------+----------------------------------------------------------------------------------------------------------------------------------------------------------------------------------------------------------------------------+
| kind        | path                                                                                                                                                                                                                       |
+-------------+----------------------------------------------------------------------------------------------------------------------------------------------------------------------------------------------------------------------------+
| main_csv    | /tmp/ZKX_dev/results/stage07_b05_smoke_2836c8d/smoke/20260810T104657Z_2836c8dc200d_stage07_b05_smoke_dcf21822/operator_main_results_fm_demod_not_applicable_20260810T104657Z_2836c8dc200d_stage07_b05_smoke_dcf21822.csv   |
| timing_csv  | /tmp/ZKX_dev/results/stage07_b05_smoke_2836c8d/smoke/20260810T104657Z_2836c8dc200d_stage07_b05_smoke_dcf21822/operator_timing_samples_fm_demod_not_applicable_20260810T104657Z_2836c8dc200d_stage07_b05_smoke_dcf21822.csv |
| memory_csv  | /tmp/ZKX_dev/results/stage07_b05_smoke_2836c8d/smoke/20260810T104657Z_2836c8dc200d_stage07_b05_smoke_dcf21822/operator_demod_fm_demod_memory_trace_not_applicable.csv                                                      |
| dtype_csv   | /tmp/ZKX_dev/results/stage07_b05_smoke_2836c8d/smoke/20260810T104657Z_2836c8dc200d_stage07_b05_smoke_dcf21822/operator_dtype_evidence_fm_demod_not_applicable_20260810T104657Z_2836c8dc200d_stage07_b05_smoke_dcf21822.csv |
| report_json | /tmp/ZKX_dev/results/stage07_b05_smoke_2836c8d/smoke/20260810T104657Z_2836c8dc200d_stage07_b05_smoke_dcf21822/operator_fm_demod_report.json                                                                                |
| summary_txt | /tmp/ZKX_dev/results/stage07_b05_smoke_2836c8d/smoke/20260810T104657Z_2836c8dc200d_stage07_b05_smoke_dcf21822/operator_fm_demod_summary.txt                                                                                |
| full_log    | /tmp/ZKX_dev/results/stage07_b05_smoke_2836c8d/smoke/20260810T104657Z_2836c8dc200d_stage07_b05_smoke_dcf21822/operator_fm_demod_full.log                                                                                   |
| result_dir  | /tmp/ZKX_dev/results/stage07_b05_smoke_2836c8d/smoke/20260810T104657Z_2836c8dc200d_stage07_b05_smoke_dcf21822                                                                                                              |
+-------------+----------------------------------------------------------------------------------------------------------------------------------------------------------------------------------------------------------------------------+
