sample_index=0 cpu_pipeline_ms=1991.46 gpu_pipeline_ms=246.642 cpu_resource_sampling_overhead_ms=0.261596 gpu_resource_sampling_overhead_ms=0.03566 semantic_gates=16/16 timing_direct=true resource_overhead_excluded=true step_sum_used=false status=PASS
sample_index=1 cpu_pipeline_ms=1920.64 gpu_pipeline_ms=244.312 cpu_resource_sampling_overhead_ms=0.287108 gpu_resource_sampling_overhead_ms=0.03383 semantic_gates=16/16 timing_direct=true resource_overhead_excluded=true step_sum_used=false status=PASS
sample_index=2 cpu_pipeline_ms=1893.41 gpu_pipeline_ms=244.4 cpu_resource_sampling_overhead_ms=0.232278 gpu_resource_sampling_overhead_ms=0.03303 semantic_gates=16/16 timing_direct=true resource_overhead_excluded=true step_sum_used=false status=PASS
sample_index=3 cpu_pipeline_ms=1935.1 gpu_pipeline_ms=244.605 cpu_resource_sampling_overhead_ms=0.21056 gpu_resource_sampling_overhead_ms=0.03342 semantic_gates=16/16 timing_direct=true resource_overhead_excluded=true step_sum_used=false status=PASS
sample_index=4 cpu_pipeline_ms=1932.95 gpu_pipeline_ms=244.573 cpu_resource_sampling_overhead_ms=0.214058 gpu_resource_sampling_overhead_ms=0.03442 semantic_gates=16/16 timing_direct=true resource_overhead_excluded=true step_sum_used=false status=PASS
sample_index=5 cpu_pipeline_ms=1927.84 gpu_pipeline_ms=244.2 cpu_resource_sampling_overhead_ms=0.22404 gpu_resource_sampling_overhead_ms=0.03308 semantic_gates=16/16 timing_direct=true resource_overhead_excluded=true step_sum_used=false status=PASS
sample_index=6 cpu_pipeline_ms=1934.02 gpu_pipeline_ms=251.441 cpu_resource_sampling_overhead_ms=0.23404 gpu_resource_sampling_overhead_ms=0.04021 semantic_gates=16/16 timing_direct=true resource_overhead_excluded=true step_sum_used=false status=PASS
sample_index=7 cpu_pipeline_ms=1813.48 gpu_pipeline_ms=244.596 cpu_resource_sampling_overhead_ms=0.24849 gpu_resource_sampling_overhead_ms=0.0347 semantic_gates=16/16 timing_direct=true resource_overhead_excluded=true step_sum_used=false status=PASS
sample_index=8 cpu_pipeline_ms=1871 gpu_pipeline_ms=245.48 cpu_resource_sampling_overhead_ms=0.25469 gpu_resource_sampling_overhead_ms=0.0333 semantic_gates=16/16 timing_direct=true resource_overhead_excluded=true step_sum_used=false status=PASS
sample_index=9 cpu_pipeline_ms=1916.8 gpu_pipeline_ms=244.785 cpu_resource_sampling_overhead_ms=0.22223 gpu_resource_sampling_overhead_ms=0.03262 semantic_gates=16/16 timing_direct=true resource_overhead_excluded=true step_sum_used=false status=PASS
sample_index=10 cpu_pipeline_ms=1934.34 gpu_pipeline_ms=244.387 cpu_resource_sampling_overhead_ms=0.21367 gpu_resource_sampling_overhead_ms=0.03265 semantic_gates=16/16 timing_direct=true resource_overhead_excluded=true step_sum_used=false status=PASS
sample_index=11 cpu_pipeline_ms=1955.28 gpu_pipeline_ms=243.82 cpu_resource_sampling_overhead_ms=0.219261 gpu_resource_sampling_overhead_ms=0.03262 semantic_gates=16/16 timing_direct=true resource_overhead_excluded=true step_sum_used=false status=PASS
sample_index=12 cpu_pipeline_ms=1927.12 gpu_pipeline_ms=243.988 cpu_resource_sampling_overhead_ms=0.21998 gpu_resource_sampling_overhead_ms=0.033121 semantic_gates=16/16 timing_direct=true resource_overhead_excluded=true step_sum_used=false status=PASS
sample_index=13 cpu_pipeline_ms=1975.01 gpu_pipeline_ms=244.597 cpu_resource_sampling_overhead_ms=0.225651 gpu_resource_sampling_overhead_ms=0.03395 semantic_gates=16/16 timing_direct=true resource_overhead_excluded=true step_sum_used=false status=PASS
sample_index=14 cpu_pipeline_ms=1908.46 gpu_pipeline_ms=245.369 cpu_resource_sampling_overhead_ms=0.272231 gpu_resource_sampling_overhead_ms=0.03417 semantic_gates=16/16 timing_direct=true resource_overhead_excluded=true step_sum_used=false status=PASS
sample_index=15 cpu_pipeline_ms=1880.3 gpu_pipeline_ms=245.547 cpu_resource_sampling_overhead_ms=0.251041 gpu_resource_sampling_overhead_ms=0.03432 semantic_gates=16/16 timing_direct=true resource_overhead_excluded=true step_sum_used=false status=PASS
sample_index=16 cpu_pipeline_ms=1944 gpu_pipeline_ms=245.389 cpu_resource_sampling_overhead_ms=0.223401 gpu_resource_sampling_overhead_ms=0.03462 semantic_gates=16/16 timing_direct=true resource_overhead_excluded=true step_sum_used=false status=PASS
sample_index=17 cpu_pipeline_ms=1814.61 gpu_pipeline_ms=246.742 cpu_resource_sampling_overhead_ms=0.225323 gpu_resource_sampling_overhead_ms=0.03581 semantic_gates=16/16 timing_direct=true resource_overhead_excluded=true step_sum_used=false status=PASS
sample_index=18 cpu_pipeline_ms=1900.14 gpu_pipeline_ms=245.893 cpu_resource_sampling_overhead_ms=0.230163 gpu_resource_sampling_overhead_ms=0.03391 semantic_gates=16/16 timing_direct=true resource_overhead_excluded=true step_sum_used=false status=PASS
sample_index=19 cpu_pipeline_ms=1804.71 gpu_pipeline_ms=245.466 cpu_resource_sampling_overhead_ms=0.249651 gpu_resource_sampling_overhead_ms=0.03503 semantic_gates=16/16 timing_direct=true resource_overhead_excluded=true step_sum_used=false status=PASS
sample_index=20 cpu_pipeline_ms=1979.78 gpu_pipeline_ms=245.637 cpu_resource_sampling_overhead_ms=0.222511 gpu_resource_sampling_overhead_ms=0.033511 semantic_gates=16/16 timing_direct=true resource_overhead_excluded=true step_sum_used=false status=PASS
sample_index=21 cpu_pipeline_ms=1947.04 gpu_pipeline_ms=246.008 cpu_resource_sampling_overhead_ms=0.293923 gpu_resource_sampling_overhead_ms=0.034374 semantic_gates=16/16 timing_direct=true resource_overhead_excluded=true step_sum_used=false status=PASS
sample_index=22 cpu_pipeline_ms=1874.31 gpu_pipeline_ms=244.052 cpu_resource_sampling_overhead_ms=0.211388 gpu_resource_sampling_overhead_ms=0.034564 semantic_gates=16/16 timing_direct=true resource_overhead_excluded=true step_sum_used=false status=PASS
sample_index=23 cpu_pipeline_ms=1857.19 gpu_pipeline_ms=245.05 cpu_resource_sampling_overhead_ms=0.23447 gpu_resource_sampling_overhead_ms=0.03414 semantic_gates=16/16 timing_direct=true resource_overhead_excluded=true step_sum_used=false status=PASS
sample_index=24 cpu_pipeline_ms=1876.4 gpu_pipeline_ms=243.96 cpu_resource_sampling_overhead_ms=0.224297 gpu_resource_sampling_overhead_ms=0.03308 semantic_gates=16/16 timing_direct=true resource_overhead_excluded=true step_sum_used=false status=PASS
sample_index=25 cpu_pipeline_ms=1892.77 gpu_pipeline_ms=246.185 cpu_resource_sampling_overhead_ms=0.229105 gpu_resource_sampling_overhead_ms=0.03408 semantic_gates=16/16 timing_direct=true resource_overhead_excluded=true step_sum_used=false status=PASS
sample_index=26 cpu_pipeline_ms=1968.82 gpu_pipeline_ms=245.04 cpu_resource_sampling_overhead_ms=0.220835 gpu_resource_sampling_overhead_ms=0.033931 semantic_gates=16/16 timing_direct=true resource_overhead_excluded=true step_sum_used=false status=PASS
sample_index=27 cpu_pipeline_ms=1839.41 gpu_pipeline_ms=244.198 cpu_resource_sampling_overhead_ms=0.245617 gpu_resource_sampling_overhead_ms=0.034331 semantic_gates=16/16 timing_direct=true resource_overhead_excluded=true step_sum_used=false status=PASS
sample_index=28 cpu_pipeline_ms=1934.73 gpu_pipeline_ms=244.967 cpu_resource_sampling_overhead_ms=0.267086 gpu_resource_sampling_overhead_ms=0.03263 semantic_gates=16/16 timing_direct=true resource_overhead_excluded=true step_sum_used=false status=PASS
sample_index=29 cpu_pipeline_ms=1926.46 gpu_pipeline_ms=244.204 cpu_resource_sampling_overhead_ms=0.247295 gpu_resource_sampling_overhead_ms=0.033351 semantic_gates=16/16 timing_direct=true resource_overhead_excluded=true step_sum_used=false status=PASS
sample_index=30 cpu_pipeline_ms=1893.13 gpu_pipeline_ms=244.521 cpu_resource_sampling_overhead_ms=0.224062 gpu_resource_sampling_overhead_ms=0.035872 semantic_gates=16/16 timing_direct=true resource_overhead_excluded=true step_sum_used=false status=PASS
sample_index=31 cpu_pipeline_ms=1907.16 gpu_pipeline_ms=251.416 cpu_resource_sampling_overhead_ms=0.225073 gpu_resource_sampling_overhead_ms=0.0326 semantic_gates=16/16 timing_direct=true resource_overhead_excluded=true step_sum_used=false status=PASS
sample_index=32 cpu_pipeline_ms=1911.89 gpu_pipeline_ms=246.53 cpu_resource_sampling_overhead_ms=0.230672 gpu_resource_sampling_overhead_ms=0.03363 semantic_gates=16/16 timing_direct=true resource_overhead_excluded=true step_sum_used=false status=PASS
sample_index=33 cpu_pipeline_ms=1859 gpu_pipeline_ms=246.23 cpu_resource_sampling_overhead_ms=0.265935 gpu_resource_sampling_overhead_ms=0.03506 semantic_gates=16/16 timing_direct=true resource_overhead_excluded=true step_sum_used=false status=PASS
sample_index=34 cpu_pipeline_ms=1904.14 gpu_pipeline_ms=244.763 cpu_resource_sampling_overhead_ms=0.216604 gpu_resource_sampling_overhead_ms=0.03402 semantic_gates=16/16 timing_direct=true resource_overhead_excluded=true step_sum_used=false status=PASS
sample_index=35 cpu_pipeline_ms=1885 gpu_pipeline_ms=244.902 cpu_resource_sampling_overhead_ms=0.234013 gpu_resource_sampling_overhead_ms=0.035451 semantic_gates=16/16 timing_direct=true resource_overhead_excluded=true step_sum_used=false status=PASS
sample_index=36 cpu_pipeline_ms=1929.46 gpu_pipeline_ms=243.784 cpu_resource_sampling_overhead_ms=0.223155 gpu_resource_sampling_overhead_ms=0.03386 semantic_gates=16/16 timing_direct=true resource_overhead_excluded=true step_sum_used=false status=PASS
sample_index=37 cpu_pipeline_ms=1909.19 gpu_pipeline_ms=244.775 cpu_resource_sampling_overhead_ms=0.269392 gpu_resource_sampling_overhead_ms=0.034181 semantic_gates=16/16 timing_direct=true resource_overhead_excluded=true step_sum_used=false status=PASS
sample_index=38 cpu_pipeline_ms=1819.4 gpu_pipeline_ms=244.338 cpu_resource_sampling_overhead_ms=0.248055 gpu_resource_sampling_overhead_ms=0.033831 semantic_gates=16/16 timing_direct=true resource_overhead_excluded=true step_sum_used=false status=PASS
sample_index=39 cpu_pipeline_ms=1961.42 gpu_pipeline_ms=244.163 cpu_resource_sampling_overhead_ms=0.242402 gpu_resource_sampling_overhead_ms=0.03395 semantic_gates=16/16 timing_direct=true resource_overhead_excluded=true step_sum_used=false status=PASS
sample_index=40 cpu_pipeline_ms=1902.53 gpu_pipeline_ms=244.523 cpu_resource_sampling_overhead_ms=0.246114 gpu_resource_sampling_overhead_ms=0.033791 semantic_gates=16/16 timing_direct=true resource_overhead_excluded=true step_sum_used=false status=PASS
sample_index=41 cpu_pipeline_ms=1876.61 gpu_pipeline_ms=244.711 cpu_resource_sampling_overhead_ms=0.228132 gpu_resource_sampling_overhead_ms=0.03723 semantic_gates=16/16 timing_direct=true resource_overhead_excluded=true step_sum_used=false status=PASS
sample_index=42 cpu_pipeline_ms=1956.9 gpu_pipeline_ms=243.955 cpu_resource_sampling_overhead_ms=0.262763 gpu_resource_sampling_overhead_ms=0.03411 semantic_gates=16/16 timing_direct=true resource_overhead_excluded=true step_sum_used=false status=PASS
sample_index=43 cpu_pipeline_ms=1904.37 gpu_pipeline_ms=244.405 cpu_resource_sampling_overhead_ms=0.231893 gpu_resource_sampling_overhead_ms=0.03425 semantic_gates=16/16 timing_direct=true resource_overhead_excluded=true step_sum_used=false status=PASS
sample_index=44 cpu_pipeline_ms=1940.66 gpu_pipeline_ms=246.149 cpu_resource_sampling_overhead_ms=0.222132 gpu_resource_sampling_overhead_ms=0.03483 semantic_gates=16/16 timing_direct=true resource_overhead_excluded=true step_sum_used=false status=PASS
sample_index=45 cpu_pipeline_ms=1883.76 gpu_pipeline_ms=245.66 cpu_resource_sampling_overhead_ms=0.233493 gpu_resource_sampling_overhead_ms=0.033932 semantic_gates=16/16 timing_direct=true resource_overhead_excluded=true step_sum_used=false status=PASS
sample_index=46 cpu_pipeline_ms=1902.13 gpu_pipeline_ms=244.629 cpu_resource_sampling_overhead_ms=0.224191 gpu_resource_sampling_overhead_ms=0.033749 semantic_gates=16/16 timing_direct=true resource_overhead_excluded=true step_sum_used=false status=PASS
sample_index=47 cpu_pipeline_ms=1907 gpu_pipeline_ms=244.868 cpu_resource_sampling_overhead_ms=0.229591 gpu_resource_sampling_overhead_ms=0.033209 semantic_gates=16/16 timing_direct=true resource_overhead_excluded=true step_sum_used=false status=PASS
sample_index=48 cpu_pipeline_ms=1954.33 gpu_pipeline_ms=244.539 cpu_resource_sampling_overhead_ms=0.228413 gpu_resource_sampling_overhead_ms=0.033699 semantic_gates=16/16 timing_direct=true resource_overhead_excluded=true step_sum_used=false status=PASS
sample_index=49 cpu_pipeline_ms=1923.9 gpu_pipeline_ms=244.539 cpu_resource_sampling_overhead_ms=0.218235 gpu_resource_sampling_overhead_ms=0.033389 semantic_gates=16/16 timing_direct=true resource_overhead_excluded=true step_sum_used=false status=PASS
sample_index=50 cpu_pipeline_ms=1916.6 gpu_pipeline_ms=245.767 cpu_resource_sampling_overhead_ms=0.243917 gpu_resource_sampling_overhead_ms=0.034019 semantic_gates=16/16 timing_direct=true resource_overhead_excluded=true step_sum_used=false status=PASS
sample_index=51 cpu_pipeline_ms=1912.15 gpu_pipeline_ms=246.359 cpu_resource_sampling_overhead_ms=0.225964 gpu_resource_sampling_overhead_ms=0.033517 semantic_gates=16/16 timing_direct=true resource_overhead_excluded=true step_sum_used=false status=PASS
sample_index=52 cpu_pipeline_ms=1918.85 gpu_pipeline_ms=244.581 cpu_resource_sampling_overhead_ms=0.234637 gpu_resource_sampling_overhead_ms=0.0338 semantic_gates=16/16 timing_direct=true resource_overhead_excluded=true step_sum_used=false status=PASS
sample_index=53 cpu_pipeline_ms=1852.76 gpu_pipeline_ms=245.407 cpu_resource_sampling_overhead_ms=0.249628 gpu_resource_sampling_overhead_ms=0.03335 semantic_gates=16/16 timing_direct=true resource_overhead_excluded=true step_sum_used=false status=PASS
sample_index=54 cpu_pipeline_ms=1907.13 gpu_pipeline_ms=244.847 cpu_resource_sampling_overhead_ms=0.22335 gpu_resource_sampling_overhead_ms=0.03363 semantic_gates=16/16 timing_direct=true resource_overhead_excluded=true step_sum_used=false status=PASS
sample_index=55 cpu_pipeline_ms=1911.92 gpu_pipeline_ms=244.509 cpu_resource_sampling_overhead_ms=0.227439 gpu_resource_sampling_overhead_ms=0.033489 semantic_gates=16/16 timing_direct=true resource_overhead_excluded=true step_sum_used=false status=PASS
sample_index=56 cpu_pipeline_ms=1926.23 gpu_pipeline_ms=244.998 cpu_resource_sampling_overhead_ms=0.230188 gpu_resource_sampling_overhead_ms=0.03345 semantic_gates=16/16 timing_direct=true resource_overhead_excluded=true step_sum_used=false status=PASS
sample_index=57 cpu_pipeline_ms=1902.1 gpu_pipeline_ms=245.172 cpu_resource_sampling_overhead_ms=0.213079 gpu_resource_sampling_overhead_ms=0.03354 semantic_gates=16/16 timing_direct=true resource_overhead_excluded=true step_sum_used=false status=PASS
sample_index=58 cpu_pipeline_ms=1872.94 gpu_pipeline_ms=244.72 cpu_resource_sampling_overhead_ms=0.22983 gpu_resource_sampling_overhead_ms=0.035159 semantic_gates=16/16 timing_direct=true resource_overhead_excluded=true step_sum_used=false status=PASS
sample_index=59 cpu_pipeline_ms=1896.87 gpu_pipeline_ms=246.18 cpu_resource_sampling_overhead_ms=0.24609 gpu_resource_sampling_overhead_ms=0.03351 semantic_gates=16/16 timing_direct=true resource_overhead_excluded=true step_sum_used=false status=PASS
sample_index=60 cpu_pipeline_ms=1968.56 gpu_pipeline_ms=245.387 cpu_resource_sampling_overhead_ms=0.2523 gpu_resource_sampling_overhead_ms=0.03508 semantic_gates=16/16 timing_direct=true resource_overhead_excluded=true step_sum_used=false status=PASS
sample_index=61 cpu_pipeline_ms=1896.34 gpu_pipeline_ms=245.758 cpu_resource_sampling_overhead_ms=0.23407 gpu_resource_sampling_overhead_ms=0.03301 semantic_gates=16/16 timing_direct=true resource_overhead_excluded=true step_sum_used=false status=PASS
sample_index=62 cpu_pipeline_ms=1921.13 gpu_pipeline_ms=245.006 cpu_resource_sampling_overhead_ms=0.2376 gpu_resource_sampling_overhead_ms=0.03406 semantic_gates=16/16 timing_direct=true resource_overhead_excluded=true step_sum_used=false status=PASS
sample_index=63 cpu_pipeline_ms=1914.48 gpu_pipeline_ms=245.315 cpu_resource_sampling_overhead_ms=0.20701 gpu_resource_sampling_overhead_ms=0.03321 semantic_gates=16/16 timing_direct=true resource_overhead_excluded=true step_sum_used=false status=PASS
sample_index=64 cpu_pipeline_ms=1918.37 gpu_pipeline_ms=246.68 cpu_resource_sampling_overhead_ms=0.224832 gpu_resource_sampling_overhead_ms=0.03356 semantic_gates=16/16 timing_direct=true resource_overhead_excluded=true step_sum_used=false status=PASS
sample_index=65 cpu_pipeline_ms=1873.9 gpu_pipeline_ms=245.442 cpu_resource_sampling_overhead_ms=0.239501 gpu_resource_sampling_overhead_ms=0.033571 semantic_gates=16/16 timing_direct=true resource_overhead_excluded=true step_sum_used=false status=PASS
sample_index=66 cpu_pipeline_ms=1935.23 gpu_pipeline_ms=246.201 cpu_resource_sampling_overhead_ms=0.231361 gpu_resource_sampling_overhead_ms=0.0342 semantic_gates=16/16 timing_direct=true resource_overhead_excluded=true step_sum_used=false status=PASS
sample_index=67 cpu_pipeline_ms=1805.71 gpu_pipeline_ms=244.866 cpu_resource_sampling_overhead_ms=0.23067 gpu_resource_sampling_overhead_ms=0.03425 semantic_gates=16/16 timing_direct=true resource_overhead_excluded=true step_sum_used=false status=PASS
sample_index=68 cpu_pipeline_ms=1886.03 gpu_pipeline_ms=244.058 cpu_resource_sampling_overhead_ms=0.233661 gpu_resource_sampling_overhead_ms=0.03319 semantic_gates=16/16 timing_direct=true resource_overhead_excluded=true step_sum_used=false status=PASS
sample_index=69 cpu_pipeline_ms=1863.49 gpu_pipeline_ms=244.529 cpu_resource_sampling_overhead_ms=0.256391 gpu_resource_sampling_overhead_ms=0.03408 semantic_gates=16/16 timing_direct=true resource_overhead_excluded=true step_sum_used=false status=PASS
sample_index=70 cpu_pipeline_ms=1886.11 gpu_pipeline_ms=244.736 cpu_resource_sampling_overhead_ms=0.22361 gpu_resource_sampling_overhead_ms=0.03401 semantic_gates=16/16 timing_direct=true resource_overhead_excluded=true step_sum_used=false status=PASS
sample_index=71 cpu_pipeline_ms=1911.16 gpu_pipeline_ms=244.346 cpu_resource_sampling_overhead_ms=0.24338 gpu_resource_sampling_overhead_ms=0.03363 semantic_gates=16/16 timing_direct=true resource_overhead_excluded=true step_sum_used=false status=PASS
sample_index=72 cpu_pipeline_ms=1909.38 gpu_pipeline_ms=244.599 cpu_resource_sampling_overhead_ms=0.223477 gpu_resource_sampling_overhead_ms=0.034191 semantic_gates=16/16 timing_direct=true resource_overhead_excluded=true step_sum_used=false status=PASS
sample_index=73 cpu_pipeline_ms=1927.26 gpu_pipeline_ms=245.431 cpu_resource_sampling_overhead_ms=0.210705 gpu_resource_sampling_overhead_ms=0.03349 semantic_gates=16/16 timing_direct=true resource_overhead_excluded=true step_sum_used=false status=PASS
sample_index=74 cpu_pipeline_ms=1953.23 gpu_pipeline_ms=244.635 cpu_resource_sampling_overhead_ms=0.221847 gpu_resource_sampling_overhead_ms=0.033722 semantic_gates=16/16 timing_direct=true resource_overhead_excluded=true step_sum_used=false status=PASS
sample_index=75 cpu_pipeline_ms=1906.38 gpu_pipeline_ms=244.851 cpu_resource_sampling_overhead_ms=0.231197 gpu_resource_sampling_overhead_ms=0.033841 semantic_gates=16/16 timing_direct=true resource_overhead_excluded=true step_sum_used=false status=PASS
sample_index=76 cpu_pipeline_ms=1874.61 gpu_pipeline_ms=244.708 cpu_resource_sampling_overhead_ms=0.232884 gpu_resource_sampling_overhead_ms=0.033681 semantic_gates=16/16 timing_direct=true resource_overhead_excluded=true step_sum_used=false status=PASS
sample_index=77 cpu_pipeline_ms=1907.49 gpu_pipeline_ms=245.595 cpu_resource_sampling_overhead_ms=0.217253 gpu_resource_sampling_overhead_ms=0.033352 semantic_gates=16/16 timing_direct=true resource_overhead_excluded=true step_sum_used=false status=PASS
sample_index=78 cpu_pipeline_ms=1922.81 gpu_pipeline_ms=249.876 cpu_resource_sampling_overhead_ms=0.237284 gpu_resource_sampling_overhead_ms=0.034361 semantic_gates=16/16 timing_direct=true resource_overhead_excluded=true step_sum_used=false status=PASS
sample_index=79 cpu_pipeline_ms=1933.87 gpu_pipeline_ms=244.892 cpu_resource_sampling_overhead_ms=0.260663 gpu_resource_sampling_overhead_ms=0.034131 semantic_gates=16/16 timing_direct=true resource_overhead_excluded=true step_sum_used=false status=PASS
sample_index=80 cpu_pipeline_ms=1876.13 gpu_pipeline_ms=245.002 cpu_resource_sampling_overhead_ms=0.201961 gpu_resource_sampling_overhead_ms=0.03389 semantic_gates=16/16 timing_direct=true resource_overhead_excluded=true step_sum_used=false status=PASS
sample_index=81 cpu_pipeline_ms=1894.06 gpu_pipeline_ms=244.751 cpu_resource_sampling_overhead_ms=0.223394 gpu_resource_sampling_overhead_ms=0.03359 semantic_gates=16/16 timing_direct=true resource_overhead_excluded=true step_sum_used=false status=PASS
sample_index=82 cpu_pipeline_ms=1858.89 gpu_pipeline_ms=244.563 cpu_resource_sampling_overhead_ms=0.239494 gpu_resource_sampling_overhead_ms=0.03487 semantic_gates=16/16 timing_direct=true resource_overhead_excluded=true step_sum_used=false status=PASS
sample_index=83 cpu_pipeline_ms=1918.66 gpu_pipeline_ms=244.3 cpu_resource_sampling_overhead_ms=0.235923 gpu_resource_sampling_overhead_ms=0.03272 semantic_gates=16/16 timing_direct=true resource_overhead_excluded=true step_sum_used=false status=PASS
sample_index=84 cpu_pipeline_ms=1924.85 gpu_pipeline_ms=244.225 cpu_resource_sampling_overhead_ms=0.250034 gpu_resource_sampling_overhead_ms=0.03285 semantic_gates=16/16 timing_direct=true resource_overhead_excluded=true step_sum_used=false status=PASS
sample_index=85 cpu_pipeline_ms=1829.63 gpu_pipeline_ms=250.605 cpu_resource_sampling_overhead_ms=0.325885 gpu_resource_sampling_overhead_ms=0.039872 semantic_gates=16/16 timing_direct=true resource_overhead_excluded=true step_sum_used=false status=PASS
sample_index=86 cpu_pipeline_ms=1920.55 gpu_pipeline_ms=246.184 cpu_resource_sampling_overhead_ms=0.234014 gpu_resource_sampling_overhead_ms=0.032571 semantic_gates=16/16 timing_direct=true resource_overhead_excluded=true step_sum_used=false status=PASS
sample_index=87 cpu_pipeline_ms=1897.05 gpu_pipeline_ms=244.272 cpu_resource_sampling_overhead_ms=0.230982 gpu_resource_sampling_overhead_ms=0.033321 semantic_gates=16/16 timing_direct=true resource_overhead_excluded=true step_sum_used=false status=PASS
sample_index=88 cpu_pipeline_ms=1883.47 gpu_pipeline_ms=259.398 cpu_resource_sampling_overhead_ms=0.247231 gpu_resource_sampling_overhead_ms=0.038511 semantic_gates=16/16 timing_direct=true resource_overhead_excluded=true step_sum_used=false status=PASS
sample_index=89 cpu_pipeline_ms=1952.44 gpu_pipeline_ms=245.402 cpu_resource_sampling_overhead_ms=0.243612 gpu_resource_sampling_overhead_ms=0.0342 semantic_gates=16/16 timing_direct=true resource_overhead_excluded=true step_sum_used=false status=PASS
sample_index=90 cpu_pipeline_ms=1935.01 gpu_pipeline_ms=246.653 cpu_resource_sampling_overhead_ms=0.272365 gpu_resource_sampling_overhead_ms=0.03417 semantic_gates=16/16 timing_direct=true resource_overhead_excluded=true step_sum_used=false status=PASS
sample_index=91 cpu_pipeline_ms=1911.37 gpu_pipeline_ms=245.151 cpu_resource_sampling_overhead_ms=0.228173 gpu_resource_sampling_overhead_ms=0.034811 semantic_gates=16/16 timing_direct=true resource_overhead_excluded=true step_sum_used=false status=PASS
sample_index=92 cpu_pipeline_ms=1917.6 gpu_pipeline_ms=244.916 cpu_resource_sampling_overhead_ms=0.247073 gpu_resource_sampling_overhead_ms=0.03468 semantic_gates=16/16 timing_direct=true resource_overhead_excluded=true step_sum_used=false status=PASS
sample_index=93 cpu_pipeline_ms=1905.49 gpu_pipeline_ms=244.528 cpu_resource_sampling_overhead_ms=0.262101 gpu_resource_sampling_overhead_ms=0.03416 semantic_gates=16/16 timing_direct=true resource_overhead_excluded=true step_sum_used=false status=PASS
sample_index=94 cpu_pipeline_ms=1873.19 gpu_pipeline_ms=245.155 cpu_resource_sampling_overhead_ms=0.324551 gpu_resource_sampling_overhead_ms=0.03353 semantic_gates=16/16 timing_direct=true resource_overhead_excluded=true step_sum_used=false status=PASS
sample_index=95 cpu_pipeline_ms=1883.46 gpu_pipeline_ms=244.871 cpu_resource_sampling_overhead_ms=0.259574 gpu_resource_sampling_overhead_ms=0.034721 semantic_gates=16/16 timing_direct=true resource_overhead_excluded=true step_sum_used=false status=PASS
sample_index=96 cpu_pipeline_ms=1952.83 gpu_pipeline_ms=244.632 cpu_resource_sampling_overhead_ms=0.230763 gpu_resource_sampling_overhead_ms=0.034231 semantic_gates=16/16 timing_direct=true resource_overhead_excluded=true step_sum_used=false status=PASS
sample_index=97 cpu_pipeline_ms=1899.93 gpu_pipeline_ms=244.137 cpu_resource_sampling_overhead_ms=0.247144 gpu_resource_sampling_overhead_ms=0.034299 semantic_gates=16/16 timing_direct=true resource_overhead_excluded=true step_sum_used=false status=PASS
sample_index=98 cpu_pipeline_ms=1886.27 gpu_pipeline_ms=244.091 cpu_resource_sampling_overhead_ms=0.247865 gpu_resource_sampling_overhead_ms=0.03358 semantic_gates=16/16 timing_direct=true resource_overhead_excluded=true step_sum_used=false status=PASS
sample_index=99 cpu_pipeline_ms=1970.7 gpu_pipeline_ms=243.815 cpu_resource_sampling_overhead_ms=0.245737 gpu_resource_sampling_overhead_ms=0.03253 semantic_gates=16/16 timing_direct=true resource_overhead_excluded=true step_sum_used=false status=PASS
function=Task2 frozen full six-step pipeline
call_chain=Step1->Step2;Step2+Step1->Step3;Step3 dual outputs->Step4;Step4->Step5;Step5+Step4+Kalman/delay->Step6
timing=pipeline_total measured directly;not=sum(step timings)
cpu_correlation_method=direct_parallel_exact workers=255
resource_sampling_mode=same_pipeline_execution
status=PASS return_code=0
