command=build_stage08_b03_hilbert_0b2008e7f76a/stage08_filtering_hilbert --dtype INT32 --rows 10 --cols 10 --axis 1 --seed 83130001 --warmup 20 --measured 100 --output /tmp/ZKX_dev/results/stage08_input_preview_b03_hilbert_5bf09d215ce4/formal/20260810T074218Z_5bf09d215ce4_stage08_b03_formal_99011007/hilbert_probe_raw.json
STAGE08_HILBERT_PROBE PASS dtype=INT32 shape=10x10 backend=fft_thrust
{"actual_input_digest": "45638d447e78dc1d8e3fcbf78659c8ba0b903712284f5447ff835fc02b3d25de", "backend": "fft_thrust", "case_id": "hilbert__hilbert_int32_10e2__45638d447e78dc1d", "compute_dtype": "FP32", "dtype_semantics": "actual_typed_array_input_fp32_fft_extension", "error_code": "OK", "fft_dtype": "ComplexFP32", "measured_runs": 100, "metrics": {"mse": 3.6000237320998766e-12, "relative_l2": 2.1039365371876424e-07, "relative_linf": 3.53613758657187e-07, "rmse": 1.8973728500481598e-06}, "operator_name": "hilbert", "output_dtype": "ComplexFP64", "requested_dtype": "INT32", "run_id": "20260810T074218Z_5bf09d215ce4_stage08_b03_formal_99011007", "scale_id": "hilbert_int32_10e2", "schema_version": 1, "status": "PASS", "typed_input_count": 1, "typed_input_names": "x", "warmup_runs": 20}
[stage08] identity and status
+---------+--------------------+--------+------------+-------+--------+----------+--------------------------+--------+------------+
| target  | scale_id           | device | backend    | dtype | warmup | measured | timing_scope             | status | error_code |
+---------+--------------------+--------+------------+-------+--------+----------+--------------------------+--------+------------+
| hilbert | hilbert_int32_10e2 | CPU    | fft_thrust | INT32 | 20     | 100      | compatibility/end-to-end | PASS   | OK         |
| hilbert | hilbert_int32_10e2 | GPU    | fft_thrust | INT32 | 20     | 100      | compatibility/end-to-end | PASS   | OK         |
+---------+--------------------+--------+------------+-------+--------+----------+--------------------------+--------+------------+

[stage08] timing detail
+--------+-------------+---------------------+-----------+---------------------+---------------------+-----------+-----------------------+-----------------------+-----------------------+
| device | mean_ms     | p50_ms              | p95_ms    | p99_ms              | min_ms              | max_ms    | std_ms                | cv                    | speedup               |
+--------+-------------+---------------------+-----------+---------------------+---------------------+-----------+-----------------------+-----------------------+-----------------------+
| CPU    | 0.10303592  | 0.10279099999999999 | 0.1030625 | 0.11162680000000001 | 0.10268099999999999 | 0.114181  | 0.0014392983268245684 | 0.013968898679456332  | NA                    |
| GPU    | 11.91981874 | 11.897451999999999  | 12.08394  | 12.137794400000001  | 11.787376           | 12.163079 | 0.079528451439798586  | 0.0066719514092039448 | 0.0086440844653313913 |
+--------+-------------+---------------------+-----------+---------------------+---------------------+-----------+-----------------------+-----------------------+-----------------------+

[stage08] accuracy detail
+-----------------------------+------------------------+------------------------+------------------------+----------------------+-------------+----------------+------------------------------------------------------------------------------------+--------+
| accuracy_reference          | mse                    | rmse                   | relative_l2            | relative_linf        | exact_match | mismatch_count | semantic_check                                                                     | status |
+-----------------------------+------------------------+------------------------+------------------------+----------------------+-------------+----------------+------------------------------------------------------------------------------------+--------+
| cpu_typed_double_direct_dft | 3.6000237320998766e-12 | 1.8973728500481598e-06 | 2.1039365371876424e-07 | 3.53613758657187e-07 | NA          | NA             | finite_analytic_signal_shape_and_output_dtype_match_cpu:shape=[10, 10];finite=true | PASS   |
+-----------------------------+------------------------+------------------------+------------------------+----------------------+-------------+----------------+------------------------------------------------------------------------------------+--------+

[stage08] resource detail
+--------+------------+--------------+-------------+------------+-------------+
| device | metric     | before_bytes | after_bytes | peak_bytes | delta_bytes |
+--------+------------+--------------+-------------+------------+-------------+
| CPU    | cpu_heap   | 1955296      | 1958544     | 1959040    | 3248        |
| CPU    | rss        | 71106560     | 71106560    | 71106560   | 0           |
| GPU    | cpu_heap   | 1958544      | 1961728     | 1961728    | 3184        |
| GPU    | rss        | 71106560     | 71106560    | 71106560   | 0           |
| GPU    | gpu_memory | 341000192    | 341000192   | 341000192  | 0           |
+--------+------------+--------------+-------------+------------+-------------+

[stage08] input/output identity
+--------+------------------------------------------------------------------+------------------------------------------------------------------+
| device | input_digest                                                     | output_digest                                                    |
+--------+------------------------------------------------------------------+------------------------------------------------------------------+
| CPU    | 45638d447e78dc1d8e3fcbf78659c8ba0b903712284f5447ff835fc02b3d25de | f2de09d6049e27d8facfa93d92a8f5c6f0d66a599fb33f44ed4f7c6fbffd738a |
| GPU    | 45638d447e78dc1d8e3fcbf78659c8ba0b903712284f5447ff835fc02b3d25de | 5f5467aff4d290dfe295c5091b5dd41cc395590d11f49b24fad97537a176ebc7 |
+--------+------------------------------------------------------------------+------------------------------------------------------------------+

[stage08] input content
+------------+---------+-------+----------+---------------------------------------------+--------------------------------------------+
| input_name | shape   | dtype | elements | generator                                   | values(head4/tail2)                        |
+------------+---------+-------+----------+---------------------------------------------+--------------------------------------------+
| x          | [10x10] | INT32 | 100      | modular_signal(seed=83130001,integral=true) | i=0:9;i=1:3;i=2:-3;i=3:-9;i=98:-4;i=99:-10 |
+------------+---------+-------+----------+---------------------------------------------+--------------------------------------------+

[stage08] case parameters
+------------------------------------------------------------------------+
| parameters                                                             |
+------------------------------------------------------------------------+
| {"axis":"1","cols":"10","dtype":"INT32","rows":"10","seed":"83130001"} |
+------------------------------------------------------------------------+

[stage08] dtype evidence
+-----------------+--------------------+--------------+------------------------------------------------------------------+--------+
| requested_dtype | config_input_dtype | output_dtype | actual_input_digest                                              | status |
+-----------------+--------------------+--------------+------------------------------------------------------------------+--------+
| INT32           | NA                 | ComplexFP64  | 45638d447e78dc1d8e3fcbf78659c8ba0b903712284f5447ff835fc02b3d25de | PASS   |
+-----------------+--------------------+--------------+------------------------------------------------------------------+--------+

[stage08] evidence files
+----------------+-----------------------------------------------------------------------------------------------------------------------------------------------------------------------------------------------------------------------------------------------+
| kind           | path                                                                                                                                                                                                                                          |
+----------------+-----------------------------------------------------------------------------------------------------------------------------------------------------------------------------------------------------------------------------------------------+
| probe_raw_json | /tmp/ZKX_dev/results/stage08_input_preview_b03_hilbert_5bf09d215ce4/formal/20260810T074218Z_5bf09d215ce4_stage08_b03_formal_99011007/hilbert_probe_raw.json                                                                                   |
| dtype_csv      | /tmp/ZKX_dev/results/stage08_input_preview_b03_hilbert_5bf09d215ce4/formal/20260810T074218Z_5bf09d215ce4_stage08_b03_formal_99011007/operator_dtype_evidence_hilbert_fft_thrust_20260810T074218Z_5bf09d215ce4_stage08_b03_formal_99011007.csv |
| memory_csv     | /tmp/ZKX_dev/results/stage08_input_preview_b03_hilbert_5bf09d215ce4/formal/20260810T074218Z_5bf09d215ce4_stage08_b03_formal_99011007/operator_filtering_hilbert_memory_trace_fft_thrust.csv                                                   |
| full_log       | /tmp/ZKX_dev/results/stage08_input_preview_b03_hilbert_5bf09d215ce4/formal/20260810T074218Z_5bf09d215ce4_stage08_b03_formal_99011007/operator_hilbert_full.log                                                                                |
| report_json    | /tmp/ZKX_dev/results/stage08_input_preview_b03_hilbert_5bf09d215ce4/formal/20260810T074218Z_5bf09d215ce4_stage08_b03_formal_99011007/operator_hilbert_report.json                                                                             |
| summary_txt    | /tmp/ZKX_dev/results/stage08_input_preview_b03_hilbert_5bf09d215ce4/formal/20260810T074218Z_5bf09d215ce4_stage08_b03_formal_99011007/operator_hilbert_summary.txt                                                                             |
| main_csv       | /tmp/ZKX_dev/results/stage08_input_preview_b03_hilbert_5bf09d215ce4/formal/20260810T074218Z_5bf09d215ce4_stage08_b03_formal_99011007/operator_main_results_hilbert_fft_thrust_20260810T074218Z_5bf09d215ce4_stage08_b03_formal_99011007.csv   |
| timing_csv     | /tmp/ZKX_dev/results/stage08_input_preview_b03_hilbert_5bf09d215ce4/formal/20260810T074218Z_5bf09d215ce4_stage08_b03_formal_99011007/operator_timing_samples_hilbert_fft_thrust_20260810T074218Z_5bf09d215ce4_stage08_b03_formal_99011007.csv |
+----------------+-----------------------------------------------------------------------------------------------------------------------------------------------------------------------------------------------------------------------------------------------+
