command=build_stage08_b03_hilbert2_0b2008e7f76a/stage08_filtering_hilbert2 --dtype FP32 --rows 10 --cols 10 --seed 83210001 --warmup 20 --measured 100 --output /tmp/ZKX_dev/results/stage08_table_rerun_hilbert2_47ebe13410d3/formal/20260810T032605Z_47ebe13410d3_stage08_b03_formal_88320000/hilbert2_probe_raw.json
STAGE08_HILBERT2_PROBE PASS dtype=FP32 shape=10x10 backend=fft_thrust
{"actual_input_digest": "ccf7eacb1dac767e72b62f6f88088c8845c58991ef87d59f96811d3798e0c06f", "backend": "fft_thrust", "case_id": "hilbert2__hilbert2_fp32_10e2__ccf7eacb1dac767e", "compute_dtype": "FP32", "dtype_semantics": "actual_typed_array_input_fp32_fft2d_extension", "error_code": "OK", "fft_dtype": "ComplexFP32", "measured_runs": 100, "metrics": {"mse": 5.108699766586461e-13, "relative_l2": 3.339640992700478e-07, "relative_linf": 3.130426367850444e-07, "rmse": 7.147516888113284e-07}, "operator_name": "hilbert2", "output_dtype": "ComplexFP32", "requested_dtype": "FP32", "run_id": "20260810T032605Z_47ebe13410d3_stage08_b03_formal_88320000", "scale_id": "hilbert2_fp32_10e2", "schema_version": 1, "status": "PASS", "typed_input_count": 1, "typed_input_names": "x", "warmup_runs": 20}
[stage08] identity and status
+----------+--------------------+--------+------------+-------+--------+----------+--------------------------+--------+------------+
| target   | scale_id           | device | backend    | dtype | warmup | measured | timing_scope             | status | error_code |
+----------+--------------------+--------+------------+-------+--------+----------+--------------------------+--------+------------+
| hilbert2 | hilbert2_fp32_10e2 | CPU    | fft_thrust | FP32  | 20     | 100      | compatibility/end-to-end | PASS   | OK         |
| hilbert2 | hilbert2_fp32_10e2 | GPU    | fft_thrust | FP32  | 20     | 100      | compatibility/end-to-end | PASS   | OK         |
+----------+--------------------+--------+------------+-------+--------+----------+--------------------------+--------+------------+

[stage08] timing detail
+--------+---------------------+---------------------+-------------+---------------------+---------------------+---------------------+-----------------------+-----------------------+----------------------+
| device | mean_ms             | p50_ms              | p95_ms      | p99_ms              | min_ms              | max_ms              | std_ms                | cv                    | speedup              |
+--------+---------------------+---------------------+-------------+---------------------+---------------------+---------------------+-----------------------+-----------------------+----------------------+
| CPU    | 0.79679922999999997 | 0.79390700000000003 | 0.8089035   | 0.82057401000000019 | 0.79138600000000003 | 0.86086799999999997 | 0.0083365776141711735 | 0.010462582417620025  | NA                   |
| GPU    | 23.276755770000001  | 23.261226499999999  | 23.45128905 | 23.721040400000003  | 23.065534           | 23.856611000000001  | 0.12210374828479718   | 0.0052457373996323536 | 0.034231541451620426 |
+--------+---------------------+---------------------+-------------+---------------------+---------------------+---------------------+-----------------------+-----------------------+----------------------+

[stage08] accuracy detail
+-------------------------------+------------------------+------------------------+------------------------+------------------------+-------------+----------------+-------------------------------------------------------------------------------------------------------+--------+
| accuracy_reference            | mse                    | rmse                   | relative_l2            | relative_linf          | exact_match | mismatch_count | semantic_check                                                                                        | status |
+-------------------------------+------------------------+------------------------+------------------------+------------------------+-------------+----------------+-------------------------------------------------------------------------------------------------------+--------+
| cpu_typed_double_direct_dft2d | 5.1086997665864607e-13 | 7.1475168881132839e-07 | 3.3396409927004782e-07 | 3.1304263678504441e-07 | NA          | NA             | finite_analytic_signal_shape_and_output_dtype_match_cpu:shape=[10, 10];fft_shape=[10, 10];finite=true | PASS   |
+-------------------------------+------------------------+------------------------+------------------------+------------------------+-------------+----------------+-------------------------------------------------------------------------------------------------------+--------+

[stage08] resource detail
+--------+------------+--------------+-------------+------------+-------------+
| device | metric     | before_bytes | after_bytes | peak_bytes | delta_bytes |
+--------+------------+--------------+-------------+------------+-------------+
| CPU    | cpu_heap   | 1935616      | 1941792     | 1941792    | 6176        |
| CPU    | rss        | 71155712     | 71155712    | 71155712   | 0           |
| GPU    | cpu_heap   | 1941792      | 1947984     | 1947984    | 6192        |
| GPU    | rss        | 71155712     | 71155712    | 71155712   | 0           |
| GPU    | gpu_memory | 341000192    | 341000192   | 341000192  | 0           |
+--------+------------+--------------+-------------+------------+-------------+

[stage08] input/output identity
+--------+------------------------------------------------------------------+------------------------------------------------------------------+
| device | input_digest                                                     | output_digest                                                    |
+--------+------------------------------------------------------------------+------------------------------------------------------------------+
| CPU    | ccf7eacb1dac767e72b62f6f88088c8845c58991ef87d59f96811d3798e0c06f | c2b7bb83f18bb5f274b01029967da72beb26f52530cd5f168232023a4e44c7d6 |
| GPU    | ccf7eacb1dac767e72b62f6f88088c8845c58991ef87d59f96811d3798e0c06f | d5609257f7a8b26bb921a6bff552b8d8e54452dee07562e61a80f4387f35d68d |
+--------+------------------------------------------------------------------+------------------------------------------------------------------+

[stage08] dtype evidence
+-----------------+--------------------+--------------+------------------------------------------------------------------+--------+
| requested_dtype | config_input_dtype | output_dtype | actual_input_digest                                              | status |
+-----------------+--------------------+--------------+------------------------------------------------------------------+--------+
| FP32            | NA                 | ComplexFP32  | ccf7eacb1dac767e72b62f6f88088c8845c58991ef87d59f96811d3798e0c06f | PASS   |
+-----------------+--------------------+--------------+------------------------------------------------------------------+--------+

[stage08] evidence files
+----------------+-------------------------------------------------------------------------------------------------------------------------------------------------------------------------------------------------------------------------------------------+
| kind           | path                                                                                                                                                                                                                                      |
+----------------+-------------------------------------------------------------------------------------------------------------------------------------------------------------------------------------------------------------------------------------------+
| probe_raw_json | /tmp/ZKX_dev/results/stage08_table_rerun_hilbert2_47ebe13410d3/formal/20260810T032605Z_47ebe13410d3_stage08_b03_formal_88320000/hilbert2_probe_raw.json                                                                                   |
| dtype_csv      | /tmp/ZKX_dev/results/stage08_table_rerun_hilbert2_47ebe13410d3/formal/20260810T032605Z_47ebe13410d3_stage08_b03_formal_88320000/operator_dtype_evidence_hilbert2_fft_thrust_20260810T032605Z_47ebe13410d3_stage08_b03_formal_88320000.csv |
| memory_csv     | /tmp/ZKX_dev/results/stage08_table_rerun_hilbert2_47ebe13410d3/formal/20260810T032605Z_47ebe13410d3_stage08_b03_formal_88320000/operator_filtering_hilbert2_memory_trace_fft_thrust.csv                                                   |
| full_log       | /tmp/ZKX_dev/results/stage08_table_rerun_hilbert2_47ebe13410d3/formal/20260810T032605Z_47ebe13410d3_stage08_b03_formal_88320000/operator_hilbert2_full.log                                                                                |
| report_json    | /tmp/ZKX_dev/results/stage08_table_rerun_hilbert2_47ebe13410d3/formal/20260810T032605Z_47ebe13410d3_stage08_b03_formal_88320000/operator_hilbert2_report.json                                                                             |
| summary_txt    | /tmp/ZKX_dev/results/stage08_table_rerun_hilbert2_47ebe13410d3/formal/20260810T032605Z_47ebe13410d3_stage08_b03_formal_88320000/operator_hilbert2_summary.txt                                                                             |
| main_csv       | /tmp/ZKX_dev/results/stage08_table_rerun_hilbert2_47ebe13410d3/formal/20260810T032605Z_47ebe13410d3_stage08_b03_formal_88320000/operator_main_results_hilbert2_fft_thrust_20260810T032605Z_47ebe13410d3_stage08_b03_formal_88320000.csv   |
| timing_csv     | /tmp/ZKX_dev/results/stage08_table_rerun_hilbert2_47ebe13410d3/formal/20260810T032605Z_47ebe13410d3_stage08_b03_formal_88320000/operator_timing_samples_hilbert2_fft_thrust_20260810T032605Z_47ebe13410d3_stage08_b03_formal_88320000.csv |
+----------------+-------------------------------------------------------------------------------------------------------------------------------------------------------------------------------------------------------------------------------------------+
