sample_index=0 cpu_pipeline_ms=320.068 gpu_pipeline_ms=30.3172 cpu_resource_sampling_overhead_ms=0.267352 gpu_resource_sampling_overhead_ms=0.0323 semantic_gates=16/16 timing_direct=true resource_overhead_excluded=true step_sum_used=false status=PASS
sample_index=1 cpu_pipeline_ms=320.9 gpu_pipeline_ms=28.5555 cpu_resource_sampling_overhead_ms=0.173092 gpu_resource_sampling_overhead_ms=0.03139 semantic_gates=16/16 timing_direct=true resource_overhead_excluded=true step_sum_used=false status=PASS
sample_index=2 cpu_pipeline_ms=313.919 gpu_pipeline_ms=28.5954 cpu_resource_sampling_overhead_ms=0.177412 gpu_resource_sampling_overhead_ms=0.03065 semantic_gates=16/16 timing_direct=true resource_overhead_excluded=true step_sum_used=false status=PASS
sample_index=3 cpu_pipeline_ms=313.1 gpu_pipeline_ms=29.4677 cpu_resource_sampling_overhead_ms=0.161222 gpu_resource_sampling_overhead_ms=0.03082 semantic_gates=16/16 timing_direct=true resource_overhead_excluded=true step_sum_used=false status=PASS
sample_index=4 cpu_pipeline_ms=321.246 gpu_pipeline_ms=29.9991 cpu_resource_sampling_overhead_ms=0.205231 gpu_resource_sampling_overhead_ms=0.03242 semantic_gates=16/16 timing_direct=true resource_overhead_excluded=true step_sum_used=false status=PASS
sample_index=5 cpu_pipeline_ms=315.583 gpu_pipeline_ms=29.56 cpu_resource_sampling_overhead_ms=0.211473 gpu_resource_sampling_overhead_ms=0.03187 semantic_gates=16/16 timing_direct=true resource_overhead_excluded=true step_sum_used=false status=PASS
sample_index=6 cpu_pipeline_ms=320.347 gpu_pipeline_ms=32.6958 cpu_resource_sampling_overhead_ms=0.17029 gpu_resource_sampling_overhead_ms=0.035201 semantic_gates=16/16 timing_direct=true resource_overhead_excluded=true step_sum_used=false status=PASS
sample_index=7 cpu_pipeline_ms=310.858 gpu_pipeline_ms=29.7549 cpu_resource_sampling_overhead_ms=0.197251 gpu_resource_sampling_overhead_ms=0.03235 semantic_gates=16/16 timing_direct=true resource_overhead_excluded=true step_sum_used=false status=PASS
sample_index=8 cpu_pipeline_ms=310.008 gpu_pipeline_ms=30.5184 cpu_resource_sampling_overhead_ms=0.225412 gpu_resource_sampling_overhead_ms=0.033 semantic_gates=16/16 timing_direct=true resource_overhead_excluded=true step_sum_used=false status=PASS
sample_index=9 cpu_pipeline_ms=321.806 gpu_pipeline_ms=35.3578 cpu_resource_sampling_overhead_ms=0.201302 gpu_resource_sampling_overhead_ms=0.038563 semantic_gates=16/16 timing_direct=true resource_overhead_excluded=true step_sum_used=false status=PASS
sample_index=10 cpu_pipeline_ms=312.977 gpu_pipeline_ms=32.1679 cpu_resource_sampling_overhead_ms=0.170732 gpu_resource_sampling_overhead_ms=0.0376 semantic_gates=16/16 timing_direct=true resource_overhead_excluded=true step_sum_used=false status=PASS
sample_index=11 cpu_pipeline_ms=317.767 gpu_pipeline_ms=32.1562 cpu_resource_sampling_overhead_ms=0.216741 gpu_resource_sampling_overhead_ms=0.03836 semantic_gates=16/16 timing_direct=true resource_overhead_excluded=true step_sum_used=false status=PASS
sample_index=12 cpu_pipeline_ms=314.404 gpu_pipeline_ms=31.6761 cpu_resource_sampling_overhead_ms=0.161504 gpu_resource_sampling_overhead_ms=0.037531 semantic_gates=16/16 timing_direct=true resource_overhead_excluded=true step_sum_used=false status=PASS
sample_index=13 cpu_pipeline_ms=327.078 gpu_pipeline_ms=34.8898 cpu_resource_sampling_overhead_ms=0.202462 gpu_resource_sampling_overhead_ms=0.038361 semantic_gates=16/16 timing_direct=true resource_overhead_excluded=true step_sum_used=false status=PASS
sample_index=14 cpu_pipeline_ms=319.027 gpu_pipeline_ms=33.8032 cpu_resource_sampling_overhead_ms=0.173482 gpu_resource_sampling_overhead_ms=0.03833 semantic_gates=16/16 timing_direct=true resource_overhead_excluded=true step_sum_used=false status=PASS
sample_index=15 cpu_pipeline_ms=322.325 gpu_pipeline_ms=30.5505 cpu_resource_sampling_overhead_ms=0.198942 gpu_resource_sampling_overhead_ms=0.032292 semantic_gates=16/16 timing_direct=true resource_overhead_excluded=true step_sum_used=false status=PASS
sample_index=16 cpu_pipeline_ms=318.019 gpu_pipeline_ms=35.4367 cpu_resource_sampling_overhead_ms=0.247102 gpu_resource_sampling_overhead_ms=0.03787 semantic_gates=16/16 timing_direct=true resource_overhead_excluded=true step_sum_used=false status=PASS
sample_index=17 cpu_pipeline_ms=315.413 gpu_pipeline_ms=34.7405 cpu_resource_sampling_overhead_ms=0.170763 gpu_resource_sampling_overhead_ms=0.03791 semantic_gates=16/16 timing_direct=true resource_overhead_excluded=true step_sum_used=false status=PASS
sample_index=18 cpu_pipeline_ms=317.803 gpu_pipeline_ms=30.7403 cpu_resource_sampling_overhead_ms=0.213814 gpu_resource_sampling_overhead_ms=0.032391 semantic_gates=16/16 timing_direct=true resource_overhead_excluded=true step_sum_used=false status=PASS
sample_index=19 cpu_pipeline_ms=316.515 gpu_pipeline_ms=35.1321 cpu_resource_sampling_overhead_ms=0.198122 gpu_resource_sampling_overhead_ms=0.037733 semantic_gates=16/16 timing_direct=true resource_overhead_excluded=true step_sum_used=false status=PASS
sample_index=20 cpu_pipeline_ms=317.842 gpu_pipeline_ms=30.4393 cpu_resource_sampling_overhead_ms=0.188722 gpu_resource_sampling_overhead_ms=0.0373 semantic_gates=16/16 timing_direct=true resource_overhead_excluded=true step_sum_used=false status=PASS
sample_index=21 cpu_pipeline_ms=329.042 gpu_pipeline_ms=33.807 cpu_resource_sampling_overhead_ms=0.179212 gpu_resource_sampling_overhead_ms=0.03743 semantic_gates=16/16 timing_direct=true resource_overhead_excluded=true step_sum_used=false status=PASS
sample_index=22 cpu_pipeline_ms=322.717 gpu_pipeline_ms=31.6852 cpu_resource_sampling_overhead_ms=0.185632 gpu_resource_sampling_overhead_ms=0.03755 semantic_gates=16/16 timing_direct=true resource_overhead_excluded=true step_sum_used=false status=PASS
sample_index=23 cpu_pipeline_ms=320.091 gpu_pipeline_ms=31.5687 cpu_resource_sampling_overhead_ms=0.165211 gpu_resource_sampling_overhead_ms=0.03726 semantic_gates=16/16 timing_direct=true resource_overhead_excluded=true step_sum_used=false status=PASS
sample_index=24 cpu_pipeline_ms=315.783 gpu_pipeline_ms=33.3113 cpu_resource_sampling_overhead_ms=0.177871 gpu_resource_sampling_overhead_ms=0.03764 semantic_gates=16/16 timing_direct=true resource_overhead_excluded=true step_sum_used=false status=PASS
sample_index=25 cpu_pipeline_ms=315.94 gpu_pipeline_ms=34.3142 cpu_resource_sampling_overhead_ms=0.183852 gpu_resource_sampling_overhead_ms=0.037171 semantic_gates=16/16 timing_direct=true resource_overhead_excluded=true step_sum_used=false status=PASS
sample_index=26 cpu_pipeline_ms=316.075 gpu_pipeline_ms=33.8047 cpu_resource_sampling_overhead_ms=0.186113 gpu_resource_sampling_overhead_ms=0.03685 semantic_gates=16/16 timing_direct=true resource_overhead_excluded=true step_sum_used=false status=PASS
sample_index=27 cpu_pipeline_ms=316.254 gpu_pipeline_ms=34.0522 cpu_resource_sampling_overhead_ms=0.197562 gpu_resource_sampling_overhead_ms=0.03757 semantic_gates=16/16 timing_direct=true resource_overhead_excluded=true step_sum_used=false status=PASS
sample_index=28 cpu_pipeline_ms=319.605 gpu_pipeline_ms=28.8205 cpu_resource_sampling_overhead_ms=0.226362 gpu_resource_sampling_overhead_ms=0.03127 semantic_gates=16/16 timing_direct=true resource_overhead_excluded=true step_sum_used=false status=PASS
sample_index=29 cpu_pipeline_ms=316.224 gpu_pipeline_ms=32.5594 cpu_resource_sampling_overhead_ms=0.184741 gpu_resource_sampling_overhead_ms=0.03719 semantic_gates=16/16 timing_direct=true resource_overhead_excluded=true step_sum_used=false status=PASS
sample_index=30 cpu_pipeline_ms=315.344 gpu_pipeline_ms=34.1607 cpu_resource_sampling_overhead_ms=0.168673 gpu_resource_sampling_overhead_ms=0.03774 semantic_gates=16/16 timing_direct=true resource_overhead_excluded=true step_sum_used=false status=PASS
sample_index=31 cpu_pipeline_ms=329.96 gpu_pipeline_ms=30.6886 cpu_resource_sampling_overhead_ms=0.247802 gpu_resource_sampling_overhead_ms=0.032011 semantic_gates=16/16 timing_direct=true resource_overhead_excluded=true step_sum_used=false status=PASS
sample_index=32 cpu_pipeline_ms=318.329 gpu_pipeline_ms=29.2826 cpu_resource_sampling_overhead_ms=0.184292 gpu_resource_sampling_overhead_ms=0.03173 semantic_gates=16/16 timing_direct=true resource_overhead_excluded=true step_sum_used=false status=PASS
sample_index=33 cpu_pipeline_ms=374.119 gpu_pipeline_ms=32.1455 cpu_resource_sampling_overhead_ms=0.219403 gpu_resource_sampling_overhead_ms=0.03719 semantic_gates=16/16 timing_direct=true resource_overhead_excluded=true step_sum_used=false status=PASS
sample_index=34 cpu_pipeline_ms=320.669 gpu_pipeline_ms=31.2512 cpu_resource_sampling_overhead_ms=0.176272 gpu_resource_sampling_overhead_ms=0.0371 semantic_gates=16/16 timing_direct=true resource_overhead_excluded=true step_sum_used=false status=PASS
sample_index=35 cpu_pipeline_ms=315.782 gpu_pipeline_ms=28.8109 cpu_resource_sampling_overhead_ms=0.205012 gpu_resource_sampling_overhead_ms=0.03164 semantic_gates=16/16 timing_direct=true resource_overhead_excluded=true step_sum_used=false status=PASS
sample_index=36 cpu_pipeline_ms=317.231 gpu_pipeline_ms=31.3624 cpu_resource_sampling_overhead_ms=0.196121 gpu_resource_sampling_overhead_ms=0.03812 semantic_gates=16/16 timing_direct=true resource_overhead_excluded=true step_sum_used=false status=PASS
sample_index=37 cpu_pipeline_ms=308.218 gpu_pipeline_ms=33.3883 cpu_resource_sampling_overhead_ms=0.162041 gpu_resource_sampling_overhead_ms=0.0374 semantic_gates=16/16 timing_direct=true resource_overhead_excluded=true step_sum_used=false status=PASS
sample_index=38 cpu_pipeline_ms=314.908 gpu_pipeline_ms=32.1497 cpu_resource_sampling_overhead_ms=0.17557 gpu_resource_sampling_overhead_ms=0.03804 semantic_gates=16/16 timing_direct=true resource_overhead_excluded=true step_sum_used=false status=PASS
sample_index=39 cpu_pipeline_ms=312.847 gpu_pipeline_ms=32.8945 cpu_resource_sampling_overhead_ms=0.165211 gpu_resource_sampling_overhead_ms=0.04926 semantic_gates=16/16 timing_direct=true resource_overhead_excluded=true step_sum_used=false status=PASS
sample_index=40 cpu_pipeline_ms=323.477 gpu_pipeline_ms=31.2048 cpu_resource_sampling_overhead_ms=0.171112 gpu_resource_sampling_overhead_ms=0.03777 semantic_gates=16/16 timing_direct=true resource_overhead_excluded=true step_sum_used=false status=PASS
sample_index=41 cpu_pipeline_ms=318.68 gpu_pipeline_ms=30.2762 cpu_resource_sampling_overhead_ms=0.180803 gpu_resource_sampling_overhead_ms=0.038631 semantic_gates=16/16 timing_direct=true resource_overhead_excluded=true step_sum_used=false status=PASS
sample_index=42 cpu_pipeline_ms=316.336 gpu_pipeline_ms=30.5232 cpu_resource_sampling_overhead_ms=0.190291 gpu_resource_sampling_overhead_ms=0.035591 semantic_gates=16/16 timing_direct=true resource_overhead_excluded=true step_sum_used=false status=PASS
sample_index=43 cpu_pipeline_ms=318.556 gpu_pipeline_ms=30.3037 cpu_resource_sampling_overhead_ms=0.180901 gpu_resource_sampling_overhead_ms=0.03856 semantic_gates=16/16 timing_direct=true resource_overhead_excluded=true step_sum_used=false status=PASS
sample_index=44 cpu_pipeline_ms=315.398 gpu_pipeline_ms=31.0665 cpu_resource_sampling_overhead_ms=0.244194 gpu_resource_sampling_overhead_ms=0.03276 semantic_gates=16/16 timing_direct=true resource_overhead_excluded=true step_sum_used=false status=PASS
sample_index=45 cpu_pipeline_ms=319.434 gpu_pipeline_ms=32.7419 cpu_resource_sampling_overhead_ms=0.172632 gpu_resource_sampling_overhead_ms=0.03853 semantic_gates=16/16 timing_direct=true resource_overhead_excluded=true step_sum_used=false status=PASS
sample_index=46 cpu_pipeline_ms=317.882 gpu_pipeline_ms=30.7064 cpu_resource_sampling_overhead_ms=0.217372 gpu_resource_sampling_overhead_ms=0.03957 semantic_gates=16/16 timing_direct=true resource_overhead_excluded=true step_sum_used=false status=PASS
sample_index=47 cpu_pipeline_ms=317.177 gpu_pipeline_ms=29.4844 cpu_resource_sampling_overhead_ms=0.175443 gpu_resource_sampling_overhead_ms=0.03163 semantic_gates=16/16 timing_direct=true resource_overhead_excluded=true step_sum_used=false status=PASS
sample_index=48 cpu_pipeline_ms=326.885 gpu_pipeline_ms=29.8597 cpu_resource_sampling_overhead_ms=0.192421 gpu_resource_sampling_overhead_ms=0.03175 semantic_gates=16/16 timing_direct=true resource_overhead_excluded=true step_sum_used=false status=PASS
sample_index=49 cpu_pipeline_ms=314.761 gpu_pipeline_ms=29.2223 cpu_resource_sampling_overhead_ms=0.205154 gpu_resource_sampling_overhead_ms=0.031161 semantic_gates=16/16 timing_direct=true resource_overhead_excluded=true step_sum_used=false status=PASS
sample_index=50 cpu_pipeline_ms=312.734 gpu_pipeline_ms=29.8082 cpu_resource_sampling_overhead_ms=0.196781 gpu_resource_sampling_overhead_ms=0.031691 semantic_gates=16/16 timing_direct=true resource_overhead_excluded=true step_sum_used=false status=PASS
sample_index=51 cpu_pipeline_ms=316.757 gpu_pipeline_ms=28.6312 cpu_resource_sampling_overhead_ms=0.194562 gpu_resource_sampling_overhead_ms=0.031812 semantic_gates=16/16 timing_direct=true resource_overhead_excluded=true step_sum_used=false status=PASS
sample_index=52 cpu_pipeline_ms=318.98 gpu_pipeline_ms=28.7875 cpu_resource_sampling_overhead_ms=0.178372 gpu_resource_sampling_overhead_ms=0.032231 semantic_gates=16/16 timing_direct=true resource_overhead_excluded=true step_sum_used=false status=PASS
sample_index=53 cpu_pipeline_ms=316.003 gpu_pipeline_ms=29.2316 cpu_resource_sampling_overhead_ms=0.196342 gpu_resource_sampling_overhead_ms=0.03157 semantic_gates=16/16 timing_direct=true resource_overhead_excluded=true step_sum_used=false status=PASS
sample_index=54 cpu_pipeline_ms=315.982 gpu_pipeline_ms=29.8682 cpu_resource_sampling_overhead_ms=0.173261 gpu_resource_sampling_overhead_ms=0.03159 semantic_gates=16/16 timing_direct=true resource_overhead_excluded=true step_sum_used=false status=PASS
sample_index=55 cpu_pipeline_ms=318.444 gpu_pipeline_ms=29.9604 cpu_resource_sampling_overhead_ms=0.188941 gpu_resource_sampling_overhead_ms=0.031 semantic_gates=16/16 timing_direct=true resource_overhead_excluded=true step_sum_used=false status=PASS
sample_index=56 cpu_pipeline_ms=312.668 gpu_pipeline_ms=29.7808 cpu_resource_sampling_overhead_ms=0.172642 gpu_resource_sampling_overhead_ms=0.03191 semantic_gates=16/16 timing_direct=true resource_overhead_excluded=true step_sum_used=false status=PASS
sample_index=57 cpu_pipeline_ms=319.349 gpu_pipeline_ms=29.8833 cpu_resource_sampling_overhead_ms=0.193662 gpu_resource_sampling_overhead_ms=0.032031 semantic_gates=16/16 timing_direct=true resource_overhead_excluded=true step_sum_used=false status=PASS
sample_index=58 cpu_pipeline_ms=313.377 gpu_pipeline_ms=29.9228 cpu_resource_sampling_overhead_ms=0.191091 gpu_resource_sampling_overhead_ms=0.032001 semantic_gates=16/16 timing_direct=true resource_overhead_excluded=true step_sum_used=false status=PASS
sample_index=59 cpu_pipeline_ms=322.856 gpu_pipeline_ms=29.0934 cpu_resource_sampling_overhead_ms=0.209743 gpu_resource_sampling_overhead_ms=0.03085 semantic_gates=16/16 timing_direct=true resource_overhead_excluded=true step_sum_used=false status=PASS
sample_index=60 cpu_pipeline_ms=338.289 gpu_pipeline_ms=29.0914 cpu_resource_sampling_overhead_ms=0.182962 gpu_resource_sampling_overhead_ms=0.031721 semantic_gates=16/16 timing_direct=true resource_overhead_excluded=true step_sum_used=false status=PASS
sample_index=61 cpu_pipeline_ms=319.193 gpu_pipeline_ms=28.6783 cpu_resource_sampling_overhead_ms=0.185742 gpu_resource_sampling_overhead_ms=0.03155 semantic_gates=16/16 timing_direct=true resource_overhead_excluded=true step_sum_used=false status=PASS
sample_index=62 cpu_pipeline_ms=311.913 gpu_pipeline_ms=28.8718 cpu_resource_sampling_overhead_ms=0.186531 gpu_resource_sampling_overhead_ms=0.03224 semantic_gates=16/16 timing_direct=true resource_overhead_excluded=true step_sum_used=false status=PASS
sample_index=63 cpu_pipeline_ms=321.058 gpu_pipeline_ms=30.2441 cpu_resource_sampling_overhead_ms=0.226873 gpu_resource_sampling_overhead_ms=0.0307 semantic_gates=16/16 timing_direct=true resource_overhead_excluded=true step_sum_used=false status=PASS
sample_index=64 cpu_pipeline_ms=317.804 gpu_pipeline_ms=30.0473 cpu_resource_sampling_overhead_ms=0.165183 gpu_resource_sampling_overhead_ms=0.0312 semantic_gates=16/16 timing_direct=true resource_overhead_excluded=true step_sum_used=false status=PASS
sample_index=65 cpu_pipeline_ms=319.759 gpu_pipeline_ms=29.8599 cpu_resource_sampling_overhead_ms=0.213063 gpu_resource_sampling_overhead_ms=0.03111 semantic_gates=16/16 timing_direct=true resource_overhead_excluded=true step_sum_used=false status=PASS
sample_index=66 cpu_pipeline_ms=319.084 gpu_pipeline_ms=29.0462 cpu_resource_sampling_overhead_ms=0.17101 gpu_resource_sampling_overhead_ms=0.031421 semantic_gates=16/16 timing_direct=true resource_overhead_excluded=true step_sum_used=false status=PASS
sample_index=67 cpu_pipeline_ms=319.874 gpu_pipeline_ms=29.1905 cpu_resource_sampling_overhead_ms=0.222642 gpu_resource_sampling_overhead_ms=0.03061 semantic_gates=16/16 timing_direct=true resource_overhead_excluded=true step_sum_used=false status=PASS
sample_index=68 cpu_pipeline_ms=322.465 gpu_pipeline_ms=29.9895 cpu_resource_sampling_overhead_ms=0.202112 gpu_resource_sampling_overhead_ms=0.03116 semantic_gates=16/16 timing_direct=true resource_overhead_excluded=true step_sum_used=false status=PASS
sample_index=69 cpu_pipeline_ms=330.325 gpu_pipeline_ms=29.8308 cpu_resource_sampling_overhead_ms=0.162052 gpu_resource_sampling_overhead_ms=0.03135 semantic_gates=16/16 timing_direct=true resource_overhead_excluded=true step_sum_used=false status=PASS
sample_index=70 cpu_pipeline_ms=315.992 gpu_pipeline_ms=28.8095 cpu_resource_sampling_overhead_ms=0.187962 gpu_resource_sampling_overhead_ms=0.03022 semantic_gates=16/16 timing_direct=true resource_overhead_excluded=true step_sum_used=false status=PASS
sample_index=71 cpu_pipeline_ms=313.8 gpu_pipeline_ms=31.0268 cpu_resource_sampling_overhead_ms=0.224362 gpu_resource_sampling_overhead_ms=0.03416 semantic_gates=16/16 timing_direct=true resource_overhead_excluded=true step_sum_used=false status=PASS
sample_index=72 cpu_pipeline_ms=318.168 gpu_pipeline_ms=29.0272 cpu_resource_sampling_overhead_ms=0.179533 gpu_resource_sampling_overhead_ms=0.031272 semantic_gates=16/16 timing_direct=true resource_overhead_excluded=true step_sum_used=false status=PASS
sample_index=73 cpu_pipeline_ms=317.038 gpu_pipeline_ms=30.5044 cpu_resource_sampling_overhead_ms=0.194012 gpu_resource_sampling_overhead_ms=0.03113 semantic_gates=16/16 timing_direct=true resource_overhead_excluded=true step_sum_used=false status=PASS
sample_index=74 cpu_pipeline_ms=316.135 gpu_pipeline_ms=28.8208 cpu_resource_sampling_overhead_ms=0.163662 gpu_resource_sampling_overhead_ms=0.031101 semantic_gates=16/16 timing_direct=true resource_overhead_excluded=true step_sum_used=false status=PASS
sample_index=75 cpu_pipeline_ms=320.29 gpu_pipeline_ms=30.0628 cpu_resource_sampling_overhead_ms=0.210371 gpu_resource_sampling_overhead_ms=0.03126 semantic_gates=16/16 timing_direct=true resource_overhead_excluded=true step_sum_used=false status=PASS
sample_index=76 cpu_pipeline_ms=314.833 gpu_pipeline_ms=29.789 cpu_resource_sampling_overhead_ms=0.187841 gpu_resource_sampling_overhead_ms=0.03142 semantic_gates=16/16 timing_direct=true resource_overhead_excluded=true step_sum_used=false status=PASS
sample_index=77 cpu_pipeline_ms=322.775 gpu_pipeline_ms=34.6681 cpu_resource_sampling_overhead_ms=0.303042 gpu_resource_sampling_overhead_ms=0.03687 semantic_gates=16/16 timing_direct=true resource_overhead_excluded=true step_sum_used=false status=PASS
sample_index=78 cpu_pipeline_ms=316.974 gpu_pipeline_ms=29.7741 cpu_resource_sampling_overhead_ms=0.171663 gpu_resource_sampling_overhead_ms=0.03164 semantic_gates=16/16 timing_direct=true resource_overhead_excluded=true step_sum_used=false status=PASS
sample_index=79 cpu_pipeline_ms=326.585 gpu_pipeline_ms=28.9963 cpu_resource_sampling_overhead_ms=0.198312 gpu_resource_sampling_overhead_ms=0.03119 semantic_gates=16/16 timing_direct=true resource_overhead_excluded=true step_sum_used=false status=PASS
sample_index=80 cpu_pipeline_ms=317.072 gpu_pipeline_ms=28.8108 cpu_resource_sampling_overhead_ms=0.189051 gpu_resource_sampling_overhead_ms=0.030451 semantic_gates=16/16 timing_direct=true resource_overhead_excluded=true step_sum_used=false status=PASS
sample_index=81 cpu_pipeline_ms=313.153 gpu_pipeline_ms=28.8286 cpu_resource_sampling_overhead_ms=0.196701 gpu_resource_sampling_overhead_ms=0.030581 semantic_gates=16/16 timing_direct=true resource_overhead_excluded=true step_sum_used=false status=PASS
sample_index=82 cpu_pipeline_ms=319.249 gpu_pipeline_ms=29.8824 cpu_resource_sampling_overhead_ms=0.241654 gpu_resource_sampling_overhead_ms=0.03168 semantic_gates=16/16 timing_direct=true resource_overhead_excluded=true step_sum_used=false status=PASS
sample_index=83 cpu_pipeline_ms=315.509 gpu_pipeline_ms=29.8224 cpu_resource_sampling_overhead_ms=0.165031 gpu_resource_sampling_overhead_ms=0.0314 semantic_gates=16/16 timing_direct=true resource_overhead_excluded=true step_sum_used=false status=PASS
sample_index=84 cpu_pipeline_ms=320.126 gpu_pipeline_ms=28.6277 cpu_resource_sampling_overhead_ms=0.180863 gpu_resource_sampling_overhead_ms=0.03126 semantic_gates=16/16 timing_direct=true resource_overhead_excluded=true step_sum_used=false status=PASS
sample_index=85 cpu_pipeline_ms=312.3 gpu_pipeline_ms=29.1063 cpu_resource_sampling_overhead_ms=0.184892 gpu_resource_sampling_overhead_ms=0.03104 semantic_gates=16/16 timing_direct=true resource_overhead_excluded=true step_sum_used=false status=PASS
sample_index=86 cpu_pipeline_ms=315.55 gpu_pipeline_ms=29.9486 cpu_resource_sampling_overhead_ms=0.18811 gpu_resource_sampling_overhead_ms=0.03229 semantic_gates=16/16 timing_direct=true resource_overhead_excluded=true step_sum_used=false status=PASS
sample_index=87 cpu_pipeline_ms=315.919 gpu_pipeline_ms=29.0237 cpu_resource_sampling_overhead_ms=0.170402 gpu_resource_sampling_overhead_ms=0.030381 semantic_gates=16/16 timing_direct=true resource_overhead_excluded=true step_sum_used=false status=PASS
sample_index=88 cpu_pipeline_ms=310.405 gpu_pipeline_ms=30.72 cpu_resource_sampling_overhead_ms=0.228782 gpu_resource_sampling_overhead_ms=0.0337 semantic_gates=16/16 timing_direct=true resource_overhead_excluded=true step_sum_used=false status=PASS
sample_index=89 cpu_pipeline_ms=322.517 gpu_pipeline_ms=29.1592 cpu_resource_sampling_overhead_ms=0.226362 gpu_resource_sampling_overhead_ms=0.03074 semantic_gates=16/16 timing_direct=true resource_overhead_excluded=true step_sum_used=false status=PASS
sample_index=90 cpu_pipeline_ms=318.979 gpu_pipeline_ms=29.7409 cpu_resource_sampling_overhead_ms=0.178382 gpu_resource_sampling_overhead_ms=0.031 semantic_gates=16/16 timing_direct=true resource_overhead_excluded=true step_sum_used=false status=PASS
sample_index=91 cpu_pipeline_ms=312.387 gpu_pipeline_ms=29.7547 cpu_resource_sampling_overhead_ms=0.168371 gpu_resource_sampling_overhead_ms=0.031102 semantic_gates=16/16 timing_direct=true resource_overhead_excluded=true step_sum_used=false status=PASS
sample_index=92 cpu_pipeline_ms=340.492 gpu_pipeline_ms=30.5214 cpu_resource_sampling_overhead_ms=0.228735 gpu_resource_sampling_overhead_ms=0.03511 semantic_gates=16/16 timing_direct=true resource_overhead_excluded=true step_sum_used=false status=PASS
sample_index=93 cpu_pipeline_ms=325.196 gpu_pipeline_ms=28.7895 cpu_resource_sampling_overhead_ms=0.2337 gpu_resource_sampling_overhead_ms=0.030331 semantic_gates=16/16 timing_direct=true resource_overhead_excluded=true step_sum_used=false status=PASS
sample_index=94 cpu_pipeline_ms=321.437 gpu_pipeline_ms=28.7218 cpu_resource_sampling_overhead_ms=0.174641 gpu_resource_sampling_overhead_ms=0.031882 semantic_gates=16/16 timing_direct=true resource_overhead_excluded=true step_sum_used=false status=PASS
sample_index=95 cpu_pipeline_ms=322.915 gpu_pipeline_ms=29.9196 cpu_resource_sampling_overhead_ms=0.183103 gpu_resource_sampling_overhead_ms=0.03142 semantic_gates=16/16 timing_direct=true resource_overhead_excluded=true step_sum_used=false status=PASS
sample_index=96 cpu_pipeline_ms=317.698 gpu_pipeline_ms=29.0866 cpu_resource_sampling_overhead_ms=0.184712 gpu_resource_sampling_overhead_ms=0.03206 semantic_gates=16/16 timing_direct=true resource_overhead_excluded=true step_sum_used=false status=PASS
sample_index=97 cpu_pipeline_ms=314.722 gpu_pipeline_ms=29.924 cpu_resource_sampling_overhead_ms=0.192422 gpu_resource_sampling_overhead_ms=0.03083 semantic_gates=16/16 timing_direct=true resource_overhead_excluded=true step_sum_used=false status=PASS
sample_index=98 cpu_pipeline_ms=309.415 gpu_pipeline_ms=29.7259 cpu_resource_sampling_overhead_ms=0.184373 gpu_resource_sampling_overhead_ms=0.03133 semantic_gates=16/16 timing_direct=true resource_overhead_excluded=true step_sum_used=false status=PASS
sample_index=99 cpu_pipeline_ms=311.952 gpu_pipeline_ms=28.9091 cpu_resource_sampling_overhead_ms=0.203703 gpu_resource_sampling_overhead_ms=0.03043 semantic_gates=16/16 timing_direct=true resource_overhead_excluded=true step_sum_used=false status=PASS
function=Task2 frozen full six-step pipeline
call_chain=Step1->Step2;Step2+Step1->Step3;Step3 dual outputs->Step4;Step4->Step5;Step5+Step4+Kalman/delay->Step6
timing=pipeline_total measured directly;not=sum(step timings)
cpu_correlation_method=direct_parallel_exact workers=255
resource_sampling_mode=same_pipeline_execution
status=PASS return_code=0
