[stage08-b01] operator=general_cosine entry=cpu:general_cosine_typed_cpu gpu:general_cosine_device
[stage08-b01] config=test_all/configs/operators/windows/general_cosine/operator_scales.json config_sha256=98e7d3d2716deaf919d8883f5caa73c3f61a1ce37bffff86a62a6be43aa66f64
[stage08-b01] run_type=formal scale=general_cosine_int16_10e4 dtype=INT16 sym=true backend=not_applicable
[stage08-b01] dtype_semantics=actual_typed_array_input typed_input_count=3 actual_input_digest=630325cd2c9dc73346ae2ad93f4a850af159a61ec74bd43c126daed0d9cf1f8c
[stage08-b01] timing_scope=compatibility/end-to-end warmup=20 measured=100
[stage08-b01] cpu_mean_ms=0.72276244000000023 gpu_mean_ms=0.41792035 speedup=1.7294262890045919
[stage08-b01] mse=7.5003670235156815e-14 rmse=2.7386797957256122e-07 relative_l2=1.4639591265985548e-07 relative_linf=4.0478951834230556e-07
[stage08-b01] resources=available cuda_event_ms=0.41886600852012634
[stage08-b01] status=PASS error_code=OK
[stage08] identity and status
target         | scale_id                  | device | backend        | dtype | warmup | measured | timing_scope             | status | error_code
general_cosine | general_cosine_int16_10e4 | CPU    | not_applicable | INT16 | 20     | 100      | compatibility/end-to-end | PASS   | OK        
general_cosine | general_cosine_int16_10e4 | GPU    | not_applicable | INT16 | 20     | 100      | compatibility/end-to-end | PASS   | OK        

[stage08] timing detail
device | mean_ms             | p50_ms              | p95_ms              | p99_ms              | min_ms              | max_ms              | std_ms                | cv                   | speedup           
CPU    | 0.72276244000000023 | 0.72017100000000001 | 0.73164194999999999 | 0.75068960000000029 | 0.71859600000000001 | 0.80341700000000005 | 0.0093902279027934157 | 0.012992135981489869 | NA                
GPU    | 0.41792035          | 0.41349349999999996 | 0.44525199999999998 | 0.5256339000000001  | 0.39872299999999999 | 0.55225500000000005 | 0.020619426528579791  | 0.049338173000141754 | 1.7294262890045919

[stage08] accuracy detail
accuracy_reference  | mse                    | rmse                   | relative_l2            | relative_linf          | exact_match | mismatch_count | semantic_check                                                                                  | status
cpu_typed_reference | 7.5003670235156815e-14 | 2.7386797957256122e-07 | 1.4639591265985548e-07 | 4.0478951834230556e-07 | NA          | NA             | finite_fp64_window_shape_coefficients_and_symmetry_match_cpu:shape=[10000];finite=true;sym=true | PASS  

[stage08] resource detail
device | metric     | before_bytes | after_bytes | peak_bytes | delta_bytes
CPU    | cpu_heap   | 1616672      | 1620464     | 1699360    | 3792       
CPU    | rss        | 71229440     | 71229440    | 71229440   | 0          
GPU    | cpu_heap   | 1620512      | 1623584     | 1703008    | 3072       
GPU    | rss        | 71229440     | 71229440    | 71229440   | 0          
GPU    | gpu_memory | 357777408    | 357777408   | 357777408  | 0          

[stage08] input/output identity
device | input_digest                                                     | output_digest                                                   
CPU    | 630325cd2c9dc73346ae2ad93f4a850af159a61ec74bd43c126daed0d9cf1f8c | 60e1c159c5d26ce086278b6938a9da6cb31c7f4aa1306349ee1014aeb5d82a77
GPU    | 630325cd2c9dc73346ae2ad93f4a850af159a61ec74bd43c126daed0d9cf1f8c | 3bcebd2aded50fce6d0e621aec39d794e26e62cc59c92ad5e9190173e7cbdf2d

[stage08] dtype evidence
requested_dtype | config_input_dtype | output_dtype | actual_input_digest                                              | status
INT16           | INT16              | FP64         | 630325cd2c9dc73346ae2ad93f4a850af159a61ec74bd43c126daed0d9cf1f8c | PASS  

[stage08] evidence files
kind        | path                                                                                                                                                                                                                                                     
main_csv    | /tmp/ZKX_dev/results/stage08_table_rerun_general_cosine_47ebe13410d3/formal/20260810T031952Z_47ebe13410d3_stage08_b01_formal_88110016/operator_main_results_general_cosine_not_applicable_20260810T031952Z_47ebe13410d3_stage08_b01_formal_88110016.csv  
timing_csv  | /tmp/ZKX_dev/results/stage08_table_rerun_general_cosine_47ebe13410d3/formal/20260810T031952Z_47ebe13410d3_stage08_b01_formal_88110016/operator_timing_samples_general_cosine_not_applicable_20260810T031952Z_47ebe13410d3_stage08_b01_formal_88110016.csv
memory_csv  | /tmp/ZKX_dev/results/stage08_table_rerun_general_cosine_47ebe13410d3/formal/20260810T031952Z_47ebe13410d3_stage08_b01_formal_88110016/operator_windows_general_cosine_memory_trace_not_applicable.csv                                                    
dtype_csv   | /tmp/ZKX_dev/results/stage08_table_rerun_general_cosine_47ebe13410d3/formal/20260810T031952Z_47ebe13410d3_stage08_b01_formal_88110016/operator_dtype_evidence_general_cosine_not_applicable_20260810T031952Z_47ebe13410d3_stage08_b01_formal_88110016.csv
module_csv  | /tmp/ZKX_dev/results/stage08_table_rerun_general_cosine_47ebe13410d3/formal/20260810T031952Z_47ebe13410d3_stage08_b01_formal_88110016/windows_batch01_module_summary_not_applicable_20260810T031952Z_47ebe13410d3_stage08_b01_formal_88110016.csv        
report_json | /tmp/ZKX_dev/results/stage08_table_rerun_general_cosine_47ebe13410d3/formal/20260810T031952Z_47ebe13410d3_stage08_b01_formal_88110016/operator_general_cosine_report.json                                                                                
summary_txt | /tmp/ZKX_dev/results/stage08_table_rerun_general_cosine_47ebe13410d3/formal/20260810T031952Z_47ebe13410d3_stage08_b01_formal_88110016/operator_general_cosine_summary.txt                                                                                
full_log    | /tmp/ZKX_dev/results/stage08_table_rerun_general_cosine_47ebe13410d3/formal/20260810T031952Z_47ebe13410d3_stage08_b01_formal_88110016/operator_general_cosine_full.log                                                                                   
results_dir | /tmp/ZKX_dev/results/stage08_table_rerun_general_cosine_47ebe13410d3/formal/20260810T031952Z_47ebe13410d3_stage08_b01_formal_88110016                                                                                                                    
