command=/tmp/ZKX_dev/build_stage07_b01_pulse_compression_1662dd06774d/stage07_radartools_pulse_compression --dtype FP32 --warmup 20 --measured 100 --output /tmp/ZKX_dev/results/stage07_b01_input_preview_1662dd06774d/formal/20260810T080820Z_1662dd06774d_stage07_b01_formal_7b80cbb4/pulse_compression_probe_raw.json --n0 64 --n1 256 --template 64 --nfft 256
STAGE07_RADAR_PROBE PASS operator=pulse_compression dtype=FP32
{"run_id": "20260810T080820Z_1662dd06774d_stage07_b01_formal_7b80cbb4", "case_id": "pulse_compression__pc_fp32_10e4__c75d82970ce9acb7", "operator_name": "pulse_compression", "scale_id": "pc_fp32_10e4", "requested_dtype": "FP32", "config_input_dtype": "ComplexFP32", "input_content": [{"input_name": "echo", "shape": "[64x256]", "dtype": "ComplexFP32", "element_count": "16384", "generator": "complex_modular(seed=3,integral=false)", "preview_head4_tail2": "i=0:(-0.5,-0.25);i=1:(0,-0.75);i=2:(0.5,1);i=3:(1,0.5);i=16382:(1,1);i=16383:(-1.25,0.5)"}, {"input_name": "waveform", "shape": "[64]", "dtype": "ComplexFP32", "element_count": "64", "generator": "complex_modular(seed=7,integral=false)", "preview_head4_tail2": "i=0:(0.5,0.75);i=1:(1,0.25);i=2:(-1.25,-0.25);i=3:(-0.75,-0.75);i=62:(1.25,-1);i=63:(-1,0.75)"}], "case_parameters": {"num_pulses": 64, "samples_per_pulse": 256, "pulse_samples": 64, "nfft": 256, "normalize": false, "window": "none"}, "output_dtype": "ComplexFP32", "backend": "fft_thrust", "warmup_runs": 20, "measured_runs": 100, "mse": 1.02772e-11, "rmse": 3.20581e-06, "relative_l2": 2.06443e-07, "relative_linf": 3.12911e-07, "exact_match": true, "mismatch_count": 0, "semantic_check": true, "actual_input_digest": "c75d82970ce9acb77cb22da8b1102a3b1bb78f470889becba46110a29495caa3", "status": "PASS", "error_code": "OK"}
[stage07] identity and status
+-------------------+--------------+--------+------------+-------+--------+----------+--------------------------+--------+------------+
| target            | scale_id     | device | backend    | dtype | warmup | measured | timing_scope             | status | error_code |
+-------------------+--------------+--------+------------+-------+--------+----------+--------------------------+--------+------------+
| pulse_compression | pc_fp32_10e4 | CPU    | fft_thrust | FP32  | 20     | 100      | compatibility/end-to-end | PASS   | OK         |
| pulse_compression | pc_fp32_10e4 | GPU    | fft_thrust | FP32  | 20     | 100      | compatibility/end-to-end | PASS   | OK         |
+-------------------+--------------+--------+------------+-------+--------+----------+--------------------------+--------+------------+

[stage07] timing detail
+--------+--------------------+-----------+--------------------+--------------------+-----------+-----------+---------------------+-----------------------+-------------------+
| device | mean_ms            | p50_ms    | p95_ms             | p99_ms             | min_ms    | max_ms    | std_ms              | cv                    | speedup           |
+--------+--------------------+-----------+--------------------+--------------------+-----------+-----------+---------------------+-----------------------+-------------------+
| CPU    | 34.7644761         | 34.749103 | 34.886485900000004 | 34.964895          | 34.704604 | 34.976082 | 0.05306724081398968 | 0.0015264789453849896 | NA                |
| GPU    | 1.7321061800000002 | 1.721609  | 1.8019865499999999 | 1.8556795000000001 | 1.700559  | 1.880479  | 0.03231679940445216 | 0.01865751636799319   | 20.07063799056476 |
+--------+--------------------+-----------+--------------------+--------------------+-----------+-----------+---------------------+-----------------------+-------------------+

[stage07] accuracy detail
+---------------------+-------------+-------------+-------------+---------------+-------------+----------------+---------------------------------+--------+
| reference           | mse         | rmse        | relative_l2 | relative_linf | exact_match | mismatch_count | semantic_check                  | status |
+---------------------+-------------+-------------+-------------+---------------+-------------+----------------+---------------------------------+--------+
| typed_cpu_reference | 1.02772e-11 | 3.20581e-06 | 2.06443e-07 | 3.12911e-07   | NA          | NA             | typed_output_shape_dtype_finite | PASS   |
+---------------------+-------------+-------------+-------------+---------------+-------------+----------------+---------------------------------+--------+

[stage07] resource detail
+--------+------------+--------------+-------------+------------+-------------+
| device | metric     | before_bytes | after_bytes | peak_bytes | delta_bytes |
+--------+------------+--------------+-------------+------------+-------------+
| CPU    | cpu_heap   | 2166368      | 2170464     | 2300432    | 4096        |
| CPU    | rss        | 71766016     | 72151040    | 72151040   | 385024      |
| GPU    | cpu_heap   | 2170464      | 2173568     | 2173888    | 3104        |
| GPU    | rss        | 72151040     | 72151040    | 72151040   | 0           |
| GPU    | gpu_memory | 357777408    | 357777408   | 357777408  | 0           |
+--------+------------+--------------+-------------+------------+-------------+

[stage07] input content
+------------+----------+-------------+----------+----------------------------------------+-----------------------------------------------------------------------------------------------+
| input_name | shape    | dtype       | elements | generator                              | values(head4/tail2)                                                                           |
+------------+----------+-------------+----------+----------------------------------------+-----------------------------------------------------------------------------------------------+
| echo       | [64x256] | ComplexFP32 | 16384    | complex_modular(seed=3,integral=false) | i=0:(-0.5,-0.25);i=1:(0,-0.75);i=2:(0.5,1);i=3:(1,0.5);i=16382:(1,1);i=16383:(-1.25,0.5)      |
| waveform   | [64]     | ComplexFP32 | 64       | complex_modular(seed=7,integral=false) | i=0:(0.5,0.75);i=1:(1,0.25);i=2:(-1.25,-0.25);i=3:(-0.75,-0.75);i=62:(1.25,-1);i=63:(-1,0.75) |
+------------+----------+-------------+----------+----------------------------------------+-----------------------------------------------------------------------------------------------+

[stage07] case parameters
+-----------------------------------------------------------------------------------------------------------+
| parameters                                                                                                |
+-----------------------------------------------------------------------------------------------------------+
| {"nfft":256,"normalize":false,"num_pulses":64,"pulse_samples":64,"samples_per_pulse":256,"window":"none"} |
+-----------------------------------------------------------------------------------------------------------+

[stage07] input and output identity
+--------+------------------------------------------------------------------+------------------------------------------------------------------+
| device | input_digest                                                     | output_digest                                                    |
+--------+------------------------------------------------------------------+------------------------------------------------------------------+
| CPU    | c75d82970ce9acb77cb22da8b1102a3b1bb78f470889becba46110a29495caa3 | 50e5f01885c396de26938caaaf9dae3e2860eb3414ece588c80ef61960eb9e3f |
| GPU    | c75d82970ce9acb77cb22da8b1102a3b1bb78f470889becba46110a29495caa3 | 2936a5425b4013d52a154ec41abea70b013ca2bc8289f9eaf6640ae389056104 |
+--------+------------------------------------------------------------------+------------------------------------------------------------------+

[stage07] dtype evidence
+-----------------+--------------------+--------------+------------------------------------------------------------------+
| requested_dtype | config_input_dtype | output_dtype | actual_input_digest                                              |
+-----------------+--------------------+--------------+------------------------------------------------------------------+
| FP32            | ComplexFP32        | ComplexFP32  | c75d82970ce9acb77cb22da8b1102a3b1bb78f470889becba46110a29495caa3 |
+-----------------+--------------------+--------------+------------------------------------------------------------------+

[stage07] evidence files
+-------------+-------------------------------------------------------------------------------------------------------------------------------------------------------------------------------------------------------------------------------------------------+
| kind        | path                                                                                                                                                                                                                                            |
+-------------+-------------------------------------------------------------------------------------------------------------------------------------------------------------------------------------------------------------------------------------------------+
| main_csv    | /tmp/ZKX_dev/results/stage07_b01_input_preview_1662dd06774d/formal/20260810T080820Z_1662dd06774d_stage07_b01_formal_7b80cbb4/operator_main_results_pulse_compression_fft_thrust_20260810T080820Z_1662dd06774d_stage07_b01_formal_7b80cbb4.csv   |
| timing_csv  | /tmp/ZKX_dev/results/stage07_b01_input_preview_1662dd06774d/formal/20260810T080820Z_1662dd06774d_stage07_b01_formal_7b80cbb4/operator_timing_samples_pulse_compression_fft_thrust_20260810T080820Z_1662dd06774d_stage07_b01_formal_7b80cbb4.csv |
| memory_csv  | /tmp/ZKX_dev/results/stage07_b01_input_preview_1662dd06774d/formal/20260810T080820Z_1662dd06774d_stage07_b01_formal_7b80cbb4/operator_radartools_pulse_compression_memory_trace_fft_thrust.csv                                                  |
| dtype_csv   | /tmp/ZKX_dev/results/stage07_b01_input_preview_1662dd06774d/formal/20260810T080820Z_1662dd06774d_stage07_b01_formal_7b80cbb4/operator_dtype_evidence_pulse_compression_fft_thrust_20260810T080820Z_1662dd06774d_stage07_b01_formal_7b80cbb4.csv |
| report_json | /tmp/ZKX_dev/results/stage07_b01_input_preview_1662dd06774d/formal/20260810T080820Z_1662dd06774d_stage07_b01_formal_7b80cbb4/operator_pulse_compression_report.json                                                                             |
| summary_txt | /tmp/ZKX_dev/results/stage07_b01_input_preview_1662dd06774d/formal/20260810T080820Z_1662dd06774d_stage07_b01_formal_7b80cbb4/operator_pulse_compression_summary.txt                                                                             |
| full_log    | /tmp/ZKX_dev/results/stage07_b01_input_preview_1662dd06774d/formal/20260810T080820Z_1662dd06774d_stage07_b01_formal_7b80cbb4/operator_pulse_compression_full.log                                                                                |
| result_dir  | /tmp/ZKX_dev/results/stage07_b01_input_preview_1662dd06774d/formal/20260810T080820Z_1662dd06774d_stage07_b01_formal_7b80cbb4                                                                                                                    |
+-------------+-------------------------------------------------------------------------------------------------------------------------------------------------------------------------------------------------------------------------------------------------+
