command=build_stage08_b07_morlet_167aadba1745/stage08_wavelets_morlet --dtype INT32 --n 1024 --frequency 6 --scale 2 --complete false --warmup 20 --measured 100 --output /tmp/ZKX_dev/results/stage08_input_preview_b07_morlet_ed9b9505e41d/formal/20260810T090707Z_ed9b9505e41d_stage08_b07_formal_87510007/morlet_probe_raw.json
{"run_id": "20260810T090707Z_ed9b9505e41d_stage08_b07_formal_87510007", "case_id": "morlet__morlet_int32_10e3__b2687d44af72301b", "operator_name": "morlet", "scale_id": "morlet_int32_10e3", "requested_dtype": "INT32", "output_dtype": "ComplexFP64", "backend": "not_applicable", "n": 1024, "frequency": 6, "scale": 2, "complete": false, "output_count": 1024, "warmup_runs": 20, "measured_runs": 100, "mse": 1.40523e-13, "rmse": 3.74863e-07, "relative_l2": 2.65901e-06, "relative_linf": 2.72872e-06, "status": "PASS", "error_code": "OK"}
[stage08] identity and status
+--------+-------------------+--------+----------------+-------+--------+----------+--------------------------+--------+------------+
| target | scale_id          | device | backend        | dtype | warmup | measured | timing_scope             | status | error_code |
+--------+-------------------+--------+----------------+-------+--------+----------+--------------------------+--------+------------+
| morlet | morlet_int32_10e3 | CPU    | not_applicable | INT32 | 20     | 100      | compatibility/end-to-end | PASS   | OK         |
| morlet | morlet_int32_10e3 | GPU    | not_applicable | INT32 | 20     | 100      | compatibility/end-to-end | PASS   | OK         |
+--------+-------------------+--------+----------------+-------+--------+----------+--------------------------+--------+------------+

[stage08] timing detail
+--------+------------+----------+-----------+---------------------+----------+----------+-----------------------+---------------------+--------------------+
| device | mean_ms    | p50_ms   | p95_ms    | p99_ms              | min_ms   | max_ms   | std_ms                | cv                  | speedup            |
+--------+------------+----------+-----------+---------------------+----------+----------+-----------------------+---------------------+--------------------+
| CPU    | 0.07150069 | 0.07108  | 0.0711605 | 0.08194131000000006 | 0.070951 | 0.094941 | 0.0027118715518807297 | 0.03792790743530908 | NA                 |
| GPU    | 0.27136488 | 0.260662 | 0.3293065 | 0.4607452900000001  | 0.251181 | 0.477802 | 0.036926376164817476  | 0.1360764744679469  | 0.2634854222845639 |
+--------+------------+----------+-----------+---------------------+----------+----------+-----------------------+---------------------+--------------------+

[stage08] accuracy detail
+-------------------------+-------------+-------------+-------------+---------------+-------------+----------------+----------------------------------+--------+
| accuracy_reference      | mse         | rmse        | relative_l2 | relative_linf | exact_match | mismatch_count | semantic_check                   | status |
+-------------------------+-------------+-------------+-------------+---------------+-------------+----------------+----------------------------------+--------+
| cpu_morlet_complex_fp64 | 1.40523e-13 | 3.74863e-07 | 2.65901e-06 | 2.72872e-06   | NA          | NA             | output_count=1024;complete=false | PASS   |
+-------------------------+-------------+-------------+-------------+---------------+-------------+----------------+----------------------------------+--------+

[stage08] resource detail
+--------+------------+--------------+-------------+------------+-------------+
| device | metric     | before_bytes | after_bytes | peak_bytes | delta_bytes |
+--------+------------+--------------+-------------+------------+-------------+
| CPU    | cpu_heap   | 1402656      | 1438832     | 1438832    | 36176       |
| CPU    | rss        | 69533696     | 69660672    | 69660672   | 126976      |
| GPU    | cpu_heap   | 1438832      | 1458080     | 1458080    | 19248       |
| GPU    | rss        | 69660672     | 69660672    | 69660672   | 0           |
| GPU    | gpu_memory | 391544832    | 391544832   | 391544832  | 0           |
+--------+------------+--------------+-------------+------------+-------------+

[stage08] input/output identity
+--------+------------------------------------------------------------------+------------------------------------------------------------------+
| device | input_digest                                                     | output_digest                                                    |
+--------+------------------------------------------------------------------+------------------------------------------------------------------+
| CPU    | b2687d44af72301b72db554024256951709d1a26ab9b65838dc543a436b0734a | 22e8a6225ca0b6d44fe32451c6d383e1c25f987837497209e306a9bcd8fb18b2 |
| GPU    | b2687d44af72301b72db554024256951709d1a26ab9b65838dc543a436b0734a | 2cb77150c326c5b56f97e13afd6e26025fbafb8997737dd2277af467798f8a4f |
+--------+------------------------------------------------------------------+------------------------------------------------------------------+

[stage08] input content
+------------+--------+-------+----------+-------------------------+---------------------+
| input_name | shape  | dtype | elements | generator               | values(head4/tail2) |
+------------+--------+-------+----------+-------------------------+---------------------+
| frequency  | scalar | INT32 | 1        | configured_typed_scalar | i=0:6               |
| scale      | scalar | INT32 | 1        | configured_typed_scalar | i=0:2               |
+------------+--------+-------+----------+-------------------------+---------------------+

[stage08] case parameters
+-----------------------------------------------------------------------------+
| parameters                                                                  |
+-----------------------------------------------------------------------------+
| {"complete":"false","dtype":"INT32","frequency":"6","n":"1024","scale":"2"} |
+-----------------------------------------------------------------------------+

[stage08] dtype evidence
+-----------------+--------------------+--------------+------------------------------------------------------------------+--------+
| requested_dtype | config_input_dtype | output_dtype | actual_input_digest                                              | status |
+-----------------+--------------------+--------------+------------------------------------------------------------------+--------+
| INT32           | NA                 | ComplexFP64  | b2687d44af72301b72db554024256951709d1a26ab9b65838dc543a436b0734a | PASS   |
+-----------------+--------------------+--------------+------------------------------------------------------------------+--------+

[stage08] evidence files
+----------------+-------------------------------------------------------------------------------------------------------------------------------------------------------------------------------------------------------------------------------------------------+
| kind           | path                                                                                                                                                                                                                                            |
+----------------+-------------------------------------------------------------------------------------------------------------------------------------------------------------------------------------------------------------------------------------------------+
| probe_raw_json | /tmp/ZKX_dev/results/stage08_input_preview_b07_morlet_ed9b9505e41d/formal/20260810T090707Z_ed9b9505e41d_stage08_b07_formal_87510007/morlet_probe_raw.json                                                                                       |
| dtype_csv      | /tmp/ZKX_dev/results/stage08_input_preview_b07_morlet_ed9b9505e41d/formal/20260810T090707Z_ed9b9505e41d_stage08_b07_formal_87510007/operator_dtype_evidence_morlet_not_applicable_20260810T090707Z_ed9b9505e41d_stage08_b07_formal_87510007.csv |
| main_csv       | /tmp/ZKX_dev/results/stage08_input_preview_b07_morlet_ed9b9505e41d/formal/20260810T090707Z_ed9b9505e41d_stage08_b07_formal_87510007/operator_main_results_morlet_not_applicable_20260810T090707Z_ed9b9505e41d_stage08_b07_formal_87510007.csv   |
| full_log       | /tmp/ZKX_dev/results/stage08_input_preview_b07_morlet_ed9b9505e41d/formal/20260810T090707Z_ed9b9505e41d_stage08_b07_formal_87510007/operator_morlet_full.log                                                                                    |
| report_json    | /tmp/ZKX_dev/results/stage08_input_preview_b07_morlet_ed9b9505e41d/formal/20260810T090707Z_ed9b9505e41d_stage08_b07_formal_87510007/operator_morlet_report.json                                                                                 |
| summary_txt    | /tmp/ZKX_dev/results/stage08_input_preview_b07_morlet_ed9b9505e41d/formal/20260810T090707Z_ed9b9505e41d_stage08_b07_formal_87510007/operator_morlet_summary.txt                                                                                 |
| timing_csv     | /tmp/ZKX_dev/results/stage08_input_preview_b07_morlet_ed9b9505e41d/formal/20260810T090707Z_ed9b9505e41d_stage08_b07_formal_87510007/operator_timing_samples_morlet_not_applicable_20260810T090707Z_ed9b9505e41d_stage08_b07_formal_87510007.csv |
| memory_csv     | /tmp/ZKX_dev/results/stage08_input_preview_b07_morlet_ed9b9505e41d/formal/20260810T090707Z_ed9b9505e41d_stage08_b07_formal_87510007/operator_wavelets_morlet_memory_trace_not_applicable.csv                                                    |
+----------------+-------------------------------------------------------------------------------------------------------------------------------------------------------------------------------------------------------------------------------------------------+
