command=build_stage08_b06_stft_81f248cc9e2d/stage08_spectral_analysis_stft --dtype FP32 --count 100 --fs 100 --nperseg 20 --noverlap 10 --nfft 32 --detrend none --onesided true --boundary zeros --padded true --seed 86410001 --warmup 20 --measured 100 --output /tmp/ZKX_dev/results/stage08_input_preview_b06_stft_9b01dadd36f6/formal/20260810T085809Z_9b01dadd36f6_stage08_b06_formal_86740000/stft_probe_raw.json
{"run_id": "20260810T085809Z_9b01dadd36f6_stage08_b06_formal_86740000", "case_id": "stft__stft_fp32_10e2__28a935388464703d", "operator_name": "stft", "scale_id": "stft_fp32_10e2", "requested_dtype": "FP32", "output_dtype": "ComplexFP32", "backend": "fft_thrust", "nperseg": 20, "noverlap": 10, "nfft": 32, "detrend": "none", "return_onesided": true, "boundary": "zeros", "padded": true, "frequency_count": 17, "time_count": 11, "output_count": 187, "warmup_runs": 20, "measured_runs": 100, "mse": 5.70105e-16, "rmse": 2.38769e-08, "relative_l2": 3.95902e-09, "relative_linf": 1.78814e-09, "status": "PASS", "error_code": "OK"}
[stage08] identity and status
+--------+----------------+--------+------------+-------+--------+----------+--------------------------+--------+------------+
| target | scale_id       | device | backend    | dtype | warmup | measured | timing_scope             | status | error_code |
+--------+----------------+--------+------------+-------+--------+----------+--------------------------+--------+------------+
| stft   | stft_fp32_10e2 | CPU    | fft_thrust | FP32  | 20     | 100      | compatibility/end-to-end | PASS   | OK         |
| stft   | stft_fp32_10e2 | GPU    | fft_thrust | FP32  | 20     | 100      | compatibility/end-to-end | PASS   | OK         |
+--------+----------------+--------+------------+-------+--------+----------+--------------------------+--------+------------+

[stage08] timing detail
+--------+---------------------+--------------------+-----------+---------------------+----------+----------+----------------------+----------------------+--------------------+
| device | mean_ms             | p50_ms             | p95_ms    | p99_ms              | min_ms   | max_ms   | std_ms               | cv                   | speedup            |
+--------+---------------------+--------------------+-----------+---------------------+----------+----------+----------------------+----------------------+--------------------+
| CPU    | 0.18945233000000003 | 0.188001           | 0.1904825 | 0.19976021000000044 | 0.187631 | 0.283832 | 0.009678383421889213 | 0.051086114495869285 | NA                 |
| GPU    | 0.81432822          | 0.8037099999999999 | 0.8728455 | 1.0390685000000002  | 0.783564 | 1.070996 | 0.03999441174778797  | 0.0491133805332056   | 0.2326486118828106 |
+--------+---------------------+--------------------+-----------+---------------------+----------+----------+----------------------+----------------------+--------------------+

[stage08] accuracy detail
+---------------------+-------------+-------------+-------------+---------------+-------------+----------------+----------------------------+--------+
| accuracy_reference  | mse         | rmse        | relative_l2 | relative_linf | exact_match | mismatch_count | semantic_check             | status |
+---------------------+-------------+-------------+-------------+---------------+-------------+----------------+----------------------------+--------+
| cpu_stft_direct_dft | 5.70105e-16 | 2.38769e-08 | 3.95902e-09 | 1.78814e-09   | NA          | NA             | frequency_time_shape=17x11 | PASS   |
+---------------------+-------------+-------------+-------------+---------------+-------------+----------------+----------------------------+--------+

[stage08] resource detail
+--------+------------+--------------+-------------+------------+-------------+
| device | metric     | before_bytes | after_bytes | peak_bytes | delta_bytes |
+--------+------------+--------------+-------------+------------+-------------+
| CPU    | cpu_heap   | 1485120      | 1493136     | 1493520    | 8016        |
| CPU    | rss        | 70049792     | 70049792    | 70049792   | 0           |
| GPU    | cpu_heap   | 1493136      | 1500560     | 1501200    | 7424        |
| GPU    | rss        | 70049792     | 70049792    | 70049792   | 0           |
| GPU    | gpu_memory | 341000192    | 341000192   | 341000192  | 0           |
+--------+------------+--------------+-------------+------------+-------------+

[stage08] input/output identity
+--------+------------------------------------------------------------------+------------------------------------------------------------------+
| device | input_digest                                                     | output_digest                                                    |
+--------+------------------------------------------------------------------+------------------------------------------------------------------+
| CPU    | 28a935388464703ded993ce9ab79f56797d3de9303e61744f6e6e98a83fa1582 | c864e121ef9faad90921e72c5dc648027be8a2aeb785d16edb922b1c4d055fb8 |
| GPU    | 28a935388464703ded993ce9ab79f56797d3de9303e61744f6e6e98a83fa1582 | f48458ea79231b96ebbe1e443fb84ce1791246316ac6c37817a6f7dd2bd40181 |
+--------+------------------------------------------------------------------+------------------------------------------------------------------+

[stage08] input content
+------------+-------+-------+----------+---------------------------------------------------------------------+----------------------------------------------------------------------+
| input_name | shape | dtype | elements | generator                                                           | values(head4/tail2)                                                  |
+------------+-------+-------+----------+---------------------------------------------------------------------+----------------------------------------------------------------------+
| x          | [100] | FP32  | 100      | spectral_modular_plus_periodic_offset(seed=86410001,integral=false) | i=0:0.5;i=1:-0.71875;i=2:0.8125;i=3:-0.40625;i=98:-0.78125;i=99:0.75 |
+------------+-------+-------+----------+---------------------------------------------------------------------+----------------------------------------------------------------------+

[stage08] case parameters
+------------------------------------------------------------------------------------------------------------------------------------------------------------------------------+
| parameters                                                                                                                                                                   |
+------------------------------------------------------------------------------------------------------------------------------------------------------------------------------+
| {"boundary":"zeros","count":"100","detrend":"none","dtype":"FP32","fs":"100","nfft":"32","noverlap":"10","nperseg":"20","onesided":"true","padded":"true","seed":"86410001"} |
+------------------------------------------------------------------------------------------------------------------------------------------------------------------------------+

[stage08] dtype evidence
+-----------------+--------------------+--------------+------------------------------------------------------------------+--------+
| requested_dtype | config_input_dtype | output_dtype | actual_input_digest                                              | status |
+-----------------+--------------------+--------------+------------------------------------------------------------------+--------+
| FP32            | NA                 | ComplexFP32  | 28a935388464703ded993ce9ab79f56797d3de9303e61744f6e6e98a83fa1582 | PASS   |
+-----------------+--------------------+--------------+------------------------------------------------------------------+--------+

[stage08] evidence files
+----------------+-----------------------------------------------------------------------------------------------------------------------------------------------------------------------------------------------------------------------------------------+
| kind           | path                                                                                                                                                                                                                                    |
+----------------+-----------------------------------------------------------------------------------------------------------------------------------------------------------------------------------------------------------------------------------------+
| dtype_csv      | /tmp/ZKX_dev/results/stage08_input_preview_b06_stft_9b01dadd36f6/formal/20260810T085809Z_9b01dadd36f6_stage08_b06_formal_86740000/operator_dtype_evidence_stft_fft_thrust_20260810T085809Z_9b01dadd36f6_stage08_b06_formal_86740000.csv |
| main_csv       | /tmp/ZKX_dev/results/stage08_input_preview_b06_stft_9b01dadd36f6/formal/20260810T085809Z_9b01dadd36f6_stage08_b06_formal_86740000/operator_main_results_stft_fft_thrust_20260810T085809Z_9b01dadd36f6_stage08_b06_formal_86740000.csv   |
| memory_csv     | /tmp/ZKX_dev/results/stage08_input_preview_b06_stft_9b01dadd36f6/formal/20260810T085809Z_9b01dadd36f6_stage08_b06_formal_86740000/operator_spectral_analysis_stft_memory_trace_fft_thrust.csv                                           |
| full_log       | /tmp/ZKX_dev/results/stage08_input_preview_b06_stft_9b01dadd36f6/formal/20260810T085809Z_9b01dadd36f6_stage08_b06_formal_86740000/operator_stft_full.log                                                                                |
| report_json    | /tmp/ZKX_dev/results/stage08_input_preview_b06_stft_9b01dadd36f6/formal/20260810T085809Z_9b01dadd36f6_stage08_b06_formal_86740000/operator_stft_report.json                                                                             |
| summary_txt    | /tmp/ZKX_dev/results/stage08_input_preview_b06_stft_9b01dadd36f6/formal/20260810T085809Z_9b01dadd36f6_stage08_b06_formal_86740000/operator_stft_summary.txt                                                                             |
| timing_csv     | /tmp/ZKX_dev/results/stage08_input_preview_b06_stft_9b01dadd36f6/formal/20260810T085809Z_9b01dadd36f6_stage08_b06_formal_86740000/operator_timing_samples_stft_fft_thrust_20260810T085809Z_9b01dadd36f6_stage08_b06_formal_86740000.csv |
| probe_raw_json | /tmp/ZKX_dev/results/stage08_input_preview_b06_stft_9b01dadd36f6/formal/20260810T085809Z_9b01dadd36f6_stage08_b06_formal_86740000/stft_probe_raw.json                                                                                   |
+----------------+-----------------------------------------------------------------------------------------------------------------------------------------------------------------------------------------------------------------------------------------+
