sample_index=0 cpu_pipeline_ms=24.7608 gpu_pipeline_ms=5.90355 cpu_resource_sampling_overhead_ms=0.129821 gpu_resource_sampling_overhead_ms=0.0323 semantic_gates=16/16 timing_direct=true resource_overhead_excluded=true step_sum_used=false status=PASS
sample_index=1 cpu_pipeline_ms=24.9472 gpu_pipeline_ms=5.93735 cpu_resource_sampling_overhead_ms=0.132211 gpu_resource_sampling_overhead_ms=0.03179 semantic_gates=16/16 timing_direct=true resource_overhead_excluded=true step_sum_used=false status=PASS
sample_index=2 cpu_pipeline_ms=24.9699 gpu_pipeline_ms=5.82631 cpu_resource_sampling_overhead_ms=0.12454 gpu_resource_sampling_overhead_ms=0.031932 semantic_gates=16/16 timing_direct=true resource_overhead_excluded=true step_sum_used=false status=PASS
sample_index=3 cpu_pipeline_ms=25.3571 gpu_pipeline_ms=5.83733 cpu_resource_sampling_overhead_ms=0.13735 gpu_resource_sampling_overhead_ms=0.03139 semantic_gates=16/16 timing_direct=true resource_overhead_excluded=true step_sum_used=false status=PASS
sample_index=4 cpu_pipeline_ms=25.0972 gpu_pipeline_ms=5.78034 cpu_resource_sampling_overhead_ms=0.120852 gpu_resource_sampling_overhead_ms=0.03174 semantic_gates=16/16 timing_direct=true resource_overhead_excluded=true step_sum_used=false status=PASS
sample_index=5 cpu_pipeline_ms=24.9895 gpu_pipeline_ms=6.00514 cpu_resource_sampling_overhead_ms=0.126821 gpu_resource_sampling_overhead_ms=0.032532 semantic_gates=16/16 timing_direct=true resource_overhead_excluded=true step_sum_used=false status=PASS
sample_index=6 cpu_pipeline_ms=25.3498 gpu_pipeline_ms=5.90627 cpu_resource_sampling_overhead_ms=0.133371 gpu_resource_sampling_overhead_ms=0.03232 semantic_gates=16/16 timing_direct=true resource_overhead_excluded=true step_sum_used=false status=PASS
sample_index=7 cpu_pipeline_ms=27.1484 gpu_pipeline_ms=5.97196 cpu_resource_sampling_overhead_ms=0.137871 gpu_resource_sampling_overhead_ms=0.0316 semantic_gates=16/16 timing_direct=true resource_overhead_excluded=true step_sum_used=false status=PASS
sample_index=8 cpu_pipeline_ms=25.1502 gpu_pipeline_ms=5.92193 cpu_resource_sampling_overhead_ms=0.15003 gpu_resource_sampling_overhead_ms=0.03202 semantic_gates=16/16 timing_direct=true resource_overhead_excluded=true step_sum_used=false status=PASS
sample_index=9 cpu_pipeline_ms=24.9899 gpu_pipeline_ms=5.80097 cpu_resource_sampling_overhead_ms=0.12924 gpu_resource_sampling_overhead_ms=0.03156 semantic_gates=16/16 timing_direct=true resource_overhead_excluded=true step_sum_used=false status=PASS
sample_index=10 cpu_pipeline_ms=25.1119 gpu_pipeline_ms=5.96328 cpu_resource_sampling_overhead_ms=0.121801 gpu_resource_sampling_overhead_ms=0.03174 semantic_gates=16/16 timing_direct=true resource_overhead_excluded=true step_sum_used=false status=PASS
sample_index=11 cpu_pipeline_ms=24.8736 gpu_pipeline_ms=6.08002 cpu_resource_sampling_overhead_ms=0.142271 gpu_resource_sampling_overhead_ms=0.03362 semantic_gates=16/16 timing_direct=true resource_overhead_excluded=true step_sum_used=false status=PASS
sample_index=12 cpu_pipeline_ms=24.7714 gpu_pipeline_ms=5.93123 cpu_resource_sampling_overhead_ms=0.135312 gpu_resource_sampling_overhead_ms=0.03142 semantic_gates=16/16 timing_direct=true resource_overhead_excluded=true step_sum_used=false status=PASS
sample_index=13 cpu_pipeline_ms=25.0583 gpu_pipeline_ms=5.89319 cpu_resource_sampling_overhead_ms=0.115741 gpu_resource_sampling_overhead_ms=0.032111 semantic_gates=16/16 timing_direct=true resource_overhead_excluded=true step_sum_used=false status=PASS
sample_index=14 cpu_pipeline_ms=25.253 gpu_pipeline_ms=5.89969 cpu_resource_sampling_overhead_ms=0.118871 gpu_resource_sampling_overhead_ms=0.03214 semantic_gates=16/16 timing_direct=true resource_overhead_excluded=true step_sum_used=false status=PASS
sample_index=15 cpu_pipeline_ms=25.0092 gpu_pipeline_ms=5.91301 cpu_resource_sampling_overhead_ms=0.124881 gpu_resource_sampling_overhead_ms=0.03194 semantic_gates=16/16 timing_direct=true resource_overhead_excluded=true step_sum_used=false status=PASS
sample_index=16 cpu_pipeline_ms=25.3477 gpu_pipeline_ms=5.88852 cpu_resource_sampling_overhead_ms=0.13849 gpu_resource_sampling_overhead_ms=0.03236 semantic_gates=16/16 timing_direct=true resource_overhead_excluded=true step_sum_used=false status=PASS
sample_index=17 cpu_pipeline_ms=25.5891 gpu_pipeline_ms=5.8828 cpu_resource_sampling_overhead_ms=0.129931 gpu_resource_sampling_overhead_ms=0.03119 semantic_gates=16/16 timing_direct=true resource_overhead_excluded=true step_sum_used=false status=PASS
sample_index=18 cpu_pipeline_ms=25.6776 gpu_pipeline_ms=5.92301 cpu_resource_sampling_overhead_ms=0.137641 gpu_resource_sampling_overhead_ms=0.03196 semantic_gates=16/16 timing_direct=true resource_overhead_excluded=true step_sum_used=false status=PASS
sample_index=19 cpu_pipeline_ms=31.7391 gpu_pipeline_ms=6.25487 cpu_resource_sampling_overhead_ms=0.128651 gpu_resource_sampling_overhead_ms=0.03243 semantic_gates=16/16 timing_direct=true resource_overhead_excluded=true step_sum_used=false status=PASS
sample_index=20 cpu_pipeline_ms=25.1018 gpu_pipeline_ms=7.45085 cpu_resource_sampling_overhead_ms=0.12306 gpu_resource_sampling_overhead_ms=0.03233 semantic_gates=16/16 timing_direct=true resource_overhead_excluded=true step_sum_used=false status=PASS
sample_index=21 cpu_pipeline_ms=25.1039 gpu_pipeline_ms=7.40798 cpu_resource_sampling_overhead_ms=0.12946 gpu_resource_sampling_overhead_ms=0.03179 semantic_gates=16/16 timing_direct=true resource_overhead_excluded=true step_sum_used=false status=PASS
sample_index=22 cpu_pipeline_ms=25.3121 gpu_pipeline_ms=7.38107 cpu_resource_sampling_overhead_ms=0.11918 gpu_resource_sampling_overhead_ms=0.03184 semantic_gates=16/16 timing_direct=true resource_overhead_excluded=true step_sum_used=false status=PASS
sample_index=23 cpu_pipeline_ms=25.2222 gpu_pipeline_ms=7.45064 cpu_resource_sampling_overhead_ms=0.128041 gpu_resource_sampling_overhead_ms=0.03186 semantic_gates=16/16 timing_direct=true resource_overhead_excluded=true step_sum_used=false status=PASS
sample_index=24 cpu_pipeline_ms=24.804 gpu_pipeline_ms=7.41435 cpu_resource_sampling_overhead_ms=0.114761 gpu_resource_sampling_overhead_ms=0.03206 semantic_gates=16/16 timing_direct=true resource_overhead_excluded=true step_sum_used=false status=PASS
sample_index=25 cpu_pipeline_ms=25.3428 gpu_pipeline_ms=7.51593 cpu_resource_sampling_overhead_ms=0.124221 gpu_resource_sampling_overhead_ms=0.0324 semantic_gates=16/16 timing_direct=true resource_overhead_excluded=true step_sum_used=false status=PASS
sample_index=26 cpu_pipeline_ms=25.2789 gpu_pipeline_ms=7.43005 cpu_resource_sampling_overhead_ms=0.132042 gpu_resource_sampling_overhead_ms=0.03279 semantic_gates=16/16 timing_direct=true resource_overhead_excluded=true step_sum_used=false status=PASS
sample_index=27 cpu_pipeline_ms=24.8597 gpu_pipeline_ms=7.60709 cpu_resource_sampling_overhead_ms=0.124101 gpu_resource_sampling_overhead_ms=0.031671 semantic_gates=16/16 timing_direct=true resource_overhead_excluded=true step_sum_used=false status=PASS
sample_index=28 cpu_pipeline_ms=25.0458 gpu_pipeline_ms=7.57052 cpu_resource_sampling_overhead_ms=0.130781 gpu_resource_sampling_overhead_ms=0.03205 semantic_gates=16/16 timing_direct=true resource_overhead_excluded=true step_sum_used=false status=PASS
sample_index=29 cpu_pipeline_ms=25.1103 gpu_pipeline_ms=7.38266 cpu_resource_sampling_overhead_ms=0.119572 gpu_resource_sampling_overhead_ms=0.03258 semantic_gates=16/16 timing_direct=true resource_overhead_excluded=true step_sum_used=false status=PASS
sample_index=30 cpu_pipeline_ms=25.4038 gpu_pipeline_ms=7.31144 cpu_resource_sampling_overhead_ms=0.14663 gpu_resource_sampling_overhead_ms=0.03201 semantic_gates=16/16 timing_direct=true resource_overhead_excluded=true step_sum_used=false status=PASS
sample_index=31 cpu_pipeline_ms=25.036 gpu_pipeline_ms=7.51705 cpu_resource_sampling_overhead_ms=0.121412 gpu_resource_sampling_overhead_ms=0.03276 semantic_gates=16/16 timing_direct=true resource_overhead_excluded=true step_sum_used=false status=PASS
sample_index=32 cpu_pipeline_ms=24.8367 gpu_pipeline_ms=7.31144 cpu_resource_sampling_overhead_ms=0.134191 gpu_resource_sampling_overhead_ms=0.03275 semantic_gates=16/16 timing_direct=true resource_overhead_excluded=true step_sum_used=false status=PASS
sample_index=33 cpu_pipeline_ms=25.1414 gpu_pipeline_ms=7.41719 cpu_resource_sampling_overhead_ms=0.129841 gpu_resource_sampling_overhead_ms=0.032881 semantic_gates=16/16 timing_direct=true resource_overhead_excluded=true step_sum_used=false status=PASS
sample_index=34 cpu_pipeline_ms=27.2231 gpu_pipeline_ms=7.38465 cpu_resource_sampling_overhead_ms=0.13613 gpu_resource_sampling_overhead_ms=0.03217 semantic_gates=16/16 timing_direct=true resource_overhead_excluded=true step_sum_used=false status=PASS
sample_index=35 cpu_pipeline_ms=25.2673 gpu_pipeline_ms=7.46132 cpu_resource_sampling_overhead_ms=0.12511 gpu_resource_sampling_overhead_ms=0.032801 semantic_gates=16/16 timing_direct=true resource_overhead_excluded=true step_sum_used=false status=PASS
sample_index=36 cpu_pipeline_ms=25.0586 gpu_pipeline_ms=7.375 cpu_resource_sampling_overhead_ms=0.155122 gpu_resource_sampling_overhead_ms=0.03288 semantic_gates=16/16 timing_direct=true resource_overhead_excluded=true step_sum_used=false status=PASS
sample_index=37 cpu_pipeline_ms=25.0194 gpu_pipeline_ms=7.30477 cpu_resource_sampling_overhead_ms=0.123151 gpu_resource_sampling_overhead_ms=0.033 semantic_gates=16/16 timing_direct=true resource_overhead_excluded=true step_sum_used=false status=PASS
sample_index=38 cpu_pipeline_ms=25.5142 gpu_pipeline_ms=7.46558 cpu_resource_sampling_overhead_ms=0.137491 gpu_resource_sampling_overhead_ms=0.03153 semantic_gates=16/16 timing_direct=true resource_overhead_excluded=true step_sum_used=false status=PASS
sample_index=39 cpu_pipeline_ms=25.0577 gpu_pipeline_ms=7.39853 cpu_resource_sampling_overhead_ms=0.118631 gpu_resource_sampling_overhead_ms=0.03205 semantic_gates=16/16 timing_direct=true resource_overhead_excluded=true step_sum_used=false status=PASS
sample_index=40 cpu_pipeline_ms=24.5299 gpu_pipeline_ms=7.44 cpu_resource_sampling_overhead_ms=0.121251 gpu_resource_sampling_overhead_ms=0.03197 semantic_gates=16/16 timing_direct=true resource_overhead_excluded=true step_sum_used=false status=PASS
sample_index=41 cpu_pipeline_ms=25.0998 gpu_pipeline_ms=7.45363 cpu_resource_sampling_overhead_ms=0.146991 gpu_resource_sampling_overhead_ms=0.03165 semantic_gates=16/16 timing_direct=true resource_overhead_excluded=true step_sum_used=false status=PASS
sample_index=42 cpu_pipeline_ms=25.1498 gpu_pipeline_ms=7.35813 cpu_resource_sampling_overhead_ms=0.127322 gpu_resource_sampling_overhead_ms=0.033161 semantic_gates=16/16 timing_direct=true resource_overhead_excluded=true step_sum_used=false status=PASS
sample_index=43 cpu_pipeline_ms=25.2195 gpu_pipeline_ms=7.52175 cpu_resource_sampling_overhead_ms=0.12521 gpu_resource_sampling_overhead_ms=0.032731 semantic_gates=16/16 timing_direct=true resource_overhead_excluded=true step_sum_used=false status=PASS
sample_index=44 cpu_pipeline_ms=25.1228 gpu_pipeline_ms=7.52752 cpu_resource_sampling_overhead_ms=0.128791 gpu_resource_sampling_overhead_ms=0.03158 semantic_gates=16/16 timing_direct=true resource_overhead_excluded=true step_sum_used=false status=PASS
sample_index=45 cpu_pipeline_ms=24.8317 gpu_pipeline_ms=7.35315 cpu_resource_sampling_overhead_ms=0.11689 gpu_resource_sampling_overhead_ms=0.03332 semantic_gates=16/16 timing_direct=true resource_overhead_excluded=true step_sum_used=false status=PASS
sample_index=46 cpu_pipeline_ms=25.2135 gpu_pipeline_ms=7.50793 cpu_resource_sampling_overhead_ms=0.130022 gpu_resource_sampling_overhead_ms=0.03128 semantic_gates=16/16 timing_direct=true resource_overhead_excluded=true step_sum_used=false status=PASS
sample_index=47 cpu_pipeline_ms=25.1267 gpu_pipeline_ms=7.51354 cpu_resource_sampling_overhead_ms=0.122632 gpu_resource_sampling_overhead_ms=0.03181 semantic_gates=16/16 timing_direct=true resource_overhead_excluded=true step_sum_used=false status=PASS
sample_index=48 cpu_pipeline_ms=24.7618 gpu_pipeline_ms=7.50069 cpu_resource_sampling_overhead_ms=0.119941 gpu_resource_sampling_overhead_ms=0.03277 semantic_gates=16/16 timing_direct=true resource_overhead_excluded=true step_sum_used=false status=PASS
sample_index=49 cpu_pipeline_ms=25.3119 gpu_pipeline_ms=7.45006 cpu_resource_sampling_overhead_ms=0.128871 gpu_resource_sampling_overhead_ms=0.03217 semantic_gates=16/16 timing_direct=true resource_overhead_excluded=true step_sum_used=false status=PASS
sample_index=50 cpu_pipeline_ms=25.3897 gpu_pipeline_ms=7.36609 cpu_resource_sampling_overhead_ms=0.128461 gpu_resource_sampling_overhead_ms=0.031501 semantic_gates=16/16 timing_direct=true resource_overhead_excluded=true step_sum_used=false status=PASS
sample_index=51 cpu_pipeline_ms=25.2436 gpu_pipeline_ms=7.27162 cpu_resource_sampling_overhead_ms=0.11903 gpu_resource_sampling_overhead_ms=0.03245 semantic_gates=16/16 timing_direct=true resource_overhead_excluded=true step_sum_used=false status=PASS
sample_index=52 cpu_pipeline_ms=25.5658 gpu_pipeline_ms=7.42835 cpu_resource_sampling_overhead_ms=0.134641 gpu_resource_sampling_overhead_ms=0.0317 semantic_gates=16/16 timing_direct=true resource_overhead_excluded=true step_sum_used=false status=PASS
sample_index=53 cpu_pipeline_ms=24.8361 gpu_pipeline_ms=7.38437 cpu_resource_sampling_overhead_ms=0.11939 gpu_resource_sampling_overhead_ms=0.03187 semantic_gates=16/16 timing_direct=true resource_overhead_excluded=true step_sum_used=false status=PASS
sample_index=54 cpu_pipeline_ms=25.4926 gpu_pipeline_ms=7.6007 cpu_resource_sampling_overhead_ms=0.11846 gpu_resource_sampling_overhead_ms=0.032771 semantic_gates=16/16 timing_direct=true resource_overhead_excluded=true step_sum_used=false status=PASS
sample_index=55 cpu_pipeline_ms=25.3099 gpu_pipeline_ms=7.42051 cpu_resource_sampling_overhead_ms=0.134341 gpu_resource_sampling_overhead_ms=0.03202 semantic_gates=16/16 timing_direct=true resource_overhead_excluded=true step_sum_used=false status=PASS
sample_index=56 cpu_pipeline_ms=24.7682 gpu_pipeline_ms=7.4715 cpu_resource_sampling_overhead_ms=0.116441 gpu_resource_sampling_overhead_ms=0.0316 semantic_gates=16/16 timing_direct=true resource_overhead_excluded=true step_sum_used=false status=PASS
sample_index=57 cpu_pipeline_ms=25.358 gpu_pipeline_ms=8.09967 cpu_resource_sampling_overhead_ms=0.154931 gpu_resource_sampling_overhead_ms=0.03555 semantic_gates=16/16 timing_direct=true resource_overhead_excluded=true step_sum_used=false status=PASS
sample_index=58 cpu_pipeline_ms=35.7264 gpu_pipeline_ms=7.47707 cpu_resource_sampling_overhead_ms=0.136651 gpu_resource_sampling_overhead_ms=0.03333 semantic_gates=16/16 timing_direct=true resource_overhead_excluded=true step_sum_used=false status=PASS
sample_index=59 cpu_pipeline_ms=25.0034 gpu_pipeline_ms=7.46642 cpu_resource_sampling_overhead_ms=0.132161 gpu_resource_sampling_overhead_ms=0.03187 semantic_gates=16/16 timing_direct=true resource_overhead_excluded=true step_sum_used=false status=PASS
sample_index=60 cpu_pipeline_ms=26.9795 gpu_pipeline_ms=7.41994 cpu_resource_sampling_overhead_ms=0.129361 gpu_resource_sampling_overhead_ms=0.03208 semantic_gates=16/16 timing_direct=true resource_overhead_excluded=true step_sum_used=false status=PASS
sample_index=61 cpu_pipeline_ms=27.2426 gpu_pipeline_ms=7.56266 cpu_resource_sampling_overhead_ms=0.121431 gpu_resource_sampling_overhead_ms=0.0316 semantic_gates=16/16 timing_direct=true resource_overhead_excluded=true step_sum_used=false status=PASS
sample_index=62 cpu_pipeline_ms=25.5299 gpu_pipeline_ms=7.42195 cpu_resource_sampling_overhead_ms=0.1225 gpu_resource_sampling_overhead_ms=0.0334 semantic_gates=16/16 timing_direct=true resource_overhead_excluded=true step_sum_used=false status=PASS
sample_index=63 cpu_pipeline_ms=24.8205 gpu_pipeline_ms=7.43773 cpu_resource_sampling_overhead_ms=0.117822 gpu_resource_sampling_overhead_ms=0.03167 semantic_gates=16/16 timing_direct=true resource_overhead_excluded=true step_sum_used=false status=PASS
sample_index=64 cpu_pipeline_ms=25.1098 gpu_pipeline_ms=7.46091 cpu_resource_sampling_overhead_ms=0.122422 gpu_resource_sampling_overhead_ms=0.03292 semantic_gates=16/16 timing_direct=true resource_overhead_excluded=true step_sum_used=false status=PASS
sample_index=65 cpu_pipeline_ms=25.3558 gpu_pipeline_ms=7.75787 cpu_resource_sampling_overhead_ms=0.122772 gpu_resource_sampling_overhead_ms=0.032761 semantic_gates=16/16 timing_direct=true resource_overhead_excluded=true step_sum_used=false status=PASS
sample_index=66 cpu_pipeline_ms=24.834 gpu_pipeline_ms=7.4626 cpu_resource_sampling_overhead_ms=0.115152 gpu_resource_sampling_overhead_ms=0.03264 semantic_gates=16/16 timing_direct=true resource_overhead_excluded=true step_sum_used=false status=PASS
sample_index=67 cpu_pipeline_ms=24.9939 gpu_pipeline_ms=7.42471 cpu_resource_sampling_overhead_ms=0.125772 gpu_resource_sampling_overhead_ms=0.03264 semantic_gates=16/16 timing_direct=true resource_overhead_excluded=true step_sum_used=false status=PASS
sample_index=68 cpu_pipeline_ms=24.9574 gpu_pipeline_ms=7.44698 cpu_resource_sampling_overhead_ms=0.129523 gpu_resource_sampling_overhead_ms=0.03304 semantic_gates=16/16 timing_direct=true resource_overhead_excluded=true step_sum_used=false status=PASS
sample_index=69 cpu_pipeline_ms=25.0829 gpu_pipeline_ms=7.50465 cpu_resource_sampling_overhead_ms=0.11761 gpu_resource_sampling_overhead_ms=0.03212 semantic_gates=16/16 timing_direct=true resource_overhead_excluded=true step_sum_used=false status=PASS
sample_index=70 cpu_pipeline_ms=25.1329 gpu_pipeline_ms=7.48134 cpu_resource_sampling_overhead_ms=0.135232 gpu_resource_sampling_overhead_ms=0.03223 semantic_gates=16/16 timing_direct=true resource_overhead_excluded=true step_sum_used=false status=PASS
sample_index=71 cpu_pipeline_ms=24.6923 gpu_pipeline_ms=7.64719 cpu_resource_sampling_overhead_ms=0.12018 gpu_resource_sampling_overhead_ms=0.03228 semantic_gates=16/16 timing_direct=true resource_overhead_excluded=true step_sum_used=false status=PASS
sample_index=72 cpu_pipeline_ms=25.0353 gpu_pipeline_ms=7.40075 cpu_resource_sampling_overhead_ms=0.115781 gpu_resource_sampling_overhead_ms=0.03233 semantic_gates=16/16 timing_direct=true resource_overhead_excluded=true step_sum_used=false status=PASS
sample_index=73 cpu_pipeline_ms=32.6221 gpu_pipeline_ms=7.38978 cpu_resource_sampling_overhead_ms=0.12339 gpu_resource_sampling_overhead_ms=0.03173 semantic_gates=16/16 timing_direct=true resource_overhead_excluded=true step_sum_used=false status=PASS
sample_index=74 cpu_pipeline_ms=25.4022 gpu_pipeline_ms=7.53812 cpu_resource_sampling_overhead_ms=0.123741 gpu_resource_sampling_overhead_ms=0.03253 semantic_gates=16/16 timing_direct=true resource_overhead_excluded=true step_sum_used=false status=PASS
sample_index=75 cpu_pipeline_ms=24.675 gpu_pipeline_ms=7.58422 cpu_resource_sampling_overhead_ms=0.131712 gpu_resource_sampling_overhead_ms=0.03208 semantic_gates=16/16 timing_direct=true resource_overhead_excluded=true step_sum_used=false status=PASS
sample_index=76 cpu_pipeline_ms=24.674 gpu_pipeline_ms=7.30301 cpu_resource_sampling_overhead_ms=0.12903 gpu_resource_sampling_overhead_ms=0.032691 semantic_gates=16/16 timing_direct=true resource_overhead_excluded=true step_sum_used=false status=PASS
sample_index=77 cpu_pipeline_ms=25.1025 gpu_pipeline_ms=7.57658 cpu_resource_sampling_overhead_ms=0.13092 gpu_resource_sampling_overhead_ms=0.033011 semantic_gates=16/16 timing_direct=true resource_overhead_excluded=true step_sum_used=false status=PASS
sample_index=78 cpu_pipeline_ms=25.1356 gpu_pipeline_ms=7.43673 cpu_resource_sampling_overhead_ms=0.122771 gpu_resource_sampling_overhead_ms=0.03223 semantic_gates=16/16 timing_direct=true resource_overhead_excluded=true step_sum_used=false status=PASS
sample_index=79 cpu_pipeline_ms=24.5888 gpu_pipeline_ms=7.55718 cpu_resource_sampling_overhead_ms=0.11554 gpu_resource_sampling_overhead_ms=0.03282 semantic_gates=16/16 timing_direct=true resource_overhead_excluded=true step_sum_used=false status=PASS
sample_index=80 cpu_pipeline_ms=24.8088 gpu_pipeline_ms=7.40982 cpu_resource_sampling_overhead_ms=0.12726 gpu_resource_sampling_overhead_ms=0.032121 semantic_gates=16/16 timing_direct=true resource_overhead_excluded=true step_sum_used=false status=PASS
sample_index=81 cpu_pipeline_ms=24.8879 gpu_pipeline_ms=7.4174 cpu_resource_sampling_overhead_ms=0.11776 gpu_resource_sampling_overhead_ms=0.032451 semantic_gates=16/16 timing_direct=true resource_overhead_excluded=true step_sum_used=false status=PASS
sample_index=82 cpu_pipeline_ms=24.7525 gpu_pipeline_ms=7.68238 cpu_resource_sampling_overhead_ms=0.11895 gpu_resource_sampling_overhead_ms=0.031891 semantic_gates=16/16 timing_direct=true resource_overhead_excluded=true step_sum_used=false status=PASS
sample_index=83 cpu_pipeline_ms=24.654 gpu_pipeline_ms=7.59504 cpu_resource_sampling_overhead_ms=0.131202 gpu_resource_sampling_overhead_ms=0.03216 semantic_gates=16/16 timing_direct=true resource_overhead_excluded=true step_sum_used=false status=PASS
sample_index=84 cpu_pipeline_ms=24.4812 gpu_pipeline_ms=7.387 cpu_resource_sampling_overhead_ms=0.13569 gpu_resource_sampling_overhead_ms=0.03222 semantic_gates=16/16 timing_direct=true resource_overhead_excluded=true step_sum_used=false status=PASS
sample_index=85 cpu_pipeline_ms=24.8963 gpu_pipeline_ms=7.45801 cpu_resource_sampling_overhead_ms=0.127431 gpu_resource_sampling_overhead_ms=0.03204 semantic_gates=16/16 timing_direct=true resource_overhead_excluded=true step_sum_used=false status=PASS
sample_index=86 cpu_pipeline_ms=24.7622 gpu_pipeline_ms=7.54969 cpu_resource_sampling_overhead_ms=0.132581 gpu_resource_sampling_overhead_ms=0.03226 semantic_gates=16/16 timing_direct=true resource_overhead_excluded=true step_sum_used=false status=PASS
sample_index=87 cpu_pipeline_ms=24.6748 gpu_pipeline_ms=7.49942 cpu_resource_sampling_overhead_ms=0.116582 gpu_resource_sampling_overhead_ms=0.03202 semantic_gates=16/16 timing_direct=true resource_overhead_excluded=true step_sum_used=false status=PASS
sample_index=88 cpu_pipeline_ms=24.8322 gpu_pipeline_ms=7.34469 cpu_resource_sampling_overhead_ms=0.13328 gpu_resource_sampling_overhead_ms=0.03102 semantic_gates=16/16 timing_direct=true resource_overhead_excluded=true step_sum_used=false status=PASS
sample_index=89 cpu_pipeline_ms=25.0295 gpu_pipeline_ms=7.43177 cpu_resource_sampling_overhead_ms=0.126601 gpu_resource_sampling_overhead_ms=0.03209 semantic_gates=16/16 timing_direct=true resource_overhead_excluded=true step_sum_used=false status=PASS
sample_index=90 cpu_pipeline_ms=24.9022 gpu_pipeline_ms=7.48186 cpu_resource_sampling_overhead_ms=0.121471 gpu_resource_sampling_overhead_ms=0.03401 semantic_gates=16/16 timing_direct=true resource_overhead_excluded=true step_sum_used=false status=PASS
sample_index=91 cpu_pipeline_ms=25.0403 gpu_pipeline_ms=7.48655 cpu_resource_sampling_overhead_ms=0.115581 gpu_resource_sampling_overhead_ms=0.03158 semantic_gates=16/16 timing_direct=true resource_overhead_excluded=true step_sum_used=false status=PASS
sample_index=92 cpu_pipeline_ms=24.7519 gpu_pipeline_ms=7.33827 cpu_resource_sampling_overhead_ms=0.131141 gpu_resource_sampling_overhead_ms=0.03265 semantic_gates=16/16 timing_direct=true resource_overhead_excluded=true step_sum_used=false status=PASS
sample_index=93 cpu_pipeline_ms=25.2138 gpu_pipeline_ms=7.41092 cpu_resource_sampling_overhead_ms=0.136902 gpu_resource_sampling_overhead_ms=0.03204 semantic_gates=16/16 timing_direct=true resource_overhead_excluded=true step_sum_used=false status=PASS
sample_index=94 cpu_pipeline_ms=24.8876 gpu_pipeline_ms=7.46239 cpu_resource_sampling_overhead_ms=0.119281 gpu_resource_sampling_overhead_ms=0.03184 semantic_gates=16/16 timing_direct=true resource_overhead_excluded=true step_sum_used=false status=PASS
sample_index=95 cpu_pipeline_ms=24.6959 gpu_pipeline_ms=7.52592 cpu_resource_sampling_overhead_ms=0.129421 gpu_resource_sampling_overhead_ms=0.03191 semantic_gates=16/16 timing_direct=true resource_overhead_excluded=true step_sum_used=false status=PASS
sample_index=96 cpu_pipeline_ms=24.9609 gpu_pipeline_ms=7.31938 cpu_resource_sampling_overhead_ms=0.11862 gpu_resource_sampling_overhead_ms=0.05049 semantic_gates=16/16 timing_direct=true resource_overhead_excluded=true step_sum_used=false status=PASS
sample_index=97 cpu_pipeline_ms=25.1894 gpu_pipeline_ms=7.30233 cpu_resource_sampling_overhead_ms=0.12973 gpu_resource_sampling_overhead_ms=0.03199 semantic_gates=16/16 timing_direct=true resource_overhead_excluded=true step_sum_used=false status=PASS
sample_index=98 cpu_pipeline_ms=24.9425 gpu_pipeline_ms=7.33682 cpu_resource_sampling_overhead_ms=0.117221 gpu_resource_sampling_overhead_ms=0.03282 semantic_gates=16/16 timing_direct=true resource_overhead_excluded=true step_sum_used=false status=PASS
sample_index=99 cpu_pipeline_ms=24.6444 gpu_pipeline_ms=7.55895 cpu_resource_sampling_overhead_ms=0.130171 gpu_resource_sampling_overhead_ms=0.032071 semantic_gates=16/16 timing_direct=true resource_overhead_excluded=true step_sum_used=false status=PASS
function=Task2 frozen full six-step pipeline
call_chain=Step1->Step2;Step2+Step1->Step3;Step3 dual outputs->Step4;Step4->Step5;Step5+Step4+Kalman/delay->Step6
timing=pipeline_total measured directly;not=sum(step timings)
cpu_correlation_method=direct_parallel_exact workers=224
resource_sampling_mode=same_pipeline_execution
status=PASS return_code=0
