sample_index=0 cpu_pipeline_ms=81.3585 gpu_pipeline_ms=11.4621 cpu_resource_sampling_overhead_ms=0.146881 gpu_resource_sampling_overhead_ms=0.032291 semantic_gates=16/16 timing_direct=true resource_overhead_excluded=true step_sum_used=false status=PASS
sample_index=1 cpu_pipeline_ms=81.1293 gpu_pipeline_ms=11.3586 cpu_resource_sampling_overhead_ms=0.14085 gpu_resource_sampling_overhead_ms=0.03183 semantic_gates=16/16 timing_direct=true resource_overhead_excluded=true step_sum_used=false status=PASS
sample_index=2 cpu_pipeline_ms=82.3109 gpu_pipeline_ms=11.32 cpu_resource_sampling_overhead_ms=0.154231 gpu_resource_sampling_overhead_ms=0.03166 semantic_gates=16/16 timing_direct=true resource_overhead_excluded=true step_sum_used=false status=PASS
sample_index=3 cpu_pipeline_ms=81.4858 gpu_pipeline_ms=11.7148 cpu_resource_sampling_overhead_ms=0.142772 gpu_resource_sampling_overhead_ms=0.03265 semantic_gates=16/16 timing_direct=true resource_overhead_excluded=true step_sum_used=false status=PASS
sample_index=4 cpu_pipeline_ms=81.5013 gpu_pipeline_ms=12.4697 cpu_resource_sampling_overhead_ms=0.138172 gpu_resource_sampling_overhead_ms=0.035481 semantic_gates=16/16 timing_direct=true resource_overhead_excluded=true step_sum_used=false status=PASS
sample_index=5 cpu_pipeline_ms=81.6818 gpu_pipeline_ms=12.3729 cpu_resource_sampling_overhead_ms=0.144373 gpu_resource_sampling_overhead_ms=0.034091 semantic_gates=16/16 timing_direct=true resource_overhead_excluded=true step_sum_used=false status=PASS
sample_index=6 cpu_pipeline_ms=81.8491 gpu_pipeline_ms=12.4273 cpu_resource_sampling_overhead_ms=0.148002 gpu_resource_sampling_overhead_ms=0.033671 semantic_gates=16/16 timing_direct=true resource_overhead_excluded=true step_sum_used=false status=PASS
sample_index=7 cpu_pipeline_ms=81.1 gpu_pipeline_ms=11.4794 cpu_resource_sampling_overhead_ms=0.14548 gpu_resource_sampling_overhead_ms=0.03246 semantic_gates=16/16 timing_direct=true resource_overhead_excluded=true step_sum_used=false status=PASS
sample_index=8 cpu_pipeline_ms=80.5658 gpu_pipeline_ms=11.3006 cpu_resource_sampling_overhead_ms=0.14616 gpu_resource_sampling_overhead_ms=0.03215 semantic_gates=16/16 timing_direct=true resource_overhead_excluded=true step_sum_used=false status=PASS
sample_index=9 cpu_pipeline_ms=80.2773 gpu_pipeline_ms=11.3277 cpu_resource_sampling_overhead_ms=0.149283 gpu_resource_sampling_overhead_ms=0.03197 semantic_gates=16/16 timing_direct=true resource_overhead_excluded=true step_sum_used=false status=PASS
sample_index=10 cpu_pipeline_ms=80.42 gpu_pipeline_ms=11.3462 cpu_resource_sampling_overhead_ms=0.150572 gpu_resource_sampling_overhead_ms=0.0319 semantic_gates=16/16 timing_direct=true resource_overhead_excluded=true step_sum_used=false status=PASS
sample_index=11 cpu_pipeline_ms=80.2858 gpu_pipeline_ms=11.4246 cpu_resource_sampling_overhead_ms=0.143291 gpu_resource_sampling_overhead_ms=0.03198 semantic_gates=16/16 timing_direct=true resource_overhead_excluded=true step_sum_used=false status=PASS
sample_index=12 cpu_pipeline_ms=97.9297 gpu_pipeline_ms=11.4094 cpu_resource_sampling_overhead_ms=0.16668 gpu_resource_sampling_overhead_ms=0.03168 semantic_gates=16/16 timing_direct=true resource_overhead_excluded=true step_sum_used=false status=PASS
sample_index=13 cpu_pipeline_ms=80.782 gpu_pipeline_ms=11.3539 cpu_resource_sampling_overhead_ms=0.192821 gpu_resource_sampling_overhead_ms=0.032 semantic_gates=16/16 timing_direct=true resource_overhead_excluded=true step_sum_used=false status=PASS
sample_index=14 cpu_pipeline_ms=80.4 gpu_pipeline_ms=11.4579 cpu_resource_sampling_overhead_ms=0.141362 gpu_resource_sampling_overhead_ms=0.03163 semantic_gates=16/16 timing_direct=true resource_overhead_excluded=true step_sum_used=false status=PASS
sample_index=15 cpu_pipeline_ms=80.2022 gpu_pipeline_ms=11.3109 cpu_resource_sampling_overhead_ms=0.153311 gpu_resource_sampling_overhead_ms=0.03163 semantic_gates=16/16 timing_direct=true resource_overhead_excluded=true step_sum_used=false status=PASS
sample_index=16 cpu_pipeline_ms=80.3549 gpu_pipeline_ms=11.2669 cpu_resource_sampling_overhead_ms=0.132551 gpu_resource_sampling_overhead_ms=0.03209 semantic_gates=16/16 timing_direct=true resource_overhead_excluded=true step_sum_used=false status=PASS
sample_index=17 cpu_pipeline_ms=80.2472 gpu_pipeline_ms=11.2033 cpu_resource_sampling_overhead_ms=0.148921 gpu_resource_sampling_overhead_ms=0.03233 semantic_gates=16/16 timing_direct=true resource_overhead_excluded=true step_sum_used=false status=PASS
sample_index=18 cpu_pipeline_ms=87.5489 gpu_pipeline_ms=11.3979 cpu_resource_sampling_overhead_ms=0.152453 gpu_resource_sampling_overhead_ms=0.03209 semantic_gates=16/16 timing_direct=true resource_overhead_excluded=true step_sum_used=false status=PASS
sample_index=19 cpu_pipeline_ms=81.1979 gpu_pipeline_ms=11.6306 cpu_resource_sampling_overhead_ms=0.1505 gpu_resource_sampling_overhead_ms=0.03175 semantic_gates=16/16 timing_direct=true resource_overhead_excluded=true step_sum_used=false status=PASS
sample_index=20 cpu_pipeline_ms=80.8547 gpu_pipeline_ms=11.3665 cpu_resource_sampling_overhead_ms=0.135202 gpu_resource_sampling_overhead_ms=0.03199 semantic_gates=16/16 timing_direct=true resource_overhead_excluded=true step_sum_used=false status=PASS
sample_index=21 cpu_pipeline_ms=82.851 gpu_pipeline_ms=11.2277 cpu_resource_sampling_overhead_ms=0.14735 gpu_resource_sampling_overhead_ms=0.03218 semantic_gates=16/16 timing_direct=true resource_overhead_excluded=true step_sum_used=false status=PASS
sample_index=22 cpu_pipeline_ms=80.9697 gpu_pipeline_ms=11.441 cpu_resource_sampling_overhead_ms=0.145173 gpu_resource_sampling_overhead_ms=0.03175 semantic_gates=16/16 timing_direct=true resource_overhead_excluded=true step_sum_used=false status=PASS
sample_index=23 cpu_pipeline_ms=81.3782 gpu_pipeline_ms=11.4455 cpu_resource_sampling_overhead_ms=0.136471 gpu_resource_sampling_overhead_ms=0.032251 semantic_gates=16/16 timing_direct=true resource_overhead_excluded=true step_sum_used=false status=PASS
sample_index=24 cpu_pipeline_ms=83.3662 gpu_pipeline_ms=11.4422 cpu_resource_sampling_overhead_ms=0.144311 gpu_resource_sampling_overhead_ms=0.03278 semantic_gates=16/16 timing_direct=true resource_overhead_excluded=true step_sum_used=false status=PASS
sample_index=25 cpu_pipeline_ms=79.9712 gpu_pipeline_ms=11.3726 cpu_resource_sampling_overhead_ms=0.15319 gpu_resource_sampling_overhead_ms=0.03229 semantic_gates=16/16 timing_direct=true resource_overhead_excluded=true step_sum_used=false status=PASS
sample_index=26 cpu_pipeline_ms=80.304 gpu_pipeline_ms=11.4068 cpu_resource_sampling_overhead_ms=0.153272 gpu_resource_sampling_overhead_ms=0.0321 semantic_gates=16/16 timing_direct=true resource_overhead_excluded=true step_sum_used=false status=PASS
sample_index=27 cpu_pipeline_ms=81.0003 gpu_pipeline_ms=11.4358 cpu_resource_sampling_overhead_ms=0.140442 gpu_resource_sampling_overhead_ms=0.03214 semantic_gates=16/16 timing_direct=true resource_overhead_excluded=true step_sum_used=false status=PASS
sample_index=28 cpu_pipeline_ms=82.9596 gpu_pipeline_ms=11.4581 cpu_resource_sampling_overhead_ms=0.146762 gpu_resource_sampling_overhead_ms=0.03211 semantic_gates=16/16 timing_direct=true resource_overhead_excluded=true step_sum_used=false status=PASS
sample_index=29 cpu_pipeline_ms=80.3392 gpu_pipeline_ms=11.5183 cpu_resource_sampling_overhead_ms=0.153561 gpu_resource_sampling_overhead_ms=0.03187 semantic_gates=16/16 timing_direct=true resource_overhead_excluded=true step_sum_used=false status=PASS
sample_index=30 cpu_pipeline_ms=80.367 gpu_pipeline_ms=11.4062 cpu_resource_sampling_overhead_ms=0.14343 gpu_resource_sampling_overhead_ms=0.03206 semantic_gates=16/16 timing_direct=true resource_overhead_excluded=true step_sum_used=false status=PASS
sample_index=31 cpu_pipeline_ms=80.429 gpu_pipeline_ms=11.4297 cpu_resource_sampling_overhead_ms=0.14083 gpu_resource_sampling_overhead_ms=0.031751 semantic_gates=16/16 timing_direct=true resource_overhead_excluded=true step_sum_used=false status=PASS
sample_index=32 cpu_pipeline_ms=80.9371 gpu_pipeline_ms=11.3475 cpu_resource_sampling_overhead_ms=0.158581 gpu_resource_sampling_overhead_ms=0.0322 semantic_gates=16/16 timing_direct=true resource_overhead_excluded=true step_sum_used=false status=PASS
sample_index=33 cpu_pipeline_ms=83.9974 gpu_pipeline_ms=11.4119 cpu_resource_sampling_overhead_ms=0.164281 gpu_resource_sampling_overhead_ms=0.032 semantic_gates=16/16 timing_direct=true resource_overhead_excluded=true step_sum_used=false status=PASS
sample_index=34 cpu_pipeline_ms=81.5365 gpu_pipeline_ms=11.763 cpu_resource_sampling_overhead_ms=0.152363 gpu_resource_sampling_overhead_ms=0.03159 semantic_gates=16/16 timing_direct=true resource_overhead_excluded=true step_sum_used=false status=PASS
sample_index=35 cpu_pipeline_ms=80.4425 gpu_pipeline_ms=11.8111 cpu_resource_sampling_overhead_ms=0.145533 gpu_resource_sampling_overhead_ms=0.03204 semantic_gates=16/16 timing_direct=true resource_overhead_excluded=true step_sum_used=false status=PASS
sample_index=36 cpu_pipeline_ms=80.5351 gpu_pipeline_ms=11.7767 cpu_resource_sampling_overhead_ms=0.149921 gpu_resource_sampling_overhead_ms=0.03204 semantic_gates=16/16 timing_direct=true resource_overhead_excluded=true step_sum_used=false status=PASS
sample_index=37 cpu_pipeline_ms=84.1212 gpu_pipeline_ms=11.7352 cpu_resource_sampling_overhead_ms=0.147773 gpu_resource_sampling_overhead_ms=0.031941 semantic_gates=16/16 timing_direct=true resource_overhead_excluded=true step_sum_used=false status=PASS
sample_index=38 cpu_pipeline_ms=80.3253 gpu_pipeline_ms=11.9314 cpu_resource_sampling_overhead_ms=0.13547 gpu_resource_sampling_overhead_ms=0.03259 semantic_gates=16/16 timing_direct=true resource_overhead_excluded=true step_sum_used=false status=PASS
sample_index=39 cpu_pipeline_ms=80.2784 gpu_pipeline_ms=11.6346 cpu_resource_sampling_overhead_ms=0.14376 gpu_resource_sampling_overhead_ms=0.03226 semantic_gates=16/16 timing_direct=true resource_overhead_excluded=true step_sum_used=false status=PASS
sample_index=40 cpu_pipeline_ms=81.0044 gpu_pipeline_ms=11.6947 cpu_resource_sampling_overhead_ms=0.158722 gpu_resource_sampling_overhead_ms=0.031632 semantic_gates=16/16 timing_direct=true resource_overhead_excluded=true step_sum_used=false status=PASS
sample_index=41 cpu_pipeline_ms=80.5613 gpu_pipeline_ms=11.7436 cpu_resource_sampling_overhead_ms=0.167762 gpu_resource_sampling_overhead_ms=0.03211 semantic_gates=16/16 timing_direct=true resource_overhead_excluded=true step_sum_used=false status=PASS
sample_index=42 cpu_pipeline_ms=80.5775 gpu_pipeline_ms=11.3613 cpu_resource_sampling_overhead_ms=0.148701 gpu_resource_sampling_overhead_ms=0.03208 semantic_gates=16/16 timing_direct=true resource_overhead_excluded=true step_sum_used=false status=PASS
sample_index=43 cpu_pipeline_ms=80.8571 gpu_pipeline_ms=11.4167 cpu_resource_sampling_overhead_ms=0.143862 gpu_resource_sampling_overhead_ms=0.03203 semantic_gates=16/16 timing_direct=true resource_overhead_excluded=true step_sum_used=false status=PASS
sample_index=44 cpu_pipeline_ms=80.5379 gpu_pipeline_ms=11.3576 cpu_resource_sampling_overhead_ms=0.146881 gpu_resource_sampling_overhead_ms=0.03182 semantic_gates=16/16 timing_direct=true resource_overhead_excluded=true step_sum_used=false status=PASS
sample_index=45 cpu_pipeline_ms=80.7099 gpu_pipeline_ms=11.4737 cpu_resource_sampling_overhead_ms=0.144502 gpu_resource_sampling_overhead_ms=0.03218 semantic_gates=16/16 timing_direct=true resource_overhead_excluded=true step_sum_used=false status=PASS
sample_index=46 cpu_pipeline_ms=80.8106 gpu_pipeline_ms=11.426 cpu_resource_sampling_overhead_ms=0.147521 gpu_resource_sampling_overhead_ms=0.04264 semantic_gates=16/16 timing_direct=true resource_overhead_excluded=true step_sum_used=false status=PASS
sample_index=47 cpu_pipeline_ms=80.4241 gpu_pipeline_ms=11.3863 cpu_resource_sampling_overhead_ms=0.15766 gpu_resource_sampling_overhead_ms=0.03224 semantic_gates=16/16 timing_direct=true resource_overhead_excluded=true step_sum_used=false status=PASS
sample_index=48 cpu_pipeline_ms=80.4736 gpu_pipeline_ms=11.4225 cpu_resource_sampling_overhead_ms=0.139861 gpu_resource_sampling_overhead_ms=0.03193 semantic_gates=16/16 timing_direct=true resource_overhead_excluded=true step_sum_used=false status=PASS
sample_index=49 cpu_pipeline_ms=80.3029 gpu_pipeline_ms=11.3985 cpu_resource_sampling_overhead_ms=0.144312 gpu_resource_sampling_overhead_ms=0.03175 semantic_gates=16/16 timing_direct=true resource_overhead_excluded=true step_sum_used=false status=PASS
sample_index=50 cpu_pipeline_ms=80.6519 gpu_pipeline_ms=11.4429 cpu_resource_sampling_overhead_ms=0.149792 gpu_resource_sampling_overhead_ms=0.03259 semantic_gates=16/16 timing_direct=true resource_overhead_excluded=true step_sum_used=false status=PASS
sample_index=51 cpu_pipeline_ms=80.4303 gpu_pipeline_ms=11.4593 cpu_resource_sampling_overhead_ms=0.143002 gpu_resource_sampling_overhead_ms=0.0327 semantic_gates=16/16 timing_direct=true resource_overhead_excluded=true step_sum_used=false status=PASS
sample_index=52 cpu_pipeline_ms=80.5165 gpu_pipeline_ms=11.4149 cpu_resource_sampling_overhead_ms=0.15856 gpu_resource_sampling_overhead_ms=0.03208 semantic_gates=16/16 timing_direct=true resource_overhead_excluded=true step_sum_used=false status=PASS
sample_index=53 cpu_pipeline_ms=80.3183 gpu_pipeline_ms=11.3205 cpu_resource_sampling_overhead_ms=0.150471 gpu_resource_sampling_overhead_ms=0.03214 semantic_gates=16/16 timing_direct=true resource_overhead_excluded=true step_sum_used=false status=PASS
sample_index=54 cpu_pipeline_ms=83.0148 gpu_pipeline_ms=11.9203 cpu_resource_sampling_overhead_ms=0.147071 gpu_resource_sampling_overhead_ms=0.03274 semantic_gates=16/16 timing_direct=true resource_overhead_excluded=true step_sum_used=false status=PASS
sample_index=55 cpu_pipeline_ms=80.492 gpu_pipeline_ms=11.5394 cpu_resource_sampling_overhead_ms=0.142121 gpu_resource_sampling_overhead_ms=0.032431 semantic_gates=16/16 timing_direct=true resource_overhead_excluded=true step_sum_used=false status=PASS
sample_index=56 cpu_pipeline_ms=80.6439 gpu_pipeline_ms=11.7972 cpu_resource_sampling_overhead_ms=0.13744 gpu_resource_sampling_overhead_ms=0.034781 semantic_gates=16/16 timing_direct=true resource_overhead_excluded=true step_sum_used=false status=PASS
sample_index=57 cpu_pipeline_ms=81.8784 gpu_pipeline_ms=11.3867 cpu_resource_sampling_overhead_ms=0.143612 gpu_resource_sampling_overhead_ms=0.03255 semantic_gates=16/16 timing_direct=true resource_overhead_excluded=true step_sum_used=false status=PASS
sample_index=58 cpu_pipeline_ms=81.2598 gpu_pipeline_ms=11.5092 cpu_resource_sampling_overhead_ms=0.144791 gpu_resource_sampling_overhead_ms=0.03155 semantic_gates=16/16 timing_direct=true resource_overhead_excluded=true step_sum_used=false status=PASS
sample_index=59 cpu_pipeline_ms=80.2229 gpu_pipeline_ms=11.3354 cpu_resource_sampling_overhead_ms=0.140242 gpu_resource_sampling_overhead_ms=0.031711 semantic_gates=16/16 timing_direct=true resource_overhead_excluded=true step_sum_used=false status=PASS
sample_index=60 cpu_pipeline_ms=80.3266 gpu_pipeline_ms=11.376 cpu_resource_sampling_overhead_ms=0.14463 gpu_resource_sampling_overhead_ms=0.03215 semantic_gates=16/16 timing_direct=true resource_overhead_excluded=true step_sum_used=false status=PASS
sample_index=61 cpu_pipeline_ms=82.89 gpu_pipeline_ms=11.6495 cpu_resource_sampling_overhead_ms=0.144222 gpu_resource_sampling_overhead_ms=0.03227 semantic_gates=16/16 timing_direct=true resource_overhead_excluded=true step_sum_used=false status=PASS
sample_index=62 cpu_pipeline_ms=80.0089 gpu_pipeline_ms=11.367 cpu_resource_sampling_overhead_ms=0.148442 gpu_resource_sampling_overhead_ms=0.032161 semantic_gates=16/16 timing_direct=true resource_overhead_excluded=true step_sum_used=false status=PASS
sample_index=63 cpu_pipeline_ms=80.7422 gpu_pipeline_ms=11.6489 cpu_resource_sampling_overhead_ms=0.14193 gpu_resource_sampling_overhead_ms=0.03218 semantic_gates=16/16 timing_direct=true resource_overhead_excluded=true step_sum_used=false status=PASS
sample_index=64 cpu_pipeline_ms=81.3446 gpu_pipeline_ms=11.3725 cpu_resource_sampling_overhead_ms=0.142431 gpu_resource_sampling_overhead_ms=0.03247 semantic_gates=16/16 timing_direct=true resource_overhead_excluded=true step_sum_used=false status=PASS
sample_index=65 cpu_pipeline_ms=80.2508 gpu_pipeline_ms=11.3886 cpu_resource_sampling_overhead_ms=0.14052 gpu_resource_sampling_overhead_ms=0.03225 semantic_gates=16/16 timing_direct=true resource_overhead_excluded=true step_sum_used=false status=PASS
sample_index=66 cpu_pipeline_ms=79.9991 gpu_pipeline_ms=11.5702 cpu_resource_sampling_overhead_ms=0.143112 gpu_resource_sampling_overhead_ms=0.03166 semantic_gates=16/16 timing_direct=true resource_overhead_excluded=true step_sum_used=false status=PASS
sample_index=67 cpu_pipeline_ms=84.1076 gpu_pipeline_ms=11.3655 cpu_resource_sampling_overhead_ms=0.147613 gpu_resource_sampling_overhead_ms=0.03217 semantic_gates=16/16 timing_direct=true resource_overhead_excluded=true step_sum_used=false status=PASS
sample_index=68 cpu_pipeline_ms=82.8458 gpu_pipeline_ms=11.8145 cpu_resource_sampling_overhead_ms=0.142002 gpu_resource_sampling_overhead_ms=0.031771 semantic_gates=16/16 timing_direct=true resource_overhead_excluded=true step_sum_used=false status=PASS
sample_index=69 cpu_pipeline_ms=80.3349 gpu_pipeline_ms=11.3409 cpu_resource_sampling_overhead_ms=0.15069 gpu_resource_sampling_overhead_ms=0.03219 semantic_gates=16/16 timing_direct=true resource_overhead_excluded=true step_sum_used=false status=PASS
sample_index=70 cpu_pipeline_ms=80.2581 gpu_pipeline_ms=11.4028 cpu_resource_sampling_overhead_ms=0.135602 gpu_resource_sampling_overhead_ms=0.032451 semantic_gates=16/16 timing_direct=true resource_overhead_excluded=true step_sum_used=false status=PASS
sample_index=71 cpu_pipeline_ms=80.8231 gpu_pipeline_ms=11.3382 cpu_resource_sampling_overhead_ms=0.155092 gpu_resource_sampling_overhead_ms=0.03235 semantic_gates=16/16 timing_direct=true resource_overhead_excluded=true step_sum_used=false status=PASS
sample_index=72 cpu_pipeline_ms=80.4145 gpu_pipeline_ms=11.6016 cpu_resource_sampling_overhead_ms=0.141641 gpu_resource_sampling_overhead_ms=0.03207 semantic_gates=16/16 timing_direct=true resource_overhead_excluded=true step_sum_used=false status=PASS
sample_index=73 cpu_pipeline_ms=80.138 gpu_pipeline_ms=13.1376 cpu_resource_sampling_overhead_ms=0.145961 gpu_resource_sampling_overhead_ms=0.0329 semantic_gates=16/16 timing_direct=true resource_overhead_excluded=true step_sum_used=false status=PASS
sample_index=74 cpu_pipeline_ms=80.1489 gpu_pipeline_ms=11.5104 cpu_resource_sampling_overhead_ms=0.156672 gpu_resource_sampling_overhead_ms=0.032611 semantic_gates=16/16 timing_direct=true resource_overhead_excluded=true step_sum_used=false status=PASS
sample_index=75 cpu_pipeline_ms=80.1414 gpu_pipeline_ms=11.4109 cpu_resource_sampling_overhead_ms=0.145002 gpu_resource_sampling_overhead_ms=0.03205 semantic_gates=16/16 timing_direct=true resource_overhead_excluded=true step_sum_used=false status=PASS
sample_index=76 cpu_pipeline_ms=81.0793 gpu_pipeline_ms=11.5203 cpu_resource_sampling_overhead_ms=0.156661 gpu_resource_sampling_overhead_ms=0.03205 semantic_gates=16/16 timing_direct=true resource_overhead_excluded=true step_sum_used=false status=PASS
sample_index=77 cpu_pipeline_ms=80.8411 gpu_pipeline_ms=11.6168 cpu_resource_sampling_overhead_ms=0.141772 gpu_resource_sampling_overhead_ms=0.03191 semantic_gates=16/16 timing_direct=true resource_overhead_excluded=true step_sum_used=false status=PASS
sample_index=78 cpu_pipeline_ms=80.2404 gpu_pipeline_ms=11.5023 cpu_resource_sampling_overhead_ms=0.15021 gpu_resource_sampling_overhead_ms=0.03232 semantic_gates=16/16 timing_direct=true resource_overhead_excluded=true step_sum_used=false status=PASS
sample_index=79 cpu_pipeline_ms=80.284 gpu_pipeline_ms=11.7245 cpu_resource_sampling_overhead_ms=0.142063 gpu_resource_sampling_overhead_ms=0.03242 semantic_gates=16/16 timing_direct=true resource_overhead_excluded=true step_sum_used=false status=PASS
sample_index=80 cpu_pipeline_ms=82.7747 gpu_pipeline_ms=11.4358 cpu_resource_sampling_overhead_ms=0.175911 gpu_resource_sampling_overhead_ms=0.032351 semantic_gates=16/16 timing_direct=true resource_overhead_excluded=true step_sum_used=false status=PASS
sample_index=81 cpu_pipeline_ms=80.6303 gpu_pipeline_ms=11.4284 cpu_resource_sampling_overhead_ms=0.143791 gpu_resource_sampling_overhead_ms=0.032051 semantic_gates=16/16 timing_direct=true resource_overhead_excluded=true step_sum_used=false status=PASS
sample_index=82 cpu_pipeline_ms=80.4174 gpu_pipeline_ms=11.479 cpu_resource_sampling_overhead_ms=0.15452 gpu_resource_sampling_overhead_ms=0.03264 semantic_gates=16/16 timing_direct=true resource_overhead_excluded=true step_sum_used=false status=PASS
sample_index=83 cpu_pipeline_ms=80.3398 gpu_pipeline_ms=11.4969 cpu_resource_sampling_overhead_ms=0.145532 gpu_resource_sampling_overhead_ms=0.03268 semantic_gates=16/16 timing_direct=true resource_overhead_excluded=true step_sum_used=false status=PASS
sample_index=84 cpu_pipeline_ms=80.447 gpu_pipeline_ms=11.6243 cpu_resource_sampling_overhead_ms=0.156711 gpu_resource_sampling_overhead_ms=0.03191 semantic_gates=16/16 timing_direct=true resource_overhead_excluded=true step_sum_used=false status=PASS
sample_index=85 cpu_pipeline_ms=81.1199 gpu_pipeline_ms=11.479 cpu_resource_sampling_overhead_ms=0.15607 gpu_resource_sampling_overhead_ms=0.03153 semantic_gates=16/16 timing_direct=true resource_overhead_excluded=true step_sum_used=false status=PASS
sample_index=86 cpu_pipeline_ms=82.7351 gpu_pipeline_ms=11.5467 cpu_resource_sampling_overhead_ms=0.149924 gpu_resource_sampling_overhead_ms=0.031841 semantic_gates=16/16 timing_direct=true resource_overhead_excluded=true step_sum_used=false status=PASS
sample_index=87 cpu_pipeline_ms=80.4212 gpu_pipeline_ms=11.6513 cpu_resource_sampling_overhead_ms=0.158772 gpu_resource_sampling_overhead_ms=0.03239 semantic_gates=16/16 timing_direct=true resource_overhead_excluded=true step_sum_used=false status=PASS
sample_index=88 cpu_pipeline_ms=80.3477 gpu_pipeline_ms=11.6435 cpu_resource_sampling_overhead_ms=0.157681 gpu_resource_sampling_overhead_ms=0.032332 semantic_gates=16/16 timing_direct=true resource_overhead_excluded=true step_sum_used=false status=PASS
sample_index=89 cpu_pipeline_ms=80.8502 gpu_pipeline_ms=11.7147 cpu_resource_sampling_overhead_ms=0.178552 gpu_resource_sampling_overhead_ms=0.032591 semantic_gates=16/16 timing_direct=true resource_overhead_excluded=true step_sum_used=false status=PASS
sample_index=90 cpu_pipeline_ms=80.1789 gpu_pipeline_ms=11.7643 cpu_resource_sampling_overhead_ms=0.145511 gpu_resource_sampling_overhead_ms=0.03359 semantic_gates=16/16 timing_direct=true resource_overhead_excluded=true step_sum_used=false status=PASS
sample_index=91 cpu_pipeline_ms=81.3937 gpu_pipeline_ms=11.4405 cpu_resource_sampling_overhead_ms=0.160282 gpu_resource_sampling_overhead_ms=0.03268 semantic_gates=16/16 timing_direct=true resource_overhead_excluded=true step_sum_used=false status=PASS
sample_index=92 cpu_pipeline_ms=80.2433 gpu_pipeline_ms=11.6753 cpu_resource_sampling_overhead_ms=0.161881 gpu_resource_sampling_overhead_ms=0.0319 semantic_gates=16/16 timing_direct=true resource_overhead_excluded=true step_sum_used=false status=PASS
sample_index=93 cpu_pipeline_ms=80.3882 gpu_pipeline_ms=11.598 cpu_resource_sampling_overhead_ms=0.149001 gpu_resource_sampling_overhead_ms=0.032942 semantic_gates=16/16 timing_direct=true resource_overhead_excluded=true step_sum_used=false status=PASS
sample_index=94 cpu_pipeline_ms=80.3092 gpu_pipeline_ms=11.6353 cpu_resource_sampling_overhead_ms=0.145842 gpu_resource_sampling_overhead_ms=0.03278 semantic_gates=16/16 timing_direct=true resource_overhead_excluded=true step_sum_used=false status=PASS
sample_index=95 cpu_pipeline_ms=80.2188 gpu_pipeline_ms=11.6391 cpu_resource_sampling_overhead_ms=0.155792 gpu_resource_sampling_overhead_ms=0.032361 semantic_gates=16/16 timing_direct=true resource_overhead_excluded=true step_sum_used=false status=PASS
sample_index=96 cpu_pipeline_ms=80.5309 gpu_pipeline_ms=11.6351 cpu_resource_sampling_overhead_ms=0.167512 gpu_resource_sampling_overhead_ms=0.03183 semantic_gates=16/16 timing_direct=true resource_overhead_excluded=true step_sum_used=false status=PASS
sample_index=97 cpu_pipeline_ms=80.4475 gpu_pipeline_ms=11.7055 cpu_resource_sampling_overhead_ms=0.153612 gpu_resource_sampling_overhead_ms=0.03216 semantic_gates=16/16 timing_direct=true resource_overhead_excluded=true step_sum_used=false status=PASS
sample_index=98 cpu_pipeline_ms=80.588 gpu_pipeline_ms=11.5405 cpu_resource_sampling_overhead_ms=0.170373 gpu_resource_sampling_overhead_ms=0.03262 semantic_gates=16/16 timing_direct=true resource_overhead_excluded=true step_sum_used=false status=PASS
sample_index=99 cpu_pipeline_ms=80.561 gpu_pipeline_ms=11.6479 cpu_resource_sampling_overhead_ms=0.162463 gpu_resource_sampling_overhead_ms=0.03271 semantic_gates=16/16 timing_direct=true resource_overhead_excluded=true step_sum_used=false status=PASS
function=Task2 frozen full six-step pipeline
call_chain=Step1->Step2;Step2+Step1->Step3;Step3 dual outputs->Step4;Step4->Step5;Step5+Step4+Kalman/delay->Step6
timing=pipeline_total measured directly;not=sum(step timings)
cpu_correlation_method=direct_parallel_exact workers=255
resource_sampling_mode=same_pipeline_execution
status=PASS return_code=0
