command=build_stage08_b05_detrend_2140b2b84ec4/stage08_filtering_detrend --dtype INT16 --mode linear --breakpoints 25|50|75 --rank 2 --rows 100 --cols 100 --axis 0 --seed 85140003 --warmup 20 --measured 100 --output /tmp/ZKX_dev/results/stage08_input_preview_b05_detrend_652061b694fc/formal/20260810T084555Z_652061b694fc_stage08_b05_formal_8561000b/detrend_probe_raw.json
STAGE08_DETREND_PROBE PASS dtype=INT16 mode=linear
{"run_id": "20260810T084555Z_652061b694fc_stage08_b05_formal_8561000b", "case_id": "detrend__detrend_int16_10e4__3165df9088207b1b", "operator_name": "detrend", "scale_id": "detrend_int16_10e4", "requested_dtype": "INT16", "output_dtype": "FP64", "backend": "not_applicable", "mode": "linear", "axis": 0, "breakpoints": [25, 50, 75], "rank": 2, "warmup_runs": 20, "measured_runs": 100, "mse": 1.15459e-10, "rmse": 1.07452e-05, "relative_l2": 1.53907e-05, "relative_linf": 3.56205e-05, "status": "PASS", "error_code": "OK"}
[stage08] identity and status
+---------+--------------------+--------+----------------+-------+--------+----------+--------------------------+--------+------------+
| target  | scale_id           | device | backend        | dtype | warmup | measured | timing_scope             | status | error_code |
+---------+--------------------+--------+----------------+-------+--------+----------+--------------------------+--------+------------+
| detrend | detrend_int16_10e4 | CPU    | not_applicable | INT16 | 20     | 100      | compatibility/end-to-end | PASS   | OK         |
| detrend | detrend_int16_10e4 | GPU    | not_applicable | INT16 | 20     | 100      | compatibility/end-to-end | PASS   | OK         |
+---------+--------------------+--------+----------------+-------+--------+----------+--------------------------+--------+------------+

[stage08] timing detail
+--------+---------------------+---------------------+---------------------+---------------------+---------------------+---------------------+----------------------+-----------------------+---------------------+
| device | mean_ms             | p50_ms              | p95_ms              | p99_ms              | min_ms              | max_ms              | std_ms               | cv                    | speedup             |
+--------+---------------------+---------------------+---------------------+---------------------+---------------------+---------------------+----------------------+-----------------------+---------------------+
| CPU    | 0.32724162999999995 | 0.326677            | 0.33459499999999998 | 0.33788970000000002 | 0.32225100000000001 | 0.34063199999999999 | 0.002760712359718049 | 0.0084363116016689232 | NA                  |
| GPU    | 0.63677919000000005 | 0.62315299999999996 | 0.70505504999999991 | 0.77728360000000152 | 0.60919299999999998 | 1.062265            | 0.052143473506412095 | 0.081886271293526561  | 0.51390126301080896 |
+--------+---------------------+---------------------+---------------------+---------------------+---------------------+---------------------+----------------------+-----------------------+---------------------+

[stage08] accuracy detail
+-----------------------+-------------+-------------+-------------+---------------+-------------+----------------+--------------------------------------------------------+--------+
| accuracy_reference    | mse         | rmse        | relative_l2 | relative_linf | exact_match | mismatch_count | semantic_check                                         | status |
+-----------------------+-------------+-------------+-------------+---------------+-------------+----------------+--------------------------------------------------------+--------+
| cpu_detrend_reference | 1.15459e-10 | 1.07452e-05 | 1.53907e-05 | 3.56205e-05   | NA          | NA             | shape_axis_mode_breakpoints_and_output_dtype_match_cpu | PASS   |
+-----------------------+-------------+-------------+-------------+---------------+-------------+----------------+--------------------------------------------------------+--------+

[stage08] resource detail
+--------+------------+--------------+-------------+------------+-------------+
| device | metric     | before_bytes | after_bytes | peak_bytes | delta_bytes |
+--------+------------+--------------+-------------+------------+-------------+
| CPU    | cpu_heap   | 1560416      | 1583168     | 1663184    | 22752       |
| CPU    | rss        | 70586368     | 70586368    | 70586368   | 0           |
| GPU    | cpu_heap   | 1584880      | 1668688     | 1668688    | 83808       |
| GPU    | rss        | 70959104     | 70959104    | 70959104   | 0           |
| GPU    | gpu_memory | 408322048    | 408322048   | 408322048  | 0           |
+--------+------------+--------------+-------------+------------+-------------+

[stage08] input/output identity
+--------+------------------------------------------------------------------+------------------------------------------------------------------+
| device | input_digest                                                     | output_digest                                                    |
+--------+------------------------------------------------------------------+------------------------------------------------------------------+
| CPU    | 3165df9088207b1b1b195cecc6ce26f119b99b726c87e31a5f4ce894780a23cc | 0331e4fc8c52a6b7829d5d7067095c1ffca32ec2659068e6c854dba98c623b08 |
| GPU    | 3165df9088207b1b1b195cecc6ce26f119b99b726c87e31a5f4ce894780a23cc | d3b4b60d71e596349471fae3f1618035ad42c2192e9a65f73171b2a09358ec0f |
+--------+------------------------------------------------------------------+------------------------------------------------------------------+

[stage08] input content
+------------+-----------+-------+----------+-------------------------------------------------------+-----------------------------------------------+
| input_name | shape     | dtype | elements | generator                                             | values(head4/tail2)                           |
+------------+-----------+-------+----------+-------------------------------------------------------+-----------------------------------------------+
| x          | [100x100] | INT16 | 10000    | trend_plus_modular_noise(seed=85140003,integral=true) | i=0:0;i=1:0;i=2:0;i=3:0;i=9998:500;i=9999:499 |
+------------+-----------+-------+----------+-------------------------------------------------------+-----------------------------------------------+

[stage08] case parameters
+------------------------------------------------------------------------------------------------------------------------------+
| parameters                                                                                                                   |
+------------------------------------------------------------------------------------------------------------------------------+
| {"axis":"0","breakpoints":"25|50|75","cols":"100","dtype":"INT16","mode":"linear","rank":"2","rows":"100","seed":"85140003"} |
+------------------------------------------------------------------------------------------------------------------------------+

[stage08] dtype evidence
+-----------------+--------------------+--------------+------------------------------------------------------------------+--------+
| requested_dtype | config_input_dtype | output_dtype | actual_input_digest                                              | status |
+-----------------+--------------------+--------------+------------------------------------------------------------------+--------+
| INT16           | NA                 | FP64         | 3165df9088207b1b1b195cecc6ce26f119b99b726c87e31a5f4ce894780a23cc | PASS   |
+-----------------+--------------------+--------------+------------------------------------------------------------------+--------+

[stage08] evidence files
+----------------+---------------------------------------------------------------------------------------------------------------------------------------------------------------------------------------------------------------------------------------------------+
| kind           | path                                                                                                                                                                                                                                              |
+----------------+---------------------------------------------------------------------------------------------------------------------------------------------------------------------------------------------------------------------------------------------------+
| probe_raw_json | /tmp/ZKX_dev/results/stage08_input_preview_b05_detrend_652061b694fc/formal/20260810T084555Z_652061b694fc_stage08_b05_formal_8561000b/detrend_probe_raw.json                                                                                       |
| full_log       | /tmp/ZKX_dev/results/stage08_input_preview_b05_detrend_652061b694fc/formal/20260810T084555Z_652061b694fc_stage08_b05_formal_8561000b/operator_detrend_full.log                                                                                    |
| report_json    | /tmp/ZKX_dev/results/stage08_input_preview_b05_detrend_652061b694fc/formal/20260810T084555Z_652061b694fc_stage08_b05_formal_8561000b/operator_detrend_report.json                                                                                 |
| summary_txt    | /tmp/ZKX_dev/results/stage08_input_preview_b05_detrend_652061b694fc/formal/20260810T084555Z_652061b694fc_stage08_b05_formal_8561000b/operator_detrend_summary.txt                                                                                 |
| dtype_csv      | /tmp/ZKX_dev/results/stage08_input_preview_b05_detrend_652061b694fc/formal/20260810T084555Z_652061b694fc_stage08_b05_formal_8561000b/operator_dtype_evidence_detrend_not_applicable_20260810T084555Z_652061b694fc_stage08_b05_formal_8561000b.csv |
| memory_csv     | /tmp/ZKX_dev/results/stage08_input_preview_b05_detrend_652061b694fc/formal/20260810T084555Z_652061b694fc_stage08_b05_formal_8561000b/operator_filtering_detrend_memory_trace_not_applicable.csv                                                   |
| main_csv       | /tmp/ZKX_dev/results/stage08_input_preview_b05_detrend_652061b694fc/formal/20260810T084555Z_652061b694fc_stage08_b05_formal_8561000b/operator_main_results_detrend_not_applicable_20260810T084555Z_652061b694fc_stage08_b05_formal_8561000b.csv   |
| timing_csv     | /tmp/ZKX_dev/results/stage08_input_preview_b05_detrend_652061b694fc/formal/20260810T084555Z_652061b694fc_stage08_b05_formal_8561000b/operator_timing_samples_detrend_not_applicable_20260810T084555Z_652061b694fc_stage08_b05_formal_8561000b.csv |
+----------------+---------------------------------------------------------------------------------------------------------------------------------------------------------------------------------------------------------------------------------------------------+
