sample_index=0 cpu_pipeline_ms=187.833 gpu_pipeline_ms=21.6074 cpu_resource_sampling_overhead_ms=0.170102 gpu_resource_sampling_overhead_ms=0.03453 semantic_gates=16/16 timing_direct=true resource_overhead_excluded=true step_sum_used=false status=PASS
sample_index=1 cpu_pipeline_ms=200.679 gpu_pipeline_ms=21.7878 cpu_resource_sampling_overhead_ms=0.153362 gpu_resource_sampling_overhead_ms=0.03472 semantic_gates=16/16 timing_direct=true resource_overhead_excluded=true step_sum_used=false status=PASS
sample_index=2 cpu_pipeline_ms=199.398 gpu_pipeline_ms=21.3816 cpu_resource_sampling_overhead_ms=0.159273 gpu_resource_sampling_overhead_ms=0.03447 semantic_gates=16/16 timing_direct=true resource_overhead_excluded=true step_sum_used=false status=PASS
sample_index=3 cpu_pipeline_ms=198.413 gpu_pipeline_ms=21.6211 cpu_resource_sampling_overhead_ms=0.174703 gpu_resource_sampling_overhead_ms=0.03413 semantic_gates=16/16 timing_direct=true resource_overhead_excluded=true step_sum_used=false status=PASS
sample_index=4 cpu_pipeline_ms=198.553 gpu_pipeline_ms=21.4584 cpu_resource_sampling_overhead_ms=0.163542 gpu_resource_sampling_overhead_ms=0.03449 semantic_gates=16/16 timing_direct=true resource_overhead_excluded=true step_sum_used=false status=PASS
sample_index=5 cpu_pipeline_ms=200.36 gpu_pipeline_ms=21.4793 cpu_resource_sampling_overhead_ms=0.165072 gpu_resource_sampling_overhead_ms=0.03396 semantic_gates=16/16 timing_direct=true resource_overhead_excluded=true step_sum_used=false status=PASS
sample_index=6 cpu_pipeline_ms=198.642 gpu_pipeline_ms=21.3674 cpu_resource_sampling_overhead_ms=0.163061 gpu_resource_sampling_overhead_ms=0.034641 semantic_gates=16/16 timing_direct=true resource_overhead_excluded=true step_sum_used=false status=PASS
sample_index=7 cpu_pipeline_ms=198.871 gpu_pipeline_ms=21.426 cpu_resource_sampling_overhead_ms=0.17076 gpu_resource_sampling_overhead_ms=0.055371 semantic_gates=16/16 timing_direct=true resource_overhead_excluded=true step_sum_used=false status=PASS
sample_index=8 cpu_pipeline_ms=196.997 gpu_pipeline_ms=22.9847 cpu_resource_sampling_overhead_ms=0.194793 gpu_resource_sampling_overhead_ms=0.036681 semantic_gates=16/16 timing_direct=true resource_overhead_excluded=true step_sum_used=false status=PASS
sample_index=9 cpu_pipeline_ms=198.071 gpu_pipeline_ms=22.0684 cpu_resource_sampling_overhead_ms=0.18206 gpu_resource_sampling_overhead_ms=0.03591 semantic_gates=16/16 timing_direct=true resource_overhead_excluded=true step_sum_used=false status=PASS
sample_index=10 cpu_pipeline_ms=193.122 gpu_pipeline_ms=22.3407 cpu_resource_sampling_overhead_ms=0.204383 gpu_resource_sampling_overhead_ms=0.03621 semantic_gates=16/16 timing_direct=true resource_overhead_excluded=true step_sum_used=false status=PASS
sample_index=11 cpu_pipeline_ms=212.474 gpu_pipeline_ms=21.6282 cpu_resource_sampling_overhead_ms=0.177512 gpu_resource_sampling_overhead_ms=0.034131 semantic_gates=16/16 timing_direct=true resource_overhead_excluded=true step_sum_used=false status=PASS
sample_index=12 cpu_pipeline_ms=199.577 gpu_pipeline_ms=21.7188 cpu_resource_sampling_overhead_ms=0.171251 gpu_resource_sampling_overhead_ms=0.03392 semantic_gates=16/16 timing_direct=true resource_overhead_excluded=true step_sum_used=false status=PASS
sample_index=13 cpu_pipeline_ms=198.713 gpu_pipeline_ms=21.3331 cpu_resource_sampling_overhead_ms=0.168662 gpu_resource_sampling_overhead_ms=0.03359 semantic_gates=16/16 timing_direct=true resource_overhead_excluded=true step_sum_used=false status=PASS
sample_index=14 cpu_pipeline_ms=200.063 gpu_pipeline_ms=21.3101 cpu_resource_sampling_overhead_ms=0.190474 gpu_resource_sampling_overhead_ms=0.03335 semantic_gates=16/16 timing_direct=true resource_overhead_excluded=true step_sum_used=false status=PASS
sample_index=15 cpu_pipeline_ms=199.715 gpu_pipeline_ms=21.1995 cpu_resource_sampling_overhead_ms=0.169351 gpu_resource_sampling_overhead_ms=0.03389 semantic_gates=16/16 timing_direct=true resource_overhead_excluded=true step_sum_used=false status=PASS
sample_index=16 cpu_pipeline_ms=199.95 gpu_pipeline_ms=21.3471 cpu_resource_sampling_overhead_ms=0.179402 gpu_resource_sampling_overhead_ms=0.033371 semantic_gates=16/16 timing_direct=true resource_overhead_excluded=true step_sum_used=false status=PASS
sample_index=17 cpu_pipeline_ms=199.469 gpu_pipeline_ms=21.3015 cpu_resource_sampling_overhead_ms=0.178911 gpu_resource_sampling_overhead_ms=0.033502 semantic_gates=16/16 timing_direct=true resource_overhead_excluded=true step_sum_used=false status=PASS
sample_index=18 cpu_pipeline_ms=199.409 gpu_pipeline_ms=21.1065 cpu_resource_sampling_overhead_ms=0.163011 gpu_resource_sampling_overhead_ms=0.03407 semantic_gates=16/16 timing_direct=true resource_overhead_excluded=true step_sum_used=false status=PASS
sample_index=19 cpu_pipeline_ms=198.789 gpu_pipeline_ms=20.9007 cpu_resource_sampling_overhead_ms=0.167481 gpu_resource_sampling_overhead_ms=0.03362 semantic_gates=16/16 timing_direct=true resource_overhead_excluded=true step_sum_used=false status=PASS
sample_index=20 cpu_pipeline_ms=199.461 gpu_pipeline_ms=20.7322 cpu_resource_sampling_overhead_ms=0.172771 gpu_resource_sampling_overhead_ms=0.03371 semantic_gates=16/16 timing_direct=true resource_overhead_excluded=true step_sum_used=false status=PASS
sample_index=21 cpu_pipeline_ms=199.512 gpu_pipeline_ms=20.9796 cpu_resource_sampling_overhead_ms=0.202084 gpu_resource_sampling_overhead_ms=0.03405 semantic_gates=16/16 timing_direct=true resource_overhead_excluded=true step_sum_used=false status=PASS
sample_index=22 cpu_pipeline_ms=198.851 gpu_pipeline_ms=20.8979 cpu_resource_sampling_overhead_ms=0.173722 gpu_resource_sampling_overhead_ms=0.0338 semantic_gates=16/16 timing_direct=true resource_overhead_excluded=true step_sum_used=false status=PASS
sample_index=23 cpu_pipeline_ms=205.116 gpu_pipeline_ms=20.8958 cpu_resource_sampling_overhead_ms=0.177602 gpu_resource_sampling_overhead_ms=0.03429 semantic_gates=16/16 timing_direct=true resource_overhead_excluded=true step_sum_used=false status=PASS
sample_index=24 cpu_pipeline_ms=199.648 gpu_pipeline_ms=20.8089 cpu_resource_sampling_overhead_ms=0.163752 gpu_resource_sampling_overhead_ms=0.03344 semantic_gates=16/16 timing_direct=true resource_overhead_excluded=true step_sum_used=false status=PASS
sample_index=25 cpu_pipeline_ms=200.077 gpu_pipeline_ms=21.1146 cpu_resource_sampling_overhead_ms=0.176202 gpu_resource_sampling_overhead_ms=0.03556 semantic_gates=16/16 timing_direct=true resource_overhead_excluded=true step_sum_used=false status=PASS
sample_index=26 cpu_pipeline_ms=199.01 gpu_pipeline_ms=20.7722 cpu_resource_sampling_overhead_ms=0.207363 gpu_resource_sampling_overhead_ms=0.03364 semantic_gates=16/16 timing_direct=true resource_overhead_excluded=true step_sum_used=false status=PASS
sample_index=27 cpu_pipeline_ms=202.745 gpu_pipeline_ms=20.7861 cpu_resource_sampling_overhead_ms=0.163383 gpu_resource_sampling_overhead_ms=0.03388 semantic_gates=16/16 timing_direct=true resource_overhead_excluded=true step_sum_used=false status=PASS
sample_index=28 cpu_pipeline_ms=199.682 gpu_pipeline_ms=20.6351 cpu_resource_sampling_overhead_ms=0.170632 gpu_resource_sampling_overhead_ms=0.03394 semantic_gates=16/16 timing_direct=true resource_overhead_excluded=true step_sum_used=false status=PASS
sample_index=29 cpu_pipeline_ms=198.65 gpu_pipeline_ms=20.7374 cpu_resource_sampling_overhead_ms=0.176681 gpu_resource_sampling_overhead_ms=0.0338 semantic_gates=16/16 timing_direct=true resource_overhead_excluded=true step_sum_used=false status=PASS
sample_index=30 cpu_pipeline_ms=200.04 gpu_pipeline_ms=20.8915 cpu_resource_sampling_overhead_ms=0.16645 gpu_resource_sampling_overhead_ms=0.03379 semantic_gates=16/16 timing_direct=true resource_overhead_excluded=true step_sum_used=false status=PASS
sample_index=31 cpu_pipeline_ms=214.561 gpu_pipeline_ms=28.45 cpu_resource_sampling_overhead_ms=0.208981 gpu_resource_sampling_overhead_ms=0.03914 semantic_gates=16/16 timing_direct=true resource_overhead_excluded=true step_sum_used=false status=PASS
sample_index=32 cpu_pipeline_ms=200.37 gpu_pipeline_ms=21.73 cpu_resource_sampling_overhead_ms=0.197912 gpu_resource_sampling_overhead_ms=0.035501 semantic_gates=16/16 timing_direct=true resource_overhead_excluded=true step_sum_used=false status=PASS
sample_index=33 cpu_pipeline_ms=200.304 gpu_pipeline_ms=21.3997 cpu_resource_sampling_overhead_ms=0.191863 gpu_resource_sampling_overhead_ms=0.03498 semantic_gates=16/16 timing_direct=true resource_overhead_excluded=true step_sum_used=false status=PASS
sample_index=34 cpu_pipeline_ms=201.42 gpu_pipeline_ms=21.7712 cpu_resource_sampling_overhead_ms=0.187593 gpu_resource_sampling_overhead_ms=0.035361 semantic_gates=16/16 timing_direct=true resource_overhead_excluded=true step_sum_used=false status=PASS
sample_index=35 cpu_pipeline_ms=200.464 gpu_pipeline_ms=21.4273 cpu_resource_sampling_overhead_ms=0.176571 gpu_resource_sampling_overhead_ms=0.03427 semantic_gates=16/16 timing_direct=true resource_overhead_excluded=true step_sum_used=false status=PASS
sample_index=36 cpu_pipeline_ms=199.518 gpu_pipeline_ms=21.4337 cpu_resource_sampling_overhead_ms=0.183653 gpu_resource_sampling_overhead_ms=0.034192 semantic_gates=16/16 timing_direct=true resource_overhead_excluded=true step_sum_used=false status=PASS
sample_index=37 cpu_pipeline_ms=199.886 gpu_pipeline_ms=21.778 cpu_resource_sampling_overhead_ms=0.194312 gpu_resource_sampling_overhead_ms=0.0348 semantic_gates=16/16 timing_direct=true resource_overhead_excluded=true step_sum_used=false status=PASS
sample_index=38 cpu_pipeline_ms=206.562 gpu_pipeline_ms=22.2326 cpu_resource_sampling_overhead_ms=0.225281 gpu_resource_sampling_overhead_ms=0.03564 semantic_gates=16/16 timing_direct=true resource_overhead_excluded=true step_sum_used=false status=PASS
sample_index=39 cpu_pipeline_ms=199.052 gpu_pipeline_ms=22.1229 cpu_resource_sampling_overhead_ms=0.19168 gpu_resource_sampling_overhead_ms=0.03442 semantic_gates=16/16 timing_direct=true resource_overhead_excluded=true step_sum_used=false status=PASS
sample_index=40 cpu_pipeline_ms=198.351 gpu_pipeline_ms=21.5292 cpu_resource_sampling_overhead_ms=0.1778 gpu_resource_sampling_overhead_ms=0.034671 semantic_gates=16/16 timing_direct=true resource_overhead_excluded=true step_sum_used=false status=PASS
sample_index=41 cpu_pipeline_ms=199.226 gpu_pipeline_ms=21.4169 cpu_resource_sampling_overhead_ms=0.170533 gpu_resource_sampling_overhead_ms=0.060801 semantic_gates=16/16 timing_direct=true resource_overhead_excluded=true step_sum_used=false status=PASS
sample_index=42 cpu_pipeline_ms=198.529 gpu_pipeline_ms=21.578 cpu_resource_sampling_overhead_ms=0.173231 gpu_resource_sampling_overhead_ms=0.03438 semantic_gates=16/16 timing_direct=true resource_overhead_excluded=true step_sum_used=false status=PASS
sample_index=43 cpu_pipeline_ms=199.249 gpu_pipeline_ms=21.4751 cpu_resource_sampling_overhead_ms=0.179881 gpu_resource_sampling_overhead_ms=0.03473 semantic_gates=16/16 timing_direct=true resource_overhead_excluded=true step_sum_used=false status=PASS
sample_index=44 cpu_pipeline_ms=198.875 gpu_pipeline_ms=21.5596 cpu_resource_sampling_overhead_ms=0.18079 gpu_resource_sampling_overhead_ms=0.05226 semantic_gates=16/16 timing_direct=true resource_overhead_excluded=true step_sum_used=false status=PASS
sample_index=45 cpu_pipeline_ms=201.328 gpu_pipeline_ms=22.4943 cpu_resource_sampling_overhead_ms=0.177671 gpu_resource_sampling_overhead_ms=0.03492 semantic_gates=16/16 timing_direct=true resource_overhead_excluded=true step_sum_used=false status=PASS
sample_index=46 cpu_pipeline_ms=199.635 gpu_pipeline_ms=21.7179 cpu_resource_sampling_overhead_ms=0.202302 gpu_resource_sampling_overhead_ms=0.03439 semantic_gates=16/16 timing_direct=true resource_overhead_excluded=true step_sum_used=false status=PASS
sample_index=47 cpu_pipeline_ms=200.9 gpu_pipeline_ms=21.6942 cpu_resource_sampling_overhead_ms=0.18806 gpu_resource_sampling_overhead_ms=0.0346 semantic_gates=16/16 timing_direct=true resource_overhead_excluded=true step_sum_used=false status=PASS
sample_index=48 cpu_pipeline_ms=203.166 gpu_pipeline_ms=22.0027 cpu_resource_sampling_overhead_ms=0.211583 gpu_resource_sampling_overhead_ms=0.03535 semantic_gates=16/16 timing_direct=true resource_overhead_excluded=true step_sum_used=false status=PASS
sample_index=49 cpu_pipeline_ms=199.239 gpu_pipeline_ms=21.5853 cpu_resource_sampling_overhead_ms=0.221792 gpu_resource_sampling_overhead_ms=0.034931 semantic_gates=16/16 timing_direct=true resource_overhead_excluded=true step_sum_used=false status=PASS
sample_index=50 cpu_pipeline_ms=198.925 gpu_pipeline_ms=21.6378 cpu_resource_sampling_overhead_ms=0.174293 gpu_resource_sampling_overhead_ms=0.035691 semantic_gates=16/16 timing_direct=true resource_overhead_excluded=true step_sum_used=false status=PASS
sample_index=51 cpu_pipeline_ms=198.794 gpu_pipeline_ms=21.8582 cpu_resource_sampling_overhead_ms=0.180613 gpu_resource_sampling_overhead_ms=0.03544 semantic_gates=16/16 timing_direct=true resource_overhead_excluded=true step_sum_used=false status=PASS
sample_index=52 cpu_pipeline_ms=198.058 gpu_pipeline_ms=21.5112 cpu_resource_sampling_overhead_ms=0.179181 gpu_resource_sampling_overhead_ms=0.034271 semantic_gates=16/16 timing_direct=true resource_overhead_excluded=true step_sum_used=false status=PASS
sample_index=53 cpu_pipeline_ms=198.617 gpu_pipeline_ms=21.5662 cpu_resource_sampling_overhead_ms=0.186172 gpu_resource_sampling_overhead_ms=0.03496 semantic_gates=16/16 timing_direct=true resource_overhead_excluded=true step_sum_used=false status=PASS
sample_index=54 cpu_pipeline_ms=198.891 gpu_pipeline_ms=21.5316 cpu_resource_sampling_overhead_ms=0.186491 gpu_resource_sampling_overhead_ms=0.03433 semantic_gates=16/16 timing_direct=true resource_overhead_excluded=true step_sum_used=false status=PASS
sample_index=55 cpu_pipeline_ms=199.24 gpu_pipeline_ms=21.7236 cpu_resource_sampling_overhead_ms=0.209113 gpu_resource_sampling_overhead_ms=0.034752 semantic_gates=16/16 timing_direct=true resource_overhead_excluded=true step_sum_used=false status=PASS
sample_index=56 cpu_pipeline_ms=198.638 gpu_pipeline_ms=21.7613 cpu_resource_sampling_overhead_ms=0.214631 gpu_resource_sampling_overhead_ms=0.03433 semantic_gates=16/16 timing_direct=true resource_overhead_excluded=true step_sum_used=false status=PASS
sample_index=57 cpu_pipeline_ms=199.694 gpu_pipeline_ms=25.5504 cpu_resource_sampling_overhead_ms=0.241622 gpu_resource_sampling_overhead_ms=0.04293 semantic_gates=16/16 timing_direct=true resource_overhead_excluded=true step_sum_used=false status=PASS
sample_index=58 cpu_pipeline_ms=192.495 gpu_pipeline_ms=24.1872 cpu_resource_sampling_overhead_ms=0.193103 gpu_resource_sampling_overhead_ms=0.03752 semantic_gates=16/16 timing_direct=true resource_overhead_excluded=true step_sum_used=false status=PASS
sample_index=59 cpu_pipeline_ms=192.313 gpu_pipeline_ms=24.115 cpu_resource_sampling_overhead_ms=0.178132 gpu_resource_sampling_overhead_ms=0.037791 semantic_gates=16/16 timing_direct=true resource_overhead_excluded=true step_sum_used=false status=PASS
sample_index=60 cpu_pipeline_ms=192.084 gpu_pipeline_ms=24.0547 cpu_resource_sampling_overhead_ms=0.173191 gpu_resource_sampling_overhead_ms=0.0378 semantic_gates=16/16 timing_direct=true resource_overhead_excluded=true step_sum_used=false status=PASS
sample_index=61 cpu_pipeline_ms=192.968 gpu_pipeline_ms=24.1497 cpu_resource_sampling_overhead_ms=0.19135 gpu_resource_sampling_overhead_ms=0.037701 semantic_gates=16/16 timing_direct=true resource_overhead_excluded=true step_sum_used=false status=PASS
sample_index=62 cpu_pipeline_ms=200.166 gpu_pipeline_ms=21.7536 cpu_resource_sampling_overhead_ms=0.193223 gpu_resource_sampling_overhead_ms=0.03371 semantic_gates=16/16 timing_direct=true resource_overhead_excluded=true step_sum_used=false status=PASS
sample_index=63 cpu_pipeline_ms=199.127 gpu_pipeline_ms=20.7837 cpu_resource_sampling_overhead_ms=0.185323 gpu_resource_sampling_overhead_ms=0.03378 semantic_gates=16/16 timing_direct=true resource_overhead_excluded=true step_sum_used=false status=PASS
sample_index=64 cpu_pipeline_ms=202.381 gpu_pipeline_ms=20.8142 cpu_resource_sampling_overhead_ms=0.179033 gpu_resource_sampling_overhead_ms=0.033691 semantic_gates=16/16 timing_direct=true resource_overhead_excluded=true step_sum_used=false status=PASS
sample_index=65 cpu_pipeline_ms=198.63 gpu_pipeline_ms=20.8044 cpu_resource_sampling_overhead_ms=0.211702 gpu_resource_sampling_overhead_ms=0.033731 semantic_gates=16/16 timing_direct=true resource_overhead_excluded=true step_sum_used=false status=PASS
sample_index=66 cpu_pipeline_ms=200.099 gpu_pipeline_ms=20.8812 cpu_resource_sampling_overhead_ms=0.178003 gpu_resource_sampling_overhead_ms=0.03347 semantic_gates=16/16 timing_direct=true resource_overhead_excluded=true step_sum_used=false status=PASS
sample_index=67 cpu_pipeline_ms=200.353 gpu_pipeline_ms=21.1164 cpu_resource_sampling_overhead_ms=0.263823 gpu_resource_sampling_overhead_ms=0.033791 semantic_gates=16/16 timing_direct=true resource_overhead_excluded=true step_sum_used=false status=PASS
sample_index=68 cpu_pipeline_ms=199.142 gpu_pipeline_ms=20.7846 cpu_resource_sampling_overhead_ms=0.171301 gpu_resource_sampling_overhead_ms=0.0335 semantic_gates=16/16 timing_direct=true resource_overhead_excluded=true step_sum_used=false status=PASS
sample_index=69 cpu_pipeline_ms=199.357 gpu_pipeline_ms=20.739 cpu_resource_sampling_overhead_ms=0.159981 gpu_resource_sampling_overhead_ms=0.03346 semantic_gates=16/16 timing_direct=true resource_overhead_excluded=true step_sum_used=false status=PASS
sample_index=70 cpu_pipeline_ms=199.196 gpu_pipeline_ms=20.8945 cpu_resource_sampling_overhead_ms=0.181643 gpu_resource_sampling_overhead_ms=0.03383 semantic_gates=16/16 timing_direct=true resource_overhead_excluded=true step_sum_used=false status=PASS
sample_index=71 cpu_pipeline_ms=199.392 gpu_pipeline_ms=20.8166 cpu_resource_sampling_overhead_ms=0.17597 gpu_resource_sampling_overhead_ms=0.03309 semantic_gates=16/16 timing_direct=true resource_overhead_excluded=true step_sum_used=false status=PASS
sample_index=72 cpu_pipeline_ms=198.848 gpu_pipeline_ms=20.7457 cpu_resource_sampling_overhead_ms=0.165371 gpu_resource_sampling_overhead_ms=0.03343 semantic_gates=16/16 timing_direct=true resource_overhead_excluded=true step_sum_used=false status=PASS
sample_index=73 cpu_pipeline_ms=202.99 gpu_pipeline_ms=20.7165 cpu_resource_sampling_overhead_ms=0.17396 gpu_resource_sampling_overhead_ms=0.03354 semantic_gates=16/16 timing_direct=true resource_overhead_excluded=true step_sum_used=false status=PASS
sample_index=74 cpu_pipeline_ms=199.536 gpu_pipeline_ms=20.739 cpu_resource_sampling_overhead_ms=0.178322 gpu_resource_sampling_overhead_ms=0.033881 semantic_gates=16/16 timing_direct=true resource_overhead_excluded=true step_sum_used=false status=PASS
sample_index=75 cpu_pipeline_ms=199.386 gpu_pipeline_ms=20.7809 cpu_resource_sampling_overhead_ms=0.170872 gpu_resource_sampling_overhead_ms=0.03333 semantic_gates=16/16 timing_direct=true resource_overhead_excluded=true step_sum_used=false status=PASS
sample_index=76 cpu_pipeline_ms=203.297 gpu_pipeline_ms=20.7972 cpu_resource_sampling_overhead_ms=0.170431 gpu_resource_sampling_overhead_ms=0.033281 semantic_gates=16/16 timing_direct=true resource_overhead_excluded=true step_sum_used=false status=PASS
sample_index=77 cpu_pipeline_ms=201.059 gpu_pipeline_ms=20.8117 cpu_resource_sampling_overhead_ms=0.178801 gpu_resource_sampling_overhead_ms=0.03392 semantic_gates=16/16 timing_direct=true resource_overhead_excluded=true step_sum_used=false status=PASS
sample_index=78 cpu_pipeline_ms=201.185 gpu_pipeline_ms=20.6985 cpu_resource_sampling_overhead_ms=0.179821 gpu_resource_sampling_overhead_ms=0.03343 semantic_gates=16/16 timing_direct=true resource_overhead_excluded=true step_sum_used=false status=PASS
sample_index=79 cpu_pipeline_ms=201.04 gpu_pipeline_ms=20.7651 cpu_resource_sampling_overhead_ms=0.18194 gpu_resource_sampling_overhead_ms=0.03368 semantic_gates=16/16 timing_direct=true resource_overhead_excluded=true step_sum_used=false status=PASS
sample_index=80 cpu_pipeline_ms=198.928 gpu_pipeline_ms=20.7945 cpu_resource_sampling_overhead_ms=0.176483 gpu_resource_sampling_overhead_ms=0.03366 semantic_gates=16/16 timing_direct=true resource_overhead_excluded=true step_sum_used=false status=PASS
sample_index=81 cpu_pipeline_ms=198.763 gpu_pipeline_ms=20.8138 cpu_resource_sampling_overhead_ms=0.177292 gpu_resource_sampling_overhead_ms=0.03382 semantic_gates=16/16 timing_direct=true resource_overhead_excluded=true step_sum_used=false status=PASS
sample_index=82 cpu_pipeline_ms=199.942 gpu_pipeline_ms=20.7452 cpu_resource_sampling_overhead_ms=0.205002 gpu_resource_sampling_overhead_ms=0.03346 semantic_gates=16/16 timing_direct=true resource_overhead_excluded=true step_sum_used=false status=PASS
sample_index=83 cpu_pipeline_ms=199.078 gpu_pipeline_ms=20.8456 cpu_resource_sampling_overhead_ms=0.174994 gpu_resource_sampling_overhead_ms=0.033892 semantic_gates=16/16 timing_direct=true resource_overhead_excluded=true step_sum_used=false status=PASS
sample_index=84 cpu_pipeline_ms=199.53 gpu_pipeline_ms=20.717 cpu_resource_sampling_overhead_ms=0.171212 gpu_resource_sampling_overhead_ms=0.0335 semantic_gates=16/16 timing_direct=true resource_overhead_excluded=true step_sum_used=false status=PASS
sample_index=85 cpu_pipeline_ms=199.154 gpu_pipeline_ms=21.3999 cpu_resource_sampling_overhead_ms=0.187441 gpu_resource_sampling_overhead_ms=0.03435 semantic_gates=16/16 timing_direct=true resource_overhead_excluded=true step_sum_used=false status=PASS
sample_index=86 cpu_pipeline_ms=199.587 gpu_pipeline_ms=21.7476 cpu_resource_sampling_overhead_ms=0.171212 gpu_resource_sampling_overhead_ms=0.03399 semantic_gates=16/16 timing_direct=true resource_overhead_excluded=true step_sum_used=false status=PASS
sample_index=87 cpu_pipeline_ms=204.025 gpu_pipeline_ms=21.466 cpu_resource_sampling_overhead_ms=0.181731 gpu_resource_sampling_overhead_ms=0.0339 semantic_gates=16/16 timing_direct=true resource_overhead_excluded=true step_sum_used=false status=PASS
sample_index=88 cpu_pipeline_ms=198.898 gpu_pipeline_ms=20.758 cpu_resource_sampling_overhead_ms=0.184043 gpu_resource_sampling_overhead_ms=0.03402 semantic_gates=16/16 timing_direct=true resource_overhead_excluded=true step_sum_used=false status=PASS
sample_index=89 cpu_pipeline_ms=200.7 gpu_pipeline_ms=21.7797 cpu_resource_sampling_overhead_ms=0.193573 gpu_resource_sampling_overhead_ms=0.03621 semantic_gates=16/16 timing_direct=true resource_overhead_excluded=true step_sum_used=false status=PASS
sample_index=90 cpu_pipeline_ms=200.044 gpu_pipeline_ms=21.4502 cpu_resource_sampling_overhead_ms=0.177491 gpu_resource_sampling_overhead_ms=0.0345 semantic_gates=16/16 timing_direct=true resource_overhead_excluded=true step_sum_used=false status=PASS
sample_index=91 cpu_pipeline_ms=201.752 gpu_pipeline_ms=21.3644 cpu_resource_sampling_overhead_ms=0.168122 gpu_resource_sampling_overhead_ms=0.03422 semantic_gates=16/16 timing_direct=true resource_overhead_excluded=true step_sum_used=false status=PASS
sample_index=92 cpu_pipeline_ms=200.955 gpu_pipeline_ms=21.1227 cpu_resource_sampling_overhead_ms=0.174283 gpu_resource_sampling_overhead_ms=0.03474 semantic_gates=16/16 timing_direct=true resource_overhead_excluded=true step_sum_used=false status=PASS
sample_index=93 cpu_pipeline_ms=202.105 gpu_pipeline_ms=21.3069 cpu_resource_sampling_overhead_ms=0.166812 gpu_resource_sampling_overhead_ms=0.03381 semantic_gates=16/16 timing_direct=true resource_overhead_excluded=true step_sum_used=false status=PASS
sample_index=94 cpu_pipeline_ms=199.958 gpu_pipeline_ms=21.0484 cpu_resource_sampling_overhead_ms=0.16951 gpu_resource_sampling_overhead_ms=0.03366 semantic_gates=16/16 timing_direct=true resource_overhead_excluded=true step_sum_used=false status=PASS
sample_index=95 cpu_pipeline_ms=199.743 gpu_pipeline_ms=20.9841 cpu_resource_sampling_overhead_ms=0.180171 gpu_resource_sampling_overhead_ms=0.03357 semantic_gates=16/16 timing_direct=true resource_overhead_excluded=true step_sum_used=false status=PASS
sample_index=96 cpu_pipeline_ms=198.344 gpu_pipeline_ms=21.1951 cpu_resource_sampling_overhead_ms=0.174213 gpu_resource_sampling_overhead_ms=0.03371 semantic_gates=16/16 timing_direct=true resource_overhead_excluded=true step_sum_used=false status=PASS
sample_index=97 cpu_pipeline_ms=201.47 gpu_pipeline_ms=21.8497 cpu_resource_sampling_overhead_ms=0.216683 gpu_resource_sampling_overhead_ms=0.03475 semantic_gates=16/16 timing_direct=true resource_overhead_excluded=true step_sum_used=false status=PASS
sample_index=98 cpu_pipeline_ms=199.666 gpu_pipeline_ms=21.328 cpu_resource_sampling_overhead_ms=0.178841 gpu_resource_sampling_overhead_ms=0.034341 semantic_gates=16/16 timing_direct=true resource_overhead_excluded=true step_sum_used=false status=PASS
sample_index=99 cpu_pipeline_ms=199.353 gpu_pipeline_ms=23.444 cpu_resource_sampling_overhead_ms=0.280923 gpu_resource_sampling_overhead_ms=0.036871 semantic_gates=16/16 timing_direct=true resource_overhead_excluded=true step_sum_used=false status=PASS
function=Task2 frozen full six-step pipeline
call_chain=Step1->Step2;Step2+Step1->Step3;Step3 dual outputs->Step4;Step4->Step5;Step5+Step4+Kalman/delay->Step6
timing=pipeline_total measured directly;not=sum(step timings)
cpu_correlation_method=direct_parallel_exact workers=255
resource_sampling_mode=same_pipeline_execution
status=PASS return_code=0
