command=/tmp/ZKX_dev/build_stage07_b02_square_76c5b6f8b36d/stage07_waveforms_square --dtype FP32 --count 128 --p0 0.35 --p1 0 --p2 0 --p3 0 --warmup 20 --measured 100 --output /tmp/ZKX_dev/results/stage07_b02_formal_76c5b6f8b36d/formal/20260810T092026Z_76c5b6f8b36d_stage07_b02_formal_112ecb88/square_probe_raw.json
STAGE07_WAVEFORM_PROBE PASS operator=square dtype=FP32
{"run_id": "20260810T092026Z_76c5b6f8b36d_stage07_b02_formal_112ecb88", "case_id": "square__square_fp32_10e2__47c5777a24bbeae5", "operator_name": "square", "task_name": "Task2", "step_name": "Step1", "scale_id": "square_fp32_10e2", "requested_dtype": "FP32", "config_input_dtype": "FP32", "input_content": [{"input_name": "phase", "shape": "[128]", "dtype": "FP32", "element_count": "128", "generator": "periodic_phase_8cycles(16*pi*i/(N-1))", "preview_head4_tail2": "i=0:0;i=1:0.395791203;i=2:0.791582406;i=3:1.18737364;i=126:49.8696899;i=127:50.2654839"}], "case_parameters": {"duty": 0.35, "phase_cycles": 8, "output_dtype": "FP64"}, "output_dtype": "FP64", "backend": "not_applicable", "warmup_runs": 20, "measured_runs": 100, "mse": 0, "rmse": 0, "relative_l2": 0, "relative_linf": 0, "actual_input_digest": "47c5777a24bbeae508340de9a7db90daa2d7a2f0e2044e9ad845aef229355588", "typed_array_digest": "f00be0dd52d0a691ba3d2b44e231ef672d2cb3e60d40dcf889ea4f0e5cc59c01", "status": "PASS", "error_code": "OK"}
[stage07] identity and status
+--------+------------------+--------+----------------+-------+--------+----------+--------------------------+--------+------------+
| target | scale_id         | device | backend        | dtype | warmup | measured | timing_scope             | status | error_code |
+--------+------------------+--------+----------------+-------+--------+----------+--------------------------+--------+------------+
| square | square_fp32_10e2 | CPU    | not_applicable | FP32  | 20     | 100      | compatibility/end-to-end | PASS   | OK         |
| square | square_fp32_10e2 | GPU    | not_applicable | FP32  | 20     | 100      | compatibility/end-to-end | PASS   | OK         |
+--------+------------------+--------+----------------+-------+--------+----------+--------------------------+--------+------------+

[stage07] timing detail
+--------+-----------------------+---------+----------+----------------------+----------+----------+------------------------+----------------------+----------------------+
| device | mean_ms               | p50_ms  | p95_ms   | p99_ms               | min_ms   | max_ms   | std_ms                 | cv                   | speedup              |
+--------+-----------------------+---------+----------+----------------------+----------+----------+------------------------+----------------------+----------------------+
| CPU    | 0.0038919199999999997 | 0.00389 | 0.00392  | 0.003930800000000001 | 0.00387  | 0.00401  | 1.6626292430966015e-05 | 0.00427200261849319  | NA                   |
| GPU    | 0.16833156            | 0.16788 | 0.172409 | 0.18120880000000003  | 0.163895 | 0.188515 | 0.003413415358024862   | 0.020277928619118493 | 0.023120560398774893 |
+--------+-----------------------+---------+----------+----------------------+----------+----------+------------------------+----------------------+----------------------+

[stage07] accuracy detail
+---------------------+-----+------+-------------+---------------+-------------+----------------+-----------------------------------------------------------------+--------+
| reference           | mse | rmse | relative_l2 | relative_linf | exact_match | mismatch_count | semantic_check                                                  | status |
+---------------------+-----+------+-------------+---------------+-------------+----------------+-----------------------------------------------------------------+--------+
| typed_cpu_reference | 0   | 0    | 0           | 0             | NA          | NA             | output_shape=[128];output_dtype=FP64;finite_numeric_output=true | PASS   |
+---------------------+-----+------+-------------+---------------+-------------+----------------+-----------------------------------------------------------------+--------+

[stage07] resource detail
+--------+------------+--------------+-------------+------------+-------------+
| device | metric     | before_bytes | after_bytes | peak_bytes | delta_bytes |
+--------+------------+--------------+-------------+------------+-------------+
| CPU    | cpu_heap   | 1355360      | 1361776     | 1361776    | 6416        |
| CPU    | rss        | 69255168     | 69255168    | 69255168   | 0           |
| GPU    | cpu_heap   | 1361872      | 1364976     | 1364976    | 3104        |
| GPU    | rss        | 69255168     | 69255168    | 69255168   | 0           |
| GPU    | gpu_memory | 391544832    | 391544832   | 391544832  | 0           |
+--------+------------+--------------+-------------+------------+-------------+

[stage07] input content
+------------+-------+-------+----------+---------------------------------------+----------------------------------------------------------------------------------------+
| input_name | shape | dtype | elements | generator                             | values(head4/tail2)                                                                    |
+------------+-------+-------+----------+---------------------------------------+----------------------------------------------------------------------------------------+
| phase      | [128] | FP32  | 128      | periodic_phase_8cycles(16*pi*i/(N-1)) | i=0:0;i=1:0.395791203;i=2:0.791582406;i=3:1.18737364;i=126:49.8696899;i=127:50.2654839 |
+------------+-------+-------+----------+---------------------------------------+----------------------------------------------------------------------------------------+

[stage07] case parameters
+------------------------------------------------------+
| parameters                                           |
+------------------------------------------------------+
| {"duty":0.35,"output_dtype":"FP64","phase_cycles":8} |
+------------------------------------------------------+

[stage07] input and output identity
+--------+------------------------------------------------------------------+------------------------------------------------------------------+
| device | input_digest                                                     | output_digest                                                    |
+--------+------------------------------------------------------------------+------------------------------------------------------------------+
| CPU    | 47c5777a24bbeae508340de9a7db90daa2d7a2f0e2044e9ad845aef229355588 | ab31a24e58dfef1d5c25e58fcf1d2823e1240b75a6ea0a0f1292547924ce06c3 |
| GPU    | 47c5777a24bbeae508340de9a7db90daa2d7a2f0e2044e9ad845aef229355588 | ab31a24e58dfef1d5c25e58fcf1d2823e1240b75a6ea0a0f1292547924ce06c3 |
+--------+------------------------------------------------------------------+------------------------------------------------------------------+

[stage07] dtype evidence
+-----------------+--------------------+--------------+------------------------------------------------------------------+------------------------------------------------------------------+
| requested_dtype | config_input_dtype | output_dtype | typed_array_digest                                               | actual_input_digest                                              |
+-----------------+--------------------+--------------+------------------------------------------------------------------+------------------------------------------------------------------+
| FP32            | FP32               | FP64         | f00be0dd52d0a691ba3d2b44e231ef672d2cb3e60d40dcf889ea4f0e5cc59c01 | 47c5777a24bbeae508340de9a7db90daa2d7a2f0e2044e9ad845aef229355588 |
+-----------------+--------------------+--------------+------------------------------------------------------------------+------------------------------------------------------------------+

[stage07] evidence files
+-------------+-----------------------------------------------------------------------------------------------------------------------------------------------------------------------------------------------------------------------------------+
| kind        | path                                                                                                                                                                                                                              |
+-------------+-----------------------------------------------------------------------------------------------------------------------------------------------------------------------------------------------------------------------------------+
| main_csv    | /tmp/ZKX_dev/results/stage07_b02_formal_76c5b6f8b36d/formal/20260810T092026Z_76c5b6f8b36d_stage07_b02_formal_112ecb88/operator_main_results_square_not_applicable_20260810T092026Z_76c5b6f8b36d_stage07_b02_formal_112ecb88.csv   |
| timing_csv  | /tmp/ZKX_dev/results/stage07_b02_formal_76c5b6f8b36d/formal/20260810T092026Z_76c5b6f8b36d_stage07_b02_formal_112ecb88/operator_timing_samples_square_not_applicable_20260810T092026Z_76c5b6f8b36d_stage07_b02_formal_112ecb88.csv |
| memory_csv  | /tmp/ZKX_dev/results/stage07_b02_formal_76c5b6f8b36d/formal/20260810T092026Z_76c5b6f8b36d_stage07_b02_formal_112ecb88/operator_waveforms_square_memory_trace_not_applicable.csv                                                   |
| dtype_csv   | /tmp/ZKX_dev/results/stage07_b02_formal_76c5b6f8b36d/formal/20260810T092026Z_76c5b6f8b36d_stage07_b02_formal_112ecb88/operator_dtype_evidence_square_not_applicable_20260810T092026Z_76c5b6f8b36d_stage07_b02_formal_112ecb88.csv |
| report_json | /tmp/ZKX_dev/results/stage07_b02_formal_76c5b6f8b36d/formal/20260810T092026Z_76c5b6f8b36d_stage07_b02_formal_112ecb88/operator_square_report.json                                                                                 |
| summary_txt | /tmp/ZKX_dev/results/stage07_b02_formal_76c5b6f8b36d/formal/20260810T092026Z_76c5b6f8b36d_stage07_b02_formal_112ecb88/operator_square_summary.txt                                                                                 |
| full_log    | /tmp/ZKX_dev/results/stage07_b02_formal_76c5b6f8b36d/formal/20260810T092026Z_76c5b6f8b36d_stage07_b02_formal_112ecb88/operator_square_full.log                                                                                    |
| result_dir  | /tmp/ZKX_dev/results/stage07_b02_formal_76c5b6f8b36d/formal/20260810T092026Z_76c5b6f8b36d_stage07_b02_formal_112ecb88                                                                                                             |
+-------------+-----------------------------------------------------------------------------------------------------------------------------------------------------------------------------------------------------------------------------------+
