command=build_stage08_b06_csd_336d860e7e54/stage08_spectral_analysis_csd --dtype FP32 --nx 100 --ny 80 --fs 100 --nperseg 20 --noverlap 10 --nfft 32 --detrend none --scaling spectrum --average mean --seed 86110001 --warmup 20 --measured 100 --output /tmp/ZKX_dev/results/stage08_input_preview_b06_csd_9b01dadd36f6/formal/20260810T085504Z_9b01dadd36f6_stage08_b06_formal_86710000/csd_probe_raw.json
{"run_id": "20260810T085504Z_9b01dadd36f6_stage08_b06_formal_86710000", "case_id": "csd__csd_fp32_10e2__8c8047476c5edcef", "operator_name": "csd", "scale_id": "csd_fp32_10e2", "requested_dtype": "FP32", "output_dtype": "ComplexFP32", "backend": "fft_thrust", "nperseg": 20, "noverlap": 10, "nfft": 32, "detrend": "none", "scaling": "spectrum", "average": "mean", "frequency_count": 17, "warmup_runs": 20, "measured_runs": 100, "mse": 2.18775e-17, "rmse": 4.67734e-09, "relative_l2": 2.76353e-10, "relative_linf": 2.98023e-10, "status": "PASS", "error_code": "OK"}
[stage08] identity and status
+--------+---------------+--------+------------+-------+--------+----------+--------------------------+--------+------------+
| target | scale_id      | device | backend    | dtype | warmup | measured | timing_scope             | status | error_code |
+--------+---------------+--------+------------+-------+--------+----------+--------------------------+--------+------------+
| csd    | csd_fp32_10e2 | CPU    | fft_thrust | FP32  | 20     | 100      | compatibility/end-to-end | PASS   | OK         |
| csd    | csd_fp32_10e2 | GPU    | fft_thrust | FP32  | 20     | 100      | compatibility/end-to-end | PASS   | OK         |
+--------+---------------+--------+------------+-------+--------+----------+--------------------------+--------+------------+

[stage08] timing detail
+--------+------------+--------------------+---------------------+--------------------+----------+----------+-----------------------+---------------------+---------------------+
| device | mean_ms    | p50_ms             | p95_ms              | p99_ms             | min_ms   | max_ms   | std_ms                | cv                  | speedup             |
+--------+------------+--------------------+---------------------+--------------------+----------+----------+-----------------------+---------------------+---------------------+
| CPU    | 0.19384325 | 0.193411           | 0.19414499999999998 | 0.2039043          | 0.193001 | 0.204231 | 0.0019973256588498535 | 0.01030381846595047 | NA                  |
| GPU    | 1.05269129 | 1.0406149999999998 | 1.114823            | 1.1938593100000001 | 1.017036 | 1.208047 | 0.03538271840525966   | 0.03361167584587848 | 0.18414064203001052 |
+--------+------------+--------------------+---------------------+--------------------+----------+----------+-----------------------+---------------------+---------------------+

[stage08] accuracy detail
+--------------------+-------------+-------------+-------------+---------------+-------------+----------------+----------------------------------------------+--------+
| accuracy_reference | mse         | rmse        | relative_l2 | relative_linf | exact_match | mismatch_count | semantic_check                               | status |
+--------------------+-------------+-------------+-------------+---------------+-------------+----------------+----------------------------------------------+--------+
| cpu_csd_direct_dft | 2.18775e-17 | 4.67734e-09 | 2.76353e-10 | 2.98023e-10   | NA          | NA             | segmented_cross_spectrum_frequency_and_dtype | PASS   |
+--------------------+-------------+-------------+-------------+---------------+-------------+----------------+----------------------------------------------+--------+

[stage08] resource detail
+--------+------------+--------------+-------------+------------+-------------+
| device | metric     | before_bytes | after_bytes | peak_bytes | delta_bytes |
+--------+------------+--------------+-------------+------------+-------------+
| CPU    | cpu_heap   | 1490320      | 1494288     | 1494288    | 3968        |
| CPU    | rss        | 69967872     | 69967872    | 69967872   | 0           |
| GPU    | cpu_heap   | 1494288      | 1497568     | 1498544    | 3280        |
| GPU    | rss        | 69967872     | 69967872    | 69967872   | 0           |
| GPU    | gpu_memory | 341000192    | 341000192   | 341000192  | 0           |
+--------+------------+--------------+-------------+------------+-------------+

[stage08] input/output identity
+--------+------------------------------------------------------------------+------------------------------------------------------------------+
| device | input_digest                                                     | output_digest                                                    |
+--------+------------------------------------------------------------------+------------------------------------------------------------------+
| CPU    | 8c8047476c5edcef6fe9b519a0781d031a81d7f6b739432ddfdfbd845c1c4e81 | d727d753bd11e4307c32154c6479ab3e0af1e04548887b80a2fd5980dc40c950 |
| GPU    | 8c8047476c5edcef6fe9b519a0781d031a81d7f6b739432ddfdfbd845c1c4e81 | 3e523cbdaf319d58f7a108785a22dc0ab78c71767e66fea46e8ac253cccb3bfc |
+--------+------------------------------------------------------------------+------------------------------------------------------------------+

[stage08] input content
+------------+-------+-------+----------+---------------------------------------------------------------------+-----------------------------------------------------------------------+
| input_name | shape | dtype | elements | generator                                                           | values(head4/tail2)                                                   |
+------------+-------+-------+----------+---------------------------------------------------------------------+-----------------------------------------------------------------------+
| x          | [100] | FP32  | 100      | spectral_modular_plus_periodic_offset(seed=86110001,integral=false) | i=0:1.25;i=1:0.03125;i=2:-1.1875;i=3:0.34375;i=98:-0.03125;i=99:1.5   |
| y          | [80]  | FP32  | 80       | spectral_modular_plus_periodic_offset(seed=86110002,integral=false) | i=0:-1.25;i=1:0.28125;i=2:-0.9375;i=3:0.59375;i=78:0.25;i=79:-0.96875 |
+------------+-------+-------+----------+---------------------------------------------------------------------+-----------------------------------------------------------------------+

[stage08] case parameters
+----------------------------------------------------------------------------------------------------------------------------------------------------------------------+
| parameters                                                                                                                                                           |
+----------------------------------------------------------------------------------------------------------------------------------------------------------------------+
| {"average":"mean","detrend":"none","dtype":"FP32","fs":"100","nfft":"32","noverlap":"10","nperseg":"20","nx":"100","ny":"80","scaling":"spectrum","seed":"86110001"} |
+----------------------------------------------------------------------------------------------------------------------------------------------------------------------+

[stage08] dtype evidence
+-----------------+--------------------+--------------+------------------------------------------------------------------+--------+
| requested_dtype | config_input_dtype | output_dtype | actual_input_digest                                              | status |
+-----------------+--------------------+--------------+------------------------------------------------------------------+--------+
| FP32            | NA                 | ComplexFP32  | 8c8047476c5edcef6fe9b519a0781d031a81d7f6b739432ddfdfbd845c1c4e81 | PASS   |
+-----------------+--------------------+--------------+------------------------------------------------------------------+--------+

[stage08] evidence files
+----------------+---------------------------------------------------------------------------------------------------------------------------------------------------------------------------------------------------------------------------------------+
| kind           | path                                                                                                                                                                                                                                  |
+----------------+---------------------------------------------------------------------------------------------------------------------------------------------------------------------------------------------------------------------------------------+
| probe_raw_json | /tmp/ZKX_dev/results/stage08_input_preview_b06_csd_9b01dadd36f6/formal/20260810T085504Z_9b01dadd36f6_stage08_b06_formal_86710000/csd_probe_raw.json                                                                                   |
| full_log       | /tmp/ZKX_dev/results/stage08_input_preview_b06_csd_9b01dadd36f6/formal/20260810T085504Z_9b01dadd36f6_stage08_b06_formal_86710000/operator_csd_full.log                                                                                |
| report_json    | /tmp/ZKX_dev/results/stage08_input_preview_b06_csd_9b01dadd36f6/formal/20260810T085504Z_9b01dadd36f6_stage08_b06_formal_86710000/operator_csd_report.json                                                                             |
| summary_txt    | /tmp/ZKX_dev/results/stage08_input_preview_b06_csd_9b01dadd36f6/formal/20260810T085504Z_9b01dadd36f6_stage08_b06_formal_86710000/operator_csd_summary.txt                                                                             |
| dtype_csv      | /tmp/ZKX_dev/results/stage08_input_preview_b06_csd_9b01dadd36f6/formal/20260810T085504Z_9b01dadd36f6_stage08_b06_formal_86710000/operator_dtype_evidence_csd_fft_thrust_20260810T085504Z_9b01dadd36f6_stage08_b06_formal_86710000.csv |
| main_csv       | /tmp/ZKX_dev/results/stage08_input_preview_b06_csd_9b01dadd36f6/formal/20260810T085504Z_9b01dadd36f6_stage08_b06_formal_86710000/operator_main_results_csd_fft_thrust_20260810T085504Z_9b01dadd36f6_stage08_b06_formal_86710000.csv   |
| memory_csv     | /tmp/ZKX_dev/results/stage08_input_preview_b06_csd_9b01dadd36f6/formal/20260810T085504Z_9b01dadd36f6_stage08_b06_formal_86710000/operator_spectral_analysis_csd_memory_trace_fft_thrust.csv                                           |
| timing_csv     | /tmp/ZKX_dev/results/stage08_input_preview_b06_csd_9b01dadd36f6/formal/20260810T085504Z_9b01dadd36f6_stage08_b06_formal_86710000/operator_timing_samples_csd_fft_thrust_20260810T085504Z_9b01dadd36f6_stage08_b06_formal_86710000.csv |
+----------------+---------------------------------------------------------------------------------------------------------------------------------------------------------------------------------------------------------------------------------------+
