command=build_stage08_b07_qmf_4948b3e7dd01/stage08_wavelets_qmf --dtype FP32 --elements 100 --seed 87300001 --warmup 1 --measured 1 --output /tmp/ZKX_dev/results/stage08_input_preview_b07_smoke_20260810T0920Z/smoke/20260810T092000Z_7951a0288e32_stage08_b07_smoke_87400001/qmf_probe_raw.json
{"run_id": "20260810T092000Z_7951a0288e32_stage08_b07_smoke_87400001", "case_id": "qmf__qmf_fp32_10e2__c298d1bdcebc546a", "operator_name": "qmf", "scale_id": "qmf_fp32_10e2", "requested_dtype": "FP32", "output_dtype": "INT64", "backend": "not_applicable", "input_count": 100, "output_count": 100, "warmup_runs": 1, "measured_runs": 1, "mse": 0, "rmse": 0, "relative_l2": 0, "relative_linf": 0, "status": "PASS", "error_code": "OK"}
[stage08] identity and status
+--------+---------------+--------+----------------+-------+--------+----------+--------------------------+--------+------------+
| target | scale_id      | device | backend        | dtype | warmup | measured | timing_scope             | status | error_code |
+--------+---------------+--------+----------------+-------+--------+----------+--------------------------+--------+------------+
| qmf    | qmf_fp32_10e2 | CPU    | not_applicable | FP32  | 1      | 1        | compatibility/end-to-end | PASS   | OK         |
| qmf    | qmf_fp32_10e2 | GPU    | not_applicable | FP32  | 1      | 1        | compatibility/end-to-end | PASS   | OK         |
+--------+---------------+--------+----------------+-------+--------+----------+--------------------------+--------+------------+

[stage08] timing detail
+--------+----------+----------+----------+----------+----------+----------+--------+-----+----------------------+
| device | mean_ms  | p50_ms   | p95_ms   | p99_ms   | min_ms   | max_ms   | std_ms | cv  | speedup              |
+--------+----------+----------+----------+----------+----------+----------+--------+-----+----------------------+
| CPU    | 0.00161  | 0.00161  | 0.00161  | 0.00161  | 0.00161  | 0.00161  | 0.0    | 0.0 | NA                   |
| GPU    | 0.224511 | 0.224511 | 0.224511 | 0.224511 | 0.224511 | 0.224511 | 0.0    | 0.0 | 0.007171140834970225 |
+--------+----------+----------+----------+----------+----------+----------+--------+-----+----------------------+

[stage08] accuracy detail
+-----------------------------+-----+------+-------------+---------------+-------------+----------------+-------------------------------------+--------+
| accuracy_reference          | mse | rmse | relative_l2 | relative_linf | exact_match | mismatch_count | semantic_check                      | status |
+-----------------------------+-----+------+-------------+---------------+-------------+----------------+-------------------------------------+--------+
| cpu_qmf_int64_index_formula | 0   | 0    | 0           | 0             | NA          | NA             | output_count=100;output_dtype=INT64 | PASS   |
+-----------------------------+-----+------+-------------+---------------+-------------+----------------+-------------------------------------+--------+

[stage08] resource detail
+--------+------------+--------------+-------------+------------+-------------+
| device | metric     | before_bytes | after_bytes | peak_bytes | delta_bytes |
+--------+------------+--------------+-------------+------------+-------------+
| CPU    | cpu_heap   | 1339184      | 1343392     | 1343392    | 4208        |
| CPU    | rss        | 69275648     | 69275648    | 69275648   | 0           |
| GPU    | cpu_heap   | 1343488      | 1348416     | 1348416    | 4928        |
| GPU    | rss        | 69275648     | 69275648    | 69275648   | 0           |
| GPU    | gpu_memory | 341000192    | 341000192   | 341000192  | 0           |
+--------+------------+--------------+-------------+------------+-------------+

[stage08] input/output identity
+--------+------------------------------------------------------------------+------------------------------------------------------------------+
| device | input_digest                                                     | output_digest                                                    |
+--------+------------------------------------------------------------------+------------------------------------------------------------------+
| CPU    | c298d1bdcebc546a08f6cf4eefec20a2b7acbb810db994beef0c49b7149f5ab1 | 38def24e52cb938a00dc911a774bc1245254d94bc91327409c01ad408f4f88b1 |
| GPU    | c298d1bdcebc546a08f6cf4eefec20a2b7acbb810db994beef0c49b7149f5ab1 | 38def24e52cb938a00dc911a774bc1245254d94bc91327409c01ad408f4f88b1 |
+--------+------------------------------------------------------------------+------------------------------------------------------------------+

[stage08] input content
+------------+-------+-------+----------+-------------------------------------------------------+--------------------------------------------------------------------------------+
| input_name | shape | dtype | elements | generator                                             | values(head4/tail2)                                                            |
+------------+-------+-------+----------+-------------------------------------------------------+--------------------------------------------------------------------------------+
| hk         | [100] | FP32  | 100      | qmf_sinusoid_or_modular(seed=87300001,integral=false) | i=0:0.078125;i=1:0.10937;i=2:0.140584;i=3:0.171738;i=98:0.157135;i=99:0.125949 |
+------------+-------+-------+----------+-------------------------------------------------------+--------------------------------------------------------------------------------+

[stage08] case parameters
+-----------------------------------------------------+
| parameters                                          |
+-----------------------------------------------------+
| {"dtype":"FP32","elements":"100","seed":"87300001"} |
+-----------------------------------------------------+

[stage08] dtype evidence
+-----------------+--------------------+--------------+------------------------------------------------------------------+--------+
| requested_dtype | config_input_dtype | output_dtype | actual_input_digest                                              | status |
+-----------------+--------------------+--------------+------------------------------------------------------------------+--------+
| FP32            | NA                 | INT64        | c298d1bdcebc546a08f6cf4eefec20a2b7acbb810db994beef0c49b7149f5ab1 | PASS   |
+-----------------+--------------------+--------------+------------------------------------------------------------------+--------+

[stage08] evidence files
+----------------+--------------------------------------------------------------------------------------------------------------------------------------------------------------------------------------------------------------------------------------------+
| kind           | path                                                                                                                                                                                                                                       |
+----------------+--------------------------------------------------------------------------------------------------------------------------------------------------------------------------------------------------------------------------------------------+
| dtype_csv      | /tmp/ZKX_dev/results/stage08_input_preview_b07_smoke_20260810T0920Z/smoke/20260810T092000Z_7951a0288e32_stage08_b07_smoke_87400001/operator_dtype_evidence_qmf_not_applicable_20260810T092000Z_7951a0288e32_stage08_b07_smoke_87400001.csv |
| main_csv       | /tmp/ZKX_dev/results/stage08_input_preview_b07_smoke_20260810T0920Z/smoke/20260810T092000Z_7951a0288e32_stage08_b07_smoke_87400001/operator_main_results_qmf_not_applicable_20260810T092000Z_7951a0288e32_stage08_b07_smoke_87400001.csv   |
| full_log       | /tmp/ZKX_dev/results/stage08_input_preview_b07_smoke_20260810T0920Z/smoke/20260810T092000Z_7951a0288e32_stage08_b07_smoke_87400001/operator_qmf_full.log                                                                                   |
| report_json    | /tmp/ZKX_dev/results/stage08_input_preview_b07_smoke_20260810T0920Z/smoke/20260810T092000Z_7951a0288e32_stage08_b07_smoke_87400001/operator_qmf_report.json                                                                                |
| summary_txt    | /tmp/ZKX_dev/results/stage08_input_preview_b07_smoke_20260810T0920Z/smoke/20260810T092000Z_7951a0288e32_stage08_b07_smoke_87400001/operator_qmf_summary.txt                                                                                |
| timing_csv     | /tmp/ZKX_dev/results/stage08_input_preview_b07_smoke_20260810T0920Z/smoke/20260810T092000Z_7951a0288e32_stage08_b07_smoke_87400001/operator_timing_samples_qmf_not_applicable_20260810T092000Z_7951a0288e32_stage08_b07_smoke_87400001.csv |
| memory_csv     | /tmp/ZKX_dev/results/stage08_input_preview_b07_smoke_20260810T0920Z/smoke/20260810T092000Z_7951a0288e32_stage08_b07_smoke_87400001/operator_wavelets_qmf_memory_trace_not_applicable.csv                                                   |
| probe_raw_json | /tmp/ZKX_dev/results/stage08_input_preview_b07_smoke_20260810T0920Z/smoke/20260810T092000Z_7951a0288e32_stage08_b07_smoke_87400001/qmf_probe_raw.json                                                                                      |
+----------------+--------------------------------------------------------------------------------------------------------------------------------------------------------------------------------------------------------------------------------------------+
