command=build_stage08_b04_firfilter2_be79ae78aeff/stage08_filtering_firfilter2 --dtype INT16 --rows 10 --cols 10 --axis 1 --padtype odd --padlen 4 --seed 84240001 --warmup 20 --measured 100 --output /tmp/ZKX_dev/results/stage08_input_preview_b04_firfilter2_db927ed96663/formal/20260810T083713Z_db927ed96663_stage08_b04_formal_b403000a/firfilter2_probe_raw.json
STAGE08_FIRFILTER2_PROBE PASS dtype=INT16 padtype=odd backend=not_applicable
[stage08] identity and status
+------------+-----------------------+--------+----------------+-------+--------+----------+--------------------------+--------+------------+
| target     | scale_id              | device | backend        | dtype | warmup | measured | timing_scope             | status | error_code |
+------------+-----------------------+--------+----------------+-------+--------+----------+--------------------------+--------+------------+
| firfilter2 | firfilter2_int16_10e2 | CPU    | not_applicable | INT16 | 20     | 100      | compatibility/end-to-end | PASS   | OK         |
| firfilter2 | firfilter2_int16_10e2 | GPU    | not_applicable | INT16 | 20     | 100      | compatibility/end-to-end | PASS   | OK         |
+------------+-----------------------+--------+----------------+-------+--------+----------+--------------------------+--------+------------+

[stage08] timing detail
+--------+---------------------+---------------------+----------------------+----------------------+----------------------+----------------------+------------------------+----------------------+---------------------+
| device | mean_ms             | p50_ms              | p95_ms               | p99_ms               | min_ms               | max_ms               | std_ms                 | cv                   | speedup             |
+--------+---------------------+---------------------+----------------------+----------------------+----------------------+----------------------+------------------------+----------------------+---------------------+
| CPU    | 0.03492087          | 0.0348305           | 0.034990500000000001 | 0.035165900000000049 | 0.034491000000000001 | 0.044659999999999998 | 0.00098480536813118531 | 0.028201054788474209 | NA                  |
| GPU    | 0.26356643000000002 | 0.25451600000000002 | 0.31015854999999998  | 0.34875912000000142  | 0.24691199999999999  | 0.62181299999999995  | 0.040164506573156102   | 0.15238855180895419  | 0.13249361840200968 |
+--------+---------------------+---------------------+----------------------+----------------------+----------------------+----------------------+------------------------+----------------------+---------------------+

[stage08] accuracy detail
+---------------------------------------------+-----+------+-------------+---------------+-------------+----------------+--------------------------------------------------------------------------+--------+
| accuracy_reference                          | mse | rmse | relative_l2 | relative_linf | exact_match | mismatch_count | semantic_check                                                           | status |
+---------------------------------------------+-----+------+-------------+---------------+-------------+----------------+--------------------------------------------------------------------------+--------+
| cpu_independent_bidirectional_fir_reference | 0   | 0    | 0           | 0             | NA          | NA             | shape_axis_padding_and_fp32_output_match_cpu:axis=1;padtype=odd;padlen=4 | PASS   |
+---------------------------------------------+-----+------+-------------+---------------+-------------+----------------+--------------------------------------------------------------------------+--------+

[stage08] resource detail
+--------+------------+--------------+-------------+------------+-------------+
| device | metric     | before_bytes | after_bytes | peak_bytes | delta_bytes |
+--------+------------+--------------+-------------+------------+-------------+
| CPU    | cpu_heap   | 1427840      | 1431056     | 1431056    | 3216        |
| CPU    | rss        | 69873664     | 69873664    | 69873664   | 0           |
| GPU    | cpu_heap   | 1432832      | 1436848     | 1436848    | 4016        |
| GPU    | rss        | 69873664     | 69873664    | 69873664   | 0           |
| GPU    | gpu_memory | 391544832    | 391544832   | 391544832  | 0           |
+--------+------------+--------------+-------------+------------+-------------+

[stage08] input/output identity
+--------+------------------------------------------------------------------+------------------------------------------------------------------+
| device | input_digest                                                     | output_digest                                                    |
+--------+------------------------------------------------------------------+------------------------------------------------------------------+
| CPU    | ec40932748c3b2a5822c97bf96ed7bb3da9655acdf01c6ad09d5f063cd15a490 | 59c6cdd6f8606422113ba8e6f681a58bfa36cabb8d51fb5172ad6cf33f3005c0 |
| GPU    | ec40932748c3b2a5822c97bf96ed7bb3da9655acdf01c6ad09d5f063cd15a490 | 59c6cdd6f8606422113ba8e6f681a58bfa36cabb8d51fb5172ad6cf33f3005c0 |
+--------+------------------------------------------------------------------+------------------------------------------------------------------+

[stage08] input content
+------------+---------+-------+----------+------------------------------------------------+------------------------------------------+
| input_name | shape   | dtype | elements | generator                                      | values(head4/tail2)                      |
+------------+---------+-------+----------+------------------------------------------------+------------------------------------------+
| x          | [10x10] | INT16 | 100      | firfilter_modular(seed=84240001,integral=true) | i=0:-3;i=1:1;i=2:-4;i=3:0;i=98:2;i=99:-3 |
| b          | [3]     | INT16 | 3        | fixed_filter_coefficients                      | i=0:1;i=1:1;i=2:1                        |
+------------+---------+-------+----------+------------------------------------------------+------------------------------------------+

[stage08] case parameters
+-----------------------------------------------------------------------------------------------------+
| parameters                                                                                          |
+-----------------------------------------------------------------------------------------------------+
| {"axis":"1","cols":"10","dtype":"INT16","padlen":"4","padtype":"odd","rows":"10","seed":"84240001"} |
+-----------------------------------------------------------------------------------------------------+

[stage08] dtype evidence
+-----------------+--------------------+--------------+------------------------------------------------------------------+--------+
| requested_dtype | config_input_dtype | output_dtype | actual_input_digest                                              | status |
+-----------------+--------------------+--------------+------------------------------------------------------------------+--------+
| INT16           | NA                 | FP32         | ec40932748c3b2a5822c97bf96ed7bb3da9655acdf01c6ad09d5f063cd15a490 | PASS   |
+-----------------+--------------------+--------------+------------------------------------------------------------------+--------+

[stage08] evidence files
+----------------+---------------------------------------------------------------------------------------------------------------------------------------------------------------------------------------------------------------------------------------------------------+
| kind           | path                                                                                                                                                                                                                                                    |
+----------------+---------------------------------------------------------------------------------------------------------------------------------------------------------------------------------------------------------------------------------------------------------+
| probe_raw_json | /tmp/ZKX_dev/results/stage08_input_preview_b04_firfilter2_db927ed96663/formal/20260810T083713Z_db927ed96663_stage08_b04_formal_b403000a/firfilter2_probe_raw.json                                                                                       |
| dtype_csv      | /tmp/ZKX_dev/results/stage08_input_preview_b04_firfilter2_db927ed96663/formal/20260810T083713Z_db927ed96663_stage08_b04_formal_b403000a/operator_dtype_evidence_firfilter2_not_applicable_20260810T083713Z_db927ed96663_stage08_b04_formal_b403000a.csv |
| memory_csv     | /tmp/ZKX_dev/results/stage08_input_preview_b04_firfilter2_db927ed96663/formal/20260810T083713Z_db927ed96663_stage08_b04_formal_b403000a/operator_filtering_firfilter2_memory_trace_not_applicable.csv                                                   |
| full_log       | /tmp/ZKX_dev/results/stage08_input_preview_b04_firfilter2_db927ed96663/formal/20260810T083713Z_db927ed96663_stage08_b04_formal_b403000a/operator_firfilter2_full.log                                                                                    |
| report_json    | /tmp/ZKX_dev/results/stage08_input_preview_b04_firfilter2_db927ed96663/formal/20260810T083713Z_db927ed96663_stage08_b04_formal_b403000a/operator_firfilter2_report.json                                                                                 |
| summary_txt    | /tmp/ZKX_dev/results/stage08_input_preview_b04_firfilter2_db927ed96663/formal/20260810T083713Z_db927ed96663_stage08_b04_formal_b403000a/operator_firfilter2_summary.txt                                                                                 |
| main_csv       | /tmp/ZKX_dev/results/stage08_input_preview_b04_firfilter2_db927ed96663/formal/20260810T083713Z_db927ed96663_stage08_b04_formal_b403000a/operator_main_results_firfilter2_not_applicable_20260810T083713Z_db927ed96663_stage08_b04_formal_b403000a.csv   |
| timing_csv     | /tmp/ZKX_dev/results/stage08_input_preview_b04_firfilter2_db927ed96663/formal/20260810T083713Z_db927ed96663_stage08_b04_formal_b403000a/operator_timing_samples_firfilter2_not_applicable_20260810T083713Z_db927ed96663_stage08_b04_formal_b403000a.csv |
+----------------+---------------------------------------------------------------------------------------------------------------------------------------------------------------------------------------------------------------------------------------------------------+
