[stage08-b01] operator=general_gaussian entry=cpu:general_gaussian_typed_cpu gpu:general_gaussian_device
[stage08-b01] config=test_all/configs/operators/windows/general_gaussian/operator_scales.json config_sha256=5d6f2dd75b763122028b82c7fc144e476d8fa07150cda991f6306e7007f350ee
[stage08-b01] run_type=formal scale=general_gaussian_fp32_10e4 dtype=FP32 sym=true backend=not_applicable
[stage08-b01] dtype_semantics=actual_typed_scalar_inputs typed_input_count=2 actual_input_digest=c19cdc5682dd4cb37ef8d8c2c19919dbdde489ea1b734ecf7ab6d4423ebb6bdf
[stage08-b01] timing_scope=compatibility/end-to-end warmup=20 measured=100
[stage08-b01] cpu_mean_ms=0.42062811999999966 gpu_mean_ms=0.31180330000000001 speedup=1.3490175376591578
[stage08-b01] mse=6.9879304845031007e-16 rmse=2.6434694029822061e-08 relative_l2=4.338441763749717e-08 relative_linf=1.136187538497426e-07
[stage08-b01] resources=available cuda_event_ms=0.33179599046707153
[stage08-b01] status=PASS error_code=OK
[stage08] identity and status
target           | scale_id                   | device | backend        | dtype | warmup | measured | timing_scope             | status | error_code
general_gaussian | general_gaussian_fp32_10e4 | CPU    | not_applicable | FP32  | 20     | 100      | compatibility/end-to-end | PASS   | OK        
general_gaussian | general_gaussian_fp32_10e4 | GPU    | not_applicable | FP32  | 20     | 100      | compatibility/end-to-end | PASS   | OK        

[stage08] timing detail
device | mean_ms             | p50_ms              | p95_ms              | p99_ms              | min_ms              | max_ms              | std_ms                | cv                   | speedup           
CPU    | 0.42062811999999966 | 0.41917199999999999 | 0.43116500000000002 | 0.43612390000000006 | 0.417491            | 0.440272            | 0.004328811444911874  | 0.01029130302774783  | NA                
GPU    | 0.31180330000000001 | 0.3095155           | 0.32976449999999996 | 0.33883940000000012 | 0.30336099999999999 | 0.35848099999999999 | 0.0080670925871716634 | 0.025872377191555263 | 1.3490175376591578

[stage08] accuracy detail
accuracy_reference  | mse                    | rmse                   | relative_l2           | relative_linf         | exact_match | mismatch_count | semantic_check                                                                                 | status
cpu_typed_reference | 6.9879304845031007e-16 | 2.6434694029822061e-08 | 4.338441763749717e-08 | 1.136187538497426e-07 | NA          | NA             | finite_fp64_window_shape_power_width_and_symmetry_match_cpu:shape=[10000];finite=true;sym=true | PASS  

[stage08] resource detail
device | metric     | before_bytes | after_bytes | peak_bytes | delta_bytes
CPU    | cpu_heap   | 1567712      | 1571568     | 1650464    | 3856       
CPU    | rss        | 71028736     | 71028736    | 71028736   | 0          
GPU    | cpu_heap   | 1571568      | 1574272     | 1653376    | 2704       
GPU    | rss        | 71028736     | 71028736    | 71028736   | 0          
GPU    | gpu_memory | 391544832    | 391544832   | 391544832  | 0          

[stage08] input/output identity
device | input_digest                                                     | output_digest                                                   
CPU    | c19cdc5682dd4cb37ef8d8c2c19919dbdde489ea1b734ecf7ab6d4423ebb6bdf | b059482b631d78b1c378be75075c9d431651642604f6af00e63de9fc53b9981b
GPU    | c19cdc5682dd4cb37ef8d8c2c19919dbdde489ea1b734ecf7ab6d4423ebb6bdf | 7badf42253768acebb6f171d77aa48b092814f62e6546f2fb4be3a463c13eae9

[stage08] input content
input_name       | shape   | dtype       | elements | generator                                           | values(head4/tail2)                                                                                  
window_positions | [10000] | INDEX_INT64 | 10000    | implicit_window_index_domain(no_materialized_array) | i=0:position=0;i=1:position=1;i=2:position=2;i=3:position=3;i=9998:position=9998;i=9999:position=9999
power            | scalar  | FP32        | 1        | exact_config_scalar                                 | value=2                                                                                              
width            | scalar  | FP32        | 1        | exact_config_scalar                                 | value=2048                                                                                           

[stage08] case parameters
parameters                                                                 
{"length":10000,"requested_dtype":"FP32","sym":true,"power":2,"width":2048}

[stage08] dtype evidence
requested_dtype | config_input_dtype | output_dtype | actual_input_digest                                              | status
FP32            | FP32               | FP64         | c19cdc5682dd4cb37ef8d8c2c19919dbdde489ea1b734ecf7ab6d4423ebb6bdf | PASS  

[stage08] evidence files
kind        | path                                                                                                                                                                                                                                                               
main_csv    | /tmp/ZKX_dev/results/stage08_input_preview_b01_general_gaussian_8b745f9a6864/formal/20260810T082121Z_8b745f9a6864_stage08_b01_formal_a1030005/operator_main_results_general_gaussian_not_applicable_20260810T082121Z_8b745f9a6864_stage08_b01_formal_a1030005.csv  
timing_csv  | /tmp/ZKX_dev/results/stage08_input_preview_b01_general_gaussian_8b745f9a6864/formal/20260810T082121Z_8b745f9a6864_stage08_b01_formal_a1030005/operator_timing_samples_general_gaussian_not_applicable_20260810T082121Z_8b745f9a6864_stage08_b01_formal_a1030005.csv
memory_csv  | /tmp/ZKX_dev/results/stage08_input_preview_b01_general_gaussian_8b745f9a6864/formal/20260810T082121Z_8b745f9a6864_stage08_b01_formal_a1030005/operator_windows_general_gaussian_memory_trace_not_applicable.csv                                                    
input_csv   | /tmp/ZKX_dev/results/stage08_input_preview_b01_general_gaussian_8b745f9a6864/formal/20260810T082121Z_8b745f9a6864_stage08_b01_formal_a1030005/operator_input_evidence_general_gaussian_not_applicable_20260810T082121Z_8b745f9a6864_stage08_b01_formal_a1030005.csv
dtype_csv   | /tmp/ZKX_dev/results/stage08_input_preview_b01_general_gaussian_8b745f9a6864/formal/20260810T082121Z_8b745f9a6864_stage08_b01_formal_a1030005/operator_dtype_evidence_general_gaussian_not_applicable_20260810T082121Z_8b745f9a6864_stage08_b01_formal_a1030005.csv
module_csv  | /tmp/ZKX_dev/results/stage08_input_preview_b01_general_gaussian_8b745f9a6864/formal/20260810T082121Z_8b745f9a6864_stage08_b01_formal_a1030005/windows_batch01_module_summary_not_applicable_20260810T082121Z_8b745f9a6864_stage08_b01_formal_a1030005.csv          
report_json | /tmp/ZKX_dev/results/stage08_input_preview_b01_general_gaussian_8b745f9a6864/formal/20260810T082121Z_8b745f9a6864_stage08_b01_formal_a1030005/operator_general_gaussian_report.json                                                                                
summary_txt | /tmp/ZKX_dev/results/stage08_input_preview_b01_general_gaussian_8b745f9a6864/formal/20260810T082121Z_8b745f9a6864_stage08_b01_formal_a1030005/operator_general_gaussian_summary.txt                                                                                
full_log    | /tmp/ZKX_dev/results/stage08_input_preview_b01_general_gaussian_8b745f9a6864/formal/20260810T082121Z_8b745f9a6864_stage08_b01_formal_a1030005/operator_general_gaussian_full.log                                                                                   
results_dir | /tmp/ZKX_dev/results/stage08_input_preview_b01_general_gaussian_8b745f9a6864/formal/20260810T082121Z_8b745f9a6864_stage08_b01_formal_a1030005                                                                                                                      
