command=build_stage08_b06_lombscargle_ab7484afd8df_developer/stage08_spectral_analysis_lombscargle --dtype INT32 --samples 257 --frequencies 40 --precenter true --normalize true --seed 86330003 --warmup 20 --measured 100 --output /tmp/ZKX_dev/results/stage08_input_preview_b06_lombscargle_9b01dadd36f6/formal/20260810T085748Z_9b01dadd36f6_stage08_b06_formal_86730008/lombscargle_probe_raw.json
{"run_id": "20260810T085748Z_9b01dadd36f6_stage08_b06_formal_86730008", "case_id": "lombscargle__lombscargle_int32_10e4__8f8817c2f072e581", "operator_name": "lombscargle", "scale_id": "lombscargle_int32_10e4", "requested_dtype": "INT32", "output_dtype": "FP64", "backend": "not_applicable", "sample_count": 257, "frequency_count": 40, "scientific_work": 10280, "precenter": true, "normalize": true, "warmup_runs": 20, "measured_runs": 100, "mse": 7.99595e-20, "rmse": 2.82771e-10, "relative_l2": 4.47718e-08, "relative_linf": 2.74951e-08, "status": "PASS", "error_code": "OK"}
[stage08] identity and status
+-------------+------------------------+--------+----------------+-------+--------+----------+--------------------------+--------+------------+
| target      | scale_id               | device | backend        | dtype | warmup | measured | timing_scope             | status | error_code |
+-------------+------------------------+--------+----------------+-------+--------+----------+--------------------------+--------+------------+
| lombscargle | lombscargle_int32_10e4 | CPU    | not_applicable | INT32 | 20     | 100      | compatibility/end-to-end | PASS   | OK         |
| lombscargle | lombscargle_int32_10e4 | GPU    | not_applicable | INT32 | 20     | 100      | compatibility/end-to-end | PASS   | OK         |
+-------------+------------------------+--------+----------------+-------+--------+----------+--------------------------+--------+------------+

[stage08] timing detail
+--------+------------+----------+------------+--------------------+----------+----------+----------------------+----------------------+--------------------+
| device | mean_ms    | p50_ms   | p95_ms     | p99_ms             | min_ms   | max_ms   | std_ms               | cv                   | speedup            |
+--------+------------+----------+------------+--------------------+----------+----------+----------------------+----------------------+--------------------+
| CPU    | 0.52364534 | 0.521603 | 0.53127155 | 0.5351670000000005 | 0.519523 | 0.632583 | 0.011433744875778888 | 0.02183490237071314  | NA                 |
| GPU    | 0.84964451 | 0.8465   | 0.8650295  | 0.9214128100000006 | 0.831064 | 1.036036 | 0.02183381725603427  | 0.025697591167904175 | 0.6163110969786646 |
+--------+------------+----------+------------+--------------------+----------+----------+----------------------+----------------------+--------------------+

[stage08] accuracy detail
+------------------------------+-------------+-------------+-------------+---------------+-------------+----------------+-------------------------------------------+--------+
| accuracy_reference           | mse         | rmse        | relative_l2 | relative_linf | exact_match | mismatch_count | semantic_check                            | status |
+------------------------------+-------------+-------------+-------------+---------------+-------------+----------------+-------------------------------------------+--------+
| cpu_lombscargle_fp64_formula | 7.99595e-20 | 2.82771e-10 | 4.47718e-08 | 2.74951e-08   | NA          | NA             | irregular_periodogram_frequency_length=40 | PASS   |
+------------------------------+-------------+-------------+-------------+---------------+-------------+----------------+-------------------------------------------+--------+

[stage08] resource detail
+--------+------------+--------------+-------------+------------+-------------+
| device | metric     | before_bytes | after_bytes | peak_bytes | delta_bytes |
+--------+------------+--------------+-------------+------------+-------------+
| CPU    | cpu_heap   | 1443648      | 1449152     | 1449152    | 5504        |
| CPU    | rss        | 70774784     | 70774784    | 70774784   | 0           |
| GPU    | cpu_heap   | 1449152      | 1452464     | 1452656    | 3312        |
| GPU    | rss        | 70774784     | 70774784    | 70774784   | 0           |
| GPU    | gpu_memory | 341000192    | 341000192   | 341000192  | 0           |
+--------+------------+--------------+-------------+------------+-------------+

[stage08] input/output identity
+--------+------------------------------------------------------------------+------------------------------------------------------------------+
| device | input_digest                                                     | output_digest                                                    |
+--------+------------------------------------------------------------------+------------------------------------------------------------------+
| CPU    | 8f8817c2f072e5819a36b3c7907cb859bf506b872bc1c3ab9bd4d56d6c6630ce | 6207c8669dba8b1939a9b1a266171c4e4d34e354df650806bb3471500c74fad7 |
| GPU    | 8f8817c2f072e5819a36b3c7907cb859bf506b872bc1c3ab9bd4d56d6c6630ce | fe3ee76cada3018b46b5fd0411193554288907b1d56f582fa18be64d2b4d0ba4 |
+--------+------------------------------------------------------------------+------------------------------------------------------------------+

[stage08] input content
+------------+-------+-------+----------+---------------------------------------------------+--------------------------------------------+
| input_name | shape | dtype | elements | generator                                         | values(head4/tail2)                        |
+------------+-------+-------+----------+---------------------------------------------------+--------------------------------------------+
| time       | [257] | INT32 | 257      | deterministic_sample_times(integral=true)         | i=0:0;i=1:3;i=2:6;i=3:9;i=255:94;i=256:97  |
| value      | [257] | INT32 | 257      | modular_observations(seed=86330003,integral=true) | i=0:-4;i=1:2;i=2:-3;i=3:3;i=255:-3;i=256:3 |
| frequency  | [40]  | INT32 | 40       | deterministic_frequency_grid(integral=true)       | i=0:1;i=1:2;i=2:3;i=3:4;i=38:39;i=39:40    |
+------------+-------+-------+----------+---------------------------------------------------+--------------------------------------------+

[stage08] case parameters
+--------------------------------------------------------------------------------------------------------------+
| parameters                                                                                                   |
+--------------------------------------------------------------------------------------------------------------+
| {"dtype":"INT32","frequencies":"40","normalize":"true","precenter":"true","samples":"257","seed":"86330003"} |
+--------------------------------------------------------------------------------------------------------------+

[stage08] dtype evidence
+-----------------+--------------------+--------------+------------------------------------------------------------------+--------+
| requested_dtype | config_input_dtype | output_dtype | actual_input_digest                                              | status |
+-----------------+--------------------+--------------+------------------------------------------------------------------+--------+
| INT32           | NA                 | FP64         | 8f8817c2f072e5819a36b3c7907cb859bf506b872bc1c3ab9bd4d56d6c6630ce | PASS   |
+-----------------+--------------------+--------------+------------------------------------------------------------------+--------+

[stage08] evidence files
+----------------+-----------------------------------------------------------------------------------------------------------------------------------------------------------------------------------------------------------------------------------------------------------+
| kind           | path                                                                                                                                                                                                                                                      |
+----------------+-----------------------------------------------------------------------------------------------------------------------------------------------------------------------------------------------------------------------------------------------------------+
| probe_raw_json | /tmp/ZKX_dev/results/stage08_input_preview_b06_lombscargle_9b01dadd36f6/formal/20260810T085748Z_9b01dadd36f6_stage08_b06_formal_86730008/lombscargle_probe_raw.json                                                                                       |
| dtype_csv      | /tmp/ZKX_dev/results/stage08_input_preview_b06_lombscargle_9b01dadd36f6/formal/20260810T085748Z_9b01dadd36f6_stage08_b06_formal_86730008/operator_dtype_evidence_lombscargle_not_applicable_20260810T085748Z_9b01dadd36f6_stage08_b06_formal_86730008.csv |
| full_log       | /tmp/ZKX_dev/results/stage08_input_preview_b06_lombscargle_9b01dadd36f6/formal/20260810T085748Z_9b01dadd36f6_stage08_b06_formal_86730008/operator_lombscargle_full.log                                                                                    |
| report_json    | /tmp/ZKX_dev/results/stage08_input_preview_b06_lombscargle_9b01dadd36f6/formal/20260810T085748Z_9b01dadd36f6_stage08_b06_formal_86730008/operator_lombscargle_report.json                                                                                 |
| summary_txt    | /tmp/ZKX_dev/results/stage08_input_preview_b06_lombscargle_9b01dadd36f6/formal/20260810T085748Z_9b01dadd36f6_stage08_b06_formal_86730008/operator_lombscargle_summary.txt                                                                                 |
| main_csv       | /tmp/ZKX_dev/results/stage08_input_preview_b06_lombscargle_9b01dadd36f6/formal/20260810T085748Z_9b01dadd36f6_stage08_b06_formal_86730008/operator_main_results_lombscargle_not_applicable_20260810T085748Z_9b01dadd36f6_stage08_b06_formal_86730008.csv   |
| memory_csv     | /tmp/ZKX_dev/results/stage08_input_preview_b06_lombscargle_9b01dadd36f6/formal/20260810T085748Z_9b01dadd36f6_stage08_b06_formal_86730008/operator_spectral_analysis_lombscargle_memory_trace_not_applicable.csv                                           |
| timing_csv     | /tmp/ZKX_dev/results/stage08_input_preview_b06_lombscargle_9b01dadd36f6/formal/20260810T085748Z_9b01dadd36f6_stage08_b06_formal_86730008/operator_timing_samples_lombscargle_not_applicable_20260810T085748Z_9b01dadd36f6_stage08_b06_formal_86730008.csv |
+----------------+-----------------------------------------------------------------------------------------------------------------------------------------------------------------------------------------------------------------------------------------------------------+
