sample_index=0 cpu_pipeline_ms=1914.79 gpu_pipeline_ms=246.34 cpu_resource_sampling_overhead_ms=0.284859 gpu_resource_sampling_overhead_ms=0.03515 semantic_gates=16/16 timing_direct=true resource_overhead_excluded=true step_sum_used=false status=PASS
sample_index=1 cpu_pipeline_ms=1862.55 gpu_pipeline_ms=251.692 cpu_resource_sampling_overhead_ms=0.36574 gpu_resource_sampling_overhead_ms=0.06227 semantic_gates=16/16 timing_direct=true resource_overhead_excluded=true step_sum_used=false status=PASS
sample_index=2 cpu_pipeline_ms=1900.53 gpu_pipeline_ms=249.271 cpu_resource_sampling_overhead_ms=0.41027 gpu_resource_sampling_overhead_ms=0.04049 semantic_gates=16/16 timing_direct=true resource_overhead_excluded=true step_sum_used=false status=PASS
sample_index=3 cpu_pipeline_ms=1940.01 gpu_pipeline_ms=250.107 cpu_resource_sampling_overhead_ms=0.345221 gpu_resource_sampling_overhead_ms=0.03805 semantic_gates=16/16 timing_direct=true resource_overhead_excluded=true step_sum_used=false status=PASS
sample_index=4 cpu_pipeline_ms=1857.4 gpu_pipeline_ms=247.783 cpu_resource_sampling_overhead_ms=0.29351 gpu_resource_sampling_overhead_ms=0.03696 semantic_gates=16/16 timing_direct=true resource_overhead_excluded=true step_sum_used=false status=PASS
sample_index=5 cpu_pipeline_ms=1925.34 gpu_pipeline_ms=248.024 cpu_resource_sampling_overhead_ms=0.351302 gpu_resource_sampling_overhead_ms=0.03712 semantic_gates=16/16 timing_direct=true resource_overhead_excluded=true step_sum_used=false status=PASS
sample_index=6 cpu_pipeline_ms=1938.21 gpu_pipeline_ms=247.934 cpu_resource_sampling_overhead_ms=0.316842 gpu_resource_sampling_overhead_ms=0.03941 semantic_gates=16/16 timing_direct=true resource_overhead_excluded=true step_sum_used=false status=PASS
sample_index=7 cpu_pipeline_ms=1915.21 gpu_pipeline_ms=248.681 cpu_resource_sampling_overhead_ms=0.338681 gpu_resource_sampling_overhead_ms=0.04036 semantic_gates=16/16 timing_direct=true resource_overhead_excluded=true step_sum_used=false status=PASS
sample_index=8 cpu_pipeline_ms=1933.2 gpu_pipeline_ms=247.928 cpu_resource_sampling_overhead_ms=0.338932 gpu_resource_sampling_overhead_ms=0.04171 semantic_gates=16/16 timing_direct=true resource_overhead_excluded=true step_sum_used=false status=PASS
sample_index=9 cpu_pipeline_ms=1893.58 gpu_pipeline_ms=247.918 cpu_resource_sampling_overhead_ms=0.373901 gpu_resource_sampling_overhead_ms=0.04043 semantic_gates=16/16 timing_direct=true resource_overhead_excluded=true step_sum_used=false status=PASS
sample_index=10 cpu_pipeline_ms=1944.39 gpu_pipeline_ms=247.806 cpu_resource_sampling_overhead_ms=0.321451 gpu_resource_sampling_overhead_ms=0.03836 semantic_gates=16/16 timing_direct=true resource_overhead_excluded=true step_sum_used=false status=PASS
sample_index=11 cpu_pipeline_ms=1841.05 gpu_pipeline_ms=247.736 cpu_resource_sampling_overhead_ms=0.37506 gpu_resource_sampling_overhead_ms=0.0374 semantic_gates=16/16 timing_direct=true resource_overhead_excluded=true step_sum_used=false status=PASS
sample_index=12 cpu_pipeline_ms=1888.93 gpu_pipeline_ms=249.099 cpu_resource_sampling_overhead_ms=0.418503 gpu_resource_sampling_overhead_ms=0.03917 semantic_gates=16/16 timing_direct=true resource_overhead_excluded=true step_sum_used=false status=PASS
sample_index=13 cpu_pipeline_ms=1921.53 gpu_pipeline_ms=250.905 cpu_resource_sampling_overhead_ms=0.375191 gpu_resource_sampling_overhead_ms=0.04034 semantic_gates=16/16 timing_direct=true resource_overhead_excluded=true step_sum_used=false status=PASS
sample_index=14 cpu_pipeline_ms=1945.37 gpu_pipeline_ms=249.214 cpu_resource_sampling_overhead_ms=0.395491 gpu_resource_sampling_overhead_ms=0.042131 semantic_gates=16/16 timing_direct=true resource_overhead_excluded=true step_sum_used=false status=PASS
sample_index=15 cpu_pipeline_ms=1944.43 gpu_pipeline_ms=248.661 cpu_resource_sampling_overhead_ms=0.262492 gpu_resource_sampling_overhead_ms=0.03726 semantic_gates=16/16 timing_direct=true resource_overhead_excluded=true step_sum_used=false status=PASS
sample_index=16 cpu_pipeline_ms=1924.14 gpu_pipeline_ms=247.985 cpu_resource_sampling_overhead_ms=0.345651 gpu_resource_sampling_overhead_ms=0.038321 semantic_gates=16/16 timing_direct=true resource_overhead_excluded=true step_sum_used=false status=PASS
sample_index=17 cpu_pipeline_ms=1987.2 gpu_pipeline_ms=249.207 cpu_resource_sampling_overhead_ms=0.371322 gpu_resource_sampling_overhead_ms=0.04014 semantic_gates=16/16 timing_direct=true resource_overhead_excluded=true step_sum_used=false status=PASS
sample_index=18 cpu_pipeline_ms=1934.73 gpu_pipeline_ms=248.374 cpu_resource_sampling_overhead_ms=0.280921 gpu_resource_sampling_overhead_ms=0.03794 semantic_gates=16/16 timing_direct=true resource_overhead_excluded=true step_sum_used=false status=PASS
sample_index=19 cpu_pipeline_ms=1882.94 gpu_pipeline_ms=247.939 cpu_resource_sampling_overhead_ms=0.224923 gpu_resource_sampling_overhead_ms=0.037532 semantic_gates=16/16 timing_direct=true resource_overhead_excluded=true step_sum_used=false status=PASS
sample_index=20 cpu_pipeline_ms=1825.55 gpu_pipeline_ms=249.256 cpu_resource_sampling_overhead_ms=0.284947 gpu_resource_sampling_overhead_ms=0.03833 semantic_gates=16/16 timing_direct=true resource_overhead_excluded=true step_sum_used=false status=PASS
sample_index=21 cpu_pipeline_ms=1905.01 gpu_pipeline_ms=249.513 cpu_resource_sampling_overhead_ms=0.385787 gpu_resource_sampling_overhead_ms=0.038061 semantic_gates=16/16 timing_direct=true resource_overhead_excluded=true step_sum_used=false status=PASS
sample_index=22 cpu_pipeline_ms=1922.76 gpu_pipeline_ms=247.737 cpu_resource_sampling_overhead_ms=0.335543 gpu_resource_sampling_overhead_ms=0.039631 semantic_gates=16/16 timing_direct=true resource_overhead_excluded=true step_sum_used=false status=PASS
sample_index=23 cpu_pipeline_ms=1921.17 gpu_pipeline_ms=248.601 cpu_resource_sampling_overhead_ms=0.367336 gpu_resource_sampling_overhead_ms=0.03791 semantic_gates=16/16 timing_direct=true resource_overhead_excluded=true step_sum_used=false status=PASS
sample_index=24 cpu_pipeline_ms=1865.37 gpu_pipeline_ms=248.783 cpu_resource_sampling_overhead_ms=0.298174 gpu_resource_sampling_overhead_ms=0.038211 semantic_gates=16/16 timing_direct=true resource_overhead_excluded=true step_sum_used=false status=PASS
sample_index=25 cpu_pipeline_ms=1941.22 gpu_pipeline_ms=249.16 cpu_resource_sampling_overhead_ms=0.273865 gpu_resource_sampling_overhead_ms=0.03767 semantic_gates=16/16 timing_direct=true resource_overhead_excluded=true step_sum_used=false status=PASS
sample_index=26 cpu_pipeline_ms=1897.5 gpu_pipeline_ms=251.256 cpu_resource_sampling_overhead_ms=0.351025 gpu_resource_sampling_overhead_ms=0.03969 semantic_gates=16/16 timing_direct=true resource_overhead_excluded=true step_sum_used=false status=PASS
sample_index=27 cpu_pipeline_ms=2303.59 gpu_pipeline_ms=335.803 cpu_resource_sampling_overhead_ms=0.318174 gpu_resource_sampling_overhead_ms=0.0436 semantic_gates=16/16 timing_direct=true resource_overhead_excluded=true step_sum_used=false status=PASS
sample_index=28 cpu_pipeline_ms=2372.74 gpu_pipeline_ms=333.401 cpu_resource_sampling_overhead_ms=0.383214 gpu_resource_sampling_overhead_ms=0.042841 semantic_gates=16/16 timing_direct=true resource_overhead_excluded=true step_sum_used=false status=PASS
sample_index=29 cpu_pipeline_ms=1875.57 gpu_pipeline_ms=249.723 cpu_resource_sampling_overhead_ms=0.333053 gpu_resource_sampling_overhead_ms=0.04068 semantic_gates=16/16 timing_direct=true resource_overhead_excluded=true step_sum_used=false status=PASS
sample_index=30 cpu_pipeline_ms=1945.73 gpu_pipeline_ms=247.412 cpu_resource_sampling_overhead_ms=0.368553 gpu_resource_sampling_overhead_ms=0.03804 semantic_gates=16/16 timing_direct=true resource_overhead_excluded=true step_sum_used=false status=PASS
sample_index=31 cpu_pipeline_ms=1906.92 gpu_pipeline_ms=247.555 cpu_resource_sampling_overhead_ms=0.313974 gpu_resource_sampling_overhead_ms=0.03659 semantic_gates=16/16 timing_direct=true resource_overhead_excluded=true step_sum_used=false status=PASS
sample_index=32 cpu_pipeline_ms=1934.56 gpu_pipeline_ms=248.793 cpu_resource_sampling_overhead_ms=0.345005 gpu_resource_sampling_overhead_ms=0.0376 semantic_gates=16/16 timing_direct=true resource_overhead_excluded=true step_sum_used=false status=PASS
sample_index=33 cpu_pipeline_ms=1945.19 gpu_pipeline_ms=247.152 cpu_resource_sampling_overhead_ms=0.299693 gpu_resource_sampling_overhead_ms=0.04089 semantic_gates=16/16 timing_direct=true resource_overhead_excluded=true step_sum_used=false status=PASS
sample_index=34 cpu_pipeline_ms=1912.5 gpu_pipeline_ms=247.203 cpu_resource_sampling_overhead_ms=0.245812 gpu_resource_sampling_overhead_ms=0.03847 semantic_gates=16/16 timing_direct=true resource_overhead_excluded=true step_sum_used=false status=PASS
sample_index=35 cpu_pipeline_ms=1960.44 gpu_pipeline_ms=246.599 cpu_resource_sampling_overhead_ms=0.281292 gpu_resource_sampling_overhead_ms=0.0379 semantic_gates=16/16 timing_direct=true resource_overhead_excluded=true step_sum_used=false status=PASS
sample_index=36 cpu_pipeline_ms=1919.39 gpu_pipeline_ms=246.809 cpu_resource_sampling_overhead_ms=0.324885 gpu_resource_sampling_overhead_ms=0.0382 semantic_gates=16/16 timing_direct=true resource_overhead_excluded=true step_sum_used=false status=PASS
sample_index=37 cpu_pipeline_ms=1884.39 gpu_pipeline_ms=246.488 cpu_resource_sampling_overhead_ms=0.363271 gpu_resource_sampling_overhead_ms=0.03953 semantic_gates=16/16 timing_direct=true resource_overhead_excluded=true step_sum_used=false status=PASS
sample_index=38 cpu_pipeline_ms=1842.7 gpu_pipeline_ms=247.554 cpu_resource_sampling_overhead_ms=0.323694 gpu_resource_sampling_overhead_ms=0.0399 semantic_gates=16/16 timing_direct=true resource_overhead_excluded=true step_sum_used=false status=PASS
sample_index=39 cpu_pipeline_ms=1961.86 gpu_pipeline_ms=246.511 cpu_resource_sampling_overhead_ms=0.372145 gpu_resource_sampling_overhead_ms=0.039201 semantic_gates=16/16 timing_direct=true resource_overhead_excluded=true step_sum_used=false status=PASS
sample_index=40 cpu_pipeline_ms=1859.43 gpu_pipeline_ms=255.132 cpu_resource_sampling_overhead_ms=0.320054 gpu_resource_sampling_overhead_ms=0.04143 semantic_gates=16/16 timing_direct=true resource_overhead_excluded=true step_sum_used=false status=PASS
sample_index=41 cpu_pipeline_ms=1912.99 gpu_pipeline_ms=246.032 cpu_resource_sampling_overhead_ms=0.327085 gpu_resource_sampling_overhead_ms=0.04059 semantic_gates=16/16 timing_direct=true resource_overhead_excluded=true step_sum_used=false status=PASS
sample_index=42 cpu_pipeline_ms=1946.17 gpu_pipeline_ms=246.829 cpu_resource_sampling_overhead_ms=0.287732 gpu_resource_sampling_overhead_ms=0.039971 semantic_gates=16/16 timing_direct=true resource_overhead_excluded=true step_sum_used=false status=PASS
sample_index=43 cpu_pipeline_ms=1921.58 gpu_pipeline_ms=247.448 cpu_resource_sampling_overhead_ms=0.356804 gpu_resource_sampling_overhead_ms=0.03825 semantic_gates=16/16 timing_direct=true resource_overhead_excluded=true step_sum_used=false status=PASS
sample_index=44 cpu_pipeline_ms=1923.56 gpu_pipeline_ms=249.608 cpu_resource_sampling_overhead_ms=0.381834 gpu_resource_sampling_overhead_ms=0.03899 semantic_gates=16/16 timing_direct=true resource_overhead_excluded=true step_sum_used=false status=PASS
sample_index=45 cpu_pipeline_ms=1879.41 gpu_pipeline_ms=246.453 cpu_resource_sampling_overhead_ms=0.274069 gpu_resource_sampling_overhead_ms=0.038619 semantic_gates=16/16 timing_direct=true resource_overhead_excluded=true step_sum_used=false status=PASS
sample_index=46 cpu_pipeline_ms=1858.02 gpu_pipeline_ms=249.319 cpu_resource_sampling_overhead_ms=0.309616 gpu_resource_sampling_overhead_ms=0.042029 semantic_gates=16/16 timing_direct=true resource_overhead_excluded=true step_sum_used=false status=PASS
sample_index=47 cpu_pipeline_ms=1932.17 gpu_pipeline_ms=246.215 cpu_resource_sampling_overhead_ms=0.288088 gpu_resource_sampling_overhead_ms=0.0389 semantic_gates=16/16 timing_direct=true resource_overhead_excluded=true step_sum_used=false status=PASS
sample_index=48 cpu_pipeline_ms=1950.09 gpu_pipeline_ms=248.588 cpu_resource_sampling_overhead_ms=0.383419 gpu_resource_sampling_overhead_ms=0.040829 semantic_gates=16/16 timing_direct=true resource_overhead_excluded=true step_sum_used=false status=PASS
sample_index=49 cpu_pipeline_ms=1884.96 gpu_pipeline_ms=246.18 cpu_resource_sampling_overhead_ms=0.35489 gpu_resource_sampling_overhead_ms=0.0388 semantic_gates=16/16 timing_direct=true resource_overhead_excluded=true step_sum_used=false status=PASS
sample_index=50 cpu_pipeline_ms=1928.31 gpu_pipeline_ms=251.142 cpu_resource_sampling_overhead_ms=0.337919 gpu_resource_sampling_overhead_ms=0.039089 semantic_gates=16/16 timing_direct=true resource_overhead_excluded=true step_sum_used=false status=PASS
sample_index=51 cpu_pipeline_ms=1893.74 gpu_pipeline_ms=249.036 cpu_resource_sampling_overhead_ms=0.328829 gpu_resource_sampling_overhead_ms=0.04392 semantic_gates=16/16 timing_direct=true resource_overhead_excluded=true step_sum_used=false status=PASS
sample_index=52 cpu_pipeline_ms=1938.38 gpu_pipeline_ms=248.249 cpu_resource_sampling_overhead_ms=0.47091 gpu_resource_sampling_overhead_ms=0.03951 semantic_gates=16/16 timing_direct=true resource_overhead_excluded=true step_sum_used=false status=PASS
sample_index=53 cpu_pipeline_ms=1931.91 gpu_pipeline_ms=248.305 cpu_resource_sampling_overhead_ms=0.403631 gpu_resource_sampling_overhead_ms=0.04738 semantic_gates=16/16 timing_direct=true resource_overhead_excluded=true step_sum_used=false status=PASS
sample_index=54 cpu_pipeline_ms=1998.24 gpu_pipeline_ms=245.995 cpu_resource_sampling_overhead_ms=0.42546 gpu_resource_sampling_overhead_ms=0.03745 semantic_gates=16/16 timing_direct=true resource_overhead_excluded=true step_sum_used=false status=PASS
sample_index=55 cpu_pipeline_ms=1889.78 gpu_pipeline_ms=247.002 cpu_resource_sampling_overhead_ms=0.350921 gpu_resource_sampling_overhead_ms=0.03974 semantic_gates=16/16 timing_direct=true resource_overhead_excluded=true step_sum_used=false status=PASS
sample_index=56 cpu_pipeline_ms=1817.19 gpu_pipeline_ms=247.008 cpu_resource_sampling_overhead_ms=0.271872 gpu_resource_sampling_overhead_ms=0.039151 semantic_gates=16/16 timing_direct=true resource_overhead_excluded=true step_sum_used=false status=PASS
sample_index=57 cpu_pipeline_ms=1893.36 gpu_pipeline_ms=247.199 cpu_resource_sampling_overhead_ms=0.37598 gpu_resource_sampling_overhead_ms=0.03726 semantic_gates=16/16 timing_direct=true resource_overhead_excluded=true step_sum_used=false status=PASS
sample_index=58 cpu_pipeline_ms=1957.85 gpu_pipeline_ms=248.929 cpu_resource_sampling_overhead_ms=0.376593 gpu_resource_sampling_overhead_ms=0.03733 semantic_gates=16/16 timing_direct=true resource_overhead_excluded=true step_sum_used=false status=PASS
sample_index=59 cpu_pipeline_ms=1899.22 gpu_pipeline_ms=247.821 cpu_resource_sampling_overhead_ms=0.249531 gpu_resource_sampling_overhead_ms=0.0378 semantic_gates=16/16 timing_direct=true resource_overhead_excluded=true step_sum_used=false status=PASS
sample_index=60 cpu_pipeline_ms=1893.27 gpu_pipeline_ms=247.843 cpu_resource_sampling_overhead_ms=0.351462 gpu_resource_sampling_overhead_ms=0.037821 semantic_gates=16/16 timing_direct=true resource_overhead_excluded=true step_sum_used=false status=PASS
sample_index=61 cpu_pipeline_ms=1946.48 gpu_pipeline_ms=248.998 cpu_resource_sampling_overhead_ms=0.403952 gpu_resource_sampling_overhead_ms=0.03794 semantic_gates=16/16 timing_direct=true resource_overhead_excluded=true step_sum_used=false status=PASS
sample_index=62 cpu_pipeline_ms=1926.1 gpu_pipeline_ms=247.452 cpu_resource_sampling_overhead_ms=0.342601 gpu_resource_sampling_overhead_ms=0.04036 semantic_gates=16/16 timing_direct=true resource_overhead_excluded=true step_sum_used=false status=PASS
sample_index=63 cpu_pipeline_ms=1839.75 gpu_pipeline_ms=251.209 cpu_resource_sampling_overhead_ms=0.443123 gpu_resource_sampling_overhead_ms=0.04323 semantic_gates=16/16 timing_direct=true resource_overhead_excluded=true step_sum_used=false status=PASS
sample_index=64 cpu_pipeline_ms=1889.18 gpu_pipeline_ms=248.244 cpu_resource_sampling_overhead_ms=0.399581 gpu_resource_sampling_overhead_ms=0.03757 semantic_gates=16/16 timing_direct=true resource_overhead_excluded=true step_sum_used=false status=PASS
sample_index=65 cpu_pipeline_ms=1913.56 gpu_pipeline_ms=249.816 cpu_resource_sampling_overhead_ms=0.36781 gpu_resource_sampling_overhead_ms=0.06296 semantic_gates=16/16 timing_direct=true resource_overhead_excluded=true step_sum_used=false status=PASS
sample_index=66 cpu_pipeline_ms=1910.64 gpu_pipeline_ms=247.308 cpu_resource_sampling_overhead_ms=0.357502 gpu_resource_sampling_overhead_ms=0.04157 semantic_gates=16/16 timing_direct=true resource_overhead_excluded=true step_sum_used=false status=PASS
sample_index=67 cpu_pipeline_ms=1888.16 gpu_pipeline_ms=248.03 cpu_resource_sampling_overhead_ms=0.313293 gpu_resource_sampling_overhead_ms=0.04202 semantic_gates=16/16 timing_direct=true resource_overhead_excluded=true step_sum_used=false status=PASS
sample_index=68 cpu_pipeline_ms=1889.08 gpu_pipeline_ms=246.349 cpu_resource_sampling_overhead_ms=0.356012 gpu_resource_sampling_overhead_ms=0.03801 semantic_gates=16/16 timing_direct=true resource_overhead_excluded=true step_sum_used=false status=PASS
sample_index=69 cpu_pipeline_ms=1928.88 gpu_pipeline_ms=246.439 cpu_resource_sampling_overhead_ms=0.339493 gpu_resource_sampling_overhead_ms=0.0379 semantic_gates=16/16 timing_direct=true resource_overhead_excluded=true step_sum_used=false status=PASS
sample_index=70 cpu_pipeline_ms=1909.43 gpu_pipeline_ms=248.295 cpu_resource_sampling_overhead_ms=0.387366 gpu_resource_sampling_overhead_ms=0.038021 semantic_gates=16/16 timing_direct=true resource_overhead_excluded=true step_sum_used=false status=PASS
sample_index=71 cpu_pipeline_ms=1934.94 gpu_pipeline_ms=249.093 cpu_resource_sampling_overhead_ms=0.289941 gpu_resource_sampling_overhead_ms=0.041111 semantic_gates=16/16 timing_direct=true resource_overhead_excluded=true step_sum_used=false status=PASS
sample_index=72 cpu_pipeline_ms=1996.36 gpu_pipeline_ms=247.24 cpu_resource_sampling_overhead_ms=0.444917 gpu_resource_sampling_overhead_ms=0.040402 semantic_gates=16/16 timing_direct=true resource_overhead_excluded=true step_sum_used=false status=PASS
sample_index=73 cpu_pipeline_ms=1873.42 gpu_pipeline_ms=247.667 cpu_resource_sampling_overhead_ms=0.326999 gpu_resource_sampling_overhead_ms=0.041532 semantic_gates=16/16 timing_direct=true resource_overhead_excluded=true step_sum_used=false status=PASS
sample_index=74 cpu_pipeline_ms=1893.26 gpu_pipeline_ms=246.998 cpu_resource_sampling_overhead_ms=0.415973 gpu_resource_sampling_overhead_ms=0.040372 semantic_gates=16/16 timing_direct=true resource_overhead_excluded=true step_sum_used=false status=PASS
sample_index=75 cpu_pipeline_ms=2271.49 gpu_pipeline_ms=332.139 cpu_resource_sampling_overhead_ms=0.316079 gpu_resource_sampling_overhead_ms=0.04155 semantic_gates=16/16 timing_direct=true resource_overhead_excluded=true step_sum_used=false status=PASS
sample_index=76 cpu_pipeline_ms=2369.59 gpu_pipeline_ms=332.194 cpu_resource_sampling_overhead_ms=0.405289 gpu_resource_sampling_overhead_ms=0.042041 semantic_gates=16/16 timing_direct=true resource_overhead_excluded=true step_sum_used=false status=PASS
sample_index=77 cpu_pipeline_ms=2012.99 gpu_pipeline_ms=246.9 cpu_resource_sampling_overhead_ms=0.328996 gpu_resource_sampling_overhead_ms=0.04473 semantic_gates=16/16 timing_direct=true resource_overhead_excluded=true step_sum_used=false status=PASS
sample_index=78 cpu_pipeline_ms=1945.19 gpu_pipeline_ms=246.578 cpu_resource_sampling_overhead_ms=0.326326 gpu_resource_sampling_overhead_ms=0.036591 semantic_gates=16/16 timing_direct=true resource_overhead_excluded=true step_sum_used=false status=PASS
sample_index=79 cpu_pipeline_ms=1842.61 gpu_pipeline_ms=246.684 cpu_resource_sampling_overhead_ms=0.296867 gpu_resource_sampling_overhead_ms=0.041752 semantic_gates=16/16 timing_direct=true resource_overhead_excluded=true step_sum_used=false status=PASS
sample_index=80 cpu_pipeline_ms=1905.08 gpu_pipeline_ms=247.971 cpu_resource_sampling_overhead_ms=0.235387 gpu_resource_sampling_overhead_ms=0.03855 semantic_gates=16/16 timing_direct=true resource_overhead_excluded=true step_sum_used=false status=PASS
sample_index=81 cpu_pipeline_ms=1941.34 gpu_pipeline_ms=246.722 cpu_resource_sampling_overhead_ms=0.237225 gpu_resource_sampling_overhead_ms=0.03777 semantic_gates=16/16 timing_direct=true resource_overhead_excluded=true step_sum_used=false status=PASS
sample_index=82 cpu_pipeline_ms=1892.71 gpu_pipeline_ms=248.081 cpu_resource_sampling_overhead_ms=0.262385 gpu_resource_sampling_overhead_ms=0.037061 semantic_gates=16/16 timing_direct=true resource_overhead_excluded=true step_sum_used=false status=PASS
sample_index=83 cpu_pipeline_ms=1895.38 gpu_pipeline_ms=246.769 cpu_resource_sampling_overhead_ms=0.254015 gpu_resource_sampling_overhead_ms=0.03616 semantic_gates=16/16 timing_direct=true resource_overhead_excluded=true step_sum_used=false status=PASS
sample_index=84 cpu_pipeline_ms=1908.24 gpu_pipeline_ms=251.447 cpu_resource_sampling_overhead_ms=0.287504 gpu_resource_sampling_overhead_ms=0.039251 semantic_gates=16/16 timing_direct=true resource_overhead_excluded=true step_sum_used=false status=PASS
sample_index=85 cpu_pipeline_ms=1901.76 gpu_pipeline_ms=247.145 cpu_resource_sampling_overhead_ms=0.286846 gpu_resource_sampling_overhead_ms=0.03835 semantic_gates=16/16 timing_direct=true resource_overhead_excluded=true step_sum_used=false status=PASS
sample_index=86 cpu_pipeline_ms=1898.45 gpu_pipeline_ms=246.615 cpu_resource_sampling_overhead_ms=0.233235 gpu_resource_sampling_overhead_ms=0.038801 semantic_gates=16/16 timing_direct=true resource_overhead_excluded=true step_sum_used=false status=PASS
sample_index=87 cpu_pipeline_ms=1902.73 gpu_pipeline_ms=246.763 cpu_resource_sampling_overhead_ms=0.254681 gpu_resource_sampling_overhead_ms=0.03857 semantic_gates=16/16 timing_direct=true resource_overhead_excluded=true step_sum_used=false status=PASS
sample_index=88 cpu_pipeline_ms=1899.72 gpu_pipeline_ms=250.958 cpu_resource_sampling_overhead_ms=0.297805 gpu_resource_sampling_overhead_ms=0.043191 semantic_gates=16/16 timing_direct=true resource_overhead_excluded=true step_sum_used=false status=PASS
sample_index=89 cpu_pipeline_ms=1898.79 gpu_pipeline_ms=246.739 cpu_resource_sampling_overhead_ms=0.271373 gpu_resource_sampling_overhead_ms=0.03754 semantic_gates=16/16 timing_direct=true resource_overhead_excluded=true step_sum_used=false status=PASS
sample_index=90 cpu_pipeline_ms=1844.3 gpu_pipeline_ms=252.322 cpu_resource_sampling_overhead_ms=0.370808 gpu_resource_sampling_overhead_ms=0.037721 semantic_gates=16/16 timing_direct=true resource_overhead_excluded=true step_sum_used=false status=PASS
sample_index=91 cpu_pipeline_ms=1873.7 gpu_pipeline_ms=250.068 cpu_resource_sampling_overhead_ms=0.378135 gpu_resource_sampling_overhead_ms=0.038941 semantic_gates=16/16 timing_direct=true resource_overhead_excluded=true step_sum_used=false status=PASS
sample_index=92 cpu_pipeline_ms=1954.89 gpu_pipeline_ms=246.826 cpu_resource_sampling_overhead_ms=0.236133 gpu_resource_sampling_overhead_ms=0.037091 semantic_gates=16/16 timing_direct=true resource_overhead_excluded=true step_sum_used=false status=PASS
sample_index=93 cpu_pipeline_ms=1846.51 gpu_pipeline_ms=251.4 cpu_resource_sampling_overhead_ms=0.317006 gpu_resource_sampling_overhead_ms=0.040791 semantic_gates=16/16 timing_direct=true resource_overhead_excluded=true step_sum_used=false status=PASS
sample_index=94 cpu_pipeline_ms=1922.03 gpu_pipeline_ms=246.824 cpu_resource_sampling_overhead_ms=0.305036 gpu_resource_sampling_overhead_ms=0.037231 semantic_gates=16/16 timing_direct=true resource_overhead_excluded=true step_sum_used=false status=PASS
sample_index=95 cpu_pipeline_ms=1880.16 gpu_pipeline_ms=247.048 cpu_resource_sampling_overhead_ms=0.260998 gpu_resource_sampling_overhead_ms=0.038769 semantic_gates=16/16 timing_direct=true resource_overhead_excluded=true step_sum_used=false status=PASS
sample_index=96 cpu_pipeline_ms=1911.57 gpu_pipeline_ms=248.984 cpu_resource_sampling_overhead_ms=0.284539 gpu_resource_sampling_overhead_ms=0.055909 semantic_gates=16/16 timing_direct=true resource_overhead_excluded=true step_sum_used=false status=PASS
sample_index=97 cpu_pipeline_ms=1944.91 gpu_pipeline_ms=246.706 cpu_resource_sampling_overhead_ms=0.31687 gpu_resource_sampling_overhead_ms=0.036878 semantic_gates=16/16 timing_direct=true resource_overhead_excluded=true step_sum_used=false status=PASS
sample_index=98 cpu_pipeline_ms=1877.86 gpu_pipeline_ms=246.194 cpu_resource_sampling_overhead_ms=0.328891 gpu_resource_sampling_overhead_ms=0.038517 semantic_gates=16/16 timing_direct=true resource_overhead_excluded=true step_sum_used=false status=PASS
sample_index=99 cpu_pipeline_ms=1893.03 gpu_pipeline_ms=247.433 cpu_resource_sampling_overhead_ms=0.368183 gpu_resource_sampling_overhead_ms=0.039629 semantic_gates=16/16 timing_direct=true resource_overhead_excluded=true step_sum_used=false status=PASS
function=Task2 frozen full six-step pipeline
call_chain=Step1->Step2;Step2+Step1->Step3;Step3 dual outputs->Step4;Step4->Step5;Step5+Step4+Kalman/delay->Step6
timing=pipeline_total measured directly;not=sum(step timings)
cpu_correlation_method=direct_parallel_exact workers=255
resource_sampling_mode=same_pipeline_execution
status=PASS return_code=0
