command=/tmp/ZKX_dev/build_stage07_b02_gausspulse_76c5b6f8b36d/stage07_waveforms_gausspulse --dtype INT16 --count 16384 --p0 0.05 --p1 0.2 --p2 0 --p3 0 --warmup 20 --measured 100 --output /tmp/ZKX_dev/results/stage07_b02_formal_76c5b6f8b36d/formal/20260810T092022Z_76c5b6f8b36d_stage07_b02_formal_a9712040/gausspulse_probe_raw.json
STAGE07_WAVEFORM_PROBE PASS operator=gausspulse dtype=INT16
{"run_id": "20260810T092022Z_76c5b6f8b36d_stage07_b02_formal_a9712040", "case_id": "gausspulse__gauss_int16_10e4__8e2985b6decbab07", "operator_name": "gausspulse", "task_name": "Task2", "step_name": "Step1", "scale_id": "gauss_int16_10e4", "requested_dtype": "INT16", "config_input_dtype": "INT16", "input_content": [{"input_name": "time", "shape": "[16384]", "dtype": "INT16", "element_count": "16384", "generator": "quantized_centered_time_minus16_to_16(round(32*i/(N-1)-16))", "preview_head4_tail2": "i=0:-16;i=1:-16;i=2:-16;i=3:-16;i=16382:16;i=16383:16"}], "case_parameters": {"fc": 0.05, "bw": 0.2, "bwr_db": -6, "return_component": "in_phase"}, "output_dtype": "INT16", "backend": "not_applicable", "warmup_runs": 20, "measured_runs": 100, "mse": 0, "rmse": 0, "relative_l2": 0, "relative_linf": 0, "actual_input_digest": "8e2985b6decbab07156ab32cda417bec05f521b71b81ae0b23e08a9a34d39090", "typed_array_digest": "d8b05402181a082beb0ca1aae8a78a18932d0b5288cff3f1f446a4e4657749a5", "status": "PASS", "error_code": "OK"}
[stage07] identity and status
+------------+------------------+--------+----------------+-------+--------+----------+--------------------------+--------+------------+
| target     | scale_id         | device | backend        | dtype | warmup | measured | timing_scope             | status | error_code |
+------------+------------------+--------+----------------+-------+--------+----------+--------------------------+--------+------------+
| gausspulse | gauss_int16_10e4 | CPU    | not_applicable | INT16 | 20     | 100      | compatibility/end-to-end | PASS   | OK         |
| gausspulse | gauss_int16_10e4 | GPU    | not_applicable | INT16 | 20     | 100      | compatibility/end-to-end | PASS   | OK         |
+------------+------------------+--------+----------------+-------+--------+----------+--------------------------+--------+------------+

[stage07] timing detail
+--------+--------------------+----------+--------------------+--------------------+----------+----------+----------------------+----------------------+-------------------+
| device | mean_ms            | p50_ms   | p95_ms             | p99_ms             | min_ms   | max_ms   | std_ms               | cv                   | speedup           |
+--------+--------------------+----------+--------------------+--------------------+----------+----------+----------------------+----------------------+-------------------+
| CPU    | 0.7013587699999999 | 0.697121 | 0.7126375          | 0.7868251100000001 | 0.69468  | 0.800894 | 0.015250890880768246 | 0.021744778183593893 | NA                |
| GPU    | 0.24379411         | 0.240222 | 0.2612149999999999 | 0.2921808200000003 | 0.235067 | 0.3479   | 0.014268517671359556 | 0.058526917124288015 | 2.876848706476132 |
+--------+--------------------+----------+--------------------+--------------------+----------+----------+----------------------+----------------------+-------------------+

[stage07] accuracy detail
+---------------------+-----+------+-------------+---------------+-------------+----------------+--------------------------------------------------------------------+--------+
| reference           | mse | rmse | relative_l2 | relative_linf | exact_match | mismatch_count | semantic_check                                                     | status |
+---------------------+-----+------+-------------+---------------+-------------+----------------+--------------------------------------------------------------------+--------+
| typed_cpu_reference | 0   | 0    | 0           | 0             | NA          | NA             | output_shape=[16384];output_dtype=INT16;finite_numeric_output=true | PASS   |
+---------------------+-----+------+-------------+---------------+-------------+----------------+--------------------------------------------------------------------+--------+

[stage07] resource detail
+--------+------------+--------------+-------------+------------+-------------+
| device | metric     | before_bytes | after_bytes | peak_bytes | delta_bytes |
+--------+------------+--------------+-------------+------------+-------------+
| CPU    | cpu_heap   | 1445968      | 1613904     | 1613904    | 167936      |
| CPU    | rss        | 70127616     | 70578176    | 70578176   | 450560      |
| GPU    | cpu_heap   | 1613904      | 1748192     | 1748192    | 134288      |
| GPU    | rss        | 70578176     | 70578176    | 70578176   | 0           |
| GPU    | gpu_memory | 391544832    | 391544832   | 391544832  | 0           |
+--------+------------+--------------+-------------+------------+-------------+

[stage07] input content
+------------+---------+-------+----------+-------------------------------------------------------------+-------------------------------------------------------+
| input_name | shape   | dtype | elements | generator                                                   | values(head4/tail2)                                   |
+------------+---------+-------+----------+-------------------------------------------------------------+-------------------------------------------------------+
| time       | [16384] | INT16 | 16384    | quantized_centered_time_minus16_to_16(round(32*i/(N-1)-16)) | i=0:-16;i=1:-16;i=2:-16;i=3:-16;i=16382:16;i=16383:16 |
+------------+---------+-------+----------+-------------------------------------------------------------+-------------------------------------------------------+

[stage07] case parameters
+----------------------------------------------------------------+
| parameters                                                     |
+----------------------------------------------------------------+
| {"bw":0.2,"bwr_db":-6,"fc":0.05,"return_component":"in_phase"} |
+----------------------------------------------------------------+

[stage07] input and output identity
+--------+------------------------------------------------------------------+------------------------------------------------------------------+
| device | input_digest                                                     | output_digest                                                    |
+--------+------------------------------------------------------------------+------------------------------------------------------------------+
| CPU    | 8e2985b6decbab07156ab32cda417bec05f521b71b81ae0b23e08a9a34d39090 | fc44ba0d0c83b35f277c8aabd8696325491b76b834748776c041233f25756203 |
| GPU    | 8e2985b6decbab07156ab32cda417bec05f521b71b81ae0b23e08a9a34d39090 | fc44ba0d0c83b35f277c8aabd8696325491b76b834748776c041233f25756203 |
+--------+------------------------------------------------------------------+------------------------------------------------------------------+

[stage07] dtype evidence
+-----------------+--------------------+--------------+------------------------------------------------------------------+------------------------------------------------------------------+
| requested_dtype | config_input_dtype | output_dtype | typed_array_digest                                               | actual_input_digest                                              |
+-----------------+--------------------+--------------+------------------------------------------------------------------+------------------------------------------------------------------+
| INT16           | INT16              | INT16        | d8b05402181a082beb0ca1aae8a78a18932d0b5288cff3f1f446a4e4657749a5 | 8e2985b6decbab07156ab32cda417bec05f521b71b81ae0b23e08a9a34d39090 |
+-----------------+--------------------+--------------+------------------------------------------------------------------+------------------------------------------------------------------+

[stage07] evidence files
+-------------+---------------------------------------------------------------------------------------------------------------------------------------------------------------------------------------------------------------------------------------+
| kind        | path                                                                                                                                                                                                                                  |
+-------------+---------------------------------------------------------------------------------------------------------------------------------------------------------------------------------------------------------------------------------------+
| main_csv    | /tmp/ZKX_dev/results/stage07_b02_formal_76c5b6f8b36d/formal/20260810T092022Z_76c5b6f8b36d_stage07_b02_formal_a9712040/operator_main_results_gausspulse_not_applicable_20260810T092022Z_76c5b6f8b36d_stage07_b02_formal_a9712040.csv   |
| timing_csv  | /tmp/ZKX_dev/results/stage07_b02_formal_76c5b6f8b36d/formal/20260810T092022Z_76c5b6f8b36d_stage07_b02_formal_a9712040/operator_timing_samples_gausspulse_not_applicable_20260810T092022Z_76c5b6f8b36d_stage07_b02_formal_a9712040.csv |
| memory_csv  | /tmp/ZKX_dev/results/stage07_b02_formal_76c5b6f8b36d/formal/20260810T092022Z_76c5b6f8b36d_stage07_b02_formal_a9712040/operator_waveforms_gausspulse_memory_trace_not_applicable.csv                                                   |
| dtype_csv   | /tmp/ZKX_dev/results/stage07_b02_formal_76c5b6f8b36d/formal/20260810T092022Z_76c5b6f8b36d_stage07_b02_formal_a9712040/operator_dtype_evidence_gausspulse_not_applicable_20260810T092022Z_76c5b6f8b36d_stage07_b02_formal_a9712040.csv |
| report_json | /tmp/ZKX_dev/results/stage07_b02_formal_76c5b6f8b36d/formal/20260810T092022Z_76c5b6f8b36d_stage07_b02_formal_a9712040/operator_gausspulse_report.json                                                                                 |
| summary_txt | /tmp/ZKX_dev/results/stage07_b02_formal_76c5b6f8b36d/formal/20260810T092022Z_76c5b6f8b36d_stage07_b02_formal_a9712040/operator_gausspulse_summary.txt                                                                                 |
| full_log    | /tmp/ZKX_dev/results/stage07_b02_formal_76c5b6f8b36d/formal/20260810T092022Z_76c5b6f8b36d_stage07_b02_formal_a9712040/operator_gausspulse_full.log                                                                                    |
| result_dir  | /tmp/ZKX_dev/results/stage07_b02_formal_76c5b6f8b36d/formal/20260810T092022Z_76c5b6f8b36d_stage07_b02_formal_a9712040                                                                                                                 |
+-------------+---------------------------------------------------------------------------------------------------------------------------------------------------------------------------------------------------------------------------------------+
