command=build_stage08_b05_sosfilt_1681b603eadb/stage08_filtering_sosfilt --dtype FP16 --rank 2 --rows 32 --cols 32 --sections 2 --axis 1 --zi true --seed 85420002 --warmup 20 --measured 100 --output /tmp/ZKX_dev/results/stage08_input_preview_b05_sosfilt_652061b694fc/formal/20260810T084656Z_652061b694fc_stage08_b05_formal_85640004/sosfilt_probe_raw.json
[stage08] identity and status
+---------+-------------------+--------+----------------+-------+--------+----------+--------------------------+--------+------------+
| target  | scale_id          | device | backend        | dtype | warmup | measured | timing_scope             | status | error_code |
+---------+-------------------+--------+----------------+-------+--------+----------+--------------------------+--------+------------+
| sosfilt | sosfilt_fp16_10e3 | CPU    | not_applicable | FP16  | 20     | 100      | compatibility/end-to-end | PASS   | OK         |
| sosfilt | sosfilt_fp16_10e3 | GPU    | not_applicable | FP16  | 20     | 100      | compatibility/end-to-end | PASS   | OK         |
+---------+-------------------+--------+----------------+-------+--------+----------+--------------------------+--------+------------+

[stage08] timing detail
+--------+------------+----------+-----------+------------+----------+----------+-----------------------+----------------------+--------------------+
| device | mean_ms    | p50_ms   | p95_ms    | p99_ms     | min_ms   | max_ms   | std_ms                | cv                   | speedup            |
+--------+------------+----------+-----------+------------+----------+----------+-----------------------+----------------------+--------------------+
| CPU    | 0.12846448 | 0.128171 | 0.1284145 | 0.1378552  | 0.12772  | 0.140251 | 0.0017931155036974044 | 0.013958064545914984 | NA                 |
| GPU    | 0.60882285 | 0.603863 | 0.633776  | 0.67457851 | 0.594593 | 0.677104 | 0.014834717106419657  | 0.024366229201843618 | 0.2110046953723895 |
+--------+------------+----------+-----------+------------+----------+----------+-----------------------+----------------------+--------------------+

[stage08] accuracy detail
+--------------------+-----+------+-------------+---------------+-------------+----------------+------------------------------+--------+
| accuracy_reference | mse | rmse | relative_l2 | relative_linf | exact_match | mismatch_count | semantic_check               | status |
+--------------------+-----+------+-------------+---------------+-------------+----------------+------------------------------+--------+
| cpu_sosfilt_df2t   | 0   | 0    | 0           | 0             | NA          | NA             | approved_fp32_extension_df2t | PASS   |
+--------------------+-----+------+-------------+---------------+-------------+----------------+------------------------------+--------+

[stage08] resource detail
+--------+------------+--------------+-------------+------------+-------------+
| device | metric     | before_bytes | after_bytes | peak_bytes | delta_bytes |
+--------+------------+--------------+-------------+------------+-------------+
| CPU    | cpu_heap   | 1415648      | 1425728     | 1428720    | 10080       |
| CPU    | rss        | 70103040     | 70422528    | 70422528   | 319488      |
| GPU    | cpu_heap   | 1425728      | 1433072     | 1433520    | 7344        |
| GPU    | rss        | 70422528     | 70422528    | 70422528   | 0           |
| GPU    | gpu_memory | 391544832    | 391544832   | 391544832  | 0           |
+--------+------------+--------------+-------------+------------+-------------+

[stage08] input/output identity
+--------+------------------------------------------------------------------+------------------------------------------------------------------+
| device | input_digest                                                     | output_digest                                                    |
+--------+------------------------------------------------------------------+------------------------------------------------------------------+
| CPU    | 99d14a67f435e4fb18776a9ec149f31b32bbc9ca36eb04f293574c92783407ec | 0a313db49f94a295b8cc4e694e3e420e437419dcd05df82b6235becc6095b540 |
| GPU    | 99d14a67f435e4fb18776a9ec149f31b32bbc9ca36eb04f293574c92783407ec | 0a313db49f94a295b8cc4e694e3e420e437419dcd05df82b6235becc6095b540 |
+--------+------------------------------------------------------------------+------------------------------------------------------------------+

[stage08] input content
+------------+----------+-------+----------+-----------------------------------------------+-----------------------------------------------------------+
| input_name | shape    | dtype | elements | generator                                     | values(head4/tail2)                                       |
+------------+----------+-------+----------+-----------------------------------------------+-----------------------------------------------------------+
| sos        | [2x6]    | FP16  | 12       | repeated_sos_section_[1,1,0,1,0,0]            | i=0:1;i=1:1;i=2:0;i=3:1;i=10:0;i=11:0                     |
| x          | [32x32]  | FP16  | 1024     | sosfilt_modular(seed=85420002,integral=false) | i=0:-0.25;i=1:0.75;i=2:-0.5;i=3:0.5;i=1022:0.25;i=1023:-1 |
| zi         | [2x32x2] | FP16  | 128      | constant_initial_state(1)                     | i=0:1;i=1:1;i=2:1;i=3:1;i=126:1;i=127:1                   |
+------------+----------+-------+----------+-----------------------------------------------+-----------------------------------------------------------+

[stage08] case parameters
+-------------------------------------------------------------------------------------------------------------+
| parameters                                                                                                  |
+-------------------------------------------------------------------------------------------------------------+
| {"axis":"1","cols":"32","dtype":"FP16","rank":"2","rows":"32","sections":"2","seed":"85420002","zi":"true"} |
+-------------------------------------------------------------------------------------------------------------+

[stage08] dtype evidence
+-----------------+--------------------+--------------+------------------------------------------------------------------+--------+
| requested_dtype | config_input_dtype | output_dtype | actual_input_digest                                              | status |
+-----------------+--------------------+--------------+------------------------------------------------------------------+--------+
| FP16            | NA                 | FP32         | 99d14a67f435e4fb18776a9ec149f31b32bbc9ca36eb04f293574c92783407ec | PASS   |
+-----------------+--------------------+--------------+------------------------------------------------------------------+--------+

[stage08] evidence files
+----------------+---------------------------------------------------------------------------------------------------------------------------------------------------------------------------------------------------------------------------------------------------+
| kind           | path                                                                                                                                                                                                                                              |
+----------------+---------------------------------------------------------------------------------------------------------------------------------------------------------------------------------------------------------------------------------------------------+
| dtype_csv      | /tmp/ZKX_dev/results/stage08_input_preview_b05_sosfilt_652061b694fc/formal/20260810T084656Z_652061b694fc_stage08_b05_formal_85640004/operator_dtype_evidence_sosfilt_not_applicable_20260810T084656Z_652061b694fc_stage08_b05_formal_85640004.csv |
| memory_csv     | /tmp/ZKX_dev/results/stage08_input_preview_b05_sosfilt_652061b694fc/formal/20260810T084656Z_652061b694fc_stage08_b05_formal_85640004/operator_filtering_sosfilt_memory_trace_not_applicable.csv                                                   |
| main_csv       | /tmp/ZKX_dev/results/stage08_input_preview_b05_sosfilt_652061b694fc/formal/20260810T084656Z_652061b694fc_stage08_b05_formal_85640004/operator_main_results_sosfilt_not_applicable_20260810T084656Z_652061b694fc_stage08_b05_formal_85640004.csv   |
| full_log       | /tmp/ZKX_dev/results/stage08_input_preview_b05_sosfilt_652061b694fc/formal/20260810T084656Z_652061b694fc_stage08_b05_formal_85640004/operator_sosfilt_full.log                                                                                    |
| report_json    | /tmp/ZKX_dev/results/stage08_input_preview_b05_sosfilt_652061b694fc/formal/20260810T084656Z_652061b694fc_stage08_b05_formal_85640004/operator_sosfilt_report.json                                                                                 |
| summary_txt    | /tmp/ZKX_dev/results/stage08_input_preview_b05_sosfilt_652061b694fc/formal/20260810T084656Z_652061b694fc_stage08_b05_formal_85640004/operator_sosfilt_summary.txt                                                                                 |
| timing_csv     | /tmp/ZKX_dev/results/stage08_input_preview_b05_sosfilt_652061b694fc/formal/20260810T084656Z_652061b694fc_stage08_b05_formal_85640004/operator_timing_samples_sosfilt_not_applicable_20260810T084656Z_652061b694fc_stage08_b05_formal_85640004.csv |
| probe_raw_json | /tmp/ZKX_dev/results/stage08_input_preview_b05_sosfilt_652061b694fc/formal/20260810T084656Z_652061b694fc_stage08_b05_formal_85640004/sosfilt_probe_raw.json                                                                                       |
+----------------+---------------------------------------------------------------------------------------------------------------------------------------------------------------------------------------------------------------------------------------------------+
