[stage07] identity and status
+-----------+---------------------+--------+----------------+-------+--------+----------+--------------------------+--------+------------+
| target    | scale_id            | device | backend        | dtype | warmup | measured | timing_scope             | status | error_code |
+-----------+---------------------+--------+----------------+-------+--------+----------+--------------------------+--------+------------+
| correlate | correlate_fp16_10e4 | CPU    | not_applicable | FP16  | 20     | 100      | compatibility/end-to-end | PASS   | OK         |
| correlate | correlate_fp16_10e4 | GPU    | not_applicable | FP16  | 20     | 100      | compatibility/end-to-end | PASS   | OK         |
+-----------+---------------------+--------+----------------+-------+--------+----------+--------------------------+--------+------------+

[stage07] timing detail
+--------+---------------------+------------+-------------+--------------------+-----------+-----------+----------------------+----------------------+-------------------+
| device | mean_ms             | p50_ms     | p95_ms      | p99_ms             | min_ms    | max_ms    | std_ms               | cv                   | speedup           |
+--------+---------------------+------------+-------------+--------------------+-----------+-----------+----------------------+----------------------+-------------------+
| CPU    | 17.74079746         | 17.7110535 | 17.86076305 | 18.35340473        | 17.676422 | 18.445646 | 0.12155686343908506  | 0.006851826346203327 | NA                |
| GPU    | 0.33435825999999996 | 0.33129    | 0.3447085   | 0.4038703200000002 | 0.326384  | 0.453501  | 0.014972124513655366 | 0.04477868892383687  | 53.05924686891241 |
+--------+---------------------+------------+-------------+--------------------+-----------+-----------+----------------------+----------------------+-------------------+

[stage07] accuracy detail
+---------------------------------+-----+------+-------------+---------------+-------------+----------------+------------------------------------------------------------+--------+
| reference                       | mse | rmse | relative_l2 | relative_linf | exact_match | mismatch_count | semantic_check                                             | status |
+---------------------------------+-----+------+-------------+---------------+-------------+----------------+------------------------------------------------------------+--------+
| typed_cpu_task2_step4_reference | 0   | 0    | 0           | 0             | true        | 0              | output_count=10000;output_dtype=FP16;task_gpu_call=present | PASS   |
+---------------------------------+-----+------+-------------+---------------+-------------+----------------+------------------------------------------------------------+--------+

[stage07] resource detail
+--------+------------+--------------+-------------+------------+-------------+
| device | metric     | before_bytes | after_bytes | peak_bytes | delta_bytes |
+--------+------------+--------------+-------------+------------+-------------+
| CPU    | cpu_heap   | 1470256      | 1493264     | 1493264    | 23008       |
| CPU    | rss        | 70352896     | 70352896    | 70352896   | 0           |
| GPU    | cpu_heap   | 1493360      | 1496544     | 1496544    | 3184        |
| GPU    | rss        | 70352896     | 70352896    | 70352896   | 0           |
| GPU    | gpu_memory | 357777408    | 357777408   | 357777408  | 0           |
+--------+------------+--------------+-------------+------------+-------------+

[stage07] input content
+------------+---------+-------+----------+--------------------------+----------------------------------------------------------------------------------------+
| input_name | shape   | dtype | elements | generator                | values(head4/tail2)                                                                    |
+------------+---------+-------+----------+--------------------------+----------------------------------------------------------------------------------------+
| signal     | [10000] | FP16  | 10000    | task2_signal_mixture     | i=0:1.5;i=1:2.11914062;i=2:2.72851562;i=3:1.70117188;i=9998:5.5078125;i=9999:5.9609375 |
| reference  | [31]    | FP16  | 31       | task2_reference_template | i=0:2.125;i=1:2.74414062;i=2:1.72753906;i=3:2.32617188;i=29:2.19335938;i=30:2.64453125 |
+------------+---------+-------+----------+--------------------------+----------------------------------------------------------------------------------------+

[stage07] case parameters
+--------------------------------------------------------------------------------+
| parameters                                                                     |
+--------------------------------------------------------------------------------+
| {"mode":"same","output_count":10000,"reference_count":31,"signal_count":10000} |
+--------------------------------------------------------------------------------+

[stage07] input and output identity
+--------+------------------------------------------------------------------+------------------------------------------------------------------+
| device | input_digest                                                     | output_digest                                                    |
+--------+------------------------------------------------------------------+------------------------------------------------------------------+
| CPU    | ff7ea695949ec5e7655ec6cdbcf319bdfcd85255211dd7a8edcd0380d0a3d3e4 | b146e77151462d1b962a8c55775ddc45cd97c769475211d31d22705eea2c5954 |
| GPU    | ff7ea695949ec5e7655ec6cdbcf319bdfcd85255211dd7a8edcd0380d0a3d3e4 | b146e77151462d1b962a8c55775ddc45cd97c769475211d31d22705eea2c5954 |
+--------+------------------------------------------------------------------+------------------------------------------------------------------+

[stage07] dtype evidence
+-----------------+--------------------+--------------+------------------------------------------------------------------+------------------------------------------------------------------+----------------------+
| requested_dtype | config_input_dtype | output_dtype | typed_array_digest                                               | actual_input_digest                                              | task_gpu_call_status |
+-----------------+--------------------+--------------+------------------------------------------------------------------+------------------------------------------------------------------+----------------------+
| FP16            | FP16               | FP16         | 576bfa818e0fc0f1dcc8a687de969ef0970eda94123d695110d2eef51b5257c1 | ff7ea695949ec5e7655ec6cdbcf319bdfcd85255211dd7a8edcd0380d0a3d3e4 | proved_gpu_cpu       |
+-----------------+--------------------+--------------+------------------------------------------------------------------+------------------------------------------------------------------+----------------------+

[stage07] evidence files
+-------------+---------------------------------------------------------------------------------------------------------------------------------------------------------------------------------------------------------------------------------+
| kind        | path                                                                                                                                                                                                                            |
+-------------+---------------------------------------------------------------------------------------------------------------------------------------------------------------------------------------------------------------------------------+
| main_csv    | /tmp/ZKX_dev/results/stage07_b05_formal_2836c8d/formal/20260810T105110Z_2836c8dc200d_stage07_b05_formal_62618a74/operator_main_results_correlate_not_applicable_20260810T105110Z_2836c8dc200d_stage07_b05_formal_62618a74.csv   |
| timing_csv  | /tmp/ZKX_dev/results/stage07_b05_formal_2836c8d/formal/20260810T105110Z_2836c8dc200d_stage07_b05_formal_62618a74/operator_timing_samples_correlate_not_applicable_20260810T105110Z_2836c8dc200d_stage07_b05_formal_62618a74.csv |
| memory_csv  | /tmp/ZKX_dev/results/stage07_b05_formal_2836c8d/formal/20260810T105110Z_2836c8dc200d_stage07_b05_formal_62618a74/operator_convolution_correlate_memory_trace_not_applicable.csv                                                 |
| dtype_csv   | /tmp/ZKX_dev/results/stage07_b05_formal_2836c8d/formal/20260810T105110Z_2836c8dc200d_stage07_b05_formal_62618a74/operator_dtype_evidence_correlate_not_applicable_20260810T105110Z_2836c8dc200d_stage07_b05_formal_62618a74.csv |
| report_json | /tmp/ZKX_dev/results/stage07_b05_formal_2836c8d/formal/20260810T105110Z_2836c8dc200d_stage07_b05_formal_62618a74/operator_correlate_report.json                                                                                 |
| summary_txt | /tmp/ZKX_dev/results/stage07_b05_formal_2836c8d/formal/20260810T105110Z_2836c8dc200d_stage07_b05_formal_62618a74/operator_correlate_summary.txt                                                                                 |
| full_log    | /tmp/ZKX_dev/results/stage07_b05_formal_2836c8d/formal/20260810T105110Z_2836c8dc200d_stage07_b05_formal_62618a74/operator_correlate_full.log                                                                                    |
| result_dir  | /tmp/ZKX_dev/results/stage07_b05_formal_2836c8d/formal/20260810T105110Z_2836c8dc200d_stage07_b05_formal_62618a74                                                                                                                |
+-------------+---------------------------------------------------------------------------------------------------------------------------------------------------------------------------------------------------------------------------------+
STAGE07_TASK_FEATURE_CASE PASS operator=correlate scale=correlate_fp16_10e4 dtype=FP16 backend=not_applicable measured=100 results=/tmp/ZKX_dev/results/stage07_b05_formal_2836c8d/formal/20260810T105110Z_2836c8dc200d_stage07_b05_formal_62618a74
