[stage07] identity and status
+-----------+---------------------+--------+----------------+-------+--------+----------+--------------------------+--------+------------+
| target    | scale_id            | device | backend        | dtype | warmup | measured | timing_scope             | status | error_code |
+-----------+---------------------+--------+----------------+-------+--------+----------+--------------------------+--------+------------+
| correlate | correlate_fp16_10e2 | CPU    | not_applicable | FP16  | 20     | 100      | compatibility/end-to-end | PASS   | OK         |
| correlate | correlate_fp16_10e2 | GPU    | not_applicable | FP16  | 20     | 100      | compatibility/end-to-end | PASS   | OK         |
+-----------+---------------------+--------+----------------+-------+--------+----------+--------------------------+--------+------------+

[stage07] timing detail
+--------+---------------------+---------------------+-----------+---------------------+----------+----------+-----------------------+----------------------+--------------------+
| device | mean_ms             | p50_ms              | p95_ms    | p99_ms              | min_ms   | max_ms   | std_ms                | cv                   | speedup            |
+--------+---------------------+---------------------+-----------+---------------------+----------+----------+-----------------------+----------------------+--------------------+
| CPU    | 0.12481358999999999 | 0.12449099999999999 | 0.124686  | 0.13416201000000003 | 0.124246 | 0.137727 | 0.0018665366114544869 | 0.014954594379141622 | NA                 |
| GPU    | 0.29221431          | 0.290523            | 0.3051985 | 0.3384729100000001  | 0.281033 | 0.365887 | 0.011351181560256185  | 0.03884539932440744  | 0.4271303140493017 |
+--------+---------------------+---------------------+-----------+---------------------+----------+----------+-----------------------+----------------------+--------------------+

[stage07] accuracy detail
+---------------------------------+-----+------+-------------+---------------+-------------+----------------+----------------------------------------------------------+--------+
| reference                       | mse | rmse | relative_l2 | relative_linf | exact_match | mismatch_count | semantic_check                                           | status |
+---------------------------------+-----+------+-------------+---------------+-------------+----------------+----------------------------------------------------------+--------+
| typed_cpu_task2_step4_reference | 0   | 0    | 0           | 0             | true        | 0              | output_count=128;output_dtype=FP16;task_gpu_call=present | PASS   |
+---------------------------------+-----+------+-------------+---------------+-------------+----------------+----------------------------------------------------------+--------+

[stage07] resource detail
+--------+------------+--------------+-------------+------------+-------------+
| device | metric     | before_bytes | after_bytes | peak_bytes | delta_bytes |
+--------+------------+--------------+-------------+------------+-------------+
| CPU    | cpu_heap   | 1390064      | 1393328     | 1393328    | 3264        |
| CPU    | rss        | 70361088     | 70361088    | 70361088   | 0           |
| GPU    | cpu_heap   | 1393424      | 1396752     | 1396752    | 3328        |
| GPU    | rss        | 70361088     | 70361088    | 70361088   | 0           |
| GPU    | gpu_memory | 341000192    | 341000192   | 341000192  | 0           |
+--------+------------+--------------+-------------+------------+-------------+

[stage07] input content
+------------+-------+-------+----------+--------------------------+------------------------------------------------------------------------------------------+
| input_name | shape | dtype | elements | generator                | values(head4/tail2)                                                                      |
+------------+-------+-------+----------+--------------------------+------------------------------------------------------------------------------------------+
| signal     | [128] | FP16  | 128      | task2_signal_mixture     | i=0:1.5;i=1:2.11914062;i=2:2.72851562;i=3:1.70117188;i=126:-3.79296875;i=127:-5.06640625 |
| reference  | [17]  | FP16  | 17       | task2_reference_template | i=0:2.125;i=1:2.74414062;i=2:1.72753906;i=3:2.32617188;i=15:2.26367188;i=16:2.74609375   |
+------------+-------+-------+----------+--------------------------+------------------------------------------------------------------------------------------+

[stage07] case parameters
+----------------------------------------------------------------------------+
| parameters                                                                 |
+----------------------------------------------------------------------------+
| {"mode":"same","output_count":128,"reference_count":17,"signal_count":128} |
+----------------------------------------------------------------------------+

[stage07] input and output identity
+--------+------------------------------------------------------------------+------------------------------------------------------------------+
| device | input_digest                                                     | output_digest                                                    |
+--------+------------------------------------------------------------------+------------------------------------------------------------------+
| CPU    | dd36386658e0ce53a9a0aae7055da8819ca440d7d8c1e44f61ce9dbbec651cce | 4b18701251c79dba868cdf836f1923048987bd3dfe22349c9b2b12507a013cba |
| GPU    | dd36386658e0ce53a9a0aae7055da8819ca440d7d8c1e44f61ce9dbbec651cce | 4b18701251c79dba868cdf836f1923048987bd3dfe22349c9b2b12507a013cba |
+--------+------------------------------------------------------------------+------------------------------------------------------------------+

[stage07] dtype evidence
+-----------------+--------------------+--------------+------------------------------------------------------------------+------------------------------------------------------------------+----------------------+
| requested_dtype | config_input_dtype | output_dtype | typed_array_digest                                               | actual_input_digest                                              | task_gpu_call_status |
+-----------------+--------------------+--------------+------------------------------------------------------------------+------------------------------------------------------------------+----------------------+
| FP16            | FP16               | FP16         | 6cf430ce2fdb29d8390050e81258245fe7126ff5ee93f756eff7fb19564c10a0 | dd36386658e0ce53a9a0aae7055da8819ca440d7d8c1e44f61ce9dbbec651cce | proved_gpu_cpu       |
+-----------------+--------------------+--------------+------------------------------------------------------------------+------------------------------------------------------------------+----------------------+

[stage07] evidence files
+-------------+---------------------------------------------------------------------------------------------------------------------------------------------------------------------------------------------------------------------------------+
| kind        | path                                                                                                                                                                                                                            |
+-------------+---------------------------------------------------------------------------------------------------------------------------------------------------------------------------------------------------------------------------------+
| main_csv    | /tmp/ZKX_dev/results/stage07_b05_formal_2836c8d/formal/20260810T105109Z_2836c8dc200d_stage07_b05_formal_d6498d18/operator_main_results_correlate_not_applicable_20260810T105109Z_2836c8dc200d_stage07_b05_formal_d6498d18.csv   |
| timing_csv  | /tmp/ZKX_dev/results/stage07_b05_formal_2836c8d/formal/20260810T105109Z_2836c8dc200d_stage07_b05_formal_d6498d18/operator_timing_samples_correlate_not_applicable_20260810T105109Z_2836c8dc200d_stage07_b05_formal_d6498d18.csv |
| memory_csv  | /tmp/ZKX_dev/results/stage07_b05_formal_2836c8d/formal/20260810T105109Z_2836c8dc200d_stage07_b05_formal_d6498d18/operator_convolution_correlate_memory_trace_not_applicable.csv                                                 |
| dtype_csv   | /tmp/ZKX_dev/results/stage07_b05_formal_2836c8d/formal/20260810T105109Z_2836c8dc200d_stage07_b05_formal_d6498d18/operator_dtype_evidence_correlate_not_applicable_20260810T105109Z_2836c8dc200d_stage07_b05_formal_d6498d18.csv |
| report_json | /tmp/ZKX_dev/results/stage07_b05_formal_2836c8d/formal/20260810T105109Z_2836c8dc200d_stage07_b05_formal_d6498d18/operator_correlate_report.json                                                                                 |
| summary_txt | /tmp/ZKX_dev/results/stage07_b05_formal_2836c8d/formal/20260810T105109Z_2836c8dc200d_stage07_b05_formal_d6498d18/operator_correlate_summary.txt                                                                                 |
| full_log    | /tmp/ZKX_dev/results/stage07_b05_formal_2836c8d/formal/20260810T105109Z_2836c8dc200d_stage07_b05_formal_d6498d18/operator_correlate_full.log                                                                                    |
| result_dir  | /tmp/ZKX_dev/results/stage07_b05_formal_2836c8d/formal/20260810T105109Z_2836c8dc200d_stage07_b05_formal_d6498d18                                                                                                                |
+-------------+---------------------------------------------------------------------------------------------------------------------------------------------------------------------------------------------------------------------------------+
STAGE07_TASK_FEATURE_CASE PASS operator=correlate scale=correlate_fp16_10e2 dtype=FP16 backend=not_applicable measured=100 results=/tmp/ZKX_dev/results/stage07_b05_formal_2836c8d/formal/20260810T105109Z_2836c8dc200d_stage07_b05_formal_d6498d18
