[stage07] identity and status
+-----------+----------------------+--------+----------------+-------+--------+----------+--------------------------+--------+------------+
| target    | scale_id             | device | backend        | dtype | warmup | measured | timing_scope             | status | error_code |
+-----------+----------------------+--------+----------------+-------+--------+----------+--------------------------+--------+------------+
| correlate | correlate_int16_10e3 | CPU    | not_applicable | INT16 | 20     | 100      | compatibility/end-to-end | PASS   | OK         |
| correlate | correlate_int16_10e3 | GPU    | not_applicable | INT16 | 20     | 100      | compatibility/end-to-end | PASS   | OK         |
+-----------+----------------------+--------+----------------+-------+--------+----------+--------------------------+--------+------------+

[stage07] timing detail
+--------+---------------------+--------------------+------------+--------------------+----------+----------+----------------------+----------------------+--------------------+
| device | mean_ms             | p50_ms             | p95_ms     | p99_ms             | min_ms   | max_ms   | std_ms               | cv                   | speedup            |
+--------+---------------------+--------------------+------------+--------------------+----------+----------+----------------------+----------------------+--------------------+
| CPU    | 0.61012809          | 0.6078475000000001 | 0.61856    | 0.6265966200000003 | 0.606558 | 0.690711 | 0.00899826280800355  | 0.01474815363443363  | NA                 |
| GPU    | 0.28380932999999997 | 0.281018           | 0.29567495 | 0.3333815200000001 | 0.274013 | 0.354817 | 0.010407327038250503 | 0.036670137089046734 | 2.1497816509414966 |
+--------+---------------------+--------------------+------------+--------------------+----------+----------+----------------------+----------------------+--------------------+

[stage07] accuracy detail
+---------------------------------+-----+------+-------------+---------------+-------------+----------------+------------------------------------------------------------+--------+
| reference                       | mse | rmse | relative_l2 | relative_linf | exact_match | mismatch_count | semantic_check                                             | status |
+---------------------------------+-----+------+-------------+---------------+-------------+----------------+------------------------------------------------------------+--------+
| typed_cpu_task2_step4_reference | 0   | 0    | 0           | 0             | true        | 0              | output_count=1024;output_dtype=INT16;task_gpu_call=present | PASS   |
+---------------------------------+-----+------+-------------+---------------+-------------+----------------+------------------------------------------------------------+--------+

[stage07] resource detail
+--------+------------+--------------+-------------+------------+-------------+
| device | metric     | before_bytes | after_bytes | peak_bytes | delta_bytes |
+--------+------------+--------------+-------------+------------+-------------+
| CPU    | cpu_heap   | 1396528      | 1401648     | 1401648    | 5120        |
| CPU    | rss        | 71041024     | 71041024    | 71041024   | 0           |
| GPU    | cpu_heap   | 1401648      | 1404976     | 1404976    | 3328        |
| GPU    | rss        | 71041024     | 71041024    | 71041024   | 0           |
| GPU    | gpu_memory | 341000192    | 341000192   | 341000192  | 0           |
+--------+------------+--------------+-------------+------------+-------------+

[stage07] input content
+------------+--------+-------+----------+--------------------------+--------------------------------------------+
| input_name | shape  | dtype | elements | generator                | values(head4/tail2)                        |
+------------+--------+-------+----------+--------------------------+--------------------------------------------+
| signal     | [1024] | INT16 | 1024     | task2_signal_mixture     | i=0:2;i=1:2;i=2:3;i=3:2;i=1022:-1;i=1023:0 |
| reference  | [31]   | INT16 | 31       | task2_reference_template | i=0:2;i=1:3;i=2:2;i=3:2;i=29:2;i=30:3      |
+------------+--------+-------+----------+--------------------------+--------------------------------------------+

[stage07] case parameters
+------------------------------------------------------------------------------+
| parameters                                                                   |
+------------------------------------------------------------------------------+
| {"mode":"same","output_count":1024,"reference_count":31,"signal_count":1024} |
+------------------------------------------------------------------------------+

[stage07] input and output identity
+--------+------------------------------------------------------------------+------------------------------------------------------------------+
| device | input_digest                                                     | output_digest                                                    |
+--------+------------------------------------------------------------------+------------------------------------------------------------------+
| CPU    | 728f8314c14dd09efd5c2a85bcb9a28fb2519664836d5cd5d3978d9898014c92 | 8f7f98c95884daa04ca04acd2bf0eaf983d1c54143dfdf9a8918180ff213ceea |
| GPU    | 728f8314c14dd09efd5c2a85bcb9a28fb2519664836d5cd5d3978d9898014c92 | 8f7f98c95884daa04ca04acd2bf0eaf983d1c54143dfdf9a8918180ff213ceea |
+--------+------------------------------------------------------------------+------------------------------------------------------------------+

[stage07] dtype evidence
+-----------------+--------------------+--------------+------------------------------------------------------------------+------------------------------------------------------------------+----------------------+
| requested_dtype | config_input_dtype | output_dtype | typed_array_digest                                               | actual_input_digest                                              | task_gpu_call_status |
+-----------------+--------------------+--------------+------------------------------------------------------------------+------------------------------------------------------------------+----------------------+
| INT16           | INT16              | INT16        | 4d689ee430b46d625c69f96ae8bb6cfae698739966c98bd0be3d09e3e532b35a | 728f8314c14dd09efd5c2a85bcb9a28fb2519664836d5cd5d3978d9898014c92 | proved_gpu_cpu       |
+-----------------+--------------------+--------------+------------------------------------------------------------------+------------------------------------------------------------------+----------------------+

[stage07] evidence files
+-------------+---------------------------------------------------------------------------------------------------------------------------------------------------------------------------------------------------------------------------------+
| kind        | path                                                                                                                                                                                                                            |
+-------------+---------------------------------------------------------------------------------------------------------------------------------------------------------------------------------------------------------------------------------+
| main_csv    | /tmp/ZKX_dev/results/stage07_b05_formal_2836c8d/formal/20260810T105113Z_2836c8dc200d_stage07_b05_formal_82308464/operator_main_results_correlate_not_applicable_20260810T105113Z_2836c8dc200d_stage07_b05_formal_82308464.csv   |
| timing_csv  | /tmp/ZKX_dev/results/stage07_b05_formal_2836c8d/formal/20260810T105113Z_2836c8dc200d_stage07_b05_formal_82308464/operator_timing_samples_correlate_not_applicable_20260810T105113Z_2836c8dc200d_stage07_b05_formal_82308464.csv |
| memory_csv  | /tmp/ZKX_dev/results/stage07_b05_formal_2836c8d/formal/20260810T105113Z_2836c8dc200d_stage07_b05_formal_82308464/operator_convolution_correlate_memory_trace_not_applicable.csv                                                 |
| dtype_csv   | /tmp/ZKX_dev/results/stage07_b05_formal_2836c8d/formal/20260810T105113Z_2836c8dc200d_stage07_b05_formal_82308464/operator_dtype_evidence_correlate_not_applicable_20260810T105113Z_2836c8dc200d_stage07_b05_formal_82308464.csv |
| report_json | /tmp/ZKX_dev/results/stage07_b05_formal_2836c8d/formal/20260810T105113Z_2836c8dc200d_stage07_b05_formal_82308464/operator_correlate_report.json                                                                                 |
| summary_txt | /tmp/ZKX_dev/results/stage07_b05_formal_2836c8d/formal/20260810T105113Z_2836c8dc200d_stage07_b05_formal_82308464/operator_correlate_summary.txt                                                                                 |
| full_log    | /tmp/ZKX_dev/results/stage07_b05_formal_2836c8d/formal/20260810T105113Z_2836c8dc200d_stage07_b05_formal_82308464/operator_correlate_full.log                                                                                    |
| result_dir  | /tmp/ZKX_dev/results/stage07_b05_formal_2836c8d/formal/20260810T105113Z_2836c8dc200d_stage07_b05_formal_82308464                                                                                                                |
+-------------+---------------------------------------------------------------------------------------------------------------------------------------------------------------------------------------------------------------------------------+
STAGE07_TASK_FEATURE_CASE PASS operator=correlate scale=correlate_int16_10e3 dtype=INT16 backend=not_applicable measured=100 results=/tmp/ZKX_dev/results/stage07_b05_formal_2836c8d/formal/20260810T105113Z_2836c8dc200d_stage07_b05_formal_82308464
