[stage07] identity and status
+-----------+----------------------+--------+----------------+-------+--------+----------+--------------------------+--------+------------+
| target    | scale_id             | device | backend        | dtype | warmup | measured | timing_scope             | status | error_code |
+-----------+----------------------+--------+----------------+-------+--------+----------+--------------------------+--------+------------+
| correlate | correlate_int32_10e4 | CPU    | not_applicable | INT32 | 20     | 100      | compatibility/end-to-end | PASS   | OK         |
| correlate | correlate_int32_10e4 | GPU    | not_applicable | INT32 | 20     | 100      | compatibility/end-to-end | PASS   | OK         |
+-----------+----------------------+--------+----------------+-------+--------+----------+--------------------------+--------+------------+

[stage07] timing detail
+--------+-------------------+--------------------+-------------------+---------------------+----------+----------+----------------------+-----------------------+--------------------+
| device | mean_ms           | p50_ms             | p95_ms            | p99_ms              | min_ms   | max_ms   | std_ms               | cv                    | speedup            |
+--------+-------------------+--------------------+-------------------+---------------------+----------+----------+----------------------+-----------------------+--------------------+
| CPU    | 5.681266869999999 | 5.6763414999999995 | 5.715740950000001 | 5.73393691          | 5.653386 | 5.73769  | 0.018183379732962177 | 0.0032005853886181166 | NA                 |
| GPU    | 0.34317811        | 0.3398855          | 0.370502          | 0.40733911000000006 | 0.328085 | 0.422299 | 0.014818826262491234 | 0.04318115238320776   | 16.554863799442217 |
+--------+-------------------+--------------------+-------------------+---------------------+----------+----------+----------------------+-----------------------+--------------------+

[stage07] accuracy detail
+---------------------------------+-----+------+-------------+---------------+-------------+----------------+-------------------------------------------------------------+--------+
| reference                       | mse | rmse | relative_l2 | relative_linf | exact_match | mismatch_count | semantic_check                                              | status |
+---------------------------------+-----+------+-------------+---------------+-------------+----------------+-------------------------------------------------------------+--------+
| typed_cpu_task2_step4_reference | 0   | 0    | 0           | 0             | true        | 0              | output_count=10000;output_dtype=INT32;task_gpu_call=present | PASS   |
+---------------------------------+-----+------+-------------+---------------+-------------+----------------+-------------------------------------------------------------+--------+

[stage07] resource detail
+--------+------------+--------------+-------------+------------+-------------+
| device | metric     | before_bytes | after_bytes | peak_bytes | delta_bytes |
+--------+------------+--------------+-------------+------------+-------------+
| CPU    | cpu_heap   | 1529984      | 1573136     | 1573136    | 43152       |
| CPU    | rss        | 71012352     | 71012352    | 71012352   | 0           |
| GPU    | cpu_heap   | 1573232      | 1576256     | 1576256    | 3024        |
| GPU    | rss        | 71012352     | 71012352    | 71012352   | 0           |
| GPU    | gpu_memory | 357777408    | 357777408   | 357777408  | 0           |
+--------+------------+--------------+-------------+------------+-------------+

[stage07] input content
+------------+---------+-------+----------+--------------------------+-------------------------------------------+
| input_name | shape   | dtype | elements | generator                | values(head4/tail2)                       |
+------------+---------+-------+----------+--------------------------+-------------------------------------------+
| signal     | [10000] | INT32 | 10000    | task2_signal_mixture     | i=0:2;i=1:2;i=2:3;i=3:2;i=9998:6;i=9999:6 |
| reference  | [31]    | INT32 | 31       | task2_reference_template | i=0:2;i=1:3;i=2:2;i=3:2;i=29:2;i=30:3     |
+------------+---------+-------+----------+--------------------------+-------------------------------------------+

[stage07] case parameters
+--------------------------------------------------------------------------------+
| parameters                                                                     |
+--------------------------------------------------------------------------------+
| {"mode":"same","output_count":10000,"reference_count":31,"signal_count":10000} |
+--------------------------------------------------------------------------------+

[stage07] input and output identity
+--------+------------------------------------------------------------------+------------------------------------------------------------------+
| device | input_digest                                                     | output_digest                                                    |
+--------+------------------------------------------------------------------+------------------------------------------------------------------+
| CPU    | 7c4a20333727d7fc1e5746feb1a495e97220c341125233fdad0c899877f2a431 | cefcf3ede60defb3849ca2c12ad5862b8f26093365599843daa7974f71f33eaa |
| GPU    | 7c4a20333727d7fc1e5746feb1a495e97220c341125233fdad0c899877f2a431 | cefcf3ede60defb3849ca2c12ad5862b8f26093365599843daa7974f71f33eaa |
+--------+------------------------------------------------------------------+------------------------------------------------------------------+

[stage07] dtype evidence
+-----------------+--------------------+--------------+------------------------------------------------------------------+------------------------------------------------------------------+----------------------+
| requested_dtype | config_input_dtype | output_dtype | typed_array_digest                                               | actual_input_digest                                              | task_gpu_call_status |
+-----------------+--------------------+--------------+------------------------------------------------------------------+------------------------------------------------------------------+----------------------+
| INT32           | INT32              | INT32        | c2bda7e787c9dbe71285f4530ce0b7010251e106704a1b12a3345a2926040dd2 | 7c4a20333727d7fc1e5746feb1a495e97220c341125233fdad0c899877f2a431 | proved_gpu_cpu       |
+-----------------+--------------------+--------------+------------------------------------------------------------------+------------------------------------------------------------------+----------------------+

[stage07] evidence files
+-------------+---------------------------------------------------------------------------------------------------------------------------------------------------------------------------------------------------------------------------------+
| kind        | path                                                                                                                                                                                                                            |
+-------------+---------------------------------------------------------------------------------------------------------------------------------------------------------------------------------------------------------------------------------+
| main_csv    | /tmp/ZKX_dev/results/stage07_b05_formal_2836c8d/formal/20260810T105112Z_2836c8dc200d_stage07_b05_formal_08865e73/operator_main_results_correlate_not_applicable_20260810T105112Z_2836c8dc200d_stage07_b05_formal_08865e73.csv   |
| timing_csv  | /tmp/ZKX_dev/results/stage07_b05_formal_2836c8d/formal/20260810T105112Z_2836c8dc200d_stage07_b05_formal_08865e73/operator_timing_samples_correlate_not_applicable_20260810T105112Z_2836c8dc200d_stage07_b05_formal_08865e73.csv |
| memory_csv  | /tmp/ZKX_dev/results/stage07_b05_formal_2836c8d/formal/20260810T105112Z_2836c8dc200d_stage07_b05_formal_08865e73/operator_convolution_correlate_memory_trace_not_applicable.csv                                                 |
| dtype_csv   | /tmp/ZKX_dev/results/stage07_b05_formal_2836c8d/formal/20260810T105112Z_2836c8dc200d_stage07_b05_formal_08865e73/operator_dtype_evidence_correlate_not_applicable_20260810T105112Z_2836c8dc200d_stage07_b05_formal_08865e73.csv |
| report_json | /tmp/ZKX_dev/results/stage07_b05_formal_2836c8d/formal/20260810T105112Z_2836c8dc200d_stage07_b05_formal_08865e73/operator_correlate_report.json                                                                                 |
| summary_txt | /tmp/ZKX_dev/results/stage07_b05_formal_2836c8d/formal/20260810T105112Z_2836c8dc200d_stage07_b05_formal_08865e73/operator_correlate_summary.txt                                                                                 |
| full_log    | /tmp/ZKX_dev/results/stage07_b05_formal_2836c8d/formal/20260810T105112Z_2836c8dc200d_stage07_b05_formal_08865e73/operator_correlate_full.log                                                                                    |
| result_dir  | /tmp/ZKX_dev/results/stage07_b05_formal_2836c8d/formal/20260810T105112Z_2836c8dc200d_stage07_b05_formal_08865e73                                                                                                                |
+-------------+---------------------------------------------------------------------------------------------------------------------------------------------------------------------------------------------------------------------------------+
STAGE07_TASK_FEATURE_CASE PASS operator=correlate scale=correlate_int32_10e4 dtype=INT32 backend=not_applicable measured=100 results=/tmp/ZKX_dev/results/stage07_b05_formal_2836c8d/formal/20260810T105112Z_2836c8dc200d_stage07_b05_formal_08865e73
