[stage07] identity and status
+-----------+---------------------+--------+----------------+-------+--------+----------+--------------------------+--------+------------+
| target    | scale_id            | device | backend        | dtype | warmup | measured | timing_scope             | status | error_code |
+-----------+---------------------+--------+----------------+-------+--------+----------+--------------------------+--------+------------+
| correlate | correlate_int8_10e2 | CPU    | not_applicable | INT8  | 20     | 100      | compatibility/end-to-end | PASS   | OK         |
| correlate | correlate_int8_10e2 | GPU    | not_applicable | INT8  | 20     | 100      | compatibility/end-to-end | PASS   | OK         |
+-----------+---------------------+--------+----------------+-------+--------+----------+--------------------------+--------+------------+

[stage07] timing detail
+--------+------------+----------+-----------+---------------------+----------+----------+-----------------------+---------------------+---------------------+
| device | mean_ms    | p50_ms   | p95_ms    | p99_ms              | min_ms   | max_ms   | std_ms                | cv                  | speedup             |
+--------+------------+----------+-----------+---------------------+----------+----------+-----------------------+---------------------+---------------------+
| CPU    | 0.04254161 | 0.042432 | 0.0424825 | 0.04291840000000005 | 0.042392 | 0.052462 | 0.0009980267220370408 | 0.02346001296229834 | NA                  |
| GPU    | 0.29168582 | 0.286978 | 0.3296331 | 0.3624434300000003  | 0.279743 | 0.42545  | 0.019456630067604203  | 0.06670406558537609 | 0.14584737098292952 |
+--------+------------+----------+-----------+---------------------+----------+----------+-----------------------+---------------------+---------------------+

[stage07] accuracy detail
+---------------------------------+-----+------+-------------+---------------+-------------+----------------+----------------------------------------------------------+--------+
| reference                       | mse | rmse | relative_l2 | relative_linf | exact_match | mismatch_count | semantic_check                                           | status |
+---------------------------------+-----+------+-------------+---------------+-------------+----------------+----------------------------------------------------------+--------+
| typed_cpu_task2_step4_reference | 0   | 0    | 0           | 0             | true        | 0              | output_count=128;output_dtype=INT8;task_gpu_call=present | PASS   |
+---------------------------------+-----+------+-------------+---------------+-------------+----------------+----------------------------------------------------------+--------+

[stage07] resource detail
+--------+------------+--------------+-------------+------------+-------------+
| device | metric     | before_bytes | after_bytes | peak_bytes | delta_bytes |
+--------+------------+--------------+-------------+------------+-------------+
| CPU    | cpu_heap   | 1399440      | 1402816     | 1402816    | 3376        |
| CPU    | rss        | 70438912     | 70438912    | 70438912   | 0           |
| GPU    | cpu_heap   | 1402816      | 1405808     | 1405808    | 2992        |
| GPU    | rss        | 70438912     | 70631424    | 70631424   | 192512      |
| GPU    | gpu_memory | 341000192    | 341000192   | 341000192  | 0           |
+--------+------------+--------------+-------------+------------+-------------+

[stage07] input content
+------------+-------+-------+----------+--------------------------+-------------------------------------------+
| input_name | shape | dtype | elements | generator                | values(head4/tail2)                       |
+------------+-------+-------+----------+--------------------------+-------------------------------------------+
| signal     | [128] | INT8  | 128      | task2_signal_mixture     | i=0:2;i=1:2;i=2:3;i=3:2;i=126:-4;i=127:-5 |
| reference  | [17]  | INT8  | 17       | task2_reference_template | i=0:2;i=1:3;i=2:2;i=3:2;i=15:2;i=16:3     |
+------------+-------+-------+----------+--------------------------+-------------------------------------------+

[stage07] case parameters
+----------------------------------------------------------------------------+
| parameters                                                                 |
+----------------------------------------------------------------------------+
| {"mode":"same","output_count":128,"reference_count":17,"signal_count":128} |
+----------------------------------------------------------------------------+

[stage07] input and output identity
+--------+------------------------------------------------------------------+------------------------------------------------------------------+
| device | input_digest                                                     | output_digest                                                    |
+--------+------------------------------------------------------------------+------------------------------------------------------------------+
| CPU    | 210aa7bc922fecc166e352ccf7dff61f481891f739f2a859b451741db076635a | 4da5cd056df85af0e6683b8df5b45ce3c82b10f96a84bf09014a267695f2a514 |
| GPU    | 210aa7bc922fecc166e352ccf7dff61f481891f739f2a859b451741db076635a | 4da5cd056df85af0e6683b8df5b45ce3c82b10f96a84bf09014a267695f2a514 |
+--------+------------------------------------------------------------------+------------------------------------------------------------------+

[stage07] dtype evidence
+-----------------+--------------------+--------------+------------------------------------------------------------------+------------------------------------------------------------------+----------------------+
| requested_dtype | config_input_dtype | output_dtype | typed_array_digest                                               | actual_input_digest                                              | task_gpu_call_status |
+-----------------+--------------------+--------------+------------------------------------------------------------------+------------------------------------------------------------------+----------------------+
| INT8            | INT8               | INT8         | e5d515c432534e75bcd124ae158fe9069bc932664543d9ebec794fcb34cf2247 | 210aa7bc922fecc166e352ccf7dff61f481891f739f2a859b451741db076635a | proved_gpu_cpu       |
+-----------------+--------------------+--------------+------------------------------------------------------------------+------------------------------------------------------------------+----------------------+

[stage07] evidence files
+-------------+---------------------------------------------------------------------------------------------------------------------------------------------------------------------------------------------------------------------------------+
| kind        | path                                                                                                                                                                                                                            |
+-------------+---------------------------------------------------------------------------------------------------------------------------------------------------------------------------------------------------------------------------------+
| main_csv    | /tmp/ZKX_dev/results/stage07_b05_formal_2836c8d/formal/20260810T105115Z_2836c8dc200d_stage07_b05_formal_e6348320/operator_main_results_correlate_not_applicable_20260810T105115Z_2836c8dc200d_stage07_b05_formal_e6348320.csv   |
| timing_csv  | /tmp/ZKX_dev/results/stage07_b05_formal_2836c8d/formal/20260810T105115Z_2836c8dc200d_stage07_b05_formal_e6348320/operator_timing_samples_correlate_not_applicable_20260810T105115Z_2836c8dc200d_stage07_b05_formal_e6348320.csv |
| memory_csv  | /tmp/ZKX_dev/results/stage07_b05_formal_2836c8d/formal/20260810T105115Z_2836c8dc200d_stage07_b05_formal_e6348320/operator_convolution_correlate_memory_trace_not_applicable.csv                                                 |
| dtype_csv   | /tmp/ZKX_dev/results/stage07_b05_formal_2836c8d/formal/20260810T105115Z_2836c8dc200d_stage07_b05_formal_e6348320/operator_dtype_evidence_correlate_not_applicable_20260810T105115Z_2836c8dc200d_stage07_b05_formal_e6348320.csv |
| report_json | /tmp/ZKX_dev/results/stage07_b05_formal_2836c8d/formal/20260810T105115Z_2836c8dc200d_stage07_b05_formal_e6348320/operator_correlate_report.json                                                                                 |
| summary_txt | /tmp/ZKX_dev/results/stage07_b05_formal_2836c8d/formal/20260810T105115Z_2836c8dc200d_stage07_b05_formal_e6348320/operator_correlate_summary.txt                                                                                 |
| full_log    | /tmp/ZKX_dev/results/stage07_b05_formal_2836c8d/formal/20260810T105115Z_2836c8dc200d_stage07_b05_formal_e6348320/operator_correlate_full.log                                                                                    |
| result_dir  | /tmp/ZKX_dev/results/stage07_b05_formal_2836c8d/formal/20260810T105115Z_2836c8dc200d_stage07_b05_formal_e6348320                                                                                                                |
+-------------+---------------------------------------------------------------------------------------------------------------------------------------------------------------------------------------------------------------------------------+
STAGE07_TASK_FEATURE_CASE PASS operator=correlate scale=correlate_int8_10e2 dtype=INT8 backend=not_applicable measured=100 results=/tmp/ZKX_dev/results/stage07_b05_formal_2836c8d/formal/20260810T105115Z_2836c8dc200d_stage07_b05_formal_e6348320
