command=build_stage08_b04_firfilter2_be79ae78aeff/stage08_filtering_firfilter2 --dtype FP16 --rows 100 --cols 100 --axis 1 --padtype constant --padlen 8 --seed 84220003 --warmup 20 --measured 100 --output /tmp/ZKX_dev/results/stage08_input_preview_b04_firfilter2_db927ed96663/formal/20260810T083712Z_db927ed96663_stage08_b04_formal_b4030006/firfilter2_probe_raw.json
STAGE08_FIRFILTER2_PROBE PASS dtype=FP16 padtype=constant backend=not_applicable
[stage08] identity and status
+------------+----------------------+--------+----------------+-------+--------+----------+--------------------------+--------+------------+
| target     | scale_id             | device | backend        | dtype | warmup | measured | timing_scope             | status | error_code |
+------------+----------------------+--------+----------------+-------+--------+----------+--------------------------+--------+------------+
| firfilter2 | firfilter2_fp16_10e4 | CPU    | not_applicable | FP16  | 20     | 100      | compatibility/end-to-end | PASS   | OK         |
| firfilter2 | firfilter2_fp16_10e4 | GPU    | not_applicable | FP16  | 20     | 100      | compatibility/end-to-end | PASS   | OK         |
+------------+----------------------+--------+----------------+-------+--------+----------+--------------------------+--------+------------+

[stage08] timing detail
+--------+---------------------+-----------+---------------------+---------------------+---------------------+---------------------+-----------------------+-----------------------+--------------------+
| device | mean_ms             | p50_ms    | p95_ms              | p99_ms              | min_ms              | max_ms              | std_ms                | cv                    | speedup            |
+--------+---------------------+-----------+---------------------+---------------------+---------------------+---------------------+-----------------------+-----------------------+--------------------+
| CPU    | 1.8878026600000002  | 1.8873795 | 1.897594            | 1.9005968900000001  | 1.8784289999999999  | 1.9012789999999999  | 0.0057425731657855267 | 0.0030419350960049639 | NA                 |
| GPU    | 0.30699945000000001 | 0.304172  | 0.32044044999999999 | 0.35211320000000063 | 0.29187099999999999 | 0.47301199999999999 | 0.019170317977214149  | 0.062444144369685838  | 6.1492053487392244 |
+--------+---------------------+-----------+---------------------+---------------------+---------------------+---------------------+-----------------------+-----------------------+--------------------+

[stage08] accuracy detail
+---------------------------------------------+-----+------+-------------+---------------+-------------+----------------+-------------------------------------------------------------------------------+--------+
| accuracy_reference                          | mse | rmse | relative_l2 | relative_linf | exact_match | mismatch_count | semantic_check                                                                | status |
+---------------------------------------------+-----+------+-------------+---------------+-------------+----------------+-------------------------------------------------------------------------------+--------+
| cpu_independent_bidirectional_fir_reference | 0   | 0    | 0           | 0             | NA          | NA             | shape_axis_padding_and_fp32_output_match_cpu:axis=1;padtype=constant;padlen=8 | PASS   |
+---------------------------------------------+-----+------+-------------+---------------+-------------+----------------+-------------------------------------------------------------------------------+--------+

[stage08] resource detail
+--------+------------+--------------+-------------+------------+-------------+
| device | metric     | before_bytes | after_bytes | peak_bytes | delta_bytes |
+--------+------------+--------------+-------------+------------+-------------+
| CPU    | cpu_heap   | 1534112      | 1537296     | 1577312    | 3184        |
| CPU    | rss        | 70258688     | 70258688    | 70258688   | 0           |
| GPU    | cpu_heap   | 1539008      | 1543024     | 1543024    | 4016        |
| GPU    | rss        | 70258688     | 70258688    | 70258688   | 0           |
| GPU    | gpu_memory | 408322048    | 408322048   | 408322048  | 0           |
+--------+------------+--------------+-------------+------------+-------------+

[stage08] input/output identity
+--------+------------------------------------------------------------------+------------------------------------------------------------------+
| device | input_digest                                                     | output_digest                                                    |
+--------+------------------------------------------------------------------+------------------------------------------------------------------+
| CPU    | a9a90b49faa0adc04f61444b5b9a46726a9c2faeb835650a58f7ebddc3c02ed5 | df78fff8696157682d3db208ce920d9362c0d74c8d2403cfbbbe2505fc704302 |
| GPU    | a9a90b49faa0adc04f61444b5b9a46726a9c2faeb835650a58f7ebddc3c02ed5 | df78fff8696157682d3db208ce920d9362c0d74c8d2403cfbbbe2505fc704302 |
+--------+------------------------------------------------------------------+------------------------------------------------------------------+

[stage08] input content
+------------+-----------+-------+----------+-------------------------------------------------+---------------------------------------------------------+
| input_name | shape     | dtype | elements | generator                                       | values(head4/tail2)                                     |
+------------+-----------+-------+----------+-------------------------------------------------+---------------------------------------------------------+
| x          | [100x100] | FP16  | 10000    | firfilter_modular(seed=84220003,integral=false) | i=0:-0.75;i=1:0.25;i=2:-1;i=3:0;i=9998:0.5;i=9999:-0.75 |
| b          | [3]       | FP16  | 3        | fixed_filter_coefficients                       | i=0:1;i=1:1;i=2:1                                       |
+------------+-----------+-------+----------+-------------------------------------------------+---------------------------------------------------------+

[stage08] case parameters
+-----------------------------------------------------------------------------------------------------------+
| parameters                                                                                                |
+-----------------------------------------------------------------------------------------------------------+
| {"axis":"1","cols":"100","dtype":"FP16","padlen":"8","padtype":"constant","rows":"100","seed":"84220003"} |
+-----------------------------------------------------------------------------------------------------------+

[stage08] dtype evidence
+-----------------+--------------------+--------------+------------------------------------------------------------------+--------+
| requested_dtype | config_input_dtype | output_dtype | actual_input_digest                                              | status |
+-----------------+--------------------+--------------+------------------------------------------------------------------+--------+
| FP16            | NA                 | FP32         | a9a90b49faa0adc04f61444b5b9a46726a9c2faeb835650a58f7ebddc3c02ed5 | PASS   |
+-----------------+--------------------+--------------+------------------------------------------------------------------+--------+

[stage08] evidence files
+----------------+---------------------------------------------------------------------------------------------------------------------------------------------------------------------------------------------------------------------------------------------------------+
| kind           | path                                                                                                                                                                                                                                                    |
+----------------+---------------------------------------------------------------------------------------------------------------------------------------------------------------------------------------------------------------------------------------------------------+
| probe_raw_json | /tmp/ZKX_dev/results/stage08_input_preview_b04_firfilter2_db927ed96663/formal/20260810T083712Z_db927ed96663_stage08_b04_formal_b4030006/firfilter2_probe_raw.json                                                                                       |
| dtype_csv      | /tmp/ZKX_dev/results/stage08_input_preview_b04_firfilter2_db927ed96663/formal/20260810T083712Z_db927ed96663_stage08_b04_formal_b4030006/operator_dtype_evidence_firfilter2_not_applicable_20260810T083712Z_db927ed96663_stage08_b04_formal_b4030006.csv |
| memory_csv     | /tmp/ZKX_dev/results/stage08_input_preview_b04_firfilter2_db927ed96663/formal/20260810T083712Z_db927ed96663_stage08_b04_formal_b4030006/operator_filtering_firfilter2_memory_trace_not_applicable.csv                                                   |
| full_log       | /tmp/ZKX_dev/results/stage08_input_preview_b04_firfilter2_db927ed96663/formal/20260810T083712Z_db927ed96663_stage08_b04_formal_b4030006/operator_firfilter2_full.log                                                                                    |
| report_json    | /tmp/ZKX_dev/results/stage08_input_preview_b04_firfilter2_db927ed96663/formal/20260810T083712Z_db927ed96663_stage08_b04_formal_b4030006/operator_firfilter2_report.json                                                                                 |
| summary_txt    | /tmp/ZKX_dev/results/stage08_input_preview_b04_firfilter2_db927ed96663/formal/20260810T083712Z_db927ed96663_stage08_b04_formal_b4030006/operator_firfilter2_summary.txt                                                                                 |
| main_csv       | /tmp/ZKX_dev/results/stage08_input_preview_b04_firfilter2_db927ed96663/formal/20260810T083712Z_db927ed96663_stage08_b04_formal_b4030006/operator_main_results_firfilter2_not_applicable_20260810T083712Z_db927ed96663_stage08_b04_formal_b4030006.csv   |
| timing_csv     | /tmp/ZKX_dev/results/stage08_input_preview_b04_firfilter2_db927ed96663/formal/20260810T083712Z_db927ed96663_stage08_b04_formal_b4030006/operator_timing_samples_firfilter2_not_applicable_20260810T083712Z_db927ed96663_stage08_b04_formal_b4030006.csv |
+----------------+---------------------------------------------------------------------------------------------------------------------------------------------------------------------------------------------------------------------------------------------------------+
