command=build_stage08_b08_gauss_spline_a1467e3b776a/stage08_bsplines_gauss_spline --operator gauss_spline --dtype FP16 --elements 10000 --order 4 --seed 87400005 --warmup 20 --measured 100 --output /tmp/ZKX_dev/results/stage08_input_preview_b08_gauss_spline_bdef73fce32b/formal/20260810T091332Z_bdef73fce32b_stage08_b08_formal_87710005/gauss_spline_probe_raw.json
{"run_id": "20260810T091332Z_bdef73fce32b_stage08_b08_formal_87710005", "case_id": "gauss_spline__gauss_spline_fp16_10e4__22a66eeba6dfc598", "operator_name": "gauss_spline", "scale_id": "gauss_spline_fp16_10e4", "requested_dtype": "FP16", "output_dtype": "FP16", "backend": "not_applicable", "input_count": 10000, "output_count": 10000, "order": 4, "warmup_runs": 20, "measured_runs": 100, "mse": 0, "rmse": 0, "relative_l2": 0, "relative_linf": 0, "status": "PASS", "error_code": "OK"}
[stage08] identity and status
+--------------+------------------------+--------+----------------+-------+--------+----------+--------------------------+--------+------------+
| target       | scale_id               | device | backend        | dtype | warmup | measured | timing_scope             | status | error_code |
+--------------+------------------------+--------+----------------+-------+--------+----------+--------------------------+--------+------------+
| gauss_spline | gauss_spline_fp16_10e4 | CPU    | not_applicable | FP16  | 20     | 100      | compatibility/end-to-end | PASS   | OK         |
| gauss_spline | gauss_spline_fp16_10e4 | GPU    | not_applicable | FP16  | 20     | 100      | compatibility/end-to-end | PASS   | OK         |
+--------------+------------------------+--------+----------------+-------+--------+----------+--------------------------+--------+------------+

[stage08] timing detail
+--------+---------------------+----------+------------+---------------------+----------+----------+----------------------+----------------------+------------------+
| device | mean_ms             | p50_ms   | p95_ms     | p99_ms              | min_ms   | max_ms   | std_ms               | cv                   | speedup          |
+--------+---------------------+----------+------------+---------------------+----------+----------+----------------------+----------------------+------------------+
| CPU    | 1.00774776          | 1.004568 | 1.01787155 | 1.0392963300000004  | 1.000237 | 1.094472 | 0.010570305613481571 | 0.010489039056243174 | NA               |
| GPU    | 0.24123550000000002 | 0.239316 | 0.2484555  | 0.26516611000000023 | 0.234951 | 0.309034 | 0.008337390073038442 | 0.03456120709032643  | 4.17744386709253 |
+--------+---------------------+----------+------------+---------------------+----------+----------+----------------------+----------------------+------------------+

[stage08] accuracy detail
+-----------------------------+-----+------+-------------+---------------+-------------+----------------+----------------------------------------------+--------+
| accuracy_reference          | mse | rmse | relative_l2 | relative_linf | exact_match | mismatch_count | semantic_check                               | status |
+-----------------------------+-----+------+-------------+---------------+-------------+----------------+----------------------------------------------+--------+
| cpu_gauss_spline_same_dtype | 0   | 0    | 0           | 0             | NA          | NA             | output_count=10000;output_dtype=FP16;order=4 | PASS   |
+-----------------------------+-----+------+-------------+---------------+-------------+----------------+----------------------------------------------+--------+

[stage08] resource detail
+--------+------------+--------------+-------------+------------+-------------+
| device | metric     | before_bytes | after_bytes | peak_bytes | delta_bytes |
+--------+------------+--------------+-------------+------------+-------------+
| CPU    | cpu_heap   | 1383280      | 1506624     | 1506624    | 123344      |
| CPU    | rss        | 69423104     | 69423104    | 69423104   | 0           |
| GPU    | cpu_heap   | 1506720      | 1529680     | 1529680    | 22960       |
| GPU    | rss        | 69423104     | 69423104    | 69423104   | 0           |
| GPU    | gpu_memory | 391544832    | 391544832   | 391544832  | 0           |
+--------+------------+--------------+-------------+------------+-------------+

[stage08] input/output identity
+--------+------------------------------------------------------------------+------------------------------------------------------------------+
| device | input_digest                                                     | output_digest                                                    |
+--------+------------------------------------------------------------------+------------------------------------------------------------------+
| CPU    | 22a66eeba6dfc598e802406c794866f97877994d9444efe1ef9858e710bce3b4 | e7fd671547a5de9b2e0a4338cc7d2815e63c4e5ffddd03934db674b7624d9287 |
| GPU    | 22a66eeba6dfc598e802406c794866f97877994d9444efe1ef9858e710bce3b4 | e7fd671547a5de9b2e0a4338cc7d2815e63c4e5ffddd03934db674b7624d9287 |
+--------+------------------------------------------------------------------+------------------------------------------------------------------+

[stage08] input content
+------------+---------+-------+----------+-----------------------------------------------------------------+-------------------------------------------------------------------------+
| input_name | shape   | dtype | elements | generator                                                       | values(head4/tail2)                                                     |
+------------+---------+-------+----------+-----------------------------------------------------------------+-------------------------------------------------------------------------+
| x          | [10000] | FP16  | 10000    | bspline_modular_or_piecewise_ramp(seed=87400005,integral=false) | i=0:-4;i=1:-3.96875;i=2:-3.9375;i=3:-3.90625;i=9998:3.25;i=9999:3.28125 |
+------------+---------+-------+----------+-----------------------------------------------------------------+-------------------------------------------------------------------------+

[stage08] case parameters
+---------------------------------------------------------------------------------------------+
| parameters                                                                                  |
+---------------------------------------------------------------------------------------------+
| {"dtype":"FP16","elements":"10000","operator":"gauss_spline","order":"4","seed":"87400005"} |
+---------------------------------------------------------------------------------------------+

[stage08] dtype evidence
+-----------------+--------------------+--------------+------------------------------------------------------------------+--------+
| requested_dtype | config_input_dtype | output_dtype | actual_input_digest                                              | status |
+-----------------+--------------------+--------------+------------------------------------------------------------------+--------+
| FP16            | NA                 | FP16         | 22a66eeba6dfc598e802406c794866f97877994d9444efe1ef9858e710bce3b4 | PASS   |
+-----------------+--------------------+--------------+------------------------------------------------------------------+--------+

[stage08] evidence files
+----------------+-------------------------------------------------------------------------------------------------------------------------------------------------------------------------------------------------------------------------------------------------------------+
| kind           | path                                                                                                                                                                                                                                                        |
+----------------+-------------------------------------------------------------------------------------------------------------------------------------------------------------------------------------------------------------------------------------------------------------+
| probe_raw_json | /tmp/ZKX_dev/results/stage08_input_preview_b08_gauss_spline_bdef73fce32b/formal/20260810T091332Z_bdef73fce32b_stage08_b08_formal_87710005/gauss_spline_probe_raw.json                                                                                       |
| memory_csv     | /tmp/ZKX_dev/results/stage08_input_preview_b08_gauss_spline_bdef73fce32b/formal/20260810T091332Z_bdef73fce32b_stage08_b08_formal_87710005/operator_bsplines_gauss_spline_memory_trace_not_applicable.csv                                                    |
| dtype_csv      | /tmp/ZKX_dev/results/stage08_input_preview_b08_gauss_spline_bdef73fce32b/formal/20260810T091332Z_bdef73fce32b_stage08_b08_formal_87710005/operator_dtype_evidence_gauss_spline_not_applicable_20260810T091332Z_bdef73fce32b_stage08_b08_formal_87710005.csv |
| full_log       | /tmp/ZKX_dev/results/stage08_input_preview_b08_gauss_spline_bdef73fce32b/formal/20260810T091332Z_bdef73fce32b_stage08_b08_formal_87710005/operator_gauss_spline_full.log                                                                                    |
| report_json    | /tmp/ZKX_dev/results/stage08_input_preview_b08_gauss_spline_bdef73fce32b/formal/20260810T091332Z_bdef73fce32b_stage08_b08_formal_87710005/operator_gauss_spline_report.json                                                                                 |
| summary_txt    | /tmp/ZKX_dev/results/stage08_input_preview_b08_gauss_spline_bdef73fce32b/formal/20260810T091332Z_bdef73fce32b_stage08_b08_formal_87710005/operator_gauss_spline_summary.txt                                                                                 |
| main_csv       | /tmp/ZKX_dev/results/stage08_input_preview_b08_gauss_spline_bdef73fce32b/formal/20260810T091332Z_bdef73fce32b_stage08_b08_formal_87710005/operator_main_results_gauss_spline_not_applicable_20260810T091332Z_bdef73fce32b_stage08_b08_formal_87710005.csv   |
| timing_csv     | /tmp/ZKX_dev/results/stage08_input_preview_b08_gauss_spline_bdef73fce32b/formal/20260810T091332Z_bdef73fce32b_stage08_b08_formal_87710005/operator_timing_samples_gauss_spline_not_applicable_20260810T091332Z_bdef73fce32b_stage08_b08_formal_87710005.csv |
+----------------+-------------------------------------------------------------------------------------------------------------------------------------------------------------------------------------------------------------------------------------------------------------+
