sample_index=0 cpu_pipeline_ms=325.25 gpu_pipeline_ms=29.5826 cpu_resource_sampling_overhead_ms=0.297923 gpu_resource_sampling_overhead_ms=0.04221 semantic_gates=16/16 timing_direct=true resource_overhead_excluded=true step_sum_used=false status=PASS
sample_index=1 cpu_pipeline_ms=321.095 gpu_pipeline_ms=29.6816 cpu_resource_sampling_overhead_ms=0.205254 gpu_resource_sampling_overhead_ms=0.033793 semantic_gates=16/16 timing_direct=true resource_overhead_excluded=true step_sum_used=false status=PASS
sample_index=2 cpu_pipeline_ms=346.707 gpu_pipeline_ms=29.494 cpu_resource_sampling_overhead_ms=0.239246 gpu_resource_sampling_overhead_ms=0.032431 semantic_gates=16/16 timing_direct=true resource_overhead_excluded=true step_sum_used=false status=PASS
sample_index=3 cpu_pipeline_ms=324.926 gpu_pipeline_ms=28.7904 cpu_resource_sampling_overhead_ms=0.174951 gpu_resource_sampling_overhead_ms=0.03192 semantic_gates=16/16 timing_direct=true resource_overhead_excluded=true step_sum_used=false status=PASS
sample_index=4 cpu_pipeline_ms=323.818 gpu_pipeline_ms=34.9289 cpu_resource_sampling_overhead_ms=0.205934 gpu_resource_sampling_overhead_ms=0.037731 semantic_gates=16/16 timing_direct=true resource_overhead_excluded=true step_sum_used=false status=PASS
sample_index=5 cpu_pipeline_ms=321.445 gpu_pipeline_ms=28.9479 cpu_resource_sampling_overhead_ms=0.196013 gpu_resource_sampling_overhead_ms=0.03262 semantic_gates=16/16 timing_direct=true resource_overhead_excluded=true step_sum_used=false status=PASS
sample_index=6 cpu_pipeline_ms=313.252 gpu_pipeline_ms=29.31 cpu_resource_sampling_overhead_ms=0.172644 gpu_resource_sampling_overhead_ms=0.03259 semantic_gates=16/16 timing_direct=true resource_overhead_excluded=true step_sum_used=false status=PASS
sample_index=7 cpu_pipeline_ms=317.586 gpu_pipeline_ms=28.9674 cpu_resource_sampling_overhead_ms=0.187952 gpu_resource_sampling_overhead_ms=0.03257 semantic_gates=16/16 timing_direct=true resource_overhead_excluded=true step_sum_used=false status=PASS
sample_index=8 cpu_pipeline_ms=314.699 gpu_pipeline_ms=29.185 cpu_resource_sampling_overhead_ms=0.207693 gpu_resource_sampling_overhead_ms=0.0326 semantic_gates=16/16 timing_direct=true resource_overhead_excluded=true step_sum_used=false status=PASS
sample_index=9 cpu_pipeline_ms=316.798 gpu_pipeline_ms=33.7992 cpu_resource_sampling_overhead_ms=0.256394 gpu_resource_sampling_overhead_ms=0.03242 semantic_gates=16/16 timing_direct=true resource_overhead_excluded=true step_sum_used=false status=PASS
sample_index=10 cpu_pipeline_ms=366.831 gpu_pipeline_ms=30.0967 cpu_resource_sampling_overhead_ms=0.240661 gpu_resource_sampling_overhead_ms=0.0333 semantic_gates=16/16 timing_direct=true resource_overhead_excluded=true step_sum_used=false status=PASS
sample_index=11 cpu_pipeline_ms=329.849 gpu_pipeline_ms=29.4678 cpu_resource_sampling_overhead_ms=0.215204 gpu_resource_sampling_overhead_ms=0.034241 semantic_gates=16/16 timing_direct=true resource_overhead_excluded=true step_sum_used=false status=PASS
sample_index=12 cpu_pipeline_ms=320.839 gpu_pipeline_ms=29.4121 cpu_resource_sampling_overhead_ms=0.222394 gpu_resource_sampling_overhead_ms=0.03273 semantic_gates=16/16 timing_direct=true resource_overhead_excluded=true step_sum_used=false status=PASS
sample_index=13 cpu_pipeline_ms=314.844 gpu_pipeline_ms=29.0537 cpu_resource_sampling_overhead_ms=0.291484 gpu_resource_sampling_overhead_ms=0.03225 semantic_gates=16/16 timing_direct=true resource_overhead_excluded=true step_sum_used=false status=PASS
sample_index=14 cpu_pipeline_ms=316.454 gpu_pipeline_ms=29.2057 cpu_resource_sampling_overhead_ms=0.223672 gpu_resource_sampling_overhead_ms=0.032421 semantic_gates=16/16 timing_direct=true resource_overhead_excluded=true step_sum_used=false status=PASS
sample_index=15 cpu_pipeline_ms=318.037 gpu_pipeline_ms=29.2301 cpu_resource_sampling_overhead_ms=0.256894 gpu_resource_sampling_overhead_ms=0.03466 semantic_gates=16/16 timing_direct=true resource_overhead_excluded=true step_sum_used=false status=PASS
sample_index=16 cpu_pipeline_ms=323.001 gpu_pipeline_ms=29.0225 cpu_resource_sampling_overhead_ms=0.174251 gpu_resource_sampling_overhead_ms=0.032241 semantic_gates=16/16 timing_direct=true resource_overhead_excluded=true step_sum_used=false status=PASS
sample_index=17 cpu_pipeline_ms=342.434 gpu_pipeline_ms=28.8429 cpu_resource_sampling_overhead_ms=0.190683 gpu_resource_sampling_overhead_ms=0.03384 semantic_gates=16/16 timing_direct=true resource_overhead_excluded=true step_sum_used=false status=PASS
sample_index=18 cpu_pipeline_ms=317.011 gpu_pipeline_ms=29.5895 cpu_resource_sampling_overhead_ms=0.232122 gpu_resource_sampling_overhead_ms=0.03278 semantic_gates=16/16 timing_direct=true resource_overhead_excluded=true step_sum_used=false status=PASS
sample_index=19 cpu_pipeline_ms=315.965 gpu_pipeline_ms=28.546 cpu_resource_sampling_overhead_ms=0.177273 gpu_resource_sampling_overhead_ms=0.031271 semantic_gates=16/16 timing_direct=true resource_overhead_excluded=true step_sum_used=false status=PASS
sample_index=20 cpu_pipeline_ms=316.589 gpu_pipeline_ms=28.771 cpu_resource_sampling_overhead_ms=0.174471 gpu_resource_sampling_overhead_ms=0.03201 semantic_gates=16/16 timing_direct=true resource_overhead_excluded=true step_sum_used=false status=PASS
sample_index=21 cpu_pipeline_ms=319.573 gpu_pipeline_ms=28.7606 cpu_resource_sampling_overhead_ms=0.186881 gpu_resource_sampling_overhead_ms=0.03154 semantic_gates=16/16 timing_direct=true resource_overhead_excluded=true step_sum_used=false status=PASS
sample_index=22 cpu_pipeline_ms=325.085 gpu_pipeline_ms=28.8502 cpu_resource_sampling_overhead_ms=0.211224 gpu_resource_sampling_overhead_ms=0.03182 semantic_gates=16/16 timing_direct=true resource_overhead_excluded=true step_sum_used=false status=PASS
sample_index=23 cpu_pipeline_ms=306.874 gpu_pipeline_ms=28.5831 cpu_resource_sampling_overhead_ms=0.176023 gpu_resource_sampling_overhead_ms=0.03227 semantic_gates=16/16 timing_direct=true resource_overhead_excluded=true step_sum_used=false status=PASS
sample_index=24 cpu_pipeline_ms=320.82 gpu_pipeline_ms=29.6897 cpu_resource_sampling_overhead_ms=0.258194 gpu_resource_sampling_overhead_ms=0.03354 semantic_gates=16/16 timing_direct=true resource_overhead_excluded=true step_sum_used=false status=PASS
sample_index=25 cpu_pipeline_ms=314.531 gpu_pipeline_ms=30.7054 cpu_resource_sampling_overhead_ms=0.230501 gpu_resource_sampling_overhead_ms=0.03556 semantic_gates=16/16 timing_direct=true resource_overhead_excluded=true step_sum_used=false status=PASS
sample_index=26 cpu_pipeline_ms=315.737 gpu_pipeline_ms=28.8427 cpu_resource_sampling_overhead_ms=0.173532 gpu_resource_sampling_overhead_ms=0.03236 semantic_gates=16/16 timing_direct=true resource_overhead_excluded=true step_sum_used=false status=PASS
sample_index=27 cpu_pipeline_ms=316.023 gpu_pipeline_ms=28.5999 cpu_resource_sampling_overhead_ms=0.183723 gpu_resource_sampling_overhead_ms=0.03226 semantic_gates=16/16 timing_direct=true resource_overhead_excluded=true step_sum_used=false status=PASS
sample_index=28 cpu_pipeline_ms=320.317 gpu_pipeline_ms=28.9418 cpu_resource_sampling_overhead_ms=0.215062 gpu_resource_sampling_overhead_ms=0.03211 semantic_gates=16/16 timing_direct=true resource_overhead_excluded=true step_sum_used=false status=PASS
sample_index=29 cpu_pipeline_ms=320.957 gpu_pipeline_ms=28.6977 cpu_resource_sampling_overhead_ms=0.174491 gpu_resource_sampling_overhead_ms=0.03267 semantic_gates=16/16 timing_direct=true resource_overhead_excluded=true step_sum_used=false status=PASS
sample_index=30 cpu_pipeline_ms=318.119 gpu_pipeline_ms=28.7417 cpu_resource_sampling_overhead_ms=0.166452 gpu_resource_sampling_overhead_ms=0.032951 semantic_gates=16/16 timing_direct=true resource_overhead_excluded=true step_sum_used=false status=PASS
sample_index=31 cpu_pipeline_ms=357.144 gpu_pipeline_ms=28.7791 cpu_resource_sampling_overhead_ms=0.201263 gpu_resource_sampling_overhead_ms=0.03247 semantic_gates=16/16 timing_direct=true resource_overhead_excluded=true step_sum_used=false status=PASS
sample_index=32 cpu_pipeline_ms=319.657 gpu_pipeline_ms=28.8627 cpu_resource_sampling_overhead_ms=0.202354 gpu_resource_sampling_overhead_ms=0.03223 semantic_gates=16/16 timing_direct=true resource_overhead_excluded=true step_sum_used=false status=PASS
sample_index=33 cpu_pipeline_ms=318.098 gpu_pipeline_ms=28.8564 cpu_resource_sampling_overhead_ms=0.201593 gpu_resource_sampling_overhead_ms=0.03182 semantic_gates=16/16 timing_direct=true resource_overhead_excluded=true step_sum_used=false status=PASS
sample_index=34 cpu_pipeline_ms=323.712 gpu_pipeline_ms=34.7067 cpu_resource_sampling_overhead_ms=0.191113 gpu_resource_sampling_overhead_ms=0.03792 semantic_gates=16/16 timing_direct=true resource_overhead_excluded=true step_sum_used=false status=PASS
sample_index=35 cpu_pipeline_ms=315.854 gpu_pipeline_ms=32.6325 cpu_resource_sampling_overhead_ms=0.188252 gpu_resource_sampling_overhead_ms=0.03779 semantic_gates=16/16 timing_direct=true resource_overhead_excluded=true step_sum_used=false status=PASS
sample_index=36 cpu_pipeline_ms=315.401 gpu_pipeline_ms=28.938 cpu_resource_sampling_overhead_ms=0.200632 gpu_resource_sampling_overhead_ms=0.032931 semantic_gates=16/16 timing_direct=true resource_overhead_excluded=true step_sum_used=false status=PASS
sample_index=37 cpu_pipeline_ms=316.722 gpu_pipeline_ms=28.7226 cpu_resource_sampling_overhead_ms=0.186961 gpu_resource_sampling_overhead_ms=0.03207 semantic_gates=16/16 timing_direct=true resource_overhead_excluded=true step_sum_used=false status=PASS
sample_index=38 cpu_pipeline_ms=313.417 gpu_pipeline_ms=28.8067 cpu_resource_sampling_overhead_ms=0.202413 gpu_resource_sampling_overhead_ms=0.03135 semantic_gates=16/16 timing_direct=true resource_overhead_excluded=true step_sum_used=false status=PASS
sample_index=39 cpu_pipeline_ms=318.685 gpu_pipeline_ms=28.689 cpu_resource_sampling_overhead_ms=0.202934 gpu_resource_sampling_overhead_ms=0.03164 semantic_gates=16/16 timing_direct=true resource_overhead_excluded=true step_sum_used=false status=PASS
sample_index=40 cpu_pipeline_ms=313.875 gpu_pipeline_ms=28.8392 cpu_resource_sampling_overhead_ms=0.189602 gpu_resource_sampling_overhead_ms=0.03288 semantic_gates=16/16 timing_direct=true resource_overhead_excluded=true step_sum_used=false status=PASS
sample_index=41 cpu_pipeline_ms=320.763 gpu_pipeline_ms=28.6617 cpu_resource_sampling_overhead_ms=0.229083 gpu_resource_sampling_overhead_ms=0.032081 semantic_gates=16/16 timing_direct=true resource_overhead_excluded=true step_sum_used=false status=PASS
sample_index=42 cpu_pipeline_ms=317.173 gpu_pipeline_ms=29.8604 cpu_resource_sampling_overhead_ms=0.220104 gpu_resource_sampling_overhead_ms=0.03277 semantic_gates=16/16 timing_direct=true resource_overhead_excluded=true step_sum_used=false status=PASS
sample_index=43 cpu_pipeline_ms=323.768 gpu_pipeline_ms=29.5887 cpu_resource_sampling_overhead_ms=0.199344 gpu_resource_sampling_overhead_ms=0.033561 semantic_gates=16/16 timing_direct=true resource_overhead_excluded=true step_sum_used=false status=PASS
sample_index=44 cpu_pipeline_ms=332.392 gpu_pipeline_ms=28.8711 cpu_resource_sampling_overhead_ms=0.209143 gpu_resource_sampling_overhead_ms=0.032351 semantic_gates=16/16 timing_direct=true resource_overhead_excluded=true step_sum_used=false status=PASS
sample_index=45 cpu_pipeline_ms=313.649 gpu_pipeline_ms=28.6925 cpu_resource_sampling_overhead_ms=0.190074 gpu_resource_sampling_overhead_ms=0.031801 semantic_gates=16/16 timing_direct=true resource_overhead_excluded=true step_sum_used=false status=PASS
sample_index=46 cpu_pipeline_ms=319.872 gpu_pipeline_ms=30.5729 cpu_resource_sampling_overhead_ms=0.200133 gpu_resource_sampling_overhead_ms=0.03492 semantic_gates=16/16 timing_direct=true resource_overhead_excluded=true step_sum_used=false status=PASS
sample_index=47 cpu_pipeline_ms=326.295 gpu_pipeline_ms=28.8644 cpu_resource_sampling_overhead_ms=0.186353 gpu_resource_sampling_overhead_ms=0.031621 semantic_gates=16/16 timing_direct=true resource_overhead_excluded=true step_sum_used=false status=PASS
sample_index=48 cpu_pipeline_ms=325.366 gpu_pipeline_ms=28.7048 cpu_resource_sampling_overhead_ms=0.164582 gpu_resource_sampling_overhead_ms=0.03192 semantic_gates=16/16 timing_direct=true resource_overhead_excluded=true step_sum_used=false status=PASS
sample_index=49 cpu_pipeline_ms=323.301 gpu_pipeline_ms=28.7892 cpu_resource_sampling_overhead_ms=0.192511 gpu_resource_sampling_overhead_ms=0.03242 semantic_gates=16/16 timing_direct=true resource_overhead_excluded=true step_sum_used=false status=PASS
sample_index=50 cpu_pipeline_ms=321.748 gpu_pipeline_ms=28.6948 cpu_resource_sampling_overhead_ms=0.176563 gpu_resource_sampling_overhead_ms=0.0471 semantic_gates=16/16 timing_direct=true resource_overhead_excluded=true step_sum_used=false status=PASS
sample_index=51 cpu_pipeline_ms=329.087 gpu_pipeline_ms=29.6017 cpu_resource_sampling_overhead_ms=0.221692 gpu_resource_sampling_overhead_ms=0.03285 semantic_gates=16/16 timing_direct=true resource_overhead_excluded=true step_sum_used=false status=PASS
sample_index=52 cpu_pipeline_ms=320.5 gpu_pipeline_ms=28.8146 cpu_resource_sampling_overhead_ms=0.204462 gpu_resource_sampling_overhead_ms=0.03183 semantic_gates=16/16 timing_direct=true resource_overhead_excluded=true step_sum_used=false status=PASS
sample_index=53 cpu_pipeline_ms=319.259 gpu_pipeline_ms=28.731 cpu_resource_sampling_overhead_ms=0.179622 gpu_resource_sampling_overhead_ms=0.03216 semantic_gates=16/16 timing_direct=true resource_overhead_excluded=true step_sum_used=false status=PASS
sample_index=54 cpu_pipeline_ms=323.625 gpu_pipeline_ms=28.6721 cpu_resource_sampling_overhead_ms=0.168981 gpu_resource_sampling_overhead_ms=0.03199 semantic_gates=16/16 timing_direct=true resource_overhead_excluded=true step_sum_used=false status=PASS
sample_index=55 cpu_pipeline_ms=316.209 gpu_pipeline_ms=28.7926 cpu_resource_sampling_overhead_ms=0.20701 gpu_resource_sampling_overhead_ms=0.031721 semantic_gates=16/16 timing_direct=true resource_overhead_excluded=true step_sum_used=false status=PASS
sample_index=56 cpu_pipeline_ms=321.379 gpu_pipeline_ms=29.5261 cpu_resource_sampling_overhead_ms=0.173192 gpu_resource_sampling_overhead_ms=0.03293 semantic_gates=16/16 timing_direct=true resource_overhead_excluded=true step_sum_used=false status=PASS
sample_index=57 cpu_pipeline_ms=321.061 gpu_pipeline_ms=28.7521 cpu_resource_sampling_overhead_ms=0.178401 gpu_resource_sampling_overhead_ms=0.033081 semantic_gates=16/16 timing_direct=true resource_overhead_excluded=true step_sum_used=false status=PASS
sample_index=58 cpu_pipeline_ms=324.013 gpu_pipeline_ms=33.7306 cpu_resource_sampling_overhead_ms=0.206662 gpu_resource_sampling_overhead_ms=0.037831 semantic_gates=16/16 timing_direct=true resource_overhead_excluded=true step_sum_used=false status=PASS
sample_index=59 cpu_pipeline_ms=313.805 gpu_pipeline_ms=28.6994 cpu_resource_sampling_overhead_ms=0.172642 gpu_resource_sampling_overhead_ms=0.033022 semantic_gates=16/16 timing_direct=true resource_overhead_excluded=true step_sum_used=false status=PASS
sample_index=60 cpu_pipeline_ms=318.505 gpu_pipeline_ms=28.5532 cpu_resource_sampling_overhead_ms=0.167363 gpu_resource_sampling_overhead_ms=0.03287 semantic_gates=16/16 timing_direct=true resource_overhead_excluded=true step_sum_used=false status=PASS
sample_index=61 cpu_pipeline_ms=314.615 gpu_pipeline_ms=28.6482 cpu_resource_sampling_overhead_ms=0.196682 gpu_resource_sampling_overhead_ms=0.03216 semantic_gates=16/16 timing_direct=true resource_overhead_excluded=true step_sum_used=false status=PASS
sample_index=62 cpu_pipeline_ms=321.923 gpu_pipeline_ms=28.8524 cpu_resource_sampling_overhead_ms=0.186742 gpu_resource_sampling_overhead_ms=0.03127 semantic_gates=16/16 timing_direct=true resource_overhead_excluded=true step_sum_used=false status=PASS
sample_index=63 cpu_pipeline_ms=320.119 gpu_pipeline_ms=28.8144 cpu_resource_sampling_overhead_ms=0.187032 gpu_resource_sampling_overhead_ms=0.03262 semantic_gates=16/16 timing_direct=true resource_overhead_excluded=true step_sum_used=false status=PASS
sample_index=64 cpu_pipeline_ms=329.109 gpu_pipeline_ms=28.5533 cpu_resource_sampling_overhead_ms=0.16952 gpu_resource_sampling_overhead_ms=0.031991 semantic_gates=16/16 timing_direct=true resource_overhead_excluded=true step_sum_used=false status=PASS
sample_index=65 cpu_pipeline_ms=309.748 gpu_pipeline_ms=28.6543 cpu_resource_sampling_overhead_ms=0.208661 gpu_resource_sampling_overhead_ms=0.03251 semantic_gates=16/16 timing_direct=true resource_overhead_excluded=true step_sum_used=false status=PASS
sample_index=66 cpu_pipeline_ms=323.963 gpu_pipeline_ms=28.6205 cpu_resource_sampling_overhead_ms=0.171211 gpu_resource_sampling_overhead_ms=0.031441 semantic_gates=16/16 timing_direct=true resource_overhead_excluded=true step_sum_used=false status=PASS
sample_index=67 cpu_pipeline_ms=315.189 gpu_pipeline_ms=28.5483 cpu_resource_sampling_overhead_ms=0.178321 gpu_resource_sampling_overhead_ms=0.03232 semantic_gates=16/16 timing_direct=true resource_overhead_excluded=true step_sum_used=false status=PASS
sample_index=68 cpu_pipeline_ms=328.672 gpu_pipeline_ms=29.2049 cpu_resource_sampling_overhead_ms=0.237693 gpu_resource_sampling_overhead_ms=0.032971 semantic_gates=16/16 timing_direct=true resource_overhead_excluded=true step_sum_used=false status=PASS
sample_index=69 cpu_pipeline_ms=318.241 gpu_pipeline_ms=28.7713 cpu_resource_sampling_overhead_ms=0.198254 gpu_resource_sampling_overhead_ms=0.03244 semantic_gates=16/16 timing_direct=true resource_overhead_excluded=true step_sum_used=false status=PASS
sample_index=70 cpu_pipeline_ms=323.302 gpu_pipeline_ms=28.6174 cpu_resource_sampling_overhead_ms=0.179364 gpu_resource_sampling_overhead_ms=0.03158 semantic_gates=16/16 timing_direct=true resource_overhead_excluded=true step_sum_used=false status=PASS
sample_index=71 cpu_pipeline_ms=313.841 gpu_pipeline_ms=28.5175 cpu_resource_sampling_overhead_ms=0.198612 gpu_resource_sampling_overhead_ms=0.032431 semantic_gates=16/16 timing_direct=true resource_overhead_excluded=true step_sum_used=false status=PASS
sample_index=72 cpu_pipeline_ms=333.992 gpu_pipeline_ms=32.7492 cpu_resource_sampling_overhead_ms=0.252655 gpu_resource_sampling_overhead_ms=0.03811 semantic_gates=16/16 timing_direct=true resource_overhead_excluded=true step_sum_used=false status=PASS
sample_index=73 cpu_pipeline_ms=323.07 gpu_pipeline_ms=29.739 cpu_resource_sampling_overhead_ms=0.219943 gpu_resource_sampling_overhead_ms=0.0337 semantic_gates=16/16 timing_direct=true resource_overhead_excluded=true step_sum_used=false status=PASS
sample_index=74 cpu_pipeline_ms=317.975 gpu_pipeline_ms=28.7989 cpu_resource_sampling_overhead_ms=0.217163 gpu_resource_sampling_overhead_ms=0.03202 semantic_gates=16/16 timing_direct=true resource_overhead_excluded=true step_sum_used=false status=PASS
sample_index=75 cpu_pipeline_ms=315.712 gpu_pipeline_ms=28.5805 cpu_resource_sampling_overhead_ms=0.171424 gpu_resource_sampling_overhead_ms=0.031571 semantic_gates=16/16 timing_direct=true resource_overhead_excluded=true step_sum_used=false status=PASS
sample_index=76 cpu_pipeline_ms=324.318 gpu_pipeline_ms=28.5849 cpu_resource_sampling_overhead_ms=0.177641 gpu_resource_sampling_overhead_ms=0.03294 semantic_gates=16/16 timing_direct=true resource_overhead_excluded=true step_sum_used=false status=PASS
sample_index=77 cpu_pipeline_ms=313.749 gpu_pipeline_ms=28.6311 cpu_resource_sampling_overhead_ms=0.191733 gpu_resource_sampling_overhead_ms=0.03162 semantic_gates=16/16 timing_direct=true resource_overhead_excluded=true step_sum_used=false status=PASS
sample_index=78 cpu_pipeline_ms=316.813 gpu_pipeline_ms=28.7498 cpu_resource_sampling_overhead_ms=0.198073 gpu_resource_sampling_overhead_ms=0.03246 semantic_gates=16/16 timing_direct=true resource_overhead_excluded=true step_sum_used=false status=PASS
sample_index=79 cpu_pipeline_ms=327.544 gpu_pipeline_ms=28.8078 cpu_resource_sampling_overhead_ms=0.184962 gpu_resource_sampling_overhead_ms=0.03202 semantic_gates=16/16 timing_direct=true resource_overhead_excluded=true step_sum_used=false status=PASS
sample_index=80 cpu_pipeline_ms=316.517 gpu_pipeline_ms=28.835 cpu_resource_sampling_overhead_ms=0.209963 gpu_resource_sampling_overhead_ms=0.03361 semantic_gates=16/16 timing_direct=true resource_overhead_excluded=true step_sum_used=false status=PASS
sample_index=81 cpu_pipeline_ms=315.851 gpu_pipeline_ms=28.5828 cpu_resource_sampling_overhead_ms=0.171592 gpu_resource_sampling_overhead_ms=0.031411 semantic_gates=16/16 timing_direct=true resource_overhead_excluded=true step_sum_used=false status=PASS
sample_index=82 cpu_pipeline_ms=321.788 gpu_pipeline_ms=28.9678 cpu_resource_sampling_overhead_ms=0.204742 gpu_resource_sampling_overhead_ms=0.03238 semantic_gates=16/16 timing_direct=true resource_overhead_excluded=true step_sum_used=false status=PASS
sample_index=83 cpu_pipeline_ms=319.292 gpu_pipeline_ms=28.6083 cpu_resource_sampling_overhead_ms=0.182104 gpu_resource_sampling_overhead_ms=0.032191 semantic_gates=16/16 timing_direct=true resource_overhead_excluded=true step_sum_used=false status=PASS
sample_index=84 cpu_pipeline_ms=340.75 gpu_pipeline_ms=28.7174 cpu_resource_sampling_overhead_ms=0.188703 gpu_resource_sampling_overhead_ms=0.0329 semantic_gates=16/16 timing_direct=true resource_overhead_excluded=true step_sum_used=false status=PASS
sample_index=85 cpu_pipeline_ms=320.223 gpu_pipeline_ms=28.8554 cpu_resource_sampling_overhead_ms=0.214293 gpu_resource_sampling_overhead_ms=0.03267 semantic_gates=16/16 timing_direct=true resource_overhead_excluded=true step_sum_used=false status=PASS
sample_index=86 cpu_pipeline_ms=324.719 gpu_pipeline_ms=28.5442 cpu_resource_sampling_overhead_ms=0.199824 gpu_resource_sampling_overhead_ms=0.03178 semantic_gates=16/16 timing_direct=true resource_overhead_excluded=true step_sum_used=false status=PASS
sample_index=87 cpu_pipeline_ms=325.742 gpu_pipeline_ms=28.6207 cpu_resource_sampling_overhead_ms=0.180311 gpu_resource_sampling_overhead_ms=0.031661 semantic_gates=16/16 timing_direct=true resource_overhead_excluded=true step_sum_used=false status=PASS
sample_index=88 cpu_pipeline_ms=314.594 gpu_pipeline_ms=28.5565 cpu_resource_sampling_overhead_ms=0.170672 gpu_resource_sampling_overhead_ms=0.03169 semantic_gates=16/16 timing_direct=true resource_overhead_excluded=true step_sum_used=false status=PASS
sample_index=89 cpu_pipeline_ms=319.055 gpu_pipeline_ms=28.5236 cpu_resource_sampling_overhead_ms=0.183673 gpu_resource_sampling_overhead_ms=0.03173 semantic_gates=16/16 timing_direct=true resource_overhead_excluded=true step_sum_used=false status=PASS
sample_index=90 cpu_pipeline_ms=315.089 gpu_pipeline_ms=28.7592 cpu_resource_sampling_overhead_ms=0.191582 gpu_resource_sampling_overhead_ms=0.03135 semantic_gates=16/16 timing_direct=true resource_overhead_excluded=true step_sum_used=false status=PASS
sample_index=91 cpu_pipeline_ms=318.629 gpu_pipeline_ms=28.8216 cpu_resource_sampling_overhead_ms=0.241902 gpu_resource_sampling_overhead_ms=0.032731 semantic_gates=16/16 timing_direct=true resource_overhead_excluded=true step_sum_used=false status=PASS
sample_index=92 cpu_pipeline_ms=317.933 gpu_pipeline_ms=28.582 cpu_resource_sampling_overhead_ms=0.18153 gpu_resource_sampling_overhead_ms=0.031711 semantic_gates=16/16 timing_direct=true resource_overhead_excluded=true step_sum_used=false status=PASS
sample_index=93 cpu_pipeline_ms=318.472 gpu_pipeline_ms=28.7015 cpu_resource_sampling_overhead_ms=0.183194 gpu_resource_sampling_overhead_ms=0.031861 semantic_gates=16/16 timing_direct=true resource_overhead_excluded=true step_sum_used=false status=PASS
sample_index=94 cpu_pipeline_ms=315.176 gpu_pipeline_ms=28.7493 cpu_resource_sampling_overhead_ms=0.191401 gpu_resource_sampling_overhead_ms=0.03174 semantic_gates=16/16 timing_direct=true resource_overhead_excluded=true step_sum_used=false status=PASS
sample_index=95 cpu_pipeline_ms=319.821 gpu_pipeline_ms=28.7552 cpu_resource_sampling_overhead_ms=0.201723 gpu_resource_sampling_overhead_ms=0.032621 semantic_gates=16/16 timing_direct=true resource_overhead_excluded=true step_sum_used=false status=PASS
sample_index=96 cpu_pipeline_ms=310.624 gpu_pipeline_ms=28.6155 cpu_resource_sampling_overhead_ms=0.16752 gpu_resource_sampling_overhead_ms=0.03133 semantic_gates=16/16 timing_direct=true resource_overhead_excluded=true step_sum_used=false status=PASS
sample_index=97 cpu_pipeline_ms=310.752 gpu_pipeline_ms=28.8934 cpu_resource_sampling_overhead_ms=0.244332 gpu_resource_sampling_overhead_ms=0.03173 semantic_gates=16/16 timing_direct=true resource_overhead_excluded=true step_sum_used=false status=PASS
sample_index=98 cpu_pipeline_ms=320.669 gpu_pipeline_ms=28.7865 cpu_resource_sampling_overhead_ms=0.174523 gpu_resource_sampling_overhead_ms=0.03234 semantic_gates=16/16 timing_direct=true resource_overhead_excluded=true step_sum_used=false status=PASS
sample_index=99 cpu_pipeline_ms=312.974 gpu_pipeline_ms=28.5711 cpu_resource_sampling_overhead_ms=0.169202 gpu_resource_sampling_overhead_ms=0.031311 semantic_gates=16/16 timing_direct=true resource_overhead_excluded=true step_sum_used=false status=PASS
function=Task2 frozen full six-step pipeline
call_chain=Step1->Step2;Step2+Step1->Step3;Step3 dual outputs->Step4;Step4->Step5;Step5+Step4+Kalman/delay->Step6
timing=pipeline_total measured directly;not=sum(step timings)
cpu_correlation_method=direct_parallel_exact workers=255
resource_sampling_mode=same_pipeline_execution
status=PASS return_code=0
