command=build_stage08_b06_csd_336d860e7e54/stage08_spectral_analysis_csd --dtype INT16 --nx 1024 --ny 900 --fs 256 --nperseg 64 --noverlap 32 --nfft 64 --detrend constant --scaling density --average mean --seed 86140002 --warmup 20 --measured 100 --output /tmp/ZKX_dev/results/stage08_input_preview_b06_csd_9b01dadd36f6/formal/20260810T085558Z_9b01dadd36f6_stage08_b06_formal_8671000a/csd_probe_raw.json
{"run_id": "20260810T085558Z_9b01dadd36f6_stage08_b06_formal_8671000a", "case_id": "csd__csd_int16_10e3__9f465f616190af66", "operator_name": "csd", "scale_id": "csd_int16_10e3", "requested_dtype": "INT16", "output_dtype": "ComplexFP32", "backend": "fft_thrust", "nperseg": 64, "noverlap": 32, "nfft": 64, "detrend": "constant", "scaling": "density", "average": "mean", "frequency_count": 33, "warmup_runs": 20, "measured_runs": 100, "mse": 4.67666e-17, "rmse": 6.83861e-09, "relative_l2": 1.59042e-10, "relative_linf": 4.65661e-10, "status": "PASS", "error_code": "OK"}
[stage08] identity and status
+--------+----------------+--------+------------+-------+--------+----------+--------------------------+--------+------------+
| target | scale_id       | device | backend    | dtype | warmup | measured | timing_scope             | status | error_code |
+--------+----------------+--------+------------+-------+--------+----------+--------------------------+--------+------------+
| csd    | csd_int16_10e3 | CPU    | fft_thrust | INT16 | 20     | 100      | compatibility/end-to-end | PASS   | OK         |
| csd    | csd_int16_10e3 | GPU    | fft_thrust | INT16 | 20     | 100      | compatibility/end-to-end | PASS   | OK         |
+--------+----------------+--------+------------+-------+--------+----------+--------------------------+--------+------------+

[stage08] timing detail
+--------+--------------------+--------------------+--------------------+--------------------+----------+----------+----------------------+-----------------------+-------------------+
| device | mean_ms            | p50_ms             | p95_ms             | p99_ms             | min_ms   | max_ms   | std_ms               | cv                    | speedup           |
+--------+--------------------+--------------------+--------------------+--------------------+----------+----------+----------------------+-----------------------+-------------------+
| CPU    | 5.1658456699999995 | 5.164612999999999  | 5.1754880000000005 | 5.18404881         | 5.157389 | 5.187198 | 0.005564627745060793 | 0.0010771958940579023 | NA                |
| GPU    | 1.04629197         | 1.0430955000000002 | 1.083672           | 1.1126129000000002 | 1.013736 | 1.177646 | 0.022363576844706662 | 0.02137412642544381   | 4.937288842998575 |
+--------+--------------------+--------------------+--------------------+--------------------+----------+----------+----------------------+-----------------------+-------------------+

[stage08] accuracy detail
+--------------------+-------------+-------------+-------------+---------------+-------------+----------------+----------------------------------------------+--------+
| accuracy_reference | mse         | rmse        | relative_l2 | relative_linf | exact_match | mismatch_count | semantic_check                               | status |
+--------------------+-------------+-------------+-------------+---------------+-------------+----------------+----------------------------------------------+--------+
| cpu_csd_direct_dft | 4.67666e-17 | 6.83861e-09 | 1.59042e-10 | 4.65661e-10   | NA          | NA             | segmented_cross_spectrum_frequency_and_dtype | PASS   |
+--------------------+-------------+-------------+-------------+---------------+-------------+----------------+----------------------------------------------+--------+

[stage08] resource detail
+--------+------------+--------------+-------------+------------+-------------+
| device | metric     | before_bytes | after_bytes | peak_bytes | delta_bytes |
+--------+------------+--------------+-------------+------------+-------------+
| CPU    | cpu_heap   | 1485952      | 1496112     | 1496112    | 10160       |
| CPU    | rss        | 70057984     | 70057984    | 70057984   | 0           |
| GPU    | cpu_heap   | 1496112      | 1499136     | 1500160    | 3024        |
| GPU    | rss        | 70057984     | 70057984    | 70057984   | 0           |
| GPU    | gpu_memory | 357777408    | 357777408   | 357777408  | 0           |
+--------+------------+--------------+-------------+------------+-------------+

[stage08] input/output identity
+--------+------------------------------------------------------------------+------------------------------------------------------------------+
| device | input_digest                                                     | output_digest                                                    |
+--------+------------------------------------------------------------------+------------------------------------------------------------------+
| CPU    | 9f465f616190af66ae87ee0a734c3f87a9e1977df33d08bdc08215550cb85030 | 2718214343b283cbec9f1f2e994f7504387f71265c69a2ab0de6ea40542561f8 |
| GPU    | 9f465f616190af66ae87ee0a734c3f87a9e1977df33d08bdc08215550cb85030 | d0c2e188fa7b5b007b406738f856af8c56f721f4bcbe3f985b14b1c0217f45f3 |
+--------+------------------------------------------------------------------+------------------------------------------------------------------+

[stage08] input content
+------------+--------+-------+----------+--------------------------------------------------------------------+----------------------------------------------+
| input_name | shape  | dtype | elements | generator                                                          | values(head4/tail2)                          |
+------------+--------+-------+----------+--------------------------------------------------------------------+----------------------------------------------+
| x          | [1024] | INT16 | 1024     | spectral_modular_plus_periodic_offset(seed=86140002,integral=true) | i=0:-2;i=1:4;i=2:-1;i=3:5;i=1022:3;i=1023:-2 |
| y          | [900]  | INT16 | 900      | spectral_modular_plus_periodic_offset(seed=86140003,integral=true) | i=0:-1;i=1:5;i=2:0;i=3:-5;i=898:-3;i=899:3   |
+------------+--------+-------+----------+--------------------------------------------------------------------+----------------------------------------------+

[stage08] case parameters
+----------------------------------------------------------------------------------------------------------------------------------------------------------------------------+
| parameters                                                                                                                                                                 |
+----------------------------------------------------------------------------------------------------------------------------------------------------------------------------+
| {"average":"mean","detrend":"constant","dtype":"INT16","fs":"256","nfft":"64","noverlap":"32","nperseg":"64","nx":"1024","ny":"900","scaling":"density","seed":"86140002"} |
+----------------------------------------------------------------------------------------------------------------------------------------------------------------------------+

[stage08] dtype evidence
+-----------------+--------------------+--------------+------------------------------------------------------------------+--------+
| requested_dtype | config_input_dtype | output_dtype | actual_input_digest                                              | status |
+-----------------+--------------------+--------------+------------------------------------------------------------------+--------+
| INT16           | NA                 | ComplexFP32  | 9f465f616190af66ae87ee0a734c3f87a9e1977df33d08bdc08215550cb85030 | PASS   |
+-----------------+--------------------+--------------+------------------------------------------------------------------+--------+

[stage08] evidence files
+----------------+---------------------------------------------------------------------------------------------------------------------------------------------------------------------------------------------------------------------------------------+
| kind           | path                                                                                                                                                                                                                                  |
+----------------+---------------------------------------------------------------------------------------------------------------------------------------------------------------------------------------------------------------------------------------+
| probe_raw_json | /tmp/ZKX_dev/results/stage08_input_preview_b06_csd_9b01dadd36f6/formal/20260810T085558Z_9b01dadd36f6_stage08_b06_formal_8671000a/csd_probe_raw.json                                                                                   |
| full_log       | /tmp/ZKX_dev/results/stage08_input_preview_b06_csd_9b01dadd36f6/formal/20260810T085558Z_9b01dadd36f6_stage08_b06_formal_8671000a/operator_csd_full.log                                                                                |
| report_json    | /tmp/ZKX_dev/results/stage08_input_preview_b06_csd_9b01dadd36f6/formal/20260810T085558Z_9b01dadd36f6_stage08_b06_formal_8671000a/operator_csd_report.json                                                                             |
| summary_txt    | /tmp/ZKX_dev/results/stage08_input_preview_b06_csd_9b01dadd36f6/formal/20260810T085558Z_9b01dadd36f6_stage08_b06_formal_8671000a/operator_csd_summary.txt                                                                             |
| dtype_csv      | /tmp/ZKX_dev/results/stage08_input_preview_b06_csd_9b01dadd36f6/formal/20260810T085558Z_9b01dadd36f6_stage08_b06_formal_8671000a/operator_dtype_evidence_csd_fft_thrust_20260810T085558Z_9b01dadd36f6_stage08_b06_formal_8671000a.csv |
| main_csv       | /tmp/ZKX_dev/results/stage08_input_preview_b06_csd_9b01dadd36f6/formal/20260810T085558Z_9b01dadd36f6_stage08_b06_formal_8671000a/operator_main_results_csd_fft_thrust_20260810T085558Z_9b01dadd36f6_stage08_b06_formal_8671000a.csv   |
| memory_csv     | /tmp/ZKX_dev/results/stage08_input_preview_b06_csd_9b01dadd36f6/formal/20260810T085558Z_9b01dadd36f6_stage08_b06_formal_8671000a/operator_spectral_analysis_csd_memory_trace_fft_thrust.csv                                           |
| timing_csv     | /tmp/ZKX_dev/results/stage08_input_preview_b06_csd_9b01dadd36f6/formal/20260810T085558Z_9b01dadd36f6_stage08_b06_formal_8671000a/operator_timing_samples_csd_fft_thrust_20260810T085558Z_9b01dadd36f6_stage08_b06_formal_8671000a.csv |
+----------------+---------------------------------------------------------------------------------------------------------------------------------------------------------------------------------------------------------------------------------------+
