command=build_stage07_b05_correlate_2836c8d/stage07_correlate --dtype INT32 --count 1024 --reference-count 31 --frame 64 --hop 32 --warmup 20 --measured 100 --output /tmp/ZKX_dev/results/stage07_b05_formal_2836c8d/formal/20260810T105112Z_2836c8dc200d_stage07_b05_formal_1334d7a0/correlate_probe_raw.json
STAGE07_TASK_FEATURE_PROBE PASS operator=correlate dtype=INT32
{"run_id": "20260810T105112Z_2836c8dc200d_stage07_b05_formal_1334d7a0", "case_id": "correlate__correlate_int32_10e3__f568f5e20f0542a0", "operator_name": "correlate", "task_name": "Task2", "step_name": "Step4", "scale_id": "correlate_int32_10e3", "requested_dtype": "INT32", "input_content": [{"input_name": "signal", "shape": "[1024]", "dtype": "INT32", "element_count": "1024", "generator": "task2_signal_mixture", "preview_head4_tail2": "i=0:2;i=1:2;i=2:3;i=3:2;i=1022:-1;i=1023:0"}, {"input_name": "reference", "shape": "[31]", "dtype": "INT32", "element_count": "31", "generator": "task2_reference_template", "preview_head4_tail2": "i=0:2;i=1:3;i=2:2;i=3:2;i=29:2;i=30:3"}], "case_parameters": {"signal_count": 1024, "reference_count": 31, "mode": "same", "output_count": 1024}, "output_dtype": "INT32", "backend": "not_applicable", "warmup_runs": 20, "measured_runs": 100, "output_count": 1024, "mse": 0, "rmse": 0, "relative_l2": 0, "relative_linf": 0, "actual_input_digest": "f568f5e20f0542a0292cf4cb20c63840622fac3fb80b16659dfaf5f37cf383d7", "typed_array_digest": "c0546ae901ce24fbead1a54ffbd02e224383516ec30ffe00975310821fbd379d", "status": "PASS", "error_code": "OK"}
[stage07] identity and status
+-----------+----------------------+--------+----------------+-------+--------+----------+--------------------------+--------+------------+
| target    | scale_id             | device | backend        | dtype | warmup | measured | timing_scope             | status | error_code |
+-----------+----------------------+--------+----------------+-------+--------+----------+--------------------------+--------+------------+
| correlate | correlate_int32_10e3 | CPU    | not_applicable | INT32 | 20     | 100      | compatibility/end-to-end | PASS   | OK         |
| correlate | correlate_int32_10e3 | GPU    | not_applicable | INT32 | 20     | 100      | compatibility/end-to-end | PASS   | OK         |
+-----------+----------------------+--------+----------------+-------+--------+----------+--------------------------+--------+------------+

[stage07] timing detail
+--------+------------+-----------+---------------------+--------------------+----------+----------+----------------------+---------------------+------------------+
| device | mean_ms    | p50_ms    | p95_ms              | p99_ms             | min_ms   | max_ms   | std_ms               | cv                  | speedup          |
+--------+------------+-----------+---------------------+--------------------+----------+----------+----------------------+---------------------+------------------+
| CPU    | 0.58309921 | 0.5785515 | 0.592885            | 0.6525235600000007 | 0.577367 | 0.770785 | 0.020588102002999216 | 0.03530806018927588 | NA               |
| GPU    | 0.28924561 | 0.284568  | 0.30278904999999995 | 0.3574342600000006 | 0.278182 | 0.481012 | 0.022250826926159397 | 0.07692710332287982 | 2.01593106287767 |
+--------+------------+-----------+---------------------+--------------------+----------+----------+----------------------+---------------------+------------------+

[stage07] accuracy detail
+---------------------------------+-----+------+-------------+---------------+-------------+----------------+------------------------------------------------------------+--------+
| reference                       | mse | rmse | relative_l2 | relative_linf | exact_match | mismatch_count | semantic_check                                             | status |
+---------------------------------+-----+------+-------------+---------------+-------------+----------------+------------------------------------------------------------+--------+
| typed_cpu_task2_step4_reference | 0   | 0    | 0           | 0             | true        | 0              | output_count=1024;output_dtype=INT32;task_gpu_call=present | PASS   |
+---------------------------------+-----+------+-------------+---------------+-------------+----------------+------------------------------------------------------------+--------+

[stage07] resource detail
+--------+------------+--------------+-------------+------------+-------------+
| device | metric     | before_bytes | after_bytes | peak_bytes | delta_bytes |
+--------+------------+--------------+-------------+------------+-------------+
| CPU    | cpu_heap   | 1401440      | 1408784     | 1408784    | 7344        |
| CPU    | rss        | 70144000     | 70463488    | 70463488   | 319488      |
| GPU    | cpu_heap   | 1408784      | 1411984     | 1411984    | 3200        |
| GPU    | rss        | 70463488     | 70463488    | 70463488   | 0           |
| GPU    | gpu_memory | 341000192    | 341000192   | 341000192  | 0           |
+--------+------------+--------------+-------------+------------+-------------+

[stage07] input content
+------------+--------+-------+----------+--------------------------+--------------------------------------------+
| input_name | shape  | dtype | elements | generator                | values(head4/tail2)                        |
+------------+--------+-------+----------+--------------------------+--------------------------------------------+
| signal     | [1024] | INT32 | 1024     | task2_signal_mixture     | i=0:2;i=1:2;i=2:3;i=3:2;i=1022:-1;i=1023:0 |
| reference  | [31]   | INT32 | 31       | task2_reference_template | i=0:2;i=1:3;i=2:2;i=3:2;i=29:2;i=30:3      |
+------------+--------+-------+----------+--------------------------+--------------------------------------------+

[stage07] case parameters
+------------------------------------------------------------------------------+
| parameters                                                                   |
+------------------------------------------------------------------------------+
| {"mode":"same","output_count":1024,"reference_count":31,"signal_count":1024} |
+------------------------------------------------------------------------------+

[stage07] input and output identity
+--------+------------------------------------------------------------------+------------------------------------------------------------------+
| device | input_digest                                                     | output_digest                                                    |
+--------+------------------------------------------------------------------+------------------------------------------------------------------+
| CPU    | f568f5e20f0542a0292cf4cb20c63840622fac3fb80b16659dfaf5f37cf383d7 | 435ad715bd2ab7674cece97d2a2a8e4bac68c4c5c8c657107cd153bb070dd0ff |
| GPU    | f568f5e20f0542a0292cf4cb20c63840622fac3fb80b16659dfaf5f37cf383d7 | 435ad715bd2ab7674cece97d2a2a8e4bac68c4c5c8c657107cd153bb070dd0ff |
+--------+------------------------------------------------------------------+------------------------------------------------------------------+

[stage07] dtype evidence
+-----------------+--------------------+--------------+------------------------------------------------------------------+------------------------------------------------------------------+----------------------+
| requested_dtype | config_input_dtype | output_dtype | typed_array_digest                                               | actual_input_digest                                              | task_gpu_call_status |
+-----------------+--------------------+--------------+------------------------------------------------------------------+------------------------------------------------------------------+----------------------+
| INT32           | INT32              | INT32        | c0546ae901ce24fbead1a54ffbd02e224383516ec30ffe00975310821fbd379d | f568f5e20f0542a0292cf4cb20c63840622fac3fb80b16659dfaf5f37cf383d7 | proved_gpu_cpu       |
+-----------------+--------------------+--------------+------------------------------------------------------------------+------------------------------------------------------------------+----------------------+

[stage07] evidence files
+-------------+---------------------------------------------------------------------------------------------------------------------------------------------------------------------------------------------------------------------------------+
| kind        | path                                                                                                                                                                                                                            |
+-------------+---------------------------------------------------------------------------------------------------------------------------------------------------------------------------------------------------------------------------------+
| main_csv    | /tmp/ZKX_dev/results/stage07_b05_formal_2836c8d/formal/20260810T105112Z_2836c8dc200d_stage07_b05_formal_1334d7a0/operator_main_results_correlate_not_applicable_20260810T105112Z_2836c8dc200d_stage07_b05_formal_1334d7a0.csv   |
| timing_csv  | /tmp/ZKX_dev/results/stage07_b05_formal_2836c8d/formal/20260810T105112Z_2836c8dc200d_stage07_b05_formal_1334d7a0/operator_timing_samples_correlate_not_applicable_20260810T105112Z_2836c8dc200d_stage07_b05_formal_1334d7a0.csv |
| memory_csv  | /tmp/ZKX_dev/results/stage07_b05_formal_2836c8d/formal/20260810T105112Z_2836c8dc200d_stage07_b05_formal_1334d7a0/operator_convolution_correlate_memory_trace_not_applicable.csv                                                 |
| dtype_csv   | /tmp/ZKX_dev/results/stage07_b05_formal_2836c8d/formal/20260810T105112Z_2836c8dc200d_stage07_b05_formal_1334d7a0/operator_dtype_evidence_correlate_not_applicable_20260810T105112Z_2836c8dc200d_stage07_b05_formal_1334d7a0.csv |
| report_json | /tmp/ZKX_dev/results/stage07_b05_formal_2836c8d/formal/20260810T105112Z_2836c8dc200d_stage07_b05_formal_1334d7a0/operator_correlate_report.json                                                                                 |
| summary_txt | /tmp/ZKX_dev/results/stage07_b05_formal_2836c8d/formal/20260810T105112Z_2836c8dc200d_stage07_b05_formal_1334d7a0/operator_correlate_summary.txt                                                                                 |
| full_log    | /tmp/ZKX_dev/results/stage07_b05_formal_2836c8d/formal/20260810T105112Z_2836c8dc200d_stage07_b05_formal_1334d7a0/operator_correlate_full.log                                                                                    |
| result_dir  | /tmp/ZKX_dev/results/stage07_b05_formal_2836c8d/formal/20260810T105112Z_2836c8dc200d_stage07_b05_formal_1334d7a0                                                                                                                |
+-------------+---------------------------------------------------------------------------------------------------------------------------------------------------------------------------------------------------------------------------------+
