sample_index=0 cpu_pipeline_ms=325.326 gpu_pipeline_ms=29.4497 cpu_resource_sampling_overhead_ms=0.254412 gpu_resource_sampling_overhead_ms=0.03278 semantic_gates=16/16 timing_direct=true resource_overhead_excluded=true step_sum_used=false status=PASS
sample_index=1 cpu_pipeline_ms=315.6 gpu_pipeline_ms=28.9327 cpu_resource_sampling_overhead_ms=0.170162 gpu_resource_sampling_overhead_ms=0.03233 semantic_gates=16/16 timing_direct=true resource_overhead_excluded=true step_sum_used=false status=PASS
sample_index=2 cpu_pipeline_ms=326.446 gpu_pipeline_ms=29.342 cpu_resource_sampling_overhead_ms=0.184764 gpu_resource_sampling_overhead_ms=0.032681 semantic_gates=16/16 timing_direct=true resource_overhead_excluded=true step_sum_used=false status=PASS
sample_index=3 cpu_pipeline_ms=317.716 gpu_pipeline_ms=28.7967 cpu_resource_sampling_overhead_ms=0.165971 gpu_resource_sampling_overhead_ms=0.0323 semantic_gates=16/16 timing_direct=true resource_overhead_excluded=true step_sum_used=false status=PASS
sample_index=4 cpu_pipeline_ms=314.813 gpu_pipeline_ms=28.9994 cpu_resource_sampling_overhead_ms=0.197551 gpu_resource_sampling_overhead_ms=0.032102 semantic_gates=16/16 timing_direct=true resource_overhead_excluded=true step_sum_used=false status=PASS
sample_index=5 cpu_pipeline_ms=322.73 gpu_pipeline_ms=28.7055 cpu_resource_sampling_overhead_ms=0.174862 gpu_resource_sampling_overhead_ms=0.03237 semantic_gates=16/16 timing_direct=true resource_overhead_excluded=true step_sum_used=false status=PASS
sample_index=6 cpu_pipeline_ms=313.987 gpu_pipeline_ms=30.0487 cpu_resource_sampling_overhead_ms=0.206991 gpu_resource_sampling_overhead_ms=0.03306 semantic_gates=16/16 timing_direct=true resource_overhead_excluded=true step_sum_used=false status=PASS
sample_index=7 cpu_pipeline_ms=315.369 gpu_pipeline_ms=29.1074 cpu_resource_sampling_overhead_ms=0.222373 gpu_resource_sampling_overhead_ms=0.033261 semantic_gates=16/16 timing_direct=true resource_overhead_excluded=true step_sum_used=false status=PASS
sample_index=8 cpu_pipeline_ms=315.931 gpu_pipeline_ms=29.3273 cpu_resource_sampling_overhead_ms=0.227871 gpu_resource_sampling_overhead_ms=0.03241 semantic_gates=16/16 timing_direct=true resource_overhead_excluded=true step_sum_used=false status=PASS
sample_index=9 cpu_pipeline_ms=328.874 gpu_pipeline_ms=28.9452 cpu_resource_sampling_overhead_ms=0.183224 gpu_resource_sampling_overhead_ms=0.03181 semantic_gates=16/16 timing_direct=true resource_overhead_excluded=true step_sum_used=false status=PASS
sample_index=10 cpu_pipeline_ms=326.111 gpu_pipeline_ms=29.3872 cpu_resource_sampling_overhead_ms=0.229273 gpu_resource_sampling_overhead_ms=0.03316 semantic_gates=16/16 timing_direct=true resource_overhead_excluded=true step_sum_used=false status=PASS
sample_index=11 cpu_pipeline_ms=349.671 gpu_pipeline_ms=28.9499 cpu_resource_sampling_overhead_ms=0.181101 gpu_resource_sampling_overhead_ms=0.03205 semantic_gates=16/16 timing_direct=true resource_overhead_excluded=true step_sum_used=false status=PASS
sample_index=12 cpu_pipeline_ms=314.326 gpu_pipeline_ms=28.9726 cpu_resource_sampling_overhead_ms=0.188152 gpu_resource_sampling_overhead_ms=0.03261 semantic_gates=16/16 timing_direct=true resource_overhead_excluded=true step_sum_used=false status=PASS
sample_index=13 cpu_pipeline_ms=317.135 gpu_pipeline_ms=28.9159 cpu_resource_sampling_overhead_ms=0.205102 gpu_resource_sampling_overhead_ms=0.03201 semantic_gates=16/16 timing_direct=true resource_overhead_excluded=true step_sum_used=false status=PASS
sample_index=14 cpu_pipeline_ms=313.474 gpu_pipeline_ms=28.8105 cpu_resource_sampling_overhead_ms=0.178114 gpu_resource_sampling_overhead_ms=0.032441 semantic_gates=16/16 timing_direct=true resource_overhead_excluded=true step_sum_used=false status=PASS
sample_index=15 cpu_pipeline_ms=312.543 gpu_pipeline_ms=28.9002 cpu_resource_sampling_overhead_ms=0.193483 gpu_resource_sampling_overhead_ms=0.03289 semantic_gates=16/16 timing_direct=true resource_overhead_excluded=true step_sum_used=false status=PASS
sample_index=16 cpu_pipeline_ms=317.685 gpu_pipeline_ms=29.096 cpu_resource_sampling_overhead_ms=0.235213 gpu_resource_sampling_overhead_ms=0.03288 semantic_gates=16/16 timing_direct=true resource_overhead_excluded=true step_sum_used=false status=PASS
sample_index=17 cpu_pipeline_ms=311.622 gpu_pipeline_ms=31.3975 cpu_resource_sampling_overhead_ms=0.199202 gpu_resource_sampling_overhead_ms=0.03554 semantic_gates=16/16 timing_direct=true resource_overhead_excluded=true step_sum_used=false status=PASS
sample_index=18 cpu_pipeline_ms=312.063 gpu_pipeline_ms=29.125 cpu_resource_sampling_overhead_ms=0.198071 gpu_resource_sampling_overhead_ms=0.0326 semantic_gates=16/16 timing_direct=true resource_overhead_excluded=true step_sum_used=false status=PASS
sample_index=19 cpu_pipeline_ms=310.666 gpu_pipeline_ms=29.089 cpu_resource_sampling_overhead_ms=0.193764 gpu_resource_sampling_overhead_ms=0.032171 semantic_gates=16/16 timing_direct=true resource_overhead_excluded=true step_sum_used=false status=PASS
sample_index=20 cpu_pipeline_ms=314.716 gpu_pipeline_ms=28.9621 cpu_resource_sampling_overhead_ms=0.227823 gpu_resource_sampling_overhead_ms=0.03407 semantic_gates=16/16 timing_direct=true resource_overhead_excluded=true step_sum_used=false status=PASS
sample_index=21 cpu_pipeline_ms=317.331 gpu_pipeline_ms=30.3262 cpu_resource_sampling_overhead_ms=0.240701 gpu_resource_sampling_overhead_ms=0.03393 semantic_gates=16/16 timing_direct=true resource_overhead_excluded=true step_sum_used=false status=PASS
sample_index=22 cpu_pipeline_ms=315.114 gpu_pipeline_ms=30.3219 cpu_resource_sampling_overhead_ms=0.232253 gpu_resource_sampling_overhead_ms=0.03505 semantic_gates=16/16 timing_direct=true resource_overhead_excluded=true step_sum_used=false status=PASS
sample_index=23 cpu_pipeline_ms=312.154 gpu_pipeline_ms=28.6743 cpu_resource_sampling_overhead_ms=0.189331 gpu_resource_sampling_overhead_ms=0.03125 semantic_gates=16/16 timing_direct=true resource_overhead_excluded=true step_sum_used=false status=PASS
sample_index=24 cpu_pipeline_ms=316.884 gpu_pipeline_ms=28.5227 cpu_resource_sampling_overhead_ms=0.191741 gpu_resource_sampling_overhead_ms=0.03151 semantic_gates=16/16 timing_direct=true resource_overhead_excluded=true step_sum_used=false status=PASS
sample_index=25 cpu_pipeline_ms=310.579 gpu_pipeline_ms=30.8626 cpu_resource_sampling_overhead_ms=0.242822 gpu_resource_sampling_overhead_ms=0.03364 semantic_gates=16/16 timing_direct=true resource_overhead_excluded=true step_sum_used=false status=PASS
sample_index=26 cpu_pipeline_ms=316.048 gpu_pipeline_ms=28.8299 cpu_resource_sampling_overhead_ms=0.184922 gpu_resource_sampling_overhead_ms=0.0318 semantic_gates=16/16 timing_direct=true resource_overhead_excluded=true step_sum_used=false status=PASS
sample_index=27 cpu_pipeline_ms=315.521 gpu_pipeline_ms=31.0434 cpu_resource_sampling_overhead_ms=0.249304 gpu_resource_sampling_overhead_ms=0.033291 semantic_gates=16/16 timing_direct=true resource_overhead_excluded=true step_sum_used=false status=PASS
sample_index=28 cpu_pipeline_ms=314.738 gpu_pipeline_ms=28.6896 cpu_resource_sampling_overhead_ms=0.192953 gpu_resource_sampling_overhead_ms=0.031871 semantic_gates=16/16 timing_direct=true resource_overhead_excluded=true step_sum_used=false status=PASS
sample_index=29 cpu_pipeline_ms=317.995 gpu_pipeline_ms=28.6967 cpu_resource_sampling_overhead_ms=0.166292 gpu_resource_sampling_overhead_ms=0.0318 semantic_gates=16/16 timing_direct=true resource_overhead_excluded=true step_sum_used=false status=PASS
sample_index=30 cpu_pipeline_ms=312.389 gpu_pipeline_ms=28.4972 cpu_resource_sampling_overhead_ms=0.17375 gpu_resource_sampling_overhead_ms=0.0314 semantic_gates=16/16 timing_direct=true resource_overhead_excluded=true step_sum_used=false status=PASS
sample_index=31 cpu_pipeline_ms=314.399 gpu_pipeline_ms=32.3004 cpu_resource_sampling_overhead_ms=0.197445 gpu_resource_sampling_overhead_ms=0.03816 semantic_gates=16/16 timing_direct=true resource_overhead_excluded=true step_sum_used=false status=PASS
sample_index=32 cpu_pipeline_ms=316.199 gpu_pipeline_ms=28.5601 cpu_resource_sampling_overhead_ms=0.175942 gpu_resource_sampling_overhead_ms=0.032431 semantic_gates=16/16 timing_direct=true resource_overhead_excluded=true step_sum_used=false status=PASS
sample_index=33 cpu_pipeline_ms=331.51 gpu_pipeline_ms=28.9056 cpu_resource_sampling_overhead_ms=0.19785 gpu_resource_sampling_overhead_ms=0.031331 semantic_gates=16/16 timing_direct=true resource_overhead_excluded=true step_sum_used=false status=PASS
sample_index=34 cpu_pipeline_ms=313.633 gpu_pipeline_ms=28.5118 cpu_resource_sampling_overhead_ms=0.182212 gpu_resource_sampling_overhead_ms=0.03135 semantic_gates=16/16 timing_direct=true resource_overhead_excluded=true step_sum_used=false status=PASS
sample_index=35 cpu_pipeline_ms=325.691 gpu_pipeline_ms=30.0093 cpu_resource_sampling_overhead_ms=0.230412 gpu_resource_sampling_overhead_ms=0.03291 semantic_gates=16/16 timing_direct=true resource_overhead_excluded=true step_sum_used=false status=PASS
sample_index=36 cpu_pipeline_ms=318.681 gpu_pipeline_ms=29.0408 cpu_resource_sampling_overhead_ms=0.235555 gpu_resource_sampling_overhead_ms=0.03168 semantic_gates=16/16 timing_direct=true resource_overhead_excluded=true step_sum_used=false status=PASS
sample_index=37 cpu_pipeline_ms=312.2 gpu_pipeline_ms=28.372 cpu_resource_sampling_overhead_ms=0.177763 gpu_resource_sampling_overhead_ms=0.03119 semantic_gates=16/16 timing_direct=true resource_overhead_excluded=true step_sum_used=false status=PASS
sample_index=38 cpu_pipeline_ms=318.267 gpu_pipeline_ms=28.7674 cpu_resource_sampling_overhead_ms=0.197452 gpu_resource_sampling_overhead_ms=0.03111 semantic_gates=16/16 timing_direct=true resource_overhead_excluded=true step_sum_used=false status=PASS
sample_index=39 cpu_pipeline_ms=315.023 gpu_pipeline_ms=28.7355 cpu_resource_sampling_overhead_ms=0.205524 gpu_resource_sampling_overhead_ms=0.03129 semantic_gates=16/16 timing_direct=true resource_overhead_excluded=true step_sum_used=false status=PASS
sample_index=40 cpu_pipeline_ms=315.49 gpu_pipeline_ms=28.6857 cpu_resource_sampling_overhead_ms=0.175583 gpu_resource_sampling_overhead_ms=0.031261 semantic_gates=16/16 timing_direct=true resource_overhead_excluded=true step_sum_used=false status=PASS
sample_index=41 cpu_pipeline_ms=311.91 gpu_pipeline_ms=28.5531 cpu_resource_sampling_overhead_ms=0.184761 gpu_resource_sampling_overhead_ms=0.03131 semantic_gates=16/16 timing_direct=true resource_overhead_excluded=true step_sum_used=false status=PASS
sample_index=42 cpu_pipeline_ms=322.673 gpu_pipeline_ms=28.7039 cpu_resource_sampling_overhead_ms=0.189301 gpu_resource_sampling_overhead_ms=0.0307 semantic_gates=16/16 timing_direct=true resource_overhead_excluded=true step_sum_used=false status=PASS
sample_index=43 cpu_pipeline_ms=310.583 gpu_pipeline_ms=28.7592 cpu_resource_sampling_overhead_ms=0.176832 gpu_resource_sampling_overhead_ms=0.031011 semantic_gates=16/16 timing_direct=true resource_overhead_excluded=true step_sum_used=false status=PASS
sample_index=44 cpu_pipeline_ms=333.898 gpu_pipeline_ms=33.8644 cpu_resource_sampling_overhead_ms=0.198951 gpu_resource_sampling_overhead_ms=0.039041 semantic_gates=16/16 timing_direct=true resource_overhead_excluded=true step_sum_used=false status=PASS
sample_index=45 cpu_pipeline_ms=309.44 gpu_pipeline_ms=28.7421 cpu_resource_sampling_overhead_ms=0.162311 gpu_resource_sampling_overhead_ms=0.03259 semantic_gates=16/16 timing_direct=true resource_overhead_excluded=true step_sum_used=false status=PASS
sample_index=46 cpu_pipeline_ms=315.088 gpu_pipeline_ms=29.1364 cpu_resource_sampling_overhead_ms=0.198742 gpu_resource_sampling_overhead_ms=0.03156 semantic_gates=16/16 timing_direct=true resource_overhead_excluded=true step_sum_used=false status=PASS
sample_index=47 cpu_pipeline_ms=324.844 gpu_pipeline_ms=29.7238 cpu_resource_sampling_overhead_ms=0.224063 gpu_resource_sampling_overhead_ms=0.03297 semantic_gates=16/16 timing_direct=true resource_overhead_excluded=true step_sum_used=false status=PASS
sample_index=48 cpu_pipeline_ms=318.395 gpu_pipeline_ms=29.1311 cpu_resource_sampling_overhead_ms=0.222064 gpu_resource_sampling_overhead_ms=0.03109 semantic_gates=16/16 timing_direct=true resource_overhead_excluded=true step_sum_used=false status=PASS
sample_index=49 cpu_pipeline_ms=314.629 gpu_pipeline_ms=28.4832 cpu_resource_sampling_overhead_ms=0.197322 gpu_resource_sampling_overhead_ms=0.03086 semantic_gates=16/16 timing_direct=true resource_overhead_excluded=true step_sum_used=false status=PASS
sample_index=50 cpu_pipeline_ms=323.036 gpu_pipeline_ms=28.7218 cpu_resource_sampling_overhead_ms=0.198502 gpu_resource_sampling_overhead_ms=0.03125 semantic_gates=16/16 timing_direct=true resource_overhead_excluded=true step_sum_used=false status=PASS
sample_index=51 cpu_pipeline_ms=319.312 gpu_pipeline_ms=28.5047 cpu_resource_sampling_overhead_ms=0.191411 gpu_resource_sampling_overhead_ms=0.03254 semantic_gates=16/16 timing_direct=true resource_overhead_excluded=true step_sum_used=false status=PASS
sample_index=52 cpu_pipeline_ms=315.018 gpu_pipeline_ms=28.4833 cpu_resource_sampling_overhead_ms=0.17125 gpu_resource_sampling_overhead_ms=0.03141 semantic_gates=16/16 timing_direct=true resource_overhead_excluded=true step_sum_used=false status=PASS
sample_index=53 cpu_pipeline_ms=318.134 gpu_pipeline_ms=28.5767 cpu_resource_sampling_overhead_ms=0.180872 gpu_resource_sampling_overhead_ms=0.03197 semantic_gates=16/16 timing_direct=true resource_overhead_excluded=true step_sum_used=false status=PASS
sample_index=54 cpu_pipeline_ms=315.243 gpu_pipeline_ms=28.7866 cpu_resource_sampling_overhead_ms=0.233581 gpu_resource_sampling_overhead_ms=0.03151 semantic_gates=16/16 timing_direct=true resource_overhead_excluded=true step_sum_used=false status=PASS
sample_index=55 cpu_pipeline_ms=323.931 gpu_pipeline_ms=28.5974 cpu_resource_sampling_overhead_ms=0.177071 gpu_resource_sampling_overhead_ms=0.031671 semantic_gates=16/16 timing_direct=true resource_overhead_excluded=true step_sum_used=false status=PASS
sample_index=56 cpu_pipeline_ms=313.991 gpu_pipeline_ms=28.5739 cpu_resource_sampling_overhead_ms=0.170963 gpu_resource_sampling_overhead_ms=0.03104 semantic_gates=16/16 timing_direct=true resource_overhead_excluded=true step_sum_used=false status=PASS
sample_index=57 cpu_pipeline_ms=311.233 gpu_pipeline_ms=28.6445 cpu_resource_sampling_overhead_ms=0.178713 gpu_resource_sampling_overhead_ms=0.03059 semantic_gates=16/16 timing_direct=true resource_overhead_excluded=true step_sum_used=false status=PASS
sample_index=58 cpu_pipeline_ms=316.244 gpu_pipeline_ms=28.9048 cpu_resource_sampling_overhead_ms=0.197512 gpu_resource_sampling_overhead_ms=0.03243 semantic_gates=16/16 timing_direct=true resource_overhead_excluded=true step_sum_used=false status=PASS
sample_index=59 cpu_pipeline_ms=314.392 gpu_pipeline_ms=28.4755 cpu_resource_sampling_overhead_ms=0.186551 gpu_resource_sampling_overhead_ms=0.031051 semantic_gates=16/16 timing_direct=true resource_overhead_excluded=true step_sum_used=false status=PASS
sample_index=60 cpu_pipeline_ms=317.772 gpu_pipeline_ms=28.9558 cpu_resource_sampling_overhead_ms=0.189472 gpu_resource_sampling_overhead_ms=0.031741 semantic_gates=16/16 timing_direct=true resource_overhead_excluded=true step_sum_used=false status=PASS
sample_index=61 cpu_pipeline_ms=327.642 gpu_pipeline_ms=28.6209 cpu_resource_sampling_overhead_ms=0.199873 gpu_resource_sampling_overhead_ms=0.031351 semantic_gates=16/16 timing_direct=true resource_overhead_excluded=true step_sum_used=false status=PASS
sample_index=62 cpu_pipeline_ms=313.708 gpu_pipeline_ms=28.4907 cpu_resource_sampling_overhead_ms=0.180701 gpu_resource_sampling_overhead_ms=0.030671 semantic_gates=16/16 timing_direct=true resource_overhead_excluded=true step_sum_used=false status=PASS
sample_index=63 cpu_pipeline_ms=320.885 gpu_pipeline_ms=28.6448 cpu_resource_sampling_overhead_ms=0.209513 gpu_resource_sampling_overhead_ms=0.03193 semantic_gates=16/16 timing_direct=true resource_overhead_excluded=true step_sum_used=false status=PASS
sample_index=64 cpu_pipeline_ms=312.212 gpu_pipeline_ms=28.6154 cpu_resource_sampling_overhead_ms=0.170883 gpu_resource_sampling_overhead_ms=0.03131 semantic_gates=16/16 timing_direct=true resource_overhead_excluded=true step_sum_used=false status=PASS
sample_index=65 cpu_pipeline_ms=318.848 gpu_pipeline_ms=28.8108 cpu_resource_sampling_overhead_ms=0.239904 gpu_resource_sampling_overhead_ms=0.03109 semantic_gates=16/16 timing_direct=true resource_overhead_excluded=true step_sum_used=false status=PASS
sample_index=66 cpu_pipeline_ms=313.019 gpu_pipeline_ms=28.439 cpu_resource_sampling_overhead_ms=0.182353 gpu_resource_sampling_overhead_ms=0.03212 semantic_gates=16/16 timing_direct=true resource_overhead_excluded=true step_sum_used=false status=PASS
sample_index=67 cpu_pipeline_ms=339.521 gpu_pipeline_ms=28.4989 cpu_resource_sampling_overhead_ms=0.16791 gpu_resource_sampling_overhead_ms=0.03233 semantic_gates=16/16 timing_direct=true resource_overhead_excluded=true step_sum_used=false status=PASS
sample_index=68 cpu_pipeline_ms=323.464 gpu_pipeline_ms=28.6175 cpu_resource_sampling_overhead_ms=0.183252 gpu_resource_sampling_overhead_ms=0.031561 semantic_gates=16/16 timing_direct=true resource_overhead_excluded=true step_sum_used=false status=PASS
sample_index=69 cpu_pipeline_ms=321.784 gpu_pipeline_ms=28.6047 cpu_resource_sampling_overhead_ms=0.184602 gpu_resource_sampling_overhead_ms=0.03118 semantic_gates=16/16 timing_direct=true resource_overhead_excluded=true step_sum_used=false status=PASS
sample_index=70 cpu_pipeline_ms=309.92 gpu_pipeline_ms=28.6418 cpu_resource_sampling_overhead_ms=0.185602 gpu_resource_sampling_overhead_ms=0.030671 semantic_gates=16/16 timing_direct=true resource_overhead_excluded=true step_sum_used=false status=PASS
sample_index=71 cpu_pipeline_ms=317.983 gpu_pipeline_ms=28.7909 cpu_resource_sampling_overhead_ms=0.191793 gpu_resource_sampling_overhead_ms=0.031401 semantic_gates=16/16 timing_direct=true resource_overhead_excluded=true step_sum_used=false status=PASS
sample_index=72 cpu_pipeline_ms=317.847 gpu_pipeline_ms=28.4485 cpu_resource_sampling_overhead_ms=0.189923 gpu_resource_sampling_overhead_ms=0.030671 semantic_gates=16/16 timing_direct=true resource_overhead_excluded=true step_sum_used=false status=PASS
sample_index=73 cpu_pipeline_ms=316.919 gpu_pipeline_ms=28.5021 cpu_resource_sampling_overhead_ms=0.179232 gpu_resource_sampling_overhead_ms=0.030511 semantic_gates=16/16 timing_direct=true resource_overhead_excluded=true step_sum_used=false status=PASS
sample_index=74 cpu_pipeline_ms=315.862 gpu_pipeline_ms=28.577 cpu_resource_sampling_overhead_ms=0.179692 gpu_resource_sampling_overhead_ms=0.031461 semantic_gates=16/16 timing_direct=true resource_overhead_excluded=true step_sum_used=false status=PASS
sample_index=75 cpu_pipeline_ms=307.35 gpu_pipeline_ms=28.416 cpu_resource_sampling_overhead_ms=0.169991 gpu_resource_sampling_overhead_ms=0.0313 semantic_gates=16/16 timing_direct=true resource_overhead_excluded=true step_sum_used=false status=PASS
sample_index=76 cpu_pipeline_ms=313.072 gpu_pipeline_ms=28.5812 cpu_resource_sampling_overhead_ms=0.179903 gpu_resource_sampling_overhead_ms=0.03182 semantic_gates=16/16 timing_direct=true resource_overhead_excluded=true step_sum_used=false status=PASS
sample_index=77 cpu_pipeline_ms=314.272 gpu_pipeline_ms=28.52 cpu_resource_sampling_overhead_ms=0.197103 gpu_resource_sampling_overhead_ms=0.030861 semantic_gates=16/16 timing_direct=true resource_overhead_excluded=true step_sum_used=false status=PASS
sample_index=78 cpu_pipeline_ms=312.978 gpu_pipeline_ms=29.3513 cpu_resource_sampling_overhead_ms=0.201244 gpu_resource_sampling_overhead_ms=0.03253 semantic_gates=16/16 timing_direct=true resource_overhead_excluded=true step_sum_used=false status=PASS
sample_index=79 cpu_pipeline_ms=323.459 gpu_pipeline_ms=28.9159 cpu_resource_sampling_overhead_ms=0.237721 gpu_resource_sampling_overhead_ms=0.03117 semantic_gates=16/16 timing_direct=true resource_overhead_excluded=true step_sum_used=false status=PASS
sample_index=80 cpu_pipeline_ms=315.915 gpu_pipeline_ms=28.4897 cpu_resource_sampling_overhead_ms=0.180143 gpu_resource_sampling_overhead_ms=0.03134 semantic_gates=16/16 timing_direct=true resource_overhead_excluded=true step_sum_used=false status=PASS
sample_index=81 cpu_pipeline_ms=313.147 gpu_pipeline_ms=28.7834 cpu_resource_sampling_overhead_ms=0.211962 gpu_resource_sampling_overhead_ms=0.031561 semantic_gates=16/16 timing_direct=true resource_overhead_excluded=true step_sum_used=false status=PASS
sample_index=82 cpu_pipeline_ms=312.2 gpu_pipeline_ms=28.5367 cpu_resource_sampling_overhead_ms=0.191513 gpu_resource_sampling_overhead_ms=0.03289 semantic_gates=16/16 timing_direct=true resource_overhead_excluded=true step_sum_used=false status=PASS
sample_index=83 cpu_pipeline_ms=314.882 gpu_pipeline_ms=28.8372 cpu_resource_sampling_overhead_ms=0.220275 gpu_resource_sampling_overhead_ms=0.031341 semantic_gates=16/16 timing_direct=true resource_overhead_excluded=true step_sum_used=false status=PASS
sample_index=84 cpu_pipeline_ms=340.031 gpu_pipeline_ms=28.6045 cpu_resource_sampling_overhead_ms=0.196031 gpu_resource_sampling_overhead_ms=0.03149 semantic_gates=16/16 timing_direct=true resource_overhead_excluded=true step_sum_used=false status=PASS
sample_index=85 cpu_pipeline_ms=319.648 gpu_pipeline_ms=28.7358 cpu_resource_sampling_overhead_ms=0.202722 gpu_resource_sampling_overhead_ms=0.03118 semantic_gates=16/16 timing_direct=true resource_overhead_excluded=true step_sum_used=false status=PASS
sample_index=86 cpu_pipeline_ms=320.439 gpu_pipeline_ms=28.5343 cpu_resource_sampling_overhead_ms=0.175521 gpu_resource_sampling_overhead_ms=0.031332 semantic_gates=16/16 timing_direct=true resource_overhead_excluded=true step_sum_used=false status=PASS
sample_index=87 cpu_pipeline_ms=310.902 gpu_pipeline_ms=28.6353 cpu_resource_sampling_overhead_ms=0.231034 gpu_resource_sampling_overhead_ms=0.0314 semantic_gates=16/16 timing_direct=true resource_overhead_excluded=true step_sum_used=false status=PASS
sample_index=88 cpu_pipeline_ms=312.076 gpu_pipeline_ms=28.3086 cpu_resource_sampling_overhead_ms=0.186302 gpu_resource_sampling_overhead_ms=0.03114 semantic_gates=16/16 timing_direct=true resource_overhead_excluded=true step_sum_used=false status=PASS
sample_index=89 cpu_pipeline_ms=333.538 gpu_pipeline_ms=28.6973 cpu_resource_sampling_overhead_ms=0.208301 gpu_resource_sampling_overhead_ms=0.031721 semantic_gates=16/16 timing_direct=true resource_overhead_excluded=true step_sum_used=false status=PASS
sample_index=90 cpu_pipeline_ms=315.474 gpu_pipeline_ms=28.6082 cpu_resource_sampling_overhead_ms=0.196522 gpu_resource_sampling_overhead_ms=0.03172 semantic_gates=16/16 timing_direct=true resource_overhead_excluded=true step_sum_used=false status=PASS
sample_index=91 cpu_pipeline_ms=318.851 gpu_pipeline_ms=28.8982 cpu_resource_sampling_overhead_ms=0.203092 gpu_resource_sampling_overhead_ms=0.03142 semantic_gates=16/16 timing_direct=true resource_overhead_excluded=true step_sum_used=false status=PASS
sample_index=92 cpu_pipeline_ms=324.084 gpu_pipeline_ms=28.5011 cpu_resource_sampling_overhead_ms=0.188233 gpu_resource_sampling_overhead_ms=0.032 semantic_gates=16/16 timing_direct=true resource_overhead_excluded=true step_sum_used=false status=PASS
sample_index=93 cpu_pipeline_ms=319.472 gpu_pipeline_ms=28.8987 cpu_resource_sampling_overhead_ms=0.226442 gpu_resource_sampling_overhead_ms=0.03147 semantic_gates=16/16 timing_direct=true resource_overhead_excluded=true step_sum_used=false status=PASS
sample_index=94 cpu_pipeline_ms=314.069 gpu_pipeline_ms=28.7119 cpu_resource_sampling_overhead_ms=0.196213 gpu_resource_sampling_overhead_ms=0.03194 semantic_gates=16/16 timing_direct=true resource_overhead_excluded=true step_sum_used=false status=PASS
sample_index=95 cpu_pipeline_ms=314.425 gpu_pipeline_ms=31.0117 cpu_resource_sampling_overhead_ms=0.248332 gpu_resource_sampling_overhead_ms=0.03354 semantic_gates=16/16 timing_direct=true resource_overhead_excluded=true step_sum_used=false status=PASS
sample_index=96 cpu_pipeline_ms=314.191 gpu_pipeline_ms=28.844 cpu_resource_sampling_overhead_ms=0.194921 gpu_resource_sampling_overhead_ms=0.03115 semantic_gates=16/16 timing_direct=true resource_overhead_excluded=true step_sum_used=false status=PASS
sample_index=97 cpu_pipeline_ms=318.576 gpu_pipeline_ms=28.8975 cpu_resource_sampling_overhead_ms=0.202194 gpu_resource_sampling_overhead_ms=0.03156 semantic_gates=16/16 timing_direct=true resource_overhead_excluded=true step_sum_used=false status=PASS
sample_index=98 cpu_pipeline_ms=317.57 gpu_pipeline_ms=28.6154 cpu_resource_sampling_overhead_ms=0.186784 gpu_resource_sampling_overhead_ms=0.03202 semantic_gates=16/16 timing_direct=true resource_overhead_excluded=true step_sum_used=false status=PASS
sample_index=99 cpu_pipeline_ms=327.454 gpu_pipeline_ms=28.6067 cpu_resource_sampling_overhead_ms=0.195751 gpu_resource_sampling_overhead_ms=0.0323 semantic_gates=16/16 timing_direct=true resource_overhead_excluded=true step_sum_used=false status=PASS
function=Task2 frozen full six-step pipeline
call_chain=Step1->Step2;Step2+Step1->Step3;Step3 dual outputs->Step4;Step4->Step5;Step5+Step4+Kalman/delay->Step6
timing=pipeline_total measured directly;not=sum(step timings)
cpu_correlation_method=direct_parallel_exact workers=255
resource_sampling_mode=same_pipeline_execution
status=PASS return_code=0
