sample_index=0 cpu_pipeline_ms=187.945 gpu_pipeline_ms=22.5761 cpu_resource_sampling_overhead_ms=0.209691 gpu_resource_sampling_overhead_ms=0.03391 semantic_gates=16/16 timing_direct=true resource_overhead_excluded=true step_sum_used=false status=PASS
sample_index=1 cpu_pipeline_ms=200.317 gpu_pipeline_ms=22.152 cpu_resource_sampling_overhead_ms=0.21291 gpu_resource_sampling_overhead_ms=0.03161 semantic_gates=16/16 timing_direct=true resource_overhead_excluded=true step_sum_used=false status=PASS
sample_index=2 cpu_pipeline_ms=198.875 gpu_pipeline_ms=23.9568 cpu_resource_sampling_overhead_ms=0.25313 gpu_resource_sampling_overhead_ms=0.03347 semantic_gates=16/16 timing_direct=true resource_overhead_excluded=true step_sum_used=false status=PASS
sample_index=3 cpu_pipeline_ms=199.43 gpu_pipeline_ms=22.3929 cpu_resource_sampling_overhead_ms=0.168592 gpu_resource_sampling_overhead_ms=0.03229 semantic_gates=16/16 timing_direct=true resource_overhead_excluded=true step_sum_used=false status=PASS
sample_index=4 cpu_pipeline_ms=198.803 gpu_pipeline_ms=22.8608 cpu_resource_sampling_overhead_ms=0.165531 gpu_resource_sampling_overhead_ms=0.032 semantic_gates=16/16 timing_direct=true resource_overhead_excluded=true step_sum_used=false status=PASS
sample_index=5 cpu_pipeline_ms=199.834 gpu_pipeline_ms=22.3843 cpu_resource_sampling_overhead_ms=0.1679 gpu_resource_sampling_overhead_ms=0.03177 semantic_gates=16/16 timing_direct=true resource_overhead_excluded=true step_sum_used=false status=PASS
sample_index=6 cpu_pipeline_ms=203.032 gpu_pipeline_ms=22.4535 cpu_resource_sampling_overhead_ms=0.19156 gpu_resource_sampling_overhead_ms=0.03193 semantic_gates=16/16 timing_direct=true resource_overhead_excluded=true step_sum_used=false status=PASS
sample_index=7 cpu_pipeline_ms=200.32 gpu_pipeline_ms=22.4095 cpu_resource_sampling_overhead_ms=0.18176 gpu_resource_sampling_overhead_ms=0.0318 semantic_gates=16/16 timing_direct=true resource_overhead_excluded=true step_sum_used=false status=PASS
sample_index=8 cpu_pipeline_ms=199.877 gpu_pipeline_ms=22.2235 cpu_resource_sampling_overhead_ms=0.173521 gpu_resource_sampling_overhead_ms=0.03209 semantic_gates=16/16 timing_direct=true resource_overhead_excluded=true step_sum_used=false status=PASS
sample_index=9 cpu_pipeline_ms=198.311 gpu_pipeline_ms=22.2244 cpu_resource_sampling_overhead_ms=0.158531 gpu_resource_sampling_overhead_ms=0.03209 semantic_gates=16/16 timing_direct=true resource_overhead_excluded=true step_sum_used=false status=PASS
sample_index=10 cpu_pipeline_ms=199.649 gpu_pipeline_ms=22.2527 cpu_resource_sampling_overhead_ms=0.170831 gpu_resource_sampling_overhead_ms=0.03165 semantic_gates=16/16 timing_direct=true resource_overhead_excluded=true step_sum_used=false status=PASS
sample_index=11 cpu_pipeline_ms=198.921 gpu_pipeline_ms=21.65 cpu_resource_sampling_overhead_ms=0.156531 gpu_resource_sampling_overhead_ms=0.03071 semantic_gates=16/16 timing_direct=true resource_overhead_excluded=true step_sum_used=false status=PASS
sample_index=12 cpu_pipeline_ms=198.541 gpu_pipeline_ms=21.7744 cpu_resource_sampling_overhead_ms=0.16315 gpu_resource_sampling_overhead_ms=0.03207 semantic_gates=16/16 timing_direct=true resource_overhead_excluded=true step_sum_used=false status=PASS
sample_index=13 cpu_pipeline_ms=199.245 gpu_pipeline_ms=22.0809 cpu_resource_sampling_overhead_ms=0.160601 gpu_resource_sampling_overhead_ms=0.03207 semantic_gates=16/16 timing_direct=true resource_overhead_excluded=true step_sum_used=false status=PASS
sample_index=14 cpu_pipeline_ms=201.585 gpu_pipeline_ms=25.2206 cpu_resource_sampling_overhead_ms=0.23553 gpu_resource_sampling_overhead_ms=0.0375 semantic_gates=16/16 timing_direct=true resource_overhead_excluded=true step_sum_used=false status=PASS
sample_index=15 cpu_pipeline_ms=200.731 gpu_pipeline_ms=21.8669 cpu_resource_sampling_overhead_ms=0.17522 gpu_resource_sampling_overhead_ms=0.031971 semantic_gates=16/16 timing_direct=true resource_overhead_excluded=true step_sum_used=false status=PASS
sample_index=16 cpu_pipeline_ms=199.176 gpu_pipeline_ms=21.2429 cpu_resource_sampling_overhead_ms=0.175201 gpu_resource_sampling_overhead_ms=0.03201 semantic_gates=16/16 timing_direct=true resource_overhead_excluded=true step_sum_used=false status=PASS
sample_index=17 cpu_pipeline_ms=196.441 gpu_pipeline_ms=21.4028 cpu_resource_sampling_overhead_ms=0.16664 gpu_resource_sampling_overhead_ms=0.03312 semantic_gates=16/16 timing_direct=true resource_overhead_excluded=true step_sum_used=false status=PASS
sample_index=18 cpu_pipeline_ms=199.125 gpu_pipeline_ms=21.2621 cpu_resource_sampling_overhead_ms=0.17478 gpu_resource_sampling_overhead_ms=0.03226 semantic_gates=16/16 timing_direct=true resource_overhead_excluded=true step_sum_used=false status=PASS
sample_index=19 cpu_pipeline_ms=198.876 gpu_pipeline_ms=21.5296 cpu_resource_sampling_overhead_ms=0.20812 gpu_resource_sampling_overhead_ms=0.03296 semantic_gates=16/16 timing_direct=true resource_overhead_excluded=true step_sum_used=false status=PASS
sample_index=20 cpu_pipeline_ms=199.792 gpu_pipeline_ms=21.2849 cpu_resource_sampling_overhead_ms=0.18605 gpu_resource_sampling_overhead_ms=0.03191 semantic_gates=16/16 timing_direct=true resource_overhead_excluded=true step_sum_used=false status=PASS
sample_index=21 cpu_pipeline_ms=198.815 gpu_pipeline_ms=24.9207 cpu_resource_sampling_overhead_ms=0.17436 gpu_resource_sampling_overhead_ms=0.03535 semantic_gates=16/16 timing_direct=true resource_overhead_excluded=true step_sum_used=false status=PASS
sample_index=22 cpu_pipeline_ms=199.295 gpu_pipeline_ms=21.6387 cpu_resource_sampling_overhead_ms=0.17689 gpu_resource_sampling_overhead_ms=0.03112 semantic_gates=16/16 timing_direct=true resource_overhead_excluded=true step_sum_used=false status=PASS
sample_index=23 cpu_pipeline_ms=199.271 gpu_pipeline_ms=21.1809 cpu_resource_sampling_overhead_ms=0.166531 gpu_resource_sampling_overhead_ms=0.0321 semantic_gates=16/16 timing_direct=true resource_overhead_excluded=true step_sum_used=false status=PASS
sample_index=24 cpu_pipeline_ms=199.029 gpu_pipeline_ms=21.2701 cpu_resource_sampling_overhead_ms=0.18182 gpu_resource_sampling_overhead_ms=0.03321 semantic_gates=16/16 timing_direct=true resource_overhead_excluded=true step_sum_used=false status=PASS
sample_index=25 cpu_pipeline_ms=198.858 gpu_pipeline_ms=21.7952 cpu_resource_sampling_overhead_ms=0.177493 gpu_resource_sampling_overhead_ms=0.03594 semantic_gates=16/16 timing_direct=true resource_overhead_excluded=true step_sum_used=false status=PASS
sample_index=26 cpu_pipeline_ms=201.392 gpu_pipeline_ms=21.2909 cpu_resource_sampling_overhead_ms=0.18466 gpu_resource_sampling_overhead_ms=0.031791 semantic_gates=16/16 timing_direct=true resource_overhead_excluded=true step_sum_used=false status=PASS
sample_index=27 cpu_pipeline_ms=202.203 gpu_pipeline_ms=21.5865 cpu_resource_sampling_overhead_ms=0.249051 gpu_resource_sampling_overhead_ms=0.031992 semantic_gates=16/16 timing_direct=true resource_overhead_excluded=true step_sum_used=false status=PASS
sample_index=28 cpu_pipeline_ms=206.236 gpu_pipeline_ms=21.9708 cpu_resource_sampling_overhead_ms=0.19783 gpu_resource_sampling_overhead_ms=0.03185 semantic_gates=16/16 timing_direct=true resource_overhead_excluded=true step_sum_used=false status=PASS
sample_index=29 cpu_pipeline_ms=201.081 gpu_pipeline_ms=21.9901 cpu_resource_sampling_overhead_ms=0.171191 gpu_resource_sampling_overhead_ms=0.03103 semantic_gates=16/16 timing_direct=true resource_overhead_excluded=true step_sum_used=false status=PASS
sample_index=30 cpu_pipeline_ms=199.356 gpu_pipeline_ms=21.8051 cpu_resource_sampling_overhead_ms=0.15745 gpu_resource_sampling_overhead_ms=0.03165 semantic_gates=16/16 timing_direct=true resource_overhead_excluded=true step_sum_used=false status=PASS
sample_index=31 cpu_pipeline_ms=199.268 gpu_pipeline_ms=21.8333 cpu_resource_sampling_overhead_ms=0.171161 gpu_resource_sampling_overhead_ms=0.03136 semantic_gates=16/16 timing_direct=true resource_overhead_excluded=true step_sum_used=false status=PASS
sample_index=32 cpu_pipeline_ms=202.372 gpu_pipeline_ms=22.0325 cpu_resource_sampling_overhead_ms=0.193311 gpu_resource_sampling_overhead_ms=0.03223 semantic_gates=16/16 timing_direct=true resource_overhead_excluded=true step_sum_used=false status=PASS
sample_index=33 cpu_pipeline_ms=198.192 gpu_pipeline_ms=21.7329 cpu_resource_sampling_overhead_ms=0.15659 gpu_resource_sampling_overhead_ms=0.04569 semantic_gates=16/16 timing_direct=true resource_overhead_excluded=true step_sum_used=false status=PASS
sample_index=34 cpu_pipeline_ms=203.431 gpu_pipeline_ms=22.0983 cpu_resource_sampling_overhead_ms=0.213661 gpu_resource_sampling_overhead_ms=0.03159 semantic_gates=16/16 timing_direct=true resource_overhead_excluded=true step_sum_used=false status=PASS
sample_index=35 cpu_pipeline_ms=198.863 gpu_pipeline_ms=21.5327 cpu_resource_sampling_overhead_ms=0.167691 gpu_resource_sampling_overhead_ms=0.03227 semantic_gates=16/16 timing_direct=true resource_overhead_excluded=true step_sum_used=false status=PASS
sample_index=36 cpu_pipeline_ms=200.945 gpu_pipeline_ms=21.8107 cpu_resource_sampling_overhead_ms=0.18159 gpu_resource_sampling_overhead_ms=0.03274 semantic_gates=16/16 timing_direct=true resource_overhead_excluded=true step_sum_used=false status=PASS
sample_index=37 cpu_pipeline_ms=200.459 gpu_pipeline_ms=21.7603 cpu_resource_sampling_overhead_ms=0.18579 gpu_resource_sampling_overhead_ms=0.03138 semantic_gates=16/16 timing_direct=true resource_overhead_excluded=true step_sum_used=false status=PASS
sample_index=38 cpu_pipeline_ms=199.367 gpu_pipeline_ms=22.0704 cpu_resource_sampling_overhead_ms=0.206903 gpu_resource_sampling_overhead_ms=0.03223 semantic_gates=16/16 timing_direct=true resource_overhead_excluded=true step_sum_used=false status=PASS
sample_index=39 cpu_pipeline_ms=200.331 gpu_pipeline_ms=22.5089 cpu_resource_sampling_overhead_ms=0.21847 gpu_resource_sampling_overhead_ms=0.032821 semantic_gates=16/16 timing_direct=true resource_overhead_excluded=true step_sum_used=false status=PASS
sample_index=40 cpu_pipeline_ms=200.215 gpu_pipeline_ms=21.7131 cpu_resource_sampling_overhead_ms=0.325892 gpu_resource_sampling_overhead_ms=0.03297 semantic_gates=16/16 timing_direct=true resource_overhead_excluded=true step_sum_used=false status=PASS
sample_index=41 cpu_pipeline_ms=200.71 gpu_pipeline_ms=21.2193 cpu_resource_sampling_overhead_ms=0.16425 gpu_resource_sampling_overhead_ms=0.03181 semantic_gates=16/16 timing_direct=true resource_overhead_excluded=true step_sum_used=false status=PASS
sample_index=42 cpu_pipeline_ms=201.432 gpu_pipeline_ms=23.4728 cpu_resource_sampling_overhead_ms=0.21661 gpu_resource_sampling_overhead_ms=0.03629 semantic_gates=16/16 timing_direct=true resource_overhead_excluded=true step_sum_used=false status=PASS
sample_index=43 cpu_pipeline_ms=202.511 gpu_pipeline_ms=22.2031 cpu_resource_sampling_overhead_ms=0.208521 gpu_resource_sampling_overhead_ms=0.03224 semantic_gates=16/16 timing_direct=true resource_overhead_excluded=true step_sum_used=false status=PASS
sample_index=44 cpu_pipeline_ms=199.75 gpu_pipeline_ms=21.7841 cpu_resource_sampling_overhead_ms=0.164341 gpu_resource_sampling_overhead_ms=0.03247 semantic_gates=16/16 timing_direct=true resource_overhead_excluded=true step_sum_used=false status=PASS
sample_index=45 cpu_pipeline_ms=201.943 gpu_pipeline_ms=21.9349 cpu_resource_sampling_overhead_ms=0.19412 gpu_resource_sampling_overhead_ms=0.03314 semantic_gates=16/16 timing_direct=true resource_overhead_excluded=true step_sum_used=false status=PASS
sample_index=46 cpu_pipeline_ms=199.557 gpu_pipeline_ms=22.0386 cpu_resource_sampling_overhead_ms=0.17618 gpu_resource_sampling_overhead_ms=0.0324 semantic_gates=16/16 timing_direct=true resource_overhead_excluded=true step_sum_used=false status=PASS
sample_index=47 cpu_pipeline_ms=201.277 gpu_pipeline_ms=22.1411 cpu_resource_sampling_overhead_ms=0.225981 gpu_resource_sampling_overhead_ms=0.03225 semantic_gates=16/16 timing_direct=true resource_overhead_excluded=true step_sum_used=false status=PASS
sample_index=48 cpu_pipeline_ms=200.723 gpu_pipeline_ms=21.6719 cpu_resource_sampling_overhead_ms=0.16637 gpu_resource_sampling_overhead_ms=0.032031 semantic_gates=16/16 timing_direct=true resource_overhead_excluded=true step_sum_used=false status=PASS
sample_index=49 cpu_pipeline_ms=201.321 gpu_pipeline_ms=22.2358 cpu_resource_sampling_overhead_ms=0.23191 gpu_resource_sampling_overhead_ms=0.03265 semantic_gates=16/16 timing_direct=true resource_overhead_excluded=true step_sum_used=false status=PASS
sample_index=50 cpu_pipeline_ms=204.425 gpu_pipeline_ms=21.9848 cpu_resource_sampling_overhead_ms=0.164591 gpu_resource_sampling_overhead_ms=0.03241 semantic_gates=16/16 timing_direct=true resource_overhead_excluded=true step_sum_used=false status=PASS
sample_index=51 cpu_pipeline_ms=199.354 gpu_pipeline_ms=21.674 cpu_resource_sampling_overhead_ms=0.17192 gpu_resource_sampling_overhead_ms=0.03101 semantic_gates=16/16 timing_direct=true resource_overhead_excluded=true step_sum_used=false status=PASS
sample_index=52 cpu_pipeline_ms=198.98 gpu_pipeline_ms=21.8642 cpu_resource_sampling_overhead_ms=0.1688 gpu_resource_sampling_overhead_ms=0.03175 semantic_gates=16/16 timing_direct=true resource_overhead_excluded=true step_sum_used=false status=PASS
sample_index=53 cpu_pipeline_ms=199.122 gpu_pipeline_ms=22.0454 cpu_resource_sampling_overhead_ms=0.228052 gpu_resource_sampling_overhead_ms=0.03188 semantic_gates=16/16 timing_direct=true resource_overhead_excluded=true step_sum_used=false status=PASS
sample_index=54 cpu_pipeline_ms=200.867 gpu_pipeline_ms=22.1185 cpu_resource_sampling_overhead_ms=0.19817 gpu_resource_sampling_overhead_ms=0.032741 semantic_gates=16/16 timing_direct=true resource_overhead_excluded=true step_sum_used=false status=PASS
sample_index=55 cpu_pipeline_ms=202.166 gpu_pipeline_ms=23.3901 cpu_resource_sampling_overhead_ms=0.249131 gpu_resource_sampling_overhead_ms=0.03221 semantic_gates=16/16 timing_direct=true resource_overhead_excluded=true step_sum_used=false status=PASS
sample_index=56 cpu_pipeline_ms=202.328 gpu_pipeline_ms=22.0219 cpu_resource_sampling_overhead_ms=0.18313 gpu_resource_sampling_overhead_ms=0.03115 semantic_gates=16/16 timing_direct=true resource_overhead_excluded=true step_sum_used=false status=PASS
sample_index=57 cpu_pipeline_ms=202.087 gpu_pipeline_ms=22.4657 cpu_resource_sampling_overhead_ms=0.24516 gpu_resource_sampling_overhead_ms=0.03248 semantic_gates=16/16 timing_direct=true resource_overhead_excluded=true step_sum_used=false status=PASS
sample_index=58 cpu_pipeline_ms=202.076 gpu_pipeline_ms=22.1261 cpu_resource_sampling_overhead_ms=0.212542 gpu_resource_sampling_overhead_ms=0.031291 semantic_gates=16/16 timing_direct=true resource_overhead_excluded=true step_sum_used=false status=PASS
sample_index=59 cpu_pipeline_ms=198.501 gpu_pipeline_ms=22.1305 cpu_resource_sampling_overhead_ms=0.16821 gpu_resource_sampling_overhead_ms=0.03475 semantic_gates=16/16 timing_direct=true resource_overhead_excluded=true step_sum_used=false status=PASS
sample_index=60 cpu_pipeline_ms=199.982 gpu_pipeline_ms=21.9271 cpu_resource_sampling_overhead_ms=0.203 gpu_resource_sampling_overhead_ms=0.03176 semantic_gates=16/16 timing_direct=true resource_overhead_excluded=true step_sum_used=false status=PASS
sample_index=61 cpu_pipeline_ms=200.282 gpu_pipeline_ms=21.8241 cpu_resource_sampling_overhead_ms=0.19809 gpu_resource_sampling_overhead_ms=0.03146 semantic_gates=16/16 timing_direct=true resource_overhead_excluded=true step_sum_used=false status=PASS
sample_index=62 cpu_pipeline_ms=200.875 gpu_pipeline_ms=22.0721 cpu_resource_sampling_overhead_ms=0.213572 gpu_resource_sampling_overhead_ms=0.03194 semantic_gates=16/16 timing_direct=true resource_overhead_excluded=true step_sum_used=false status=PASS
sample_index=63 cpu_pipeline_ms=199.156 gpu_pipeline_ms=21.798 cpu_resource_sampling_overhead_ms=0.171331 gpu_resource_sampling_overhead_ms=0.03181 semantic_gates=16/16 timing_direct=true resource_overhead_excluded=true step_sum_used=false status=PASS
sample_index=64 cpu_pipeline_ms=204.765 gpu_pipeline_ms=22.4908 cpu_resource_sampling_overhead_ms=0.240491 gpu_resource_sampling_overhead_ms=0.03247 semantic_gates=16/16 timing_direct=true resource_overhead_excluded=true step_sum_used=false status=PASS
sample_index=65 cpu_pipeline_ms=199.533 gpu_pipeline_ms=21.9303 cpu_resource_sampling_overhead_ms=0.18541 gpu_resource_sampling_overhead_ms=0.0313 semantic_gates=16/16 timing_direct=true resource_overhead_excluded=true step_sum_used=false status=PASS
sample_index=66 cpu_pipeline_ms=199.399 gpu_pipeline_ms=21.9055 cpu_resource_sampling_overhead_ms=0.174021 gpu_resource_sampling_overhead_ms=0.03177 semantic_gates=16/16 timing_direct=true resource_overhead_excluded=true step_sum_used=false status=PASS
sample_index=67 cpu_pipeline_ms=201.79 gpu_pipeline_ms=21.9523 cpu_resource_sampling_overhead_ms=0.19902 gpu_resource_sampling_overhead_ms=0.03145 semantic_gates=16/16 timing_direct=true resource_overhead_excluded=true step_sum_used=false status=PASS
sample_index=68 cpu_pipeline_ms=199.676 gpu_pipeline_ms=21.8898 cpu_resource_sampling_overhead_ms=0.234241 gpu_resource_sampling_overhead_ms=0.0328 semantic_gates=16/16 timing_direct=true resource_overhead_excluded=true step_sum_used=false status=PASS
sample_index=69 cpu_pipeline_ms=199.89 gpu_pipeline_ms=22.0179 cpu_resource_sampling_overhead_ms=0.22153 gpu_resource_sampling_overhead_ms=0.03184 semantic_gates=16/16 timing_direct=true resource_overhead_excluded=true step_sum_used=false status=PASS
sample_index=70 cpu_pipeline_ms=199.148 gpu_pipeline_ms=21.567 cpu_resource_sampling_overhead_ms=0.179312 gpu_resource_sampling_overhead_ms=0.03167 semantic_gates=16/16 timing_direct=true resource_overhead_excluded=true step_sum_used=false status=PASS
sample_index=71 cpu_pipeline_ms=199.503 gpu_pipeline_ms=21.6196 cpu_resource_sampling_overhead_ms=0.167 gpu_resource_sampling_overhead_ms=0.03153 semantic_gates=16/16 timing_direct=true resource_overhead_excluded=true step_sum_used=false status=PASS
sample_index=72 cpu_pipeline_ms=201.936 gpu_pipeline_ms=21.6074 cpu_resource_sampling_overhead_ms=0.176991 gpu_resource_sampling_overhead_ms=0.03212 semantic_gates=16/16 timing_direct=true resource_overhead_excluded=true step_sum_used=false status=PASS
sample_index=73 cpu_pipeline_ms=200.105 gpu_pipeline_ms=21.6814 cpu_resource_sampling_overhead_ms=0.1734 gpu_resource_sampling_overhead_ms=0.03192 semantic_gates=16/16 timing_direct=true resource_overhead_excluded=true step_sum_used=false status=PASS
sample_index=74 cpu_pipeline_ms=200.071 gpu_pipeline_ms=21.4331 cpu_resource_sampling_overhead_ms=0.17621 gpu_resource_sampling_overhead_ms=0.03213 semantic_gates=16/16 timing_direct=true resource_overhead_excluded=true step_sum_used=false status=PASS
sample_index=75 cpu_pipeline_ms=198.982 gpu_pipeline_ms=21.4863 cpu_resource_sampling_overhead_ms=0.18868 gpu_resource_sampling_overhead_ms=0.03236 semantic_gates=16/16 timing_direct=true resource_overhead_excluded=true step_sum_used=false status=PASS
sample_index=76 cpu_pipeline_ms=198.484 gpu_pipeline_ms=21.5731 cpu_resource_sampling_overhead_ms=0.170622 gpu_resource_sampling_overhead_ms=0.03238 semantic_gates=16/16 timing_direct=true resource_overhead_excluded=true step_sum_used=false status=PASS
sample_index=77 cpu_pipeline_ms=199.491 gpu_pipeline_ms=21.6097 cpu_resource_sampling_overhead_ms=0.170691 gpu_resource_sampling_overhead_ms=0.032991 semantic_gates=16/16 timing_direct=true resource_overhead_excluded=true step_sum_used=false status=PASS
sample_index=78 cpu_pipeline_ms=199.923 gpu_pipeline_ms=21.5752 cpu_resource_sampling_overhead_ms=0.195251 gpu_resource_sampling_overhead_ms=0.03286 semantic_gates=16/16 timing_direct=true resource_overhead_excluded=true step_sum_used=false status=PASS
sample_index=79 cpu_pipeline_ms=210.631 gpu_pipeline_ms=21.9955 cpu_resource_sampling_overhead_ms=0.18938 gpu_resource_sampling_overhead_ms=0.031251 semantic_gates=16/16 timing_direct=true resource_overhead_excluded=true step_sum_used=false status=PASS
sample_index=80 cpu_pipeline_ms=198.897 gpu_pipeline_ms=21.6085 cpu_resource_sampling_overhead_ms=0.171391 gpu_resource_sampling_overhead_ms=0.03228 semantic_gates=16/16 timing_direct=true resource_overhead_excluded=true step_sum_used=false status=PASS
sample_index=81 cpu_pipeline_ms=207.89 gpu_pipeline_ms=22.0482 cpu_resource_sampling_overhead_ms=0.218691 gpu_resource_sampling_overhead_ms=0.03312 semantic_gates=16/16 timing_direct=true resource_overhead_excluded=true step_sum_used=false status=PASS
sample_index=82 cpu_pipeline_ms=199.148 gpu_pipeline_ms=21.9044 cpu_resource_sampling_overhead_ms=0.171671 gpu_resource_sampling_overhead_ms=0.03228 semantic_gates=16/16 timing_direct=true resource_overhead_excluded=true step_sum_used=false status=PASS
sample_index=83 cpu_pipeline_ms=202.41 gpu_pipeline_ms=21.7859 cpu_resource_sampling_overhead_ms=0.170652 gpu_resource_sampling_overhead_ms=0.03166 semantic_gates=16/16 timing_direct=true resource_overhead_excluded=true step_sum_used=false status=PASS
sample_index=84 cpu_pipeline_ms=200.466 gpu_pipeline_ms=21.907 cpu_resource_sampling_overhead_ms=0.166011 gpu_resource_sampling_overhead_ms=0.03196 semantic_gates=16/16 timing_direct=true resource_overhead_excluded=true step_sum_used=false status=PASS
sample_index=85 cpu_pipeline_ms=201.261 gpu_pipeline_ms=22.0156 cpu_resource_sampling_overhead_ms=0.18034 gpu_resource_sampling_overhead_ms=0.03164 semantic_gates=16/16 timing_direct=true resource_overhead_excluded=true step_sum_used=false status=PASS
sample_index=86 cpu_pipeline_ms=200.456 gpu_pipeline_ms=21.8271 cpu_resource_sampling_overhead_ms=0.194862 gpu_resource_sampling_overhead_ms=0.03134 semantic_gates=16/16 timing_direct=true resource_overhead_excluded=true step_sum_used=false status=PASS
sample_index=87 cpu_pipeline_ms=200.698 gpu_pipeline_ms=22.0188 cpu_resource_sampling_overhead_ms=0.185081 gpu_resource_sampling_overhead_ms=0.03135 semantic_gates=16/16 timing_direct=true resource_overhead_excluded=true step_sum_used=false status=PASS
sample_index=88 cpu_pipeline_ms=198.895 gpu_pipeline_ms=21.6862 cpu_resource_sampling_overhead_ms=0.17611 gpu_resource_sampling_overhead_ms=0.03198 semantic_gates=16/16 timing_direct=true resource_overhead_excluded=true step_sum_used=false status=PASS
sample_index=89 cpu_pipeline_ms=199.995 gpu_pipeline_ms=22.1447 cpu_resource_sampling_overhead_ms=0.19651 gpu_resource_sampling_overhead_ms=0.03388 semantic_gates=16/16 timing_direct=true resource_overhead_excluded=true step_sum_used=false status=PASS
sample_index=90 cpu_pipeline_ms=199.951 gpu_pipeline_ms=22.0094 cpu_resource_sampling_overhead_ms=0.18691 gpu_resource_sampling_overhead_ms=0.03213 semantic_gates=16/16 timing_direct=true resource_overhead_excluded=true step_sum_used=false status=PASS
sample_index=91 cpu_pipeline_ms=200.75 gpu_pipeline_ms=21.812 cpu_resource_sampling_overhead_ms=0.175891 gpu_resource_sampling_overhead_ms=0.03262 semantic_gates=16/16 timing_direct=true resource_overhead_excluded=true step_sum_used=false status=PASS
sample_index=92 cpu_pipeline_ms=202.505 gpu_pipeline_ms=22.1062 cpu_resource_sampling_overhead_ms=0.20626 gpu_resource_sampling_overhead_ms=0.03304 semantic_gates=16/16 timing_direct=true resource_overhead_excluded=true step_sum_used=false status=PASS
sample_index=93 cpu_pipeline_ms=201.642 gpu_pipeline_ms=23.1387 cpu_resource_sampling_overhead_ms=0.29355 gpu_resource_sampling_overhead_ms=0.03219 semantic_gates=16/16 timing_direct=true resource_overhead_excluded=true step_sum_used=false status=PASS
sample_index=94 cpu_pipeline_ms=199.317 gpu_pipeline_ms=22.6102 cpu_resource_sampling_overhead_ms=0.205991 gpu_resource_sampling_overhead_ms=0.03215 semantic_gates=16/16 timing_direct=true resource_overhead_excluded=true step_sum_used=false status=PASS
sample_index=95 cpu_pipeline_ms=199.802 gpu_pipeline_ms=21.9761 cpu_resource_sampling_overhead_ms=0.17982 gpu_resource_sampling_overhead_ms=0.03224 semantic_gates=16/16 timing_direct=true resource_overhead_excluded=true step_sum_used=false status=PASS
sample_index=96 cpu_pipeline_ms=204.06 gpu_pipeline_ms=22.9667 cpu_resource_sampling_overhead_ms=0.208752 gpu_resource_sampling_overhead_ms=0.03406 semantic_gates=16/16 timing_direct=true resource_overhead_excluded=true step_sum_used=false status=PASS
sample_index=97 cpu_pipeline_ms=199.465 gpu_pipeline_ms=22.1511 cpu_resource_sampling_overhead_ms=0.179221 gpu_resource_sampling_overhead_ms=0.03411 semantic_gates=16/16 timing_direct=true resource_overhead_excluded=true step_sum_used=false status=PASS
sample_index=98 cpu_pipeline_ms=199.413 gpu_pipeline_ms=22.2854 cpu_resource_sampling_overhead_ms=0.234111 gpu_resource_sampling_overhead_ms=0.03371 semantic_gates=16/16 timing_direct=true resource_overhead_excluded=true step_sum_used=false status=PASS
sample_index=99 cpu_pipeline_ms=198.873 gpu_pipeline_ms=21.6104 cpu_resource_sampling_overhead_ms=0.1757 gpu_resource_sampling_overhead_ms=0.0322 semantic_gates=16/16 timing_direct=true resource_overhead_excluded=true step_sum_used=false status=PASS
function=Task2 frozen full six-step pipeline
call_chain=Step1->Step2;Step2+Step1->Step3;Step3 dual outputs->Step4;Step4->Step5;Step5+Step4+Kalman/delay->Step6
timing=pipeline_total measured directly;not=sum(step timings)
cpu_correlation_method=direct_parallel_exact workers=255
resource_sampling_mode=same_pipeline_execution
status=PASS return_code=0
