sample_index=0 cpu_pipeline_ms=81.8487 gpu_pipeline_ms=11.4148 cpu_resource_sampling_overhead_ms=0.156282 gpu_resource_sampling_overhead_ms=0.04958 semantic_gates=16/16 timing_direct=true resource_overhead_excluded=true step_sum_used=false status=PASS
sample_index=1 cpu_pipeline_ms=84.1598 gpu_pipeline_ms=11.4824 cpu_resource_sampling_overhead_ms=0.151013 gpu_resource_sampling_overhead_ms=0.034111 semantic_gates=16/16 timing_direct=true resource_overhead_excluded=true step_sum_used=false status=PASS
sample_index=2 cpu_pipeline_ms=81.4351 gpu_pipeline_ms=11.4115 cpu_resource_sampling_overhead_ms=0.149702 gpu_resource_sampling_overhead_ms=0.03197 semantic_gates=16/16 timing_direct=true resource_overhead_excluded=true step_sum_used=false status=PASS
sample_index=3 cpu_pipeline_ms=81.5114 gpu_pipeline_ms=11.3889 cpu_resource_sampling_overhead_ms=0.134242 gpu_resource_sampling_overhead_ms=0.03232 semantic_gates=16/16 timing_direct=true resource_overhead_excluded=true step_sum_used=false status=PASS
sample_index=4 cpu_pipeline_ms=81.2995 gpu_pipeline_ms=11.452 cpu_resource_sampling_overhead_ms=0.135761 gpu_resource_sampling_overhead_ms=0.032411 semantic_gates=16/16 timing_direct=true resource_overhead_excluded=true step_sum_used=false status=PASS
sample_index=5 cpu_pipeline_ms=81.5702 gpu_pipeline_ms=11.5066 cpu_resource_sampling_overhead_ms=0.142891 gpu_resource_sampling_overhead_ms=0.032841 semantic_gates=16/16 timing_direct=true resource_overhead_excluded=true step_sum_used=false status=PASS
sample_index=6 cpu_pipeline_ms=81.8075 gpu_pipeline_ms=11.4264 cpu_resource_sampling_overhead_ms=0.140242 gpu_resource_sampling_overhead_ms=0.032831 semantic_gates=16/16 timing_direct=true resource_overhead_excluded=true step_sum_used=false status=PASS
sample_index=7 cpu_pipeline_ms=80.5244 gpu_pipeline_ms=11.3329 cpu_resource_sampling_overhead_ms=0.1437 gpu_resource_sampling_overhead_ms=0.03294 semantic_gates=16/16 timing_direct=true resource_overhead_excluded=true step_sum_used=false status=PASS
sample_index=8 cpu_pipeline_ms=80.3665 gpu_pipeline_ms=11.2931 cpu_resource_sampling_overhead_ms=0.1375 gpu_resource_sampling_overhead_ms=0.0326 semantic_gates=16/16 timing_direct=true resource_overhead_excluded=true step_sum_used=false status=PASS
sample_index=9 cpu_pipeline_ms=80.5699 gpu_pipeline_ms=11.2791 cpu_resource_sampling_overhead_ms=0.134821 gpu_resource_sampling_overhead_ms=0.032722 semantic_gates=16/16 timing_direct=true resource_overhead_excluded=true step_sum_used=false status=PASS
sample_index=10 cpu_pipeline_ms=80.4916 gpu_pipeline_ms=11.2386 cpu_resource_sampling_overhead_ms=0.146271 gpu_resource_sampling_overhead_ms=0.03256 semantic_gates=16/16 timing_direct=true resource_overhead_excluded=true step_sum_used=false status=PASS
sample_index=11 cpu_pipeline_ms=81.225 gpu_pipeline_ms=11.4881 cpu_resource_sampling_overhead_ms=0.146872 gpu_resource_sampling_overhead_ms=0.032021 semantic_gates=16/16 timing_direct=true resource_overhead_excluded=true step_sum_used=false status=PASS
sample_index=12 cpu_pipeline_ms=80.49 gpu_pipeline_ms=11.3226 cpu_resource_sampling_overhead_ms=0.161642 gpu_resource_sampling_overhead_ms=0.03242 semantic_gates=16/16 timing_direct=true resource_overhead_excluded=true step_sum_used=false status=PASS
sample_index=13 cpu_pipeline_ms=80.5265 gpu_pipeline_ms=11.2589 cpu_resource_sampling_overhead_ms=0.142951 gpu_resource_sampling_overhead_ms=0.032611 semantic_gates=16/16 timing_direct=true resource_overhead_excluded=true step_sum_used=false status=PASS
sample_index=14 cpu_pipeline_ms=81.1789 gpu_pipeline_ms=11.4802 cpu_resource_sampling_overhead_ms=0.136111 gpu_resource_sampling_overhead_ms=0.032471 semantic_gates=16/16 timing_direct=true resource_overhead_excluded=true step_sum_used=false status=PASS
sample_index=15 cpu_pipeline_ms=80.3614 gpu_pipeline_ms=11.2739 cpu_resource_sampling_overhead_ms=0.140061 gpu_resource_sampling_overhead_ms=0.03239 semantic_gates=16/16 timing_direct=true resource_overhead_excluded=true step_sum_used=false status=PASS
sample_index=16 cpu_pipeline_ms=80.5198 gpu_pipeline_ms=11.2522 cpu_resource_sampling_overhead_ms=0.140511 gpu_resource_sampling_overhead_ms=0.03186 semantic_gates=16/16 timing_direct=true resource_overhead_excluded=true step_sum_used=false status=PASS
sample_index=17 cpu_pipeline_ms=81.5454 gpu_pipeline_ms=11.1564 cpu_resource_sampling_overhead_ms=0.148522 gpu_resource_sampling_overhead_ms=0.032151 semantic_gates=16/16 timing_direct=true resource_overhead_excluded=true step_sum_used=false status=PASS
sample_index=18 cpu_pipeline_ms=80.1677 gpu_pipeline_ms=11.4612 cpu_resource_sampling_overhead_ms=0.147251 gpu_resource_sampling_overhead_ms=0.03182 semantic_gates=16/16 timing_direct=true resource_overhead_excluded=true step_sum_used=false status=PASS
sample_index=19 cpu_pipeline_ms=80.2483 gpu_pipeline_ms=11.321 cpu_resource_sampling_overhead_ms=0.132861 gpu_resource_sampling_overhead_ms=0.03197 semantic_gates=16/16 timing_direct=true resource_overhead_excluded=true step_sum_used=false status=PASS
sample_index=20 cpu_pipeline_ms=81.0693 gpu_pipeline_ms=11.4201 cpu_resource_sampling_overhead_ms=0.148412 gpu_resource_sampling_overhead_ms=0.03261 semantic_gates=16/16 timing_direct=true resource_overhead_excluded=true step_sum_used=false status=PASS
sample_index=21 cpu_pipeline_ms=80.5934 gpu_pipeline_ms=12.8177 cpu_resource_sampling_overhead_ms=0.149981 gpu_resource_sampling_overhead_ms=0.03621 semantic_gates=16/16 timing_direct=true resource_overhead_excluded=true step_sum_used=false status=PASS
sample_index=22 cpu_pipeline_ms=80.2981 gpu_pipeline_ms=13.7042 cpu_resource_sampling_overhead_ms=0.14683 gpu_resource_sampling_overhead_ms=0.03592 semantic_gates=16/16 timing_direct=true resource_overhead_excluded=true step_sum_used=false status=PASS
sample_index=23 cpu_pipeline_ms=80.3701 gpu_pipeline_ms=13.9745 cpu_resource_sampling_overhead_ms=0.13945 gpu_resource_sampling_overhead_ms=0.036361 semantic_gates=16/16 timing_direct=true resource_overhead_excluded=true step_sum_used=false status=PASS
sample_index=24 cpu_pipeline_ms=80.7278 gpu_pipeline_ms=12.9863 cpu_resource_sampling_overhead_ms=0.155523 gpu_resource_sampling_overhead_ms=0.03456 semantic_gates=16/16 timing_direct=true resource_overhead_excluded=true step_sum_used=false status=PASS
sample_index=25 cpu_pipeline_ms=80.6516 gpu_pipeline_ms=13.6964 cpu_resource_sampling_overhead_ms=0.13857 gpu_resource_sampling_overhead_ms=0.035921 semantic_gates=16/16 timing_direct=true resource_overhead_excluded=true step_sum_used=false status=PASS
sample_index=26 cpu_pipeline_ms=80.7247 gpu_pipeline_ms=13.4847 cpu_resource_sampling_overhead_ms=0.14555 gpu_resource_sampling_overhead_ms=0.03584 semantic_gates=16/16 timing_direct=true resource_overhead_excluded=true step_sum_used=false status=PASS
sample_index=27 cpu_pipeline_ms=80.7932 gpu_pipeline_ms=13.3913 cpu_resource_sampling_overhead_ms=0.138971 gpu_resource_sampling_overhead_ms=0.03576 semantic_gates=16/16 timing_direct=true resource_overhead_excluded=true step_sum_used=false status=PASS
sample_index=28 cpu_pipeline_ms=80.3903 gpu_pipeline_ms=13.0373 cpu_resource_sampling_overhead_ms=0.153481 gpu_resource_sampling_overhead_ms=0.03627 semantic_gates=16/16 timing_direct=true resource_overhead_excluded=true step_sum_used=false status=PASS
sample_index=29 cpu_pipeline_ms=80.5601 gpu_pipeline_ms=12.7015 cpu_resource_sampling_overhead_ms=0.143541 gpu_resource_sampling_overhead_ms=0.03574 semantic_gates=16/16 timing_direct=true resource_overhead_excluded=true step_sum_used=false status=PASS
sample_index=30 cpu_pipeline_ms=81.2554 gpu_pipeline_ms=13.0219 cpu_resource_sampling_overhead_ms=0.145121 gpu_resource_sampling_overhead_ms=0.03527 semantic_gates=16/16 timing_direct=true resource_overhead_excluded=true step_sum_used=false status=PASS
sample_index=31 cpu_pipeline_ms=80.3007 gpu_pipeline_ms=12.7712 cpu_resource_sampling_overhead_ms=0.142731 gpu_resource_sampling_overhead_ms=0.03588 semantic_gates=16/16 timing_direct=true resource_overhead_excluded=true step_sum_used=false status=PASS
sample_index=32 cpu_pipeline_ms=80.8896 gpu_pipeline_ms=13.228 cpu_resource_sampling_overhead_ms=0.145442 gpu_resource_sampling_overhead_ms=0.035921 semantic_gates=16/16 timing_direct=true resource_overhead_excluded=true step_sum_used=false status=PASS
sample_index=33 cpu_pipeline_ms=80.4082 gpu_pipeline_ms=11.2391 cpu_resource_sampling_overhead_ms=0.147141 gpu_resource_sampling_overhead_ms=0.032 semantic_gates=16/16 timing_direct=true resource_overhead_excluded=true step_sum_used=false status=PASS
sample_index=34 cpu_pipeline_ms=81.6288 gpu_pipeline_ms=11.2441 cpu_resource_sampling_overhead_ms=0.151092 gpu_resource_sampling_overhead_ms=0.03217 semantic_gates=16/16 timing_direct=true resource_overhead_excluded=true step_sum_used=false status=PASS
sample_index=35 cpu_pipeline_ms=80.4782 gpu_pipeline_ms=11.131 cpu_resource_sampling_overhead_ms=0.13429 gpu_resource_sampling_overhead_ms=0.032251 semantic_gates=16/16 timing_direct=true resource_overhead_excluded=true step_sum_used=false status=PASS
sample_index=36 cpu_pipeline_ms=80.8789 gpu_pipeline_ms=11.0953 cpu_resource_sampling_overhead_ms=0.161111 gpu_resource_sampling_overhead_ms=0.03333 semantic_gates=16/16 timing_direct=true resource_overhead_excluded=true step_sum_used=false status=PASS
sample_index=37 cpu_pipeline_ms=80.284 gpu_pipeline_ms=11.2348 cpu_resource_sampling_overhead_ms=0.14625 gpu_resource_sampling_overhead_ms=0.03234 semantic_gates=16/16 timing_direct=true resource_overhead_excluded=true step_sum_used=false status=PASS
sample_index=38 cpu_pipeline_ms=80.3371 gpu_pipeline_ms=11.2932 cpu_resource_sampling_overhead_ms=0.14689 gpu_resource_sampling_overhead_ms=0.03242 semantic_gates=16/16 timing_direct=true resource_overhead_excluded=true step_sum_used=false status=PASS
sample_index=39 cpu_pipeline_ms=80.4885 gpu_pipeline_ms=11.1493 cpu_resource_sampling_overhead_ms=0.143291 gpu_resource_sampling_overhead_ms=0.03255 semantic_gates=16/16 timing_direct=true resource_overhead_excluded=true step_sum_used=false status=PASS
sample_index=40 cpu_pipeline_ms=82.1099 gpu_pipeline_ms=11.1371 cpu_resource_sampling_overhead_ms=0.173763 gpu_resource_sampling_overhead_ms=0.03209 semantic_gates=16/16 timing_direct=true resource_overhead_excluded=true step_sum_used=false status=PASS
sample_index=41 cpu_pipeline_ms=80.3381 gpu_pipeline_ms=11.3771 cpu_resource_sampling_overhead_ms=0.156761 gpu_resource_sampling_overhead_ms=0.03229 semantic_gates=16/16 timing_direct=true resource_overhead_excluded=true step_sum_used=false status=PASS
sample_index=42 cpu_pipeline_ms=80.0818 gpu_pipeline_ms=11.5438 cpu_resource_sampling_overhead_ms=0.140731 gpu_resource_sampling_overhead_ms=0.03247 semantic_gates=16/16 timing_direct=true resource_overhead_excluded=true step_sum_used=false status=PASS
sample_index=43 cpu_pipeline_ms=80.5091 gpu_pipeline_ms=11.6594 cpu_resource_sampling_overhead_ms=0.158841 gpu_resource_sampling_overhead_ms=0.03255 semantic_gates=16/16 timing_direct=true resource_overhead_excluded=true step_sum_used=false status=PASS
sample_index=44 cpu_pipeline_ms=80.5325 gpu_pipeline_ms=11.6673 cpu_resource_sampling_overhead_ms=0.137111 gpu_resource_sampling_overhead_ms=0.03266 semantic_gates=16/16 timing_direct=true resource_overhead_excluded=true step_sum_used=false status=PASS
sample_index=45 cpu_pipeline_ms=80.7658 gpu_pipeline_ms=11.6498 cpu_resource_sampling_overhead_ms=0.143231 gpu_resource_sampling_overhead_ms=0.03236 semantic_gates=16/16 timing_direct=true resource_overhead_excluded=true step_sum_used=false status=PASS
sample_index=46 cpu_pipeline_ms=80.6416 gpu_pipeline_ms=11.6391 cpu_resource_sampling_overhead_ms=0.150621 gpu_resource_sampling_overhead_ms=0.03243 semantic_gates=16/16 timing_direct=true resource_overhead_excluded=true step_sum_used=false status=PASS
sample_index=47 cpu_pipeline_ms=80.3414 gpu_pipeline_ms=11.7359 cpu_resource_sampling_overhead_ms=0.160142 gpu_resource_sampling_overhead_ms=0.03294 semantic_gates=16/16 timing_direct=true resource_overhead_excluded=true step_sum_used=false status=PASS
sample_index=48 cpu_pipeline_ms=80.6083 gpu_pipeline_ms=11.4772 cpu_resource_sampling_overhead_ms=0.137162 gpu_resource_sampling_overhead_ms=0.03176 semantic_gates=16/16 timing_direct=true resource_overhead_excluded=true step_sum_used=false status=PASS
sample_index=49 cpu_pipeline_ms=80.5359 gpu_pipeline_ms=11.3359 cpu_resource_sampling_overhead_ms=0.150842 gpu_resource_sampling_overhead_ms=0.03219 semantic_gates=16/16 timing_direct=true resource_overhead_excluded=true step_sum_used=false status=PASS
sample_index=50 cpu_pipeline_ms=80.5339 gpu_pipeline_ms=11.199 cpu_resource_sampling_overhead_ms=0.155272 gpu_resource_sampling_overhead_ms=0.03255 semantic_gates=16/16 timing_direct=true resource_overhead_excluded=true step_sum_used=false status=PASS
sample_index=51 cpu_pipeline_ms=80.9877 gpu_pipeline_ms=11.2104 cpu_resource_sampling_overhead_ms=0.146551 gpu_resource_sampling_overhead_ms=0.03265 semantic_gates=16/16 timing_direct=true resource_overhead_excluded=true step_sum_used=false status=PASS
sample_index=52 cpu_pipeline_ms=80.7024 gpu_pipeline_ms=11.0889 cpu_resource_sampling_overhead_ms=0.143792 gpu_resource_sampling_overhead_ms=0.03309 semantic_gates=16/16 timing_direct=true resource_overhead_excluded=true step_sum_used=false status=PASS
sample_index=53 cpu_pipeline_ms=80.346 gpu_pipeline_ms=11.1632 cpu_resource_sampling_overhead_ms=0.145261 gpu_resource_sampling_overhead_ms=0.0322 semantic_gates=16/16 timing_direct=true resource_overhead_excluded=true step_sum_used=false status=PASS
sample_index=54 cpu_pipeline_ms=87.3809 gpu_pipeline_ms=11.2907 cpu_resource_sampling_overhead_ms=0.139762 gpu_resource_sampling_overhead_ms=0.03243 semantic_gates=16/16 timing_direct=true resource_overhead_excluded=true step_sum_used=false status=PASS
sample_index=55 cpu_pipeline_ms=80.6853 gpu_pipeline_ms=11.2333 cpu_resource_sampling_overhead_ms=0.148921 gpu_resource_sampling_overhead_ms=0.03288 semantic_gates=16/16 timing_direct=true resource_overhead_excluded=true step_sum_used=false status=PASS
sample_index=56 cpu_pipeline_ms=80.7164 gpu_pipeline_ms=11.2282 cpu_resource_sampling_overhead_ms=0.172383 gpu_resource_sampling_overhead_ms=0.03177 semantic_gates=16/16 timing_direct=true resource_overhead_excluded=true step_sum_used=false status=PASS
sample_index=57 cpu_pipeline_ms=80.6579 gpu_pipeline_ms=11.1763 cpu_resource_sampling_overhead_ms=0.142732 gpu_resource_sampling_overhead_ms=0.032321 semantic_gates=16/16 timing_direct=true resource_overhead_excluded=true step_sum_used=false status=PASS
sample_index=58 cpu_pipeline_ms=80.2718 gpu_pipeline_ms=11.2986 cpu_resource_sampling_overhead_ms=0.141631 gpu_resource_sampling_overhead_ms=0.032181 semantic_gates=16/16 timing_direct=true resource_overhead_excluded=true step_sum_used=false status=PASS
sample_index=59 cpu_pipeline_ms=80.4398 gpu_pipeline_ms=11.1718 cpu_resource_sampling_overhead_ms=0.138621 gpu_resource_sampling_overhead_ms=0.032311 semantic_gates=16/16 timing_direct=true resource_overhead_excluded=true step_sum_used=false status=PASS
sample_index=60 cpu_pipeline_ms=80.5426 gpu_pipeline_ms=11.1644 cpu_resource_sampling_overhead_ms=0.143642 gpu_resource_sampling_overhead_ms=0.03228 semantic_gates=16/16 timing_direct=true resource_overhead_excluded=true step_sum_used=false status=PASS
sample_index=61 cpu_pipeline_ms=80.0762 gpu_pipeline_ms=11.255 cpu_resource_sampling_overhead_ms=0.145961 gpu_resource_sampling_overhead_ms=0.03234 semantic_gates=16/16 timing_direct=true resource_overhead_excluded=true step_sum_used=false status=PASS
sample_index=62 cpu_pipeline_ms=80.3619 gpu_pipeline_ms=11.6186 cpu_resource_sampling_overhead_ms=0.145051 gpu_resource_sampling_overhead_ms=0.03219 semantic_gates=16/16 timing_direct=true resource_overhead_excluded=true step_sum_used=false status=PASS
sample_index=63 cpu_pipeline_ms=81.2446 gpu_pipeline_ms=11.2679 cpu_resource_sampling_overhead_ms=0.145982 gpu_resource_sampling_overhead_ms=0.03206 semantic_gates=16/16 timing_direct=true resource_overhead_excluded=true step_sum_used=false status=PASS
sample_index=64 cpu_pipeline_ms=80.6719 gpu_pipeline_ms=11.1734 cpu_resource_sampling_overhead_ms=0.156391 gpu_resource_sampling_overhead_ms=0.032271 semantic_gates=16/16 timing_direct=true resource_overhead_excluded=true step_sum_used=false status=PASS
sample_index=65 cpu_pipeline_ms=80.4277 gpu_pipeline_ms=11.2654 cpu_resource_sampling_overhead_ms=0.15033 gpu_resource_sampling_overhead_ms=0.032121 semantic_gates=16/16 timing_direct=true resource_overhead_excluded=true step_sum_used=false status=PASS
sample_index=66 cpu_pipeline_ms=80.4042 gpu_pipeline_ms=11.2051 cpu_resource_sampling_overhead_ms=0.181432 gpu_resource_sampling_overhead_ms=0.03237 semantic_gates=16/16 timing_direct=true resource_overhead_excluded=true step_sum_used=false status=PASS
sample_index=67 cpu_pipeline_ms=80.8596 gpu_pipeline_ms=11.1283 cpu_resource_sampling_overhead_ms=0.159014 gpu_resource_sampling_overhead_ms=0.03284 semantic_gates=16/16 timing_direct=true resource_overhead_excluded=true step_sum_used=false status=PASS
sample_index=68 cpu_pipeline_ms=88.1033 gpu_pipeline_ms=12.4197 cpu_resource_sampling_overhead_ms=0.142892 gpu_resource_sampling_overhead_ms=0.033491 semantic_gates=16/16 timing_direct=true resource_overhead_excluded=true step_sum_used=false status=PASS
sample_index=69 cpu_pipeline_ms=81.3336 gpu_pipeline_ms=11.2165 cpu_resource_sampling_overhead_ms=0.147991 gpu_resource_sampling_overhead_ms=0.03256 semantic_gates=16/16 timing_direct=true resource_overhead_excluded=true step_sum_used=false status=PASS
sample_index=70 cpu_pipeline_ms=80.815 gpu_pipeline_ms=11.4289 cpu_resource_sampling_overhead_ms=0.171091 gpu_resource_sampling_overhead_ms=0.032201 semantic_gates=16/16 timing_direct=true resource_overhead_excluded=true step_sum_used=false status=PASS
sample_index=71 cpu_pipeline_ms=80.2578 gpu_pipeline_ms=11.2611 cpu_resource_sampling_overhead_ms=0.15503 gpu_resource_sampling_overhead_ms=0.03232 semantic_gates=16/16 timing_direct=true resource_overhead_excluded=true step_sum_used=false status=PASS
sample_index=72 cpu_pipeline_ms=79.9627 gpu_pipeline_ms=11.2408 cpu_resource_sampling_overhead_ms=0.152881 gpu_resource_sampling_overhead_ms=0.03265 semantic_gates=16/16 timing_direct=true resource_overhead_excluded=true step_sum_used=false status=PASS
sample_index=73 cpu_pipeline_ms=80.5441 gpu_pipeline_ms=11.1708 cpu_resource_sampling_overhead_ms=0.147531 gpu_resource_sampling_overhead_ms=0.0331 semantic_gates=16/16 timing_direct=true resource_overhead_excluded=true step_sum_used=false status=PASS
sample_index=74 cpu_pipeline_ms=80.9119 gpu_pipeline_ms=11.2663 cpu_resource_sampling_overhead_ms=0.162643 gpu_resource_sampling_overhead_ms=0.03264 semantic_gates=16/16 timing_direct=true resource_overhead_excluded=true step_sum_used=false status=PASS
sample_index=75 cpu_pipeline_ms=80.4022 gpu_pipeline_ms=11.2446 cpu_resource_sampling_overhead_ms=0.152671 gpu_resource_sampling_overhead_ms=0.03191 semantic_gates=16/16 timing_direct=true resource_overhead_excluded=true step_sum_used=false status=PASS
sample_index=76 cpu_pipeline_ms=80.5059 gpu_pipeline_ms=11.2142 cpu_resource_sampling_overhead_ms=0.142381 gpu_resource_sampling_overhead_ms=0.03243 semantic_gates=16/16 timing_direct=true resource_overhead_excluded=true step_sum_used=false status=PASS
sample_index=77 cpu_pipeline_ms=86.4006 gpu_pipeline_ms=11.2003 cpu_resource_sampling_overhead_ms=0.14983 gpu_resource_sampling_overhead_ms=0.032451 semantic_gates=16/16 timing_direct=true resource_overhead_excluded=true step_sum_used=false status=PASS
sample_index=78 cpu_pipeline_ms=81.2259 gpu_pipeline_ms=11.2976 cpu_resource_sampling_overhead_ms=0.170422 gpu_resource_sampling_overhead_ms=0.03315 semantic_gates=16/16 timing_direct=true resource_overhead_excluded=true step_sum_used=false status=PASS
sample_index=79 cpu_pipeline_ms=80.205 gpu_pipeline_ms=11.335 cpu_resource_sampling_overhead_ms=0.153801 gpu_resource_sampling_overhead_ms=0.032311 semantic_gates=16/16 timing_direct=true resource_overhead_excluded=true step_sum_used=false status=PASS
sample_index=80 cpu_pipeline_ms=80.4349 gpu_pipeline_ms=11.2447 cpu_resource_sampling_overhead_ms=0.141631 gpu_resource_sampling_overhead_ms=0.03248 semantic_gates=16/16 timing_direct=true resource_overhead_excluded=true step_sum_used=false status=PASS
sample_index=81 cpu_pipeline_ms=80.619 gpu_pipeline_ms=11.2118 cpu_resource_sampling_overhead_ms=0.142742 gpu_resource_sampling_overhead_ms=0.03248 semantic_gates=16/16 timing_direct=true resource_overhead_excluded=true step_sum_used=false status=PASS
sample_index=82 cpu_pipeline_ms=80.3448 gpu_pipeline_ms=11.405 cpu_resource_sampling_overhead_ms=0.136131 gpu_resource_sampling_overhead_ms=0.032812 semantic_gates=16/16 timing_direct=true resource_overhead_excluded=true step_sum_used=false status=PASS
sample_index=83 cpu_pipeline_ms=80.6837 gpu_pipeline_ms=11.2474 cpu_resource_sampling_overhead_ms=0.146262 gpu_resource_sampling_overhead_ms=0.03222 semantic_gates=16/16 timing_direct=true resource_overhead_excluded=true step_sum_used=false status=PASS
sample_index=84 cpu_pipeline_ms=80.6085 gpu_pipeline_ms=11.3256 cpu_resource_sampling_overhead_ms=0.147383 gpu_resource_sampling_overhead_ms=0.03152 semantic_gates=16/16 timing_direct=true resource_overhead_excluded=true step_sum_used=false status=PASS
sample_index=85 cpu_pipeline_ms=80.5403 gpu_pipeline_ms=11.2276 cpu_resource_sampling_overhead_ms=0.146612 gpu_resource_sampling_overhead_ms=0.03255 semantic_gates=16/16 timing_direct=true resource_overhead_excluded=true step_sum_used=false status=PASS
sample_index=86 cpu_pipeline_ms=80.6127 gpu_pipeline_ms=11.2715 cpu_resource_sampling_overhead_ms=0.14794 gpu_resource_sampling_overhead_ms=0.03183 semantic_gates=16/16 timing_direct=true resource_overhead_excluded=true step_sum_used=false status=PASS
sample_index=87 cpu_pipeline_ms=80.2719 gpu_pipeline_ms=11.2437 cpu_resource_sampling_overhead_ms=0.153231 gpu_resource_sampling_overhead_ms=0.032051 semantic_gates=16/16 timing_direct=true resource_overhead_excluded=true step_sum_used=false status=PASS
sample_index=88 cpu_pipeline_ms=81.1451 gpu_pipeline_ms=11.2633 cpu_resource_sampling_overhead_ms=0.13953 gpu_resource_sampling_overhead_ms=0.03205 semantic_gates=16/16 timing_direct=true resource_overhead_excluded=true step_sum_used=false status=PASS
sample_index=89 cpu_pipeline_ms=80.4171 gpu_pipeline_ms=11.1847 cpu_resource_sampling_overhead_ms=0.149392 gpu_resource_sampling_overhead_ms=0.03174 semantic_gates=16/16 timing_direct=true resource_overhead_excluded=true step_sum_used=false status=PASS
sample_index=90 cpu_pipeline_ms=80.4983 gpu_pipeline_ms=11.2467 cpu_resource_sampling_overhead_ms=0.142642 gpu_resource_sampling_overhead_ms=0.032191 semantic_gates=16/16 timing_direct=true resource_overhead_excluded=true step_sum_used=false status=PASS
sample_index=91 cpu_pipeline_ms=80.8699 gpu_pipeline_ms=11.4479 cpu_resource_sampling_overhead_ms=0.15853 gpu_resource_sampling_overhead_ms=0.03287 semantic_gates=16/16 timing_direct=true resource_overhead_excluded=true step_sum_used=false status=PASS
sample_index=92 cpu_pipeline_ms=81.5089 gpu_pipeline_ms=11.2652 cpu_resource_sampling_overhead_ms=0.14877 gpu_resource_sampling_overhead_ms=0.0322 semantic_gates=16/16 timing_direct=true resource_overhead_excluded=true step_sum_used=false status=PASS
sample_index=93 cpu_pipeline_ms=81.1734 gpu_pipeline_ms=11.9321 cpu_resource_sampling_overhead_ms=0.15239 gpu_resource_sampling_overhead_ms=0.03286 semantic_gates=16/16 timing_direct=true resource_overhead_excluded=true step_sum_used=false status=PASS
sample_index=94 cpu_pipeline_ms=85.2454 gpu_pipeline_ms=12.9877 cpu_resource_sampling_overhead_ms=0.155242 gpu_resource_sampling_overhead_ms=0.04038 semantic_gates=16/16 timing_direct=true resource_overhead_excluded=true step_sum_used=false status=PASS
sample_index=95 cpu_pipeline_ms=80.7916 gpu_pipeline_ms=11.6812 cpu_resource_sampling_overhead_ms=0.134332 gpu_resource_sampling_overhead_ms=0.03202 semantic_gates=16/16 timing_direct=true resource_overhead_excluded=true step_sum_used=false status=PASS
sample_index=96 cpu_pipeline_ms=80.8604 gpu_pipeline_ms=11.6144 cpu_resource_sampling_overhead_ms=0.154211 gpu_resource_sampling_overhead_ms=0.03265 semantic_gates=16/16 timing_direct=true resource_overhead_excluded=true step_sum_used=false status=PASS
sample_index=97 cpu_pipeline_ms=82.559 gpu_pipeline_ms=11.8693 cpu_resource_sampling_overhead_ms=0.166751 gpu_resource_sampling_overhead_ms=0.03252 semantic_gates=16/16 timing_direct=true resource_overhead_excluded=true step_sum_used=false status=PASS
sample_index=98 cpu_pipeline_ms=81.7979 gpu_pipeline_ms=11.9389 cpu_resource_sampling_overhead_ms=0.215102 gpu_resource_sampling_overhead_ms=0.03418 semantic_gates=16/16 timing_direct=true resource_overhead_excluded=true step_sum_used=false status=PASS
sample_index=99 cpu_pipeline_ms=102.486 gpu_pipeline_ms=11.9134 cpu_resource_sampling_overhead_ms=0.226011 gpu_resource_sampling_overhead_ms=0.032671 semantic_gates=16/16 timing_direct=true resource_overhead_excluded=true step_sum_used=false status=PASS
function=Task2 frozen full six-step pipeline
call_chain=Step1->Step2;Step2+Step1->Step3;Step3 dual outputs->Step4;Step4->Step5;Step5+Step4+Kalman/delay->Step6
timing=pipeline_total measured directly;not=sum(step timings)
cpu_correlation_method=direct_parallel_exact workers=255
resource_sampling_mode=same_pipeline_execution
status=PASS return_code=0
