command=build_stage08_b06_csd_336d860e7e54/stage08_spectral_analysis_csd --dtype INT32 --nx 10000 --ny 9000 --fs 1000 --nperseg 128 --noverlap 64 --nfft 128 --detrend constant --scaling density --average median --seed 86130003 --warmup 20 --measured 100 --output /tmp/ZKX_dev/results/stage08_input_preview_b06_csd_9b01dadd36f6/formal/20260810T085545Z_9b01dadd36f6_stage08_b06_formal_86710008/csd_probe_raw.json
{"run_id": "20260810T085545Z_9b01dadd36f6_stage08_b06_formal_86710008", "case_id": "csd__csd_int32_10e4__b4b58089823a159a", "operator_name": "csd", "scale_id": "csd_int32_10e4", "requested_dtype": "INT32", "output_dtype": "ComplexFP64", "backend": "fft_thrust", "nperseg": 128, "noverlap": 64, "nfft": 128, "detrend": "constant", "scaling": "density", "average": "median", "frequency_count": 65, "warmup_runs": 20, "measured_runs": 100, "mse": 4.14309e-17, "rmse": 6.43669e-09, "relative_l2": 3.84701e-11, "relative_linf": 1.19209e-10, "status": "PASS", "error_code": "OK"}
[stage08] identity and status
+--------+----------------+--------+------------+-------+--------+----------+--------------------------+--------+------------+
| target | scale_id       | device | backend    | dtype | warmup | measured | timing_scope             | status | error_code |
+--------+----------------+--------+------------+-------+--------+----------+--------------------------+--------+------------+
| csd    | csd_int32_10e4 | CPU    | fft_thrust | INT32 | 20     | 100      | compatibility/end-to-end | PASS   | OK         |
| csd    | csd_int32_10e4 | GPU    | fft_thrust | INT32 | 20     | 100      | compatibility/end-to-end | PASS   | OK         |
+--------+----------------+--------+------------+-------+--------+----------+--------------------------+--------+------------+

[stage08] timing detail
+--------+--------------+--------------------+--------------------+--------------+------------+-----------+---------------------+-----------------------+--------------------+
| device | mean_ms      | p50_ms             | p95_ms             | p99_ms       | min_ms     | max_ms    | std_ms              | cv                    | speedup            |
+--------+--------------+--------------------+--------------------+--------------+------------+-----------+---------------------+-----------------------+--------------------+
| CPU    | 103.95570277 | 103.884833         | 104.35387095       | 104.83010073 | 103.686142 | 105.28488 | 0.24582767180925158 | 0.0023647348366557684 | NA                 |
| GPU    | 2.98435048   | 2.9983760000000004 | 3.0998634500000004 | 3.148436     | 2.827475   | 3.163187  | 0.07460244963759301 | 0.024997884845480017  | 34.833610685699355 |
+--------+--------------+--------------------+--------------------+--------------+------------+-----------+---------------------+-----------------------+--------------------+

[stage08] accuracy detail
+--------------------+-------------+-------------+-------------+---------------+-------------+----------------+----------------------------------------------+--------+
| accuracy_reference | mse         | rmse        | relative_l2 | relative_linf | exact_match | mismatch_count | semantic_check                               | status |
+--------------------+-------------+-------------+-------------+---------------+-------------+----------------+----------------------------------------------+--------+
| cpu_csd_direct_dft | 4.14309e-17 | 6.43669e-09 | 3.84701e-11 | 1.19209e-10   | NA          | NA             | segmented_cross_spectrum_frequency_and_dtype | PASS   |
+--------------------+-------------+-------------+-------------+---------------+-------------+----------------+----------------------------------------------+--------+

[stage08] resource detail
+--------+------------+--------------+-------------+------------+-------------+
| device | metric     | before_bytes | after_bytes | peak_bytes | delta_bytes |
+--------+------------+--------------+-------------+------------+-------------+
| CPU    | cpu_heap   | 1706192      | 1787904     | 1788848    | 81712       |
| CPU    | rss        | 70803456     | 70803456    | 70803456   | 0           |
| GPU    | cpu_heap   | 1787904      | 1793200     | 1793680    | 5296        |
| GPU    | rss        | 70803456     | 70803456    | 70803456   | 0           |
| GPU    | gpu_memory | 357777408    | 357777408   | 357777408  | 0           |
+--------+------------+--------------+-------------+------------+-------------+

[stage08] input/output identity
+--------+------------------------------------------------------------------+------------------------------------------------------------------+
| device | input_digest                                                     | output_digest                                                    |
+--------+------------------------------------------------------------------+------------------------------------------------------------------+
| CPU    | b4b58089823a159a3f836e3dcfc11689d0ade710cd44a0546f9fa8173463f4ff | fa1cc5f54d6e92a30e00f195d89835d81e3e828b3686d43e87644735665ee59d |
| GPU    | b4b58089823a159a3f836e3dcfc11689d0ade710cd44a0546f9fa8173463f4ff | 291cd65372abd59da25b777f2706cbb30e88744b7bc864d37d06f6a19cb92554 |
+--------+------------------------------------------------------------------+------------------------------------------------------------------+

[stage08] input content
+------------+---------+-------+----------+--------------------------------------------------------------------+----------------------------------------------+
| input_name | shape   | dtype | elements | generator                                                          | values(head4/tail2)                          |
+------------+---------+-------+----------+--------------------------------------------------------------------+----------------------------------------------+
| x          | [10000] | INT32 | 10000    | spectral_modular_plus_periodic_offset(seed=86130003,integral=true) | i=0:-2;i=1:4;i=2:-1;i=3:5;i=9998:3;i=9999:-2 |
| y          | [9000]  | INT32 | 9000     | spectral_modular_plus_periodic_offset(seed=86130004,integral=true) | i=0:-1;i=1:5;i=2:0;i=3:-5;i=8998:-1;i=8999:5 |
+------------+---------+-------+----------+--------------------------------------------------------------------+----------------------------------------------+

[stage08] case parameters
+-----------------------------------------------------------------------------------------------------------------------------------------------------------------------------------+
| parameters                                                                                                                                                                        |
+-----------------------------------------------------------------------------------------------------------------------------------------------------------------------------------+
| {"average":"median","detrend":"constant","dtype":"INT32","fs":"1000","nfft":"128","noverlap":"64","nperseg":"128","nx":"10000","ny":"9000","scaling":"density","seed":"86130003"} |
+-----------------------------------------------------------------------------------------------------------------------------------------------------------------------------------+

[stage08] dtype evidence
+-----------------+--------------------+--------------+------------------------------------------------------------------+--------+
| requested_dtype | config_input_dtype | output_dtype | actual_input_digest                                              | status |
+-----------------+--------------------+--------------+------------------------------------------------------------------+--------+
| INT32           | NA                 | ComplexFP64  | b4b58089823a159a3f836e3dcfc11689d0ade710cd44a0546f9fa8173463f4ff | PASS   |
+-----------------+--------------------+--------------+------------------------------------------------------------------+--------+

[stage08] evidence files
+----------------+---------------------------------------------------------------------------------------------------------------------------------------------------------------------------------------------------------------------------------------+
| kind           | path                                                                                                                                                                                                                                  |
+----------------+---------------------------------------------------------------------------------------------------------------------------------------------------------------------------------------------------------------------------------------+
| probe_raw_json | /tmp/ZKX_dev/results/stage08_input_preview_b06_csd_9b01dadd36f6/formal/20260810T085545Z_9b01dadd36f6_stage08_b06_formal_86710008/csd_probe_raw.json                                                                                   |
| full_log       | /tmp/ZKX_dev/results/stage08_input_preview_b06_csd_9b01dadd36f6/formal/20260810T085545Z_9b01dadd36f6_stage08_b06_formal_86710008/operator_csd_full.log                                                                                |
| report_json    | /tmp/ZKX_dev/results/stage08_input_preview_b06_csd_9b01dadd36f6/formal/20260810T085545Z_9b01dadd36f6_stage08_b06_formal_86710008/operator_csd_report.json                                                                             |
| summary_txt    | /tmp/ZKX_dev/results/stage08_input_preview_b06_csd_9b01dadd36f6/formal/20260810T085545Z_9b01dadd36f6_stage08_b06_formal_86710008/operator_csd_summary.txt                                                                             |
| dtype_csv      | /tmp/ZKX_dev/results/stage08_input_preview_b06_csd_9b01dadd36f6/formal/20260810T085545Z_9b01dadd36f6_stage08_b06_formal_86710008/operator_dtype_evidence_csd_fft_thrust_20260810T085545Z_9b01dadd36f6_stage08_b06_formal_86710008.csv |
| main_csv       | /tmp/ZKX_dev/results/stage08_input_preview_b06_csd_9b01dadd36f6/formal/20260810T085545Z_9b01dadd36f6_stage08_b06_formal_86710008/operator_main_results_csd_fft_thrust_20260810T085545Z_9b01dadd36f6_stage08_b06_formal_86710008.csv   |
| memory_csv     | /tmp/ZKX_dev/results/stage08_input_preview_b06_csd_9b01dadd36f6/formal/20260810T085545Z_9b01dadd36f6_stage08_b06_formal_86710008/operator_spectral_analysis_csd_memory_trace_fft_thrust.csv                                           |
| timing_csv     | /tmp/ZKX_dev/results/stage08_input_preview_b06_csd_9b01dadd36f6/formal/20260810T085545Z_9b01dadd36f6_stage08_b06_formal_86710008/operator_timing_samples_csd_fft_thrust_20260810T085545Z_9b01dadd36f6_stage08_b06_formal_86710008.csv |
+----------------+---------------------------------------------------------------------------------------------------------------------------------------------------------------------------------------------------------------------------------------+
