[stage08-b02] operator=triang entry=cpu:triang_typed_cpu gpu:triang_device
[stage08-b02] config=test_all/configs/operators/windows/triang/operator_scales.json config_sha256=d7de5774be071f747c6bdb46d3373673771af1a8190a816ca4092657ec7a5dfd
[stage08-b02] run_type=formal scale=triang_fp16_10e3 dtype=FP16 sym=false backend=not_applicable
[stage08-b02] dtype_semantics=request_variant_no_typed_data_input typed_input_count=0 actual_input_digest=2c38ec22bc77639b93e2a6d9754d3f2496f591bfbe0e68f1bc4d9177dfcd796d
[stage08-b02] timing_scope=compatibility/end-to-end warmup=20 measured=100
[stage08-b02] cpu_mean_ms=0.010105389999999994 gpu_mean_ms=0.25640607999999998 speedup=0.039411662937165901
[stage08-b02] mse=1.6915591490001333e-16 rmse=1.3005995344456083e-08 relative_l2=2.25045291486614e-08 relative_linf=2.9742836749058199e-08
[stage08-b02] resources=available cuda_event_ms=0.27670198678970337
[stage08-b02] status=PASS error_code=OK
[stage08] identity and status
target | scale_id         | device | backend        | dtype | warmup | measured | timing_scope             | status | error_code
triang | triang_fp16_10e3 | CPU    | not_applicable | FP16  | 20     | 100      | compatibility/end-to-end | PASS   | OK        
triang | triang_fp16_10e3 | GPU    | not_applicable | FP16  | 20     | 100      | compatibility/end-to-end | PASS   | OK        

[stage08] timing detail
device | mean_ms              | p50_ms               | p95_ms              | p99_ms               | min_ms              | max_ms               | std_ms                 | cv                   | speedup             
CPU    | 0.010105389999999994 | 0.010109999999999999 | 0.01014145          | 0.010152290000000001 | 0.01                | 0.010279999999999999 | 3.1289581333089033e-05 | 0.003096325954078868 | NA                  
GPU    | 0.25640607999999998  | 0.25442200000000004  | 0.26842300000000002 | 0.29163431000000023  | 0.24358199999999999 | 0.32849299999999998  | 0.0096159880581040656  | 0.037502964274887966 | 0.039411662937165901

[stage08] accuracy detail
accuracy_reference  | mse                    | rmse                   | relative_l2          | relative_linf          | exact_match | mismatch_count | semantic_check                                                                                       | status
cpu_typed_reference | 1.6915591490001333e-16 | 1.3005995344456083e-08 | 2.25045291486614e-08 | 2.9742836749058199e-08 | NA          | NA             | finite_fp64_triangular_window_shape_parity_and_symmetry_match_cpu:shape=[1000];finite=true;sym=false | PASS  

[stage08] resource detail
device | metric     | before_bytes | after_bytes | peak_bytes | delta_bytes
CPU    | cpu_heap   | 1456624      | 1460480     | 1467376    | 3856       
CPU    | rss        | 70397952     | 70397952    | 70397952   | 0          
GPU    | cpu_heap   | 1460480      | 1463360     | 1470416    | 2880       
GPU    | rss        | 70397952     | 70397952    | 70397952   | 0          
GPU    | gpu_memory | 357777408    | 357777408   | 357777408  | 0          

[stage08] input/output identity
device | input_digest                                                     | output_digest                                                   
CPU    | 2c38ec22bc77639b93e2a6d9754d3f2496f591bfbe0e68f1bc4d9177dfcd796d | 9254692a5f95ea51301292e205958bbe26037fa2bdc59a7e903fb13c35916180
GPU    | 2c38ec22bc77639b93e2a6d9754d3f2496f591bfbe0e68f1bc4d9177dfcd796d | 03ee1e19492c933716e207afaec1a1895598f9b2fdef367f52c045d1330eea59

[stage08] dtype evidence
requested_dtype | config_input_dtype | output_dtype | actual_input_digest                                              | status
FP16            | FP16               | FP64         | 2c38ec22bc77639b93e2a6d9754d3f2496f591bfbe0e68f1bc4d9177dfcd796d | PASS  

[stage08] evidence files
kind        | path                                                                                                                                                                                                                                     
main_csv    | /tmp/ZKX_dev/results/stage08_table_rerun_triang_47ebe13410d3/formal/20260810T032047Z_47ebe13410d3_stage08_b02_formal_88220009/operator_main_results_triang_not_applicable_20260810T032047Z_47ebe13410d3_stage08_b02_formal_88220009.csv  
timing_csv  | /tmp/ZKX_dev/results/stage08_table_rerun_triang_47ebe13410d3/formal/20260810T032047Z_47ebe13410d3_stage08_b02_formal_88220009/operator_timing_samples_triang_not_applicable_20260810T032047Z_47ebe13410d3_stage08_b02_formal_88220009.csv
memory_csv  | /tmp/ZKX_dev/results/stage08_table_rerun_triang_47ebe13410d3/formal/20260810T032047Z_47ebe13410d3_stage08_b02_formal_88220009/operator_windows_triang_memory_trace_not_applicable.csv                                                    
dtype_csv   | /tmp/ZKX_dev/results/stage08_table_rerun_triang_47ebe13410d3/formal/20260810T032047Z_47ebe13410d3_stage08_b02_formal_88220009/operator_dtype_evidence_triang_not_applicable_20260810T032047Z_47ebe13410d3_stage08_b02_formal_88220009.csv
module_csv  | /tmp/ZKX_dev/results/stage08_table_rerun_triang_47ebe13410d3/formal/20260810T032047Z_47ebe13410d3_stage08_b02_formal_88220009/windows_batch02_module_summary_not_applicable_20260810T032047Z_47ebe13410d3_stage08_b02_formal_88220009.csv
report_json | /tmp/ZKX_dev/results/stage08_table_rerun_triang_47ebe13410d3/formal/20260810T032047Z_47ebe13410d3_stage08_b02_formal_88220009/operator_triang_report.json                                                                                
summary_txt | /tmp/ZKX_dev/results/stage08_table_rerun_triang_47ebe13410d3/formal/20260810T032047Z_47ebe13410d3_stage08_b02_formal_88220009/operator_triang_summary.txt                                                                                
full_log    | /tmp/ZKX_dev/results/stage08_table_rerun_triang_47ebe13410d3/formal/20260810T032047Z_47ebe13410d3_stage08_b02_formal_88220009/operator_triang_full.log                                                                                   
results_dir | /tmp/ZKX_dev/results/stage08_table_rerun_triang_47ebe13410d3/formal/20260810T032047Z_47ebe13410d3_stage08_b02_formal_88220009                                                                                                            
