command=build/stage07_b06_cubic_6132f71/stage07_cubic --dtype INT8 --count 128 --order 3 --warmup 20 --measured 100 --output /tmp/ZKX_dev/results/stage07_b06_formal_6132f71/formal/20260810T110447Z_6132f71eb1e0_stage07_b06_formal_cf486826/cubic_probe_raw.json
STAGE07_TASK_FINAL_PROBE PASS operator=cubic dtype=INT8
{"run_id": "20260810T110447Z_6132f71eb1e0_stage07_b06_formal_cf486826", "case_id": "cubic__cubic_int8_10e2__2403a31f280766f0", "operator_name": "cubic", "task_name": "Task2", "step_name": "Step3", "scale_id": "cubic_int8_10e2", "requested_dtype": "INT8", "input_content": [{"input_name": "x", "shape": "[128]", "dtype": "INT8", "element_count": "128", "generator": "deterministic_cubic_domain", "preview_head4_tail2": "i=0:-3;i=1:-2;i=2:-2;i=3:-2;i=126:2;i=127:3"}], "case_parameters": {"count": 128, "output_count": 128}, "output_dtype": "INT8", "backend": "not_applicable", "warmup_runs": 20, "measured_runs": 100, "output_count": 128, "actual_input_digest": "2403a31f280766f0c36a7a3165aa5cb26c0de6764e4a44f6a6fa4b70b76b6af9", "typed_array_digest": "20b0dd66106d58dd04e95e0db33ffc47819146273ab05721ec75b53a554ec1cb", "status": "PASS", "error_code": "OK", "mse": 0, "rmse": 0, "relative_l2": 0, "relative_linf": 0}
[stage07] identity and status
+--------+-----------------+--------+----------------+-------+--------+----------+--------------------------+--------+------------+
| target | scale_id        | device | backend        | dtype | warmup | measured | timing_scope             | status | error_code |
+--------+-----------------+--------+----------------+-------+--------+----------+--------------------------+--------+------------+
| cubic  | cubic_int8_10e2 | CPU    | not_applicable | INT8  | 20     | 100      | compatibility/end-to-end | PASS   | OK         |
| cubic  | cubic_int8_10e2 | GPU    | not_applicable | INT8  | 20     | 100      | compatibility/end-to-end | PASS   | OK         |
+--------+-----------------+--------+----------------+-------+--------+----------+--------------------------+--------+------------+

[stage07] timing detail
+--------+------------+---------------------+---------------------+------------------------+----------+----------+------------------------+----------------------+-----------------------+
| device | mean_ms    | p50_ms              | p95_ms              | p99_ms                 | min_ms   | max_ms   | std_ms                 | cv                   | speedup               |
+--------+------------+---------------------+---------------------+------------------------+----------+----------+------------------------+----------------------+-----------------------+
| CPU    | 0.0002066  | 0.00021             | 0.00021             | 0.00021090000000000046 | 0.0002   | 0.0003   | 1.0603772913449246e-05 | 0.051325135108660436 | NA                    |
| GPU    | 0.18570084 | 0.18350349999999999 | 0.19236454999999997 | 0.24957461000000006    | 0.180093 | 0.259535 | 0.010421002849745318   | 0.05611715514989225  | 0.0011125420865086017 |
+--------+------------+---------------------+---------------------+------------------------+----------+----------+------------------------+----------------------+-----------------------+

[stage07] accuracy detail
+---------------------------+-----+------+-------------+---------------+-------------+----------------+----------------------------------------------------------+--------+
| reference                 | mse | rmse | relative_l2 | relative_linf | exact_match | mismatch_count | semantic_check                                           | status |
+---------------------------+-----+------+-------------+---------------+-------------+----------------+----------------------------------------------------------+--------+
| typed_cpu_task2_reference | 0   | 0    | 0           | 0             | NA          | NA             | output_count=128;output_dtype=INT8;task_gpu_call=present | PASS   |
+---------------------------+-----+------+-------------+---------------+-------------+----------------+----------------------------------------------------------+--------+

[stage07] resource detail
+--------+------------+--------------+-------------+------------+-------------+
| device | metric     | before_bytes | after_bytes | peak_bytes | delta_bytes |
+--------+------------+--------------+-------------+------------+-------------+
| CPU    | cpu_heap   | 1353152      | 1357216     | 1357216    | 4064        |
| CPU    | rss        | 69480448     | 69480448    | 69480448   | 0           |
| GPU    | cpu_heap   | 1357312      | 1360176     | 1360176    | 2864        |
| GPU    | rss        | 69480448     | 69480448    | 69480448   | 0           |
| GPU    | gpu_memory | 341000192    | 341000192   | 341000192  | 0           |
+--------+------------+--------------+-------------+------------+-------------+

[stage07] input content
+------------+-------+-------+----------+----------------------------+---------------------------------------------+
| input_name | shape | dtype | elements | generator                  | values(head4/tail2)                         |
+------------+-------+-------+----------+----------------------------+---------------------------------------------+
| x          | [128] | INT8  | 128      | deterministic_cubic_domain | i=0:-3;i=1:-2;i=2:-2;i=3:-2;i=126:2;i=127:3 |
+------------+-------+-------+----------+----------------------------+---------------------------------------------+

[stage07] case parameters
+----------------------------------+
| parameters                       |
+----------------------------------+
| {"count":128,"output_count":128} |
+----------------------------------+

[stage07] input and output identity
+--------+------------------------------------------------------------------+------------------------------------------------------------------+
| device | input_digest                                                     | output_digest                                                    |
+--------+------------------------------------------------------------------+------------------------------------------------------------------+
| CPU    | 2403a31f280766f0c36a7a3165aa5cb26c0de6764e4a44f6a6fa4b70b76b6af9 | 38723a2e5e8a17aa7950dc008209944e898f69a7bd10a23c839d341e935fd5ca |
| GPU    | 2403a31f280766f0c36a7a3165aa5cb26c0de6764e4a44f6a6fa4b70b76b6af9 | 38723a2e5e8a17aa7950dc008209944e898f69a7bd10a23c839d341e935fd5ca |
+--------+------------------------------------------------------------------+------------------------------------------------------------------+

[stage07] dtype evidence
+-----------------+--------------------+--------------+------------------------------------------------------------------+------------------------------------------------------------------+----------------------+
| requested_dtype | config_input_dtype | output_dtype | typed_array_digest                                               | actual_input_digest                                              | task_gpu_call_status |
+-----------------+--------------------+--------------+------------------------------------------------------------------+------------------------------------------------------------------+----------------------+
| INT8            | INT8               | INT8         | 20b0dd66106d58dd04e95e0db33ffc47819146273ab05721ec75b53a554ec1cb | 2403a31f280766f0c36a7a3165aa5cb26c0de6764e4a44f6a6fa4b70b76b6af9 | proved_gpu_cpu       |
+-----------------+--------------------+--------------+------------------------------------------------------------------+------------------------------------------------------------------+----------------------+

[stage07] evidence files
+-------------+-----------------------------------------------------------------------------------------------------------------------------------------------------------------------------------------------------------------------------+
| kind        | path                                                                                                                                                                                                                        |
+-------------+-----------------------------------------------------------------------------------------------------------------------------------------------------------------------------------------------------------------------------+
| main_csv    | /tmp/ZKX_dev/results/stage07_b06_formal_6132f71/formal/20260810T110447Z_6132f71eb1e0_stage07_b06_formal_cf486826/operator_main_results_cubic_not_applicable_20260810T110447Z_6132f71eb1e0_stage07_b06_formal_cf486826.csv   |
| timing_csv  | /tmp/ZKX_dev/results/stage07_b06_formal_6132f71/formal/20260810T110447Z_6132f71eb1e0_stage07_b06_formal_cf486826/operator_timing_samples_cubic_not_applicable_20260810T110447Z_6132f71eb1e0_stage07_b06_formal_cf486826.csv |
| memory_csv  | /tmp/ZKX_dev/results/stage07_b06_formal_6132f71/formal/20260810T110447Z_6132f71eb1e0_stage07_b06_formal_cf486826/operator_bsplines_cubic_memory_trace_not_applicable.csv                                                    |
| dtype_csv   | /tmp/ZKX_dev/results/stage07_b06_formal_6132f71/formal/20260810T110447Z_6132f71eb1e0_stage07_b06_formal_cf486826/operator_dtype_evidence_cubic_not_applicable_20260810T110447Z_6132f71eb1e0_stage07_b06_formal_cf486826.csv |
| report_json | /tmp/ZKX_dev/results/stage07_b06_formal_6132f71/formal/20260810T110447Z_6132f71eb1e0_stage07_b06_formal_cf486826/operator_cubic_report.json                                                                                 |
| summary_txt | /tmp/ZKX_dev/results/stage07_b06_formal_6132f71/formal/20260810T110447Z_6132f71eb1e0_stage07_b06_formal_cf486826/operator_cubic_summary.txt                                                                                 |
| full_log    | /tmp/ZKX_dev/results/stage07_b06_formal_6132f71/formal/20260810T110447Z_6132f71eb1e0_stage07_b06_formal_cf486826/operator_cubic_full.log                                                                                    |
| result_dir  | /tmp/ZKX_dev/results/stage07_b06_formal_6132f71/formal/20260810T110447Z_6132f71eb1e0_stage07_b06_formal_cf486826                                                                                                            |
+-------------+-----------------------------------------------------------------------------------------------------------------------------------------------------------------------------------------------------------------------------+
