command=build/stage07_b06_kalman_filter_6132f71/stage07_kalman_filter --dtype INT32 --count 10000 --order 3 --warmup 20 --measured 100 --output /tmp/ZKX_dev/results/stage07_b06_formal_6132f71/formal/20260810T110509Z_6132f71eb1e0_stage07_b06_formal_251c0126/kalman_filter_probe_raw.json
STAGE07_TASK_FINAL_PROBE PASS operator=kalman_filter dtype=INT32
{"run_id": "20260810T110509Z_6132f71eb1e0_stage07_b06_formal_251c0126", "case_id": "kalman_filter__kalman_filter_int32_10e4__f95867230e09cba3", "operator_name": "kalman_filter", "task_name": "Task2", "step_name": "Step6", "scale_id": "kalman_filter_int32_10e4", "requested_dtype": "INT32", "input_content": [{"input_name": "observations", "shape": "[10000]", "dtype": "INT32", "element_count": "10000", "generator": "deterministic_task2_observations", "preview_head4_tail2": "i=0:1;i=1:1;i=2:1;i=3:1;i=9998:1;i=9999:1"}], "case_parameters": {"observation_count": 10000, "f": 1, "q": 1, "alpha_sq": 1, "h": 1, "r": 2, "output_count": 2, "execution_dtype": "FP32_TASK_SEQUENCE"}, "output_dtype": "FP32_STATE_COVARIANCE", "backend": "not_applicable", "warmup_runs": 20, "measured_runs": 100, "output_count": 2, "actual_input_digest": "f95867230e09cba33b7e496448fc874f10f6264faa64c94c6e372b36bf9accfd", "typed_array_digest": "0f4c548fa72acc4a4914076721d11d7ed8d738653b6c38fbc5270e5cc6b3f432", "status": "PASS", "error_code": "OK", "mse": 0, "rmse": 0, "relative_l2": 0, "relative_linf": 0}
[stage07] identity and status
+---------------+--------------------------+--------+----------------+-------+--------+----------+--------------------------+--------+------------+
| target        | scale_id                 | device | backend        | dtype | warmup | measured | timing_scope             | status | error_code |
+---------------+--------------------------+--------+----------------+-------+--------+----------+--------------------------+--------+------------+
| kalman_filter | kalman_filter_int32_10e4 | CPU    | not_applicable | INT32 | 20     | 100      | compatibility/end-to-end | PASS   | OK         |
| kalman_filter | kalman_filter_int32_10e4 | GPU    | not_applicable | INT32 | 20     | 100      | compatibility/end-to-end | PASS   | OK         |
+---------------+--------------------------+--------+----------------+-------+--------+----------+--------------------------+--------+------------+

[stage07] timing detail
+--------+-------------------+--------------------+--------------------+--------------------+----------+----------+----------------------+----------------------+--------------------+
| device | mean_ms           | p50_ms             | p95_ms             | p99_ms             | min_ms   | max_ms   | std_ms               | cv                   | speedup            |
+--------+-------------------+--------------------+--------------------+--------------------+----------+----------+----------------------+----------------------+--------------------+
| CPU    | 5.476727879999999 | 5.476275           | 5.5039700499999995 | 5.5142381899999995 | 5.422399 | 5.51495  | 0.02284250820916123  | 0.004170831326598836 | NA                 |
| GPU    | 4.5268401         | 4.5236374999999995 | 4.555621           | 4.6280459          | 4.495112 | 4.643975 | 0.021456152962029327 | 0.004739763828200896 | 1.2098346217265326 |
+--------+-------------------+--------------------+--------------------+--------------------+----------+----------+----------------------+----------------------+--------------------+

[stage07] accuracy detail
+---------------------------+-----+------+-------------+---------------+-------------+----------------+-------------------------------------------------------------------------+--------+
| reference                 | mse | rmse | relative_l2 | relative_linf | exact_match | mismatch_count | semantic_check                                                          | status |
+---------------------------+-----+------+-------------+---------------+-------------+----------------+-------------------------------------------------------------------------+--------+
| typed_cpu_task2_reference | 0   | 0    | 0           | 0             | NA          | NA             | output_count=2;output_dtype=FP32_STATE_COVARIANCE;task_gpu_call=present | PASS   |
+---------------------------+-----+------+-------------+---------------+-------------+----------------+-------------------------------------------------------------------------+--------+

[stage07] resource detail
+--------+------------+--------------+-------------+------------+-------------+
| device | metric     | before_bytes | after_bytes | peak_bytes | delta_bytes |
+--------+------------+--------------+-------------+------------+-------------+
| CPU    | cpu_heap   | 1473536      | 1516336     | 1516336    | 42800       |
| CPU    | rss        | 69718016     | 69718016    | 69718016   | 0           |
| GPU    | cpu_heap   | 1516432      | 1519520     | 1522320    | 3088        |
| GPU    | rss        | 69718016     | 69718016    | 69718016   | 0           |
| GPU    | gpu_memory | 357777408    | 357777408   | 357777408  | 0           |
+--------+------------+--------------+-------------+------------+-------------+

[stage07] input content
+--------------+---------+-------+----------+----------------------------------+-------------------------------------------+
| input_name   | shape   | dtype | elements | generator                        | values(head4/tail2)                       |
+--------------+---------+-------+----------+----------------------------------+-------------------------------------------+
| observations | [10000] | INT32 | 10000    | deterministic_task2_observations | i=0:1;i=1:1;i=2:1;i=3:1;i=9998:1;i=9999:1 |
+--------------+---------+-------+----------+----------------------------------+-------------------------------------------+

[stage07] case parameters
+--------------------------------------------------------------------------------------------------------------------------+
| parameters                                                                                                               |
+--------------------------------------------------------------------------------------------------------------------------+
| {"alpha_sq":1,"execution_dtype":"FP32_TASK_SEQUENCE","f":1,"h":1,"observation_count":10000,"output_count":2,"q":1,"r":2} |
+--------------------------------------------------------------------------------------------------------------------------+

[stage07] input and output identity
+--------+------------------------------------------------------------------+------------------------------------------------------------------+
| device | input_digest                                                     | output_digest                                                    |
+--------+------------------------------------------------------------------+------------------------------------------------------------------+
| CPU    | f95867230e09cba33b7e496448fc874f10f6264faa64c94c6e372b36bf9accfd | 80b8fd6d60fa85fd14a38b5295cb92abd80dfec5ca406c9f969609a79d36809d |
| GPU    | f95867230e09cba33b7e496448fc874f10f6264faa64c94c6e372b36bf9accfd | 80b8fd6d60fa85fd14a38b5295cb92abd80dfec5ca406c9f969609a79d36809d |
+--------+------------------------------------------------------------------+------------------------------------------------------------------+

[stage07] dtype evidence
+-----------------+--------------------+-----------------------+------------------------------------------------------------------+------------------------------------------------------------------+----------------------+
| requested_dtype | config_input_dtype | output_dtype          | typed_array_digest                                               | actual_input_digest                                              | task_gpu_call_status |
+-----------------+--------------------+-----------------------+------------------------------------------------------------------+------------------------------------------------------------------+----------------------+
| INT32           | INT32              | FP32_STATE_COVARIANCE | 0f4c548fa72acc4a4914076721d11d7ed8d738653b6c38fbc5270e5cc6b3f432 | f95867230e09cba33b7e496448fc874f10f6264faa64c94c6e372b36bf9accfd | proved_gpu_cpu       |
+-----------------+--------------------+-----------------------+------------------------------------------------------------------+------------------------------------------------------------------+----------------------+

[stage07] evidence files
+-------------+-------------------------------------------------------------------------------------------------------------------------------------------------------------------------------------------------------------------------------------+
| kind        | path                                                                                                                                                                                                                                |
+-------------+-------------------------------------------------------------------------------------------------------------------------------------------------------------------------------------------------------------------------------------+
| main_csv    | /tmp/ZKX_dev/results/stage07_b06_formal_6132f71/formal/20260810T110509Z_6132f71eb1e0_stage07_b06_formal_251c0126/operator_main_results_kalman_filter_not_applicable_20260810T110509Z_6132f71eb1e0_stage07_b06_formal_251c0126.csv   |
| timing_csv  | /tmp/ZKX_dev/results/stage07_b06_formal_6132f71/formal/20260810T110509Z_6132f71eb1e0_stage07_b06_formal_251c0126/operator_timing_samples_kalman_filter_not_applicable_20260810T110509Z_6132f71eb1e0_stage07_b06_formal_251c0126.csv |
| memory_csv  | /tmp/ZKX_dev/results/stage07_b06_formal_6132f71/formal/20260810T110509Z_6132f71eb1e0_stage07_b06_formal_251c0126/operator_estimation_kalman_filter_memory_trace_not_applicable.csv                                                  |
| dtype_csv   | /tmp/ZKX_dev/results/stage07_b06_formal_6132f71/formal/20260810T110509Z_6132f71eb1e0_stage07_b06_formal_251c0126/operator_dtype_evidence_kalman_filter_not_applicable_20260810T110509Z_6132f71eb1e0_stage07_b06_formal_251c0126.csv |
| report_json | /tmp/ZKX_dev/results/stage07_b06_formal_6132f71/formal/20260810T110509Z_6132f71eb1e0_stage07_b06_formal_251c0126/operator_kalman_filter_report.json                                                                                 |
| summary_txt | /tmp/ZKX_dev/results/stage07_b06_formal_6132f71/formal/20260810T110509Z_6132f71eb1e0_stage07_b06_formal_251c0126/operator_kalman_filter_summary.txt                                                                                 |
| full_log    | /tmp/ZKX_dev/results/stage07_b06_formal_6132f71/formal/20260810T110509Z_6132f71eb1e0_stage07_b06_formal_251c0126/operator_kalman_filter_full.log                                                                                    |
| result_dir  | /tmp/ZKX_dev/results/stage07_b06_formal_6132f71/formal/20260810T110509Z_6132f71eb1e0_stage07_b06_formal_251c0126                                                                                                                    |
+-------------+-------------------------------------------------------------------------------------------------------------------------------------------------------------------------------------------------------------------------------------+
