command=build_stage08_b04_correlate2d_e458c69972d3/stage08_convolution_correlate2d --dtype FP32 --rows1 32 --cols1 32 --rows2 5 --cols2 4 --mode full --boundary wrap --fillvalue 0 --seed 84010002 --warmup 20 --measured 100 --output /tmp/ZKX_dev/results/stage08_input_preview_b04_correlate2d_db927ed96663/formal/20260810T083651Z_db927ed96663_stage08_b04_formal_b4010002/correlate2d_probe_raw.json
STAGE08_CORRELATE2D_PROBE PASS dtype=FP32 mode=full boundary=wrap backend=not_applicable
{"actual_input_digest": "7c9e5187036c8684055860907fba8b68f0ca94495baea897b21d89ad722e1096", "backend": "not_applicable", "boundary": "wrap", "boundary_effect": "active", "case_id": "correlate2d__correlate2d_fp32_10e3__7c9e5187036c8684", "compute_dtype": "FP32", "dtype_semantics": "actual_same_dtype_arrays_native_direct", "error_code": "OK", "fft_dtype": "not_applicable", "measured_runs": 100, "metrics": {"exact_match": true, "mismatch_count": 0, "mse": 0, "relative_l2": 0, "relative_linf": 0, "rmse": 0}, "mode": "full", "native_capability": "native", "operator_name": "correlate2d", "output_dtype": "FP32", "requested_dtype": "FP32", "run_id": "20260810T083651Z_db927ed96663_stage08_b04_formal_b4010002", "scale_id": "correlate2d_fp32_10e3", "schema_version": 1, "status": "PASS", "typed_input_count": 2, "typed_input_names": "in1|in2", "warmup_runs": 20}
[stage08] identity and status
+-------------+-----------------------+--------+----------------+-------+--------+----------+--------------------------+--------+------------+
| target      | scale_id              | device | backend        | dtype | warmup | measured | timing_scope             | status | error_code |
+-------------+-----------------------+--------+----------------+-------+--------+----------+--------------------------+--------+------------+
| correlate2d | correlate2d_fp32_10e3 | CPU    | not_applicable | FP32  | 20     | 100      | compatibility/end-to-end | PASS   | OK         |
| correlate2d | correlate2d_fp32_10e3 | GPU    | not_applicable | FP32  | 20     | 100      | compatibility/end-to-end | PASS   | OK         |
+-------------+-----------------------+--------+----------------+-------+--------+----------+--------------------------+--------+------------+

[stage08] timing detail
+--------+---------------------+---------------------+---------------------+---------------------+---------------------+---------------------+-----------------------+----------------------+--------------------+
| device | mean_ms             | p50_ms              | p95_ms              | p99_ms              | min_ms              | max_ms              | std_ms                | cv                   | speedup            |
+--------+---------------------+---------------------+---------------------+---------------------+---------------------+---------------------+-----------------------+----------------------+--------------------+
| CPU    | 0.64729446999999996 | 0.64530350000000003 | 0.65566249999999993 | 0.66000770000000031 | 0.64457299999999995 | 0.70700300000000005 | 0.0069633751951980937 | 0.010757662111956702 | NA                 |
| GPU    | 0.38029762          | 0.37828600000000001 | 0.39180549999999997 | 0.40458650000000007 | 0.37043199999999998 | 0.42285200000000001 | 0.0073823087916721547 | 0.019411924775317169 | 1.7020734181823172 |
+--------+---------------------+---------------------+---------------------+---------------------+---------------------+---------------------+-----------------------+----------------------+--------------------+

[stage08] accuracy detail
+-------------------------------------------+-----+------+-------------+---------------+-------------+----------------+---------------------------------------------------------------------------------------------------------------+--------+
| accuracy_reference                        | mse | rmse | relative_l2 | relative_linf | exact_match | mismatch_count | semantic_check                                                                                                | status |
+-------------------------------------------+-----+------+-------------+---------------+-------------+----------------+---------------------------------------------------------------------------------------------------------------+--------+
| cpu_independent_boundary_direct_reference | 0   | 0    | 0           | 0             | true        | 0              | shape_mode_boundary_fill_and_same_dtype_output_match_cpu:mode=full;boundary=wrap;valid_boundary_effect=active | PASS   |
+-------------------------------------------+-----+------+-------------+---------------+-------------+----------------+---------------------------------------------------------------------------------------------------------------+--------+

[stage08] resource detail
+--------+------------+--------------+-------------+------------+-------------+
| device | metric     | before_bytes | after_bytes | peak_bytes | delta_bytes |
+--------+------------+--------------+-------------+------------+-------------+
| CPU    | cpu_heap   | 1476672      | 1489216     | 1489216    | 12544       |
| CPU    | rss        | 69746688     | 69746688    | 69746688   | 0           |
| GPU    | cpu_heap   | 1489216      | 1497360     | 1497360    | 8144        |
| GPU    | rss        | 69746688     | 69746688    | 69746688   | 0           |
| GPU    | gpu_memory | 408322048    | 408322048   | 408322048  | 0           |
+--------+------------+--------------+-------------+------------+-------------+

[stage08] input/output identity
+--------+------------------------------------------------------------------+------------------------------------------------------------------+
| device | input_digest                                                     | output_digest                                                    |
+--------+------------------------------------------------------------------+------------------------------------------------------------------+
| CPU    | 7c9e5187036c8684055860907fba8b68f0ca94495baea897b21d89ad722e1096 | 631d50dbdc40238277c9f2f021e64c07431a3e73e268693803730a0af757234a |
| GPU    | 7c9e5187036c8684055860907fba8b68f0ca94495baea897b21d89ad722e1096 | 631d50dbdc40238277c9f2f021e64c07431a3e73e268693803730a0af757234a |
+--------+------------------------------------------------------------------+------------------------------------------------------------------+

[stage08] input content
+------------+---------+-------+----------+--------------------------------------------------------+-----------------------------------------------------------+
| input_name | shape   | dtype | elements | generator                                              | values(head4/tail2)                                       |
+------------+---------+-------+----------+--------------------------------------------------------+-----------------------------------------------------------+
| in1        | [32x32] | FP32  | 1024     | correlate_modular(seed=84010002,salt=3,integral=false) | i=0:-0.75;i=1:0.75;i=2:-0.5;i=3:1;i=1022:0.5;i=1023:-0.75 |
| in2        | [5x4]   | FP32  | 20       | correlate_modular(seed=84010002,salt=7,integral=false) | i=0:0.25;i=1:-1;i=2:0.5;i=3:-0.75;i=18:-0.25;i=19:1.25    |
+------------+---------+-------+----------+--------------------------------------------------------+-----------------------------------------------------------+

[stage08] case parameters
+--------------------------------------------------------------------------------------------------------------------------------------+
| parameters                                                                                                                           |
+--------------------------------------------------------------------------------------------------------------------------------------+
| {"boundary":"wrap","cols1":"32","cols2":"4","dtype":"FP32","fillvalue":"0","mode":"full","rows1":"32","rows2":"5","seed":"84010002"} |
+--------------------------------------------------------------------------------------------------------------------------------------+

[stage08] dtype evidence
+-----------------+--------------------+--------------+------------------------------------------------------------------+--------+
| requested_dtype | config_input_dtype | output_dtype | actual_input_digest                                              | status |
+-----------------+--------------------+--------------+------------------------------------------------------------------+--------+
| FP32            | NA                 | FP32         | 7c9e5187036c8684055860907fba8b68f0ca94495baea897b21d89ad722e1096 | PASS   |
+-----------------+--------------------+--------------+------------------------------------------------------------------+--------+

[stage08] evidence files
+----------------+-----------------------------------------------------------------------------------------------------------------------------------------------------------------------------------------------------------------------------------------------------------+
| kind           | path                                                                                                                                                                                                                                                      |
+----------------+-----------------------------------------------------------------------------------------------------------------------------------------------------------------------------------------------------------------------------------------------------------+
| probe_raw_json | /tmp/ZKX_dev/results/stage08_input_preview_b04_correlate2d_db927ed96663/formal/20260810T083651Z_db927ed96663_stage08_b04_formal_b4010002/correlate2d_probe_raw.json                                                                                       |
| memory_csv     | /tmp/ZKX_dev/results/stage08_input_preview_b04_correlate2d_db927ed96663/formal/20260810T083651Z_db927ed96663_stage08_b04_formal_b4010002/operator_convolution_correlate2d_memory_trace_not_applicable.csv                                                 |
| full_log       | /tmp/ZKX_dev/results/stage08_input_preview_b04_correlate2d_db927ed96663/formal/20260810T083651Z_db927ed96663_stage08_b04_formal_b4010002/operator_correlate2d_full.log                                                                                    |
| report_json    | /tmp/ZKX_dev/results/stage08_input_preview_b04_correlate2d_db927ed96663/formal/20260810T083651Z_db927ed96663_stage08_b04_formal_b4010002/operator_correlate2d_report.json                                                                                 |
| summary_txt    | /tmp/ZKX_dev/results/stage08_input_preview_b04_correlate2d_db927ed96663/formal/20260810T083651Z_db927ed96663_stage08_b04_formal_b4010002/operator_correlate2d_summary.txt                                                                                 |
| dtype_csv      | /tmp/ZKX_dev/results/stage08_input_preview_b04_correlate2d_db927ed96663/formal/20260810T083651Z_db927ed96663_stage08_b04_formal_b4010002/operator_dtype_evidence_correlate2d_not_applicable_20260810T083651Z_db927ed96663_stage08_b04_formal_b4010002.csv |
| main_csv       | /tmp/ZKX_dev/results/stage08_input_preview_b04_correlate2d_db927ed96663/formal/20260810T083651Z_db927ed96663_stage08_b04_formal_b4010002/operator_main_results_correlate2d_not_applicable_20260810T083651Z_db927ed96663_stage08_b04_formal_b4010002.csv   |
| timing_csv     | /tmp/ZKX_dev/results/stage08_input_preview_b04_correlate2d_db927ed96663/formal/20260810T083651Z_db927ed96663_stage08_b04_formal_b4010002/operator_timing_samples_correlate2d_not_applicable_20260810T083651Z_db927ed96663_stage08_b04_formal_b4010002.csv |
+----------------+-----------------------------------------------------------------------------------------------------------------------------------------------------------------------------------------------------------------------------------------------------------+
