command=build_stage08_b03_resample_35406beea576/stage08_filtering_resample --dtype FP32 --rows 32 --cols 32 --output-count 24 --domain time --seed 83310002 --warmup 20 --measured 100 --output /tmp/ZKX_dev/results/stage08_table_rerun_resample_47ebe13410d3/formal/20260810T033026Z_47ebe13410d3_stage08_b03_formal_88330001/resample_probe_raw.json
STAGE08_RESAMPLE_PROBE PASS dtype=FP32 shape=32x32 output_count=24 domain=time backend=fft_thrust
{"actual_input_digest": "ec3ac263d453ce8fe4e6e158363ed9cb286857cd644590bc6579942f6d10483d", "axis": 1, "backend": "fft_thrust", "case_id": "resample__resample_fp32_10e3__ec3ac263d453ce8f", "compute_dtype": "FP32", "domain": "time", "dtype_semantics": "actual_typed_array_input_fp32_fft_resample_extension", "error_code": "OK", "fft_dtype": "ComplexFP32", "measured_runs": 100, "metrics": {"mse": 5.802765696549975e-14, "relative_l2": 1.6116989642174403e-07, "relative_linf": 3.11832532209572e-07, "rmse": 2.408893043817009e-07}, "operator_name": "resample", "output_dtype": "FP32", "output_sample_count": 24, "requested_dtype": "FP32", "run_id": "20260810T033026Z_47ebe13410d3_stage08_b03_formal_88330001", "scale_id": "resample_fp32_10e3", "schema_version": 1, "status": "PASS", "typed_input_count": 1, "typed_input_names": "x", "warmup_runs": 20}
[stage08] identity and status
+----------+--------------------+--------+------------+-------+--------+----------+--------------------------+--------+------------+
| target   | scale_id           | device | backend    | dtype | warmup | measured | timing_scope             | status | error_code |
+----------+--------------------+--------+------------+-------+--------+----------+--------------------------+--------+------------+
| resample | resample_fp32_10e3 | CPU    | fft_thrust | FP32  | 20     | 100      | compatibility/end-to-end | PASS   | OK         |
| resample | resample_fp32_10e3 | GPU    | fft_thrust | FP32  | 20     | 100      | compatibility/end-to-end | PASS   | OK         |
+----------+--------------------+--------+------------+-------+--------+----------+--------------------------+--------+------------+

[stage08] timing detail
+--------+--------------------+--------------------+--------------------+-------------+--------------------+--------------------+-----------------------+-----------------------+---------------------+
| device | mean_ms            | p50_ms             | p95_ms             | p99_ms      | min_ms             | max_ms             | std_ms                | cv                    | speedup             |
+--------+--------------------+--------------------+--------------------+-------------+--------------------+--------------------+-----------------------+-----------------------+---------------------+
| CPU    | 3.0750850600000001 | 3.0755980000000003 | 3.0828344999999997 | 3.08441901  | 3.0649380000000002 | 3.0855090000000001 | 0.0049772187169542697 | 0.0016185629404847322 | NA                  |
| GPU    | 25.676976410000002 | 28.152229500000001 | 28.802546100000001 | 28.97140374 | 20.844147          | 29.156904000000001 | 3.5966270075623776    | 0.14007206106096109   | 0.11976040367441378 |
+--------+--------------------+--------------------+--------------------+-------------+--------------------+--------------------+-----------------------+-----------------------+---------------------+

[stage08] accuracy detail
+--------------------------------------+------------------------+------------------------+------------------------+------------------------+-------------+----------------+----------------------------------------------------------------------------------------------------------------------+--------+
| accuracy_reference                   | mse                    | rmse                   | relative_l2            | relative_linf          | exact_match | mismatch_count | semantic_check                                                                                                       | status |
+--------------------------------------+------------------------+------------------------+------------------------+------------------------+-------------+----------------+----------------------------------------------------------------------------------------------------------------------+--------+
| cpu_typed_double_direct_dft_resample | 5.8027656965499748e-14 | 2.4088930438170089e-07 | 1.6116989642174403e-07 | 3.1183253220957203e-07 | NA          | NA             | finite_resampled_signal_shape_domain_and_output_dtype_match_cpu:shape=[32, 32];axis=1;num=24;domain=time;finite=true | PASS   |
+--------------------------------------+------------------------+------------------------+------------------------+------------------------+-------------+----------------+----------------------------------------------------------------------------------------------------------------------+--------+

[stage08] resource detail
+--------+------------+--------------+-------------+------------+-------------+
| device | metric     | before_bytes | after_bytes | peak_bytes | delta_bytes |
+--------+------------+--------------+-------------+------------+-------------+
| CPU    | cpu_heap   | 2023104      | 2031120     | 2033088    | 8016        |
| CPU    | rss        | 71294976     | 71294976    | 71294976   | 0           |
| GPU    | cpu_heap   | 2031120      | 2033312     | 2033312    | 2192        |
| GPU    | rss        | 71294976     | 71294976    | 71294976   | 0           |
| GPU    | gpu_memory | 357777408    | 357777408   | 357777408  | 0           |
+--------+------------+--------------+-------------+------------+-------------+

[stage08] input/output identity
+--------+------------------------------------------------------------------+------------------------------------------------------------------+
| device | input_digest                                                     | output_digest                                                    |
+--------+------------------------------------------------------------------+------------------------------------------------------------------+
| CPU    | ec3ac263d453ce8fe4e6e158363ed9cb286857cd644590bc6579942f6d10483d | 7727fbb61f79ac59b4ff3b7b6b8cba812ef7d91bfa4a74527d186e6b326c25d8 |
| GPU    | ec3ac263d453ce8fe4e6e158363ed9cb286857cd644590bc6579942f6d10483d | 9cce4ccc39bd3df7a0ef6f5227224467f1c727fe9adf9f50764e48651e795319 |
+--------+------------------------------------------------------------------+------------------------------------------------------------------+

[stage08] dtype evidence
+-----------------+--------------------+--------------+------------------------------------------------------------------+--------+
| requested_dtype | config_input_dtype | output_dtype | actual_input_digest                                              | status |
+-----------------+--------------------+--------------+------------------------------------------------------------------+--------+
| FP32            | NA                 | FP32         | ec3ac263d453ce8fe4e6e158363ed9cb286857cd644590bc6579942f6d10483d | PASS   |
+-----------------+--------------------+--------------+------------------------------------------------------------------+--------+

[stage08] evidence files
+----------------+-------------------------------------------------------------------------------------------------------------------------------------------------------------------------------------------------------------------------------------------+
| kind           | path                                                                                                                                                                                                                                      |
+----------------+-------------------------------------------------------------------------------------------------------------------------------------------------------------------------------------------------------------------------------------------+
| dtype_csv      | /tmp/ZKX_dev/results/stage08_table_rerun_resample_47ebe13410d3/formal/20260810T033026Z_47ebe13410d3_stage08_b03_formal_88330001/operator_dtype_evidence_resample_fft_thrust_20260810T033026Z_47ebe13410d3_stage08_b03_formal_88330001.csv |
| memory_csv     | /tmp/ZKX_dev/results/stage08_table_rerun_resample_47ebe13410d3/formal/20260810T033026Z_47ebe13410d3_stage08_b03_formal_88330001/operator_filtering_resample_memory_trace_fft_thrust.csv                                                   |
| main_csv       | /tmp/ZKX_dev/results/stage08_table_rerun_resample_47ebe13410d3/formal/20260810T033026Z_47ebe13410d3_stage08_b03_formal_88330001/operator_main_results_resample_fft_thrust_20260810T033026Z_47ebe13410d3_stage08_b03_formal_88330001.csv   |
| full_log       | /tmp/ZKX_dev/results/stage08_table_rerun_resample_47ebe13410d3/formal/20260810T033026Z_47ebe13410d3_stage08_b03_formal_88330001/operator_resample_full.log                                                                                |
| report_json    | /tmp/ZKX_dev/results/stage08_table_rerun_resample_47ebe13410d3/formal/20260810T033026Z_47ebe13410d3_stage08_b03_formal_88330001/operator_resample_report.json                                                                             |
| summary_txt    | /tmp/ZKX_dev/results/stage08_table_rerun_resample_47ebe13410d3/formal/20260810T033026Z_47ebe13410d3_stage08_b03_formal_88330001/operator_resample_summary.txt                                                                             |
| timing_csv     | /tmp/ZKX_dev/results/stage08_table_rerun_resample_47ebe13410d3/formal/20260810T033026Z_47ebe13410d3_stage08_b03_formal_88330001/operator_timing_samples_resample_fft_thrust_20260810T033026Z_47ebe13410d3_stage08_b03_formal_88330001.csv |
| probe_raw_json | /tmp/ZKX_dev/results/stage08_table_rerun_resample_47ebe13410d3/formal/20260810T033026Z_47ebe13410d3_stage08_b03_formal_88330001/resample_probe_raw.json                                                                                   |
+----------------+-------------------------------------------------------------------------------------------------------------------------------------------------------------------------------------------------------------------------------------------+
