[stage08-b08-formal] case=0 scale=unit_impulse_fp32_10e2 status=starting
STAGE08_UNIT_IMPULSE_CASE PASS scale=unit_impulse_fp32_10e2 dtype_request=FP32 backend=not_applicable measured=100 results=/tmp/ZKX_dev/results/stage08_b08_unit_impulse_a1467e3b776a/formal/20260810T011837Z_a1467e3b776a_stage08_b08_formal_8753f000
[stage08-b08-formal] case=0 scale=unit_impulse_fp32_10e2 status=completed
[stage08-b08-formal] case=1 scale=unit_impulse_fp32_10e3 status=starting
STAGE08_UNIT_IMPULSE_CASE PASS scale=unit_impulse_fp32_10e3 dtype_request=FP32 backend=not_applicable measured=100 results=/tmp/ZKX_dev/results/stage08_b08_unit_impulse_a1467e3b776a/formal/20260810T011837Z_a1467e3b776a_stage08_b08_formal_8753f001
[stage08-b08-formal] case=1 scale=unit_impulse_fp32_10e3 status=completed
[stage08-b08-formal] case=2 scale=unit_impulse_fp32_10e4 status=starting
STAGE08_UNIT_IMPULSE_CASE PASS scale=unit_impulse_fp32_10e4 dtype_request=FP32 backend=not_applicable measured=100 results=/tmp/ZKX_dev/results/stage08_b08_unit_impulse_a1467e3b776a/formal/20260810T011838Z_a1467e3b776a_stage08_b08_formal_8753f002
[stage08-b08-formal] case=2 scale=unit_impulse_fp32_10e4 status=completed
[stage08-b08-formal] case=3 scale=unit_impulse_fp16_10e2 status=starting
STAGE08_UNIT_IMPULSE_CASE PASS scale=unit_impulse_fp16_10e2 dtype_request=FP16 backend=not_applicable measured=100 results=/tmp/ZKX_dev/results/stage08_b08_unit_impulse_a1467e3b776a/formal/20260810T011838Z_a1467e3b776a_stage08_b08_formal_8753f003
[stage08-b08-formal] case=3 scale=unit_impulse_fp16_10e2 status=completed
[stage08-b08-formal] case=4 scale=unit_impulse_fp16_10e3 status=starting
STAGE08_UNIT_IMPULSE_CASE PASS scale=unit_impulse_fp16_10e3 dtype_request=FP16 backend=not_applicable measured=100 results=/tmp/ZKX_dev/results/stage08_b08_unit_impulse_a1467e3b776a/formal/20260810T011838Z_a1467e3b776a_stage08_b08_formal_8753f004
[stage08-b08-formal] case=4 scale=unit_impulse_fp16_10e3 status=completed
[stage08-b08-formal] case=5 scale=unit_impulse_fp16_10e4 status=starting
STAGE08_UNIT_IMPULSE_CASE PASS scale=unit_impulse_fp16_10e4 dtype_request=FP16 backend=not_applicable measured=100 results=/tmp/ZKX_dev/results/stage08_b08_unit_impulse_a1467e3b776a/formal/20260810T011838Z_a1467e3b776a_stage08_b08_formal_8753f005
[stage08-b08-formal] case=5 scale=unit_impulse_fp16_10e4 status=completed
[stage08-b08-formal] case=6 scale=unit_impulse_int32_10e2 status=starting
STAGE08_UNIT_IMPULSE_CASE PASS scale=unit_impulse_int32_10e2 dtype_request=INT32 backend=not_applicable measured=100 results=/tmp/ZKX_dev/results/stage08_b08_unit_impulse_a1467e3b776a/formal/20260810T011838Z_a1467e3b776a_stage08_b08_formal_8753f006
[stage08-b08-formal] case=6 scale=unit_impulse_int32_10e2 status=completed
[stage08-b08-formal] case=7 scale=unit_impulse_int32_10e3 status=starting
STAGE08_UNIT_IMPULSE_CASE PASS scale=unit_impulse_int32_10e3 dtype_request=INT32 backend=not_applicable measured=100 results=/tmp/ZKX_dev/results/stage08_b08_unit_impulse_a1467e3b776a/formal/20260810T011838Z_a1467e3b776a_stage08_b08_formal_8753f007
[stage08-b08-formal] case=7 scale=unit_impulse_int32_10e3 status=completed
[stage08-b08-formal] case=8 scale=unit_impulse_int32_10e4 status=starting
STAGE08_UNIT_IMPULSE_CASE PASS scale=unit_impulse_int32_10e4 dtype_request=INT32 backend=not_applicable measured=100 results=/tmp/ZKX_dev/results/stage08_b08_unit_impulse_a1467e3b776a/formal/20260810T011838Z_a1467e3b776a_stage08_b08_formal_8753f008
[stage08-b08-formal] case=8 scale=unit_impulse_int32_10e4 status=completed
[stage08-b08-formal] case=9 scale=unit_impulse_int16_10e2 status=starting
STAGE08_UNIT_IMPULSE_CASE PASS scale=unit_impulse_int16_10e2 dtype_request=INT16 backend=not_applicable measured=100 results=/tmp/ZKX_dev/results/stage08_b08_unit_impulse_a1467e3b776a/formal/20260810T011839Z_a1467e3b776a_stage08_b08_formal_8753f009
[stage08-b08-formal] case=9 scale=unit_impulse_int16_10e2 status=completed
[stage08-b08-formal] case=10 scale=unit_impulse_int16_10e3 status=starting
STAGE08_UNIT_IMPULSE_CASE PASS scale=unit_impulse_int16_10e3 dtype_request=INT16 backend=not_applicable measured=100 results=/tmp/ZKX_dev/results/stage08_b08_unit_impulse_a1467e3b776a/formal/20260810T011839Z_a1467e3b776a_stage08_b08_formal_8753f00a
[stage08-b08-formal] case=10 scale=unit_impulse_int16_10e3 status=completed
[stage08-b08-formal] case=11 scale=unit_impulse_int16_10e4 status=starting
STAGE08_UNIT_IMPULSE_CASE PASS scale=unit_impulse_int16_10e4 dtype_request=INT16 backend=not_applicable measured=100 results=/tmp/ZKX_dev/results/stage08_b08_unit_impulse_a1467e3b776a/formal/20260810T011839Z_a1467e3b776a_stage08_b08_formal_8753f00b
[stage08-b08-formal] case=11 scale=unit_impulse_int16_10e4 status=completed
[stage08-b08-formal] case=12 scale=unit_impulse_int8_10e2 status=starting
STAGE08_UNIT_IMPULSE_CASE PASS scale=unit_impulse_int8_10e2 dtype_request=INT8 backend=not_applicable measured=100 results=/tmp/ZKX_dev/results/stage08_b08_unit_impulse_a1467e3b776a/formal/20260810T011839Z_a1467e3b776a_stage08_b08_formal_8753f00c
[stage08-b08-formal] case=12 scale=unit_impulse_int8_10e2 status=completed
[stage08-b08-formal] case=13 scale=unit_impulse_int8_10e3 status=starting
STAGE08_UNIT_IMPULSE_CASE PASS scale=unit_impulse_int8_10e3 dtype_request=INT8 backend=not_applicable measured=100 results=/tmp/ZKX_dev/results/stage08_b08_unit_impulse_a1467e3b776a/formal/20260810T011839Z_a1467e3b776a_stage08_b08_formal_8753f00d
[stage08-b08-formal] case=13 scale=unit_impulse_int8_10e3 status=completed
[stage08-b08-formal] case=14 scale=unit_impulse_int8_10e4 status=starting
STAGE08_UNIT_IMPULSE_CASE PASS scale=unit_impulse_int8_10e4 dtype_request=INT8 backend=not_applicable measured=100 results=/tmp/ZKX_dev/results/stage08_b08_unit_impulse_a1467e3b776a/formal/20260810T011839Z_a1467e3b776a_stage08_b08_formal_8753f00e
[stage08-b08-formal] case=14 scale=unit_impulse_int8_10e4 status=completed
[stage08-b08-formal] cases=15 status=completed
