command=build_stage08_b03_decimate_02b9734201c9/stage08_filtering_decimate --dtype FP16 --rows 32 --cols 32 --q 4 --filter-order 32 --zero-phase true --custom-coefficients false --seed 83420002 --warmup 20 --measured 100 --output /tmp/ZKX_dev/results/stage08_input_preview_b03_decimate_5bf09d215ce4/formal/20260810T075003Z_5bf09d215ce4_stage08_b03_formal_99014005/decimate_probe_raw.json
STAGE08_DECIMATE_PROBE PASS dtype=FP16 shape=32x32 q=4 custom=false backend=not_applicable
{"actual_input_digest": "ebd1c867d1418f96e2e501aac5cd89c9fd11a14badb4974d70e1c5e41ad315c2", "axis": 1, "backend": "not_applicable", "case_id": "decimate__decimate_fp16_10e3__ebd1c867d1418f96", "compute_dtype": "FP32", "custom_coefficients": false, "dtype_semantics": "actual_typed_array_input_fp32_fir_decimate_extension", "error_code": "OK", "fft_dtype": "not_applicable", "measured_runs": 100, "metrics": {"mse": 2.0327268747220003e-15, "relative_l2": 1.1201831380281759e-07, "relative_linf": 1.436716927711421e-07, "rmse": 4.50857724201549e-08}, "operator_name": "decimate", "output_dtype": "FP64", "q": 4, "requested_dtype": "FP16", "run_id": "20260810T075003Z_5bf09d215ce4_stage08_b03_formal_99014005", "scale_id": "decimate_fp16_10e3", "schema_version": 1, "status": "PASS", "typed_input_count": 1, "typed_input_names": "x", "warmup_runs": 20, "zero_phase": true}
[stage08] identity and status
+----------+--------------------+--------+----------------+-------+--------+----------+--------------------------+--------+------------+
| target   | scale_id           | device | backend        | dtype | warmup | measured | timing_scope             | status | error_code |
+----------+--------------------+--------+----------------+-------+--------+----------+--------------------------+--------+------------+
| decimate | decimate_fp16_10e3 | CPU    | not_applicable | FP16  | 20     | 100      | compatibility/end-to-end | PASS   | OK         |
| decimate | decimate_fp16_10e3 | GPU    | not_applicable | FP16  | 20     | 100      | compatibility/end-to-end | PASS   | OK         |
+----------+--------------------+--------+----------------+-------+--------+----------+--------------------------+--------+------------+

[stage08] timing detail
+--------+---------------------+---------------------+---------------------+---------------------+---------------------+---------------------+-----------------------+----------------------+---------------------+
| device | mean_ms             | p50_ms              | p95_ms              | p99_ms              | min_ms              | max_ms              | std_ms                | cv                   | speedup             |
+--------+---------------------+---------------------+---------------------+---------------------+---------------------+---------------------+-----------------------+----------------------+---------------------+
| CPU    | 0.19809345          | 0.19766699999999998 | 0.19849444999999996 | 0.20709919999999998 | 0.19728200000000001 | 0.20880199999999999 | 0.0019811292859124542 | 0.01000098330314533  | NA                  |
| GPU    | 0.45699987999999997 | 0.44813900000000001 | 0.50519749999999997 | 0.60804961000000046 | 0.43915399999999999 | 0.70750599999999997 | 0.033347038901911513  | 0.072969469711702151 | 0.43346499347002021 |
+--------+---------------------+---------------------+---------------------+---------------------+---------------------+---------------------+-----------------------+----------------------+---------------------+

[stage08] accuracy detail
+----------------------------------+------------------------+------------------------+------------------------+------------------------+-------------+----------------+------------------------------------------------------------------------------------------------------------------------------------------+--------+
| accuracy_reference               | mse                    | rmse                   | relative_l2            | relative_linf          | exact_match | mismatch_count | semantic_check                                                                                                                           | status |
+----------------------------------+------------------------+------------------------+------------------------+------------------------+-------------+----------------+------------------------------------------------------------------------------------------------------------------------------------------+--------+
| cpu_typed_fir_decimate_reference | 2.0327268747220003e-15 | 4.5085772420154902e-08 | 1.1201831380281759e-07 | 1.4367169277114209e-07 | NA          | NA             | finite_decimated_signal_shape_filter_phase_and_output_dtype_match_cpu:shape=[32, 32];axis=1;q=4;zero_phase=True;custom=False;finite=true | PASS   |
+----------------------------------+------------------------+------------------------+------------------------+------------------------+-------------+----------------+------------------------------------------------------------------------------------------------------------------------------------------+--------+

[stage08] resource detail
+--------+------------+--------------+-------------+------------+-------------+
| device | metric     | before_bytes | after_bytes | peak_bytes | delta_bytes |
+--------+------------+--------------+-------------+------------+-------------+
| CPU    | cpu_heap   | 1414416      | 1419824     | 1420768    | 5408        |
| CPU    | rss        | 70541312     | 70541312    | 70541312   | 0           |
| GPU    | cpu_heap   | 1419824      | 1422976     | 1422976    | 3152        |
| GPU    | rss        | 70541312     | 70541312    | 70541312   | 0           |
| GPU    | gpu_memory | 341000192    | 341000192   | 341000192  | 0           |
+--------+------------+--------------+-------------+------------+-------------+

[stage08] input/output identity
+--------+------------------------------------------------------------------+------------------------------------------------------------------+
| device | input_digest                                                     | output_digest                                                    |
+--------+------------------------------------------------------------------+------------------------------------------------------------------+
| CPU    | ebd1c867d1418f96e2e501aac5cd89c9fd11a14badb4974d70e1c5e41ad315c2 | 1eda5f283c8e512cc6f19c14a479344eaac7af37543c358b85322e9b8187e16b |
| GPU    | ebd1c867d1418f96e2e501aac5cd89c9fd11a14badb4974d70e1c5e41ad315c2 | 10a65882a7f8a11edc169743cfb7844c176c4c1689a5eb547ff8e015a91df867 |
+--------+------------------------------------------------------------------+------------------------------------------------------------------+

[stage08] input content
+------------+---------+-------+----------+----------------------------------------------+------------------------------------------------------------+
| input_name | shape   | dtype | elements | generator                                    | values(head4/tail2)                                        |
+------------+---------+-------+----------+----------------------------------------------+------------------------------------------------------------+
| x          | [32x32] | FP16  | 1024     | modular_signal(seed=83420002,integral=false) | i=0:0.75;i=1:-0.75;i=2:-2.25;i=3:2;i=1022:-2.75;i=1023:1.5 |
+------------+---------+-------+----------+----------------------------------------------+------------------------------------------------------------+

[stage08] case parameters
+------------------------------------------------------------------------------------------------------------------------------------------+
| parameters                                                                                                                               |
+------------------------------------------------------------------------------------------------------------------------------------------+
| {"cols":"32","custom-coefficients":"false","dtype":"FP16","filter-order":"32","q":"4","rows":"32","seed":"83420002","zero-phase":"true"} |
+------------------------------------------------------------------------------------------------------------------------------------------+

[stage08] dtype evidence
+-----------------+--------------------+--------------+------------------------------------------------------------------+--------+
| requested_dtype | config_input_dtype | output_dtype | actual_input_digest                                              | status |
+-----------------+--------------------+--------------+------------------------------------------------------------------+--------+
| FP16            | NA                 | FP64         | ebd1c867d1418f96e2e501aac5cd89c9fd11a14badb4974d70e1c5e41ad315c2 | PASS   |
+-----------------+--------------------+--------------+------------------------------------------------------------------+--------+

[stage08] evidence files
+----------------+-----------------------------------------------------------------------------------------------------------------------------------------------------------------------------------------------------------------------------------------------------+
| kind           | path                                                                                                                                                                                                                                                |
+----------------+-----------------------------------------------------------------------------------------------------------------------------------------------------------------------------------------------------------------------------------------------------+
| probe_raw_json | /tmp/ZKX_dev/results/stage08_input_preview_b03_decimate_5bf09d215ce4/formal/20260810T075003Z_5bf09d215ce4_stage08_b03_formal_99014005/decimate_probe_raw.json                                                                                       |
| full_log       | /tmp/ZKX_dev/results/stage08_input_preview_b03_decimate_5bf09d215ce4/formal/20260810T075003Z_5bf09d215ce4_stage08_b03_formal_99014005/operator_decimate_full.log                                                                                    |
| report_json    | /tmp/ZKX_dev/results/stage08_input_preview_b03_decimate_5bf09d215ce4/formal/20260810T075003Z_5bf09d215ce4_stage08_b03_formal_99014005/operator_decimate_report.json                                                                                 |
| summary_txt    | /tmp/ZKX_dev/results/stage08_input_preview_b03_decimate_5bf09d215ce4/formal/20260810T075003Z_5bf09d215ce4_stage08_b03_formal_99014005/operator_decimate_summary.txt                                                                                 |
| dtype_csv      | /tmp/ZKX_dev/results/stage08_input_preview_b03_decimate_5bf09d215ce4/formal/20260810T075003Z_5bf09d215ce4_stage08_b03_formal_99014005/operator_dtype_evidence_decimate_not_applicable_20260810T075003Z_5bf09d215ce4_stage08_b03_formal_99014005.csv |
| memory_csv     | /tmp/ZKX_dev/results/stage08_input_preview_b03_decimate_5bf09d215ce4/formal/20260810T075003Z_5bf09d215ce4_stage08_b03_formal_99014005/operator_filtering_decimate_memory_trace_not_applicable.csv                                                   |
| main_csv       | /tmp/ZKX_dev/results/stage08_input_preview_b03_decimate_5bf09d215ce4/formal/20260810T075003Z_5bf09d215ce4_stage08_b03_formal_99014005/operator_main_results_decimate_not_applicable_20260810T075003Z_5bf09d215ce4_stage08_b03_formal_99014005.csv   |
| timing_csv     | /tmp/ZKX_dev/results/stage08_input_preview_b03_decimate_5bf09d215ce4/formal/20260810T075003Z_5bf09d215ce4_stage08_b03_formal_99014005/operator_timing_samples_decimate_not_applicable_20260810T075003Z_5bf09d215ce4_stage08_b03_formal_99014005.csv |
+----------------+-----------------------------------------------------------------------------------------------------------------------------------------------------------------------------------------------------------------------------------------------------+
