[stage08-b02] operator=triang entry=cpu:triang_typed_cpu gpu:triang_device
[stage08-b02] config=test_all/configs/operators/windows/triang/operator_scales.json config_sha256=d7de5774be071f747c6bdb46d3373673771af1a8190a816ca4092657ec7a5dfd
[stage08-b02] run_type=formal scale=triang_int16_10e3 dtype=INT16 sym=true backend=not_applicable
[stage08-b02] dtype_semantics=request_variant_no_typed_data_input typed_input_count=0 actual_input_digest=6da158ece72508d29649124d2d289624f6020920ecb9c5233ac6aa50ef535fe7
[stage08-b02] timing_scope=compatibility/end-to-end warmup=20 measured=100
[stage08-b02] cpu_mean_ms=0.010272790000000007 gpu_mean_ms=0.25808659 speedup=0.039803656594478647
[stage08-b02] mse=1.6915186893922353e-16 rmse=1.3005839801382437e-08 relative_l2=2.2526786594492018e-08 relative_linf=2.9593497266780682e-08
[stage08-b02] resources=available cuda_event_ms=0.27635198831558228
[stage08-b02] status=PASS error_code=OK
[stage08] identity and status
target | scale_id          | device | backend        | dtype | warmup | measured | timing_scope             | status | error_code
triang | triang_int16_10e3 | CPU    | not_applicable | INT16 | 20     | 100      | compatibility/end-to-end | PASS   | OK        
triang | triang_int16_10e3 | GPU    | not_applicable | INT16 | 20     | 100      | compatibility/end-to-end | PASS   | OK        

[stage08] timing detail
device | mean_ms              | p50_ms               | p95_ms              | p99_ms               | min_ms               | max_ms               | std_ms                 | cv                    | speedup             
CPU    | 0.010272790000000007 | 0.010274999999999999 | 0.01038145          | 0.010400099999999999 | 0.010059999999999999 | 0.010410000000000001 | 9.6937639232653203e-05 | 0.0094363497387421665 | NA                  
GPU    | 0.25808659           | 0.25564200000000004  | 0.26624150000000002 | 0.31422541000000098  | 0.23952200000000001  | 0.49662400000000001  | 0.025407097412768347   | 0.098444081936873776  | 0.039803656594478647

[stage08] accuracy detail
accuracy_reference  | mse                    | rmse                   | relative_l2            | relative_linf          | exact_match | mismatch_count | semantic_check                                                                                      | status
cpu_typed_reference | 1.6915186893922353e-16 | 1.3005839801382437e-08 | 2.2526786594492018e-08 | 2.9593497266780682e-08 | NA          | NA             | finite_fp64_triangular_window_shape_parity_and_symmetry_match_cpu:shape=[1000];finite=true;sym=true | PASS  

[stage08] resource detail
device | metric     | before_bytes | after_bytes | peak_bytes | delta_bytes
CPU    | cpu_heap   | 1456400      | 1460192     | 1467088    | 3792       
CPU    | rss        | 70180864     | 70180864    | 70180864   | 0          
GPU    | cpu_heap   | 1460240      | 1463200     | 1470336    | 2960       
GPU    | rss        | 70180864     | 70180864    | 70180864   | 0          
GPU    | gpu_memory | 357777408    | 357777408   | 357777408  | 0          

[stage08] input/output identity
device | input_digest                                                     | output_digest                                                   
CPU    | 6da158ece72508d29649124d2d289624f6020920ecb9c5233ac6aa50ef535fe7 | 17b07ba602b79c3a8074c20771cff3405993d6ef1e949e73e0e1ec98e6889d13
GPU    | 6da158ece72508d29649124d2d289624f6020920ecb9c5233ac6aa50ef535fe7 | 3d0aadfb7ddee8d71ac6e397a406f96ed4925b8ad6f756608e0855f0e47f28ff

[stage08] dtype evidence
requested_dtype | config_input_dtype | output_dtype | actual_input_digest                                              | status
INT16           | INT16              | FP64         | 6da158ece72508d29649124d2d289624f6020920ecb9c5233ac6aa50ef535fe7 | PASS  

[stage08] evidence files
kind        | path                                                                                                                                                                                                                                     
main_csv    | /tmp/ZKX_dev/results/stage08_table_rerun_triang_47ebe13410d3/formal/20260810T032048Z_47ebe13410d3_stage08_b02_formal_88220014/operator_main_results_triang_not_applicable_20260810T032048Z_47ebe13410d3_stage08_b02_formal_88220014.csv  
timing_csv  | /tmp/ZKX_dev/results/stage08_table_rerun_triang_47ebe13410d3/formal/20260810T032048Z_47ebe13410d3_stage08_b02_formal_88220014/operator_timing_samples_triang_not_applicable_20260810T032048Z_47ebe13410d3_stage08_b02_formal_88220014.csv
memory_csv  | /tmp/ZKX_dev/results/stage08_table_rerun_triang_47ebe13410d3/formal/20260810T032048Z_47ebe13410d3_stage08_b02_formal_88220014/operator_windows_triang_memory_trace_not_applicable.csv                                                    
dtype_csv   | /tmp/ZKX_dev/results/stage08_table_rerun_triang_47ebe13410d3/formal/20260810T032048Z_47ebe13410d3_stage08_b02_formal_88220014/operator_dtype_evidence_triang_not_applicable_20260810T032048Z_47ebe13410d3_stage08_b02_formal_88220014.csv
module_csv  | /tmp/ZKX_dev/results/stage08_table_rerun_triang_47ebe13410d3/formal/20260810T032048Z_47ebe13410d3_stage08_b02_formal_88220014/windows_batch02_module_summary_not_applicable_20260810T032048Z_47ebe13410d3_stage08_b02_formal_88220014.csv
report_json | /tmp/ZKX_dev/results/stage08_table_rerun_triang_47ebe13410d3/formal/20260810T032048Z_47ebe13410d3_stage08_b02_formal_88220014/operator_triang_report.json                                                                                
summary_txt | /tmp/ZKX_dev/results/stage08_table_rerun_triang_47ebe13410d3/formal/20260810T032048Z_47ebe13410d3_stage08_b02_formal_88220014/operator_triang_summary.txt                                                                                
full_log    | /tmp/ZKX_dev/results/stage08_table_rerun_triang_47ebe13410d3/formal/20260810T032048Z_47ebe13410d3_stage08_b02_formal_88220014/operator_triang_full.log                                                                                   
results_dir | /tmp/ZKX_dev/results/stage08_table_rerun_triang_47ebe13410d3/formal/20260810T032048Z_47ebe13410d3_stage08_b02_formal_88220014                                                                                                            
