command=build_stage07_b04_firwin_d5013d1/stage07_firwin --dtype INT32 --n 127 --taps 1 --batch 1 --cutoff 60 --fs 1000 --sym true --warmup 20 --measured 100 --output /tmp/ZKX_dev/results/stage07_b04_formal_v2_e6d8c17/formal/20260810T103335Z_e6d8c17f237e_stage07_b04_formal_37b79289/firwin_probe_raw.json
STAGE07_FILTER_PROBE PASS operator=firwin dtype=INT32
{"run_id": "20260810T103335Z_e6d8c17f237e_stage07_b04_formal_37b79289", "case_id": "firwin__firwin_int32_10e2__34f72db68d28d6ba", "operator_name": "firwin", "task_name": "Task2", "step_name": "Step2", "scale_id": "firwin_int32_10e2", "requested_dtype": "INT32", "input_content": [{"input_name": "cutoff", "shape": "[1]", "dtype": "INT32", "element_count": "1", "generator": "configured_cutoff_scalar", "preview_head4_tail2": "i=0:60.000000"}, {"input_name": "window", "shape": "[127]", "dtype": "FP32", "element_count": "127", "generator": "symmetric_hamming_explicit_window", "preview_head4_tail2": "i=0:0.0799999982;i=1:0.0805718154;i=2:0.0822858438;i=3:0.0851378217;i=125:0.0805718154;i=126:0.0799999982"}], "case_parameters": {"numtaps": 127, "cutoff_hz": 60, "fs_hz": 1000, "pass_zero": "lowpass", "scale": true, "output_dtype": "FP32_TASK_RESIDENT"}, "output_dtype": "FP32", "backend": "not_applicable", "warmup_runs": 20, "measured_runs": 100, "mse": 8.09146e-18, "rmse": 2.84455e-09, "relative_l2": 9.49503e-08, "relative_linf": 1.24091e-07, "actual_input_digest": "34f72db68d28d6ba008f92d1ba128bfd95eedb1cfc7acad5f2ba41612ca8a718", "typed_array_digest": "621293836cafba765c105b23559d2564fbca2932bc13ebfebe9a63b7f393c3cd", "status": "PASS", "error_code": "OK"}
[stage07] identity and status
+--------+-------------------+--------+----------------+-------+--------+----------+--------------------------+--------+------------+
| target | scale_id          | device | backend        | dtype | warmup | measured | timing_scope             | status | error_code |
+--------+-------------------+--------+----------------+-------+--------+----------+--------------------------+--------+------------+
| firwin | firwin_int32_10e2 | CPU    | not_applicable | INT32 | 20     | 100      | compatibility/end-to-end | PASS   | OK         |
| firwin | firwin_int32_10e2 | GPU    | not_applicable | INT32 | 20     | 100      | compatibility/end-to-end | PASS   | OK         |
+--------+-------------------+--------+----------------+-------+--------+----------+--------------------------+--------+------------+

[stage07] timing detail
+--------+----------------------+---------------------+-----------+---------------------+----------+----------+-----------------------+----------------------+----------------------+
| device | mean_ms              | p50_ms              | p95_ms    | p99_ms              | min_ms   | max_ms   | std_ms                | cv                   | speedup              |
+--------+----------------------+---------------------+-----------+---------------------+----------+----------+-----------------------+----------------------+----------------------+
| CPU    | 0.014344289999999999 | 0.01434             | 0.01447   | 0.0145106           | 0.0142   | 0.01457  | 6.918298851596392e-05 | 0.004823033312625716 | NA                   |
| GPU    | 0.29274415000000004  | 0.28676650000000004 | 0.3456955 | 0.36264440000000003 | 0.279451 | 0.371693 | 0.01845908354841865   | 0.06305534559245213  | 0.048999407844699874 |
+--------+----------------------+---------------------+-----------+---------------------+----------+----------+-----------------------+----------------------+----------------------+

[stage07] accuracy detail
+-----------------------------------+-------------+-------------+-------------+---------------+-------------+----------------+----------------------------------------------------------+--------+
| reference                         | mse         | rmse        | relative_l2 | relative_linf | exact_match | mismatch_count | semantic_check                                           | status |
+-----------------------------------+-------------+-------------+-------------+---------------+-------------+----------------+----------------------------------------------------------+--------+
| typed_cpu_task_resident_reference | 8.09146e-18 | 2.84455e-09 | 9.49503e-08 | 1.24091e-07   | NA          | NA             | output_count=127;output_dtype=FP32;task_gpu_call=present | PASS   |
+-----------------------------------+-------------+-------------+-------------+---------------+-------------+----------------+----------------------------------------------------------+--------+

[stage07] resource detail
+--------+------------+--------------+-------------+------------+-------------+
| device | metric     | before_bytes | after_bytes | peak_bytes | delta_bytes |
+--------+------------+--------------+-------------+------------+-------------+
| CPU    | cpu_heap   | 1412080      | 1416944     | 1416944    | 4864        |
| CPU    | rss        | 70807552     | 71036928    | 71036928   | 229376      |
| GPU    | cpu_heap   | 1417008      | 1420080     | 1420080    | 3072        |
| GPU    | rss        | 71036928     | 71036928    | 71036928   | 0           |
| GPU    | gpu_memory | 341000192    | 341000192   | 341000192  | 0           |
+--------+------------+--------------+-------------+------------+-------------+

[stage07] input content
+------------+-------+-------+----------+-----------------------------------+-----------------------------------------------------------------------------------------------------------+
| input_name | shape | dtype | elements | generator                         | values(head4/tail2)                                                                                       |
+------------+-------+-------+----------+-----------------------------------+-----------------------------------------------------------------------------------------------------------+
| cutoff     | [1]   | INT32 | 1        | configured_cutoff_scalar          | i=0:60.000000                                                                                             |
| window     | [127] | FP32  | 127      | symmetric_hamming_explicit_window | i=0:0.0799999982;i=1:0.0805718154;i=2:0.0822858438;i=3:0.0851378217;i=125:0.0805718154;i=126:0.0799999982 |
+------------+-------+-------+----------+-----------------------------------+-----------------------------------------------------------------------------------------------------------+

[stage07] case parameters
+--------------------------------------------------------------------------------------------------------------------+
| parameters                                                                                                         |
+--------------------------------------------------------------------------------------------------------------------+
| {"cutoff_hz":60,"fs_hz":1000,"numtaps":127,"output_dtype":"FP32_TASK_RESIDENT","pass_zero":"lowpass","scale":true} |
+--------------------------------------------------------------------------------------------------------------------+

[stage07] input and output identity
+--------+------------------------------------------------------------------+------------------------------------------------------------------+
| device | input_digest                                                     | output_digest                                                    |
+--------+------------------------------------------------------------------+------------------------------------------------------------------+
| CPU    | 34f72db68d28d6ba008f92d1ba128bfd95eedb1cfc7acad5f2ba41612ca8a718 | 99ad17fee1848f52a1868abcd744d5586ede0f38ca49523a12607f82196fbc48 |
| GPU    | 34f72db68d28d6ba008f92d1ba128bfd95eedb1cfc7acad5f2ba41612ca8a718 | adc88920504675f2573b33878aa4cb014ac6cfdf9095987f53302c493e7ad6ce |
+--------+------------------------------------------------------------------+------------------------------------------------------------------+

[stage07] dtype evidence
+-----------------+--------------------+--------------+------------------------------------------------------------------+------------------------------------------------------------------+----------------------+
| requested_dtype | config_input_dtype | output_dtype | typed_array_digest                                               | actual_input_digest                                              | task_gpu_call_status |
+-----------------+--------------------+--------------+------------------------------------------------------------------+------------------------------------------------------------------+----------------------+
| INT32           | INT32              | FP32         | 621293836cafba765c105b23559d2564fbca2932bc13ebfebe9a63b7f393c3cd | 34f72db68d28d6ba008f92d1ba128bfd95eedb1cfc7acad5f2ba41612ca8a718 | proved_gpu_cpu       |
+-----------------+--------------------+--------------+------------------------------------------------------------------+------------------------------------------------------------------+----------------------+

[stage07] evidence files
+-------------+---------------------------------------------------------------------------------------------------------------------------------------------------------------------------------------------------------------------------------+
| kind        | path                                                                                                                                                                                                                            |
+-------------+---------------------------------------------------------------------------------------------------------------------------------------------------------------------------------------------------------------------------------+
| main_csv    | /tmp/ZKX_dev/results/stage07_b04_formal_v2_e6d8c17/formal/20260810T103335Z_e6d8c17f237e_stage07_b04_formal_37b79289/operator_main_results_firwin_not_applicable_20260810T103335Z_e6d8c17f237e_stage07_b04_formal_37b79289.csv   |
| timing_csv  | /tmp/ZKX_dev/results/stage07_b04_formal_v2_e6d8c17/formal/20260810T103335Z_e6d8c17f237e_stage07_b04_formal_37b79289/operator_timing_samples_firwin_not_applicable_20260810T103335Z_e6d8c17f237e_stage07_b04_formal_37b79289.csv |
| memory_csv  | /tmp/ZKX_dev/results/stage07_b04_formal_v2_e6d8c17/formal/20260810T103335Z_e6d8c17f237e_stage07_b04_formal_37b79289/operator_filter_design_firwin_memory_trace_not_applicable.csv                                               |
| dtype_csv   | /tmp/ZKX_dev/results/stage07_b04_formal_v2_e6d8c17/formal/20260810T103335Z_e6d8c17f237e_stage07_b04_formal_37b79289/operator_dtype_evidence_firwin_not_applicable_20260810T103335Z_e6d8c17f237e_stage07_b04_formal_37b79289.csv |
| report_json | /tmp/ZKX_dev/results/stage07_b04_formal_v2_e6d8c17/formal/20260810T103335Z_e6d8c17f237e_stage07_b04_formal_37b79289/operator_firwin_report.json                                                                                 |
| summary_txt | /tmp/ZKX_dev/results/stage07_b04_formal_v2_e6d8c17/formal/20260810T103335Z_e6d8c17f237e_stage07_b04_formal_37b79289/operator_firwin_summary.txt                                                                                 |
| full_log    | /tmp/ZKX_dev/results/stage07_b04_formal_v2_e6d8c17/formal/20260810T103335Z_e6d8c17f237e_stage07_b04_formal_37b79289/operator_firwin_full.log                                                                                    |
| result_dir  | /tmp/ZKX_dev/results/stage07_b04_formal_v2_e6d8c17/formal/20260810T103335Z_e6d8c17f237e_stage07_b04_formal_37b79289                                                                                                             |
+-------------+---------------------------------------------------------------------------------------------------------------------------------------------------------------------------------------------------------------------------------+
