sample_index=0 cpu_pipeline_ms=53.6545 gpu_pipeline_ms=8.19505 cpu_resource_sampling_overhead_ms=0.127679 gpu_resource_sampling_overhead_ms=0.03191 semantic_gates=16/16 timing_direct=true resource_overhead_excluded=true step_sum_used=false status=PASS
sample_index=1 cpu_pipeline_ms=53.6627 gpu_pipeline_ms=8.21971 cpu_resource_sampling_overhead_ms=0.13695 gpu_resource_sampling_overhead_ms=0.03138 semantic_gates=16/16 timing_direct=true resource_overhead_excluded=true step_sum_used=false status=PASS
sample_index=2 cpu_pipeline_ms=53.8086 gpu_pipeline_ms=8.17452 cpu_resource_sampling_overhead_ms=0.13205 gpu_resource_sampling_overhead_ms=0.03196 semantic_gates=16/16 timing_direct=true resource_overhead_excluded=true step_sum_used=false status=PASS
sample_index=3 cpu_pipeline_ms=53.6298 gpu_pipeline_ms=8.12534 cpu_resource_sampling_overhead_ms=0.13382 gpu_resource_sampling_overhead_ms=0.03164 semantic_gates=16/16 timing_direct=true resource_overhead_excluded=true step_sum_used=false status=PASS
sample_index=4 cpu_pipeline_ms=53.81 gpu_pipeline_ms=7.92011 cpu_resource_sampling_overhead_ms=0.12758 gpu_resource_sampling_overhead_ms=0.03158 semantic_gates=16/16 timing_direct=true resource_overhead_excluded=true step_sum_used=false status=PASS
sample_index=5 cpu_pipeline_ms=53.7173 gpu_pipeline_ms=8.09195 cpu_resource_sampling_overhead_ms=0.12445 gpu_resource_sampling_overhead_ms=0.03171 semantic_gates=16/16 timing_direct=true resource_overhead_excluded=true step_sum_used=false status=PASS
sample_index=6 cpu_pipeline_ms=53.425 gpu_pipeline_ms=8.09141 cpu_resource_sampling_overhead_ms=0.13763 gpu_resource_sampling_overhead_ms=0.03136 semantic_gates=16/16 timing_direct=true resource_overhead_excluded=true step_sum_used=false status=PASS
sample_index=7 cpu_pipeline_ms=54.266 gpu_pipeline_ms=8.05296 cpu_resource_sampling_overhead_ms=0.12849 gpu_resource_sampling_overhead_ms=0.03158 semantic_gates=16/16 timing_direct=true resource_overhead_excluded=true step_sum_used=false status=PASS
sample_index=8 cpu_pipeline_ms=53.572 gpu_pipeline_ms=8.16706 cpu_resource_sampling_overhead_ms=0.123 gpu_resource_sampling_overhead_ms=0.03198 semantic_gates=16/16 timing_direct=true resource_overhead_excluded=true step_sum_used=false status=PASS
sample_index=9 cpu_pipeline_ms=55.3587 gpu_pipeline_ms=10.7754 cpu_resource_sampling_overhead_ms=0.15409 gpu_resource_sampling_overhead_ms=0.03675 semantic_gates=16/16 timing_direct=true resource_overhead_excluded=true step_sum_used=false status=PASS
sample_index=10 cpu_pipeline_ms=54.6317 gpu_pipeline_ms=10.591 cpu_resource_sampling_overhead_ms=0.14025 gpu_resource_sampling_overhead_ms=0.03523 semantic_gates=16/16 timing_direct=true resource_overhead_excluded=true step_sum_used=false status=PASS
sample_index=11 cpu_pipeline_ms=54.5905 gpu_pipeline_ms=10.9467 cpu_resource_sampling_overhead_ms=0.15989 gpu_resource_sampling_overhead_ms=0.04746 semantic_gates=16/16 timing_direct=true resource_overhead_excluded=true step_sum_used=false status=PASS
sample_index=12 cpu_pipeline_ms=54.8343 gpu_pipeline_ms=10.7834 cpu_resource_sampling_overhead_ms=0.13696 gpu_resource_sampling_overhead_ms=0.03563 semantic_gates=16/16 timing_direct=true resource_overhead_excluded=true step_sum_used=false status=PASS
sample_index=13 cpu_pipeline_ms=54.5209 gpu_pipeline_ms=10.5841 cpu_resource_sampling_overhead_ms=0.1511 gpu_resource_sampling_overhead_ms=0.03553 semantic_gates=16/16 timing_direct=true resource_overhead_excluded=true step_sum_used=false status=PASS
sample_index=14 cpu_pipeline_ms=54.7163 gpu_pipeline_ms=10.8782 cpu_resource_sampling_overhead_ms=0.14982 gpu_resource_sampling_overhead_ms=0.03679 semantic_gates=16/16 timing_direct=true resource_overhead_excluded=true step_sum_used=false status=PASS
sample_index=15 cpu_pipeline_ms=56.1588 gpu_pipeline_ms=10.8291 cpu_resource_sampling_overhead_ms=0.16352 gpu_resource_sampling_overhead_ms=0.0356 semantic_gates=16/16 timing_direct=true resource_overhead_excluded=true step_sum_used=false status=PASS
sample_index=16 cpu_pipeline_ms=54.1659 gpu_pipeline_ms=8.39162 cpu_resource_sampling_overhead_ms=0.14564 gpu_resource_sampling_overhead_ms=0.0323 semantic_gates=16/16 timing_direct=true resource_overhead_excluded=true step_sum_used=false status=PASS
sample_index=17 cpu_pipeline_ms=53.4779 gpu_pipeline_ms=8.06932 cpu_resource_sampling_overhead_ms=0.14371 gpu_resource_sampling_overhead_ms=0.03197 semantic_gates=16/16 timing_direct=true resource_overhead_excluded=true step_sum_used=false status=PASS
sample_index=18 cpu_pipeline_ms=53.5511 gpu_pipeline_ms=8.07881 cpu_resource_sampling_overhead_ms=0.14603 gpu_resource_sampling_overhead_ms=0.03171 semantic_gates=16/16 timing_direct=true resource_overhead_excluded=true step_sum_used=false status=PASS
sample_index=19 cpu_pipeline_ms=53.7523 gpu_pipeline_ms=7.96331 cpu_resource_sampling_overhead_ms=0.13829 gpu_resource_sampling_overhead_ms=0.03157 semantic_gates=16/16 timing_direct=true resource_overhead_excluded=true step_sum_used=false status=PASS
sample_index=20 cpu_pipeline_ms=53.6967 gpu_pipeline_ms=8.00071 cpu_resource_sampling_overhead_ms=0.13195 gpu_resource_sampling_overhead_ms=0.03165 semantic_gates=16/16 timing_direct=true resource_overhead_excluded=true step_sum_used=false status=PASS
sample_index=21 cpu_pipeline_ms=53.3178 gpu_pipeline_ms=8.06933 cpu_resource_sampling_overhead_ms=0.12902 gpu_resource_sampling_overhead_ms=0.03108 semantic_gates=16/16 timing_direct=true resource_overhead_excluded=true step_sum_used=false status=PASS
sample_index=22 cpu_pipeline_ms=53.9587 gpu_pipeline_ms=7.93905 cpu_resource_sampling_overhead_ms=0.1462 gpu_resource_sampling_overhead_ms=0.03206 semantic_gates=16/16 timing_direct=true resource_overhead_excluded=true step_sum_used=false status=PASS
sample_index=23 cpu_pipeline_ms=53.5431 gpu_pipeline_ms=8.28572 cpu_resource_sampling_overhead_ms=0.13987 gpu_resource_sampling_overhead_ms=0.03352 semantic_gates=16/16 timing_direct=true resource_overhead_excluded=true step_sum_used=false status=PASS
sample_index=24 cpu_pipeline_ms=53.247 gpu_pipeline_ms=8.09508 cpu_resource_sampling_overhead_ms=0.13908 gpu_resource_sampling_overhead_ms=0.03153 semantic_gates=16/16 timing_direct=true resource_overhead_excluded=true step_sum_used=false status=PASS
sample_index=25 cpu_pipeline_ms=53.915 gpu_pipeline_ms=8.02847 cpu_resource_sampling_overhead_ms=0.13514 gpu_resource_sampling_overhead_ms=0.03239 semantic_gates=16/16 timing_direct=true resource_overhead_excluded=true step_sum_used=false status=PASS
sample_index=26 cpu_pipeline_ms=53.2752 gpu_pipeline_ms=8.05093 cpu_resource_sampling_overhead_ms=0.12913 gpu_resource_sampling_overhead_ms=0.03117 semantic_gates=16/16 timing_direct=true resource_overhead_excluded=true step_sum_used=false status=PASS
sample_index=27 cpu_pipeline_ms=53.9078 gpu_pipeline_ms=7.9574 cpu_resource_sampling_overhead_ms=0.14108 gpu_resource_sampling_overhead_ms=0.03134 semantic_gates=16/16 timing_direct=true resource_overhead_excluded=true step_sum_used=false status=PASS
sample_index=28 cpu_pipeline_ms=53.7407 gpu_pipeline_ms=8.14412 cpu_resource_sampling_overhead_ms=0.14539 gpu_resource_sampling_overhead_ms=0.03196 semantic_gates=16/16 timing_direct=true resource_overhead_excluded=true step_sum_used=false status=PASS
sample_index=29 cpu_pipeline_ms=53.3491 gpu_pipeline_ms=8.55574 cpu_resource_sampling_overhead_ms=0.12531 gpu_resource_sampling_overhead_ms=0.03176 semantic_gates=16/16 timing_direct=true resource_overhead_excluded=true step_sum_used=false status=PASS
sample_index=30 cpu_pipeline_ms=53.4017 gpu_pipeline_ms=8.53102 cpu_resource_sampling_overhead_ms=0.13066 gpu_resource_sampling_overhead_ms=0.03118 semantic_gates=16/16 timing_direct=true resource_overhead_excluded=true step_sum_used=false status=PASS
sample_index=31 cpu_pipeline_ms=60.0829 gpu_pipeline_ms=8.48339 cpu_resource_sampling_overhead_ms=0.13594 gpu_resource_sampling_overhead_ms=0.031 semantic_gates=16/16 timing_direct=true resource_overhead_excluded=true step_sum_used=false status=PASS
sample_index=32 cpu_pipeline_ms=54.4617 gpu_pipeline_ms=8.4604 cpu_resource_sampling_overhead_ms=0.137939 gpu_resource_sampling_overhead_ms=0.03181 semantic_gates=16/16 timing_direct=true resource_overhead_excluded=true step_sum_used=false status=PASS
sample_index=33 cpu_pipeline_ms=53.7892 gpu_pipeline_ms=7.84632 cpu_resource_sampling_overhead_ms=0.17564 gpu_resource_sampling_overhead_ms=0.03287 semantic_gates=16/16 timing_direct=true resource_overhead_excluded=true step_sum_used=false status=PASS
sample_index=34 cpu_pipeline_ms=53.8341 gpu_pipeline_ms=7.89264 cpu_resource_sampling_overhead_ms=0.14326 gpu_resource_sampling_overhead_ms=0.03242 semantic_gates=16/16 timing_direct=true resource_overhead_excluded=true step_sum_used=false status=PASS
sample_index=35 cpu_pipeline_ms=53.3636 gpu_pipeline_ms=8.03291 cpu_resource_sampling_overhead_ms=0.12873 gpu_resource_sampling_overhead_ms=0.03195 semantic_gates=16/16 timing_direct=true resource_overhead_excluded=true step_sum_used=false status=PASS
sample_index=36 cpu_pipeline_ms=54.0441 gpu_pipeline_ms=7.93084 cpu_resource_sampling_overhead_ms=0.14422 gpu_resource_sampling_overhead_ms=0.03216 semantic_gates=16/16 timing_direct=true resource_overhead_excluded=true step_sum_used=false status=PASS
sample_index=37 cpu_pipeline_ms=53.6553 gpu_pipeline_ms=7.99627 cpu_resource_sampling_overhead_ms=0.14044 gpu_resource_sampling_overhead_ms=0.03188 semantic_gates=16/16 timing_direct=true resource_overhead_excluded=true step_sum_used=false status=PASS
sample_index=38 cpu_pipeline_ms=53.4959 gpu_pipeline_ms=8.01068 cpu_resource_sampling_overhead_ms=0.14196 gpu_resource_sampling_overhead_ms=0.03225 semantic_gates=16/16 timing_direct=true resource_overhead_excluded=true step_sum_used=false status=PASS
sample_index=39 cpu_pipeline_ms=53.6729 gpu_pipeline_ms=7.76261 cpu_resource_sampling_overhead_ms=0.14063 gpu_resource_sampling_overhead_ms=0.032319 semantic_gates=16/16 timing_direct=true resource_overhead_excluded=true step_sum_used=false status=PASS
sample_index=40 cpu_pipeline_ms=53.5729 gpu_pipeline_ms=8.08601 cpu_resource_sampling_overhead_ms=0.13383 gpu_resource_sampling_overhead_ms=0.03249 semantic_gates=16/16 timing_direct=true resource_overhead_excluded=true step_sum_used=false status=PASS
sample_index=41 cpu_pipeline_ms=53.6852 gpu_pipeline_ms=7.67774 cpu_resource_sampling_overhead_ms=0.12943 gpu_resource_sampling_overhead_ms=0.03205 semantic_gates=16/16 timing_direct=true resource_overhead_excluded=true step_sum_used=false status=PASS
sample_index=42 cpu_pipeline_ms=53.4629 gpu_pipeline_ms=8.0029 cpu_resource_sampling_overhead_ms=0.14257 gpu_resource_sampling_overhead_ms=0.03211 semantic_gates=16/16 timing_direct=true resource_overhead_excluded=true step_sum_used=false status=PASS
sample_index=43 cpu_pipeline_ms=53.5096 gpu_pipeline_ms=7.92608 cpu_resource_sampling_overhead_ms=0.13768 gpu_resource_sampling_overhead_ms=0.03219 semantic_gates=16/16 timing_direct=true resource_overhead_excluded=true step_sum_used=false status=PASS
sample_index=44 cpu_pipeline_ms=53.563 gpu_pipeline_ms=7.75369 cpu_resource_sampling_overhead_ms=0.13548 gpu_resource_sampling_overhead_ms=0.03263 semantic_gates=16/16 timing_direct=true resource_overhead_excluded=true step_sum_used=false status=PASS
sample_index=45 cpu_pipeline_ms=53.4866 gpu_pipeline_ms=7.94719 cpu_resource_sampling_overhead_ms=0.13528 gpu_resource_sampling_overhead_ms=0.03288 semantic_gates=16/16 timing_direct=true resource_overhead_excluded=true step_sum_used=false status=PASS
sample_index=46 cpu_pipeline_ms=53.7325 gpu_pipeline_ms=7.92641 cpu_resource_sampling_overhead_ms=0.13492 gpu_resource_sampling_overhead_ms=0.03396 semantic_gates=16/16 timing_direct=true resource_overhead_excluded=true step_sum_used=false status=PASS
sample_index=47 cpu_pipeline_ms=57.2961 gpu_pipeline_ms=7.34251 cpu_resource_sampling_overhead_ms=0.13236 gpu_resource_sampling_overhead_ms=0.03089 semantic_gates=16/16 timing_direct=true resource_overhead_excluded=true step_sum_used=false status=PASS
sample_index=48 cpu_pipeline_ms=53.949 gpu_pipeline_ms=7.30759 cpu_resource_sampling_overhead_ms=0.13127 gpu_resource_sampling_overhead_ms=0.03064 semantic_gates=16/16 timing_direct=true resource_overhead_excluded=true step_sum_used=false status=PASS
sample_index=49 cpu_pipeline_ms=54.3872 gpu_pipeline_ms=7.25824 cpu_resource_sampling_overhead_ms=0.13318 gpu_resource_sampling_overhead_ms=0.03074 semantic_gates=16/16 timing_direct=true resource_overhead_excluded=true step_sum_used=false status=PASS
sample_index=50 cpu_pipeline_ms=53.806 gpu_pipeline_ms=7.45917 cpu_resource_sampling_overhead_ms=0.139549 gpu_resource_sampling_overhead_ms=0.03254 semantic_gates=16/16 timing_direct=true resource_overhead_excluded=true step_sum_used=false status=PASS
sample_index=51 cpu_pipeline_ms=54.1794 gpu_pipeline_ms=7.30376 cpu_resource_sampling_overhead_ms=0.16607 gpu_resource_sampling_overhead_ms=0.03058 semantic_gates=16/16 timing_direct=true resource_overhead_excluded=true step_sum_used=false status=PASS
sample_index=52 cpu_pipeline_ms=58.8675 gpu_pipeline_ms=7.34025 cpu_resource_sampling_overhead_ms=0.143859 gpu_resource_sampling_overhead_ms=0.03075 semantic_gates=16/16 timing_direct=true resource_overhead_excluded=true step_sum_used=false status=PASS
sample_index=53 cpu_pipeline_ms=59.5418 gpu_pipeline_ms=7.37742 cpu_resource_sampling_overhead_ms=0.13728 gpu_resource_sampling_overhead_ms=0.03099 semantic_gates=16/16 timing_direct=true resource_overhead_excluded=true step_sum_used=false status=PASS
sample_index=54 cpu_pipeline_ms=53.735 gpu_pipeline_ms=7.2933 cpu_resource_sampling_overhead_ms=0.13879 gpu_resource_sampling_overhead_ms=0.03068 semantic_gates=16/16 timing_direct=true resource_overhead_excluded=true step_sum_used=false status=PASS
sample_index=55 cpu_pipeline_ms=53.2599 gpu_pipeline_ms=7.3555 cpu_resource_sampling_overhead_ms=0.13436 gpu_resource_sampling_overhead_ms=0.03117 semantic_gates=16/16 timing_direct=true resource_overhead_excluded=true step_sum_used=false status=PASS
sample_index=56 cpu_pipeline_ms=53.3281 gpu_pipeline_ms=7.34993 cpu_resource_sampling_overhead_ms=0.13287 gpu_resource_sampling_overhead_ms=0.03014 semantic_gates=16/16 timing_direct=true resource_overhead_excluded=true step_sum_used=false status=PASS
sample_index=57 cpu_pipeline_ms=53.6617 gpu_pipeline_ms=7.43283 cpu_resource_sampling_overhead_ms=0.135349 gpu_resource_sampling_overhead_ms=0.03087 semantic_gates=16/16 timing_direct=true resource_overhead_excluded=true step_sum_used=false status=PASS
sample_index=58 cpu_pipeline_ms=53.2296 gpu_pipeline_ms=7.46876 cpu_resource_sampling_overhead_ms=0.15012 gpu_resource_sampling_overhead_ms=0.0308 semantic_gates=16/16 timing_direct=true resource_overhead_excluded=true step_sum_used=false status=PASS
sample_index=59 cpu_pipeline_ms=59.3294 gpu_pipeline_ms=7.22798 cpu_resource_sampling_overhead_ms=0.15035 gpu_resource_sampling_overhead_ms=0.03097 semantic_gates=16/16 timing_direct=true resource_overhead_excluded=true step_sum_used=false status=PASS
sample_index=60 cpu_pipeline_ms=53.9489 gpu_pipeline_ms=7.3379 cpu_resource_sampling_overhead_ms=0.13113 gpu_resource_sampling_overhead_ms=0.03087 semantic_gates=16/16 timing_direct=true resource_overhead_excluded=true step_sum_used=false status=PASS
sample_index=61 cpu_pipeline_ms=53.3439 gpu_pipeline_ms=7.27843 cpu_resource_sampling_overhead_ms=0.13423 gpu_resource_sampling_overhead_ms=0.0305 semantic_gates=16/16 timing_direct=true resource_overhead_excluded=true step_sum_used=false status=PASS
sample_index=62 cpu_pipeline_ms=53.7736 gpu_pipeline_ms=7.43663 cpu_resource_sampling_overhead_ms=0.14352 gpu_resource_sampling_overhead_ms=0.03054 semantic_gates=16/16 timing_direct=true resource_overhead_excluded=true step_sum_used=false status=PASS
sample_index=63 cpu_pipeline_ms=53.6884 gpu_pipeline_ms=7.35854 cpu_resource_sampling_overhead_ms=0.15048 gpu_resource_sampling_overhead_ms=0.03073 semantic_gates=16/16 timing_direct=true resource_overhead_excluded=true step_sum_used=false status=PASS
sample_index=64 cpu_pipeline_ms=53.2715 gpu_pipeline_ms=7.33215 cpu_resource_sampling_overhead_ms=0.142719 gpu_resource_sampling_overhead_ms=0.03033 semantic_gates=16/16 timing_direct=true resource_overhead_excluded=true step_sum_used=false status=PASS
sample_index=65 cpu_pipeline_ms=54.4798 gpu_pipeline_ms=7.24554 cpu_resource_sampling_overhead_ms=0.13515 gpu_resource_sampling_overhead_ms=0.03084 semantic_gates=16/16 timing_direct=true resource_overhead_excluded=true step_sum_used=false status=PASS
sample_index=66 cpu_pipeline_ms=53.7516 gpu_pipeline_ms=7.52893 cpu_resource_sampling_overhead_ms=0.13283 gpu_resource_sampling_overhead_ms=0.03068 semantic_gates=16/16 timing_direct=true resource_overhead_excluded=true step_sum_used=false status=PASS
sample_index=67 cpu_pipeline_ms=53.9002 gpu_pipeline_ms=7.3962 cpu_resource_sampling_overhead_ms=0.13384 gpu_resource_sampling_overhead_ms=0.03054 semantic_gates=16/16 timing_direct=true resource_overhead_excluded=true step_sum_used=false status=PASS
sample_index=68 cpu_pipeline_ms=53.4589 gpu_pipeline_ms=7.4322 cpu_resource_sampling_overhead_ms=0.12923 gpu_resource_sampling_overhead_ms=0.03019 semantic_gates=16/16 timing_direct=true resource_overhead_excluded=true step_sum_used=false status=PASS
sample_index=69 cpu_pipeline_ms=53.6078 gpu_pipeline_ms=7.36944 cpu_resource_sampling_overhead_ms=0.129 gpu_resource_sampling_overhead_ms=0.03069 semantic_gates=16/16 timing_direct=true resource_overhead_excluded=true step_sum_used=false status=PASS
sample_index=70 cpu_pipeline_ms=53.9477 gpu_pipeline_ms=7.46479 cpu_resource_sampling_overhead_ms=0.13058 gpu_resource_sampling_overhead_ms=0.03067 semantic_gates=16/16 timing_direct=true resource_overhead_excluded=true step_sum_used=false status=PASS
sample_index=71 cpu_pipeline_ms=53.6997 gpu_pipeline_ms=7.34037 cpu_resource_sampling_overhead_ms=0.12547 gpu_resource_sampling_overhead_ms=0.03099 semantic_gates=16/16 timing_direct=true resource_overhead_excluded=true step_sum_used=false status=PASS
sample_index=72 cpu_pipeline_ms=53.811 gpu_pipeline_ms=7.39619 cpu_resource_sampling_overhead_ms=0.14577 gpu_resource_sampling_overhead_ms=0.03085 semantic_gates=16/16 timing_direct=true resource_overhead_excluded=true step_sum_used=false status=PASS
sample_index=73 cpu_pipeline_ms=53.6854 gpu_pipeline_ms=7.28167 cpu_resource_sampling_overhead_ms=0.12866 gpu_resource_sampling_overhead_ms=0.03066 semantic_gates=16/16 timing_direct=true resource_overhead_excluded=true step_sum_used=false status=PASS
sample_index=74 cpu_pipeline_ms=53.8805 gpu_pipeline_ms=7.30619 cpu_resource_sampling_overhead_ms=0.13814 gpu_resource_sampling_overhead_ms=0.03031 semantic_gates=16/16 timing_direct=true resource_overhead_excluded=true step_sum_used=false status=PASS
sample_index=75 cpu_pipeline_ms=53.635 gpu_pipeline_ms=7.18848 cpu_resource_sampling_overhead_ms=0.13711 gpu_resource_sampling_overhead_ms=0.03098 semantic_gates=16/16 timing_direct=true resource_overhead_excluded=true step_sum_used=false status=PASS
sample_index=76 cpu_pipeline_ms=53.5296 gpu_pipeline_ms=7.34054 cpu_resource_sampling_overhead_ms=0.1389 gpu_resource_sampling_overhead_ms=0.03055 semantic_gates=16/16 timing_direct=true resource_overhead_excluded=true step_sum_used=false status=PASS
sample_index=77 cpu_pipeline_ms=53.6572 gpu_pipeline_ms=7.24152 cpu_resource_sampling_overhead_ms=0.14288 gpu_resource_sampling_overhead_ms=0.03055 semantic_gates=16/16 timing_direct=true resource_overhead_excluded=true step_sum_used=false status=PASS
sample_index=78 cpu_pipeline_ms=53.6366 gpu_pipeline_ms=7.24756 cpu_resource_sampling_overhead_ms=0.1331 gpu_resource_sampling_overhead_ms=0.03055 semantic_gates=16/16 timing_direct=true resource_overhead_excluded=true step_sum_used=false status=PASS
sample_index=79 cpu_pipeline_ms=53.8407 gpu_pipeline_ms=7.46413 cpu_resource_sampling_overhead_ms=0.13945 gpu_resource_sampling_overhead_ms=0.0307 semantic_gates=16/16 timing_direct=true resource_overhead_excluded=true step_sum_used=false status=PASS
sample_index=80 cpu_pipeline_ms=53.5382 gpu_pipeline_ms=7.42401 cpu_resource_sampling_overhead_ms=0.15168 gpu_resource_sampling_overhead_ms=0.03081 semantic_gates=16/16 timing_direct=true resource_overhead_excluded=true step_sum_used=false status=PASS
sample_index=81 cpu_pipeline_ms=53.7049 gpu_pipeline_ms=7.29856 cpu_resource_sampling_overhead_ms=0.13482 gpu_resource_sampling_overhead_ms=0.03101 semantic_gates=16/16 timing_direct=true resource_overhead_excluded=true step_sum_used=false status=PASS
sample_index=82 cpu_pipeline_ms=53.7485 gpu_pipeline_ms=7.47287 cpu_resource_sampling_overhead_ms=0.13442 gpu_resource_sampling_overhead_ms=0.03068 semantic_gates=16/16 timing_direct=true resource_overhead_excluded=true step_sum_used=false status=PASS
sample_index=83 cpu_pipeline_ms=53.3453 gpu_pipeline_ms=7.48592 cpu_resource_sampling_overhead_ms=0.13153 gpu_resource_sampling_overhead_ms=0.03065 semantic_gates=16/16 timing_direct=true resource_overhead_excluded=true step_sum_used=false status=PASS
sample_index=84 cpu_pipeline_ms=53.6319 gpu_pipeline_ms=7.35352 cpu_resource_sampling_overhead_ms=0.13482 gpu_resource_sampling_overhead_ms=0.03049 semantic_gates=16/16 timing_direct=true resource_overhead_excluded=true step_sum_used=false status=PASS
sample_index=85 cpu_pipeline_ms=53.5596 gpu_pipeline_ms=7.29009 cpu_resource_sampling_overhead_ms=0.13749 gpu_resource_sampling_overhead_ms=0.03057 semantic_gates=16/16 timing_direct=true resource_overhead_excluded=true step_sum_used=false status=PASS
sample_index=86 cpu_pipeline_ms=54.2682 gpu_pipeline_ms=7.30621 cpu_resource_sampling_overhead_ms=0.14677 gpu_resource_sampling_overhead_ms=0.03083 semantic_gates=16/16 timing_direct=true resource_overhead_excluded=true step_sum_used=false status=PASS
sample_index=87 cpu_pipeline_ms=53.8779 gpu_pipeline_ms=7.52076 cpu_resource_sampling_overhead_ms=0.13147 gpu_resource_sampling_overhead_ms=0.030529 semantic_gates=16/16 timing_direct=true resource_overhead_excluded=true step_sum_used=false status=PASS
sample_index=88 cpu_pipeline_ms=53.5771 gpu_pipeline_ms=7.31765 cpu_resource_sampling_overhead_ms=0.14217 gpu_resource_sampling_overhead_ms=0.03051 semantic_gates=16/16 timing_direct=true resource_overhead_excluded=true step_sum_used=false status=PASS
sample_index=89 cpu_pipeline_ms=53.8516 gpu_pipeline_ms=7.36873 cpu_resource_sampling_overhead_ms=0.13605 gpu_resource_sampling_overhead_ms=0.030339 semantic_gates=16/16 timing_direct=true resource_overhead_excluded=true step_sum_used=false status=PASS
sample_index=90 cpu_pipeline_ms=53.3248 gpu_pipeline_ms=7.44152 cpu_resource_sampling_overhead_ms=0.14031 gpu_resource_sampling_overhead_ms=0.03071 semantic_gates=16/16 timing_direct=true resource_overhead_excluded=true step_sum_used=false status=PASS
sample_index=91 cpu_pipeline_ms=61.2697 gpu_pipeline_ms=7.23243 cpu_resource_sampling_overhead_ms=0.14094 gpu_resource_sampling_overhead_ms=0.03025 semantic_gates=16/16 timing_direct=true resource_overhead_excluded=true step_sum_used=false status=PASS
sample_index=92 cpu_pipeline_ms=53.8152 gpu_pipeline_ms=7.33164 cpu_resource_sampling_overhead_ms=0.14876 gpu_resource_sampling_overhead_ms=0.0308 semantic_gates=16/16 timing_direct=true resource_overhead_excluded=true step_sum_used=false status=PASS
sample_index=93 cpu_pipeline_ms=53.218 gpu_pipeline_ms=7.36896 cpu_resource_sampling_overhead_ms=0.130609 gpu_resource_sampling_overhead_ms=0.03015 semantic_gates=16/16 timing_direct=true resource_overhead_excluded=true step_sum_used=false status=PASS
sample_index=94 cpu_pipeline_ms=53.5204 gpu_pipeline_ms=7.33179 cpu_resource_sampling_overhead_ms=0.14018 gpu_resource_sampling_overhead_ms=0.03049 semantic_gates=16/16 timing_direct=true resource_overhead_excluded=true step_sum_used=false status=PASS
sample_index=95 cpu_pipeline_ms=54.1705 gpu_pipeline_ms=7.40522 cpu_resource_sampling_overhead_ms=0.14898 gpu_resource_sampling_overhead_ms=0.03033 semantic_gates=16/16 timing_direct=true resource_overhead_excluded=true step_sum_used=false status=PASS
sample_index=96 cpu_pipeline_ms=53.9023 gpu_pipeline_ms=7.37336 cpu_resource_sampling_overhead_ms=0.14771 gpu_resource_sampling_overhead_ms=0.03066 semantic_gates=16/16 timing_direct=true resource_overhead_excluded=true step_sum_used=false status=PASS
sample_index=97 cpu_pipeline_ms=53.542 gpu_pipeline_ms=7.37578 cpu_resource_sampling_overhead_ms=0.14635 gpu_resource_sampling_overhead_ms=0.03037 semantic_gates=16/16 timing_direct=true resource_overhead_excluded=true step_sum_used=false status=PASS
sample_index=98 cpu_pipeline_ms=53.7591 gpu_pipeline_ms=8.18391 cpu_resource_sampling_overhead_ms=0.14758 gpu_resource_sampling_overhead_ms=0.03198 semantic_gates=16/16 timing_direct=true resource_overhead_excluded=true step_sum_used=false status=PASS
sample_index=99 cpu_pipeline_ms=53.3854 gpu_pipeline_ms=7.97599 cpu_resource_sampling_overhead_ms=0.131768 gpu_resource_sampling_overhead_ms=0.0316 semantic_gates=16/16 timing_direct=true resource_overhead_excluded=true step_sum_used=false status=PASS
function=Task2 frozen full six-step pipeline
call_chain=Step1->Step2;Step2+Step1->Step3;Step3 dual outputs->Step4;Step4->Step5;Step5+Step4+Kalman/delay->Step6
timing=pipeline_total measured directly;not=sum(step timings)
cpu_correlation_method=direct_parallel_exact workers=255
resource_sampling_mode=same_pipeline_execution
status=PASS return_code=0
