[stage08-b01] operator=general_gaussian entry=cpu:general_gaussian_typed_cpu gpu:general_gaussian_device
[stage08-b01] config=test_all/configs/operators/windows/general_gaussian/operator_scales.json config_sha256=5d6f2dd75b763122028b82c7fc144e476d8fa07150cda991f6306e7007f350ee
[stage08-b01] run_type=formal scale=general_gaussian_fp16_10e4 dtype=FP16 sym=false backend=not_applicable
[stage08-b01] dtype_semantics=actual_typed_scalar_inputs typed_input_count=2 actual_input_digest=f43b5a724b7a4487afea4f55db06f99e47b48fb17d98d7b3ad2b5907ebb10ccd
[stage08-b01] timing_scope=compatibility/end-to-end warmup=20 measured=100
[stage08-b01] cpu_mean_ms=0.42136593000000006 gpu_mean_ms=0.30907939999999995 speedup=1.3632934773394803
[stage08-b01] mse=6.9480704515078108e-16 rmse=2.6359192801578373e-08 relative_l2=4.3260505599227553e-08 relative_linf=1.1193314497504048e-07
[stage08-b01] resources=available cuda_event_ms=0.32210999727249146
[stage08-b01] status=PASS error_code=OK
[stage08] identity and status
target           | scale_id                   | device | backend        | dtype | warmup | measured | timing_scope             | status | error_code
general_gaussian | general_gaussian_fp16_10e4 | CPU    | not_applicable | FP16  | 20     | 100      | compatibility/end-to-end | PASS   | OK        
general_gaussian | general_gaussian_fp16_10e4 | GPU    | not_applicable | FP16  | 20     | 100      | compatibility/end-to-end | PASS   | OK        

[stage08] timing detail
device | mean_ms             | p50_ms              | p95_ms              | p99_ms              | min_ms              | max_ms              | std_ms               | cv                   | speedup           
CPU    | 0.42136593000000006 | 0.41923100000000002 | 0.430033            | 0.43358940000000046 | 0.41808099999999998 | 0.51956100000000005 | 0.010335039328667313 | 0.02452746791528046  | NA                
GPU    | 0.30907939999999995 | 0.30638100000000001 | 0.32001999999999997 | 0.37840470000000015 | 0.28965999999999997 | 0.40649099999999999 | 0.014866391079882165 | 0.048098938589508609 | 1.3632934773394803

[stage08] accuracy detail
accuracy_reference  | mse                    | rmse                   | relative_l2            | relative_linf          | exact_match | mismatch_count | semantic_check                                                                                  | status
cpu_typed_reference | 6.9480704515078108e-16 | 2.6359192801578373e-08 | 4.3260505599227553e-08 | 1.1193314497504048e-07 | NA          | NA             | finite_fp64_window_shape_power_width_and_symmetry_match_cpu:shape=[10000];finite=true;sym=false | PASS  

[stage08] resource detail
device | metric     | before_bytes | after_bytes | peak_bytes | delta_bytes
CPU    | cpu_heap   | 1567664      | 1571488     | 1650384    | 3824       
CPU    | rss        | 70955008     | 70955008    | 70955008   | 0          
GPU    | cpu_heap   | 1571488      | 1574320     | 1653456    | 2832       
GPU    | rss        | 70955008     | 70955008    | 70955008   | 0          
GPU    | gpu_memory | 391544832    | 391544832   | 391544832  | 0          

[stage08] input/output identity
device | input_digest                                                     | output_digest                                                   
CPU    | f43b5a724b7a4487afea4f55db06f99e47b48fb17d98d7b3ad2b5907ebb10ccd | 86effb5fc1ce73aa47aacc8412ca6c483e5110a5b89104bd9742a424b59f616d
GPU    | f43b5a724b7a4487afea4f55db06f99e47b48fb17d98d7b3ad2b5907ebb10ccd | 0b004743dbca6f8045f919a8f7b1053f9b8f3c365c432fb0a00eaa99fb318286

[stage08] input content
input_name       | shape   | dtype       | elements | generator                                           | values(head4/tail2)                                                                                  
window_positions | [10000] | INDEX_INT64 | 10000    | implicit_window_index_domain(no_materialized_array) | i=0:position=0;i=1:position=1;i=2:position=2;i=3:position=3;i=9998:position=9998;i=9999:position=9999
power            | scalar  | FP16        | 1        | exact_config_scalar                                 | value=2                                                                                              
width            | scalar  | FP16        | 1        | exact_config_scalar                                 | value=2048                                                                                           

[stage08] case parameters
parameters                                                                  
{"length":10000,"requested_dtype":"FP16","sym":false,"power":2,"width":2048}

[stage08] dtype evidence
requested_dtype | config_input_dtype | output_dtype | actual_input_digest                                              | status
FP16            | FP16               | FP64         | f43b5a724b7a4487afea4f55db06f99e47b48fb17d98d7b3ad2b5907ebb10ccd | PASS  

[stage08] evidence files
kind        | path                                                                                                                                                                                                                                                               
main_csv    | /tmp/ZKX_dev/results/stage08_input_preview_b01_general_gaussian_8b745f9a6864/formal/20260810T082122Z_8b745f9a6864_stage08_b01_formal_a103000c/operator_main_results_general_gaussian_not_applicable_20260810T082122Z_8b745f9a6864_stage08_b01_formal_a103000c.csv  
timing_csv  | /tmp/ZKX_dev/results/stage08_input_preview_b01_general_gaussian_8b745f9a6864/formal/20260810T082122Z_8b745f9a6864_stage08_b01_formal_a103000c/operator_timing_samples_general_gaussian_not_applicable_20260810T082122Z_8b745f9a6864_stage08_b01_formal_a103000c.csv
memory_csv  | /tmp/ZKX_dev/results/stage08_input_preview_b01_general_gaussian_8b745f9a6864/formal/20260810T082122Z_8b745f9a6864_stage08_b01_formal_a103000c/operator_windows_general_gaussian_memory_trace_not_applicable.csv                                                    
input_csv   | /tmp/ZKX_dev/results/stage08_input_preview_b01_general_gaussian_8b745f9a6864/formal/20260810T082122Z_8b745f9a6864_stage08_b01_formal_a103000c/operator_input_evidence_general_gaussian_not_applicable_20260810T082122Z_8b745f9a6864_stage08_b01_formal_a103000c.csv
dtype_csv   | /tmp/ZKX_dev/results/stage08_input_preview_b01_general_gaussian_8b745f9a6864/formal/20260810T082122Z_8b745f9a6864_stage08_b01_formal_a103000c/operator_dtype_evidence_general_gaussian_not_applicable_20260810T082122Z_8b745f9a6864_stage08_b01_formal_a103000c.csv
module_csv  | /tmp/ZKX_dev/results/stage08_input_preview_b01_general_gaussian_8b745f9a6864/formal/20260810T082122Z_8b745f9a6864_stage08_b01_formal_a103000c/windows_batch01_module_summary_not_applicable_20260810T082122Z_8b745f9a6864_stage08_b01_formal_a103000c.csv          
report_json | /tmp/ZKX_dev/results/stage08_input_preview_b01_general_gaussian_8b745f9a6864/formal/20260810T082122Z_8b745f9a6864_stage08_b01_formal_a103000c/operator_general_gaussian_report.json                                                                                
summary_txt | /tmp/ZKX_dev/results/stage08_input_preview_b01_general_gaussian_8b745f9a6864/formal/20260810T082122Z_8b745f9a6864_stage08_b01_formal_a103000c/operator_general_gaussian_summary.txt                                                                                
full_log    | /tmp/ZKX_dev/results/stage08_input_preview_b01_general_gaussian_8b745f9a6864/formal/20260810T082122Z_8b745f9a6864_stage08_b01_formal_a103000c/operator_general_gaussian_full.log                                                                                   
results_dir | /tmp/ZKX_dev/results/stage08_input_preview_b01_general_gaussian_8b745f9a6864/formal/20260810T082122Z_8b745f9a6864_stage08_b01_formal_a103000c                                                                                                                      
