command=build_stage07_b04_firfilter_v2_db9b07e/stage07_firfilter --dtype INT16 --n 128 --taps 9 --cutoff 60 --fs 1000 --sym true --warmup 20 --measured 100 --output /tmp/ZKX_dev/results/stage07_b04_formal_v2_e6d8c17/formal/20260810T103352Z_e6d8c17f237e_stage07_b04_formal_f0d3e7ca/firfilter_probe_raw.json
STAGE07_FILTER_PROBE PASS operator=firfilter dtype=INT16
{"run_id": "20260810T103352Z_e6d8c17f237e_stage07_b04_formal_f0d3e7ca", "case_id": "firfilter__firfilter_int16_10e2__3e17970795aaf02f", "operator_name": "firfilter", "task_name": "Task2", "step_name": "Step2;Step3", "scale_id": "firfilter_int16_10e2", "requested_dtype": "INT16", "input_content": [{"input_name": "b", "shape": "[9]", "dtype": "INT16", "element_count": "9", "generator": "deterministic_nine_tap_smoother", "preview_head4_tail2": "i=0:0;i=1:1;i=2:0;i=3:1;i=7:1;i=8:0"}, {"input_name": "x", "shape": "[128]", "dtype": "INT16", "element_count": "128", "generator": "sinusoid_mixture_plus_modular_noise", "preview_head4_tail2": "i=0:2;i=1:2;i=2:3;i=3:2;i=126:1;i=127:2"}], "case_parameters": {"signal_count": 128, "tap_count": 9, "shape": [128], "axis": -1, "zi": false, "output_dtype": "FP32"}, "output_dtype": "FP32", "backend": "not_applicable", "warmup_runs": 20, "measured_runs": 100, "mse": 0, "rmse": 0, "relative_l2": 0, "relative_linf": 0, "actual_input_digest": "3e17970795aaf02fa009cab32eeb8ddc6d423c08641bafbd95cfe51c8ddacd1b", "typed_array_digest": "291b281266266673aafcf512e0b536a90587a0209c28429b26d1719f34824bfb", "status": "PASS", "error_code": "OK"}
[stage07] identity and status
+-----------+----------------------+--------+----------------+-------+--------+----------+--------------------------+--------+------------+
| target    | scale_id             | device | backend        | dtype | warmup | measured | timing_scope             | status | error_code |
+-----------+----------------------+--------+----------------+-------+--------+----------+--------------------------+--------+------------+
| firfilter | firfilter_int16_10e2 | CPU    | not_applicable | INT16 | 20     | 100      | compatibility/end-to-end | PASS   | OK         |
| firfilter | firfilter_int16_10e2 | GPU    | not_applicable | INT16 | 20     | 100      | compatibility/end-to-end | PASS   | OK         |
+-----------+----------------------+--------+----------------+-------+--------+----------+--------------------------+--------+------------+

[stage07] timing detail
+--------+------------+----------+----------+--------------------+----------+----------+-----------------------+-----------------------+---------------------+
| device | mean_ms    | p50_ms   | p95_ms   | p99_ms             | min_ms   | max_ms   | std_ms                | cv                    | speedup             |
+--------+------------+----------+----------+--------------------+----------+----------+-----------------------+-----------------------+---------------------+
| CPU    | 0.01732581 | 0.01732  | 0.01739  | 0.0174406          | 0.01726  | 0.0175   | 3.634492949504814e-05 | 0.0020977333524405577 | NA                  |
| GPU    | 0.44776536 | 0.441913 | 0.460383 | 0.5761338100000006 | 0.428803 | 0.695014 | 0.029870519245744628  | 0.06671020564374303   | 0.03869394899149858 |
+--------+------------+----------+----------+--------------------+----------+----------+-----------------------+-----------------------+---------------------+

[stage07] accuracy detail
+-----------------------------------+-----+------+-------------+---------------+-------------+----------------+----------------------------------------------------------+--------+
| reference                         | mse | rmse | relative_l2 | relative_linf | exact_match | mismatch_count | semantic_check                                           | status |
+-----------------------------------+-----+------+-------------+---------------+-------------+----------------+----------------------------------------------------------+--------+
| typed_cpu_task_resident_reference | 0   | 0    | 0           | 0             | NA          | NA             | output_count=128;output_dtype=FP32;task_gpu_call=present | PASS   |
+-----------------------------------+-----+------+-------------+---------------+-------------+----------------+----------------------------------------------------------+--------+

[stage07] resource detail
+--------+------------+--------------+-------------+------------+-------------+
| device | metric     | before_bytes | after_bytes | peak_bytes | delta_bytes |
+--------+------------+--------------+-------------+------------+-------------+
| CPU    | cpu_heap   | 1407840      | 1413760     | 1413760    | 5920        |
| CPU    | rss        | 70922240     | 71176192    | 71176192   | 253952      |
| GPU    | cpu_heap   | 1414016      | 1417888     | 1417888    | 3872        |
| GPU    | rss        | 71176192     | 71176192    | 71176192   | 0           |
| GPU    | gpu_memory | 341000192    | 341000192   | 341000192  | 0           |
+--------+------------+--------------+-------------+------------+-------------+

[stage07] input content
+------------+-------+-------+----------+-------------------------------------+-----------------------------------------+
| input_name | shape | dtype | elements | generator                           | values(head4/tail2)                     |
+------------+-------+-------+----------+-------------------------------------+-----------------------------------------+
| b          | [9]   | INT16 | 9        | deterministic_nine_tap_smoother     | i=0:0;i=1:1;i=2:0;i=3:1;i=7:1;i=8:0     |
| x          | [128] | INT16 | 128      | sinusoid_mixture_plus_modular_noise | i=0:2;i=1:2;i=2:3;i=3:2;i=126:1;i=127:2 |
+------------+-------+-------+----------+-------------------------------------+-----------------------------------------+

[stage07] case parameters
+---------------------------------------------------------------------------------------------+
| parameters                                                                                  |
+---------------------------------------------------------------------------------------------+
| {"axis":-1,"output_dtype":"FP32","shape":[128],"signal_count":128,"tap_count":9,"zi":false} |
+---------------------------------------------------------------------------------------------+

[stage07] input and output identity
+--------+------------------------------------------------------------------+------------------------------------------------------------------+
| device | input_digest                                                     | output_digest                                                    |
+--------+------------------------------------------------------------------+------------------------------------------------------------------+
| CPU    | 3e17970795aaf02fa009cab32eeb8ddc6d423c08641bafbd95cfe51c8ddacd1b | 3b42f4086e0a6c6bb4d0f607bfea22a7ab3b314ddb7d4cadf1bde175eec56e38 |
| GPU    | 3e17970795aaf02fa009cab32eeb8ddc6d423c08641bafbd95cfe51c8ddacd1b | 3b42f4086e0a6c6bb4d0f607bfea22a7ab3b314ddb7d4cadf1bde175eec56e38 |
+--------+------------------------------------------------------------------+------------------------------------------------------------------+

[stage07] dtype evidence
+-----------------+--------------------+--------------+------------------------------------------------------------------+------------------------------------------------------------------+----------------------+
| requested_dtype | config_input_dtype | output_dtype | typed_array_digest                                               | actual_input_digest                                              | task_gpu_call_status |
+-----------------+--------------------+--------------+------------------------------------------------------------------+------------------------------------------------------------------+----------------------+
| INT16           | INT16              | FP32         | 291b281266266673aafcf512e0b536a90587a0209c28429b26d1719f34824bfb | 3e17970795aaf02fa009cab32eeb8ddc6d423c08641bafbd95cfe51c8ddacd1b | proved_gpu_cpu       |
+-----------------+--------------------+--------------+------------------------------------------------------------------+------------------------------------------------------------------+----------------------+

[stage07] evidence files
+-------------+------------------------------------------------------------------------------------------------------------------------------------------------------------------------------------------------------------------------------------+
| kind        | path                                                                                                                                                                                                                               |
+-------------+------------------------------------------------------------------------------------------------------------------------------------------------------------------------------------------------------------------------------------+
| main_csv    | /tmp/ZKX_dev/results/stage07_b04_formal_v2_e6d8c17/formal/20260810T103352Z_e6d8c17f237e_stage07_b04_formal_f0d3e7ca/operator_main_results_firfilter_not_applicable_20260810T103352Z_e6d8c17f237e_stage07_b04_formal_f0d3e7ca.csv   |
| timing_csv  | /tmp/ZKX_dev/results/stage07_b04_formal_v2_e6d8c17/formal/20260810T103352Z_e6d8c17f237e_stage07_b04_formal_f0d3e7ca/operator_timing_samples_firfilter_not_applicable_20260810T103352Z_e6d8c17f237e_stage07_b04_formal_f0d3e7ca.csv |
| memory_csv  | /tmp/ZKX_dev/results/stage07_b04_formal_v2_e6d8c17/formal/20260810T103352Z_e6d8c17f237e_stage07_b04_formal_f0d3e7ca/operator_filtering_firfilter_memory_trace_not_applicable.csv                                                   |
| dtype_csv   | /tmp/ZKX_dev/results/stage07_b04_formal_v2_e6d8c17/formal/20260810T103352Z_e6d8c17f237e_stage07_b04_formal_f0d3e7ca/operator_dtype_evidence_firfilter_not_applicable_20260810T103352Z_e6d8c17f237e_stage07_b04_formal_f0d3e7ca.csv |
| report_json | /tmp/ZKX_dev/results/stage07_b04_formal_v2_e6d8c17/formal/20260810T103352Z_e6d8c17f237e_stage07_b04_formal_f0d3e7ca/operator_firfilter_report.json                                                                                 |
| summary_txt | /tmp/ZKX_dev/results/stage07_b04_formal_v2_e6d8c17/formal/20260810T103352Z_e6d8c17f237e_stage07_b04_formal_f0d3e7ca/operator_firfilter_summary.txt                                                                                 |
| full_log    | /tmp/ZKX_dev/results/stage07_b04_formal_v2_e6d8c17/formal/20260810T103352Z_e6d8c17f237e_stage07_b04_formal_f0d3e7ca/operator_firfilter_full.log                                                                                    |
| result_dir  | /tmp/ZKX_dev/results/stage07_b04_formal_v2_e6d8c17/formal/20260810T103352Z_e6d8c17f237e_stage07_b04_formal_f0d3e7ca                                                                                                                |
+-------------+------------------------------------------------------------------------------------------------------------------------------------------------------------------------------------------------------------------------------------+
