command=build_stage08_b06_istft_365e0a0ca281/stage08_spectral_analysis_istft --dtype INT8 --bins 33 --frames 304 --fs 1000 --nperseg 64 --noverlap 48 --nfft 64 --onesided true --boundary true --seed 86250003 --warmup 20 --measured 100 --output /tmp/ZKX_dev/results/stage08_input_preview_b06_istft_9b01dadd36f6/formal/20260810T085724Z_9b01dadd36f6_stage08_b06_formal_8672000e/istft_probe_raw.json
{"run_id": "20260810T085724Z_9b01dadd36f6_stage08_b06_formal_8672000e", "case_id": "istft__istft_int8_10e4__604908af666bdb17", "operator_name": "istft", "scale_id": "istft_int8_10e4", "requested_dtype": "INT8", "output_dtype": "FP32", "backend": "fft_thrust", "frequency_count": 33, "time_count": 304, "nperseg": 64, "noverlap": 48, "nfft": 64, "input_onesided": true, "boundary": true, "output_length": 4848, "warmup_runs": 20, "measured_runs": 100, "mse": 1.34351e-12, "rmse": 1.1591e-06, "relative_l2": 1.13866e-07, "relative_linf": 1.65659e-07, "status": "PASS", "error_code": "OK"}
[stage08] identity and status
+--------+-----------------+--------+------------+-------+--------+----------+--------------------------+--------+------------+
| target | scale_id        | device | backend    | dtype | warmup | measured | timing_scope             | status | error_code |
+--------+-----------------+--------+------------+-------+--------+----------+--------------------------+--------+------------+
| istft  | istft_int8_10e4 | CPU    | fft_thrust | INT8  | 20     | 100      | compatibility/end-to-end | PASS   | OK         |
| istft  | istft_int8_10e4 | GPU    | fft_thrust | INT8  | 20     | 100      | compatibility/end-to-end | PASS   | OK         |
+--------+-----------------+--------+------------+-------+--------+----------+--------------------------+--------+------------+

[stage08] timing detail
+--------+--------------------+--------------------+-----------+--------------------+-----------+-----------+---------------------+-----------------------+-------------------+
| device | mean_ms            | p50_ms             | p95_ms    | p99_ms             | min_ms    | max_ms    | std_ms              | cv                    | speedup           |
+--------+--------------------+--------------------+-----------+--------------------+-----------+-----------+---------------------+-----------------------+-------------------+
| CPU    | 56.12648168        | 56.109699500000005 | 56.487136 | 56.8671944         | 55.840143 | 56.917229 | 0.20376561238613725 | 0.0036304718608212118 | NA                |
| GPU    | 0.7476029599999999 | 0.737479           | 0.7727315 | 0.8695474100000018 | 0.722724  | 1.217276  | 0.0514708687084102  | 0.06884786639743937   | 75.07525342061247 |
+--------+--------------------+--------------------+-----------+--------------------+-----------+-----------+---------------------+-----------------------+-------------------+

[stage08] accuracy detail
+-----------------------------------+-------------+------------+-------------+---------------+-------------+----------------+--------------------------------------------------------+--------+
| accuracy_reference                | mse         | rmse       | relative_l2 | relative_linf | exact_match | mismatch_count | semantic_check                                         | status |
+-----------------------------------+-------------+------------+-------------+---------------+-------------+----------------+--------------------------------------------------------+--------+
| cpu_istft_direct_idft_overlap_add | 1.34351e-12 | 1.1591e-06 | 1.13866e-07 | 1.65659e-07   | NA          | NA             | frequency_major_inverse_overlap_add_output_length=4848 | PASS   |
+-----------------------------------+-------------+------------+-------------+---------------+-------------+----------------+--------------------------------------------------------+--------+

[stage08] resource detail
+--------+------------+--------------+-------------+------------+-------------+
| device | metric     | before_bytes | after_bytes | peak_bytes | delta_bytes |
+--------+------------+--------------+-------------+------------+-------------+
| CPU    | cpu_heap   | 1579792      | 1682112     | 1752576    | 102320      |
| CPU    | rss        | 70586368     | 70586368    | 70586368   | 0           |
| GPU    | cpu_heap   | 1682272      | 1762192     | 1762416    | 79920       |
| GPU    | rss        | 70586368     | 70586368    | 70586368   | 0           |
| GPU    | gpu_memory | 357777408    | 357777408   | 357777408  | 0           |
+--------+------------+--------------+-------------+------------+-------------+

[stage08] input/output identity
+--------+------------------------------------------------------------------+------------------------------------------------------------------+
| device | input_digest                                                     | output_digest                                                    |
+--------+------------------------------------------------------------------+------------------------------------------------------------------+
| CPU    | 604908af666bdb174c70c7ed1d12f992f9b4cb76f7ea55ed5e666925f5fcfef4 | 4c8370704ec23bcc9123aa625fc405f8c36139d1089067a3afc26872712f0c4f |
| GPU    | 604908af666bdb174c70c7ed1d12f992f9b4cb76f7ea55ed5e666925f5fcfef4 | 20e438579ffb0feec74734ac9fdf28cbe33302371789cdfcdc052d1130f0f1d2 |
+--------+------------------------------------------------------------------+------------------------------------------------------------------+

[stage08] input content
+------------+----------+-------------+----------+-----------------------------------------------------------------------------------+--------------------------------------------------------------------------+
| input_name | shape    | dtype       | elements | generator                                                                         | values(head4/tail2)                                                      |
+------------+----------+-------------+----------+-----------------------------------------------------------------------------------+--------------------------------------------------------------------------+
| z          | [33x304] | ComplexINT8 | 10032    | frequency_major_complex_modular(seed=86250003,component_dtype=INT8,integral=true) | i=0:(-1,1);i=1:(5,-1);i=2:(0,-3);i=3:(-5,4);i=10030:(-2,2);i=10031:(4,0) |
+------------+----------+-------------+----------+-----------------------------------------------------------------------------------+--------------------------------------------------------------------------+

[stage08] case parameters
+----------------------------------------------------------------------------------------------------------------------------------------------------------+
| parameters                                                                                                                                               |
+----------------------------------------------------------------------------------------------------------------------------------------------------------+
| {"bins":"33","boundary":"true","dtype":"INT8","frames":"304","fs":"1000","nfft":"64","noverlap":"48","nperseg":"64","onesided":"true","seed":"86250003"} |
+----------------------------------------------------------------------------------------------------------------------------------------------------------+

[stage08] dtype evidence
+-----------------+--------------------+--------------+------------------------------------------------------------------+--------+
| requested_dtype | config_input_dtype | output_dtype | actual_input_digest                                              | status |
+-----------------+--------------------+--------------+------------------------------------------------------------------+--------+
| INT8            | NA                 | FP32         | 604908af666bdb174c70c7ed1d12f992f9b4cb76f7ea55ed5e666925f5fcfef4 | PASS   |
+-----------------+--------------------+--------------+------------------------------------------------------------------+--------+

[stage08] evidence files
+----------------+-------------------------------------------------------------------------------------------------------------------------------------------------------------------------------------------------------------------------------------------+
| kind           | path                                                                                                                                                                                                                                      |
+----------------+-------------------------------------------------------------------------------------------------------------------------------------------------------------------------------------------------------------------------------------------+
| probe_raw_json | /tmp/ZKX_dev/results/stage08_input_preview_b06_istft_9b01dadd36f6/formal/20260810T085724Z_9b01dadd36f6_stage08_b06_formal_8672000e/istft_probe_raw.json                                                                                   |
| dtype_csv      | /tmp/ZKX_dev/results/stage08_input_preview_b06_istft_9b01dadd36f6/formal/20260810T085724Z_9b01dadd36f6_stage08_b06_formal_8672000e/operator_dtype_evidence_istft_fft_thrust_20260810T085724Z_9b01dadd36f6_stage08_b06_formal_8672000e.csv |
| full_log       | /tmp/ZKX_dev/results/stage08_input_preview_b06_istft_9b01dadd36f6/formal/20260810T085724Z_9b01dadd36f6_stage08_b06_formal_8672000e/operator_istft_full.log                                                                                |
| report_json    | /tmp/ZKX_dev/results/stage08_input_preview_b06_istft_9b01dadd36f6/formal/20260810T085724Z_9b01dadd36f6_stage08_b06_formal_8672000e/operator_istft_report.json                                                                             |
| summary_txt    | /tmp/ZKX_dev/results/stage08_input_preview_b06_istft_9b01dadd36f6/formal/20260810T085724Z_9b01dadd36f6_stage08_b06_formal_8672000e/operator_istft_summary.txt                                                                             |
| main_csv       | /tmp/ZKX_dev/results/stage08_input_preview_b06_istft_9b01dadd36f6/formal/20260810T085724Z_9b01dadd36f6_stage08_b06_formal_8672000e/operator_main_results_istft_fft_thrust_20260810T085724Z_9b01dadd36f6_stage08_b06_formal_8672000e.csv   |
| memory_csv     | /tmp/ZKX_dev/results/stage08_input_preview_b06_istft_9b01dadd36f6/formal/20260810T085724Z_9b01dadd36f6_stage08_b06_formal_8672000e/operator_spectral_analysis_istft_memory_trace_fft_thrust.csv                                           |
| timing_csv     | /tmp/ZKX_dev/results/stage08_input_preview_b06_istft_9b01dadd36f6/formal/20260810T085724Z_9b01dadd36f6_stage08_b06_formal_8672000e/operator_timing_samples_istft_fft_thrust_20260810T085724Z_9b01dadd36f6_stage08_b06_formal_8672000e.csv |
+----------------+-------------------------------------------------------------------------------------------------------------------------------------------------------------------------------------------------------------------------------------------+
