sample_index=0 cpu_pipeline_ms=25.4652 gpu_pipeline_ms=6.191 cpu_resource_sampling_overhead_ms=0.121272 gpu_resource_sampling_overhead_ms=0.031051 semantic_gates=16/16 timing_direct=true resource_overhead_excluded=true step_sum_used=false status=PASS
sample_index=1 cpu_pipeline_ms=31.8015 gpu_pipeline_ms=6.69286 cpu_resource_sampling_overhead_ms=0.141412 gpu_resource_sampling_overhead_ms=0.03121 semantic_gates=16/16 timing_direct=true resource_overhead_excluded=true step_sum_used=false status=PASS
sample_index=2 cpu_pipeline_ms=25.6365 gpu_pipeline_ms=6.84434 cpu_resource_sampling_overhead_ms=0.12223 gpu_resource_sampling_overhead_ms=0.03052 semantic_gates=16/16 timing_direct=true resource_overhead_excluded=true step_sum_used=false status=PASS
sample_index=3 cpu_pipeline_ms=25.2169 gpu_pipeline_ms=6.1052 cpu_resource_sampling_overhead_ms=0.13754 gpu_resource_sampling_overhead_ms=0.031341 semantic_gates=16/16 timing_direct=true resource_overhead_excluded=true step_sum_used=false status=PASS
sample_index=4 cpu_pipeline_ms=25.7303 gpu_pipeline_ms=6.7618 cpu_resource_sampling_overhead_ms=0.130431 gpu_resource_sampling_overhead_ms=0.0312 semantic_gates=16/16 timing_direct=true resource_overhead_excluded=true step_sum_used=false status=PASS
sample_index=5 cpu_pipeline_ms=25.2416 gpu_pipeline_ms=6.80973 cpu_resource_sampling_overhead_ms=0.13823 gpu_resource_sampling_overhead_ms=0.03114 semantic_gates=16/16 timing_direct=true resource_overhead_excluded=true step_sum_used=false status=PASS
sample_index=6 cpu_pipeline_ms=25.1714 gpu_pipeline_ms=6.53131 cpu_resource_sampling_overhead_ms=0.11906 gpu_resource_sampling_overhead_ms=0.03203 semantic_gates=16/16 timing_direct=true resource_overhead_excluded=true step_sum_used=false status=PASS
sample_index=7 cpu_pipeline_ms=25.1336 gpu_pipeline_ms=6.83667 cpu_resource_sampling_overhead_ms=0.12536 gpu_resource_sampling_overhead_ms=0.03268 semantic_gates=16/16 timing_direct=true resource_overhead_excluded=true step_sum_used=false status=PASS
sample_index=8 cpu_pipeline_ms=25.3017 gpu_pipeline_ms=6.43541 cpu_resource_sampling_overhead_ms=0.115051 gpu_resource_sampling_overhead_ms=0.03188 semantic_gates=16/16 timing_direct=true resource_overhead_excluded=true step_sum_used=false status=PASS
sample_index=9 cpu_pipeline_ms=25.3701 gpu_pipeline_ms=6.54444 cpu_resource_sampling_overhead_ms=0.119342 gpu_resource_sampling_overhead_ms=0.03155 semantic_gates=16/16 timing_direct=true resource_overhead_excluded=true step_sum_used=false status=PASS
sample_index=10 cpu_pipeline_ms=25.2099 gpu_pipeline_ms=6.36251 cpu_resource_sampling_overhead_ms=0.11073 gpu_resource_sampling_overhead_ms=0.0322 semantic_gates=16/16 timing_direct=true resource_overhead_excluded=true step_sum_used=false status=PASS
sample_index=11 cpu_pipeline_ms=25.3985 gpu_pipeline_ms=6.25362 cpu_resource_sampling_overhead_ms=0.12513 gpu_resource_sampling_overhead_ms=0.03194 semantic_gates=16/16 timing_direct=true resource_overhead_excluded=true step_sum_used=false status=PASS
sample_index=12 cpu_pipeline_ms=25.4173 gpu_pipeline_ms=6.22615 cpu_resource_sampling_overhead_ms=0.126492 gpu_resource_sampling_overhead_ms=0.031432 semantic_gates=16/16 timing_direct=true resource_overhead_excluded=true step_sum_used=false status=PASS
sample_index=13 cpu_pipeline_ms=25.0179 gpu_pipeline_ms=6.23732 cpu_resource_sampling_overhead_ms=0.128581 gpu_resource_sampling_overhead_ms=0.03149 semantic_gates=16/16 timing_direct=true resource_overhead_excluded=true step_sum_used=false status=PASS
sample_index=14 cpu_pipeline_ms=25.1105 gpu_pipeline_ms=6.31711 cpu_resource_sampling_overhead_ms=0.125961 gpu_resource_sampling_overhead_ms=0.030821 semantic_gates=16/16 timing_direct=true resource_overhead_excluded=true step_sum_used=false status=PASS
sample_index=15 cpu_pipeline_ms=25.2709 gpu_pipeline_ms=7.5537 cpu_resource_sampling_overhead_ms=0.13302 gpu_resource_sampling_overhead_ms=0.0415 semantic_gates=16/16 timing_direct=true resource_overhead_excluded=true step_sum_used=false status=PASS
sample_index=16 cpu_pipeline_ms=27.4878 gpu_pipeline_ms=9.63846 cpu_resource_sampling_overhead_ms=0.203591 gpu_resource_sampling_overhead_ms=0.03669 semantic_gates=16/16 timing_direct=true resource_overhead_excluded=true step_sum_used=false status=PASS
sample_index=17 cpu_pipeline_ms=27.2275 gpu_pipeline_ms=9.18393 cpu_resource_sampling_overhead_ms=0.210852 gpu_resource_sampling_overhead_ms=0.03719 semantic_gates=16/16 timing_direct=true resource_overhead_excluded=true step_sum_used=false status=PASS
sample_index=18 cpu_pipeline_ms=26.7322 gpu_pipeline_ms=9.0645 cpu_resource_sampling_overhead_ms=0.152502 gpu_resource_sampling_overhead_ms=0.0353 semantic_gates=16/16 timing_direct=true resource_overhead_excluded=true step_sum_used=false status=PASS
sample_index=19 cpu_pipeline_ms=29.1999 gpu_pipeline_ms=8.87387 cpu_resource_sampling_overhead_ms=0.161741 gpu_resource_sampling_overhead_ms=0.033181 semantic_gates=16/16 timing_direct=true resource_overhead_excluded=true step_sum_used=false status=PASS
sample_index=20 cpu_pipeline_ms=26.9861 gpu_pipeline_ms=8.75756 cpu_resource_sampling_overhead_ms=0.144842 gpu_resource_sampling_overhead_ms=0.03824 semantic_gates=16/16 timing_direct=true resource_overhead_excluded=true step_sum_used=false status=PASS
sample_index=21 cpu_pipeline_ms=37.6445 gpu_pipeline_ms=8.53433 cpu_resource_sampling_overhead_ms=0.150802 gpu_resource_sampling_overhead_ms=0.040022 semantic_gates=16/16 timing_direct=true resource_overhead_excluded=true step_sum_used=false status=PASS
sample_index=22 cpu_pipeline_ms=27.4382 gpu_pipeline_ms=8.24427 cpu_resource_sampling_overhead_ms=0.15737 gpu_resource_sampling_overhead_ms=0.03392 semantic_gates=16/16 timing_direct=true resource_overhead_excluded=true step_sum_used=false status=PASS
sample_index=23 cpu_pipeline_ms=23.6279 gpu_pipeline_ms=7.68303 cpu_resource_sampling_overhead_ms=0.13826 gpu_resource_sampling_overhead_ms=0.03455 semantic_gates=16/16 timing_direct=true resource_overhead_excluded=true step_sum_used=false status=PASS
sample_index=24 cpu_pipeline_ms=23.9495 gpu_pipeline_ms=7.8893 cpu_resource_sampling_overhead_ms=0.145561 gpu_resource_sampling_overhead_ms=0.03363 semantic_gates=16/16 timing_direct=true resource_overhead_excluded=true step_sum_used=false status=PASS
sample_index=25 cpu_pipeline_ms=25.9535 gpu_pipeline_ms=8.49408 cpu_resource_sampling_overhead_ms=0.11941 gpu_resource_sampling_overhead_ms=0.038431 semantic_gates=16/16 timing_direct=true resource_overhead_excluded=true step_sum_used=false status=PASS
sample_index=26 cpu_pipeline_ms=41.8891 gpu_pipeline_ms=8.13209 cpu_resource_sampling_overhead_ms=0.177401 gpu_resource_sampling_overhead_ms=0.03985 semantic_gates=16/16 timing_direct=true resource_overhead_excluded=true step_sum_used=false status=PASS
sample_index=27 cpu_pipeline_ms=28.1749 gpu_pipeline_ms=7.74244 cpu_resource_sampling_overhead_ms=0.118992 gpu_resource_sampling_overhead_ms=0.03352 semantic_gates=16/16 timing_direct=true resource_overhead_excluded=true step_sum_used=false status=PASS
sample_index=28 cpu_pipeline_ms=26.8412 gpu_pipeline_ms=7.60711 cpu_resource_sampling_overhead_ms=0.133411 gpu_resource_sampling_overhead_ms=0.03382 semantic_gates=16/16 timing_direct=true resource_overhead_excluded=true step_sum_used=false status=PASS
sample_index=29 cpu_pipeline_ms=26.4174 gpu_pipeline_ms=7.61898 cpu_resource_sampling_overhead_ms=0.141222 gpu_resource_sampling_overhead_ms=0.0331 semantic_gates=16/16 timing_direct=true resource_overhead_excluded=true step_sum_used=false status=PASS
sample_index=30 cpu_pipeline_ms=41.5849 gpu_pipeline_ms=8.19363 cpu_resource_sampling_overhead_ms=0.160281 gpu_resource_sampling_overhead_ms=0.03412 semantic_gates=16/16 timing_direct=true resource_overhead_excluded=true step_sum_used=false status=PASS
sample_index=31 cpu_pipeline_ms=26.6804 gpu_pipeline_ms=7.609 cpu_resource_sampling_overhead_ms=0.142891 gpu_resource_sampling_overhead_ms=0.03315 semantic_gates=16/16 timing_direct=true resource_overhead_excluded=true step_sum_used=false status=PASS
sample_index=32 cpu_pipeline_ms=26.6826 gpu_pipeline_ms=7.81157 cpu_resource_sampling_overhead_ms=0.134871 gpu_resource_sampling_overhead_ms=0.03293 semantic_gates=16/16 timing_direct=true resource_overhead_excluded=true step_sum_used=false status=PASS
sample_index=33 cpu_pipeline_ms=26.9464 gpu_pipeline_ms=7.63854 cpu_resource_sampling_overhead_ms=0.14709 gpu_resource_sampling_overhead_ms=0.033051 semantic_gates=16/16 timing_direct=true resource_overhead_excluded=true step_sum_used=false status=PASS
sample_index=34 cpu_pipeline_ms=36.3151 gpu_pipeline_ms=8.32623 cpu_resource_sampling_overhead_ms=0.16725 gpu_resource_sampling_overhead_ms=0.03742 semantic_gates=16/16 timing_direct=true resource_overhead_excluded=true step_sum_used=false status=PASS
sample_index=35 cpu_pipeline_ms=30.5638 gpu_pipeline_ms=7.76671 cpu_resource_sampling_overhead_ms=0.13804 gpu_resource_sampling_overhead_ms=0.03421 semantic_gates=16/16 timing_direct=true resource_overhead_excluded=true step_sum_used=false status=PASS
sample_index=36 cpu_pipeline_ms=26.587 gpu_pipeline_ms=7.55165 cpu_resource_sampling_overhead_ms=0.13993 gpu_resource_sampling_overhead_ms=0.034221 semantic_gates=16/16 timing_direct=true resource_overhead_excluded=true step_sum_used=false status=PASS
sample_index=37 cpu_pipeline_ms=26.2543 gpu_pipeline_ms=7.87372 cpu_resource_sampling_overhead_ms=0.139181 gpu_resource_sampling_overhead_ms=0.03418 semantic_gates=16/16 timing_direct=true resource_overhead_excluded=true step_sum_used=false status=PASS
sample_index=38 cpu_pipeline_ms=27.9047 gpu_pipeline_ms=8.11995 cpu_resource_sampling_overhead_ms=0.14392 gpu_resource_sampling_overhead_ms=0.03984 semantic_gates=16/16 timing_direct=true resource_overhead_excluded=true step_sum_used=false status=PASS
sample_index=39 cpu_pipeline_ms=37.1716 gpu_pipeline_ms=7.59394 cpu_resource_sampling_overhead_ms=0.13584 gpu_resource_sampling_overhead_ms=0.035711 semantic_gates=16/16 timing_direct=true resource_overhead_excluded=true step_sum_used=false status=PASS
sample_index=40 cpu_pipeline_ms=27.2301 gpu_pipeline_ms=7.671 cpu_resource_sampling_overhead_ms=0.135592 gpu_resource_sampling_overhead_ms=0.035221 semantic_gates=16/16 timing_direct=true resource_overhead_excluded=true step_sum_used=false status=PASS
sample_index=41 cpu_pipeline_ms=26.3906 gpu_pipeline_ms=7.53516 cpu_resource_sampling_overhead_ms=0.129311 gpu_resource_sampling_overhead_ms=0.03442 semantic_gates=16/16 timing_direct=true resource_overhead_excluded=true step_sum_used=false status=PASS
sample_index=42 cpu_pipeline_ms=27.0224 gpu_pipeline_ms=7.61416 cpu_resource_sampling_overhead_ms=0.12881 gpu_resource_sampling_overhead_ms=0.032681 semantic_gates=16/16 timing_direct=true resource_overhead_excluded=true step_sum_used=false status=PASS
sample_index=43 cpu_pipeline_ms=43.4165 gpu_pipeline_ms=8.11841 cpu_resource_sampling_overhead_ms=0.170922 gpu_resource_sampling_overhead_ms=0.03825 semantic_gates=16/16 timing_direct=true resource_overhead_excluded=true step_sum_used=false status=PASS
sample_index=44 cpu_pipeline_ms=26.9192 gpu_pipeline_ms=7.87883 cpu_resource_sampling_overhead_ms=0.142942 gpu_resource_sampling_overhead_ms=0.03574 semantic_gates=16/16 timing_direct=true resource_overhead_excluded=true step_sum_used=false status=PASS
sample_index=45 cpu_pipeline_ms=26.8885 gpu_pipeline_ms=7.54744 cpu_resource_sampling_overhead_ms=0.160431 gpu_resource_sampling_overhead_ms=0.09838 semantic_gates=16/16 timing_direct=true resource_overhead_excluded=true step_sum_used=false status=PASS
sample_index=46 cpu_pipeline_ms=26.5659 gpu_pipeline_ms=7.56237 cpu_resource_sampling_overhead_ms=0.129581 gpu_resource_sampling_overhead_ms=0.03451 semantic_gates=16/16 timing_direct=true resource_overhead_excluded=true step_sum_used=false status=PASS
sample_index=47 cpu_pipeline_ms=27.9598 gpu_pipeline_ms=7.59154 cpu_resource_sampling_overhead_ms=0.13846 gpu_resource_sampling_overhead_ms=0.03583 semantic_gates=16/16 timing_direct=true resource_overhead_excluded=true step_sum_used=false status=PASS
sample_index=48 cpu_pipeline_ms=26.5601 gpu_pipeline_ms=7.68632 cpu_resource_sampling_overhead_ms=0.123631 gpu_resource_sampling_overhead_ms=0.03442 semantic_gates=16/16 timing_direct=true resource_overhead_excluded=true step_sum_used=false status=PASS
sample_index=49 cpu_pipeline_ms=25.3677 gpu_pipeline_ms=7.89518 cpu_resource_sampling_overhead_ms=0.137591 gpu_resource_sampling_overhead_ms=0.03499 semantic_gates=16/16 timing_direct=true resource_overhead_excluded=true step_sum_used=false status=PASS
sample_index=50 cpu_pipeline_ms=25.4181 gpu_pipeline_ms=7.03464 cpu_resource_sampling_overhead_ms=0.12378 gpu_resource_sampling_overhead_ms=0.03257 semantic_gates=16/16 timing_direct=true resource_overhead_excluded=true step_sum_used=false status=PASS
sample_index=51 cpu_pipeline_ms=25.1097 gpu_pipeline_ms=6.8527 cpu_resource_sampling_overhead_ms=0.12654 gpu_resource_sampling_overhead_ms=0.03115 semantic_gates=16/16 timing_direct=true resource_overhead_excluded=true step_sum_used=false status=PASS
sample_index=52 cpu_pipeline_ms=26.3391 gpu_pipeline_ms=6.87804 cpu_resource_sampling_overhead_ms=0.14377 gpu_resource_sampling_overhead_ms=0.031531 semantic_gates=16/16 timing_direct=true resource_overhead_excluded=true step_sum_used=false status=PASS
sample_index=53 cpu_pipeline_ms=25.199 gpu_pipeline_ms=7.107 cpu_resource_sampling_overhead_ms=0.126051 gpu_resource_sampling_overhead_ms=0.031101 semantic_gates=16/16 timing_direct=true resource_overhead_excluded=true step_sum_used=false status=PASS
sample_index=54 cpu_pipeline_ms=25.2874 gpu_pipeline_ms=6.91382 cpu_resource_sampling_overhead_ms=0.129101 gpu_resource_sampling_overhead_ms=0.0316 semantic_gates=16/16 timing_direct=true resource_overhead_excluded=true step_sum_used=false status=PASS
sample_index=55 cpu_pipeline_ms=33.3746 gpu_pipeline_ms=6.78292 cpu_resource_sampling_overhead_ms=0.129051 gpu_resource_sampling_overhead_ms=0.03165 semantic_gates=16/16 timing_direct=true resource_overhead_excluded=true step_sum_used=false status=PASS
sample_index=56 cpu_pipeline_ms=25.4084 gpu_pipeline_ms=6.92943 cpu_resource_sampling_overhead_ms=0.128252 gpu_resource_sampling_overhead_ms=0.03278 semantic_gates=16/16 timing_direct=true resource_overhead_excluded=true step_sum_used=false status=PASS
sample_index=57 cpu_pipeline_ms=25.6227 gpu_pipeline_ms=6.9588 cpu_resource_sampling_overhead_ms=0.135652 gpu_resource_sampling_overhead_ms=0.03199 semantic_gates=16/16 timing_direct=true resource_overhead_excluded=true step_sum_used=false status=PASS
sample_index=58 cpu_pipeline_ms=25.0181 gpu_pipeline_ms=6.83003 cpu_resource_sampling_overhead_ms=0.1451 gpu_resource_sampling_overhead_ms=0.03145 semantic_gates=16/16 timing_direct=true resource_overhead_excluded=true step_sum_used=false status=PASS
sample_index=59 cpu_pipeline_ms=24.9624 gpu_pipeline_ms=6.81554 cpu_resource_sampling_overhead_ms=0.117102 gpu_resource_sampling_overhead_ms=0.0314 semantic_gates=16/16 timing_direct=true resource_overhead_excluded=true step_sum_used=false status=PASS
sample_index=60 cpu_pipeline_ms=25.6538 gpu_pipeline_ms=7.08978 cpu_resource_sampling_overhead_ms=0.134532 gpu_resource_sampling_overhead_ms=0.03131 semantic_gates=16/16 timing_direct=true resource_overhead_excluded=true step_sum_used=false status=PASS
sample_index=61 cpu_pipeline_ms=25.209 gpu_pipeline_ms=6.92139 cpu_resource_sampling_overhead_ms=0.113861 gpu_resource_sampling_overhead_ms=0.03193 semantic_gates=16/16 timing_direct=true resource_overhead_excluded=true step_sum_used=false status=PASS
sample_index=62 cpu_pipeline_ms=25.101 gpu_pipeline_ms=6.88618 cpu_resource_sampling_overhead_ms=0.131382 gpu_resource_sampling_overhead_ms=0.03178 semantic_gates=16/16 timing_direct=true resource_overhead_excluded=true step_sum_used=false status=PASS
sample_index=63 cpu_pipeline_ms=25.5366 gpu_pipeline_ms=7.01221 cpu_resource_sampling_overhead_ms=0.12834 gpu_resource_sampling_overhead_ms=0.03055 semantic_gates=16/16 timing_direct=true resource_overhead_excluded=true step_sum_used=false status=PASS
sample_index=64 cpu_pipeline_ms=25.2658 gpu_pipeline_ms=6.84933 cpu_resource_sampling_overhead_ms=0.125012 gpu_resource_sampling_overhead_ms=0.031181 semantic_gates=16/16 timing_direct=true resource_overhead_excluded=true step_sum_used=false status=PASS
sample_index=65 cpu_pipeline_ms=25.4324 gpu_pipeline_ms=6.91711 cpu_resource_sampling_overhead_ms=0.123351 gpu_resource_sampling_overhead_ms=0.030622 semantic_gates=16/16 timing_direct=true resource_overhead_excluded=true step_sum_used=false status=PASS
sample_index=66 cpu_pipeline_ms=25.2445 gpu_pipeline_ms=6.89165 cpu_resource_sampling_overhead_ms=0.136032 gpu_resource_sampling_overhead_ms=0.03192 semantic_gates=16/16 timing_direct=true resource_overhead_excluded=true step_sum_used=false status=PASS
sample_index=67 cpu_pipeline_ms=25.2045 gpu_pipeline_ms=6.91811 cpu_resource_sampling_overhead_ms=0.121962 gpu_resource_sampling_overhead_ms=0.03162 semantic_gates=16/16 timing_direct=true resource_overhead_excluded=true step_sum_used=false status=PASS
sample_index=68 cpu_pipeline_ms=25.7668 gpu_pipeline_ms=6.92911 cpu_resource_sampling_overhead_ms=0.125961 gpu_resource_sampling_overhead_ms=0.03178 semantic_gates=16/16 timing_direct=true resource_overhead_excluded=true step_sum_used=false status=PASS
sample_index=69 cpu_pipeline_ms=25.2559 gpu_pipeline_ms=6.85007 cpu_resource_sampling_overhead_ms=0.136431 gpu_resource_sampling_overhead_ms=0.03116 semantic_gates=16/16 timing_direct=true resource_overhead_excluded=true step_sum_used=false status=PASS
sample_index=70 cpu_pipeline_ms=25.0193 gpu_pipeline_ms=6.74755 cpu_resource_sampling_overhead_ms=0.143601 gpu_resource_sampling_overhead_ms=0.03068 semantic_gates=16/16 timing_direct=true resource_overhead_excluded=true step_sum_used=false status=PASS
sample_index=71 cpu_pipeline_ms=25.7431 gpu_pipeline_ms=6.85578 cpu_resource_sampling_overhead_ms=0.13226 gpu_resource_sampling_overhead_ms=0.03117 semantic_gates=16/16 timing_direct=true resource_overhead_excluded=true step_sum_used=false status=PASS
sample_index=72 cpu_pipeline_ms=25.1375 gpu_pipeline_ms=6.66881 cpu_resource_sampling_overhead_ms=0.133422 gpu_resource_sampling_overhead_ms=0.03178 semantic_gates=16/16 timing_direct=true resource_overhead_excluded=true step_sum_used=false status=PASS
sample_index=73 cpu_pipeline_ms=25.3831 gpu_pipeline_ms=7.24396 cpu_resource_sampling_overhead_ms=0.127281 gpu_resource_sampling_overhead_ms=0.031331 semantic_gates=16/16 timing_direct=true resource_overhead_excluded=true step_sum_used=false status=PASS
sample_index=74 cpu_pipeline_ms=25.4192 gpu_pipeline_ms=6.87886 cpu_resource_sampling_overhead_ms=0.13179 gpu_resource_sampling_overhead_ms=0.03112 semantic_gates=16/16 timing_direct=true resource_overhead_excluded=true step_sum_used=false status=PASS
sample_index=75 cpu_pipeline_ms=25.1297 gpu_pipeline_ms=6.85352 cpu_resource_sampling_overhead_ms=0.129192 gpu_resource_sampling_overhead_ms=0.03202 semantic_gates=16/16 timing_direct=true resource_overhead_excluded=true step_sum_used=false status=PASS
sample_index=76 cpu_pipeline_ms=25.6106 gpu_pipeline_ms=6.89171 cpu_resource_sampling_overhead_ms=0.136231 gpu_resource_sampling_overhead_ms=0.0319 semantic_gates=16/16 timing_direct=true resource_overhead_excluded=true step_sum_used=false status=PASS
sample_index=77 cpu_pipeline_ms=25.2472 gpu_pipeline_ms=6.79499 cpu_resource_sampling_overhead_ms=0.140751 gpu_resource_sampling_overhead_ms=0.032251 semantic_gates=16/16 timing_direct=true resource_overhead_excluded=true step_sum_used=false status=PASS
sample_index=78 cpu_pipeline_ms=24.9918 gpu_pipeline_ms=6.78424 cpu_resource_sampling_overhead_ms=0.121801 gpu_resource_sampling_overhead_ms=0.03206 semantic_gates=16/16 timing_direct=true resource_overhead_excluded=true step_sum_used=false status=PASS
sample_index=79 cpu_pipeline_ms=25.469 gpu_pipeline_ms=6.94366 cpu_resource_sampling_overhead_ms=0.143351 gpu_resource_sampling_overhead_ms=0.03122 semantic_gates=16/16 timing_direct=true resource_overhead_excluded=true step_sum_used=false status=PASS
sample_index=80 cpu_pipeline_ms=25.0419 gpu_pipeline_ms=6.92046 cpu_resource_sampling_overhead_ms=0.133351 gpu_resource_sampling_overhead_ms=0.03122 semantic_gates=16/16 timing_direct=true resource_overhead_excluded=true step_sum_used=false status=PASS
sample_index=81 cpu_pipeline_ms=25.369 gpu_pipeline_ms=6.8806 cpu_resource_sampling_overhead_ms=0.125131 gpu_resource_sampling_overhead_ms=0.0311 semantic_gates=16/16 timing_direct=true resource_overhead_excluded=true step_sum_used=false status=PASS
sample_index=82 cpu_pipeline_ms=25.4304 gpu_pipeline_ms=6.86179 cpu_resource_sampling_overhead_ms=0.12931 gpu_resource_sampling_overhead_ms=0.03127 semantic_gates=16/16 timing_direct=true resource_overhead_excluded=true step_sum_used=false status=PASS
sample_index=83 cpu_pipeline_ms=24.9432 gpu_pipeline_ms=6.82957 cpu_resource_sampling_overhead_ms=0.16922 gpu_resource_sampling_overhead_ms=0.03189 semantic_gates=16/16 timing_direct=true resource_overhead_excluded=true step_sum_used=false status=PASS
sample_index=84 cpu_pipeline_ms=25.3617 gpu_pipeline_ms=6.37185 cpu_resource_sampling_overhead_ms=0.14072 gpu_resource_sampling_overhead_ms=0.03199 semantic_gates=16/16 timing_direct=true resource_overhead_excluded=true step_sum_used=false status=PASS
sample_index=85 cpu_pipeline_ms=25.3844 gpu_pipeline_ms=6.43258 cpu_resource_sampling_overhead_ms=0.155743 gpu_resource_sampling_overhead_ms=0.03091 semantic_gates=16/16 timing_direct=true resource_overhead_excluded=true step_sum_used=false status=PASS
sample_index=86 cpu_pipeline_ms=24.8733 gpu_pipeline_ms=6.45155 cpu_resource_sampling_overhead_ms=0.1402 gpu_resource_sampling_overhead_ms=0.03111 semantic_gates=16/16 timing_direct=true resource_overhead_excluded=true step_sum_used=false status=PASS
sample_index=87 cpu_pipeline_ms=25.4701 gpu_pipeline_ms=6.43567 cpu_resource_sampling_overhead_ms=0.144581 gpu_resource_sampling_overhead_ms=0.03153 semantic_gates=16/16 timing_direct=true resource_overhead_excluded=true step_sum_used=false status=PASS
sample_index=88 cpu_pipeline_ms=25.1858 gpu_pipeline_ms=6.1852 cpu_resource_sampling_overhead_ms=0.152102 gpu_resource_sampling_overhead_ms=0.031141 semantic_gates=16/16 timing_direct=true resource_overhead_excluded=true step_sum_used=false status=PASS
sample_index=89 cpu_pipeline_ms=25.2803 gpu_pipeline_ms=6.51062 cpu_resource_sampling_overhead_ms=0.125182 gpu_resource_sampling_overhead_ms=0.0312 semantic_gates=16/16 timing_direct=true resource_overhead_excluded=true step_sum_used=false status=PASS
sample_index=90 cpu_pipeline_ms=25.5391 gpu_pipeline_ms=6.63949 cpu_resource_sampling_overhead_ms=0.14925 gpu_resource_sampling_overhead_ms=0.03151 semantic_gates=16/16 timing_direct=true resource_overhead_excluded=true step_sum_used=false status=PASS
sample_index=91 cpu_pipeline_ms=25.0749 gpu_pipeline_ms=6.29515 cpu_resource_sampling_overhead_ms=0.12746 gpu_resource_sampling_overhead_ms=0.03076 semantic_gates=16/16 timing_direct=true resource_overhead_excluded=true step_sum_used=false status=PASS
sample_index=92 cpu_pipeline_ms=25.4542 gpu_pipeline_ms=6.56894 cpu_resource_sampling_overhead_ms=0.139592 gpu_resource_sampling_overhead_ms=0.0315 semantic_gates=16/16 timing_direct=true resource_overhead_excluded=true step_sum_used=false status=PASS
sample_index=93 cpu_pipeline_ms=25.3341 gpu_pipeline_ms=6.39564 cpu_resource_sampling_overhead_ms=0.131131 gpu_resource_sampling_overhead_ms=0.03158 semantic_gates=16/16 timing_direct=true resource_overhead_excluded=true step_sum_used=false status=PASS
sample_index=94 cpu_pipeline_ms=24.9957 gpu_pipeline_ms=6.45965 cpu_resource_sampling_overhead_ms=0.127171 gpu_resource_sampling_overhead_ms=0.031141 semantic_gates=16/16 timing_direct=true resource_overhead_excluded=true step_sum_used=false status=PASS
sample_index=95 cpu_pipeline_ms=25.5784 gpu_pipeline_ms=6.34022 cpu_resource_sampling_overhead_ms=0.127141 gpu_resource_sampling_overhead_ms=0.03202 semantic_gates=16/16 timing_direct=true resource_overhead_excluded=true step_sum_used=false status=PASS
sample_index=96 cpu_pipeline_ms=27.1933 gpu_pipeline_ms=6.32833 cpu_resource_sampling_overhead_ms=0.139961 gpu_resource_sampling_overhead_ms=0.03093 semantic_gates=16/16 timing_direct=true resource_overhead_excluded=true step_sum_used=false status=PASS
sample_index=97 cpu_pipeline_ms=25.2312 gpu_pipeline_ms=6.68725 cpu_resource_sampling_overhead_ms=0.118701 gpu_resource_sampling_overhead_ms=0.03065 semantic_gates=16/16 timing_direct=true resource_overhead_excluded=true step_sum_used=false status=PASS
sample_index=98 cpu_pipeline_ms=25.5177 gpu_pipeline_ms=6.48093 cpu_resource_sampling_overhead_ms=0.143031 gpu_resource_sampling_overhead_ms=0.03114 semantic_gates=16/16 timing_direct=true resource_overhead_excluded=true step_sum_used=false status=PASS
sample_index=99 cpu_pipeline_ms=24.9431 gpu_pipeline_ms=6.28197 cpu_resource_sampling_overhead_ms=0.120121 gpu_resource_sampling_overhead_ms=0.031042 semantic_gates=16/16 timing_direct=true resource_overhead_excluded=true step_sum_used=false status=PASS
function=Task2 frozen full six-step pipeline
call_chain=Step1->Step2;Step2+Step1->Step3;Step3 dual outputs->Step4;Step4->Step5;Step5+Step4+Kalman/delay->Step6
timing=pipeline_total measured directly;not=sum(step timings)
cpu_correlation_method=direct_parallel_exact workers=224
resource_sampling_mode=same_pipeline_execution
status=PASS return_code=0
