[stage07] identity and status
+--------+-----------------+--------+----------------+-------+--------+----------+--------------------------+--------+------------+
| target | scale_id        | device | backend        | dtype | warmup | measured | timing_scope             | status | error_code |
+--------+-----------------+--------+----------------+-------+--------+----------+--------------------------+--------+------------+
| chirp  | chirp_fp16_10e2 | CPU    | not_applicable | FP16  | 20     | 100      | compatibility/end-to-end | PASS   | OK         |
| chirp  | chirp_fp16_10e2 | GPU    | not_applicable | FP16  | 20     | 100      | compatibility/end-to-end | PASS   | OK         |
+--------+-----------------+--------+----------------+-------+--------+----------+--------------------------+--------+------------+

[stage07] timing detail
+--------+----------------------+---------+---------------------+---------------------+----------+----------+-----------------------+-----------------------+---------------------+
| device | mean_ms              | p50_ms  | p95_ms              | p99_ms              | min_ms   | max_ms   | std_ms                | cv                    | speedup             |
+--------+----------------------+---------+---------------------+---------------------+----------+----------+-----------------------+-----------------------+---------------------+
| CPU    | 0.015160050000000001 | 0.01516 | 0.01525145          | 0.0153015           | 0.015061 | 0.015351 | 5.096319750565109e-05 | 0.0033616774024921477 | NA                  |
| GPU    | 0.17233391999999997  | 0.17002 | 0.18747399999999997 | 0.22319441000000004 | 0.166545 | 0.231947 | 0.009676157810494823  | 0.05614772652124912   | 0.08796904289068573 |
+--------+----------------------+---------+---------------------+---------------------+----------+----------+-----------------------+-----------------------+---------------------+

[stage07] accuracy detail
+---------------------+-----+------+-------------+---------------+-------------+----------------+-----------------------------------------------------------------+--------+
| reference           | mse | rmse | relative_l2 | relative_linf | exact_match | mismatch_count | semantic_check                                                  | status |
+---------------------+-----+------+-------------+---------------+-------------+----------------+-----------------------------------------------------------------+--------+
| typed_cpu_reference | 0   | 0    | 0           | 0             | NA          | NA             | output_shape=[128];output_dtype=FP16;finite_numeric_output=true | PASS   |
+---------------------+-----+------+-------------+---------------+-------------+----------------+-----------------------------------------------------------------+--------+

[stage07] resource detail
+--------+------------+--------------+-------------+------------+-------------+
| device | metric     | before_bytes | after_bytes | peak_bytes | delta_bytes |
+--------+------------+--------------+-------------+------------+-------------+
| CPU    | cpu_heap   | 1392544      | 1398000     | 1398000    | 5456        |
| CPU    | rss        | 69427200     | 69427200    | 69427200   | 0           |
| GPU    | cpu_heap   | 1398000      | 1402128     | 1402128    | 4128        |
| GPU    | rss        | 69427200     | 69427200    | 69427200   | 0           |
| GPU    | gpu_memory | 391544832    | 391544832   | 391544832  | 0           |
+--------+------------+--------------+-------------+------------+-------------+

[stage07] input content
+------------+-------+-------+----------+----------------------------------+---------------------------------------------------------------------------+
| input_name | shape | dtype | elements | generator                        | values(head4/tail2)                                                       |
+------------+-------+-------+----------+----------------------------------+---------------------------------------------------------------------------+
| time       | [128] | FP16  | 128      | uniform_time_0_to_31(31*i/(N-1)) | i=0:0;i=1:0.244140625;i=2:0.48828125;i=3:0.732421875;i=126:30.75;i=127:31 |
+------------+-------+-------+----------+----------------------------------+---------------------------------------------------------------------------+

[stage07] case parameters
+-------------------------------------------------------------------+
| parameters                                                        |
+-------------------------------------------------------------------+
| {"f0":0.02,"f1":0.07,"method":"linear","phase_degrees":0,"t1":31} |
+-------------------------------------------------------------------+

[stage07] input and output identity
+--------+------------------------------------------------------------------+------------------------------------------------------------------+
| device | input_digest                                                     | output_digest                                                    |
+--------+------------------------------------------------------------------+------------------------------------------------------------------+
| CPU    | 149e54e4f898af20afbbcdf42284a94a05321a7547716540d51ed85feb173d65 | 915b4606a605b26111c8a37975b4c58bb64c92a08a9e65b900ddb587e12d16a2 |
| GPU    | 149e54e4f898af20afbbcdf42284a94a05321a7547716540d51ed85feb173d65 | 915b4606a605b26111c8a37975b4c58bb64c92a08a9e65b900ddb587e12d16a2 |
+--------+------------------------------------------------------------------+------------------------------------------------------------------+

[stage07] dtype evidence
+-----------------+--------------------+--------------+------------------------------------------------------------------+------------------------------------------------------------------+
| requested_dtype | config_input_dtype | output_dtype | typed_array_digest                                               | actual_input_digest                                              |
+-----------------+--------------------+--------------+------------------------------------------------------------------+------------------------------------------------------------------+
| FP16            | FP16               | FP16         | bd61d0dd2fc90511f49b02a6bd0aafa60fc6a64620fce1b93862a18b953eed85 | 149e54e4f898af20afbbcdf42284a94a05321a7547716540d51ed85feb173d65 |
+-----------------+--------------------+--------------+------------------------------------------------------------------+------------------------------------------------------------------+

[stage07] evidence files
+-------------+----------------------------------------------------------------------------------------------------------------------------------------------------------------------------------------------------------------------------------+
| kind        | path                                                                                                                                                                                                                             |
+-------------+----------------------------------------------------------------------------------------------------------------------------------------------------------------------------------------------------------------------------------+
| main_csv    | /tmp/ZKX_dev/results/stage07_b02_formal_76c5b6f8b36d/formal/20260810T092018Z_76c5b6f8b36d_stage07_b02_formal_4b613850/operator_main_results_chirp_not_applicable_20260810T092018Z_76c5b6f8b36d_stage07_b02_formal_4b613850.csv   |
| timing_csv  | /tmp/ZKX_dev/results/stage07_b02_formal_76c5b6f8b36d/formal/20260810T092018Z_76c5b6f8b36d_stage07_b02_formal_4b613850/operator_timing_samples_chirp_not_applicable_20260810T092018Z_76c5b6f8b36d_stage07_b02_formal_4b613850.csv |
| memory_csv  | /tmp/ZKX_dev/results/stage07_b02_formal_76c5b6f8b36d/formal/20260810T092018Z_76c5b6f8b36d_stage07_b02_formal_4b613850/operator_waveforms_chirp_memory_trace_not_applicable.csv                                                   |
| dtype_csv   | /tmp/ZKX_dev/results/stage07_b02_formal_76c5b6f8b36d/formal/20260810T092018Z_76c5b6f8b36d_stage07_b02_formal_4b613850/operator_dtype_evidence_chirp_not_applicable_20260810T092018Z_76c5b6f8b36d_stage07_b02_formal_4b613850.csv |
| report_json | /tmp/ZKX_dev/results/stage07_b02_formal_76c5b6f8b36d/formal/20260810T092018Z_76c5b6f8b36d_stage07_b02_formal_4b613850/operator_chirp_report.json                                                                                 |
| summary_txt | /tmp/ZKX_dev/results/stage07_b02_formal_76c5b6f8b36d/formal/20260810T092018Z_76c5b6f8b36d_stage07_b02_formal_4b613850/operator_chirp_summary.txt                                                                                 |
| full_log    | /tmp/ZKX_dev/results/stage07_b02_formal_76c5b6f8b36d/formal/20260810T092018Z_76c5b6f8b36d_stage07_b02_formal_4b613850/operator_chirp_full.log                                                                                    |
| result_dir  | /tmp/ZKX_dev/results/stage07_b02_formal_76c5b6f8b36d/formal/20260810T092018Z_76c5b6f8b36d_stage07_b02_formal_4b613850                                                                                                            |
+-------------+----------------------------------------------------------------------------------------------------------------------------------------------------------------------------------------------------------------------------------+
STAGE07_WAVEFORM_CASE PASS operator=chirp scale=chirp_fp16_10e2 dtype=FP16 backend=not_applicable measured=100 results=/tmp/ZKX_dev/results/stage07_b02_formal_76c5b6f8b36d/formal/20260810T092018Z_76c5b6f8b36d_stage07_b02_formal_4b613850
