[stage07] identity and status
+--------+-----------------+--------+----------------+-------+--------+----------+--------------------------+--------+------------+
| target | scale_id        | device | backend        | dtype | warmup | measured | timing_scope             | status | error_code |
+--------+-----------------+--------+----------------+-------+--------+----------+--------------------------+--------+------------+
| chirp  | chirp_fp32_10e4 | CPU    | not_applicable | FP32  | 20     | 100      | compatibility/end-to-end | PASS   | OK         |
| chirp  | chirp_fp32_10e4 | GPU    | not_applicable | FP32  | 20     | 100      | compatibility/end-to-end | PASS   | OK         |
+--------+-----------------+--------+----------------+-------+--------+----------+--------------------------+--------+------------+

[stage07] timing detail
+--------+---------------------+---------------------+---------------------+---------------------+----------+----------+----------------------+----------------------+-------------------+
| device | mean_ms             | p50_ms              | p95_ms              | p99_ms              | min_ms   | max_ms   | std_ms               | cv                   | speedup           |
+--------+---------------------+---------------------+---------------------+---------------------+----------+----------+----------------------+----------------------+-------------------+
| CPU    | 0.7611090500000001  | 0.758887            | 0.773831            | 0.8324801000000001  | 0.753072 | 0.833975 | 0.012282608544910159 | 0.016137777556199284 | NA                |
| GPU    | 0.25682604000000003 | 0.25201799999999996 | 0.28853654999999995 | 0.32288082000000023 | 0.246287 | 0.370581 | 0.017257297532302096 | 0.06719450073015218  | 2.963519781716838 |
+--------+---------------------+---------------------+---------------------+---------------------+----------+----------+----------------------+----------------------+-------------------+

[stage07] accuracy detail
+---------------------+------------+-------------+-------------+---------------+-------------+----------------+-------------------------------------------------------------------+--------+
| reference           | mse        | rmse        | relative_l2 | relative_linf | exact_match | mismatch_count | semantic_check                                                    | status |
+---------------------+------------+-------------+-------------+---------------+-------------+----------------+-------------------------------------------------------------------+--------+
| typed_cpu_reference | 5.5381e-16 | 2.35332e-08 | 3.34597e-08 | 5.96046e-08   | NA          | NA             | output_shape=[16384];output_dtype=FP32;finite_numeric_output=true | PASS   |
+---------------------+------------+-------------+-------------+---------------+-------------+----------------+-------------------------------------------------------------------+--------+

[stage07] resource detail
+--------+------------+--------------+-------------+------------+-------------+
| device | metric     | before_bytes | after_bytes | peak_bytes | delta_bytes |
+--------+------------+--------------+-------------+------------+-------------+
| CPU    | cpu_heap   | 1608448      | 1809472     | 1809472    | 201024      |
| CPU    | rss        | 69574656     | 70320128    | 70320128   | 745472      |
| GPU    | cpu_heap   | 1809472      | 1943680     | 1943680    | 134208      |
| GPU    | rss        | 70320128     | 70320128    | 70320128   | 0           |
| GPU    | gpu_memory | 408322048    | 408322048   | 408322048  | 0           |
+--------+------------+--------------+-------------+------------+-------------+

[stage07] input content
+------------+---------+-------+----------+----------------------------------+-------------------------------------------------------------------------------------------+
| input_name | shape   | dtype | elements | generator                        | values(head4/tail2)                                                                       |
+------------+---------+-------+----------+----------------------------------+-------------------------------------------------------------------------------------------+
| time       | [16384] | FP32  | 16384    | uniform_time_0_to_31(31*i/(N-1)) | i=0:0;i=1:0.00189220533;i=2:0.00378441066;i=3:0.00567661598;i=16382:30.9981079;i=16383:31 |
+------------+---------+-------+----------+----------------------------------+-------------------------------------------------------------------------------------------+

[stage07] case parameters
+-------------------------------------------------------------------+
| parameters                                                        |
+-------------------------------------------------------------------+
| {"f0":0.02,"f1":0.07,"method":"linear","phase_degrees":0,"t1":31} |
+-------------------------------------------------------------------+

[stage07] input and output identity
+--------+------------------------------------------------------------------+------------------------------------------------------------------+
| device | input_digest                                                     | output_digest                                                    |
+--------+------------------------------------------------------------------+------------------------------------------------------------------+
| CPU    | 806c90503c6db1fcfe9ce8609257636085b1d67ca42e2a450749b5abafbed906 | 773780d1738ceb6174052a9b260b8aa28a5da6a4068038a53f146a18f451ff3f |
| GPU    | 806c90503c6db1fcfe9ce8609257636085b1d67ca42e2a450749b5abafbed906 | 2b735dcdda32420c3cca4a6fcad028308390c01feba98cb93ea13ccd59aa383e |
+--------+------------------------------------------------------------------+------------------------------------------------------------------+

[stage07] dtype evidence
+-----------------+--------------------+--------------+------------------------------------------------------------------+------------------------------------------------------------------+
| requested_dtype | config_input_dtype | output_dtype | typed_array_digest                                               | actual_input_digest                                              |
+-----------------+--------------------+--------------+------------------------------------------------------------------+------------------------------------------------------------------+
| FP32            | FP32               | FP32         | 92b5b54743b189d3157ff0ae64406133fcd6e197ee79c25ae5d41b52efb8890d | 806c90503c6db1fcfe9ce8609257636085b1d67ca42e2a450749b5abafbed906 |
+-----------------+--------------------+--------------+------------------------------------------------------------------+------------------------------------------------------------------+

[stage07] evidence files
+-------------+----------------------------------------------------------------------------------------------------------------------------------------------------------------------------------------------------------------------------------+
| kind        | path                                                                                                                                                                                                                             |
+-------------+----------------------------------------------------------------------------------------------------------------------------------------------------------------------------------------------------------------------------------+
| main_csv    | /tmp/ZKX_dev/results/stage07_b02_formal_76c5b6f8b36d/formal/20260810T092018Z_76c5b6f8b36d_stage07_b02_formal_776b788a/operator_main_results_chirp_not_applicable_20260810T092018Z_76c5b6f8b36d_stage07_b02_formal_776b788a.csv   |
| timing_csv  | /tmp/ZKX_dev/results/stage07_b02_formal_76c5b6f8b36d/formal/20260810T092018Z_76c5b6f8b36d_stage07_b02_formal_776b788a/operator_timing_samples_chirp_not_applicable_20260810T092018Z_76c5b6f8b36d_stage07_b02_formal_776b788a.csv |
| memory_csv  | /tmp/ZKX_dev/results/stage07_b02_formal_76c5b6f8b36d/formal/20260810T092018Z_76c5b6f8b36d_stage07_b02_formal_776b788a/operator_waveforms_chirp_memory_trace_not_applicable.csv                                                   |
| dtype_csv   | /tmp/ZKX_dev/results/stage07_b02_formal_76c5b6f8b36d/formal/20260810T092018Z_76c5b6f8b36d_stage07_b02_formal_776b788a/operator_dtype_evidence_chirp_not_applicable_20260810T092018Z_76c5b6f8b36d_stage07_b02_formal_776b788a.csv |
| report_json | /tmp/ZKX_dev/results/stage07_b02_formal_76c5b6f8b36d/formal/20260810T092018Z_76c5b6f8b36d_stage07_b02_formal_776b788a/operator_chirp_report.json                                                                                 |
| summary_txt | /tmp/ZKX_dev/results/stage07_b02_formal_76c5b6f8b36d/formal/20260810T092018Z_76c5b6f8b36d_stage07_b02_formal_776b788a/operator_chirp_summary.txt                                                                                 |
| full_log    | /tmp/ZKX_dev/results/stage07_b02_formal_76c5b6f8b36d/formal/20260810T092018Z_76c5b6f8b36d_stage07_b02_formal_776b788a/operator_chirp_full.log                                                                                    |
| result_dir  | /tmp/ZKX_dev/results/stage07_b02_formal_76c5b6f8b36d/formal/20260810T092018Z_76c5b6f8b36d_stage07_b02_formal_776b788a                                                                                                            |
+-------------+----------------------------------------------------------------------------------------------------------------------------------------------------------------------------------------------------------------------------------+
STAGE07_WAVEFORM_CASE PASS operator=chirp scale=chirp_fp32_10e4 dtype=FP32 backend=not_applicable measured=100 results=/tmp/ZKX_dev/results/stage07_b02_formal_76c5b6f8b36d/formal/20260810T092018Z_76c5b6f8b36d_stage07_b02_formal_776b788a
