[stage07] identity and status
+--------+------------------+--------+----------------+-------+--------+----------+--------------------------+--------+------------+
| target | scale_id         | device | backend        | dtype | warmup | measured | timing_scope             | status | error_code |
+--------+------------------+--------+----------------+-------+--------+----------+--------------------------+--------+------------+
| chirp  | chirp_int16_10e3 | CPU    | not_applicable | INT16 | 20     | 100      | compatibility/end-to-end | PASS   | OK         |
| chirp  | chirp_int16_10e3 | GPU    | not_applicable | INT16 | 20     | 100      | compatibility/end-to-end | PASS   | OK         |
+--------+------------------+--------+----------------+-------+--------+----------+--------------------------+--------+------------+

[stage07] timing detail
+--------+------------+----------+------------+---------------------+----------+----------+-----------------------+----------------------+---------------------+
| device | mean_ms    | p50_ms   | p95_ms     | p99_ms              | min_ms   | max_ms   | std_ms                | cv                   | speedup             |
+--------+------------+----------+------------+---------------------+----------+----------+-----------------------+----------------------+---------------------+
| CPU    | 0.05963698 | 0.059442 | 0.059532   | 0.05979650000000009 | 0.059322 | 0.078062 | 0.0018524158873212035 | 0.031061530736821406 | NA                  |
| GPU    | 0.171692   | 0.170095 | 0.17371755 | 0.19139883000000055 | 0.166215 | 0.297609 | 0.012916108787866415  | 0.07522836700525601  | 0.34734862428068863 |
+--------+------------+----------+------------+---------------------+----------+----------+-----------------------+----------------------+---------------------+

[stage07] accuracy detail
+---------------------+-----+------+-------------+---------------+-------------+----------------+-------------------------------------------------------------------+--------+
| reference           | mse | rmse | relative_l2 | relative_linf | exact_match | mismatch_count | semantic_check                                                    | status |
+---------------------+-----+------+-------------+---------------+-------------+----------------+-------------------------------------------------------------------+--------+
| typed_cpu_reference | 0   | 0    | 0           | 0             | NA          | NA             | output_shape=[1024];output_dtype=INT16;finite_numeric_output=true | PASS   |
+---------------------+-----+------+-------------+---------------+-------------+----------------+-------------------------------------------------------------------+--------+

[stage07] resource detail
+--------+------------+--------------+-------------+------------+-------------+
| device | metric     | before_bytes | after_bytes | peak_bytes | delta_bytes |
+--------+------------+--------------+-------------+------------+-------------+
| CPU    | cpu_heap   | 1396304      | 1411360     | 1411360    | 15056       |
| CPU    | rss        | 69562368     | 69799936    | 69799936   | 237568      |
| GPU    | cpu_heap   | 1411456      | 1422720     | 1422720    | 11264       |
| GPU    | rss        | 69799936     | 69799936    | 69799936   | 0           |
| GPU    | gpu_memory | 391544832    | 391544832   | 391544832  | 0           |
+--------+------------+--------------+-------------+------------+-------------+

[stage07] input content
+------------+--------+-------+----------+---------------------------------------------------+---------------------------------------------+
| input_name | shape  | dtype | elements | generator                                         | values(head4/tail2)                         |
+------------+--------+-------+----------+---------------------------------------------------+---------------------------------------------+
| time       | [1024] | INT16 | 1024     | quantized_uniform_time_0_to_31(floor(31*i/(N-1))) | i=0:0;i=1:0;i=2:0;i=3:0;i=1022:30;i=1023:31 |
+------------+--------+-------+----------+---------------------------------------------------+---------------------------------------------+

[stage07] case parameters
+-------------------------------------------------------------------+
| parameters                                                        |
+-------------------------------------------------------------------+
| {"f0":0.02,"f1":0.07,"method":"linear","phase_degrees":0,"t1":31} |
+-------------------------------------------------------------------+

[stage07] input and output identity
+--------+------------------------------------------------------------------+------------------------------------------------------------------+
| device | input_digest                                                     | output_digest                                                    |
+--------+------------------------------------------------------------------+------------------------------------------------------------------+
| CPU    | 6277c7625da7832b274dfaf7f50555b110ddf1f6b0cb0ea61e8747d21b203402 | 9cf4f2f8ed9f905bc121035f98739035f63049fcc7c103727f5cf7e4e398e2cf |
| GPU    | 6277c7625da7832b274dfaf7f50555b110ddf1f6b0cb0ea61e8747d21b203402 | 9cf4f2f8ed9f905bc121035f98739035f63049fcc7c103727f5cf7e4e398e2cf |
+--------+------------------------------------------------------------------+------------------------------------------------------------------+

[stage07] dtype evidence
+-----------------+--------------------+--------------+------------------------------------------------------------------+------------------------------------------------------------------+
| requested_dtype | config_input_dtype | output_dtype | typed_array_digest                                               | actual_input_digest                                              |
+-----------------+--------------------+--------------+------------------------------------------------------------------+------------------------------------------------------------------+
| INT16           | INT16              | INT16        | 324ec3fc32a7a64b9709a64f5668abca9a7d8d4c4e0353de0e9cb1f2f4da1ca8 | 6277c7625da7832b274dfaf7f50555b110ddf1f6b0cb0ea61e8747d21b203402 |
+-----------------+--------------------+--------------+------------------------------------------------------------------+------------------------------------------------------------------+

[stage07] evidence files
+-------------+----------------------------------------------------------------------------------------------------------------------------------------------------------------------------------------------------------------------------------+
| kind        | path                                                                                                                                                                                                                             |
+-------------+----------------------------------------------------------------------------------------------------------------------------------------------------------------------------------------------------------------------------------+
| main_csv    | /tmp/ZKX_dev/results/stage07_b02_formal_76c5b6f8b36d/formal/20260810T092020Z_76c5b6f8b36d_stage07_b02_formal_9d00750e/operator_main_results_chirp_not_applicable_20260810T092020Z_76c5b6f8b36d_stage07_b02_formal_9d00750e.csv   |
| timing_csv  | /tmp/ZKX_dev/results/stage07_b02_formal_76c5b6f8b36d/formal/20260810T092020Z_76c5b6f8b36d_stage07_b02_formal_9d00750e/operator_timing_samples_chirp_not_applicable_20260810T092020Z_76c5b6f8b36d_stage07_b02_formal_9d00750e.csv |
| memory_csv  | /tmp/ZKX_dev/results/stage07_b02_formal_76c5b6f8b36d/formal/20260810T092020Z_76c5b6f8b36d_stage07_b02_formal_9d00750e/operator_waveforms_chirp_memory_trace_not_applicable.csv                                                   |
| dtype_csv   | /tmp/ZKX_dev/results/stage07_b02_formal_76c5b6f8b36d/formal/20260810T092020Z_76c5b6f8b36d_stage07_b02_formal_9d00750e/operator_dtype_evidence_chirp_not_applicable_20260810T092020Z_76c5b6f8b36d_stage07_b02_formal_9d00750e.csv |
| report_json | /tmp/ZKX_dev/results/stage07_b02_formal_76c5b6f8b36d/formal/20260810T092020Z_76c5b6f8b36d_stage07_b02_formal_9d00750e/operator_chirp_report.json                                                                                 |
| summary_txt | /tmp/ZKX_dev/results/stage07_b02_formal_76c5b6f8b36d/formal/20260810T092020Z_76c5b6f8b36d_stage07_b02_formal_9d00750e/operator_chirp_summary.txt                                                                                 |
| full_log    | /tmp/ZKX_dev/results/stage07_b02_formal_76c5b6f8b36d/formal/20260810T092020Z_76c5b6f8b36d_stage07_b02_formal_9d00750e/operator_chirp_full.log                                                                                    |
| result_dir  | /tmp/ZKX_dev/results/stage07_b02_formal_76c5b6f8b36d/formal/20260810T092020Z_76c5b6f8b36d_stage07_b02_formal_9d00750e                                                                                                            |
+-------------+----------------------------------------------------------------------------------------------------------------------------------------------------------------------------------------------------------------------------------+
STAGE07_WAVEFORM_CASE PASS operator=chirp scale=chirp_int16_10e3 dtype=INT16 backend=not_applicable measured=100 results=/tmp/ZKX_dev/results/stage07_b02_formal_76c5b6f8b36d/formal/20260810T092020Z_76c5b6f8b36d_stage07_b02_formal_9d00750e
