[stage07] identity and status
+--------+-----------------+--------+----------------+-------+--------+----------+--------------------------+--------+------------+
| target | scale_id        | device | backend        | dtype | warmup | measured | timing_scope             | status | error_code |
+--------+-----------------+--------+----------------+-------+--------+----------+--------------------------+--------+------------+
| chirp  | chirp_int8_10e4 | CPU    | not_applicable | INT8  | 20     | 100      | compatibility/end-to-end | PASS   | OK         |
| chirp  | chirp_int8_10e4 | GPU    | not_applicable | INT8  | 20     | 100      | compatibility/end-to-end | PASS   | OK         |
+--------+-----------------+--------+----------------+-------+--------+----------+--------------------------+--------+------------+

[stage07] timing detail
+--------+---------------------+---------------------+-----------+---------------------+----------+----------+----------------------+---------------------+-------------------+
| device | mean_ms             | p50_ms              | p95_ms    | p99_ms              | min_ms   | max_ms   | std_ms               | cv                  | speedup           |
+--------+---------------------+---------------------+-----------+---------------------+----------+----------+----------------------+---------------------+-------------------+
| CPU    | 0.89835938          | 0.8947665           | 0.9107195 | 0.9161963400000006  | 0.892766 | 1.044831 | 0.015611497559670572 | 0.01737778655984042 | NA                |
| GPU    | 0.19489367000000002 | 0.19259549999999998 | 0.2111405 | 0.24072259999999998 | 0.187366 | 0.241277 | 0.008994456587315321 | 0.04615058348131738 | 4.609484648731793 |
+--------+---------------------+---------------------+-----------+---------------------+----------+----------+----------------------+---------------------+-------------------+

[stage07] accuracy detail
+---------------------+-----+------+-------------+---------------+-------------+----------------+-------------------------------------------------------------------+--------+
| reference           | mse | rmse | relative_l2 | relative_linf | exact_match | mismatch_count | semantic_check                                                    | status |
+---------------------+-----+------+-------------+---------------+-------------+----------------+-------------------------------------------------------------------+--------+
| typed_cpu_reference | 0   | 0    | 0           | 0             | NA          | NA             | output_shape=[16384];output_dtype=INT8;finite_numeric_output=true | PASS   |
+---------------------+-----+------+-------------+---------------+-------------+----------------+-------------------------------------------------------------------+--------+

[stage07] resource detail
+--------+------------+--------------+-------------+------------+-------------+
| device | metric     | before_bytes | after_bytes | peak_bytes | delta_bytes |
+--------+------------+--------------+-------------+------------+-------------+
| CPU    | cpu_heap   | 1460096      | 1611936     | 1611936    | 151840      |
| CPU    | rss        | 69595136     | 70045696    | 70045696   | 450560      |
| GPU    | cpu_heap   | 1611936      | 1746112     | 1746112    | 134176      |
| GPU    | rss        | 70045696     | 70045696    | 70045696   | 0           |
| GPU    | gpu_memory | 408322048    | 408322048   | 408322048  | 0           |
+--------+------------+--------------+-------------+------------+-------------+

[stage07] input content
+------------+---------+-------+----------+---------------------------------------------------+-----------------------------------------------+
| input_name | shape   | dtype | elements | generator                                         | values(head4/tail2)                           |
+------------+---------+-------+----------+---------------------------------------------------+-----------------------------------------------+
| time       | [16384] | INT8  | 16384    | quantized_uniform_time_0_to_31(floor(31*i/(N-1))) | i=0:0;i=1:0;i=2:0;i=3:0;i=16382:30;i=16383:31 |
+------------+---------+-------+----------+---------------------------------------------------+-----------------------------------------------+

[stage07] case parameters
+-------------------------------------------------------------------+
| parameters                                                        |
+-------------------------------------------------------------------+
| {"f0":0.02,"f1":0.07,"method":"linear","phase_degrees":0,"t1":31} |
+-------------------------------------------------------------------+

[stage07] input and output identity
+--------+------------------------------------------------------------------+------------------------------------------------------------------+
| device | input_digest                                                     | output_digest                                                    |
+--------+------------------------------------------------------------------+------------------------------------------------------------------+
| CPU    | 2dcecb8b8743312ed3ce3fc26cc8f6d00c65ebb4f74b5d4dfe974f81899e6e2b | 50501bd1a71498e43baccac4ce9953ce76c4941a7f67ab88375ab2c3d690ad78 |
| GPU    | 2dcecb8b8743312ed3ce3fc26cc8f6d00c65ebb4f74b5d4dfe974f81899e6e2b | 50501bd1a71498e43baccac4ce9953ce76c4941a7f67ab88375ab2c3d690ad78 |
+--------+------------------------------------------------------------------+------------------------------------------------------------------+

[stage07] dtype evidence
+-----------------+--------------------+--------------+------------------------------------------------------------------+------------------------------------------------------------------+
| requested_dtype | config_input_dtype | output_dtype | typed_array_digest                                               | actual_input_digest                                              |
+-----------------+--------------------+--------------+------------------------------------------------------------------+------------------------------------------------------------------+
| INT8            | INT8               | INT8         | d45c5e1932bff7140c1d1fa3c2ea936df939e80145b3aeaee66da137a29df572 | 2dcecb8b8743312ed3ce3fc26cc8f6d00c65ebb4f74b5d4dfe974f81899e6e2b |
+-----------------+--------------------+--------------+------------------------------------------------------------------+------------------------------------------------------------------+

[stage07] evidence files
+-------------+----------------------------------------------------------------------------------------------------------------------------------------------------------------------------------------------------------------------------------+
| kind        | path                                                                                                                                                                                                                             |
+-------------+----------------------------------------------------------------------------------------------------------------------------------------------------------------------------------------------------------------------------------+
| main_csv    | /tmp/ZKX_dev/results/stage07_b02_formal_76c5b6f8b36d/formal/20260810T092020Z_76c5b6f8b36d_stage07_b02_formal_c3852a4b/operator_main_results_chirp_not_applicable_20260810T092020Z_76c5b6f8b36d_stage07_b02_formal_c3852a4b.csv   |
| timing_csv  | /tmp/ZKX_dev/results/stage07_b02_formal_76c5b6f8b36d/formal/20260810T092020Z_76c5b6f8b36d_stage07_b02_formal_c3852a4b/operator_timing_samples_chirp_not_applicable_20260810T092020Z_76c5b6f8b36d_stage07_b02_formal_c3852a4b.csv |
| memory_csv  | /tmp/ZKX_dev/results/stage07_b02_formal_76c5b6f8b36d/formal/20260810T092020Z_76c5b6f8b36d_stage07_b02_formal_c3852a4b/operator_waveforms_chirp_memory_trace_not_applicable.csv                                                   |
| dtype_csv   | /tmp/ZKX_dev/results/stage07_b02_formal_76c5b6f8b36d/formal/20260810T092020Z_76c5b6f8b36d_stage07_b02_formal_c3852a4b/operator_dtype_evidence_chirp_not_applicable_20260810T092020Z_76c5b6f8b36d_stage07_b02_formal_c3852a4b.csv |
| report_json | /tmp/ZKX_dev/results/stage07_b02_formal_76c5b6f8b36d/formal/20260810T092020Z_76c5b6f8b36d_stage07_b02_formal_c3852a4b/operator_chirp_report.json                                                                                 |
| summary_txt | /tmp/ZKX_dev/results/stage07_b02_formal_76c5b6f8b36d/formal/20260810T092020Z_76c5b6f8b36d_stage07_b02_formal_c3852a4b/operator_chirp_summary.txt                                                                                 |
| full_log    | /tmp/ZKX_dev/results/stage07_b02_formal_76c5b6f8b36d/formal/20260810T092020Z_76c5b6f8b36d_stage07_b02_formal_c3852a4b/operator_chirp_full.log                                                                                    |
| result_dir  | /tmp/ZKX_dev/results/stage07_b02_formal_76c5b6f8b36d/formal/20260810T092020Z_76c5b6f8b36d_stage07_b02_formal_c3852a4b                                                                                                            |
+-------------+----------------------------------------------------------------------------------------------------------------------------------------------------------------------------------------------------------------------------------+
STAGE07_WAVEFORM_CASE PASS operator=chirp scale=chirp_int8_10e4 dtype=INT8 backend=not_applicable measured=100 results=/tmp/ZKX_dev/results/stage07_b02_formal_76c5b6f8b36d/formal/20260810T092020Z_76c5b6f8b36d_stage07_b02_formal_c3852a4b
