[stage08-b01] operator=kaiser entry=cpu:kaiser_typed_cpu gpu:kaiser_device
[stage08-b01] config=test_all/configs/operators/windows/kaiser/operator_scales.json config_sha256=3c4c14a97768005f5dc56b0d0c17628fff55c481c5608f82bbef4fa7c495f9fe
[stage08-b01] run_type=formal scale=kaiser_int8_10e4 dtype=INT8 sym=true backend=not_applicable
[stage08-b01] dtype_semantics=actual_typed_scalar_input typed_input_count=1 actual_input_digest=d3e2b173864af1c8052c24d82df63c20d3933a3626d004b563b7dd3c7d610e1a
[stage08-b01] timing_scope=compatibility/end-to-end warmup=20 measured=100
[stage08-b01] cpu_mean_ms=0.48890535000000002 gpu_mean_ms=0.31072384000000003 speedup=1.5734401003798097
[stage08-b01] mse=1.5984623541104168e-14 rmse=1.2643031100611975e-07 relative_l2=2.2482093325615244e-07 relative_linf=7.0414503653548794e-07
[stage08-b01] resources=available cuda_event_ms=0.33673200011253357
[stage08-b01] status=PASS error_code=OK
[stage08] identity and status
target | scale_id         | device | backend        | dtype | warmup | measured | timing_scope             | status | error_code
kaiser | kaiser_int8_10e4 | CPU    | not_applicable | INT8  | 20     | 100      | compatibility/end-to-end | PASS   | OK        
kaiser | kaiser_int8_10e4 | GPU    | not_applicable | INT8  | 20     | 100      | compatibility/end-to-end | PASS   | OK        

[stage08] timing detail
device | mean_ms             | p50_ms              | p95_ms              | p99_ms              | min_ms              | max_ms              | std_ms               | cv                   | speedup           
CPU    | 0.48890535000000002 | 0.483429            | 0.49584794999999998 | 0.67627521000000013 | 0.480684            | 0.70005600000000001 | 0.02898287574322983  | 0.059281158905767406 | NA                
GPU    | 0.31072384000000003 | 0.30704299999999995 | 0.32524599999999998 | 0.36923910000000054 | 0.29596299999999998 | 0.47666399999999998 | 0.018536081174142498 | 0.059654518861965974 | 1.5734401003798097

[stage08] accuracy detail
accuracy_reference  | mse                    | rmse                   | relative_l2            | relative_linf          | exact_match | mismatch_count | semantic_check                                                                                     | status
cpu_typed_reference | 1.5984623541104168e-14 | 1.2643031100611975e-07 | 2.2482093325615244e-07 | 7.0414503653548794e-07 | NA          | NA             | finite_normalized_fp64_window_shape_beta_and_symmetry_match_cpu:shape=[10000];finite=true;sym=true | PASS  

[stage08] resource detail
device | metric     | before_bytes | after_bytes | peak_bytes | delta_bytes
CPU    | cpu_heap   | 1564448      | 1567616     | 1646512    | 3168       
CPU    | rss        | 70541312     | 70541312    | 70541312   | 0          
GPU    | cpu_heap   | 1567616      | 1570432     | 1649472    | 2816       
GPU    | rss        | 70541312     | 70541312    | 70541312   | 0          
GPU    | gpu_memory | 341000192    | 341000192   | 341000192  | 0          

[stage08] input/output identity
device | input_digest                                                     | output_digest                                                   
CPU    | d3e2b173864af1c8052c24d82df63c20d3933a3626d004b563b7dd3c7d610e1a | 380f4cd33270ce5cc46aac69d3569414c18b15bea91bc2572efa199e97060941
GPU    | d3e2b173864af1c8052c24d82df63c20d3933a3626d004b563b7dd3c7d610e1a | bc90d7ed1953bab8b6d0256cf3d4310d0811c2a6115cc538325a43b8f696c28f

[stage08] dtype evidence
requested_dtype | config_input_dtype | output_dtype | actual_input_digest                                              | status
INT8            | INT8               | FP64         | d3e2b173864af1c8052c24d82df63c20d3933a3626d004b563b7dd3c7d610e1a | PASS  

[stage08] evidence files
kind        | path                                                                                                                                                                                                                                     
main_csv    | /tmp/ZKX_dev/results/stage08_table_rerun_kaiser_47ebe13410d3/formal/20260810T032008Z_47ebe13410d3_stage08_b01_formal_8813001c/operator_main_results_kaiser_not_applicable_20260810T032008Z_47ebe13410d3_stage08_b01_formal_8813001c.csv  
timing_csv  | /tmp/ZKX_dev/results/stage08_table_rerun_kaiser_47ebe13410d3/formal/20260810T032008Z_47ebe13410d3_stage08_b01_formal_8813001c/operator_timing_samples_kaiser_not_applicable_20260810T032008Z_47ebe13410d3_stage08_b01_formal_8813001c.csv
memory_csv  | /tmp/ZKX_dev/results/stage08_table_rerun_kaiser_47ebe13410d3/formal/20260810T032008Z_47ebe13410d3_stage08_b01_formal_8813001c/operator_windows_kaiser_memory_trace_not_applicable.csv                                                    
dtype_csv   | /tmp/ZKX_dev/results/stage08_table_rerun_kaiser_47ebe13410d3/formal/20260810T032008Z_47ebe13410d3_stage08_b01_formal_8813001c/operator_dtype_evidence_kaiser_not_applicable_20260810T032008Z_47ebe13410d3_stage08_b01_formal_8813001c.csv
module_csv  | /tmp/ZKX_dev/results/stage08_table_rerun_kaiser_47ebe13410d3/formal/20260810T032008Z_47ebe13410d3_stage08_b01_formal_8813001c/windows_batch01_module_summary_not_applicable_20260810T032008Z_47ebe13410d3_stage08_b01_formal_8813001c.csv
report_json | /tmp/ZKX_dev/results/stage08_table_rerun_kaiser_47ebe13410d3/formal/20260810T032008Z_47ebe13410d3_stage08_b01_formal_8813001c/operator_kaiser_report.json                                                                                
summary_txt | /tmp/ZKX_dev/results/stage08_table_rerun_kaiser_47ebe13410d3/formal/20260810T032008Z_47ebe13410d3_stage08_b01_formal_8813001c/operator_kaiser_summary.txt                                                                                
full_log    | /tmp/ZKX_dev/results/stage08_table_rerun_kaiser_47ebe13410d3/formal/20260810T032008Z_47ebe13410d3_stage08_b01_formal_8813001c/operator_kaiser_full.log                                                                                   
results_dir | /tmp/ZKX_dev/results/stage08_table_rerun_kaiser_47ebe13410d3/formal/20260810T032008Z_47ebe13410d3_stage08_b01_formal_8813001c                                                                                                            
