command=build_stage07_b03_ricker_20e76c9b0ef/stage07_wavelets_ricker --dtype INT32 --n 1024 --width 8 --warmup 20 --measured 100 --output /tmp/ZKX_dev/results/stage07_b03_formal_20e76c9b0ef/formal/20260810T101009Z_20e76c9b0ef0_stage07_b03_formal_36622b35/ricker_probe_raw.json
STAGE07_WAVELET_PROBE PASS operator=ricker dtype=INT32
{"run_id": "20260810T101009Z_20e76c9b0ef0_stage07_b03_formal_36622b35", "case_id": "ricker__ricker_standard_int32_10e3__8410003cbd5000f7", "operator_name": "ricker", "task_name": "Task2", "step_name": "Step4", "scale_id": "ricker_standard_int32_10e3", "requested_dtype": "INT32", "input_content": [{"input_name": "width", "shape": "[1]", "dtype": "INT32", "element_count": "1", "generator": "configured_typed_scalar(profile=standard)", "preview_head4_tail2": "i=0:8.000000"}], "case_parameters": {"n": 1024, "width": 8, "profile": "standard", "expected_output_shape": [1024], "output_dtype": "FP64", "equivalent_work": "10^3", "task_gpu_call_status": "cpu_callable_only_gpu_missing"}, "output_dtype": "FP64", "backend": "not_applicable", "task_gpu_call_status": "cpu_callable_only_gpu_missing_independent_device_api_tested", "warmup_runs": 20, "measured_runs": 100, "mse": 3.73825e-18, "rmse": 1.93346e-09, "relative_l2": 6.18706e-08, "relative_linf": 9.5518e-08, "actual_input_digest": "8410003cbd5000f74bff2c2dcb7802af4a70660ce1abdbd11a9b8ed4d524a52e", "typed_array_digest": "dc765660b06ee03dd16fd7ca5b957e8c805161ac2c4af28c5a100ab2ab432ca1", "status": "PASS", "error_code": "OK"}
[stage07] identity and status
+--------+----------------------------+--------+----------------+-------+--------+----------+--------------------------+--------+------------+
| target | scale_id                   | device | backend        | dtype | warmup | measured | timing_scope             | status | error_code |
+--------+----------------------------+--------+----------------+-------+--------+----------+--------------------------+--------+------------+
| ricker | ricker_standard_int32_10e3 | CPU    | not_applicable | INT32 | 20     | 100      | compatibility/end-to-end | PASS   | OK         |
| ricker | ricker_standard_int32_10e3 | GPU    | not_applicable | INT32 | 20     | 100      | compatibility/end-to-end | PASS   | OK         |
+--------+----------------------------+--------+----------------+-------+--------+----------+--------------------------+--------+------------+

[stage07] timing detail
+--------+----------------------+-----------+------------+---------------------+----------+----------+-----------------------+---------------------+--------------------+
| device | mean_ms              | p50_ms    | p95_ms     | p99_ms              | min_ms   | max_ms   | std_ms                | cv                  | speedup            |
+--------+----------------------+-----------+------------+---------------------+----------+----------+-----------------------+---------------------+--------------------+
| CPU    | 0.056964829999999994 | 0.056295  | 0.05948105 | 0.06418261          | 0.05425  | 0.066421 | 0.0019827735123054266 | 0.03480697673117653 | NA                 |
| GPU    | 0.26192063           | 0.2581515 | 0.27378005 | 0.35539771000000003 | 0.249131 | 0.364873 | 0.01767257805225655   | 0.06747302819276417 | 0.2174889011224507 |
+--------+----------------------+-----------+------------+---------------------+----------+----------+-----------------------+---------------------+--------------------+

[stage07] accuracy detail
+---------------------+-------------+-------------+-------------+---------------+-------------+----------------+--------------------------------------------------------------------------------+--------+
| reference           | mse         | rmse        | relative_l2 | relative_linf | exact_match | mismatch_count | semantic_check                                                                 | status |
+---------------------+-------------+-------------+-------------+---------------+-------------+----------------+--------------------------------------------------------------------------------+--------+
| typed_cpu_reference | 3.73825e-18 | 1.93346e-09 | 6.18706e-08 | 9.5518e-08    | NA          | NA             | output_count=1024;output_dtype=FP64;task_gpu_call=missing_independent_api_only | PASS   |
+---------------------+-------------+-------------+-------------+---------------+-------------+----------------+--------------------------------------------------------------------------------+--------+

[stage07] resource detail
+--------+------------+--------------+-------------+------------+-------------+
| device | metric     | before_bytes | after_bytes | peak_bytes | delta_bytes |
+--------+------------+--------------+-------------+------------+-------------+
| CPU    | cpu_heap   | 1401664      | 1413248     | 1413248    | 11584       |
| CPU    | rss        | 69373952     | 69373952    | 69373952   | 0           |
| GPU    | cpu_heap   | 1413248      | 1424304     | 1424304    | 11056       |
| GPU    | rss        | 69373952     | 69373952    | 69373952   | 0           |
| GPU    | gpu_memory | 357777408    | 357777408   | 357777408  | 0           |
+--------+------------+--------------+-------------+------------+-------------+

[stage07] input content
+------------+-------+-------+----------+-------------------------------------------+---------------------+
| input_name | shape | dtype | elements | generator                                 | values(head4/tail2) |
+------------+-------+-------+----------+-------------------------------------------+---------------------+
| width      | [1]   | INT32 | 1        | configured_typed_scalar(profile=standard) | i=0:8.000000        |
+------------+-------+-------+----------+-------------------------------------------+---------------------+

[stage07] case parameters
+--------------------------------------------------------------------------------------------------------------------------------------------------------------------------------+
| parameters                                                                                                                                                                     |
+--------------------------------------------------------------------------------------------------------------------------------------------------------------------------------+
| {"equivalent_work":"10^3","expected_output_shape":[1024],"n":1024,"output_dtype":"FP64","profile":"standard","task_gpu_call_status":"cpu_callable_only_gpu_missing","width":8} |
+--------------------------------------------------------------------------------------------------------------------------------------------------------------------------------+

[stage07] input and output identity
+--------+------------------------------------------------------------------+------------------------------------------------------------------+
| device | input_digest                                                     | output_digest                                                    |
+--------+------------------------------------------------------------------+------------------------------------------------------------------+
| CPU    | 8410003cbd5000f74bff2c2dcb7802af4a70660ce1abdbd11a9b8ed4d524a52e | ae48c2ac11012fbc12620ade24b6c411389a7085f532c34a86d0d26aefdeccef |
| GPU    | 8410003cbd5000f74bff2c2dcb7802af4a70660ce1abdbd11a9b8ed4d524a52e | bd5759e26af29471931ef16c2978965a9491801ab386ccda2628a716ce55a0c0 |
+--------+------------------------------------------------------------------+------------------------------------------------------------------+

[stage07] dtype evidence
+-----------------+--------------------+--------------+------------------------------------------------------------------+------------------------------------------------------------------+-------------------------------------------------------------+
| requested_dtype | config_input_dtype | output_dtype | typed_array_digest                                               | actual_input_digest                                              | task_gpu_call_status                                        |
+-----------------+--------------------+--------------+------------------------------------------------------------------+------------------------------------------------------------------+-------------------------------------------------------------+
| INT32           | INT32              | FP64         | dc765660b06ee03dd16fd7ca5b957e8c805161ac2c4af28c5a100ab2ab432ca1 | 8410003cbd5000f74bff2c2dcb7802af4a70660ce1abdbd11a9b8ed4d524a52e | cpu_callable_only_gpu_missing_independent_device_api_tested |
+-----------------+--------------------+--------------+------------------------------------------------------------------+------------------------------------------------------------------+-------------------------------------------------------------+

[stage07] evidence files
+-------------+----------------------------------------------------------------------------------------------------------------------------------------------------------------------------------------------------------------------------------+
| kind        | path                                                                                                                                                                                                                             |
+-------------+----------------------------------------------------------------------------------------------------------------------------------------------------------------------------------------------------------------------------------+
| main_csv    | /tmp/ZKX_dev/results/stage07_b03_formal_20e76c9b0ef/formal/20260810T101009Z_20e76c9b0ef0_stage07_b03_formal_36622b35/operator_main_results_ricker_not_applicable_20260810T101009Z_20e76c9b0ef0_stage07_b03_formal_36622b35.csv   |
| timing_csv  | /tmp/ZKX_dev/results/stage07_b03_formal_20e76c9b0ef/formal/20260810T101009Z_20e76c9b0ef0_stage07_b03_formal_36622b35/operator_timing_samples_ricker_not_applicable_20260810T101009Z_20e76c9b0ef0_stage07_b03_formal_36622b35.csv |
| memory_csv  | /tmp/ZKX_dev/results/stage07_b03_formal_20e76c9b0ef/formal/20260810T101009Z_20e76c9b0ef0_stage07_b03_formal_36622b35/operator_wavelets_ricker_memory_trace_not_applicable.csv                                                    |
| dtype_csv   | /tmp/ZKX_dev/results/stage07_b03_formal_20e76c9b0ef/formal/20260810T101009Z_20e76c9b0ef0_stage07_b03_formal_36622b35/operator_dtype_evidence_ricker_not_applicable_20260810T101009Z_20e76c9b0ef0_stage07_b03_formal_36622b35.csv |
| report_json | /tmp/ZKX_dev/results/stage07_b03_formal_20e76c9b0ef/formal/20260810T101009Z_20e76c9b0ef0_stage07_b03_formal_36622b35/operator_ricker_report.json                                                                                 |
| summary_txt | /tmp/ZKX_dev/results/stage07_b03_formal_20e76c9b0ef/formal/20260810T101009Z_20e76c9b0ef0_stage07_b03_formal_36622b35/operator_ricker_summary.txt                                                                                 |
| full_log    | /tmp/ZKX_dev/results/stage07_b03_formal_20e76c9b0ef/formal/20260810T101009Z_20e76c9b0ef0_stage07_b03_formal_36622b35/operator_ricker_full.log                                                                                    |
| result_dir  | /tmp/ZKX_dev/results/stage07_b03_formal_20e76c9b0ef/formal/20260810T101009Z_20e76c9b0ef0_stage07_b03_formal_36622b35                                                                                                             |
+-------------+----------------------------------------------------------------------------------------------------------------------------------------------------------------------------------------------------------------------------------+
