[stage08-b02] operator=parzen entry=cpu:parzen_typed_cpu gpu:parzen_device
[stage08-b02] config=test_all/configs/operators/windows/parzen/operator_scales.json config_sha256=850768f4a5201ed3f8362fbec5ae59adbfd7b9af89bd07d4fb7c98383060c9ff
[stage08-b02] run_type=formal scale=parzen_fp16_10e3 dtype=FP16 sym=false backend=not_applicable
[stage08-b02] dtype_semantics=request_variant_no_typed_data_input typed_input_count=0 actual_input_digest=2c38ec22bc77639b93e2a6d9754d3f2496f591bfbe0e68f1bc4d9177dfcd796d
[stage08-b02] timing_scope=compatibility/end-to-end warmup=20 measured=100
[stage08-b02] cpu_mean_ms=0.0236974 gpu_mean_ms=0.25676988000000001 speedup=0.092290419733030996
[stage08-b02] mse=4.6664705071207667e-16 rmse=2.1602014968795775e-08 relative_l2=4.1579835210030213e-08 relative_linf=9.0833973453996464e-08
[stage08-b02] resources=available cuda_event_ms=0.27941399812698364
[stage08-b02] status=PASS error_code=OK
[stage08] identity and status
target | scale_id         | device | backend        | dtype | warmup | measured | timing_scope             | status | error_code
parzen | parzen_fp16_10e3 | CPU    | not_applicable | FP16  | 20     | 100      | compatibility/end-to-end | PASS   | OK        
parzen | parzen_fp16_10e3 | GPU    | not_applicable | FP16  | 20     | 100      | compatibility/end-to-end | PASS   | OK        

[stage08] timing detail
device | mean_ms             | p50_ms              | p95_ms               | p99_ms               | min_ms               | max_ms               | std_ms                | cv                   | speedup             
CPU    | 0.0236974           | 0.02291             | 0.024922999999999997 | 0.031250600000000045 | 0.022290000000000001 | 0.040219999999999999 | 0.0023195139447737749 | 0.097880524647166983 | NA                  
GPU    | 0.25676988000000001 | 0.25837100000000002 | 0.26757644999999997  | 0.27601640000000016  | 0.244561             | 0.30922100000000002  | 0.00868091741267016   | 0.033808160881915586 | 0.092290419733030996

[stage08] accuracy detail
accuracy_reference  | mse                    | rmse                   | relative_l2            | relative_linf          | exact_match | mismatch_count | semantic_check                                                                            | status
cpu_typed_reference | 4.6664705071207667e-16 | 2.1602014968795775e-08 | 4.1579835210030213e-08 | 9.0833973453996464e-08 | NA          | NA             | finite_fp64_parzen_window_shape_and_symmetry_match_cpu:shape=[1000];finite=true;sym=false | PASS  

[stage08] resource detail
device | metric     | before_bytes | after_bytes | peak_bytes | delta_bytes
CPU    | cpu_heap   | 1457488      | 1460656     | 1467552    | 3168       
CPU    | rss        | 70664192     | 70664192    | 70664192   | 0          
GPU    | cpu_heap   | 1460656      | 1463632     | 1470688    | 2976       
GPU    | rss        | 70664192     | 70664192    | 70664192   | 0          
GPU    | gpu_memory | 408322048    | 408322048   | 408322048  | 0          

[stage08] input/output identity
device | input_digest                                                     | output_digest                                                   
CPU    | 2c38ec22bc77639b93e2a6d9754d3f2496f591bfbe0e68f1bc4d9177dfcd796d | 10d20aade73a7ba63b6da28bf6898fc5bbdf4cc08bcbfac310d1ae6f89156926
GPU    | 2c38ec22bc77639b93e2a6d9754d3f2496f591bfbe0e68f1bc4d9177dfcd796d | 530b55a85f20f9c22dcbc7f1acbc7ca73ee9b426eb5e047c8e5e5e07dfe82f3a

[stage08] input content
input_name       | shape  | dtype       | elements | generator                                           | values(head4/tail2)                                                                              
window_positions | [1000] | INDEX_INT64 | 1000     | implicit_window_index_domain(no_materialized_array) | i=0:position=0;i=1:position=1;i=2:position=2;i=3:position=3;i=998:position=998;i=999:position=999

[stage08] case parameters
parameters                                                                                                                             
{"length":1000,"requested_dtype":"FP16","sym":false,"dtype_semantics":"request_variant_no_typed_data_input","typed_input_names":"none"}

[stage08] dtype evidence
requested_dtype | config_input_dtype | output_dtype | actual_input_digest                                              | status
FP16            | FP16               | FP64         | 2c38ec22bc77639b93e2a6d9754d3f2496f591bfbe0e68f1bc4d9177dfcd796d | PASS  

[stage08] evidence files
kind        | path                                                                                                                                                                                                                                           
main_csv    | /tmp/ZKX_dev/results/stage08_input_preview_b02_parzen_a64a65577ccc/formal/20260810T083033Z_a64a65577ccc_stage08_b02_formal_a201000a/operator_main_results_parzen_not_applicable_20260810T083033Z_a64a65577ccc_stage08_b02_formal_a201000a.csv  
timing_csv  | /tmp/ZKX_dev/results/stage08_input_preview_b02_parzen_a64a65577ccc/formal/20260810T083033Z_a64a65577ccc_stage08_b02_formal_a201000a/operator_timing_samples_parzen_not_applicable_20260810T083033Z_a64a65577ccc_stage08_b02_formal_a201000a.csv
memory_csv  | /tmp/ZKX_dev/results/stage08_input_preview_b02_parzen_a64a65577ccc/formal/20260810T083033Z_a64a65577ccc_stage08_b02_formal_a201000a/operator_windows_parzen_memory_trace_not_applicable.csv                                                    
input_csv   | /tmp/ZKX_dev/results/stage08_input_preview_b02_parzen_a64a65577ccc/formal/20260810T083033Z_a64a65577ccc_stage08_b02_formal_a201000a/operator_input_evidence_parzen_not_applicable_20260810T083033Z_a64a65577ccc_stage08_b02_formal_a201000a.csv
dtype_csv   | /tmp/ZKX_dev/results/stage08_input_preview_b02_parzen_a64a65577ccc/formal/20260810T083033Z_a64a65577ccc_stage08_b02_formal_a201000a/operator_dtype_evidence_parzen_not_applicable_20260810T083033Z_a64a65577ccc_stage08_b02_formal_a201000a.csv
module_csv  | /tmp/ZKX_dev/results/stage08_input_preview_b02_parzen_a64a65577ccc/formal/20260810T083033Z_a64a65577ccc_stage08_b02_formal_a201000a/windows_batch02_module_summary_not_applicable_20260810T083033Z_a64a65577ccc_stage08_b02_formal_a201000a.csv
report_json | /tmp/ZKX_dev/results/stage08_input_preview_b02_parzen_a64a65577ccc/formal/20260810T083033Z_a64a65577ccc_stage08_b02_formal_a201000a/operator_parzen_report.json                                                                                
summary_txt | /tmp/ZKX_dev/results/stage08_input_preview_b02_parzen_a64a65577ccc/formal/20260810T083033Z_a64a65577ccc_stage08_b02_formal_a201000a/operator_parzen_summary.txt                                                                                
full_log    | /tmp/ZKX_dev/results/stage08_input_preview_b02_parzen_a64a65577ccc/formal/20260810T083033Z_a64a65577ccc_stage08_b02_formal_a201000a/operator_parzen_full.log                                                                                   
results_dir | /tmp/ZKX_dev/results/stage08_input_preview_b02_parzen_a64a65577ccc/formal/20260810T083033Z_a64a65577ccc_stage08_b02_formal_a201000a                                                                                                            
