[stage08-b01] operator=general_cosine entry=cpu:general_cosine_typed_cpu gpu:general_cosine_device
[stage08-b01] config=test_all/configs/operators/windows/general_cosine/operator_scales.json config_sha256=98e7d3d2716deaf919d8883f5caa73c3f61a1ce37bffff86a62a6be43aa66f64
[stage08-b01] run_type=smoke scale=general_cosine_fp32_10e2 dtype=FP32 sym=true backend=not_applicable
[stage08-b01] dtype_semantics=actual_typed_array_input typed_input_count=3 actual_input_digest=7aea9ce1217a052519180c6753897bccd990fec0c5b4981f1dfe2709bb981540
[stage08-b01] timing_scope=compatibility/end-to-end warmup=1 measured=1
[stage08-b01] cpu_mean_ms=0.0094800000000000006 gpu_mean_ms=0.33959299999999998 speedup=0.027915769759682917
[stage08-b01] mse=5.8853675548907073e-14 rmse=2.4259776492974349e-07 relative_l2=1.3032723333441223e-07 relative_linf=1.8001477704619689e-07
[stage08-b01] resources=available cuda_event_ms=0.33903598785400391
[stage08-b01] status=PASS error_code=OK
[stage08] required terminal summary
target         | scale_id                 | device | backend        | dtype | runs | mean_ms               | p95_ms                | cv | speedup              | mse                    | rmse                   | rel_l2/exact           | relative_linf          | cpu_heap_delta | gpu_delta | status
general_cosine | general_cosine_fp32_10e2 | CPU    | not_applicable | FP32  | 1    | 0.0094800000000000006 | 0.0094800000000000006 | 0  | NA                   | 0                      | 0                      | 0                      | 0                      | 3760           | NA        | PASS  
general_cosine | general_cosine_fp32_10e2 | GPU    | not_applicable | FP32  | 1    | 0.33959299999999998   | 0.33959299999999998   | 0  | 0.027915769759682917 | 5.8853675548907073e-14 | 2.4259776492974349e-07 | 1.3032723333441223e-07 | 1.8001477704619689e-07 | 2864           | 0         | PASS  

[stage08] timing detail
device | mean_ms               | p50_ms                | p95_ms                | p99_ms                | min_ms                | max_ms                | std_ms | cv | speedup             
CPU    | 0.0094800000000000006 | 0.0094800000000000006 | 0.0094800000000000006 | 0.0094800000000000006 | 0.0094800000000000006 | 0.0094800000000000006 | 0      | 0  | NA                  
GPU    | 0.33959299999999998   | 0.33959299999999998   | 0.33959299999999998   | 0.33959299999999998   | 0.33959299999999998   | 0.33959299999999998   | 0      | 0  | 0.027915769759682917

[stage08] accuracy detail
device | mse                    | rmse                   | relative_l2            | relative_linf          | status
GPU    | 5.8853675548907073e-14 | 2.4259776492974349e-07 | 1.3032723333441223e-07 | 1.8001477704619689e-07 | PASS  

[stage08] resource detail
device | metric     | before_bytes | after_bytes | peak_bytes | delta_bytes
CPU    | cpu_heap   | 1428432      | 1432192     | 1432192    | 3760       
CPU    | rss        | 70545408     | 70545408    | 70545408   | 0          
GPU    | cpu_heap   | 1432288      | 1435152     | 1435152    | 2864       
GPU    | rss        | 70545408     | 70545408    | 70545408   | 0          
GPU    | gpu_memory | 341000192    | 341000192   | 341000192  | 0          

[stage08] evidence files
kind        | path                                                                                                                                                                                                                                              
main_csv    | /tmp/ZKX_dev/results/stage08_terminal_windows_smoke_6a39977a8c1f/smoke/20260810T032000Z_6a39977a8c1f_stage08_b01_smoke_88000003/operator_main_results_general_cosine_not_applicable_20260810T032000Z_6a39977a8c1f_stage08_b01_smoke_88000003.csv  
timing_csv  | /tmp/ZKX_dev/results/stage08_terminal_windows_smoke_6a39977a8c1f/smoke/20260810T032000Z_6a39977a8c1f_stage08_b01_smoke_88000003/operator_timing_samples_general_cosine_not_applicable_20260810T032000Z_6a39977a8c1f_stage08_b01_smoke_88000003.csv
memory_csv  | /tmp/ZKX_dev/results/stage08_terminal_windows_smoke_6a39977a8c1f/smoke/20260810T032000Z_6a39977a8c1f_stage08_b01_smoke_88000003/operator_windows_general_cosine_memory_trace_not_applicable.csv                                                   
dtype_csv   | /tmp/ZKX_dev/results/stage08_terminal_windows_smoke_6a39977a8c1f/smoke/20260810T032000Z_6a39977a8c1f_stage08_b01_smoke_88000003/operator_dtype_evidence_general_cosine_not_applicable_20260810T032000Z_6a39977a8c1f_stage08_b01_smoke_88000003.csv
module_csv  | /tmp/ZKX_dev/results/stage08_terminal_windows_smoke_6a39977a8c1f/smoke/20260810T032000Z_6a39977a8c1f_stage08_b01_smoke_88000003/windows_batch01_module_summary_not_applicable_20260810T032000Z_6a39977a8c1f_stage08_b01_smoke_88000003.csv        
report_json | /tmp/ZKX_dev/results/stage08_terminal_windows_smoke_6a39977a8c1f/smoke/20260810T032000Z_6a39977a8c1f_stage08_b01_smoke_88000003/operator_general_cosine_report.json                                                                               
summary_txt | /tmp/ZKX_dev/results/stage08_terminal_windows_smoke_6a39977a8c1f/smoke/20260810T032000Z_6a39977a8c1f_stage08_b01_smoke_88000003/operator_general_cosine_summary.txt                                                                               
full_log    | /tmp/ZKX_dev/results/stage08_terminal_windows_smoke_6a39977a8c1f/smoke/20260810T032000Z_6a39977a8c1f_stage08_b01_smoke_88000003/operator_general_cosine_full.log                                                                                  
