[stage08-b04-formal] case=0 scale=firfilter2_fp32_10e2 status=starting
STAGE08_FIRFILTER2_CASE PASS scale=firfilter2_fp32_10e2 dtype=FP32 backend=not_applicable measured=100 results=/tmp/ZKX_dev/results/stage08_b04_firfilter2_be79ae78aeff/formal/20260809T113846Z_be79ae78aeff_stage08_b04_formal_8423f000
[stage08-b04-formal] case=0 scale=firfilter2_fp32_10e2 status=completed
[stage08-b04-formal] case=1 scale=firfilter2_fp32_10e3 status=starting
STAGE08_FIRFILTER2_CASE PASS scale=firfilter2_fp32_10e3 dtype=FP32 backend=not_applicable measured=100 results=/tmp/ZKX_dev/results/stage08_b04_firfilter2_be79ae78aeff/formal/20260809T113846Z_be79ae78aeff_stage08_b04_formal_8423f001
[stage08-b04-formal] case=1 scale=firfilter2_fp32_10e3 status=completed
[stage08-b04-formal] case=2 scale=firfilter2_fp32_10e4 status=starting
STAGE08_FIRFILTER2_CASE PASS scale=firfilter2_fp32_10e4 dtype=FP32 backend=not_applicable measured=100 results=/tmp/ZKX_dev/results/stage08_b04_firfilter2_be79ae78aeff/formal/20260809T113846Z_be79ae78aeff_stage08_b04_formal_8423f002
[stage08-b04-formal] case=2 scale=firfilter2_fp32_10e4 status=completed
[stage08-b04-formal] case=3 scale=firfilter2_fp16_10e2 status=starting
STAGE08_FIRFILTER2_CASE PASS scale=firfilter2_fp16_10e2 dtype=FP16 backend=not_applicable measured=100 results=/tmp/ZKX_dev/results/stage08_b04_firfilter2_be79ae78aeff/formal/20260809T113847Z_be79ae78aeff_stage08_b04_formal_8423f003
[stage08-b04-formal] case=3 scale=firfilter2_fp16_10e2 status=completed
[stage08-b04-formal] case=4 scale=firfilter2_fp16_10e3 status=starting
STAGE08_FIRFILTER2_CASE PASS scale=firfilter2_fp16_10e3 dtype=FP16 backend=not_applicable measured=100 results=/tmp/ZKX_dev/results/stage08_b04_firfilter2_be79ae78aeff/formal/20260809T113847Z_be79ae78aeff_stage08_b04_formal_8423f004
[stage08-b04-formal] case=4 scale=firfilter2_fp16_10e3 status=completed
[stage08-b04-formal] case=5 scale=firfilter2_fp16_10e4 status=starting
STAGE08_FIRFILTER2_CASE PASS scale=firfilter2_fp16_10e4 dtype=FP16 backend=not_applicable measured=100 results=/tmp/ZKX_dev/results/stage08_b04_firfilter2_be79ae78aeff/formal/20260809T113847Z_be79ae78aeff_stage08_b04_formal_8423f005
[stage08-b04-formal] case=5 scale=firfilter2_fp16_10e4 status=completed
[stage08-b04-formal] case=6 scale=firfilter2_int32_10e2 status=starting
STAGE08_FIRFILTER2_CASE PASS scale=firfilter2_int32_10e2 dtype=INT32 backend=not_applicable measured=100 results=/tmp/ZKX_dev/results/stage08_b04_firfilter2_be79ae78aeff/formal/20260809T113847Z_be79ae78aeff_stage08_b04_formal_8423f006
[stage08-b04-formal] case=6 scale=firfilter2_int32_10e2 status=completed
[stage08-b04-formal] case=7 scale=firfilter2_int32_10e3 status=starting
STAGE08_FIRFILTER2_CASE PASS scale=firfilter2_int32_10e3 dtype=INT32 backend=not_applicable measured=100 results=/tmp/ZKX_dev/results/stage08_b04_firfilter2_be79ae78aeff/formal/20260809T113847Z_be79ae78aeff_stage08_b04_formal_8423f007
[stage08-b04-formal] case=7 scale=firfilter2_int32_10e3 status=completed
[stage08-b04-formal] case=8 scale=firfilter2_int32_10e4 status=starting
STAGE08_FIRFILTER2_CASE PASS scale=firfilter2_int32_10e4 dtype=INT32 backend=not_applicable measured=100 results=/tmp/ZKX_dev/results/stage08_b04_firfilter2_be79ae78aeff/formal/20260809T113848Z_be79ae78aeff_stage08_b04_formal_8423f008
[stage08-b04-formal] case=8 scale=firfilter2_int32_10e4 status=completed
[stage08-b04-formal] case=9 scale=firfilter2_int16_10e2 status=starting
STAGE08_FIRFILTER2_CASE PASS scale=firfilter2_int16_10e2 dtype=INT16 backend=not_applicable measured=100 results=/tmp/ZKX_dev/results/stage08_b04_firfilter2_be79ae78aeff/formal/20260809T113848Z_be79ae78aeff_stage08_b04_formal_8423f009
[stage08-b04-formal] case=9 scale=firfilter2_int16_10e2 status=completed
[stage08-b04-formal] case=10 scale=firfilter2_int16_10e3 status=starting
STAGE08_FIRFILTER2_CASE PASS scale=firfilter2_int16_10e3 dtype=INT16 backend=not_applicable measured=100 results=/tmp/ZKX_dev/results/stage08_b04_firfilter2_be79ae78aeff/formal/20260809T113848Z_be79ae78aeff_stage08_b04_formal_8423f00a
[stage08-b04-formal] case=10 scale=firfilter2_int16_10e3 status=completed
[stage08-b04-formal] case=11 scale=firfilter2_int16_10e4 status=starting
STAGE08_FIRFILTER2_CASE PASS scale=firfilter2_int16_10e4 dtype=INT16 backend=not_applicable measured=100 results=/tmp/ZKX_dev/results/stage08_b04_firfilter2_be79ae78aeff/formal/20260809T113848Z_be79ae78aeff_stage08_b04_formal_8423f00b
[stage08-b04-formal] case=11 scale=firfilter2_int16_10e4 status=completed
[stage08-b04-formal] case=12 scale=firfilter2_int8_10e2 status=starting
STAGE08_FIRFILTER2_CASE PASS scale=firfilter2_int8_10e2 dtype=INT8 backend=not_applicable measured=100 results=/tmp/ZKX_dev/results/stage08_b04_firfilter2_be79ae78aeff/formal/20260809T113849Z_be79ae78aeff_stage08_b04_formal_8423f00c
[stage08-b04-formal] case=12 scale=firfilter2_int8_10e2 status=completed
[stage08-b04-formal] case=13 scale=firfilter2_int8_10e3 status=starting
STAGE08_FIRFILTER2_CASE PASS scale=firfilter2_int8_10e3 dtype=INT8 backend=not_applicable measured=100 results=/tmp/ZKX_dev/results/stage08_b04_firfilter2_be79ae78aeff/formal/20260809T113849Z_be79ae78aeff_stage08_b04_formal_8423f00d
[stage08-b04-formal] case=13 scale=firfilter2_int8_10e3 status=completed
[stage08-b04-formal] case=14 scale=firfilter2_int8_10e4 status=starting
STAGE08_FIRFILTER2_CASE PASS scale=firfilter2_int8_10e4 dtype=INT8 backend=not_applicable measured=100 results=/tmp/ZKX_dev/results/stage08_b04_firfilter2_be79ae78aeff/formal/20260809T113849Z_be79ae78aeff_stage08_b04_formal_8423f00e
[stage08-b04-formal] case=14 scale=firfilter2_int8_10e4 status=completed
[stage08-b04-formal] cases=15 status=completed
