[stage08-b01] operator=kaiser entry=cpu:kaiser_typed_cpu gpu:kaiser_device
[stage08-b01] config=test_all/configs/operators/windows/kaiser/operator_scales.json config_sha256=3c4c14a97768005f5dc56b0d0c17628fff55c481c5608f82bbef4fa7c495f9fe
[stage08-b01] run_type=formal scale=kaiser_int32_10e2 dtype=INT32 sym=false backend=not_applicable
[stage08-b01] dtype_semantics=actual_typed_scalar_input typed_input_count=1 actual_input_digest=dc847291cb775b0e649a6974df3ce12ec601614366d5185cb5700ed9df1866d0
[stage08-b01] timing_scope=compatibility/end-to-end warmup=20 measured=100
[stage08-b01] cpu_mean_ms=0.005540510000000002 gpu_mean_ms=0.25627715999999984 speedup=0.021619211013576105
[stage08-b01] mse=9.4177306276040361e-15 rmse=9.7044992800267839e-08 relative_l2=1.7255874147697642e-07 relative_linf=2.8263307960685324e-07
[stage08-b01] resources=available cuda_event_ms=0.27656200528144836
[stage08-b01] status=PASS error_code=OK
[stage08] identity and status
target | scale_id          | device | backend        | dtype | warmup | measured | timing_scope             | status | error_code
kaiser | kaiser_int32_10e2 | CPU    | not_applicable | INT32 | 20     | 100      | compatibility/end-to-end | PASS   | OK        
kaiser | kaiser_int32_10e2 | GPU    | not_applicable | INT32 | 20     | 100      | compatibility/end-to-end | PASS   | OK        

[stage08] timing detail
device | mean_ms              | p50_ms                | p95_ms                | p99_ms                | min_ms                | max_ms                | std_ms                 | cv                    | speedup             
CPU    | 0.005540510000000002 | 0.0055399999999999998 | 0.0055500000000000002 | 0.0055636000000000019 | 0.0055300000000000002 | 0.0059199999999999999 | 3.8736931990027271e-05 | 0.0069915823615564737 | NA                  
GPU    | 0.25627715999999984  | 0.24624599999999999   | 0.31355949999999999   | 0.37744071000000068   | 0.23392099999999999   | 0.51106200000000002   | 0.035011579666081913   | 0.13661607482337457   | 0.021619211013576105

[stage08] accuracy detail
accuracy_reference  | mse                    | rmse                   | relative_l2            | relative_linf          | exact_match | mismatch_count | semantic_check                                                                                    | status
cpu_typed_reference | 9.4177306276040361e-15 | 9.7044992800267839e-08 | 1.7255874147697642e-07 | 2.8263307960685324e-07 | NA          | NA             | finite_normalized_fp64_window_shape_beta_and_symmetry_match_cpu:shape=[100];finite=true;sym=false | PASS  

[stage08] resource detail
device | metric     | before_bytes | after_bytes | peak_bytes | delta_bytes
CPU    | cpu_heap   | 1426304      | 1429472     | 1429472    | 3168       
CPU    | rss        | 69771264     | 69771264    | 69771264   | 0          
GPU    | cpu_heap   | 1429472      | 1432400     | 1432400    | 2928       
GPU    | rss        | 69771264     | 69771264    | 69771264   | 0          
GPU    | gpu_memory | 391544832    | 391544832   | 391544832  | 0          

[stage08] input/output identity
device | input_digest                                                     | output_digest                                                   
CPU    | dc847291cb775b0e649a6974df3ce12ec601614366d5185cb5700ed9df1866d0 | 7f7e8c1c3de8b46f4035204803e4778b5cfb9b93879cf782a3262e1746140d29
GPU    | dc847291cb775b0e649a6974df3ce12ec601614366d5185cb5700ed9df1866d0 | c1878dc0a8b658f23eafeb770f05a2994bf4c97205780d9eb40d8474ddc05ab6

[stage08] input content
input_name       | shape  | dtype       | elements | generator                                           | values(head4/tail2)                                                                          
window_positions | [100]  | INDEX_INT64 | 100      | implicit_window_index_domain(no_materialized_array) | i=0:position=0;i=1:position=1;i=2:position=2;i=3:position=3;i=98:position=98;i=99:position=99
beta             | scalar | INT32       | 1        | exact_config_scalar                                 | value=8                                                                                      

[stage08] case parameters
parameters                                                   
{"length":100,"requested_dtype":"INT32","sym":false,"beta":8}

[stage08] dtype evidence
requested_dtype | config_input_dtype | output_dtype | actual_input_digest                                              | status
INT32           | INT32              | FP64         | dc847291cb775b0e649a6974df3ce12ec601614366d5185cb5700ed9df1866d0 | PASS  

[stage08] evidence files
kind        | path                                                                                                                                                                                                                                           
main_csv    | /tmp/ZKX_dev/results/stage08_input_preview_b01_kaiser_8b745f9a6864/formal/20260810T082129Z_8b745f9a6864_stage08_b01_formal_a104000e/operator_main_results_kaiser_not_applicable_20260810T082129Z_8b745f9a6864_stage08_b01_formal_a104000e.csv  
timing_csv  | /tmp/ZKX_dev/results/stage08_input_preview_b01_kaiser_8b745f9a6864/formal/20260810T082129Z_8b745f9a6864_stage08_b01_formal_a104000e/operator_timing_samples_kaiser_not_applicable_20260810T082129Z_8b745f9a6864_stage08_b01_formal_a104000e.csv
memory_csv  | /tmp/ZKX_dev/results/stage08_input_preview_b01_kaiser_8b745f9a6864/formal/20260810T082129Z_8b745f9a6864_stage08_b01_formal_a104000e/operator_windows_kaiser_memory_trace_not_applicable.csv                                                    
input_csv   | /tmp/ZKX_dev/results/stage08_input_preview_b01_kaiser_8b745f9a6864/formal/20260810T082129Z_8b745f9a6864_stage08_b01_formal_a104000e/operator_input_evidence_kaiser_not_applicable_20260810T082129Z_8b745f9a6864_stage08_b01_formal_a104000e.csv
dtype_csv   | /tmp/ZKX_dev/results/stage08_input_preview_b01_kaiser_8b745f9a6864/formal/20260810T082129Z_8b745f9a6864_stage08_b01_formal_a104000e/operator_dtype_evidence_kaiser_not_applicable_20260810T082129Z_8b745f9a6864_stage08_b01_formal_a104000e.csv
module_csv  | /tmp/ZKX_dev/results/stage08_input_preview_b01_kaiser_8b745f9a6864/formal/20260810T082129Z_8b745f9a6864_stage08_b01_formal_a104000e/windows_batch01_module_summary_not_applicable_20260810T082129Z_8b745f9a6864_stage08_b01_formal_a104000e.csv
report_json | /tmp/ZKX_dev/results/stage08_input_preview_b01_kaiser_8b745f9a6864/formal/20260810T082129Z_8b745f9a6864_stage08_b01_formal_a104000e/operator_kaiser_report.json                                                                                
summary_txt | /tmp/ZKX_dev/results/stage08_input_preview_b01_kaiser_8b745f9a6864/formal/20260810T082129Z_8b745f9a6864_stage08_b01_formal_a104000e/operator_kaiser_summary.txt                                                                                
full_log    | /tmp/ZKX_dev/results/stage08_input_preview_b01_kaiser_8b745f9a6864/formal/20260810T082129Z_8b745f9a6864_stage08_b01_formal_a104000e/operator_kaiser_full.log                                                                                   
results_dir | /tmp/ZKX_dev/results/stage08_input_preview_b01_kaiser_8b745f9a6864/formal/20260810T082129Z_8b745f9a6864_stage08_b01_formal_a104000e                                                                                                            
