command=build_stage08_b08_unit_impulse_a1467e3b776a/stage08_waveforms_unit_impulse --dtype FP32 --shape 100 --idx 0 --idx-mode zero --warmup 1 --measured 1 --output /tmp/ZKX_dev/results/stage08_terminal_table_smoke_54336d803079/smoke/20260810T030000Z_54336d803079_stage08_b08_smoke_88000001/unit_impulse_probe_raw.json
{"run_id": "20260810T030000Z_54336d803079_stage08_b08_smoke_88000001", "case_id": "unit_impulse__unit_impulse_fp32_10e2__f4602dbd2e5d4fe2", "operator_name": "unit_impulse", "scale_id": "unit_impulse_fp32_10e2", "requested_dtype": "FP32", "output_dtype": "FP64", "backend": "not_applicable", "shape": 100, "idx": 0, "idx_mode": "zero", "output_count": 100, "warmup_runs": 1, "measured_runs": 1, "mse": 0, "rmse": 0, "relative_l2": 0, "relative_linf": 0, "status": "PASS", "error_code": "OK"}
[stage08] required terminal summary
+--------------+------------------------+--------+----------------+-------+------+----------+----------+-----+-----------------------+-----+------+--------------+---------------+----------------+-----------+--------+
| target       | scale_id               | device | backend        | dtype | runs | mean_ms  | p95_ms   | cv  | speedup               | mse | rmse | rel_l2/exact | relative_linf | cpu_heap_delta | gpu_delta | status |
+--------------+------------------------+--------+----------------+-------+------+----------+----------+-----+-----------------------+-----+------+--------------+---------------+----------------+-----------+--------+
| unit_impulse | unit_impulse_fp32_10e2 | CPU    | not_applicable | FP32  | 1    | 0.00073  | 0.00073  | 0.0 | NA                    | 0   | 0    | 0            | 0             | NA             | NA        | PASS   |
| unit_impulse | unit_impulse_fp32_10e2 | GPU    | not_applicable | FP32  | 1    | 0.116301 | 0.116301 | 0.0 | 0.0062768161924661005 | 0   | 0    | 0            | 0             | NA             | NA        | PASS   |
+--------------+------------------------+--------+----------------+-------+------+----------+----------+-----+-----------------------+-----+------+--------------+---------------+----------------+-----------+--------+

[stage08] timing detail
+--------+----------+----------+----------+----------+----------+----------+--------+-----+-----------------------+
| device | mean_ms  | p50_ms   | p95_ms   | p99_ms   | min_ms   | max_ms   | std_ms | cv  | speedup               |
+--------+----------+----------+----------+----------+----------+----------+--------+-----+-----------------------+
| CPU    | 0.00073  | 0.00073  | 0.00073  | 0.00073  | 0.00073  | 0.00073  | 0.0    | 0.0 | NA                    |
| GPU    | 0.116301 | 0.116301 | 0.116301 | 0.116301 | 0.116301 | 0.116301 | 0.0    | 0.0 | 0.0062768161924661005 |
+--------+----------+----------+----------+----------+----------+----------+--------+-----+-----------------------+

[stage08] accuracy detail
+-----+------+-------------+---------------+-------------+----------------+-----------------------------------------------------+--------+
| mse | rmse | relative_l2 | relative_linf | exact_match | mismatch_count | semantic_check                                      | status |
+-----+------+-------------+---------------+-------------+----------------+-----------------------------------------------------+--------+
| 0   | 0    | 0           | 0             | NA          | NA             | shape=100;idx_mode=zero;dtype_argument_ignored=true | PASS   |
+-----+------+-------------+---------------+-------------+----------------+-----------------------------------------------------+--------+

[stage08] resource detail
+--------+--------+--------------+-------------+------------+-------------+
| device | metric | before_bytes | after_bytes | peak_bytes | delta_bytes |
+--------+--------+--------------+-------------+------------+-------------+
+--------+--------+--------------+-------------+------------+-------------+

[stage08] evidence files
+----------------+------------------------------------------------------------------------------------------------------------------------------------------------------------------------------------------------------------------------------------------------+
| kind           | path                                                                                                                                                                                                                                           |
+----------------+------------------------------------------------------------------------------------------------------------------------------------------------------------------------------------------------------------------------------------------------+
| dtype_csv      | /tmp/ZKX_dev/results/stage08_terminal_table_smoke_54336d803079/smoke/20260810T030000Z_54336d803079_stage08_b08_smoke_88000001/operator_dtype_evidence_unit_impulse_not_applicable_20260810T030000Z_54336d803079_stage08_b08_smoke_88000001.csv |
| main_csv       | /tmp/ZKX_dev/results/stage08_terminal_table_smoke_54336d803079/smoke/20260810T030000Z_54336d803079_stage08_b08_smoke_88000001/operator_main_results_unit_impulse_not_applicable_20260810T030000Z_54336d803079_stage08_b08_smoke_88000001.csv   |
| timing_csv     | /tmp/ZKX_dev/results/stage08_terminal_table_smoke_54336d803079/smoke/20260810T030000Z_54336d803079_stage08_b08_smoke_88000001/operator_timing_samples_unit_impulse_not_applicable_20260810T030000Z_54336d803079_stage08_b08_smoke_88000001.csv |
| full_log       | /tmp/ZKX_dev/results/stage08_terminal_table_smoke_54336d803079/smoke/20260810T030000Z_54336d803079_stage08_b08_smoke_88000001/operator_unit_impulse_full.log                                                                                   |
| report_json    | /tmp/ZKX_dev/results/stage08_terminal_table_smoke_54336d803079/smoke/20260810T030000Z_54336d803079_stage08_b08_smoke_88000001/operator_unit_impulse_report.json                                                                                |
| summary_txt    | /tmp/ZKX_dev/results/stage08_terminal_table_smoke_54336d803079/smoke/20260810T030000Z_54336d803079_stage08_b08_smoke_88000001/operator_unit_impulse_summary.txt                                                                                |
| memory_csv     | /tmp/ZKX_dev/results/stage08_terminal_table_smoke_54336d803079/smoke/20260810T030000Z_54336d803079_stage08_b08_smoke_88000001/operator_waveforms_unit_impulse_memory_trace_not_applicable.csv                                                  |
| probe_raw_json | /tmp/ZKX_dev/results/stage08_terminal_table_smoke_54336d803079/smoke/20260810T030000Z_54336d803079_stage08_b08_smoke_88000001/unit_impulse_probe_raw.json                                                                                      |
+----------------+------------------------------------------------------------------------------------------------------------------------------------------------------------------------------------------------------------------------------------------------+
