[stage08-b01] operator=chebwin entry=cpu:chebwin_typed_cpu gpu:chebwin_device
[stage08-b01] config=test_all/configs/operators/windows/chebwin/operator_scales.json config_sha256=e5f2e743fda9d9dda0f3c0b01d6bbbf2d9490d2f40af1bc668f22d1da683811e
[stage08-b01] run_type=formal scale=chebwin_int16_10e2 dtype=INT16 sym=false backend=fft_thrust
[stage08-b01] dtype_semantics=actual_typed_scalar_input typed_input_count=1 actual_input_digest=2d7869025924cd076760189f2e018ff35a5914e86d747350f6668cc0e2133f03
[stage08-b01] timing_scope=compatibility/end-to-end warmup=20 measured=100
[stage08-b01] cpu_mean_ms=0.21921517999999993 gpu_mean_ms=1.6210490900000003 speedup=0.13523043894987774
[stage08-b01] mse=5.9750327471063565e-14 rmse=2.4443880107516393e-07 relative_l2=4.4652958722329837e-07 relative_linf=4.888965245680027e-07
[stage08-b01] resources=available cuda_event_ms=1.5816539525985718
[stage08-b01] status=PASS error_code=OK
[stage08] identity and status
target  | scale_id           | device | backend    | dtype | warmup | measured | timing_scope             | status | error_code
chebwin | chebwin_int16_10e2 | CPU    | fft_thrust | INT16 | 20     | 100      | compatibility/end-to-end | PASS   | OK        
chebwin | chebwin_int16_10e2 | GPU    | fft_thrust | INT16 | 20     | 100      | compatibility/end-to-end | PASS   | OK        

[stage08] timing detail
device | mean_ms             | p50_ms              | p95_ms              | p99_ms              | min_ms              | max_ms             | std_ms               | cv                   | speedup            
CPU    | 0.21921517999999993 | 0.21855550000000001 | 0.22355349999999999 | 0.22808611000000009 | 0.21812100000000001 | 0.241561           | 0.002888731165685032 | 0.013177605518399926 | NA                 
GPU    | 1.6210490900000003  | 1.5842895000000001  | 1.8154895           | 1.8782003000000003  | 1.5590440000000001  | 1.9153549999999999 | 0.080959905084442257 | 0.049942907703333178 | 0.13523043894987774

[stage08] accuracy detail
accuracy_reference  | mse                    | rmse                   | relative_l2            | relative_linf         | exact_match | mismatch_count | semantic_check                                                                           | status
cpu_typed_reference | 5.9750327471063565e-14 | 2.4443880107516393e-07 | 4.4652958722329837e-07 | 4.888965245680027e-07 | NA          | NA             | finite_fp64_window_shape_and_symmetry_policy_match_cpu:shape=[100];finite=true;sym=false | PASS  

[stage08] resource detail
device | metric     | before_bytes | after_bytes | peak_bytes | delta_bytes
CPU    | cpu_heap   | 2124080      | 2127168     | 2127168    | 3088       
CPU    | rss        | 72134656     | 72134656    | 72134656   | 0          
GPU    | cpu_heap   | 2127168      | 2130112     | 2130112    | 2944       
GPU    | rss        | 72134656     | 72134656    | 72134656   | 0          
GPU    | gpu_memory | 391544832    | 391544832   | 391544832  | 0          

[stage08] input/output identity
device | input_digest                                                     | output_digest                                                   
CPU    | 2d7869025924cd076760189f2e018ff35a5914e86d747350f6668cc0e2133f03 | d46175a1cfa7186cd5009f216ffa60df5f7668c0ef4cce320abbcc05c42e9e53
GPU    | 2d7869025924cd076760189f2e018ff35a5914e86d747350f6668cc0e2133f03 | bcf40f2a15168b700de1410bf64f14622132a37e586f8dc5d754271e4c58f081

[stage08] input content
input_name       | shape  | dtype       | elements | generator                                           | values(head4/tail2)                                                                          
window_positions | [100]  | INDEX_INT64 | 100      | implicit_window_index_domain(no_materialized_array) | i=0:position=0;i=1:position=1;i=2:position=2;i=3:position=3;i=98:position=98;i=99:position=99
attenuation_db   | scalar | INT16       | 1        | exact_config_scalar                                 | value=80                                                                                     

[stage08] case parameters
parameters                                                                                       
{"length":100,"requested_dtype":"INT16","sym":false,"attenuation_db":80,"algorithm":"fft_thrust"}

[stage08] dtype evidence
requested_dtype | config_input_dtype | output_dtype | actual_input_digest                                              | status
INT16           | INT16              | FP64         | 2d7869025924cd076760189f2e018ff35a5914e86d747350f6668cc0e2133f03 | PASS  

[stage08] evidence files
kind        | path                                                                                                                                                                                                                                         
main_csv    | /tmp/ZKX_dev/results/stage08_input_preview_b01_chebwin_8b745f9a6864/formal/20260810T082043Z_8b745f9a6864_stage08_b01_formal_a1010014/operator_main_results_chebwin_fft_thrust_20260810T082043Z_8b745f9a6864_stage08_b01_formal_a1010014.csv  
timing_csv  | /tmp/ZKX_dev/results/stage08_input_preview_b01_chebwin_8b745f9a6864/formal/20260810T082043Z_8b745f9a6864_stage08_b01_formal_a1010014/operator_timing_samples_chebwin_fft_thrust_20260810T082043Z_8b745f9a6864_stage08_b01_formal_a1010014.csv
memory_csv  | /tmp/ZKX_dev/results/stage08_input_preview_b01_chebwin_8b745f9a6864/formal/20260810T082043Z_8b745f9a6864_stage08_b01_formal_a1010014/operator_windows_chebwin_memory_trace_fft_thrust.csv                                                    
input_csv   | /tmp/ZKX_dev/results/stage08_input_preview_b01_chebwin_8b745f9a6864/formal/20260810T082043Z_8b745f9a6864_stage08_b01_formal_a1010014/operator_input_evidence_chebwin_fft_thrust_20260810T082043Z_8b745f9a6864_stage08_b01_formal_a1010014.csv
dtype_csv   | /tmp/ZKX_dev/results/stage08_input_preview_b01_chebwin_8b745f9a6864/formal/20260810T082043Z_8b745f9a6864_stage08_b01_formal_a1010014/operator_dtype_evidence_chebwin_fft_thrust_20260810T082043Z_8b745f9a6864_stage08_b01_formal_a1010014.csv
module_csv  | /tmp/ZKX_dev/results/stage08_input_preview_b01_chebwin_8b745f9a6864/formal/20260810T082043Z_8b745f9a6864_stage08_b01_formal_a1010014/windows_batch01_module_summary_fft_thrust_20260810T082043Z_8b745f9a6864_stage08_b01_formal_a1010014.csv 
report_json | /tmp/ZKX_dev/results/stage08_input_preview_b01_chebwin_8b745f9a6864/formal/20260810T082043Z_8b745f9a6864_stage08_b01_formal_a1010014/operator_chebwin_report.json                                                                            
summary_txt | /tmp/ZKX_dev/results/stage08_input_preview_b01_chebwin_8b745f9a6864/formal/20260810T082043Z_8b745f9a6864_stage08_b01_formal_a1010014/operator_chebwin_summary.txt                                                                            
full_log    | /tmp/ZKX_dev/results/stage08_input_preview_b01_chebwin_8b745f9a6864/formal/20260810T082043Z_8b745f9a6864_stage08_b01_formal_a1010014/operator_chebwin_full.log                                                                               
results_dir | /tmp/ZKX_dev/results/stage08_input_preview_b01_chebwin_8b745f9a6864/formal/20260810T082043Z_8b745f9a6864_stage08_b01_formal_a1010014                                                                                                         
