command=build_stage07_b04_firfilter_v2_db9b07e/stage07_firfilter --dtype FP32 --n 10000 --taps 9 --cutoff 60 --fs 1000 --sym true --warmup 20 --measured 100 --output /tmp/ZKX_dev/results/stage07_b04_formal_v2_e6d8c17/formal/20260810T103350Z_e6d8c17f237e_stage07_b04_formal_35ca6ed8/firfilter_probe_raw.json
STAGE07_FILTER_PROBE PASS operator=firfilter dtype=FP32
{"run_id": "20260810T103350Z_e6d8c17f237e_stage07_b04_formal_35ca6ed8", "case_id": "firfilter__firfilter_fp32_10e4__d97a56c9ea8c4fcc", "operator_name": "firfilter", "task_name": "Task2", "step_name": "Step2;Step3", "scale_id": "firfilter_fp32_10e4", "requested_dtype": "FP32", "input_content": [{"input_name": "b", "shape": "[9]", "dtype": "FP32", "element_count": "9", "generator": "deterministic_nine_tap_smoother", "preview_head4_tail2": "i=0:0;i=1:1;i=2:0;i=3:1;i=7:1;i=8:0"}, {"input_name": "x", "shape": "[10000]", "dtype": "FP32", "element_count": "10000", "generator": "sinusoid_mixture_plus_modular_noise", "preview_head4_tail2": "i=0:2.25;i=1:1.83645225;i=2:2.79409623;i=3:2.37187076;i=9998:0.494714618;i=9999:1.50762582"}], "case_parameters": {"signal_count": 10000, "tap_count": 9, "shape": [10000], "axis": -1, "zi": false, "output_dtype": "FP32"}, "output_dtype": "FP32", "backend": "not_applicable", "warmup_runs": 20, "measured_runs": 100, "mse": 9.76892e-13, "rmse": 9.88379e-07, "relative_l2": 4.86079e-08, "relative_linf": 9.13993e-08, "actual_input_digest": "d97a56c9ea8c4fcc480711864b580f3346bcc91f8d454b3cdc4e7be5d1dd036b", "typed_array_digest": "7f5f7fcc212e50fd4e4eab5a0bb016353223fc3c458f622e097c72eedbe1fc69", "status": "PASS", "error_code": "OK"}
[stage07] identity and status
+-----------+---------------------+--------+----------------+-------+--------+----------+--------------------------+--------+------------+
| target    | scale_id            | device | backend        | dtype | warmup | measured | timing_scope             | status | error_code |
+-----------+---------------------+--------+----------------+-------+--------+----------+--------------------------+--------+------------+
| firfilter | firfilter_fp32_10e4 | CPU    | not_applicable | FP32  | 20     | 100      | compatibility/end-to-end | PASS   | OK         |
| firfilter | firfilter_fp32_10e4 | GPU    | not_applicable | FP32  | 20     | 100      | compatibility/end-to-end | PASS   | OK         |
+-----------+---------------------+--------+----------------+-------+--------+----------+--------------------------+--------+------------+

[stage07] timing detail
+--------+------------+---------------------+-----------+--------------------+----------+----------+----------------------+----------------------+-------------------+
| device | mean_ms    | p50_ms              | p95_ms    | p99_ms             | min_ms   | max_ms   | std_ms               | cv                   | speedup           |
+--------+------------+---------------------+-----------+--------------------+----------+----------+----------------------+----------------------+-------------------+
| CPU    | 1.2868089  | 1.2849485           | 1.2965905 | 1.30237301         | 1.280038 | 1.303859 | 0.00527774620363655  | 0.004101421900047902 | NA                |
| GPU    | 0.50494771 | 0.49791300000000005 | 0.5560045 | 0.5963871100000006 | 0.488573 | 0.701734 | 0.026530112518153782 | 0.05254031653723864  | 2.548400308618094 |
+--------+------------+---------------------+-----------+--------------------+----------+----------+----------------------+----------------------+-------------------+

[stage07] accuracy detail
+-----------------------------------+-------------+-------------+-------------+---------------+-------------+----------------+------------------------------------------------------------+--------+
| reference                         | mse         | rmse        | relative_l2 | relative_linf | exact_match | mismatch_count | semantic_check                                             | status |
+-----------------------------------+-------------+-------------+-------------+---------------+-------------+----------------+------------------------------------------------------------+--------+
| typed_cpu_task_resident_reference | 9.76892e-13 | 9.88379e-07 | 4.86079e-08 | 9.13993e-08   | NA          | NA             | output_count=10000;output_dtype=FP32;task_gpu_call=present | PASS   |
+-----------------------------------+-------------+-------------+-------------+---------------+-------------+----------------+------------------------------------------------------------+--------+

[stage07] resource detail
+--------+------------+--------------+-------------+------------+-------------+
| device | metric     | before_bytes | after_bytes | peak_bytes | delta_bytes |
+--------+------------+--------------+-------------+------------+-------------+
| CPU    | cpu_heap   | 1547760      | 1631584     | 1631584    | 83824       |
| CPU    | rss        | 70225920     | 70737920    | 70737920   | 512000      |
| GPU    | cpu_heap   | 1631680      | 1715008     | 1715008    | 83328       |
| GPU    | rss        | 70737920     | 70901760    | 70901760   | 163840      |
| GPU    | gpu_memory | 357777408    | 357777408   | 357777408  | 0           |
+--------+------------+--------------+-------------+------------+-------------+

[stage07] input content
+------------+---------+-------+----------+-------------------------------------+--------------------------------------------------------------------------------------------+
| input_name | shape   | dtype | elements | generator                           | values(head4/tail2)                                                                        |
+------------+---------+-------+----------+-------------------------------------+--------------------------------------------------------------------------------------------+
| b          | [9]     | FP32  | 9        | deterministic_nine_tap_smoother     | i=0:0;i=1:1;i=2:0;i=3:1;i=7:1;i=8:0                                                        |
| x          | [10000] | FP32  | 10000    | sinusoid_mixture_plus_modular_noise | i=0:2.25;i=1:1.83645225;i=2:2.79409623;i=3:2.37187076;i=9998:0.494714618;i=9999:1.50762582 |
+------------+---------+-------+----------+-------------------------------------+--------------------------------------------------------------------------------------------+

[stage07] case parameters
+-------------------------------------------------------------------------------------------------+
| parameters                                                                                      |
+-------------------------------------------------------------------------------------------------+
| {"axis":-1,"output_dtype":"FP32","shape":[10000],"signal_count":10000,"tap_count":9,"zi":false} |
+-------------------------------------------------------------------------------------------------+

[stage07] input and output identity
+--------+------------------------------------------------------------------+------------------------------------------------------------------+
| device | input_digest                                                     | output_digest                                                    |
+--------+------------------------------------------------------------------+------------------------------------------------------------------+
| CPU    | d97a56c9ea8c4fcc480711864b580f3346bcc91f8d454b3cdc4e7be5d1dd036b | f7bee2441046035a35eb774d3220f2ef53abf4fbd3a1876a81fb0e44ce4bbfc8 |
| GPU    | d97a56c9ea8c4fcc480711864b580f3346bcc91f8d454b3cdc4e7be5d1dd036b | e6a7532896e9cb172e7c89b94cbc1bfd7cf05b53fc4f9febc250447cb839731e |
+--------+------------------------------------------------------------------+------------------------------------------------------------------+

[stage07] dtype evidence
+-----------------+--------------------+--------------+------------------------------------------------------------------+------------------------------------------------------------------+----------------------+
| requested_dtype | config_input_dtype | output_dtype | typed_array_digest                                               | actual_input_digest                                              | task_gpu_call_status |
+-----------------+--------------------+--------------+------------------------------------------------------------------+------------------------------------------------------------------+----------------------+
| FP32            | FP32               | FP32         | 7f5f7fcc212e50fd4e4eab5a0bb016353223fc3c458f622e097c72eedbe1fc69 | d97a56c9ea8c4fcc480711864b580f3346bcc91f8d454b3cdc4e7be5d1dd036b | proved_gpu_cpu       |
+-----------------+--------------------+--------------+------------------------------------------------------------------+------------------------------------------------------------------+----------------------+

[stage07] evidence files
+-------------+------------------------------------------------------------------------------------------------------------------------------------------------------------------------------------------------------------------------------------+
| kind        | path                                                                                                                                                                                                                               |
+-------------+------------------------------------------------------------------------------------------------------------------------------------------------------------------------------------------------------------------------------------+
| main_csv    | /tmp/ZKX_dev/results/stage07_b04_formal_v2_e6d8c17/formal/20260810T103350Z_e6d8c17f237e_stage07_b04_formal_35ca6ed8/operator_main_results_firfilter_not_applicable_20260810T103350Z_e6d8c17f237e_stage07_b04_formal_35ca6ed8.csv   |
| timing_csv  | /tmp/ZKX_dev/results/stage07_b04_formal_v2_e6d8c17/formal/20260810T103350Z_e6d8c17f237e_stage07_b04_formal_35ca6ed8/operator_timing_samples_firfilter_not_applicable_20260810T103350Z_e6d8c17f237e_stage07_b04_formal_35ca6ed8.csv |
| memory_csv  | /tmp/ZKX_dev/results/stage07_b04_formal_v2_e6d8c17/formal/20260810T103350Z_e6d8c17f237e_stage07_b04_formal_35ca6ed8/operator_filtering_firfilter_memory_trace_not_applicable.csv                                                   |
| dtype_csv   | /tmp/ZKX_dev/results/stage07_b04_formal_v2_e6d8c17/formal/20260810T103350Z_e6d8c17f237e_stage07_b04_formal_35ca6ed8/operator_dtype_evidence_firfilter_not_applicable_20260810T103350Z_e6d8c17f237e_stage07_b04_formal_35ca6ed8.csv |
| report_json | /tmp/ZKX_dev/results/stage07_b04_formal_v2_e6d8c17/formal/20260810T103350Z_e6d8c17f237e_stage07_b04_formal_35ca6ed8/operator_firfilter_report.json                                                                                 |
| summary_txt | /tmp/ZKX_dev/results/stage07_b04_formal_v2_e6d8c17/formal/20260810T103350Z_e6d8c17f237e_stage07_b04_formal_35ca6ed8/operator_firfilter_summary.txt                                                                                 |
| full_log    | /tmp/ZKX_dev/results/stage07_b04_formal_v2_e6d8c17/formal/20260810T103350Z_e6d8c17f237e_stage07_b04_formal_35ca6ed8/operator_firfilter_full.log                                                                                    |
| result_dir  | /tmp/ZKX_dev/results/stage07_b04_formal_v2_e6d8c17/formal/20260810T103350Z_e6d8c17f237e_stage07_b04_formal_35ca6ed8                                                                                                                |
+-------------+------------------------------------------------------------------------------------------------------------------------------------------------------------------------------------------------------------------------------------+
