command=build_stage08_b04_correlate2d_e458c69972d3/stage08_convolution_correlate2d --dtype FP32 --rows1 100 --cols1 100 --rows2 7 --cols2 5 --mode valid --boundary symm --fillvalue 0 --seed 84010003 --warmup 20 --measured 100 --output /tmp/ZKX_dev/results/stage08_input_preview_b04_correlate2d_db927ed96663/formal/20260810T083652Z_db927ed96663_stage08_b04_formal_b4010003/correlate2d_probe_raw.json
STAGE08_CORRELATE2D_PROBE PASS dtype=FP32 mode=valid boundary=symm backend=not_applicable
{"actual_input_digest": "bba2df37b5e4405b1b23c7929df1b429ce5ae4dc3f214c36f33b4d9c89ecf1eb", "backend": "not_applicable", "boundary": "symm", "boundary_effect": "ignored_by_valid", "case_id": "correlate2d__correlate2d_fp32_10e4__bba2df37b5e4405b", "compute_dtype": "FP32", "dtype_semantics": "actual_same_dtype_arrays_native_direct", "error_code": "OK", "fft_dtype": "not_applicable", "measured_runs": 100, "metrics": {"exact_match": true, "mismatch_count": 0, "mse": 0, "relative_l2": 0, "relative_linf": 0, "rmse": 0}, "mode": "valid", "native_capability": "native", "operator_name": "correlate2d", "output_dtype": "FP32", "requested_dtype": "FP32", "run_id": "20260810T083652Z_db927ed96663_stage08_b04_formal_b4010003", "scale_id": "correlate2d_fp32_10e4", "schema_version": 1, "status": "PASS", "typed_input_count": 2, "typed_input_names": "in1|in2", "warmup_runs": 20}
[stage08] identity and status
+-------------+-----------------------+--------+----------------+-------+--------+----------+--------------------------+--------+------------+
| target      | scale_id              | device | backend        | dtype | warmup | measured | timing_scope             | status | error_code |
+-------------+-----------------------+--------+----------------+-------+--------+----------+--------------------------+--------+------------+
| correlate2d | correlate2d_fp32_10e4 | CPU    | not_applicable | FP32  | 20     | 100      | compatibility/end-to-end | PASS   | OK         |
| correlate2d | correlate2d_fp32_10e4 | GPU    | not_applicable | FP32  | 20     | 100      | compatibility/end-to-end | PASS   | OK         |
+-------------+-----------------------+--------+----------------+-------+--------+----------+--------------------------+--------+------------+

[stage08] timing detail
+--------+---------------------+---------------------+---------------------+---------------------+---------------------+---------------------+----------------------+-----------------------+--------------------+
| device | mean_ms             | p50_ms              | p95_ms              | p99_ms              | min_ms              | max_ms              | std_ms               | cv                    | speedup            |
+--------+---------------------+---------------------+---------------------+---------------------+---------------------+---------------------+----------------------+-----------------------+--------------------+
| CPU    | 7.6872253099999996  | 7.6846235000000007  | 7.7128540000000001  | 7.7219325000000003  | 7.6668190000000003  | 7.7628690000000002  | 0.015736428967014715 | 0.0020470882968063697 | NA                 |
| GPU    | 0.36155943000000001 | 0.35136699999999998 | 0.40222649999999999 | 0.48329371000000126 | 0.34027099999999999 | 0.73383399999999999 | 0.042719927514511306 | 0.11815464891763798   | 21.261304981037277 |
+--------+---------------------+---------------------+---------------------+---------------------+---------------------+---------------------+----------------------+-----------------------+--------------------+

[stage08] accuracy detail
+-------------------------------------------+-----+------+-------------+---------------+-------------+----------------+-----------------------------------------------------------------------------------------------------------------+--------+
| accuracy_reference                        | mse | rmse | relative_l2 | relative_linf | exact_match | mismatch_count | semantic_check                                                                                                  | status |
+-------------------------------------------+-----+------+-------------+---------------+-------------+----------------+-----------------------------------------------------------------------------------------------------------------+--------+
| cpu_independent_boundary_direct_reference | 0   | 0    | 0           | 0             | true        | 0              | shape_mode_boundary_fill_and_same_dtype_output_match_cpu:mode=valid;boundary=symm;valid_boundary_effect=ignored | PASS   |
+-------------------------------------------+-----+------+-------------+---------------+-------------+----------------+-----------------------------------------------------------------------------------------------------------------+--------+

[stage08] resource detail
+--------+------------+--------------+-------------+------------+-------------+
| device | metric     | before_bytes | after_bytes | peak_bytes | delta_bytes |
+--------+------------+--------------+-------------+------------+-------------+
| CPU    | cpu_heap   | 1574416      | 1654336     | 1654336    | 79920       |
| CPU    | rss        | 69808128     | 69808128    | 69808128   | 0           |
| GPU    | cpu_heap   | 1654384      | 1693696     | 1693696    | 39312       |
| GPU    | rss        | 69808128     | 69808128    | 69808128   | 0           |
| GPU    | gpu_memory | 408322048    | 408322048   | 408322048  | 0           |
+--------+------------+--------------+-------------+------------+-------------+

[stage08] input/output identity
+--------+------------------------------------------------------------------+------------------------------------------------------------------+
| device | input_digest                                                     | output_digest                                                    |
+--------+------------------------------------------------------------------+------------------------------------------------------------------+
| CPU    | bba2df37b5e4405b1b23c7929df1b429ce5ae4dc3f214c36f33b4d9c89ecf1eb | fb0deaf5d13aecd8548c3955c2bb2d89c4ac9c71b82fe5f748c82871e541fad7 |
| GPU    | bba2df37b5e4405b1b23c7929df1b429ce5ae4dc3f214c36f33b4d9c89ecf1eb | fb0deaf5d13aecd8548c3955c2bb2d89c4ac9c71b82fe5f748c82871e541fad7 |
+--------+------------------------------------------------------------------+------------------------------------------------------------------+

[stage08] input content
+------------+-----------+-------+----------+--------------------------------------------------------+-----------------------------------------------------------+
| input_name | shape     | dtype | elements | generator                                              | values(head4/tail2)                                       |
+------------+-----------+-------+----------+--------------------------------------------------------+-----------------------------------------------------------+
| in1        | [100x100] | FP32  | 10000    | correlate_modular(seed=84010003,salt=3,integral=false) | i=0:-0.5;i=1:1;i=2:-0.25;i=3:1.25;i=9998:0.75;i=9999:-0.5 |
| in2        | [7x5]     | FP32  | 35       | correlate_modular(seed=84010003,salt=7,integral=false) | i=0:0.5;i=1:-0.75;i=2:0.75;i=3:-0.5;i=33:0.5;i=34:-0.75   |
+------------+-----------+-------+----------+--------------------------------------------------------+-----------------------------------------------------------+

[stage08] case parameters
+-----------------------------------------------------------------------------------------------------------------------------------------+
| parameters                                                                                                                              |
+-----------------------------------------------------------------------------------------------------------------------------------------+
| {"boundary":"symm","cols1":"100","cols2":"5","dtype":"FP32","fillvalue":"0","mode":"valid","rows1":"100","rows2":"7","seed":"84010003"} |
+-----------------------------------------------------------------------------------------------------------------------------------------+

[stage08] dtype evidence
+-----------------+--------------------+--------------+------------------------------------------------------------------+--------+
| requested_dtype | config_input_dtype | output_dtype | actual_input_digest                                              | status |
+-----------------+--------------------+--------------+------------------------------------------------------------------+--------+
| FP32            | NA                 | FP32         | bba2df37b5e4405b1b23c7929df1b429ce5ae4dc3f214c36f33b4d9c89ecf1eb | PASS   |
+-----------------+--------------------+--------------+------------------------------------------------------------------+--------+

[stage08] evidence files
+----------------+-----------------------------------------------------------------------------------------------------------------------------------------------------------------------------------------------------------------------------------------------------------+
| kind           | path                                                                                                                                                                                                                                                      |
+----------------+-----------------------------------------------------------------------------------------------------------------------------------------------------------------------------------------------------------------------------------------------------------+
| probe_raw_json | /tmp/ZKX_dev/results/stage08_input_preview_b04_correlate2d_db927ed96663/formal/20260810T083652Z_db927ed96663_stage08_b04_formal_b4010003/correlate2d_probe_raw.json                                                                                       |
| memory_csv     | /tmp/ZKX_dev/results/stage08_input_preview_b04_correlate2d_db927ed96663/formal/20260810T083652Z_db927ed96663_stage08_b04_formal_b4010003/operator_convolution_correlate2d_memory_trace_not_applicable.csv                                                 |
| full_log       | /tmp/ZKX_dev/results/stage08_input_preview_b04_correlate2d_db927ed96663/formal/20260810T083652Z_db927ed96663_stage08_b04_formal_b4010003/operator_correlate2d_full.log                                                                                    |
| report_json    | /tmp/ZKX_dev/results/stage08_input_preview_b04_correlate2d_db927ed96663/formal/20260810T083652Z_db927ed96663_stage08_b04_formal_b4010003/operator_correlate2d_report.json                                                                                 |
| summary_txt    | /tmp/ZKX_dev/results/stage08_input_preview_b04_correlate2d_db927ed96663/formal/20260810T083652Z_db927ed96663_stage08_b04_formal_b4010003/operator_correlate2d_summary.txt                                                                                 |
| dtype_csv      | /tmp/ZKX_dev/results/stage08_input_preview_b04_correlate2d_db927ed96663/formal/20260810T083652Z_db927ed96663_stage08_b04_formal_b4010003/operator_dtype_evidence_correlate2d_not_applicable_20260810T083652Z_db927ed96663_stage08_b04_formal_b4010003.csv |
| main_csv       | /tmp/ZKX_dev/results/stage08_input_preview_b04_correlate2d_db927ed96663/formal/20260810T083652Z_db927ed96663_stage08_b04_formal_b4010003/operator_main_results_correlate2d_not_applicable_20260810T083652Z_db927ed96663_stage08_b04_formal_b4010003.csv   |
| timing_csv     | /tmp/ZKX_dev/results/stage08_input_preview_b04_correlate2d_db927ed96663/formal/20260810T083652Z_db927ed96663_stage08_b04_formal_b4010003/operator_timing_samples_correlate2d_not_applicable_20260810T083652Z_db927ed96663_stage08_b04_formal_b4010003.csv |
+----------------+-----------------------------------------------------------------------------------------------------------------------------------------------------------------------------------------------------------------------------------------------------------+
