command=build_stage08_b05_freq_shift_99442e69c882/stage08_filtering_freq_shift --dtype FP32 --count 100 --freq 1.25 --fs 100.0 --seed 85210001 --warmup 20 --measured 100 --output /tmp/ZKX_dev/results/stage08_input_preview_b05_freq_shift_652061b694fc/formal/20260810T084613Z_652061b694fc_stage08_b05_formal_85620000/freq_shift_probe_raw.json
STAGE08_FREQ_SHIFT_PROBE PASS dtype=FP32 backend=not_applicable
{"run_id": "20260810T084613Z_652061b694fc_stage08_b05_formal_85620000", "case_id": "freq_shift__freq_shift_fp32_10e2__724bdec4d7fa56d1", "operator_name": "freq_shift", "scale_id": "freq_shift_fp32_10e2", "requested_dtype": "FP32", "output_dtype": "ComplexFP64", "backend": "not_applicable", "freq": 1.25, "fs": 100.0, "rank": 1, "shape": [100], "warmup_runs": 20, "measured_runs": 100, "mse": 2.0386230056071871e-13, "rmse": 4.5151113005187227e-07, "relative_l2": 3.411252576865155e-07, "relative_linf": 5.696143928291946e-07, "status": "PASS", "error_code": "OK"}
[stage08] identity and status
+------------+----------------------+--------+----------------+-------+--------+----------+--------------------------+--------+------------+
| target     | scale_id             | device | backend        | dtype | warmup | measured | timing_scope             | status | error_code |
+------------+----------------------+--------+----------------+-------+--------+----------+--------------------------+--------+------------+
| freq_shift | freq_shift_fp32_10e2 | CPU    | not_applicable | FP32  | 20     | 100      | compatibility/end-to-end | PASS   | OK         |
| freq_shift | freq_shift_fp32_10e2 | GPU    | not_applicable | FP32  | 20     | 100      | compatibility/end-to-end | PASS   | OK         |
+------------+----------------------+--------+----------------+-------+--------+----------+--------------------------+--------+------------+

[stage08] timing detail
+--------+-----------------------+-----------------------+-----------------------+---------------------+-----------------------+-----------------------+------------------------+-----------------------+----------------------+
| device | mean_ms               | p50_ms                | p95_ms                | p99_ms              | min_ms                | max_ms                | std_ms                 | cv                    | speedup              |
+--------+-----------------------+-----------------------+-----------------------+---------------------+-----------------------+-----------------------+------------------------+-----------------------+----------------------+
| CPU    | 0.0050611300000000005 | 0.0050600000000000003 | 0.0050800000000000003 | 0.0051503           | 0.0050299999999999997 | 0.0051799999999999997 | 2.1525638201920966e-05 | 0.0042531288866164202 | NA                   |
| GPU    | 0.34780835999999998   | 0.34074650000000001   | 0.3974665             | 0.43996920000000056 | 0.32481199999999999   | 0.543543              | 0.02691146859891522    | 0.077374415608972777  | 0.014551490366706542 |
+--------+-----------------------+-----------------------+-----------------------+---------------------+-----------------------+-----------------------+------------------------+-----------------------+----------------------+

[stage08] accuracy detail
+-------------------------------------+------------------------+------------------------+-----------------------+-----------------------+-------------+----------------+-----------------------------------------------+--------+
| accuracy_reference                  | mse                    | rmse                   | relative_l2           | relative_linf         | exact_match | mismatch_count | semantic_check                                | status |
+-------------------------------------+------------------------+------------------------+-----------------------+-----------------------+-------------+----------------+-----------------------------------------------+--------+
| cpu_freq_shift_complex128_reference | 2.0386230056071871e-13 | 4.5151113005187227e-07 | 3.411252576865155e-07 | 5.696143928291946e-07 | NA          | NA             | same_shape_negative_phase_complex_fp64_output | PASS   |
+-------------------------------------+------------------------+------------------------+-----------------------+-----------------------+-------------+----------------+-----------------------------------------------+--------+

[stage08] resource detail
+--------+------------+--------------+-------------+------------+-------------+
| device | metric     | before_bytes | after_bytes | peak_bytes | delta_bytes |
+--------+------------+--------------+-------------+------------+-------------+
| CPU    | cpu_heap   | 1434144      | 1436880     | 1438496    | 2736        |
| CPU    | rss        | 70823936     | 70823936    | 70823936   | 0           |
| GPU    | cpu_heap   | 1438624      | 1442464     | 1443488    | 3840        |
| GPU    | rss        | 70823936     | 70823936    | 70823936   | 0           |
| GPU    | gpu_memory | 391544832    | 391544832   | 391544832  | 0           |
+--------+------------+--------------+-------------+------------+-------------+

[stage08] input/output identity
+--------+------------------------------------------------------------------+------------------------------------------------------------------+
| device | input_digest                                                     | output_digest                                                    |
+--------+------------------------------------------------------------------+------------------------------------------------------------------+
| CPU    | 724bdec4d7fa56d1254cf31c98ba76fc898e558c0aee6f681474fe3a103fce67 | d10acba9a0596e8967344db347ebf3731abc7faed88d973bf0e284109004195b |
| GPU    | 724bdec4d7fa56d1254cf31c98ba76fc898e558c0aee6f681474fe3a103fce67 | 894659c089e0a11fd2bd42067d4a8bef318840ad45df068670600ed4a700bfe8 |
+--------+------------------------------------------------------------------+------------------------------------------------------------------+

[stage08] input content
+------------+-------+-------+----------+-------------------------------------------------------+-------------------------------------------------------------------------+
| input_name | shape | dtype | elements | generator                                             | values(head4/tail2)                                                     |
+------------+-------+-------+----------+-------------------------------------------------------+-------------------------------------------------------------------------+
| x          | [100] | FP32  | 100      | modular_noise_plus_ramp(seed=85210001,integral=false) | i=0:0.75;i=1:-0.46875;i=2:1.0625;i=3:-0.15625;i=98:-0.71875;i=99:0.8125 |
+------------+-------+-------+----------+-------------------------------------------------------+-------------------------------------------------------------------------+

[stage08] case parameters
+-----------------------------------------------------------------------------+
| parameters                                                                  |
+-----------------------------------------------------------------------------+
| {"count":"100","dtype":"FP32","freq":"1.25","fs":"100.0","seed":"85210001"} |
+-----------------------------------------------------------------------------+

[stage08] dtype evidence
+-----------------+--------------------+--------------+------------------------------------------------------------------+--------+
| requested_dtype | config_input_dtype | output_dtype | actual_input_digest                                              | status |
+-----------------+--------------------+--------------+------------------------------------------------------------------+--------+
| FP32            | NA                 | ComplexFP64  | 724bdec4d7fa56d1254cf31c98ba76fc898e558c0aee6f681474fe3a103fce67 | PASS   |
+-----------------+--------------------+--------------+------------------------------------------------------------------+--------+

[stage08] evidence files
+----------------+---------------------------------------------------------------------------------------------------------------------------------------------------------------------------------------------------------------------------------------------------------+
| kind           | path                                                                                                                                                                                                                                                    |
+----------------+---------------------------------------------------------------------------------------------------------------------------------------------------------------------------------------------------------------------------------------------------------+
| probe_raw_json | /tmp/ZKX_dev/results/stage08_input_preview_b05_freq_shift_652061b694fc/formal/20260810T084613Z_652061b694fc_stage08_b05_formal_85620000/freq_shift_probe_raw.json                                                                                       |
| dtype_csv      | /tmp/ZKX_dev/results/stage08_input_preview_b05_freq_shift_652061b694fc/formal/20260810T084613Z_652061b694fc_stage08_b05_formal_85620000/operator_dtype_evidence_freq_shift_not_applicable_20260810T084613Z_652061b694fc_stage08_b05_formal_85620000.csv |
| memory_csv     | /tmp/ZKX_dev/results/stage08_input_preview_b05_freq_shift_652061b694fc/formal/20260810T084613Z_652061b694fc_stage08_b05_formal_85620000/operator_filtering_freq_shift_memory_trace_not_applicable.csv                                                   |
| full_log       | /tmp/ZKX_dev/results/stage08_input_preview_b05_freq_shift_652061b694fc/formal/20260810T084613Z_652061b694fc_stage08_b05_formal_85620000/operator_freq_shift_full.log                                                                                    |
| report_json    | /tmp/ZKX_dev/results/stage08_input_preview_b05_freq_shift_652061b694fc/formal/20260810T084613Z_652061b694fc_stage08_b05_formal_85620000/operator_freq_shift_report.json                                                                                 |
| summary_txt    | /tmp/ZKX_dev/results/stage08_input_preview_b05_freq_shift_652061b694fc/formal/20260810T084613Z_652061b694fc_stage08_b05_formal_85620000/operator_freq_shift_summary.txt                                                                                 |
| main_csv       | /tmp/ZKX_dev/results/stage08_input_preview_b05_freq_shift_652061b694fc/formal/20260810T084613Z_652061b694fc_stage08_b05_formal_85620000/operator_main_results_freq_shift_not_applicable_20260810T084613Z_652061b694fc_stage08_b05_formal_85620000.csv   |
| timing_csv     | /tmp/ZKX_dev/results/stage08_input_preview_b05_freq_shift_652061b694fc/formal/20260810T084613Z_652061b694fc_stage08_b05_formal_85620000/operator_timing_samples_freq_shift_not_applicable_20260810T084613Z_652061b694fc_stage08_b05_formal_85620000.csv |
+----------------+---------------------------------------------------------------------------------------------------------------------------------------------------------------------------------------------------------------------------------------------------------+
