sample_index=0 cpu_pipeline_ms=53.516 gpu_pipeline_ms=8.03182 cpu_resource_sampling_overhead_ms=0.14709 gpu_resource_sampling_overhead_ms=0.03283 semantic_gates=16/16 timing_direct=true resource_overhead_excluded=true step_sum_used=false status=PASS
sample_index=1 cpu_pipeline_ms=53.5069 gpu_pipeline_ms=8.09078 cpu_resource_sampling_overhead_ms=0.14998 gpu_resource_sampling_overhead_ms=0.03255 semantic_gates=16/16 timing_direct=true resource_overhead_excluded=true step_sum_used=false status=PASS
sample_index=2 cpu_pipeline_ms=52.9998 gpu_pipeline_ms=7.97824 cpu_resource_sampling_overhead_ms=0.13756 gpu_resource_sampling_overhead_ms=0.03193 semantic_gates=16/16 timing_direct=true resource_overhead_excluded=true step_sum_used=false status=PASS
sample_index=3 cpu_pipeline_ms=53.301 gpu_pipeline_ms=7.92241 cpu_resource_sampling_overhead_ms=0.13338 gpu_resource_sampling_overhead_ms=0.03214 semantic_gates=16/16 timing_direct=true resource_overhead_excluded=true step_sum_used=false status=PASS
sample_index=4 cpu_pipeline_ms=53.7008 gpu_pipeline_ms=8.02832 cpu_resource_sampling_overhead_ms=0.13588 gpu_resource_sampling_overhead_ms=0.03256 semantic_gates=16/16 timing_direct=true resource_overhead_excluded=true step_sum_used=false status=PASS
sample_index=5 cpu_pipeline_ms=53.2459 gpu_pipeline_ms=7.89056 cpu_resource_sampling_overhead_ms=0.15147 gpu_resource_sampling_overhead_ms=0.03256 semantic_gates=16/16 timing_direct=true resource_overhead_excluded=true step_sum_used=false status=PASS
sample_index=6 cpu_pipeline_ms=53.2884 gpu_pipeline_ms=7.98186 cpu_resource_sampling_overhead_ms=0.13981 gpu_resource_sampling_overhead_ms=0.03273 semantic_gates=16/16 timing_direct=true resource_overhead_excluded=true step_sum_used=false status=PASS
sample_index=7 cpu_pipeline_ms=53.1402 gpu_pipeline_ms=8.05 cpu_resource_sampling_overhead_ms=0.13429 gpu_resource_sampling_overhead_ms=0.0324 semantic_gates=16/16 timing_direct=true resource_overhead_excluded=true step_sum_used=false status=PASS
sample_index=8 cpu_pipeline_ms=53.4067 gpu_pipeline_ms=7.96787 cpu_resource_sampling_overhead_ms=0.13013 gpu_resource_sampling_overhead_ms=0.03219 semantic_gates=16/16 timing_direct=true resource_overhead_excluded=true step_sum_used=false status=PASS
sample_index=9 cpu_pipeline_ms=53.3482 gpu_pipeline_ms=7.92345 cpu_resource_sampling_overhead_ms=0.13698 gpu_resource_sampling_overhead_ms=0.03248 semantic_gates=16/16 timing_direct=true resource_overhead_excluded=true step_sum_used=false status=PASS
sample_index=10 cpu_pipeline_ms=55.4042 gpu_pipeline_ms=7.9594 cpu_resource_sampling_overhead_ms=0.14482 gpu_resource_sampling_overhead_ms=0.03221 semantic_gates=16/16 timing_direct=true resource_overhead_excluded=true step_sum_used=false status=PASS
sample_index=11 cpu_pipeline_ms=53.3739 gpu_pipeline_ms=7.87185 cpu_resource_sampling_overhead_ms=0.16623 gpu_resource_sampling_overhead_ms=0.0321 semantic_gates=16/16 timing_direct=true resource_overhead_excluded=true step_sum_used=false status=PASS
sample_index=12 cpu_pipeline_ms=53.1001 gpu_pipeline_ms=8.1926 cpu_resource_sampling_overhead_ms=0.1452 gpu_resource_sampling_overhead_ms=0.03192 semantic_gates=16/16 timing_direct=true resource_overhead_excluded=true step_sum_used=false status=PASS
sample_index=13 cpu_pipeline_ms=53.3361 gpu_pipeline_ms=7.98296 cpu_resource_sampling_overhead_ms=0.1326 gpu_resource_sampling_overhead_ms=0.03164 semantic_gates=16/16 timing_direct=true resource_overhead_excluded=true step_sum_used=false status=PASS
sample_index=14 cpu_pipeline_ms=53.3936 gpu_pipeline_ms=8.09994 cpu_resource_sampling_overhead_ms=0.1306 gpu_resource_sampling_overhead_ms=0.03224 semantic_gates=16/16 timing_direct=true resource_overhead_excluded=true step_sum_used=false status=PASS
sample_index=15 cpu_pipeline_ms=53.3196 gpu_pipeline_ms=8.42178 cpu_resource_sampling_overhead_ms=0.13173 gpu_resource_sampling_overhead_ms=0.0323 semantic_gates=16/16 timing_direct=true resource_overhead_excluded=true step_sum_used=false status=PASS
sample_index=16 cpu_pipeline_ms=53.6964 gpu_pipeline_ms=8.06403 cpu_resource_sampling_overhead_ms=0.12777 gpu_resource_sampling_overhead_ms=0.0326 semantic_gates=16/16 timing_direct=true resource_overhead_excluded=true step_sum_used=false status=PASS
sample_index=17 cpu_pipeline_ms=53.1174 gpu_pipeline_ms=8.19059 cpu_resource_sampling_overhead_ms=0.13891 gpu_resource_sampling_overhead_ms=0.03152 semantic_gates=16/16 timing_direct=true resource_overhead_excluded=true step_sum_used=false status=PASS
sample_index=18 cpu_pipeline_ms=54.4902 gpu_pipeline_ms=8.42115 cpu_resource_sampling_overhead_ms=0.14138 gpu_resource_sampling_overhead_ms=0.03215 semantic_gates=16/16 timing_direct=true resource_overhead_excluded=true step_sum_used=false status=PASS
sample_index=19 cpu_pipeline_ms=59.5823 gpu_pipeline_ms=8.37168 cpu_resource_sampling_overhead_ms=0.13303 gpu_resource_sampling_overhead_ms=0.03259 semantic_gates=16/16 timing_direct=true resource_overhead_excluded=true step_sum_used=false status=PASS
sample_index=20 cpu_pipeline_ms=53.767 gpu_pipeline_ms=8.17083 cpu_resource_sampling_overhead_ms=0.12786 gpu_resource_sampling_overhead_ms=0.03537 semantic_gates=16/16 timing_direct=true resource_overhead_excluded=true step_sum_used=false status=PASS
sample_index=21 cpu_pipeline_ms=53.7598 gpu_pipeline_ms=7.83784 cpu_resource_sampling_overhead_ms=0.132409 gpu_resource_sampling_overhead_ms=0.03331 semantic_gates=16/16 timing_direct=true resource_overhead_excluded=true step_sum_used=false status=PASS
sample_index=22 cpu_pipeline_ms=53.955 gpu_pipeline_ms=7.87515 cpu_resource_sampling_overhead_ms=0.15484 gpu_resource_sampling_overhead_ms=0.03346 semantic_gates=16/16 timing_direct=true resource_overhead_excluded=true step_sum_used=false status=PASS
sample_index=23 cpu_pipeline_ms=58.5046 gpu_pipeline_ms=7.87579 cpu_resource_sampling_overhead_ms=0.14942 gpu_resource_sampling_overhead_ms=0.03242 semantic_gates=16/16 timing_direct=true resource_overhead_excluded=true step_sum_used=false status=PASS
sample_index=24 cpu_pipeline_ms=53.5076 gpu_pipeline_ms=7.89677 cpu_resource_sampling_overhead_ms=0.13176 gpu_resource_sampling_overhead_ms=0.03313 semantic_gates=16/16 timing_direct=true resource_overhead_excluded=true step_sum_used=false status=PASS
sample_index=25 cpu_pipeline_ms=53.7304 gpu_pipeline_ms=8.0885 cpu_resource_sampling_overhead_ms=0.1285 gpu_resource_sampling_overhead_ms=0.03377 semantic_gates=16/16 timing_direct=true resource_overhead_excluded=true step_sum_used=false status=PASS
sample_index=26 cpu_pipeline_ms=58.8052 gpu_pipeline_ms=7.82709 cpu_resource_sampling_overhead_ms=0.14163 gpu_resource_sampling_overhead_ms=0.03355 semantic_gates=16/16 timing_direct=true resource_overhead_excluded=true step_sum_used=false status=PASS
sample_index=27 cpu_pipeline_ms=54.2057 gpu_pipeline_ms=7.91683 cpu_resource_sampling_overhead_ms=0.13931 gpu_resource_sampling_overhead_ms=0.03311 semantic_gates=16/16 timing_direct=true resource_overhead_excluded=true step_sum_used=false status=PASS
sample_index=28 cpu_pipeline_ms=53.3418 gpu_pipeline_ms=8.1307 cpu_resource_sampling_overhead_ms=0.14467 gpu_resource_sampling_overhead_ms=0.03395 semantic_gates=16/16 timing_direct=true resource_overhead_excluded=true step_sum_used=false status=PASS
sample_index=29 cpu_pipeline_ms=53.3609 gpu_pipeline_ms=7.87507 cpu_resource_sampling_overhead_ms=0.12972 gpu_resource_sampling_overhead_ms=0.03414 semantic_gates=16/16 timing_direct=true resource_overhead_excluded=true step_sum_used=false status=PASS
sample_index=30 cpu_pipeline_ms=53.3459 gpu_pipeline_ms=7.89849 cpu_resource_sampling_overhead_ms=0.13477 gpu_resource_sampling_overhead_ms=0.03349 semantic_gates=16/16 timing_direct=true resource_overhead_excluded=true step_sum_used=false status=PASS
sample_index=31 cpu_pipeline_ms=54.0762 gpu_pipeline_ms=7.76783 cpu_resource_sampling_overhead_ms=0.14518 gpu_resource_sampling_overhead_ms=0.0325 semantic_gates=16/16 timing_direct=true resource_overhead_excluded=true step_sum_used=false status=PASS
sample_index=32 cpu_pipeline_ms=53.2493 gpu_pipeline_ms=7.58507 cpu_resource_sampling_overhead_ms=0.13473 gpu_resource_sampling_overhead_ms=0.03122 semantic_gates=16/16 timing_direct=true resource_overhead_excluded=true step_sum_used=false status=PASS
sample_index=33 cpu_pipeline_ms=57.1048 gpu_pipeline_ms=7.59344 cpu_resource_sampling_overhead_ms=0.15539 gpu_resource_sampling_overhead_ms=0.03169 semantic_gates=16/16 timing_direct=true resource_overhead_excluded=true step_sum_used=false status=PASS
sample_index=34 cpu_pipeline_ms=53.7241 gpu_pipeline_ms=7.57798 cpu_resource_sampling_overhead_ms=0.14182 gpu_resource_sampling_overhead_ms=0.03153 semantic_gates=16/16 timing_direct=true resource_overhead_excluded=true step_sum_used=false status=PASS
sample_index=35 cpu_pipeline_ms=53.6052 gpu_pipeline_ms=7.61338 cpu_resource_sampling_overhead_ms=0.13808 gpu_resource_sampling_overhead_ms=0.0317 semantic_gates=16/16 timing_direct=true resource_overhead_excluded=true step_sum_used=false status=PASS
sample_index=36 cpu_pipeline_ms=53.7114 gpu_pipeline_ms=7.69536 cpu_resource_sampling_overhead_ms=0.13662 gpu_resource_sampling_overhead_ms=0.03171 semantic_gates=16/16 timing_direct=true resource_overhead_excluded=true step_sum_used=false status=PASS
sample_index=37 cpu_pipeline_ms=53.4559 gpu_pipeline_ms=7.59339 cpu_resource_sampling_overhead_ms=0.13753 gpu_resource_sampling_overhead_ms=0.03185 semantic_gates=16/16 timing_direct=true resource_overhead_excluded=true step_sum_used=false status=PASS
sample_index=38 cpu_pipeline_ms=53.8073 gpu_pipeline_ms=7.58138 cpu_resource_sampling_overhead_ms=0.1464 gpu_resource_sampling_overhead_ms=0.03198 semantic_gates=16/16 timing_direct=true resource_overhead_excluded=true step_sum_used=false status=PASS
sample_index=39 cpu_pipeline_ms=53.3246 gpu_pipeline_ms=7.60751 cpu_resource_sampling_overhead_ms=0.13512 gpu_resource_sampling_overhead_ms=0.03211 semantic_gates=16/16 timing_direct=true resource_overhead_excluded=true step_sum_used=false status=PASS
sample_index=40 cpu_pipeline_ms=53.5625 gpu_pipeline_ms=7.61568 cpu_resource_sampling_overhead_ms=0.13549 gpu_resource_sampling_overhead_ms=0.03159 semantic_gates=16/16 timing_direct=true resource_overhead_excluded=true step_sum_used=false status=PASS
sample_index=41 cpu_pipeline_ms=53.6339 gpu_pipeline_ms=7.53146 cpu_resource_sampling_overhead_ms=0.14022 gpu_resource_sampling_overhead_ms=0.032 semantic_gates=16/16 timing_direct=true resource_overhead_excluded=true step_sum_used=false status=PASS
sample_index=42 cpu_pipeline_ms=54.012 gpu_pipeline_ms=7.63108 cpu_resource_sampling_overhead_ms=0.14345 gpu_resource_sampling_overhead_ms=0.03199 semantic_gates=16/16 timing_direct=true resource_overhead_excluded=true step_sum_used=false status=PASS
sample_index=43 cpu_pipeline_ms=53.7256 gpu_pipeline_ms=8.49146 cpu_resource_sampling_overhead_ms=0.1345 gpu_resource_sampling_overhead_ms=0.03801 semantic_gates=16/16 timing_direct=true resource_overhead_excluded=true step_sum_used=false status=PASS
sample_index=44 cpu_pipeline_ms=53.4731 gpu_pipeline_ms=8.69191 cpu_resource_sampling_overhead_ms=0.139649 gpu_resource_sampling_overhead_ms=0.03807 semantic_gates=16/16 timing_direct=true resource_overhead_excluded=true step_sum_used=false status=PASS
sample_index=45 cpu_pipeline_ms=53.4428 gpu_pipeline_ms=8.47223 cpu_resource_sampling_overhead_ms=0.14011 gpu_resource_sampling_overhead_ms=0.03829 semantic_gates=16/16 timing_direct=true resource_overhead_excluded=true step_sum_used=false status=PASS
sample_index=46 cpu_pipeline_ms=53.6079 gpu_pipeline_ms=8.52843 cpu_resource_sampling_overhead_ms=0.13786 gpu_resource_sampling_overhead_ms=0.03788 semantic_gates=16/16 timing_direct=true resource_overhead_excluded=true step_sum_used=false status=PASS
sample_index=47 cpu_pipeline_ms=53.9109 gpu_pipeline_ms=8.56533 cpu_resource_sampling_overhead_ms=0.13719 gpu_resource_sampling_overhead_ms=0.03858 semantic_gates=16/16 timing_direct=true resource_overhead_excluded=true step_sum_used=false status=PASS
sample_index=48 cpu_pipeline_ms=53.5594 gpu_pipeline_ms=8.51905 cpu_resource_sampling_overhead_ms=0.1282 gpu_resource_sampling_overhead_ms=0.03861 semantic_gates=16/16 timing_direct=true resource_overhead_excluded=true step_sum_used=false status=PASS
sample_index=49 cpu_pipeline_ms=53.7792 gpu_pipeline_ms=8.52921 cpu_resource_sampling_overhead_ms=0.13704 gpu_resource_sampling_overhead_ms=0.03836 semantic_gates=16/16 timing_direct=true resource_overhead_excluded=true step_sum_used=false status=PASS
sample_index=50 cpu_pipeline_ms=53.6777 gpu_pipeline_ms=8.39848 cpu_resource_sampling_overhead_ms=0.13536 gpu_resource_sampling_overhead_ms=0.03871 semantic_gates=16/16 timing_direct=true resource_overhead_excluded=true step_sum_used=false status=PASS
sample_index=51 cpu_pipeline_ms=53.9217 gpu_pipeline_ms=8.66988 cpu_resource_sampling_overhead_ms=0.14443 gpu_resource_sampling_overhead_ms=0.03851 semantic_gates=16/16 timing_direct=true resource_overhead_excluded=true step_sum_used=false status=PASS
sample_index=52 cpu_pipeline_ms=53.4908 gpu_pipeline_ms=8.42289 cpu_resource_sampling_overhead_ms=0.14015 gpu_resource_sampling_overhead_ms=0.0385 semantic_gates=16/16 timing_direct=true resource_overhead_excluded=true step_sum_used=false status=PASS
sample_index=53 cpu_pipeline_ms=53.553 gpu_pipeline_ms=8.5606 cpu_resource_sampling_overhead_ms=0.13409 gpu_resource_sampling_overhead_ms=0.03799 semantic_gates=16/16 timing_direct=true resource_overhead_excluded=true step_sum_used=false status=PASS
sample_index=54 cpu_pipeline_ms=53.7776 gpu_pipeline_ms=8.59284 cpu_resource_sampling_overhead_ms=0.1475 gpu_resource_sampling_overhead_ms=0.03858 semantic_gates=16/16 timing_direct=true resource_overhead_excluded=true step_sum_used=false status=PASS
sample_index=55 cpu_pipeline_ms=53.607 gpu_pipeline_ms=8.50293 cpu_resource_sampling_overhead_ms=0.14191 gpu_resource_sampling_overhead_ms=0.038 semantic_gates=16/16 timing_direct=true resource_overhead_excluded=true step_sum_used=false status=PASS
sample_index=56 cpu_pipeline_ms=54.7853 gpu_pipeline_ms=7.54022 cpu_resource_sampling_overhead_ms=0.13839 gpu_resource_sampling_overhead_ms=0.03138 semantic_gates=16/16 timing_direct=true resource_overhead_excluded=true step_sum_used=false status=PASS
sample_index=57 cpu_pipeline_ms=53.4398 gpu_pipeline_ms=7.51261 cpu_resource_sampling_overhead_ms=0.14454 gpu_resource_sampling_overhead_ms=0.03143 semantic_gates=16/16 timing_direct=true resource_overhead_excluded=true step_sum_used=false status=PASS
sample_index=58 cpu_pipeline_ms=53.3569 gpu_pipeline_ms=7.49791 cpu_resource_sampling_overhead_ms=0.13232 gpu_resource_sampling_overhead_ms=0.03165 semantic_gates=16/16 timing_direct=true resource_overhead_excluded=true step_sum_used=false status=PASS
sample_index=59 cpu_pipeline_ms=53.6252 gpu_pipeline_ms=7.5984 cpu_resource_sampling_overhead_ms=0.13987 gpu_resource_sampling_overhead_ms=0.03202 semantic_gates=16/16 timing_direct=true resource_overhead_excluded=true step_sum_used=false status=PASS
sample_index=60 cpu_pipeline_ms=53.5703 gpu_pipeline_ms=7.60312 cpu_resource_sampling_overhead_ms=0.14275 gpu_resource_sampling_overhead_ms=0.03217 semantic_gates=16/16 timing_direct=true resource_overhead_excluded=true step_sum_used=false status=PASS
sample_index=61 cpu_pipeline_ms=53.4982 gpu_pipeline_ms=7.71227 cpu_resource_sampling_overhead_ms=0.134769 gpu_resource_sampling_overhead_ms=0.03196 semantic_gates=16/16 timing_direct=true resource_overhead_excluded=true step_sum_used=false status=PASS
sample_index=62 cpu_pipeline_ms=53.6977 gpu_pipeline_ms=12.2677 cpu_resource_sampling_overhead_ms=0.14021 gpu_resource_sampling_overhead_ms=0.03249 semantic_gates=16/16 timing_direct=true resource_overhead_excluded=true step_sum_used=false status=PASS
sample_index=63 cpu_pipeline_ms=53.7919 gpu_pipeline_ms=7.67305 cpu_resource_sampling_overhead_ms=0.13141 gpu_resource_sampling_overhead_ms=0.03212 semantic_gates=16/16 timing_direct=true resource_overhead_excluded=true step_sum_used=false status=PASS
sample_index=64 cpu_pipeline_ms=53.2822 gpu_pipeline_ms=7.6755 cpu_resource_sampling_overhead_ms=0.14422 gpu_resource_sampling_overhead_ms=0.03199 semantic_gates=16/16 timing_direct=true resource_overhead_excluded=true step_sum_used=false status=PASS
sample_index=65 cpu_pipeline_ms=53.5169 gpu_pipeline_ms=7.52479 cpu_resource_sampling_overhead_ms=0.12637 gpu_resource_sampling_overhead_ms=0.03171 semantic_gates=16/16 timing_direct=true resource_overhead_excluded=true step_sum_used=false status=PASS
sample_index=66 cpu_pipeline_ms=53.5894 gpu_pipeline_ms=7.617 cpu_resource_sampling_overhead_ms=0.13251 gpu_resource_sampling_overhead_ms=0.03198 semantic_gates=16/16 timing_direct=true resource_overhead_excluded=true step_sum_used=false status=PASS
sample_index=67 cpu_pipeline_ms=53.4414 gpu_pipeline_ms=7.56635 cpu_resource_sampling_overhead_ms=0.13083 gpu_resource_sampling_overhead_ms=0.03187 semantic_gates=16/16 timing_direct=true resource_overhead_excluded=true step_sum_used=false status=PASS
sample_index=68 cpu_pipeline_ms=53.2601 gpu_pipeline_ms=7.76149 cpu_resource_sampling_overhead_ms=0.13702 gpu_resource_sampling_overhead_ms=0.03161 semantic_gates=16/16 timing_direct=true resource_overhead_excluded=true step_sum_used=false status=PASS
sample_index=69 cpu_pipeline_ms=53.2135 gpu_pipeline_ms=7.49527 cpu_resource_sampling_overhead_ms=0.13385 gpu_resource_sampling_overhead_ms=0.03193 semantic_gates=16/16 timing_direct=true resource_overhead_excluded=true step_sum_used=false status=PASS
sample_index=70 cpu_pipeline_ms=53.455 gpu_pipeline_ms=7.60755 cpu_resource_sampling_overhead_ms=0.14478 gpu_resource_sampling_overhead_ms=0.03172 semantic_gates=16/16 timing_direct=true resource_overhead_excluded=true step_sum_used=false status=PASS
sample_index=71 cpu_pipeline_ms=53.4921 gpu_pipeline_ms=7.6875 cpu_resource_sampling_overhead_ms=0.13261 gpu_resource_sampling_overhead_ms=0.03135 semantic_gates=16/16 timing_direct=true resource_overhead_excluded=true step_sum_used=false status=PASS
sample_index=72 cpu_pipeline_ms=53.5368 gpu_pipeline_ms=7.5692 cpu_resource_sampling_overhead_ms=0.14723 gpu_resource_sampling_overhead_ms=0.03153 semantic_gates=16/16 timing_direct=true resource_overhead_excluded=true step_sum_used=false status=PASS
sample_index=73 cpu_pipeline_ms=53.6951 gpu_pipeline_ms=7.49276 cpu_resource_sampling_overhead_ms=0.13191 gpu_resource_sampling_overhead_ms=0.03194 semantic_gates=16/16 timing_direct=true resource_overhead_excluded=true step_sum_used=false status=PASS
sample_index=74 cpu_pipeline_ms=53.2536 gpu_pipeline_ms=7.72909 cpu_resource_sampling_overhead_ms=0.14373 gpu_resource_sampling_overhead_ms=0.0314 semantic_gates=16/16 timing_direct=true resource_overhead_excluded=true step_sum_used=false status=PASS
sample_index=75 cpu_pipeline_ms=53.5394 gpu_pipeline_ms=7.59045 cpu_resource_sampling_overhead_ms=0.13791 gpu_resource_sampling_overhead_ms=0.03205 semantic_gates=16/16 timing_direct=true resource_overhead_excluded=true step_sum_used=false status=PASS
sample_index=76 cpu_pipeline_ms=53.16 gpu_pipeline_ms=7.5524 cpu_resource_sampling_overhead_ms=0.13212 gpu_resource_sampling_overhead_ms=0.03178 semantic_gates=16/16 timing_direct=true resource_overhead_excluded=true step_sum_used=false status=PASS
sample_index=77 cpu_pipeline_ms=53.522 gpu_pipeline_ms=7.53863 cpu_resource_sampling_overhead_ms=0.13236 gpu_resource_sampling_overhead_ms=0.03143 semantic_gates=16/16 timing_direct=true resource_overhead_excluded=true step_sum_used=false status=PASS
sample_index=78 cpu_pipeline_ms=53.4717 gpu_pipeline_ms=7.59295 cpu_resource_sampling_overhead_ms=0.1411 gpu_resource_sampling_overhead_ms=0.03177 semantic_gates=16/16 timing_direct=true resource_overhead_excluded=true step_sum_used=false status=PASS
sample_index=79 cpu_pipeline_ms=57.3996 gpu_pipeline_ms=7.60638 cpu_resource_sampling_overhead_ms=0.15055 gpu_resource_sampling_overhead_ms=0.03154 semantic_gates=16/16 timing_direct=true resource_overhead_excluded=true step_sum_used=false status=PASS
sample_index=80 cpu_pipeline_ms=53.6905 gpu_pipeline_ms=7.67237 cpu_resource_sampling_overhead_ms=0.14798 gpu_resource_sampling_overhead_ms=0.03185 semantic_gates=16/16 timing_direct=true resource_overhead_excluded=true step_sum_used=false status=PASS
sample_index=81 cpu_pipeline_ms=53.3443 gpu_pipeline_ms=7.65146 cpu_resource_sampling_overhead_ms=0.14081 gpu_resource_sampling_overhead_ms=0.03097 semantic_gates=16/16 timing_direct=true resource_overhead_excluded=true step_sum_used=false status=PASS
sample_index=82 cpu_pipeline_ms=53.3028 gpu_pipeline_ms=7.57344 cpu_resource_sampling_overhead_ms=0.137669 gpu_resource_sampling_overhead_ms=0.03138 semantic_gates=16/16 timing_direct=true resource_overhead_excluded=true step_sum_used=false status=PASS
sample_index=83 cpu_pipeline_ms=53.7215 gpu_pipeline_ms=7.61284 cpu_resource_sampling_overhead_ms=0.14644 gpu_resource_sampling_overhead_ms=0.03143 semantic_gates=16/16 timing_direct=true resource_overhead_excluded=true step_sum_used=false status=PASS
sample_index=84 cpu_pipeline_ms=53.1737 gpu_pipeline_ms=7.61721 cpu_resource_sampling_overhead_ms=0.132999 gpu_resource_sampling_overhead_ms=0.0314 semantic_gates=16/16 timing_direct=true resource_overhead_excluded=true step_sum_used=false status=PASS
sample_index=85 cpu_pipeline_ms=53.393 gpu_pipeline_ms=7.59134 cpu_resource_sampling_overhead_ms=0.13394 gpu_resource_sampling_overhead_ms=0.03147 semantic_gates=16/16 timing_direct=true resource_overhead_excluded=true step_sum_used=false status=PASS
sample_index=86 cpu_pipeline_ms=54.0373 gpu_pipeline_ms=7.61171 cpu_resource_sampling_overhead_ms=0.13721 gpu_resource_sampling_overhead_ms=0.03193 semantic_gates=16/16 timing_direct=true resource_overhead_excluded=true step_sum_used=false status=PASS
sample_index=87 cpu_pipeline_ms=58.7206 gpu_pipeline_ms=7.65324 cpu_resource_sampling_overhead_ms=0.15445 gpu_resource_sampling_overhead_ms=0.03158 semantic_gates=16/16 timing_direct=true resource_overhead_excluded=true step_sum_used=false status=PASS
sample_index=88 cpu_pipeline_ms=53.6289 gpu_pipeline_ms=7.5762 cpu_resource_sampling_overhead_ms=0.13882 gpu_resource_sampling_overhead_ms=0.03162 semantic_gates=16/16 timing_direct=true resource_overhead_excluded=true step_sum_used=false status=PASS
sample_index=89 cpu_pipeline_ms=53.706 gpu_pipeline_ms=7.60776 cpu_resource_sampling_overhead_ms=0.14599 gpu_resource_sampling_overhead_ms=0.03108 semantic_gates=16/16 timing_direct=true resource_overhead_excluded=true step_sum_used=false status=PASS
sample_index=90 cpu_pipeline_ms=53.1632 gpu_pipeline_ms=7.56827 cpu_resource_sampling_overhead_ms=0.14061 gpu_resource_sampling_overhead_ms=0.03172 semantic_gates=16/16 timing_direct=true resource_overhead_excluded=true step_sum_used=false status=PASS
sample_index=91 cpu_pipeline_ms=59.2266 gpu_pipeline_ms=7.57439 cpu_resource_sampling_overhead_ms=0.13124 gpu_resource_sampling_overhead_ms=0.031299 semantic_gates=16/16 timing_direct=true resource_overhead_excluded=true step_sum_used=false status=PASS
sample_index=92 cpu_pipeline_ms=53.2685 gpu_pipeline_ms=8.19724 cpu_resource_sampling_overhead_ms=0.170338 gpu_resource_sampling_overhead_ms=0.03351 semantic_gates=16/16 timing_direct=true resource_overhead_excluded=true step_sum_used=false status=PASS
sample_index=93 cpu_pipeline_ms=53.3252 gpu_pipeline_ms=8.15988 cpu_resource_sampling_overhead_ms=0.17834 gpu_resource_sampling_overhead_ms=0.03356 semantic_gates=16/16 timing_direct=true resource_overhead_excluded=true step_sum_used=false status=PASS
sample_index=94 cpu_pipeline_ms=53.1894 gpu_pipeline_ms=8.03792 cpu_resource_sampling_overhead_ms=0.13611 gpu_resource_sampling_overhead_ms=0.03361 semantic_gates=16/16 timing_direct=true resource_overhead_excluded=true step_sum_used=false status=PASS
sample_index=95 cpu_pipeline_ms=53.1784 gpu_pipeline_ms=7.95261 cpu_resource_sampling_overhead_ms=0.1405 gpu_resource_sampling_overhead_ms=0.03381 semantic_gates=16/16 timing_direct=true resource_overhead_excluded=true step_sum_used=false status=PASS
sample_index=96 cpu_pipeline_ms=53.7183 gpu_pipeline_ms=8.00952 cpu_resource_sampling_overhead_ms=0.14194 gpu_resource_sampling_overhead_ms=0.03305 semantic_gates=16/16 timing_direct=true resource_overhead_excluded=true step_sum_used=false status=PASS
sample_index=97 cpu_pipeline_ms=53.3968 gpu_pipeline_ms=8.13628 cpu_resource_sampling_overhead_ms=0.14439 gpu_resource_sampling_overhead_ms=0.03374 semantic_gates=16/16 timing_direct=true resource_overhead_excluded=true step_sum_used=false status=PASS
sample_index=98 cpu_pipeline_ms=53.4756 gpu_pipeline_ms=8.15583 cpu_resource_sampling_overhead_ms=0.14133 gpu_resource_sampling_overhead_ms=0.03325 semantic_gates=16/16 timing_direct=true resource_overhead_excluded=true step_sum_used=false status=PASS
sample_index=99 cpu_pipeline_ms=53.4957 gpu_pipeline_ms=8.06192 cpu_resource_sampling_overhead_ms=0.140079 gpu_resource_sampling_overhead_ms=0.03376 semantic_gates=16/16 timing_direct=true resource_overhead_excluded=true step_sum_used=false status=PASS
function=Task2 frozen full six-step pipeline
call_chain=Step1->Step2;Step2+Step1->Step3;Step3 dual outputs->Step4;Step4->Step5;Step5+Step4+Kalman/delay->Step6
timing=pipeline_total measured directly;not=sum(step timings)
cpu_correlation_method=direct_parallel_exact workers=255
resource_sampling_mode=same_pipeline_execution
status=PASS return_code=0
