command=build_stage07_b05_spectrogram_2836c8d/stage07_spectrogram --dtype INT8 --count 10000 --reference-count 31 --frame 64 --hop 32 --warmup 20 --measured 100 --output /tmp/ZKX_dev/results/stage07_b05_formal_2836c8d/formal/20260810T105205Z_2836c8dc200d_stage07_b05_formal_f9c94431/spectrogram_probe_raw.json
STAGE07_TASK_FEATURE_PROBE PASS operator=spectrogram dtype=INT8
{"run_id": "20260810T105205Z_2836c8dc200d_stage07_b05_formal_f9c94431", "case_id": "spectrogram__spectrogram_int8_10e4__92483c14336e7cb6", "operator_name": "spectrogram", "task_name": "Task2", "step_name": "Step4", "scale_id": "spectrogram_int8_10e4", "requested_dtype": "INT8", "input_content": [{"input_name": "signal", "shape": "[10000]", "dtype": "INT8", "element_count": "10000", "generator": "task2_signal_mixture", "preview_head4_tail2": "i=0:2;i=1:3;i=2:2;i=3:2;i=9998:6;i=9999:5"}], "case_parameters": {"count": 10000, "frame": 64, "hop": 32, "output_count": 19904}, "output_dtype": "FP32", "backend": "fft_thrust", "warmup_runs": 20, "measured_runs": 100, "output_count": 19904, "mse": 1.74112e-11, "rmse": 4.17268e-06, "relative_l2": 2.71495e-06, "relative_linf": 3.03329e-06, "actual_input_digest": "92483c14336e7cb691741a2cf953349053cf298633d38ac98b35f4e90c5750f6", "typed_array_digest": "8bafbe65da77a44fe15b240da507290f804853a787a7c48463cf510ba8e102ad", "status": "PASS", "error_code": "OK"}
[stage07] identity and status
+-------------+-----------------------+--------+------------+-------+--------+----------+--------------------------+--------+------------+
| target      | scale_id              | device | backend    | dtype | warmup | measured | timing_scope             | status | error_code |
+-------------+-----------------------+--------+------------+-------+--------+----------+--------------------------+--------+------------+
| spectrogram | spectrogram_int8_10e4 | CPU    | fft_thrust | INT8  | 20     | 100      | compatibility/end-to-end | PASS   | OK         |
| spectrogram | spectrogram_int8_10e4 | GPU    | fft_thrust | INT8  | 20     | 100      | compatibility/end-to-end | PASS   | OK         |
+-------------+-----------------------+--------+------------+-------+--------+----------+--------------------------+--------+------------+

[stage07] timing detail
+--------+--------------------+--------------------+-------------+--------------------+-----------+-----------+----------------------+----------------------+-------------------+
| device | mean_ms            | p50_ms             | p95_ms      | p99_ms             | min_ms    | max_ms    | std_ms               | cv                   | speedup           |
+--------+--------------------+--------------------+-------------+--------------------+-----------+-----------+----------------------+----------------------+-------------------+
| CPU    | 61.89621081        | 61.777412999999996 | 62.48831775 | 64.18294233        | 61.681805 | 64.509873 | 0.4521095574003211   | 0.007304317202682106 | NA                |
| GPU    | 0.6855178700000001 | 0.677238           | 0.745896    | 0.7655814200000003 | 0.663247  | 0.825914  | 0.025738955407962852 | 0.03754673150674081  | 90.29117039647703 |
+--------+--------------------+--------------------+-------------+--------------------+-----------+-----------+----------------------+----------------------+-------------------+

[stage07] accuracy detail
+---------------------------------+-------------+-------------+-------------+---------------+-------------+----------------+------------------------------------------------------------+--------+
| reference                       | mse         | rmse        | relative_l2 | relative_linf | exact_match | mismatch_count | semantic_check                                             | status |
+---------------------------------+-------------+-------------+-------------+---------------+-------------+----------------+------------------------------------------------------------+--------+
| typed_cpu_task2_step4_reference | 1.74112e-11 | 4.17268e-06 | 2.71495e-06 | 3.03329e-06   | NA          | NA             | output_count=19904;output_dtype=FP32;task_gpu_call=present | PASS   |
+---------------------------------+-------------+-------------+-------------+---------------+-------------+----------------+------------------------------------------------------------+--------+

[stage07] resource detail
+--------+------------+--------------+-------------+------------+-------------+
| device | metric     | before_bytes | after_bytes | peak_bytes | delta_bytes |
+--------+------------+--------------+-------------+------------+-------------+
| CPU    | cpu_heap   | 1677744      | 1690832     | 1690832    | 13088       |
| CPU    | rss        | 70946816     | 70946816    | 70946816   | 0           |
| GPU    | cpu_heap   | 1690832      | 1694640     | 1694640    | 3808        |
| GPU    | rss        | 70946816     | 70946816    | 70946816   | 0           |
| GPU    | gpu_memory | 357777408    | 357777408   | 357777408  | 0           |
+--------+------------+--------------+-------------+------------+-------------+

[stage07] input content
+------------+---------+-------+----------+----------------------+-------------------------------------------+
| input_name | shape   | dtype | elements | generator            | values(head4/tail2)                       |
+------------+---------+-------+----------+----------------------+-------------------------------------------+
| signal     | [10000] | INT8  | 10000    | task2_signal_mixture | i=0:2;i=1:3;i=2:2;i=3:2;i=9998:6;i=9999:5 |
+------------+---------+-------+----------+----------------------+-------------------------------------------+

[stage07] case parameters
+----------------------------------------------------------+
| parameters                                               |
+----------------------------------------------------------+
| {"count":10000,"frame":64,"hop":32,"output_count":19904} |
+----------------------------------------------------------+

[stage07] input and output identity
+--------+------------------------------------------------------------------+------------------------------------------------------------------+
| device | input_digest                                                     | output_digest                                                    |
+--------+------------------------------------------------------------------+------------------------------------------------------------------+
| CPU    | 92483c14336e7cb691741a2cf953349053cf298633d38ac98b35f4e90c5750f6 | aecb511781c9f776d80a36130116e8d5b66daa2b65ead57d263bd2532481a8f1 |
| GPU    | 92483c14336e7cb691741a2cf953349053cf298633d38ac98b35f4e90c5750f6 | 599a3fe1623e997562b783f1f2244677da03d7814246868d4c34a87dfbead2c9 |
+--------+------------------------------------------------------------------+------------------------------------------------------------------+

[stage07] dtype evidence
+-----------------+--------------------+--------------+------------------------------------------------------------------+------------------------------------------------------------------+----------------------+
| requested_dtype | config_input_dtype | output_dtype | typed_array_digest                                               | actual_input_digest                                              | task_gpu_call_status |
+-----------------+--------------------+--------------+------------------------------------------------------------------+------------------------------------------------------------------+----------------------+
| INT8            | INT8               | FP32         | 8bafbe65da77a44fe15b240da507290f804853a787a7c48463cf510ba8e102ad | 92483c14336e7cb691741a2cf953349053cf298633d38ac98b35f4e90c5750f6 | proved_gpu_cpu       |
+-----------------+--------------------+--------------+------------------------------------------------------------------+------------------------------------------------------------------+----------------------+

[stage07] evidence files
+-------------+-------------------------------------------------------------------------------------------------------------------------------------------------------------------------------------------------------------------------------+
| kind        | path                                                                                                                                                                                                                          |
+-------------+-------------------------------------------------------------------------------------------------------------------------------------------------------------------------------------------------------------------------------+
| main_csv    | /tmp/ZKX_dev/results/stage07_b05_formal_2836c8d/formal/20260810T105205Z_2836c8dc200d_stage07_b05_formal_f9c94431/operator_main_results_spectrogram_fft_thrust_20260810T105205Z_2836c8dc200d_stage07_b05_formal_f9c94431.csv   |
| timing_csv  | /tmp/ZKX_dev/results/stage07_b05_formal_2836c8d/formal/20260810T105205Z_2836c8dc200d_stage07_b05_formal_f9c94431/operator_timing_samples_spectrogram_fft_thrust_20260810T105205Z_2836c8dc200d_stage07_b05_formal_f9c94431.csv |
| memory_csv  | /tmp/ZKX_dev/results/stage07_b05_formal_2836c8d/formal/20260810T105205Z_2836c8dc200d_stage07_b05_formal_f9c94431/operator_spectral_analysis_spectrogram_memory_trace_fft_thrust.csv                                           |
| dtype_csv   | /tmp/ZKX_dev/results/stage07_b05_formal_2836c8d/formal/20260810T105205Z_2836c8dc200d_stage07_b05_formal_f9c94431/operator_dtype_evidence_spectrogram_fft_thrust_20260810T105205Z_2836c8dc200d_stage07_b05_formal_f9c94431.csv |
| report_json | /tmp/ZKX_dev/results/stage07_b05_formal_2836c8d/formal/20260810T105205Z_2836c8dc200d_stage07_b05_formal_f9c94431/operator_spectrogram_report.json                                                                             |
| summary_txt | /tmp/ZKX_dev/results/stage07_b05_formal_2836c8d/formal/20260810T105205Z_2836c8dc200d_stage07_b05_formal_f9c94431/operator_spectrogram_summary.txt                                                                             |
| full_log    | /tmp/ZKX_dev/results/stage07_b05_formal_2836c8d/formal/20260810T105205Z_2836c8dc200d_stage07_b05_formal_f9c94431/operator_spectrogram_full.log                                                                                |
| result_dir  | /tmp/ZKX_dev/results/stage07_b05_formal_2836c8d/formal/20260810T105205Z_2836c8dc200d_stage07_b05_formal_f9c94431                                                                                                              |
+-------------+-------------------------------------------------------------------------------------------------------------------------------------------------------------------------------------------------------------------------------+
