command=build/stage07_b06_kalman_filter_6132f71/stage07_kalman_filter --dtype INT8 --count 128 --order 3 --warmup 20 --measured 100 --output /tmp/ZKX_dev/results/stage07_b06_formal_6132f71/formal/20260810T110512Z_6132f71eb1e0_stage07_b06_formal_3871c6fc/kalman_filter_probe_raw.json
STAGE07_TASK_FINAL_PROBE PASS operator=kalman_filter dtype=INT8
{"run_id": "20260810T110512Z_6132f71eb1e0_stage07_b06_formal_3871c6fc", "case_id": "kalman_filter__kalman_filter_int8_10e2__2d620600d1722b38", "operator_name": "kalman_filter", "task_name": "Task2", "step_name": "Step6", "scale_id": "kalman_filter_int8_10e2", "requested_dtype": "INT8", "input_content": [{"input_name": "observations", "shape": "[128]", "dtype": "INT8", "element_count": "128", "generator": "deterministic_task2_observations", "preview_head4_tail2": "i=0:1;i=1:1;i=2:1;i=3:1;i=126:1;i=127:1"}], "case_parameters": {"observation_count": 128, "f": 1, "q": 1, "alpha_sq": 1, "h": 1, "r": 2, "output_count": 2, "execution_dtype": "FP32_TASK_SEQUENCE"}, "output_dtype": "FP32_STATE_COVARIANCE", "backend": "not_applicable", "warmup_runs": 20, "measured_runs": 100, "output_count": 2, "actual_input_digest": "2d620600d1722b382f0e6b9c99975434fe4ecc23dca25913e46f2d3c10dd1f2e", "typed_array_digest": "7eb24a18990ee4c958c89773da6cc9fbc5c278357762d02ec6ab947eb28726ff", "status": "PASS", "error_code": "OK", "mse": 0, "rmse": 0, "relative_l2": 0, "relative_linf": 0}
[stage07] identity and status
+---------------+-------------------------+--------+----------------+-------+--------+----------+--------------------------+--------+------------+
| target        | scale_id                | device | backend        | dtype | warmup | measured | timing_scope             | status | error_code |
+---------------+-------------------------+--------+----------------+-------+--------+----------+--------------------------+--------+------------+
| kalman_filter | kalman_filter_int8_10e2 | CPU    | not_applicable | INT8  | 20     | 100      | compatibility/end-to-end | PASS   | OK         |
| kalman_filter | kalman_filter_int8_10e2 | GPU    | not_applicable | INT8  | 20     | 100      | compatibility/end-to-end | PASS   | OK         |
+---------------+-------------------------+--------+----------------+-------+--------+----------+--------------------------+--------+------------+

[stage07] timing detail
+--------+--------------------+---------------------+----------+---------------------+----------+----------+-----------------------+----------------------+--------------------+
| device | mean_ms            | p50_ms              | p95_ms   | p99_ms              | min_ms   | max_ms   | std_ms                | cv                   | speedup            |
+--------+--------------------+---------------------+----------+---------------------+----------+----------+-----------------------+----------------------+--------------------+
| CPU    | 0.0708401          | 0.07093150000000001 | 0.071202 | 0.07947660000000002 | 0.068212 | 0.083001 | 0.0016508753708260357 | 0.02330424958217218  | NA                 |
| GPU    | 0.9604033099999999 | 0.944612            | 1.035116 | 1.1073077200000003  | 0.924067 | 1.202122 | 0.041988478922126954  | 0.043719631622393056 | 0.0737607828527788 |
+--------+--------------------+---------------------+----------+---------------------+----------+----------+-----------------------+----------------------+--------------------+

[stage07] accuracy detail
+---------------------------+-----+------+-------------+---------------+-------------+----------------+-------------------------------------------------------------------------+--------+
| reference                 | mse | rmse | relative_l2 | relative_linf | exact_match | mismatch_count | semantic_check                                                          | status |
+---------------------------+-----+------+-------------+---------------+-------------+----------------+-------------------------------------------------------------------------+--------+
| typed_cpu_task2_reference | 0   | 0    | 0           | 0             | NA          | NA             | output_count=2;output_dtype=FP32_STATE_COVARIANCE;task_gpu_call=present | PASS   |
+---------------------------+-----+------+-------------+---------------+-------------+----------------+-------------------------------------------------------------------------+--------+

[stage07] resource detail
+--------+------------+--------------+-------------+------------+-------------+
| device | metric     | before_bytes | after_bytes | peak_bytes | delta_bytes |
+--------+------------+--------------+-------------+------------+-------------+
| CPU    | cpu_heap   | 1372320      | 1375344     | 1375344    | 3024        |
| CPU    | rss        | 69595136     | 70041600    | 70041600   | 446464      |
| GPU    | cpu_heap   | 1375536      | 1378352     | 1381280    | 2816        |
| GPU    | rss        | 70041600     | 70041600    | 70041600   | 0           |
| GPU    | gpu_memory | 341000192    | 341000192   | 341000192  | 0           |
+--------+------------+--------------+-------------+------------+-------------+

[stage07] input content
+--------------+-------+-------+----------+----------------------------------+-----------------------------------------+
| input_name   | shape | dtype | elements | generator                        | values(head4/tail2)                     |
+--------------+-------+-------+----------+----------------------------------+-----------------------------------------+
| observations | [128] | INT8  | 128      | deterministic_task2_observations | i=0:1;i=1:1;i=2:1;i=3:1;i=126:1;i=127:1 |
+--------------+-------+-------+----------+----------------------------------+-----------------------------------------+

[stage07] case parameters
+------------------------------------------------------------------------------------------------------------------------+
| parameters                                                                                                             |
+------------------------------------------------------------------------------------------------------------------------+
| {"alpha_sq":1,"execution_dtype":"FP32_TASK_SEQUENCE","f":1,"h":1,"observation_count":128,"output_count":2,"q":1,"r":2} |
+------------------------------------------------------------------------------------------------------------------------+

[stage07] input and output identity
+--------+------------------------------------------------------------------+------------------------------------------------------------------+
| device | input_digest                                                     | output_digest                                                    |
+--------+------------------------------------------------------------------+------------------------------------------------------------------+
| CPU    | 2d620600d1722b382f0e6b9c99975434fe4ecc23dca25913e46f2d3c10dd1f2e | 80b8fd6d60fa85fd14a38b5295cb92abd80dfec5ca406c9f969609a79d36809d |
| GPU    | 2d620600d1722b382f0e6b9c99975434fe4ecc23dca25913e46f2d3c10dd1f2e | 80b8fd6d60fa85fd14a38b5295cb92abd80dfec5ca406c9f969609a79d36809d |
+--------+------------------------------------------------------------------+------------------------------------------------------------------+

[stage07] dtype evidence
+-----------------+--------------------+-----------------------+------------------------------------------------------------------+------------------------------------------------------------------+----------------------+
| requested_dtype | config_input_dtype | output_dtype          | typed_array_digest                                               | actual_input_digest                                              | task_gpu_call_status |
+-----------------+--------------------+-----------------------+------------------------------------------------------------------+------------------------------------------------------------------+----------------------+
| INT8            | INT8               | FP32_STATE_COVARIANCE | 7eb24a18990ee4c958c89773da6cc9fbc5c278357762d02ec6ab947eb28726ff | 2d620600d1722b382f0e6b9c99975434fe4ecc23dca25913e46f2d3c10dd1f2e | proved_gpu_cpu       |
+-----------------+--------------------+-----------------------+------------------------------------------------------------------+------------------------------------------------------------------+----------------------+

[stage07] evidence files
+-------------+-------------------------------------------------------------------------------------------------------------------------------------------------------------------------------------------------------------------------------------+
| kind        | path                                                                                                                                                                                                                                |
+-------------+-------------------------------------------------------------------------------------------------------------------------------------------------------------------------------------------------------------------------------------+
| main_csv    | /tmp/ZKX_dev/results/stage07_b06_formal_6132f71/formal/20260810T110512Z_6132f71eb1e0_stage07_b06_formal_3871c6fc/operator_main_results_kalman_filter_not_applicable_20260810T110512Z_6132f71eb1e0_stage07_b06_formal_3871c6fc.csv   |
| timing_csv  | /tmp/ZKX_dev/results/stage07_b06_formal_6132f71/formal/20260810T110512Z_6132f71eb1e0_stage07_b06_formal_3871c6fc/operator_timing_samples_kalman_filter_not_applicable_20260810T110512Z_6132f71eb1e0_stage07_b06_formal_3871c6fc.csv |
| memory_csv  | /tmp/ZKX_dev/results/stage07_b06_formal_6132f71/formal/20260810T110512Z_6132f71eb1e0_stage07_b06_formal_3871c6fc/operator_estimation_kalman_filter_memory_trace_not_applicable.csv                                                  |
| dtype_csv   | /tmp/ZKX_dev/results/stage07_b06_formal_6132f71/formal/20260810T110512Z_6132f71eb1e0_stage07_b06_formal_3871c6fc/operator_dtype_evidence_kalman_filter_not_applicable_20260810T110512Z_6132f71eb1e0_stage07_b06_formal_3871c6fc.csv |
| report_json | /tmp/ZKX_dev/results/stage07_b06_formal_6132f71/formal/20260810T110512Z_6132f71eb1e0_stage07_b06_formal_3871c6fc/operator_kalman_filter_report.json                                                                                 |
| summary_txt | /tmp/ZKX_dev/results/stage07_b06_formal_6132f71/formal/20260810T110512Z_6132f71eb1e0_stage07_b06_formal_3871c6fc/operator_kalman_filter_summary.txt                                                                                 |
| full_log    | /tmp/ZKX_dev/results/stage07_b06_formal_6132f71/formal/20260810T110512Z_6132f71eb1e0_stage07_b06_formal_3871c6fc/operator_kalman_filter_full.log                                                                                    |
| result_dir  | /tmp/ZKX_dev/results/stage07_b06_formal_6132f71/formal/20260810T110512Z_6132f71eb1e0_stage07_b06_formal_3871c6fc                                                                                                                    |
+-------------+-------------------------------------------------------------------------------------------------------------------------------------------------------------------------------------------------------------------------------------+
