[stage08-b03-formal] case=0 scale=decimate_fp32_10e2 status=starting
STAGE08_DECIMATE_CASE PASS scale=decimate_fp32_10e2 dtype=FP32 backend=not_applicable measured=100 results=/tmp/ZKX_dev/results/stage08_b03_decimate_02b9734201c9/formal/20260809T104755Z_02b9734201c9_stage08_b03_formal_8343f000
[stage08-b03-formal] case=0 scale=decimate_fp32_10e2 status=completed
[stage08-b03-formal] case=1 scale=decimate_fp32_10e3 status=starting
STAGE08_DECIMATE_CASE PASS scale=decimate_fp32_10e3 dtype=FP32 backend=not_applicable measured=100 results=/tmp/ZKX_dev/results/stage08_b03_decimate_02b9734201c9/formal/20260809T104755Z_02b9734201c9_stage08_b03_formal_8343f001
[stage08-b03-formal] case=1 scale=decimate_fp32_10e3 status=completed
[stage08-b03-formal] case=2 scale=decimate_fp32_10e4 status=starting
STAGE08_DECIMATE_CASE PASS scale=decimate_fp32_10e4 dtype=FP32 backend=not_applicable measured=100 results=/tmp/ZKX_dev/results/stage08_b03_decimate_02b9734201c9/formal/20260809T104755Z_02b9734201c9_stage08_b03_formal_8343f002
[stage08-b03-formal] case=2 scale=decimate_fp32_10e4 status=completed
[stage08-b03-formal] case=3 scale=decimate_fp16_10e2 status=starting
STAGE08_DECIMATE_CASE PASS scale=decimate_fp16_10e2 dtype=FP16 backend=not_applicable measured=100 results=/tmp/ZKX_dev/results/stage08_b03_decimate_02b9734201c9/formal/20260809T104755Z_02b9734201c9_stage08_b03_formal_8343f003
[stage08-b03-formal] case=3 scale=decimate_fp16_10e2 status=completed
[stage08-b03-formal] case=4 scale=decimate_fp16_10e3 status=starting
STAGE08_DECIMATE_CASE PASS scale=decimate_fp16_10e3 dtype=FP16 backend=not_applicable measured=100 results=/tmp/ZKX_dev/results/stage08_b03_decimate_02b9734201c9/formal/20260809T104755Z_02b9734201c9_stage08_b03_formal_8343f004
[stage08-b03-formal] case=4 scale=decimate_fp16_10e3 status=completed
[stage08-b03-formal] case=5 scale=decimate_fp16_10e4 status=starting
STAGE08_DECIMATE_CASE PASS scale=decimate_fp16_10e4 dtype=FP16 backend=not_applicable measured=100 results=/tmp/ZKX_dev/results/stage08_b03_decimate_02b9734201c9/formal/20260809T104755Z_02b9734201c9_stage08_b03_formal_8343f005
[stage08-b03-formal] case=5 scale=decimate_fp16_10e4 status=completed
[stage08-b03-formal] case=6 scale=decimate_int32_10e2 status=starting
STAGE08_DECIMATE_CASE PASS scale=decimate_int32_10e2 dtype=INT32 backend=not_applicable measured=100 results=/tmp/ZKX_dev/results/stage08_b03_decimate_02b9734201c9/formal/20260809T104755Z_02b9734201c9_stage08_b03_formal_8343f006
[stage08-b03-formal] case=6 scale=decimate_int32_10e2 status=completed
[stage08-b03-formal] case=7 scale=decimate_int32_10e3 status=starting
STAGE08_DECIMATE_CASE PASS scale=decimate_int32_10e3 dtype=INT32 backend=not_applicable measured=100 results=/tmp/ZKX_dev/results/stage08_b03_decimate_02b9734201c9/formal/20260809T104756Z_02b9734201c9_stage08_b03_formal_8343f007
[stage08-b03-formal] case=7 scale=decimate_int32_10e3 status=completed
[stage08-b03-formal] case=8 scale=decimate_int32_10e4 status=starting
STAGE08_DECIMATE_CASE PASS scale=decimate_int32_10e4 dtype=INT32 backend=not_applicable measured=100 results=/tmp/ZKX_dev/results/stage08_b03_decimate_02b9734201c9/formal/20260809T104756Z_02b9734201c9_stage08_b03_formal_8343f008
[stage08-b03-formal] case=8 scale=decimate_int32_10e4 status=completed
[stage08-b03-formal] case=9 scale=decimate_int16_10e2 status=starting
STAGE08_DECIMATE_CASE PASS scale=decimate_int16_10e2 dtype=INT16 backend=not_applicable measured=100 results=/tmp/ZKX_dev/results/stage08_b03_decimate_02b9734201c9/formal/20260809T104756Z_02b9734201c9_stage08_b03_formal_8343f009
[stage08-b03-formal] case=9 scale=decimate_int16_10e2 status=completed
[stage08-b03-formal] case=10 scale=decimate_int16_10e3 status=starting
STAGE08_DECIMATE_CASE PASS scale=decimate_int16_10e3 dtype=INT16 backend=not_applicable measured=100 results=/tmp/ZKX_dev/results/stage08_b03_decimate_02b9734201c9/formal/20260809T104756Z_02b9734201c9_stage08_b03_formal_8343f00a
[stage08-b03-formal] case=10 scale=decimate_int16_10e3 status=completed
[stage08-b03-formal] case=11 scale=decimate_int16_10e4 status=starting
STAGE08_DECIMATE_CASE PASS scale=decimate_int16_10e4 dtype=INT16 backend=not_applicable measured=100 results=/tmp/ZKX_dev/results/stage08_b03_decimate_02b9734201c9/formal/20260809T104756Z_02b9734201c9_stage08_b03_formal_8343f00b
[stage08-b03-formal] case=11 scale=decimate_int16_10e4 status=completed
[stage08-b03-formal] case=12 scale=decimate_int8_10e2 status=starting
STAGE08_DECIMATE_CASE PASS scale=decimate_int8_10e2 dtype=INT8 backend=not_applicable measured=100 results=/tmp/ZKX_dev/results/stage08_b03_decimate_02b9734201c9/formal/20260809T104756Z_02b9734201c9_stage08_b03_formal_8343f00c
[stage08-b03-formal] case=12 scale=decimate_int8_10e2 status=completed
[stage08-b03-formal] case=13 scale=decimate_int8_10e3 status=starting
STAGE08_DECIMATE_CASE PASS scale=decimate_int8_10e3 dtype=INT8 backend=not_applicable measured=100 results=/tmp/ZKX_dev/results/stage08_b03_decimate_02b9734201c9/formal/20260809T104757Z_02b9734201c9_stage08_b03_formal_8343f00d
[stage08-b03-formal] case=13 scale=decimate_int8_10e3 status=completed
[stage08-b03-formal] case=14 scale=decimate_int8_10e4 status=starting
STAGE08_DECIMATE_CASE PASS scale=decimate_int8_10e4 dtype=INT8 backend=not_applicable measured=100 results=/tmp/ZKX_dev/results/stage08_b03_decimate_02b9734201c9/formal/20260809T104757Z_02b9734201c9_stage08_b03_formal_8343f00e
[stage08-b03-formal] case=14 scale=decimate_int8_10e4 status=completed
[stage08-b03-formal] cases=15 status=completed
