[stage07] identity and status
+---------------+--------------+--------+------------+-------+--------+----------+--------------------------+--------+------------+
| target        | scale_id     | device | backend    | dtype | warmup | measured | timing_scope             | status | error_code |
+---------------+--------------+--------+------------+-------+--------+----------+--------------------------+--------+------------+
| pulse_doppler | pd_fp16_10e3 | CPU    | fft_thrust | FP16  | 20     | 100      | compatibility/end-to-end | PASS   | OK         |
| pulse_doppler | pd_fp16_10e3 | GPU    | fft_thrust | FP16  | 20     | 100      | compatibility/end-to-end | PASS   | OK         |
+---------------+--------------+--------+------------+-------+--------+----------+--------------------------+--------+------------+

[stage07] timing detail
+--------+------------+----------+--------------------+--------------------+----------+----------+----------------------+-----------------------+------------------+
| device | mean_ms    | p50_ms   | p95_ms             | p99_ms             | min_ms   | max_ms   | std_ms               | cv                    | speedup          |
+--------+------------+----------+--------------------+--------------------+----------+----------+----------------------+-----------------------+------------------+
| CPU    | 3.49711899 | 3.497259 | 3.5068029999999997 | 3.5199889          | 3.480459 | 3.522058 | 0.006462818789808344 | 0.0018480408611456322 | NA               |
| GPU    | 0.41654827 | 0.406719 | 0.471894           | 0.5393120900000007 | 0.394689 | 0.664358 | 0.0345322836255742   | 0.08290103719689966   | 8.39547116592274 |
+--------+------------+----------+--------------------+--------------------+----------+----------+----------------------+-----------------------+------------------+

[stage07] accuracy detail
+---------------------+-------------+-------------+-------------+---------------+-------------+----------------+---------------------------------+--------+
| reference           | mse         | rmse        | relative_l2 | relative_linf | exact_match | mismatch_count | semantic_check                  | status |
+---------------------+-------------+-------------+-------------+---------------+-------------+----------------+---------------------------------+--------+
| typed_cpu_reference | 5.41463e-11 | 7.35841e-06 | 1.80115e-06 | 2.24536e-06   | NA          | NA             | typed_output_shape_dtype_finite | PASS   |
+---------------------+-------------+-------------+-------------+---------------+-------------+----------------+---------------------------------+--------+

[stage07] resource detail
+--------+------------+--------------+-------------+------------+-------------+
| device | metric     | before_bytes | after_bytes | peak_bytes | delta_bytes |
+--------+------------+--------------+-------------+------------+-------------+
| CPU    | cpu_heap   | 1545312      | 1544304     | 1551392    | -1008       |
| CPU    | rss        | 70369280     | 70369280    | 70369280   | 0           |
| GPU    | cpu_heap   | 1544304      | 1547344     | 1547344    | 3040        |
| GPU    | rss        | 70369280     | 70369280    | 70369280   | 0           |
| GPU    | gpu_memory | 357777408    | 357777408   | 357777408  | 0           |
+--------+------------+--------------+-------------+------------+-------------+

[stage07] input content
+------------+---------+-------------+----------+-----------------------------------------+----------------------------------------------------------------------------------------------------+
| input_name | shape   | dtype       | elements | generator                               | values(head4/tail2)                                                                                |
+------------+---------+-------------+----------+-----------------------------------------+----------------------------------------------------------------------------------------------------+
| compressed | [32x32] | ComplexFP16 | 1024     | complex_modular(seed=11,integral=false) | i=0:(-1.25,-0.5);i=1:(-0.75,-1);i=2:(-0.25,0.75);i=3:(0.25,0.25);i=1022:(1,-0.75);i=1023:(-1.25,1) |
+------------+---------+-------------+----------+-----------------------------------------+----------------------------------------------------------------------------------------------------+

[stage07] case parameters
+--------------------------------------------------------------------+
| parameters                                                         |
+--------------------------------------------------------------------+
| {"nfft":32,"num_pulses":32,"samples_per_pulse":32,"window":"none"} |
+--------------------------------------------------------------------+

[stage07] input and output identity
+--------+------------------------------------------------------------------+------------------------------------------------------------------+
| device | input_digest                                                     | output_digest                                                    |
+--------+------------------------------------------------------------------+------------------------------------------------------------------+
| CPU    | 2aa9714acc72de8df6d88edf6359b5d40629718adedb09009b9206be7741ac37 | b87c8b847be88d141372f9ab89a245234d2b413fbb41e2e0bb7848dfb7243735 |
| GPU    | 2aa9714acc72de8df6d88edf6359b5d40629718adedb09009b9206be7741ac37 | 569008fd57e8158bf107e75d0d29e3ea1b61dbfc41784e1c134ee983c8932f90 |
+--------+------------------------------------------------------------------+------------------------------------------------------------------+

[stage07] dtype evidence
+-----------------+--------------------+--------------+------------------------------------------------------------------+
| requested_dtype | config_input_dtype | output_dtype | actual_input_digest                                              |
+-----------------+--------------------+--------------+------------------------------------------------------------------+
| FP16            | ComplexFP16        | ComplexFP32  | 2aa9714acc72de8df6d88edf6359b5d40629718adedb09009b9206be7741ac37 |
+-----------------+--------------------+--------------+------------------------------------------------------------------+

[stage07] evidence files
+-------------+---------------------------------------------------------------------------------------------------------------------------------------------------------------------------------------------------------------------------------------------+
| kind        | path                                                                                                                                                                                                                                        |
+-------------+---------------------------------------------------------------------------------------------------------------------------------------------------------------------------------------------------------------------------------------------+
| main_csv    | /tmp/ZKX_dev/results/stage07_b01_input_preview_1662dd06774d/formal/20260810T081057Z_1662dd06774d_stage07_b01_formal_393e7bd8/operator_main_results_pulse_doppler_fft_thrust_20260810T081057Z_1662dd06774d_stage07_b01_formal_393e7bd8.csv   |
| timing_csv  | /tmp/ZKX_dev/results/stage07_b01_input_preview_1662dd06774d/formal/20260810T081057Z_1662dd06774d_stage07_b01_formal_393e7bd8/operator_timing_samples_pulse_doppler_fft_thrust_20260810T081057Z_1662dd06774d_stage07_b01_formal_393e7bd8.csv |
| memory_csv  | /tmp/ZKX_dev/results/stage07_b01_input_preview_1662dd06774d/formal/20260810T081057Z_1662dd06774d_stage07_b01_formal_393e7bd8/operator_radartools_pulse_doppler_memory_trace_fft_thrust.csv                                                  |
| dtype_csv   | /tmp/ZKX_dev/results/stage07_b01_input_preview_1662dd06774d/formal/20260810T081057Z_1662dd06774d_stage07_b01_formal_393e7bd8/operator_dtype_evidence_pulse_doppler_fft_thrust_20260810T081057Z_1662dd06774d_stage07_b01_formal_393e7bd8.csv |
| report_json | /tmp/ZKX_dev/results/stage07_b01_input_preview_1662dd06774d/formal/20260810T081057Z_1662dd06774d_stage07_b01_formal_393e7bd8/operator_pulse_doppler_report.json                                                                             |
| summary_txt | /tmp/ZKX_dev/results/stage07_b01_input_preview_1662dd06774d/formal/20260810T081057Z_1662dd06774d_stage07_b01_formal_393e7bd8/operator_pulse_doppler_summary.txt                                                                             |
| full_log    | /tmp/ZKX_dev/results/stage07_b01_input_preview_1662dd06774d/formal/20260810T081057Z_1662dd06774d_stage07_b01_formal_393e7bd8/operator_pulse_doppler_full.log                                                                                |
| result_dir  | /tmp/ZKX_dev/results/stage07_b01_input_preview_1662dd06774d/formal/20260810T081057Z_1662dd06774d_stage07_b01_formal_393e7bd8                                                                                                                |
+-------------+---------------------------------------------------------------------------------------------------------------------------------------------------------------------------------------------------------------------------------------------+
STAGE07_RADAR_CASE PASS operator=pulse_doppler scale=pd_fp16_10e3 dtype=FP16 backend=fft_thrust measured=100 results=/tmp/ZKX_dev/results/stage07_b01_input_preview_1662dd06774d/formal/20260810T081057Z_1662dd06774d_stage07_b01_formal_393e7bd8
