[stage07] identity and status
+---------------+--------------+--------+------------+-------+--------+----------+--------------------------+--------+------------+
| target        | scale_id     | device | backend    | dtype | warmup | measured | timing_scope             | status | error_code |
+---------------+--------------+--------+------------+-------+--------+----------+--------------------------+--------+------------+
| pulse_doppler | pd_fp32_10e2 | CPU    | fft_thrust | FP32  | 20     | 100      | compatibility/end-to-end | PASS   | OK         |
| pulse_doppler | pd_fp32_10e2 | GPU    | fft_thrust | FP32  | 20     | 100      | compatibility/end-to-end | PASS   | OK         |
+---------------+--------------+--------+------------+-------+--------+----------+--------------------------+--------+------------+

[stage07] timing detail
+--------+---------------------+-----------+--------------------+---------------------+----------+----------+-----------------------+----------------------+--------------------+
| device | mean_ms             | p50_ms    | p95_ms             | p99_ms              | min_ms   | max_ms   | std_ms                | cv                   | speedup            |
+--------+---------------------+-----------+--------------------+---------------------+----------+----------+-----------------------+----------------------+--------------------+
| CPU    | 0.23581688          | 0.234994  | 0.2466205          | 0.24829990000000002 | 0.234509 | 0.251359 | 0.0031089135538962796 | 0.013183592090168776 | NA                 |
| GPU    | 0.34982768999999997 | 0.3452235 | 0.3682639999999999 | 0.42034989000000034 | 0.336619 | 0.482808 | 0.018957190221493798  | 0.05419007918296519  | 0.6740943805791932 |
+--------+---------------------+-----------+--------------------+---------------------+----------+----------+-----------------------+----------------------+--------------------+

[stage07] accuracy detail
+---------------------+------------+-------------+-------------+---------------+-------------+----------------+---------------------------------+--------+
| reference           | mse        | rmse        | relative_l2 | relative_linf | exact_match | mismatch_count | semantic_check                  | status |
+---------------------+------------+-------------+-------------+---------------+-------------+----------------+---------------------------------+--------+
| typed_cpu_reference | 5.9924e-12 | 2.44794e-06 | 8.47163e-07 | 1.36955e-06   | NA          | NA             | typed_output_shape_dtype_finite | PASS   |
+---------------------+------------+-------------+-------------+---------------+-------------+----------------+---------------------------------+--------+

[stage07] resource detail
+--------+------------+--------------+-------------+------------+-------------+
| device | metric     | before_bytes | after_bytes | peak_bytes | delta_bytes |
+--------+------------+--------------+-------------+------------+-------------+
| CPU    | cpu_heap   | 1479056      | 1482112     | 1483056    | 3056        |
| CPU    | rss        | 70180864     | 70180864    | 70180864   | 0           |
| GPU    | cpu_heap   | 1482112      | 1485008     | 1485008    | 2896        |
| GPU    | rss        | 70180864     | 70180864    | 70180864   | 0           |
| GPU    | gpu_memory | 341000192    | 341000192   | 341000192  | 0           |
+--------+------------+--------------+-------------+------------+-------------+

[stage07] input content
+------------+---------+-------------+----------+-----------------------------------------+--------------------------------------------------------------------------------------------------------+
| input_name | shape   | dtype       | elements | generator                               | values(head4/tail2)                                                                                    |
+------------+---------+-------------+----------+-----------------------------------------+--------------------------------------------------------------------------------------------------------+
| compressed | [16x16] | ComplexFP32 | 256      | complex_modular(seed=11,integral=false) | i=0:(-1.25,-0.5);i=1:(-0.75,-1);i=2:(-0.25,0.75);i=3:(0.25,0.25);i=254:(-0.75,0.75);i=255:(-0.25,0.25) |
+------------+---------+-------------+----------+-----------------------------------------+--------------------------------------------------------------------------------------------------------+

[stage07] case parameters
+--------------------------------------------------------------------+
| parameters                                                         |
+--------------------------------------------------------------------+
| {"nfft":16,"num_pulses":16,"samples_per_pulse":16,"window":"none"} |
+--------------------------------------------------------------------+

[stage07] input and output identity
+--------+------------------------------------------------------------------+------------------------------------------------------------------+
| device | input_digest                                                     | output_digest                                                    |
+--------+------------------------------------------------------------------+------------------------------------------------------------------+
| CPU    | f39f804637702678a5b3a4e9e93769cc5b0ffe2c20930e72cbf8d4fb5d051fd7 | 22b60934e80e2bbebc6b526dd49b090d479712221b347dc2d2d5331a5fc5145f |
| GPU    | f39f804637702678a5b3a4e9e93769cc5b0ffe2c20930e72cbf8d4fb5d051fd7 | 15b6c1bed5fe069203c68a1aec7698352c7bfdfb0e44d1b82b6821dcb7c17a28 |
+--------+------------------------------------------------------------------+------------------------------------------------------------------+

[stage07] dtype evidence
+-----------------+--------------------+--------------+------------------------------------------------------------------+
| requested_dtype | config_input_dtype | output_dtype | actual_input_digest                                              |
+-----------------+--------------------+--------------+------------------------------------------------------------------+
| FP32            | ComplexFP32        | ComplexFP32  | f39f804637702678a5b3a4e9e93769cc5b0ffe2c20930e72cbf8d4fb5d051fd7 |
+-----------------+--------------------+--------------+------------------------------------------------------------------+

[stage07] evidence files
+-------------+---------------------------------------------------------------------------------------------------------------------------------------------------------------------------------------------------------------------------------------------+
| kind        | path                                                                                                                                                                                                                                        |
+-------------+---------------------------------------------------------------------------------------------------------------------------------------------------------------------------------------------------------------------------------------------+
| main_csv    | /tmp/ZKX_dev/results/stage07_b01_input_preview_1662dd06774d/formal/20260810T081041Z_1662dd06774d_stage07_b01_formal_e663f54b/operator_main_results_pulse_doppler_fft_thrust_20260810T081041Z_1662dd06774d_stage07_b01_formal_e663f54b.csv   |
| timing_csv  | /tmp/ZKX_dev/results/stage07_b01_input_preview_1662dd06774d/formal/20260810T081041Z_1662dd06774d_stage07_b01_formal_e663f54b/operator_timing_samples_pulse_doppler_fft_thrust_20260810T081041Z_1662dd06774d_stage07_b01_formal_e663f54b.csv |
| memory_csv  | /tmp/ZKX_dev/results/stage07_b01_input_preview_1662dd06774d/formal/20260810T081041Z_1662dd06774d_stage07_b01_formal_e663f54b/operator_radartools_pulse_doppler_memory_trace_fft_thrust.csv                                                  |
| dtype_csv   | /tmp/ZKX_dev/results/stage07_b01_input_preview_1662dd06774d/formal/20260810T081041Z_1662dd06774d_stage07_b01_formal_e663f54b/operator_dtype_evidence_pulse_doppler_fft_thrust_20260810T081041Z_1662dd06774d_stage07_b01_formal_e663f54b.csv |
| report_json | /tmp/ZKX_dev/results/stage07_b01_input_preview_1662dd06774d/formal/20260810T081041Z_1662dd06774d_stage07_b01_formal_e663f54b/operator_pulse_doppler_report.json                                                                             |
| summary_txt | /tmp/ZKX_dev/results/stage07_b01_input_preview_1662dd06774d/formal/20260810T081041Z_1662dd06774d_stage07_b01_formal_e663f54b/operator_pulse_doppler_summary.txt                                                                             |
| full_log    | /tmp/ZKX_dev/results/stage07_b01_input_preview_1662dd06774d/formal/20260810T081041Z_1662dd06774d_stage07_b01_formal_e663f54b/operator_pulse_doppler_full.log                                                                                |
| result_dir  | /tmp/ZKX_dev/results/stage07_b01_input_preview_1662dd06774d/formal/20260810T081041Z_1662dd06774d_stage07_b01_formal_e663f54b                                                                                                                |
+-------------+---------------------------------------------------------------------------------------------------------------------------------------------------------------------------------------------------------------------------------------------+
STAGE07_RADAR_CASE PASS operator=pulse_doppler scale=pd_fp32_10e2 dtype=FP32 backend=fft_thrust measured=100 results=/tmp/ZKX_dev/results/stage07_b01_input_preview_1662dd06774d/formal/20260810T081041Z_1662dd06774d_stage07_b01_formal_e663f54b
