[stage07] identity and status
+---------------+---------------+--------+------------+-------+--------+----------+--------------------------+--------+------------+
| target        | scale_id      | device | backend    | dtype | warmup | measured | timing_scope             | status | error_code |
+---------------+---------------+--------+------------+-------+--------+----------+--------------------------+--------+------------+
| pulse_doppler | pd_int16_10e3 | CPU    | fft_thrust | INT16 | 20     | 100      | compatibility/end-to-end | PASS   | OK         |
| pulse_doppler | pd_int16_10e3 | GPU    | fft_thrust | INT16 | 20     | 100      | compatibility/end-to-end | PASS   | OK         |
+---------------+---------------+--------+------------+-------+--------+----------+--------------------------+--------+------------+

[stage07] timing detail
+--------+------------+---------------------+--------------------+--------------------+----------+----------+----------------------+----------------------+-------------------+
| device | mean_ms    | p50_ms              | p95_ms             | p99_ms             | min_ms   | max_ms   | std_ms               | cv                   | speedup           |
+--------+------------+---------------------+--------------------+--------------------+----------+----------+----------------------+----------------------+-------------------+
| CPU    | 1.96946352 | 1.9677250000000002  | 1.980755           | 1.9883398900000007 | 1.958705 | 2.116435 | 0.01624381196424042  | 0.008247835920434017 | NA                |
| GPU    | 0.49198039 | 0.47999899999999995 | 0.5699494999999999 | 0.6318759900000006 | 0.465258 | 0.759288 | 0.039170786168749534 | 0.07961859245802365  | 4.003134189962328 |
+--------+------------+---------------------+--------------------+--------------------+----------+----------+----------------------+----------------------+-------------------+

[stage07] accuracy detail
+---------------------+-------------+-------------+-------------+---------------+-------------+----------------+---------------------------------+--------+
| reference           | mse         | rmse        | relative_l2 | relative_linf | exact_match | mismatch_count | semantic_check                  | status |
+---------------------+-------------+-------------+-------------+---------------+-------------+----------------+---------------------------------+--------+
| typed_cpu_reference | 8.65695e-10 | 2.94227e-05 | 1.80048e-06 | 2.24348e-06   | NA          | NA             | typed_output_shape_dtype_finite | PASS   |
+---------------------+-------------+-------------+-------------+---------------+-------------+----------------+---------------------------------+--------+

[stage07] resource detail
+--------+------------+--------------+-------------+------------+-------------+
| device | metric     | before_bytes | after_bytes | peak_bytes | delta_bytes |
+--------+------------+--------------+-------------+------------+-------------+
| CPU    | cpu_heap   | 1566272      | 1557072     | 1572352    | -9200       |
| CPU    | rss        | 70348800     | 70348800    | 70348800   | 0           |
| GPU    | cpu_heap   | 1557072      | 1560064     | 1560064    | 2992        |
| GPU    | rss        | 70348800     | 70348800    | 70348800   | 0           |
| GPU    | gpu_memory | 357777408    | 357777408   | 357777408  | 0           |
+--------+------------+--------------+-------------+------------+-------------+

[stage07] input content
+------------+---------+--------------+----------+----------------------------------------+--------------------------------------------------------------------------+
| input_name | shape   | dtype        | elements | generator                              | values(head4/tail2)                                                      |
+------------+---------+--------------+----------+----------------------------------------+--------------------------------------------------------------------------+
| compressed | [32x32] | ComplexINT16 | 1024     | complex_modular(seed=11,integral=true) | i=0:(-5,-2);i=1:(-3,-4);i=2:(-1,3);i=3:(1,1);i=1022:(4,-3);i=1023:(-5,4) |
+------------+---------+--------------+----------+----------------------------------------+--------------------------------------------------------------------------+

[stage07] case parameters
+--------------------------------------------------------------------+
| parameters                                                         |
+--------------------------------------------------------------------+
| {"nfft":32,"num_pulses":32,"samples_per_pulse":32,"window":"none"} |
+--------------------------------------------------------------------+

[stage07] input and output identity
+--------+------------------------------------------------------------------+------------------------------------------------------------------+
| device | input_digest                                                     | output_digest                                                    |
+--------+------------------------------------------------------------------+------------------------------------------------------------------+
| CPU    | f851fb905eb68ba25eac9a61658bf0b46e29082be82c4abd9a469125e41e9060 | 27d47e9c89590a8d5eb66b32051eeb1022c3e7748cfe1b2289c7a50e91cb13c4 |
| GPU    | f851fb905eb68ba25eac9a61658bf0b46e29082be82c4abd9a469125e41e9060 | 22526241ae4835aa6b15df7fe28f12debde3a8144e1be594571318721c8a108e |
+--------+------------------------------------------------------------------+------------------------------------------------------------------+

[stage07] dtype evidence
+-----------------+--------------------+--------------+------------------------------------------------------------------+
| requested_dtype | config_input_dtype | output_dtype | actual_input_digest                                              |
+-----------------+--------------------+--------------+------------------------------------------------------------------+
| INT16           | ComplexINT16       | ComplexFP64  | f851fb905eb68ba25eac9a61658bf0b46e29082be82c4abd9a469125e41e9060 |
+-----------------+--------------------+--------------+------------------------------------------------------------------+

[stage07] evidence files
+-------------+---------------------------------------------------------------------------------------------------------------------------------------------------------------------------------------------------------------------------------------------+
| kind        | path                                                                                                                                                                                                                                        |
+-------------+---------------------------------------------------------------------------------------------------------------------------------------------------------------------------------------------------------------------------------------------+
| main_csv    | /tmp/ZKX_dev/results/stage07_b01_input_preview_1662dd06774d/formal/20260810T081141Z_1662dd06774d_stage07_b01_formal_2f0c42d0/operator_main_results_pulse_doppler_fft_thrust_20260810T081141Z_1662dd06774d_stage07_b01_formal_2f0c42d0.csv   |
| timing_csv  | /tmp/ZKX_dev/results/stage07_b01_input_preview_1662dd06774d/formal/20260810T081141Z_1662dd06774d_stage07_b01_formal_2f0c42d0/operator_timing_samples_pulse_doppler_fft_thrust_20260810T081141Z_1662dd06774d_stage07_b01_formal_2f0c42d0.csv |
| memory_csv  | /tmp/ZKX_dev/results/stage07_b01_input_preview_1662dd06774d/formal/20260810T081141Z_1662dd06774d_stage07_b01_formal_2f0c42d0/operator_radartools_pulse_doppler_memory_trace_fft_thrust.csv                                                  |
| dtype_csv   | /tmp/ZKX_dev/results/stage07_b01_input_preview_1662dd06774d/formal/20260810T081141Z_1662dd06774d_stage07_b01_formal_2f0c42d0/operator_dtype_evidence_pulse_doppler_fft_thrust_20260810T081141Z_1662dd06774d_stage07_b01_formal_2f0c42d0.csv |
| report_json | /tmp/ZKX_dev/results/stage07_b01_input_preview_1662dd06774d/formal/20260810T081141Z_1662dd06774d_stage07_b01_formal_2f0c42d0/operator_pulse_doppler_report.json                                                                             |
| summary_txt | /tmp/ZKX_dev/results/stage07_b01_input_preview_1662dd06774d/formal/20260810T081141Z_1662dd06774d_stage07_b01_formal_2f0c42d0/operator_pulse_doppler_summary.txt                                                                             |
| full_log    | /tmp/ZKX_dev/results/stage07_b01_input_preview_1662dd06774d/formal/20260810T081141Z_1662dd06774d_stage07_b01_formal_2f0c42d0/operator_pulse_doppler_full.log                                                                                |
| result_dir  | /tmp/ZKX_dev/results/stage07_b01_input_preview_1662dd06774d/formal/20260810T081141Z_1662dd06774d_stage07_b01_formal_2f0c42d0                                                                                                                |
+-------------+---------------------------------------------------------------------------------------------------------------------------------------------------------------------------------------------------------------------------------------------+
STAGE07_RADAR_CASE PASS operator=pulse_doppler scale=pd_int16_10e3 dtype=INT16 backend=fft_thrust measured=100 results=/tmp/ZKX_dev/results/stage07_b01_input_preview_1662dd06774d/formal/20260810T081141Z_1662dd06774d_stage07_b01_formal_2f0c42d0
