command=build_stage08_b03_hilbert2_0b2008e7f76a/stage08_filtering_hilbert2 --dtype INT16 --rows 100 --cols 100 --seed 83240003 --warmup 20 --measured 100 --output /tmp/ZKX_dev/results/stage08_input_preview_b03_hilbert2_5bf09d215ce4/formal/20260810T074643Z_5bf09d215ce4_stage08_b03_formal_9901200c/hilbert2_probe_raw.json
STAGE08_HILBERT2_PROBE PASS dtype=INT16 shape=100x100 backend=fft_thrust
{"actual_input_digest": "9a91638886f26261de3c03402a1e6fac8a4a48d2ba6a4048739a0e9950b32e89", "backend": "fft_thrust", "case_id": "hilbert2__hilbert2_int16_10e4__9a91638886f26261", "compute_dtype": "FP32", "dtype_semantics": "actual_typed_array_input_fp32_fft2d_extension", "error_code": "OK", "fft_dtype": "ComplexFP32", "measured_runs": 100, "metrics": {"mse": 5.2880636324461487e-11, "relative_l2": 4.5039187183631275e-07, "relative_linf": 8.839269585943861e-07, "rmse": 7.271907337450161e-06}, "operator_name": "hilbert2", "output_dtype": "ComplexFP64", "requested_dtype": "INT16", "run_id": "20260810T074643Z_5bf09d215ce4_stage08_b03_formal_9901200c", "scale_id": "hilbert2_int16_10e4", "schema_version": 1, "status": "PASS", "typed_input_count": 1, "typed_input_names": "x", "warmup_runs": 20}
[stage08] identity and status
+----------+---------------------+--------+------------+-------+--------+----------+--------------------------+--------+------------+
| target   | scale_id            | device | backend    | dtype | warmup | measured | timing_scope             | status | error_code |
+----------+---------------------+--------+------------+-------+--------+----------+--------------------------+--------+------------+
| hilbert2 | hilbert2_int16_10e4 | CPU    | fft_thrust | INT16 | 20     | 100      | compatibility/end-to-end | PASS   | OK         |
| hilbert2 | hilbert2_int16_10e4 | GPU    | fft_thrust | INT16 | 20     | 100      | compatibility/end-to-end | PASS   | OK         |
+----------+---------------------+--------+------------+-------+--------+----------+--------------------------+--------+------------+

[stage08] timing detail
+--------+--------------------+--------------------+--------------------+--------------------+--------------------+--------------------+---------------------+-----------------------+---------------------+
| device | mean_ms            | p50_ms             | p95_ms             | p99_ms             | min_ms             | max_ms             | std_ms              | cv                    | speedup             |
+--------+--------------------+--------------------+--------------------+--------------------+--------------------+--------------------+---------------------+-----------------------+---------------------+
| CPU    | 85.599053189999992 | 85.536880999999994 | 85.847825          | 86.925455249999999 | 85.381949000000006 | 87.498887999999994 | 0.27751415619534386 | 0.003242023665604798  | NA                  |
| GPU    | 303.60196313       | 305.008219         | 306.70633610000004 | 307.82980655       | 300.03195899999997 | 308.39287400000001 | 2.508216728290896   | 0.0082615300060391809 | 0.28194499240885063 |
+--------+--------------------+--------------------+--------------------+--------------------+--------------------+--------------------+---------------------+-----------------------+---------------------+

[stage08] accuracy detail
+-------------------------------+------------------------+------------------------+------------------------+------------------------+-------------+----------------+-----------------------------------------------------------------------------------------------------------+--------+
| accuracy_reference            | mse                    | rmse                   | relative_l2            | relative_linf          | exact_match | mismatch_count | semantic_check                                                                                            | status |
+-------------------------------+------------------------+------------------------+------------------------+------------------------+-------------+----------------+-----------------------------------------------------------------------------------------------------------+--------+
| cpu_typed_double_direct_dft2d | 5.2880636324461487e-11 | 7.2719073374501612e-06 | 4.5039187183631275e-07 | 8.8392695859438608e-07 | NA          | NA             | finite_analytic_signal_shape_and_output_dtype_match_cpu:shape=[100, 100];fft_shape=[100, 100];finite=true | PASS   |
+-------------------------------+------------------------+------------------------+------------------------+------------------------+-------------+----------------+-----------------------------------------------------------------------------------------------------------+--------+

[stage08] resource detail
+--------+------------+--------------+-------------+------------+-------------+
| device | metric     | before_bytes | after_bytes | peak_bytes | delta_bytes |
+--------+------------+--------------+-------------+------------+-------------+
| CPU    | cpu_heap   | 2270928      | 2293744     | 2452656    | 22816       |
| CPU    | rss        | 72474624     | 72445952    | 72830976   | -28672      |
| GPU    | cpu_heap   | 2293744      | 2296800     | 2296800    | 3056        |
| GPU    | rss        | 72445952     | 72445952    | 72445952   | 0           |
| GPU    | gpu_memory | 341000192    | 341000192   | 341000192  | 0           |
+--------+------------+--------------+-------------+------------+-------------+

[stage08] input/output identity
+--------+------------------------------------------------------------------+------------------------------------------------------------------+
| device | input_digest                                                     | output_digest                                                    |
+--------+------------------------------------------------------------------+------------------------------------------------------------------+
| CPU    | 9a91638886f26261de3c03402a1e6fac8a4a48d2ba6a4048739a0e9950b32e89 | 5e0267462d311908f031a8410e1f694d3cdb62c71c68b97a76d55cd568cf5774 |
| GPU    | 9a91638886f26261de3c03402a1e6fac8a4a48d2ba6a4048739a0e9950b32e89 | 5ce8a000c7c308e39b3b7431045019abd09fec4c5a18437eac85754fb326d4b1 |
+--------+------------------------------------------------------------------+------------------------------------------------------------------+

[stage08] input content
+------------+-----------+-------+----------+---------------------------------------------+------------------------------------------------+
| input_name | shape     | dtype | elements | generator                                   | values(head4/tail2)                            |
+------------+-----------+-------+----------+---------------------------------------------+------------------------------------------------+
| x          | [100x100] | INT16 | 10000    | modular_signal(seed=83240003,integral=true) | i=0:2;i=1:-4;i=2:-10;i=3:7;i=9998:-2;i=9999:-8 |
+------------+-----------+-------+----------+---------------------------------------------+------------------------------------------------+

[stage08] case parameters
+---------------------------------------------------------------+
| parameters                                                    |
+---------------------------------------------------------------+
| {"cols":"100","dtype":"INT16","rows":"100","seed":"83240003"} |
+---------------------------------------------------------------+

[stage08] dtype evidence
+-----------------+--------------------+--------------+------------------------------------------------------------------+--------+
| requested_dtype | config_input_dtype | output_dtype | actual_input_digest                                              | status |
+-----------------+--------------------+--------------+------------------------------------------------------------------+--------+
| INT16           | NA                 | ComplexFP64  | 9a91638886f26261de3c03402a1e6fac8a4a48d2ba6a4048739a0e9950b32e89 | PASS   |
+-----------------+--------------------+--------------+------------------------------------------------------------------+--------+

[stage08] evidence files
+----------------+-------------------------------------------------------------------------------------------------------------------------------------------------------------------------------------------------------------------------------------------------+
| kind           | path                                                                                                                                                                                                                                            |
+----------------+-------------------------------------------------------------------------------------------------------------------------------------------------------------------------------------------------------------------------------------------------+
| probe_raw_json | /tmp/ZKX_dev/results/stage08_input_preview_b03_hilbert2_5bf09d215ce4/formal/20260810T074643Z_5bf09d215ce4_stage08_b03_formal_9901200c/hilbert2_probe_raw.json                                                                                   |
| dtype_csv      | /tmp/ZKX_dev/results/stage08_input_preview_b03_hilbert2_5bf09d215ce4/formal/20260810T074643Z_5bf09d215ce4_stage08_b03_formal_9901200c/operator_dtype_evidence_hilbert2_fft_thrust_20260810T074643Z_5bf09d215ce4_stage08_b03_formal_9901200c.csv |
| memory_csv     | /tmp/ZKX_dev/results/stage08_input_preview_b03_hilbert2_5bf09d215ce4/formal/20260810T074643Z_5bf09d215ce4_stage08_b03_formal_9901200c/operator_filtering_hilbert2_memory_trace_fft_thrust.csv                                                   |
| full_log       | /tmp/ZKX_dev/results/stage08_input_preview_b03_hilbert2_5bf09d215ce4/formal/20260810T074643Z_5bf09d215ce4_stage08_b03_formal_9901200c/operator_hilbert2_full.log                                                                                |
| report_json    | /tmp/ZKX_dev/results/stage08_input_preview_b03_hilbert2_5bf09d215ce4/formal/20260810T074643Z_5bf09d215ce4_stage08_b03_formal_9901200c/operator_hilbert2_report.json                                                                             |
| summary_txt    | /tmp/ZKX_dev/results/stage08_input_preview_b03_hilbert2_5bf09d215ce4/formal/20260810T074643Z_5bf09d215ce4_stage08_b03_formal_9901200c/operator_hilbert2_summary.txt                                                                             |
| main_csv       | /tmp/ZKX_dev/results/stage08_input_preview_b03_hilbert2_5bf09d215ce4/formal/20260810T074643Z_5bf09d215ce4_stage08_b03_formal_9901200c/operator_main_results_hilbert2_fft_thrust_20260810T074643Z_5bf09d215ce4_stage08_b03_formal_9901200c.csv   |
| timing_csv     | /tmp/ZKX_dev/results/stage08_input_preview_b03_hilbert2_5bf09d215ce4/formal/20260810T074643Z_5bf09d215ce4_stage08_b03_formal_9901200c/operator_timing_samples_hilbert2_fft_thrust_20260810T074643Z_5bf09d215ce4_stage08_b03_formal_9901200c.csv |
+----------------+-------------------------------------------------------------------------------------------------------------------------------------------------------------------------------------------------------------------------------------------------+
