command=build_stage08_b04_upfirdn_8c1bc3832603/stage08_filtering_upfirdn --dtype INT16 --rank 2 --rows 32 --cols 32 --taps 7 --axis 1 --up 3 --down 2 --seed 84440002 --warmup 20 --measured 100 --output /tmp/ZKX_dev/results/stage08_input_preview_b04_upfirdn_db927ed96663/formal/20260810T083724Z_db927ed96663_stage08_b04_formal_b405000b/upfirdn_probe_raw.json
STAGE08_UPFIRDN_PROBE PASS dtype=INT16 backend=not_applicable
{"actual_input_digest": "8b1ba7fa72357d03304af88cc6ee97b870d9531c9d45af6a91969ee3066134c6", "axis": 1, "backend": "not_applicable", "case_id": "upfirdn__upfirdn_int16_10e3__8b1ba7fa72357d03", "compute_dtype": "FP32", "down": 2, "dtype_semantics": "actual_same_dtype_h_x_arrays", "error_code": "OK", "fft_dtype": "not_applicable", "measured_runs": 100, "mse": 0, "operator_name": "upfirdn", "output_dtype": "FP32", "rank": 2, "relative_l2": 0, "relative_linf": 0, "requested_dtype": "INT16", "rmse": 0, "run_id": "20260810T083724Z_db927ed96663_stage08_b04_formal_b405000b", "scale_id": "upfirdn_int16_10e3", "schema_version": 1, "status": "PASS", "tap_count": 7, "typed_input_count": 2, "typed_input_names": "h|x", "up": 3, "warmup_runs": 20}
[stage08] identity and status
+---------+--------------------+--------+----------------+-------+--------+----------+--------------------------+--------+------------+
| target  | scale_id           | device | backend        | dtype | warmup | measured | timing_scope             | status | error_code |
+---------+--------------------+--------+----------------+-------+--------+----------+--------------------------+--------+------------+
| upfirdn | upfirdn_int16_10e3 | CPU    | not_applicable | INT16 | 20     | 100      | compatibility/end-to-end | PASS   | OK         |
| upfirdn | upfirdn_int16_10e3 | GPU    | not_applicable | INT16 | 20     | 100      | compatibility/end-to-end | PASS   | OK         |
+---------+--------------------+--------+----------------+-------+--------+----------+--------------------------+--------+------------+

[stage08] timing detail
+--------+---------------------+---------------------+---------------------+---------------------+---------------------+---------------------+-----------------------+----------------------+---------------------+
| device | mean_ms             | p50_ms              | p95_ms              | p99_ms              | min_ms              | max_ms              | std_ms                | cv                   | speedup             |
+--------+---------------------+---------------------+---------------------+---------------------+---------------------+---------------------+-----------------------+----------------------+---------------------+
| CPU    | 0.11280538          | 0.11254             | 0.11266195          | 0.1234928           | 0.112251            | 0.123671            | 0.0017357672181487931 | 0.015387273356543749 | NA                  |
| GPU    | 0.48756808000000001 | 0.48424250000000002 | 0.50295995000000004 | 0.56853921000000063 | 0.47210200000000002 | 0.68201400000000001 | 0.022616475833639512  | 0.046386293035506981 | 0.23136334109484771 |
+--------+---------------------+---------------------+---------------------+---------------------+---------------------+---------------------+-----------------------+----------------------+---------------------+

[stage08] accuracy detail
+--------------------------------+-----+------+-------------+---------------+-------------+----------------+--------------------------------------------------------------------------------------+--------+
| accuracy_reference             | mse | rmse | relative_l2 | relative_linf | exact_match | mismatch_count | semantic_check                                                                       | status |
+--------------------------------+-----+------+-------------+---------------+-------------+----------------+--------------------------------------------------------------------------------------+--------+
| cpu_causal_polyphase_reference | 0   | 0    | 0           | 0             | NA          | NA             | causal_polyphase_shape_ratio_axis_and_output_dtype_match_cpu:ratio=3/2;axis=1;taps=7 | PASS   |
+--------------------------------+-----+------+-------------+---------------+-------------+----------------+--------------------------------------------------------------------------------------+--------+

[stage08] resource detail
+--------+------------+--------------+-------------+------------+-------------+
| device | metric     | before_bytes | after_bytes | peak_bytes | delta_bytes |
+--------+------------+--------------+-------------+------------+-------------+
| CPU    | cpu_heap   | 1457040      | 1459776     | 1466192    | 2736        |
| CPU    | rss        | 70422528     | 70422528    | 70422528   | 0           |
| GPU    | cpu_heap   | 1461712      | 1478288     | 1478304    | 16576       |
| GPU    | rss        | 70422528     | 70422528    | 70422528   | 0           |
| GPU    | gpu_memory | 408322048    | 408322048   | 408322048  | 0           |
+--------+------------+--------------+-------------+------------+-------------+

[stage08] input/output identity
+--------+------------------------------------------------------------------+------------------------------------------------------------------+
| device | input_digest                                                     | output_digest                                                    |
+--------+------------------------------------------------------------------+------------------------------------------------------------------+
| CPU    | 8b1ba7fa72357d03304af88cc6ee97b870d9531c9d45af6a91969ee3066134c6 | 48d2331d6d1b94b190672be953d73c435781a41921caf23cebfd3a52d12cb9c3 |
| GPU    | 8b1ba7fa72357d03304af88cc6ee97b870d9531c9d45af6a91969ee3066134c6 | 48d2331d6d1b94b190672be953d73c435781a41921caf23cebfd3a52d12cb9c3 |
+--------+------------------------------------------------------------------+------------------------------------------------------------------+

[stage08] input content
+------------+---------+-------+----------+----------------------------------------------+----------------------------------------------+
| input_name | shape   | dtype | elements | generator                                    | values(head4/tail2)                          |
+------------+---------+-------+----------+----------------------------------------------+----------------------------------------------+
| h          | [7]     | INT16 | 7        | upfirdn_modular(seed=84440003,integral=true) | i=0:1;i=1:0;i=2:-1;i=3:-2;i=5:-4;i=6:4       |
| x          | [32x32] | INT16 | 1024     | upfirdn_modular(seed=84440002,integral=true) | i=0:0;i=1:-1;i=2:-2;i=3:-3;i=1022:4;i=1023:3 |
+------------+---------+-------+----------+----------------------------------------------+----------------------------------------------+

[stage08] case parameters
+------------------------------------------------------------------------------------------------------------------+
| parameters                                                                                                       |
+------------------------------------------------------------------------------------------------------------------+
| {"axis":"1","cols":"32","down":"2","dtype":"INT16","rank":"2","rows":"32","seed":"84440002","taps":"7","up":"3"} |
+------------------------------------------------------------------------------------------------------------------+

[stage08] dtype evidence
+-----------------+--------------------+--------------+------------------------------------------------------------------+--------+
| requested_dtype | config_input_dtype | output_dtype | actual_input_digest                                              | status |
+-----------------+--------------------+--------------+------------------------------------------------------------------+--------+
| INT16           | NA                 | FP32         | 8b1ba7fa72357d03304af88cc6ee97b870d9531c9d45af6a91969ee3066134c6 | PASS   |
+-----------------+--------------------+--------------+------------------------------------------------------------------+--------+

[stage08] evidence files
+----------------+---------------------------------------------------------------------------------------------------------------------------------------------------------------------------------------------------------------------------------------------------+
| kind           | path                                                                                                                                                                                                                                              |
+----------------+---------------------------------------------------------------------------------------------------------------------------------------------------------------------------------------------------------------------------------------------------+
| dtype_csv      | /tmp/ZKX_dev/results/stage08_input_preview_b04_upfirdn_db927ed96663/formal/20260810T083724Z_db927ed96663_stage08_b04_formal_b405000b/operator_dtype_evidence_upfirdn_not_applicable_20260810T083724Z_db927ed96663_stage08_b04_formal_b405000b.csv |
| memory_csv     | /tmp/ZKX_dev/results/stage08_input_preview_b04_upfirdn_db927ed96663/formal/20260810T083724Z_db927ed96663_stage08_b04_formal_b405000b/operator_filtering_upfirdn_memory_trace_not_applicable.csv                                                   |
| main_csv       | /tmp/ZKX_dev/results/stage08_input_preview_b04_upfirdn_db927ed96663/formal/20260810T083724Z_db927ed96663_stage08_b04_formal_b405000b/operator_main_results_upfirdn_not_applicable_20260810T083724Z_db927ed96663_stage08_b04_formal_b405000b.csv   |
| timing_csv     | /tmp/ZKX_dev/results/stage08_input_preview_b04_upfirdn_db927ed96663/formal/20260810T083724Z_db927ed96663_stage08_b04_formal_b405000b/operator_timing_samples_upfirdn_not_applicable_20260810T083724Z_db927ed96663_stage08_b04_formal_b405000b.csv |
| full_log       | /tmp/ZKX_dev/results/stage08_input_preview_b04_upfirdn_db927ed96663/formal/20260810T083724Z_db927ed96663_stage08_b04_formal_b405000b/operator_upfirdn_full.log                                                                                    |
| report_json    | /tmp/ZKX_dev/results/stage08_input_preview_b04_upfirdn_db927ed96663/formal/20260810T083724Z_db927ed96663_stage08_b04_formal_b405000b/operator_upfirdn_report.json                                                                                 |
| summary_txt    | /tmp/ZKX_dev/results/stage08_input_preview_b04_upfirdn_db927ed96663/formal/20260810T083724Z_db927ed96663_stage08_b04_formal_b405000b/operator_upfirdn_summary.txt                                                                                 |
| probe_raw_json | /tmp/ZKX_dev/results/stage08_input_preview_b04_upfirdn_db927ed96663/formal/20260810T083724Z_db927ed96663_stage08_b04_formal_b405000b/upfirdn_probe_raw.json                                                                                       |
+----------------+---------------------------------------------------------------------------------------------------------------------------------------------------------------------------------------------------------------------------------------------------+
