[stage08-b01] operator=general_gaussian entry=cpu:general_gaussian_typed_cpu gpu:general_gaussian_device
[stage08-b01] config=test_all/configs/operators/windows/general_gaussian/operator_scales.json config_sha256=5d6f2dd75b763122028b82c7fc144e476d8fa07150cda991f6306e7007f350ee
[stage08-b01] run_type=formal scale=general_gaussian_int8_10e3 dtype=INT8 sym=true backend=not_applicable
[stage08-b01] dtype_semantics=actual_typed_scalar_inputs typed_input_count=2 actual_input_digest=6c20ceabea23cfc62057b9b9cd8e83657cd43320b119d3dde9e68d86277cd40f
[stage08-b01] timing_scope=compatibility/end-to-end warmup=20 measured=100
[stage08-b01] cpu_mean_ms=0.050837039999999979 gpu_mean_ms=0.26351226999999999 speedup=0.19292095961983091
[stage08-b01] mse=2.093612794107234e-16 rmse=1.4469322009366003e-08 relative_l2=4.2479818756840769e-08 relative_linf=8.7916172172851479e-08
[stage08-b01] resources=available cuda_event_ms=0.28115999698638916
[stage08-b01] status=PASS error_code=OK
[stage08] identity and status
target           | scale_id                   | device | backend        | dtype | warmup | measured | timing_scope             | status | error_code
general_gaussian | general_gaussian_int8_10e3 | CPU    | not_applicable | INT8  | 20     | 100      | compatibility/end-to-end | PASS   | OK        
general_gaussian | general_gaussian_int8_10e3 | GPU    | not_applicable | INT8  | 20     | 100      | compatibility/end-to-end | PASS   | OK        

[stage08] timing detail
device | mean_ms              | p50_ms              | p95_ms     | p99_ms              | min_ms               | max_ms               | std_ms                 | cv                   | speedup            
CPU    | 0.050837039999999979 | 0.05074             | 0.05092    | 0.05136660000000004 | 0.050229999999999997 | 0.058950000000000002 | 0.00082520783951680948 | 0.016232413207315173 | NA                 
GPU    | 0.26351226999999999  | 0.25892599999999999 | 0.28332995 | 0.34756070000000022 | 0.253751             | 0.400001             | 0.019349470468648489   | 0.073429106237248423 | 0.19292095961983091

[stage08] accuracy detail
accuracy_reference  | mse                   | rmse                   | relative_l2            | relative_linf          | exact_match | mismatch_count | semantic_check                                                                                | status
cpu_typed_reference | 2.093612794107234e-16 | 1.4469322009366003e-08 | 4.2479818756840769e-08 | 8.7916172172851479e-08 | NA          | NA             | finite_fp64_window_shape_power_width_and_symmetry_match_cpu:shape=[1000];finite=true;sym=true | PASS  

[stage08] resource detail
device | metric     | before_bytes | after_bytes | peak_bytes | delta_bytes
CPU    | cpu_heap   | 1465536      | 1469312     | 1476208    | 3776       
CPU    | rss        | 70520832     | 70520832    | 70520832   | 0          
GPU    | cpu_heap   | 1469408      | 1472560     | 1479520    | 3152       
GPU    | rss        | 70520832     | 70520832    | 70520832   | 0          
GPU    | gpu_memory | 408322048    | 408322048   | 408322048  | 0          

[stage08] input/output identity
device | input_digest                                                     | output_digest                                                   
CPU    | 6c20ceabea23cfc62057b9b9cd8e83657cd43320b119d3dde9e68d86277cd40f | 487caa9cabeac3a42de0879cac62f14e08b269a3addb0f7742bf9c38cbe2e444
GPU    | 6c20ceabea23cfc62057b9b9cd8e83657cd43320b119d3dde9e68d86277cd40f | 8a2a1245b8dec789f6af86aebd10eaaf2ab97d19d9017e5edc429d14b4074d1e

[stage08] input content
input_name       | shape  | dtype       | elements | generator                                           | values(head4/tail2)                                                                              
window_positions | [1000] | INDEX_INT64 | 1000     | implicit_window_index_domain(no_materialized_array) | i=0:position=0;i=1:position=1;i=2:position=2;i=3:position=3;i=998:position=998;i=999:position=999
power            | scalar | INT8        | 1        | exact_config_scalar                                 | value=2                                                                                          
width            | scalar | INT8        | 1        | exact_config_scalar                                 | value=64                                                                                         

[stage08] case parameters
parameters                                                              
{"length":1000,"requested_dtype":"INT8","sym":true,"power":2,"width":64}

[stage08] dtype evidence
requested_dtype | config_input_dtype | output_dtype | actual_input_digest                                              | status
INT8            | INT8               | FP64         | 6c20ceabea23cfc62057b9b9cd8e83657cd43320b119d3dde9e68d86277cd40f | PASS  

[stage08] evidence files
kind        | path                                                                                                                                                                                                                                                               
main_csv    | /tmp/ZKX_dev/results/stage08_input_preview_b01_general_gaussian_8b745f9a6864/formal/20260810T082124Z_8b745f9a6864_stage08_b01_formal_a103001b/operator_main_results_general_gaussian_not_applicable_20260810T082124Z_8b745f9a6864_stage08_b01_formal_a103001b.csv  
timing_csv  | /tmp/ZKX_dev/results/stage08_input_preview_b01_general_gaussian_8b745f9a6864/formal/20260810T082124Z_8b745f9a6864_stage08_b01_formal_a103001b/operator_timing_samples_general_gaussian_not_applicable_20260810T082124Z_8b745f9a6864_stage08_b01_formal_a103001b.csv
memory_csv  | /tmp/ZKX_dev/results/stage08_input_preview_b01_general_gaussian_8b745f9a6864/formal/20260810T082124Z_8b745f9a6864_stage08_b01_formal_a103001b/operator_windows_general_gaussian_memory_trace_not_applicable.csv                                                    
input_csv   | /tmp/ZKX_dev/results/stage08_input_preview_b01_general_gaussian_8b745f9a6864/formal/20260810T082124Z_8b745f9a6864_stage08_b01_formal_a103001b/operator_input_evidence_general_gaussian_not_applicable_20260810T082124Z_8b745f9a6864_stage08_b01_formal_a103001b.csv
dtype_csv   | /tmp/ZKX_dev/results/stage08_input_preview_b01_general_gaussian_8b745f9a6864/formal/20260810T082124Z_8b745f9a6864_stage08_b01_formal_a103001b/operator_dtype_evidence_general_gaussian_not_applicable_20260810T082124Z_8b745f9a6864_stage08_b01_formal_a103001b.csv
module_csv  | /tmp/ZKX_dev/results/stage08_input_preview_b01_general_gaussian_8b745f9a6864/formal/20260810T082124Z_8b745f9a6864_stage08_b01_formal_a103001b/windows_batch01_module_summary_not_applicable_20260810T082124Z_8b745f9a6864_stage08_b01_formal_a103001b.csv          
report_json | /tmp/ZKX_dev/results/stage08_input_preview_b01_general_gaussian_8b745f9a6864/formal/20260810T082124Z_8b745f9a6864_stage08_b01_formal_a103001b/operator_general_gaussian_report.json                                                                                
summary_txt | /tmp/ZKX_dev/results/stage08_input_preview_b01_general_gaussian_8b745f9a6864/formal/20260810T082124Z_8b745f9a6864_stage08_b01_formal_a103001b/operator_general_gaussian_summary.txt                                                                                
full_log    | /tmp/ZKX_dev/results/stage08_input_preview_b01_general_gaussian_8b745f9a6864/formal/20260810T082124Z_8b745f9a6864_stage08_b01_formal_a103001b/operator_general_gaussian_full.log                                                                                   
results_dir | /tmp/ZKX_dev/results/stage08_input_preview_b01_general_gaussian_8b745f9a6864/formal/20260810T082124Z_8b745f9a6864_stage08_b01_formal_a103001b                                                                                                                      
