sample_index=0 cpu_pipeline_ms=82.436 gpu_pipeline_ms=12.1271 cpu_resource_sampling_overhead_ms=0.144893 gpu_resource_sampling_overhead_ms=0.03362 semantic_gates=16/16 timing_direct=true resource_overhead_excluded=true step_sum_used=false status=PASS
sample_index=1 cpu_pipeline_ms=82.4841 gpu_pipeline_ms=12.135 cpu_resource_sampling_overhead_ms=0.145421 gpu_resource_sampling_overhead_ms=0.03299 semantic_gates=16/16 timing_direct=true resource_overhead_excluded=true step_sum_used=false status=PASS
sample_index=2 cpu_pipeline_ms=82.1312 gpu_pipeline_ms=11.9461 cpu_resource_sampling_overhead_ms=0.156981 gpu_resource_sampling_overhead_ms=0.033371 semantic_gates=16/16 timing_direct=true resource_overhead_excluded=true step_sum_used=false status=PASS
sample_index=3 cpu_pipeline_ms=82.4004 gpu_pipeline_ms=11.9232 cpu_resource_sampling_overhead_ms=0.139102 gpu_resource_sampling_overhead_ms=0.03288 semantic_gates=16/16 timing_direct=true resource_overhead_excluded=true step_sum_used=false status=PASS
sample_index=4 cpu_pipeline_ms=82.3085 gpu_pipeline_ms=14.0323 cpu_resource_sampling_overhead_ms=0.162803 gpu_resource_sampling_overhead_ms=0.03388 semantic_gates=16/16 timing_direct=true resource_overhead_excluded=true step_sum_used=false status=PASS
sample_index=5 cpu_pipeline_ms=80.4918 gpu_pipeline_ms=11.6801 cpu_resource_sampling_overhead_ms=0.165122 gpu_resource_sampling_overhead_ms=0.03293 semantic_gates=16/16 timing_direct=true resource_overhead_excluded=true step_sum_used=false status=PASS
sample_index=6 cpu_pipeline_ms=80.748 gpu_pipeline_ms=11.2155 cpu_resource_sampling_overhead_ms=0.139081 gpu_resource_sampling_overhead_ms=0.03244 semantic_gates=16/16 timing_direct=true resource_overhead_excluded=true step_sum_used=false status=PASS
sample_index=7 cpu_pipeline_ms=80.4668 gpu_pipeline_ms=11.6004 cpu_resource_sampling_overhead_ms=0.149861 gpu_resource_sampling_overhead_ms=0.03245 semantic_gates=16/16 timing_direct=true resource_overhead_excluded=true step_sum_used=false status=PASS
sample_index=8 cpu_pipeline_ms=80.3621 gpu_pipeline_ms=11.2975 cpu_resource_sampling_overhead_ms=0.160221 gpu_resource_sampling_overhead_ms=0.03169 semantic_gates=16/16 timing_direct=true resource_overhead_excluded=true step_sum_used=false status=PASS
sample_index=9 cpu_pipeline_ms=80.6187 gpu_pipeline_ms=11.0615 cpu_resource_sampling_overhead_ms=0.176901 gpu_resource_sampling_overhead_ms=0.05311 semantic_gates=16/16 timing_direct=true resource_overhead_excluded=true step_sum_used=false status=PASS
sample_index=10 cpu_pipeline_ms=80.527 gpu_pipeline_ms=11.3026 cpu_resource_sampling_overhead_ms=0.148481 gpu_resource_sampling_overhead_ms=0.03202 semantic_gates=16/16 timing_direct=true resource_overhead_excluded=true step_sum_used=false status=PASS
sample_index=11 cpu_pipeline_ms=81.3866 gpu_pipeline_ms=11.1656 cpu_resource_sampling_overhead_ms=0.164191 gpu_resource_sampling_overhead_ms=0.03182 semantic_gates=16/16 timing_direct=true resource_overhead_excluded=true step_sum_used=false status=PASS
sample_index=12 cpu_pipeline_ms=80.6442 gpu_pipeline_ms=10.9601 cpu_resource_sampling_overhead_ms=0.143291 gpu_resource_sampling_overhead_ms=0.031671 semantic_gates=16/16 timing_direct=true resource_overhead_excluded=true step_sum_used=false status=PASS
sample_index=13 cpu_pipeline_ms=84.45 gpu_pipeline_ms=11.3127 cpu_resource_sampling_overhead_ms=0.165012 gpu_resource_sampling_overhead_ms=0.03373 semantic_gates=16/16 timing_direct=true resource_overhead_excluded=true step_sum_used=false status=PASS
sample_index=14 cpu_pipeline_ms=80.8094 gpu_pipeline_ms=11.1701 cpu_resource_sampling_overhead_ms=0.146003 gpu_resource_sampling_overhead_ms=0.0306 semantic_gates=16/16 timing_direct=true resource_overhead_excluded=true step_sum_used=false status=PASS
sample_index=15 cpu_pipeline_ms=81.3869 gpu_pipeline_ms=11.1168 cpu_resource_sampling_overhead_ms=0.164703 gpu_resource_sampling_overhead_ms=0.03101 semantic_gates=16/16 timing_direct=true resource_overhead_excluded=true step_sum_used=false status=PASS
sample_index=16 cpu_pipeline_ms=86.3024 gpu_pipeline_ms=11.5188 cpu_resource_sampling_overhead_ms=0.173171 gpu_resource_sampling_overhead_ms=0.03321 semantic_gates=16/16 timing_direct=true resource_overhead_excluded=true step_sum_used=false status=PASS
sample_index=17 cpu_pipeline_ms=83.4789 gpu_pipeline_ms=11.2244 cpu_resource_sampling_overhead_ms=0.17188 gpu_resource_sampling_overhead_ms=0.031691 semantic_gates=16/16 timing_direct=true resource_overhead_excluded=true step_sum_used=false status=PASS
sample_index=18 cpu_pipeline_ms=80.7636 gpu_pipeline_ms=11.0496 cpu_resource_sampling_overhead_ms=0.154731 gpu_resource_sampling_overhead_ms=0.03179 semantic_gates=16/16 timing_direct=true resource_overhead_excluded=true step_sum_used=false status=PASS
sample_index=19 cpu_pipeline_ms=80.8281 gpu_pipeline_ms=11.1207 cpu_resource_sampling_overhead_ms=0.143222 gpu_resource_sampling_overhead_ms=0.03171 semantic_gates=16/16 timing_direct=true resource_overhead_excluded=true step_sum_used=false status=PASS
sample_index=20 cpu_pipeline_ms=80.7434 gpu_pipeline_ms=11.2962 cpu_resource_sampling_overhead_ms=0.16356 gpu_resource_sampling_overhead_ms=0.03148 semantic_gates=16/16 timing_direct=true resource_overhead_excluded=true step_sum_used=false status=PASS
sample_index=21 cpu_pipeline_ms=80.9495 gpu_pipeline_ms=11.0884 cpu_resource_sampling_overhead_ms=0.170171 gpu_resource_sampling_overhead_ms=0.030661 semantic_gates=16/16 timing_direct=true resource_overhead_excluded=true step_sum_used=false status=PASS
sample_index=22 cpu_pipeline_ms=80.7803 gpu_pipeline_ms=10.9213 cpu_resource_sampling_overhead_ms=0.13953 gpu_resource_sampling_overhead_ms=0.03117 semantic_gates=16/16 timing_direct=true resource_overhead_excluded=true step_sum_used=false status=PASS
sample_index=23 cpu_pipeline_ms=82.9129 gpu_pipeline_ms=11.1056 cpu_resource_sampling_overhead_ms=0.154301 gpu_resource_sampling_overhead_ms=0.03099 semantic_gates=16/16 timing_direct=true resource_overhead_excluded=true step_sum_used=false status=PASS
sample_index=24 cpu_pipeline_ms=80.1088 gpu_pipeline_ms=11.2194 cpu_resource_sampling_overhead_ms=0.143321 gpu_resource_sampling_overhead_ms=0.03067 semantic_gates=16/16 timing_direct=true resource_overhead_excluded=true step_sum_used=false status=PASS
sample_index=25 cpu_pipeline_ms=80.6117 gpu_pipeline_ms=10.8387 cpu_resource_sampling_overhead_ms=0.154291 gpu_resource_sampling_overhead_ms=0.03084 semantic_gates=16/16 timing_direct=true resource_overhead_excluded=true step_sum_used=false status=PASS
sample_index=26 cpu_pipeline_ms=80.9494 gpu_pipeline_ms=10.5204 cpu_resource_sampling_overhead_ms=0.149881 gpu_resource_sampling_overhead_ms=0.03113 semantic_gates=16/16 timing_direct=true resource_overhead_excluded=true step_sum_used=false status=PASS
sample_index=27 cpu_pipeline_ms=81.241 gpu_pipeline_ms=10.6881 cpu_resource_sampling_overhead_ms=0.149461 gpu_resource_sampling_overhead_ms=0.031161 semantic_gates=16/16 timing_direct=true resource_overhead_excluded=true step_sum_used=false status=PASS
sample_index=28 cpu_pipeline_ms=80.5587 gpu_pipeline_ms=10.5918 cpu_resource_sampling_overhead_ms=0.14252 gpu_resource_sampling_overhead_ms=0.0317 semantic_gates=16/16 timing_direct=true resource_overhead_excluded=true step_sum_used=false status=PASS
sample_index=29 cpu_pipeline_ms=80.9218 gpu_pipeline_ms=10.5654 cpu_resource_sampling_overhead_ms=0.142962 gpu_resource_sampling_overhead_ms=0.031301 semantic_gates=16/16 timing_direct=true resource_overhead_excluded=true step_sum_used=false status=PASS
sample_index=30 cpu_pipeline_ms=81.6866 gpu_pipeline_ms=10.6389 cpu_resource_sampling_overhead_ms=0.157992 gpu_resource_sampling_overhead_ms=0.03148 semantic_gates=16/16 timing_direct=true resource_overhead_excluded=true step_sum_used=false status=PASS
sample_index=31 cpu_pipeline_ms=80.9623 gpu_pipeline_ms=10.7944 cpu_resource_sampling_overhead_ms=0.157122 gpu_resource_sampling_overhead_ms=0.03061 semantic_gates=16/16 timing_direct=true resource_overhead_excluded=true step_sum_used=false status=PASS
sample_index=32 cpu_pipeline_ms=80.5367 gpu_pipeline_ms=10.7371 cpu_resource_sampling_overhead_ms=0.142452 gpu_resource_sampling_overhead_ms=0.03111 semantic_gates=16/16 timing_direct=true resource_overhead_excluded=true step_sum_used=false status=PASS
sample_index=33 cpu_pipeline_ms=81.1876 gpu_pipeline_ms=10.6048 cpu_resource_sampling_overhead_ms=0.163371 gpu_resource_sampling_overhead_ms=0.031101 semantic_gates=16/16 timing_direct=true resource_overhead_excluded=true step_sum_used=false status=PASS
sample_index=34 cpu_pipeline_ms=80.8798 gpu_pipeline_ms=10.5846 cpu_resource_sampling_overhead_ms=0.172663 gpu_resource_sampling_overhead_ms=0.03121 semantic_gates=16/16 timing_direct=true resource_overhead_excluded=true step_sum_used=false status=PASS
sample_index=35 cpu_pipeline_ms=83.7723 gpu_pipeline_ms=11.1198 cpu_resource_sampling_overhead_ms=0.16054 gpu_resource_sampling_overhead_ms=0.03146 semantic_gates=16/16 timing_direct=true resource_overhead_excluded=true step_sum_used=false status=PASS
sample_index=36 cpu_pipeline_ms=80.3202 gpu_pipeline_ms=10.7366 cpu_resource_sampling_overhead_ms=0.150921 gpu_resource_sampling_overhead_ms=0.031341 semantic_gates=16/16 timing_direct=true resource_overhead_excluded=true step_sum_used=false status=PASS
sample_index=37 cpu_pipeline_ms=83.869 gpu_pipeline_ms=10.7029 cpu_resource_sampling_overhead_ms=0.154751 gpu_resource_sampling_overhead_ms=0.03066 semantic_gates=16/16 timing_direct=true resource_overhead_excluded=true step_sum_used=false status=PASS
sample_index=38 cpu_pipeline_ms=85.2035 gpu_pipeline_ms=10.665 cpu_resource_sampling_overhead_ms=0.181652 gpu_resource_sampling_overhead_ms=0.030971 semantic_gates=16/16 timing_direct=true resource_overhead_excluded=true step_sum_used=false status=PASS
sample_index=39 cpu_pipeline_ms=80.5449 gpu_pipeline_ms=10.9296 cpu_resource_sampling_overhead_ms=0.147851 gpu_resource_sampling_overhead_ms=0.031361 semantic_gates=16/16 timing_direct=true resource_overhead_excluded=true step_sum_used=false status=PASS
sample_index=40 cpu_pipeline_ms=80.8523 gpu_pipeline_ms=10.8279 cpu_resource_sampling_overhead_ms=0.170601 gpu_resource_sampling_overhead_ms=0.03104 semantic_gates=16/16 timing_direct=true resource_overhead_excluded=true step_sum_used=false status=PASS
sample_index=41 cpu_pipeline_ms=80.4744 gpu_pipeline_ms=10.6505 cpu_resource_sampling_overhead_ms=0.14053 gpu_resource_sampling_overhead_ms=0.03138 semantic_gates=16/16 timing_direct=true resource_overhead_excluded=true step_sum_used=false status=PASS
sample_index=42 cpu_pipeline_ms=81.1561 gpu_pipeline_ms=10.7192 cpu_resource_sampling_overhead_ms=0.14922 gpu_resource_sampling_overhead_ms=0.03133 semantic_gates=16/16 timing_direct=true resource_overhead_excluded=true step_sum_used=false status=PASS
sample_index=43 cpu_pipeline_ms=80.3915 gpu_pipeline_ms=10.899 cpu_resource_sampling_overhead_ms=0.152961 gpu_resource_sampling_overhead_ms=0.03186 semantic_gates=16/16 timing_direct=true resource_overhead_excluded=true step_sum_used=false status=PASS
sample_index=44 cpu_pipeline_ms=80.4411 gpu_pipeline_ms=10.6821 cpu_resource_sampling_overhead_ms=0.144001 gpu_resource_sampling_overhead_ms=0.03189 semantic_gates=16/16 timing_direct=true resource_overhead_excluded=true step_sum_used=false status=PASS
sample_index=45 cpu_pipeline_ms=80.3938 gpu_pipeline_ms=10.6399 cpu_resource_sampling_overhead_ms=0.153102 gpu_resource_sampling_overhead_ms=0.03179 semantic_gates=16/16 timing_direct=true resource_overhead_excluded=true step_sum_used=false status=PASS
sample_index=46 cpu_pipeline_ms=80.6985 gpu_pipeline_ms=10.8395 cpu_resource_sampling_overhead_ms=0.173091 gpu_resource_sampling_overhead_ms=0.03214 semantic_gates=16/16 timing_direct=true resource_overhead_excluded=true step_sum_used=false status=PASS
sample_index=47 cpu_pipeline_ms=81.0104 gpu_pipeline_ms=10.8594 cpu_resource_sampling_overhead_ms=0.158803 gpu_resource_sampling_overhead_ms=0.032071 semantic_gates=16/16 timing_direct=true resource_overhead_excluded=true step_sum_used=false status=PASS
sample_index=48 cpu_pipeline_ms=80.3397 gpu_pipeline_ms=10.7862 cpu_resource_sampling_overhead_ms=0.172831 gpu_resource_sampling_overhead_ms=0.03154 semantic_gates=16/16 timing_direct=true resource_overhead_excluded=true step_sum_used=false status=PASS
sample_index=49 cpu_pipeline_ms=82.7347 gpu_pipeline_ms=10.992 cpu_resource_sampling_overhead_ms=0.152622 gpu_resource_sampling_overhead_ms=0.03125 semantic_gates=16/16 timing_direct=true resource_overhead_excluded=true step_sum_used=false status=PASS
sample_index=50 cpu_pipeline_ms=80.6209 gpu_pipeline_ms=10.9208 cpu_resource_sampling_overhead_ms=0.152381 gpu_resource_sampling_overhead_ms=0.03141 semantic_gates=16/16 timing_direct=true resource_overhead_excluded=true step_sum_used=false status=PASS
sample_index=51 cpu_pipeline_ms=80.5928 gpu_pipeline_ms=11.0128 cpu_resource_sampling_overhead_ms=0.156682 gpu_resource_sampling_overhead_ms=0.03128 semantic_gates=16/16 timing_direct=true resource_overhead_excluded=true step_sum_used=false status=PASS
sample_index=52 cpu_pipeline_ms=80.9266 gpu_pipeline_ms=10.9143 cpu_resource_sampling_overhead_ms=0.150452 gpu_resource_sampling_overhead_ms=0.03182 semantic_gates=16/16 timing_direct=true resource_overhead_excluded=true step_sum_used=false status=PASS
sample_index=53 cpu_pipeline_ms=80.3182 gpu_pipeline_ms=10.9145 cpu_resource_sampling_overhead_ms=0.157541 gpu_resource_sampling_overhead_ms=0.031631 semantic_gates=16/16 timing_direct=true resource_overhead_excluded=true step_sum_used=false status=PASS
sample_index=54 cpu_pipeline_ms=80.6133 gpu_pipeline_ms=11.184 cpu_resource_sampling_overhead_ms=0.146421 gpu_resource_sampling_overhead_ms=0.03126 semantic_gates=16/16 timing_direct=true resource_overhead_excluded=true step_sum_used=false status=PASS
sample_index=55 cpu_pipeline_ms=81.347 gpu_pipeline_ms=10.95 cpu_resource_sampling_overhead_ms=0.167253 gpu_resource_sampling_overhead_ms=0.03144 semantic_gates=16/16 timing_direct=true resource_overhead_excluded=true step_sum_used=false status=PASS
sample_index=56 cpu_pipeline_ms=85.6485 gpu_pipeline_ms=11.422 cpu_resource_sampling_overhead_ms=0.169342 gpu_resource_sampling_overhead_ms=0.030931 semantic_gates=16/16 timing_direct=true resource_overhead_excluded=true step_sum_used=false status=PASS
sample_index=57 cpu_pipeline_ms=80.4765 gpu_pipeline_ms=10.8661 cpu_resource_sampling_overhead_ms=0.142062 gpu_resource_sampling_overhead_ms=0.03133 semantic_gates=16/16 timing_direct=true resource_overhead_excluded=true step_sum_used=false status=PASS
sample_index=58 cpu_pipeline_ms=80.7362 gpu_pipeline_ms=11.0418 cpu_resource_sampling_overhead_ms=0.15905 gpu_resource_sampling_overhead_ms=0.031631 semantic_gates=16/16 timing_direct=true resource_overhead_excluded=true step_sum_used=false status=PASS
sample_index=59 cpu_pipeline_ms=80.9087 gpu_pipeline_ms=10.7806 cpu_resource_sampling_overhead_ms=0.14591 gpu_resource_sampling_overhead_ms=0.031481 semantic_gates=16/16 timing_direct=true resource_overhead_excluded=true step_sum_used=false status=PASS
sample_index=60 cpu_pipeline_ms=80.6397 gpu_pipeline_ms=11.1285 cpu_resource_sampling_overhead_ms=0.147553 gpu_resource_sampling_overhead_ms=0.03163 semantic_gates=16/16 timing_direct=true resource_overhead_excluded=true step_sum_used=false status=PASS
sample_index=61 cpu_pipeline_ms=80.1469 gpu_pipeline_ms=10.8807 cpu_resource_sampling_overhead_ms=0.14201 gpu_resource_sampling_overhead_ms=0.031081 semantic_gates=16/16 timing_direct=true resource_overhead_excluded=true step_sum_used=false status=PASS
sample_index=62 cpu_pipeline_ms=80.4473 gpu_pipeline_ms=10.8201 cpu_resource_sampling_overhead_ms=0.148932 gpu_resource_sampling_overhead_ms=0.031481 semantic_gates=16/16 timing_direct=true resource_overhead_excluded=true step_sum_used=false status=PASS
sample_index=63 cpu_pipeline_ms=80.4704 gpu_pipeline_ms=11.2878 cpu_resource_sampling_overhead_ms=0.15567 gpu_resource_sampling_overhead_ms=0.03188 semantic_gates=16/16 timing_direct=true resource_overhead_excluded=true step_sum_used=false status=PASS
sample_index=64 cpu_pipeline_ms=80.1255 gpu_pipeline_ms=10.9732 cpu_resource_sampling_overhead_ms=0.153702 gpu_resource_sampling_overhead_ms=0.03188 semantic_gates=16/16 timing_direct=true resource_overhead_excluded=true step_sum_used=false status=PASS
sample_index=65 cpu_pipeline_ms=81.3949 gpu_pipeline_ms=11.1262 cpu_resource_sampling_overhead_ms=0.158001 gpu_resource_sampling_overhead_ms=0.03129 semantic_gates=16/16 timing_direct=true resource_overhead_excluded=true step_sum_used=false status=PASS
sample_index=66 cpu_pipeline_ms=80.2499 gpu_pipeline_ms=11.0833 cpu_resource_sampling_overhead_ms=0.15611 gpu_resource_sampling_overhead_ms=0.03105 semantic_gates=16/16 timing_direct=true resource_overhead_excluded=true step_sum_used=false status=PASS
sample_index=67 cpu_pipeline_ms=80.5734 gpu_pipeline_ms=11.2326 cpu_resource_sampling_overhead_ms=0.150991 gpu_resource_sampling_overhead_ms=0.03131 semantic_gates=16/16 timing_direct=true resource_overhead_excluded=true step_sum_used=false status=PASS
sample_index=68 cpu_pipeline_ms=80.4555 gpu_pipeline_ms=11.3273 cpu_resource_sampling_overhead_ms=0.172323 gpu_resource_sampling_overhead_ms=0.0317 semantic_gates=16/16 timing_direct=true resource_overhead_excluded=true step_sum_used=false status=PASS
sample_index=69 cpu_pipeline_ms=80.2664 gpu_pipeline_ms=11.3378 cpu_resource_sampling_overhead_ms=0.15251 gpu_resource_sampling_overhead_ms=0.03113 semantic_gates=16/16 timing_direct=true resource_overhead_excluded=true step_sum_used=false status=PASS
sample_index=70 cpu_pipeline_ms=80.2354 gpu_pipeline_ms=11.091 cpu_resource_sampling_overhead_ms=0.150293 gpu_resource_sampling_overhead_ms=0.03123 semantic_gates=16/16 timing_direct=true resource_overhead_excluded=true step_sum_used=false status=PASS
sample_index=71 cpu_pipeline_ms=83.6332 gpu_pipeline_ms=11.517 cpu_resource_sampling_overhead_ms=0.161442 gpu_resource_sampling_overhead_ms=0.03333 semantic_gates=16/16 timing_direct=true resource_overhead_excluded=true step_sum_used=false status=PASS
sample_index=72 cpu_pipeline_ms=80.9801 gpu_pipeline_ms=10.6578 cpu_resource_sampling_overhead_ms=0.147551 gpu_resource_sampling_overhead_ms=0.03128 semantic_gates=16/16 timing_direct=true resource_overhead_excluded=true step_sum_used=false status=PASS
sample_index=73 cpu_pipeline_ms=80.8807 gpu_pipeline_ms=10.7717 cpu_resource_sampling_overhead_ms=0.15367 gpu_resource_sampling_overhead_ms=0.03136 semantic_gates=16/16 timing_direct=true resource_overhead_excluded=true step_sum_used=false status=PASS
sample_index=74 cpu_pipeline_ms=80.3377 gpu_pipeline_ms=10.7675 cpu_resource_sampling_overhead_ms=0.155562 gpu_resource_sampling_overhead_ms=0.03075 semantic_gates=16/16 timing_direct=true resource_overhead_excluded=true step_sum_used=false status=PASS
sample_index=75 cpu_pipeline_ms=82.5967 gpu_pipeline_ms=10.7179 cpu_resource_sampling_overhead_ms=0.147871 gpu_resource_sampling_overhead_ms=0.0311 semantic_gates=16/16 timing_direct=true resource_overhead_excluded=true step_sum_used=false status=PASS
sample_index=76 cpu_pipeline_ms=80.6412 gpu_pipeline_ms=10.6664 cpu_resource_sampling_overhead_ms=0.163111 gpu_resource_sampling_overhead_ms=0.03146 semantic_gates=16/16 timing_direct=true resource_overhead_excluded=true step_sum_used=false status=PASS
sample_index=77 cpu_pipeline_ms=80.1945 gpu_pipeline_ms=10.7379 cpu_resource_sampling_overhead_ms=0.152471 gpu_resource_sampling_overhead_ms=0.03144 semantic_gates=16/16 timing_direct=true resource_overhead_excluded=true step_sum_used=false status=PASS
sample_index=78 cpu_pipeline_ms=80.2016 gpu_pipeline_ms=10.8791 cpu_resource_sampling_overhead_ms=0.147592 gpu_resource_sampling_overhead_ms=0.031502 semantic_gates=16/16 timing_direct=true resource_overhead_excluded=true step_sum_used=false status=PASS
sample_index=79 cpu_pipeline_ms=80.4487 gpu_pipeline_ms=10.9334 cpu_resource_sampling_overhead_ms=0.153151 gpu_resource_sampling_overhead_ms=0.03152 semantic_gates=16/16 timing_direct=true resource_overhead_excluded=true step_sum_used=false status=PASS
sample_index=80 cpu_pipeline_ms=80.1397 gpu_pipeline_ms=10.6684 cpu_resource_sampling_overhead_ms=0.157302 gpu_resource_sampling_overhead_ms=0.03162 semantic_gates=16/16 timing_direct=true resource_overhead_excluded=true step_sum_used=false status=PASS
sample_index=81 cpu_pipeline_ms=80.5604 gpu_pipeline_ms=10.6952 cpu_resource_sampling_overhead_ms=0.15163 gpu_resource_sampling_overhead_ms=0.03155 semantic_gates=16/16 timing_direct=true resource_overhead_excluded=true step_sum_used=false status=PASS
sample_index=82 cpu_pipeline_ms=82.4826 gpu_pipeline_ms=10.8001 cpu_resource_sampling_overhead_ms=0.1666 gpu_resource_sampling_overhead_ms=0.03137 semantic_gates=16/16 timing_direct=true resource_overhead_excluded=true step_sum_used=false status=PASS
sample_index=83 cpu_pipeline_ms=80.5212 gpu_pipeline_ms=10.7592 cpu_resource_sampling_overhead_ms=0.15717 gpu_resource_sampling_overhead_ms=0.03119 semantic_gates=16/16 timing_direct=true resource_overhead_excluded=true step_sum_used=false status=PASS
sample_index=84 cpu_pipeline_ms=79.9178 gpu_pipeline_ms=10.822 cpu_resource_sampling_overhead_ms=0.143972 gpu_resource_sampling_overhead_ms=0.03098 semantic_gates=16/16 timing_direct=true resource_overhead_excluded=true step_sum_used=false status=PASS
sample_index=85 cpu_pipeline_ms=88.4218 gpu_pipeline_ms=10.6625 cpu_resource_sampling_overhead_ms=0.15108 gpu_resource_sampling_overhead_ms=0.03139 semantic_gates=16/16 timing_direct=true resource_overhead_excluded=true step_sum_used=false status=PASS
sample_index=86 cpu_pipeline_ms=88.8014 gpu_pipeline_ms=10.9643 cpu_resource_sampling_overhead_ms=0.157931 gpu_resource_sampling_overhead_ms=0.03044 semantic_gates=16/16 timing_direct=true resource_overhead_excluded=true step_sum_used=false status=PASS
sample_index=87 cpu_pipeline_ms=80.2371 gpu_pipeline_ms=10.8619 cpu_resource_sampling_overhead_ms=0.159981 gpu_resource_sampling_overhead_ms=0.031194 semantic_gates=16/16 timing_direct=true resource_overhead_excluded=true step_sum_used=false status=PASS
sample_index=88 cpu_pipeline_ms=81.1511 gpu_pipeline_ms=10.7256 cpu_resource_sampling_overhead_ms=0.157591 gpu_resource_sampling_overhead_ms=0.03137 semantic_gates=16/16 timing_direct=true resource_overhead_excluded=true step_sum_used=false status=PASS
sample_index=89 cpu_pipeline_ms=80.7008 gpu_pipeline_ms=10.7503 cpu_resource_sampling_overhead_ms=0.167722 gpu_resource_sampling_overhead_ms=0.03163 semantic_gates=16/16 timing_direct=true resource_overhead_excluded=true step_sum_used=false status=PASS
sample_index=90 cpu_pipeline_ms=80.9811 gpu_pipeline_ms=10.7784 cpu_resource_sampling_overhead_ms=0.151101 gpu_resource_sampling_overhead_ms=0.03111 semantic_gates=16/16 timing_direct=true resource_overhead_excluded=true step_sum_used=false status=PASS
sample_index=91 cpu_pipeline_ms=80.2583 gpu_pipeline_ms=10.8155 cpu_resource_sampling_overhead_ms=0.155711 gpu_resource_sampling_overhead_ms=0.03115 semantic_gates=16/16 timing_direct=true resource_overhead_excluded=true step_sum_used=false status=PASS
sample_index=92 cpu_pipeline_ms=80.3015 gpu_pipeline_ms=10.7263 cpu_resource_sampling_overhead_ms=0.171983 gpu_resource_sampling_overhead_ms=0.031301 semantic_gates=16/16 timing_direct=true resource_overhead_excluded=true step_sum_used=false status=PASS
sample_index=93 cpu_pipeline_ms=80.0956 gpu_pipeline_ms=10.6902 cpu_resource_sampling_overhead_ms=0.162123 gpu_resource_sampling_overhead_ms=0.03106 semantic_gates=16/16 timing_direct=true resource_overhead_excluded=true step_sum_used=false status=PASS
sample_index=94 cpu_pipeline_ms=80.7432 gpu_pipeline_ms=10.7558 cpu_resource_sampling_overhead_ms=0.14621 gpu_resource_sampling_overhead_ms=0.0309 semantic_gates=16/16 timing_direct=true resource_overhead_excluded=true step_sum_used=false status=PASS
sample_index=95 cpu_pipeline_ms=80.541 gpu_pipeline_ms=10.6874 cpu_resource_sampling_overhead_ms=0.16516 gpu_resource_sampling_overhead_ms=0.03157 semantic_gates=16/16 timing_direct=true resource_overhead_excluded=true step_sum_used=false status=PASS
sample_index=96 cpu_pipeline_ms=80.4054 gpu_pipeline_ms=11.0029 cpu_resource_sampling_overhead_ms=0.157731 gpu_resource_sampling_overhead_ms=0.030951 semantic_gates=16/16 timing_direct=true resource_overhead_excluded=true step_sum_used=false status=PASS
sample_index=97 cpu_pipeline_ms=80.3224 gpu_pipeline_ms=10.69 cpu_resource_sampling_overhead_ms=0.153471 gpu_resource_sampling_overhead_ms=0.03106 semantic_gates=16/16 timing_direct=true resource_overhead_excluded=true step_sum_used=false status=PASS
sample_index=98 cpu_pipeline_ms=80.5384 gpu_pipeline_ms=10.7564 cpu_resource_sampling_overhead_ms=0.139981 gpu_resource_sampling_overhead_ms=0.03172 semantic_gates=16/16 timing_direct=true resource_overhead_excluded=true step_sum_used=false status=PASS
sample_index=99 cpu_pipeline_ms=80.5232 gpu_pipeline_ms=10.6671 cpu_resource_sampling_overhead_ms=0.149621 gpu_resource_sampling_overhead_ms=0.03173 semantic_gates=16/16 timing_direct=true resource_overhead_excluded=true step_sum_used=false status=PASS
function=Task2 frozen full six-step pipeline
call_chain=Step1->Step2;Step2+Step1->Step3;Step3 dual outputs->Step4;Step4->Step5;Step5+Step4+Kalman/delay->Step6
timing=pipeline_total measured directly;not=sum(step timings)
cpu_correlation_method=direct_parallel_exact workers=255
resource_sampling_mode=same_pipeline_execution
status=PASS return_code=0
