[stage07] identity and status
+--------+------------------+--------+----------------+-------+--------+----------+--------------------------+--------+------------+
| target | scale_id         | device | backend        | dtype | warmup | measured | timing_scope             | status | error_code |
+--------+------------------+--------+----------------+-------+--------+----------+--------------------------+--------+------------+
| firwin | firwin_fp32_10e3 | CPU    | not_applicable | FP32  | 20     | 100      | compatibility/end-to-end | PASS   | OK         |
| firwin | firwin_fp32_10e3 | GPU    | not_applicable | FP32  | 20     | 100      | compatibility/end-to-end | PASS   | OK         |
+--------+------------------+--------+----------------+-------+--------+----------+--------------------------+--------+------------+

[stage07] timing detail
+--------+------------+-----------+------------+---------------------+----------+----------+----------------------+----------------------+---------------------+
| device | mean_ms    | p50_ms    | p95_ms     | p99_ms              | min_ms   | max_ms   | std_ms               | cv                   | speedup             |
+--------+------------+-----------+------------+---------------------+----------+----------+----------------------+----------------------+---------------------+
| CPU    | 0.0956918  | 0.0945255 | 0.09482255 | 0.10539211000000047 | 0.093781 | 0.197572 | 0.01030194720332035  | 0.10765757570993911  | NA                  |
| GPU    | 0.30034581 | 0.2981965 | 0.327267   | 0.36002490000000026 | 0.287561 | 0.406743 | 0.015421219744686219 | 0.051344880571785635 | 0.31860541021031724 |
+--------+------------+-----------+------------+---------------------+----------+----------+----------------------+----------------------+---------------------+

[stage07] accuracy detail
+-----------------------------------+-------------+-------------+-------------+---------------+-------------+----------------+-----------------------------------------------------------+--------+
| reference                         | mse         | rmse        | relative_l2 | relative_linf | exact_match | mismatch_count | semantic_check                                            | status |
+-----------------------------------+-------------+-------------+-------------+---------------+-------------+----------------+-----------------------------------------------------------+--------+
| typed_cpu_task_resident_reference | 5.78037e-18 | 2.40424e-09 | 2.22715e-07 | 1.24189e-07   | NA          | NA             | output_count=1023;output_dtype=FP32;task_gpu_call=present | PASS   |
+-----------------------------------+-------------+-------------+-------------+---------------+-------------+----------------+-----------------------------------------------------------+--------+

[stage07] resource detail
+--------+------------+--------------+-------------+------------+-------------+
| device | metric     | before_bytes | after_bytes | peak_bytes | delta_bytes |
+--------+------------+--------------+-------------+------------+-------------+
| CPU    | cpu_heap   | 1421072      | 1433104     | 1433104    | 12032       |
| CPU    | rss        | 70365184     | 70365184    | 70365184   | 0           |
| GPU    | cpu_heap   | 1433136      | 1444784     | 1444784    | 11648       |
| GPU    | rss        | 70365184     | 70365184    | 70365184   | 0           |
| GPU    | gpu_memory | 341000192    | 341000192   | 341000192  | 0           |
+--------+------------+--------------+-------------+------------+-------------+

[stage07] input content
+------------+--------+-------+----------+-----------------------------------+-----------------------------------------------------------------------------------------------------------+
| input_name | shape  | dtype | elements | generator                         | values(head4/tail2)                                                                                       |
+------------+--------+-------+----------+-----------------------------------+-----------------------------------------------------------------------------------------------------------+
| cutoff     | [1]    | FP32  | 1        | configured_cutoff_scalar          | i=0:60.000000                                                                                             |
| window     | [1023] | FP32  | 1023     | symmetric_hamming_explicit_window | i=0:0.0799999982;i=1:0.080008693;i=2:0.0800347701;i=3:0.0800782368;i=1021:0.080008693;i=1022:0.0799999982 |
+------------+--------+-------+----------+-----------------------------------+-----------------------------------------------------------------------------------------------------------+

[stage07] case parameters
+---------------------------------------------------------------------------------------------------------------------+
| parameters                                                                                                          |
+---------------------------------------------------------------------------------------------------------------------+
| {"cutoff_hz":60,"fs_hz":1000,"numtaps":1023,"output_dtype":"FP32_TASK_RESIDENT","pass_zero":"lowpass","scale":true} |
+---------------------------------------------------------------------------------------------------------------------+

[stage07] input and output identity
+--------+------------------------------------------------------------------+------------------------------------------------------------------+
| device | input_digest                                                     | output_digest                                                    |
+--------+------------------------------------------------------------------+------------------------------------------------------------------+
| CPU    | 25d9a109e587c75f97e164639a360ad35686dfcf929bffbb64fb98be20d1e571 | 24687304739c3abbc4c47c007fafdbaaa2adfaf51e58906998d89a0bd820b624 |
| GPU    | 25d9a109e587c75f97e164639a360ad35686dfcf929bffbb64fb98be20d1e571 | 3e55ff0235de5146055a6900eb01b3386e459a46b05df90b233a985dba1c8cc1 |
+--------+------------------------------------------------------------------+------------------------------------------------------------------+

[stage07] dtype evidence
+-----------------+--------------------+--------------+------------------------------------------------------------------+------------------------------------------------------------------+----------------------+
| requested_dtype | config_input_dtype | output_dtype | typed_array_digest                                               | actual_input_digest                                              | task_gpu_call_status |
+-----------------+--------------------+--------------+------------------------------------------------------------------+------------------------------------------------------------------+----------------------+
| FP32            | FP32               | FP32         | fb7614b89815f3ebaaba34a1cbd1fe490c839c39571d6a45e3a3cff5fcb1383c | 25d9a109e587c75f97e164639a360ad35686dfcf929bffbb64fb98be20d1e571 | proved_gpu_cpu       |
+-----------------+--------------------+--------------+------------------------------------------------------------------+------------------------------------------------------------------+----------------------+

[stage07] evidence files
+-------------+---------------------------------------------------------------------------------------------------------------------------------------------------------------------------------------------------------------------------------+
| kind        | path                                                                                                                                                                                                                            |
+-------------+---------------------------------------------------------------------------------------------------------------------------------------------------------------------------------------------------------------------------------+
| main_csv    | /tmp/ZKX_dev/results/stage07_b04_formal_v2_e6d8c17/formal/20260810T103334Z_e6d8c17f237e_stage07_b04_formal_6d827fad/operator_main_results_firwin_not_applicable_20260810T103334Z_e6d8c17f237e_stage07_b04_formal_6d827fad.csv   |
| timing_csv  | /tmp/ZKX_dev/results/stage07_b04_formal_v2_e6d8c17/formal/20260810T103334Z_e6d8c17f237e_stage07_b04_formal_6d827fad/operator_timing_samples_firwin_not_applicable_20260810T103334Z_e6d8c17f237e_stage07_b04_formal_6d827fad.csv |
| memory_csv  | /tmp/ZKX_dev/results/stage07_b04_formal_v2_e6d8c17/formal/20260810T103334Z_e6d8c17f237e_stage07_b04_formal_6d827fad/operator_filter_design_firwin_memory_trace_not_applicable.csv                                               |
| dtype_csv   | /tmp/ZKX_dev/results/stage07_b04_formal_v2_e6d8c17/formal/20260810T103334Z_e6d8c17f237e_stage07_b04_formal_6d827fad/operator_dtype_evidence_firwin_not_applicable_20260810T103334Z_e6d8c17f237e_stage07_b04_formal_6d827fad.csv |
| report_json | /tmp/ZKX_dev/results/stage07_b04_formal_v2_e6d8c17/formal/20260810T103334Z_e6d8c17f237e_stage07_b04_formal_6d827fad/operator_firwin_report.json                                                                                 |
| summary_txt | /tmp/ZKX_dev/results/stage07_b04_formal_v2_e6d8c17/formal/20260810T103334Z_e6d8c17f237e_stage07_b04_formal_6d827fad/operator_firwin_summary.txt                                                                                 |
| full_log    | /tmp/ZKX_dev/results/stage07_b04_formal_v2_e6d8c17/formal/20260810T103334Z_e6d8c17f237e_stage07_b04_formal_6d827fad/operator_firwin_full.log                                                                                    |
| result_dir  | /tmp/ZKX_dev/results/stage07_b04_formal_v2_e6d8c17/formal/20260810T103334Z_e6d8c17f237e_stage07_b04_formal_6d827fad                                                                                                             |
+-------------+---------------------------------------------------------------------------------------------------------------------------------------------------------------------------------------------------------------------------------+
STAGE07_FILTER_CASE PASS operator=firwin scale=firwin_fp32_10e3 dtype=FP32 backend=not_applicable measured=100 results=/tmp/ZKX_dev/results/stage07_b04_formal_v2_e6d8c17/formal/20260810T103334Z_e6d8c17f237e_stage07_b04_formal_6d827fad
