[stage07] identity and status
+--------+-------------------+--------+----------------+-------+--------+----------+--------------------------+--------+------------+
| target | scale_id          | device | backend        | dtype | warmup | measured | timing_scope             | status | error_code |
+--------+-------------------+--------+----------------+-------+--------+----------+--------------------------+--------+------------+
| firwin | firwin_int16_10e2 | CPU    | not_applicable | INT16 | 20     | 100      | compatibility/end-to-end | PASS   | OK         |
| firwin | firwin_int16_10e2 | GPU    | not_applicable | INT16 | 20     | 100      | compatibility/end-to-end | PASS   | OK         |
+--------+-------------------+--------+----------------+-------+--------+----------+--------------------------+--------+------------+

[stage07] timing detail
+--------+----------------------+---------------------+----------+----------------------+----------+----------+-----------------------+---------------------+---------------------+
| device | mean_ms              | p50_ms              | p95_ms   | p99_ms               | min_ms   | max_ms   | std_ms                | cv                  | speedup             |
+--------+----------------------+---------------------+----------+----------------------+----------+----------+-----------------------+---------------------+---------------------+
| CPU    | 0.014315500000000002 | 0.01431             | 0.01443  | 0.014511000000000001 | 0.01417  | 0.01461  | 7.261576963718007e-05 | 0.00507252765444309 | NA                  |
| GPU    | 0.27575765           | 0.27578199999999997 | 0.281204 | 0.28949361           | 0.269171 | 0.291732 | 0.003755722610563778  | 0.01361964975609481 | 0.05191333767168382 |
+--------+----------------------+---------------------+----------+----------------------+----------+----------+-----------------------+---------------------+---------------------+

[stage07] accuracy detail
+-----------------------------------+-------------+-------------+-------------+---------------+-------------+----------------+----------------------------------------------------------+--------+
| reference                         | mse         | rmse        | relative_l2 | relative_linf | exact_match | mismatch_count | semantic_check                                           | status |
+-----------------------------------+-------------+-------------+-------------+---------------+-------------+----------------+----------------------------------------------------------+--------+
| typed_cpu_task_resident_reference | 8.09146e-18 | 2.84455e-09 | 9.49503e-08 | 1.24091e-07   | NA          | NA             | output_count=127;output_dtype=FP32;task_gpu_call=present | PASS   |
+-----------------------------------+-------------+-------------+-------------+---------------+-------------+----------------+----------------------------------------------------------+--------+

[stage07] resource detail
+--------+------------+--------------+-------------+------------+-------------+
| device | metric     | before_bytes | after_bytes | peak_bytes | delta_bytes |
+--------+------------+--------------+-------------+------------+-------------+
| CPU    | cpu_heap   | 1412080      | 1416944     | 1416944    | 4864        |
| CPU    | rss        | 70746112     | 70909952    | 70909952   | 163840      |
| GPU    | cpu_heap   | 1417008      | 1420080     | 1420080    | 3072        |
| GPU    | rss        | 70909952     | 70909952    | 70909952   | 0           |
| GPU    | gpu_memory | 341000192    | 341000192   | 341000192  | 0           |
+--------+------------+--------------+-------------+------------+-------------+

[stage07] input content
+------------+-------+-------+----------+-----------------------------------+-----------------------------------------------------------------------------------------------------------+
| input_name | shape | dtype | elements | generator                         | values(head4/tail2)                                                                                       |
+------------+-------+-------+----------+-----------------------------------+-----------------------------------------------------------------------------------------------------------+
| cutoff     | [1]   | INT16 | 1        | configured_cutoff_scalar          | i=0:60.000000                                                                                             |
| window     | [127] | FP32  | 127      | symmetric_hamming_explicit_window | i=0:0.0799999982;i=1:0.0805718154;i=2:0.0822858438;i=3:0.0851378217;i=125:0.0805718154;i=126:0.0799999982 |
+------------+-------+-------+----------+-----------------------------------+-----------------------------------------------------------------------------------------------------------+

[stage07] case parameters
+--------------------------------------------------------------------------------------------------------------------+
| parameters                                                                                                         |
+--------------------------------------------------------------------------------------------------------------------+
| {"cutoff_hz":60,"fs_hz":1000,"numtaps":127,"output_dtype":"FP32_TASK_RESIDENT","pass_zero":"lowpass","scale":true} |
+--------------------------------------------------------------------------------------------------------------------+

[stage07] input and output identity
+--------+------------------------------------------------------------------+------------------------------------------------------------------+
| device | input_digest                                                     | output_digest                                                    |
+--------+------------------------------------------------------------------+------------------------------------------------------------------+
| CPU    | f6d791d2c6d7b561c22da0a751fb3d7187f02ac3ae6ee3ccf5386680e7d34753 | 99ad17fee1848f52a1868abcd744d5586ede0f38ca49523a12607f82196fbc48 |
| GPU    | f6d791d2c6d7b561c22da0a751fb3d7187f02ac3ae6ee3ccf5386680e7d34753 | adc88920504675f2573b33878aa4cb014ac6cfdf9095987f53302c493e7ad6ce |
+--------+------------------------------------------------------------------+------------------------------------------------------------------+

[stage07] dtype evidence
+-----------------+--------------------+--------------+------------------------------------------------------------------+------------------------------------------------------------------+----------------------+
| requested_dtype | config_input_dtype | output_dtype | typed_array_digest                                               | actual_input_digest                                              | task_gpu_call_status |
+-----------------+--------------------+--------------+------------------------------------------------------------------+------------------------------------------------------------------+----------------------+
| INT16           | INT16              | FP32         | 4a2a7b898f79e4e459b8bb00c50430a11d5936ad43ee9c14660a267789f7be23 | f6d791d2c6d7b561c22da0a751fb3d7187f02ac3ae6ee3ccf5386680e7d34753 | proved_gpu_cpu       |
+-----------------+--------------------+--------------+------------------------------------------------------------------+------------------------------------------------------------------+----------------------+

[stage07] evidence files
+-------------+---------------------------------------------------------------------------------------------------------------------------------------------------------------------------------------------------------------------------------+
| kind        | path                                                                                                                                                                                                                            |
+-------------+---------------------------------------------------------------------------------------------------------------------------------------------------------------------------------------------------------------------------------+
| main_csv    | /tmp/ZKX_dev/results/stage07_b04_formal_v2_e6d8c17/formal/20260810T103336Z_e6d8c17f237e_stage07_b04_formal_17ff2a6b/operator_main_results_firwin_not_applicable_20260810T103336Z_e6d8c17f237e_stage07_b04_formal_17ff2a6b.csv   |
| timing_csv  | /tmp/ZKX_dev/results/stage07_b04_formal_v2_e6d8c17/formal/20260810T103336Z_e6d8c17f237e_stage07_b04_formal_17ff2a6b/operator_timing_samples_firwin_not_applicable_20260810T103336Z_e6d8c17f237e_stage07_b04_formal_17ff2a6b.csv |
| memory_csv  | /tmp/ZKX_dev/results/stage07_b04_formal_v2_e6d8c17/formal/20260810T103336Z_e6d8c17f237e_stage07_b04_formal_17ff2a6b/operator_filter_design_firwin_memory_trace_not_applicable.csv                                               |
| dtype_csv   | /tmp/ZKX_dev/results/stage07_b04_formal_v2_e6d8c17/formal/20260810T103336Z_e6d8c17f237e_stage07_b04_formal_17ff2a6b/operator_dtype_evidence_firwin_not_applicable_20260810T103336Z_e6d8c17f237e_stage07_b04_formal_17ff2a6b.csv |
| report_json | /tmp/ZKX_dev/results/stage07_b04_formal_v2_e6d8c17/formal/20260810T103336Z_e6d8c17f237e_stage07_b04_formal_17ff2a6b/operator_firwin_report.json                                                                                 |
| summary_txt | /tmp/ZKX_dev/results/stage07_b04_formal_v2_e6d8c17/formal/20260810T103336Z_e6d8c17f237e_stage07_b04_formal_17ff2a6b/operator_firwin_summary.txt                                                                                 |
| full_log    | /tmp/ZKX_dev/results/stage07_b04_formal_v2_e6d8c17/formal/20260810T103336Z_e6d8c17f237e_stage07_b04_formal_17ff2a6b/operator_firwin_full.log                                                                                    |
| result_dir  | /tmp/ZKX_dev/results/stage07_b04_formal_v2_e6d8c17/formal/20260810T103336Z_e6d8c17f237e_stage07_b04_formal_17ff2a6b                                                                                                             |
+-------------+---------------------------------------------------------------------------------------------------------------------------------------------------------------------------------------------------------------------------------+
STAGE07_FILTER_CASE PASS operator=firwin scale=firwin_int16_10e2 dtype=INT16 backend=not_applicable measured=100 results=/tmp/ZKX_dev/results/stage07_b04_formal_v2_e6d8c17/formal/20260810T103336Z_e6d8c17f237e_stage07_b04_formal_17ff2a6b
