[stage07] identity and status
+--------+------------------+--------+----------------+-------+--------+----------+--------------------------+--------+------------+
| target | scale_id         | device | backend        | dtype | warmup | measured | timing_scope             | status | error_code |
+--------+------------------+--------+----------------+-------+--------+----------+--------------------------+--------+------------+
| firwin | firwin_int8_10e3 | CPU    | not_applicable | INT8  | 20     | 100      | compatibility/end-to-end | PASS   | OK         |
| firwin | firwin_int8_10e3 | GPU    | not_applicable | INT8  | 20     | 100      | compatibility/end-to-end | PASS   | OK         |
+--------+------------------+--------+----------------+-------+--------+----------+--------------------------+--------+------------+

[stage07] timing detail
+--------+------------+----------+---------------------+---------------------+----------+----------+-----------------------+----------------------+--------------------+
| device | mean_ms    | p50_ms   | p95_ms              | p99_ms              | min_ms   | max_ms   | std_ms                | cv                   | speedup            |
+--------+------------+----------+---------------------+---------------------+----------+----------+-----------------------+----------------------+--------------------+
| CPU    | 0.09445131 | 0.094231 | 0.094491            | 0.1023224           | 0.09379  | 0.102461 | 0.0013789504319952905 | 0.014599590328554369 | NA                 |
| GPU    | 0.29204724 | 0.289662 | 0.30369704999999997 | 0.34863720000000004 | 0.285311 | 0.356082 | 0.009998756467801385  | 0.03423677781649772  | 0.3234110687024469 |
+--------+------------+----------+---------------------+---------------------+----------+----------+-----------------------+----------------------+--------------------+

[stage07] accuracy detail
+-----------------------------------+-------------+-------------+-------------+---------------+-------------+----------------+-----------------------------------------------------------+--------+
| reference                         | mse         | rmse        | relative_l2 | relative_linf | exact_match | mismatch_count | semantic_check                                            | status |
+-----------------------------------+-------------+-------------+-------------+---------------+-------------+----------------+-----------------------------------------------------------+--------+
| typed_cpu_task_resident_reference | 5.78037e-18 | 2.40424e-09 | 2.22715e-07 | 1.24189e-07   | NA          | NA             | output_count=1023;output_dtype=FP32;task_gpu_call=present | PASS   |
+-----------------------------------+-------------+-------------+-------------+---------------+-------------+----------------+-----------------------------------------------------------+--------+

[stage07] resource detail
+--------+------------+--------------+-------------+------------+-------------+
| device | metric     | before_bytes | after_bytes | peak_bytes | delta_bytes |
+--------+------------+--------------+-------------+------------+-------------+
| CPU    | cpu_heap   | 1421024      | 1433056     | 1433056    | 12032       |
| CPU    | rss        | 70418432     | 70418432    | 70418432   | 0           |
| GPU    | cpu_heap   | 1433088      | 1444784     | 1444784    | 11696       |
| GPU    | rss        | 70418432     | 70418432    | 70418432   | 0           |
| GPU    | gpu_memory | 341000192    | 341000192   | 341000192  | 0           |
+--------+------------+--------------+-------------+------------+-------------+

[stage07] input content
+------------+--------+-------+----------+-----------------------------------+-----------------------------------------------------------------------------------------------------------+
| input_name | shape  | dtype | elements | generator                         | values(head4/tail2)                                                                                       |
+------------+--------+-------+----------+-----------------------------------+-----------------------------------------------------------------------------------------------------------+
| cutoff     | [1]    | INT8  | 1        | configured_cutoff_scalar          | i=0:60.000000                                                                                             |
| window     | [1023] | FP32  | 1023     | symmetric_hamming_explicit_window | i=0:0.0799999982;i=1:0.080008693;i=2:0.0800347701;i=3:0.0800782368;i=1021:0.080008693;i=1022:0.0799999982 |
+------------+--------+-------+----------+-----------------------------------+-----------------------------------------------------------------------------------------------------------+

[stage07] case parameters
+---------------------------------------------------------------------------------------------------------------------+
| parameters                                                                                                          |
+---------------------------------------------------------------------------------------------------------------------+
| {"cutoff_hz":60,"fs_hz":1000,"numtaps":1023,"output_dtype":"FP32_TASK_RESIDENT","pass_zero":"lowpass","scale":true} |
+---------------------------------------------------------------------------------------------------------------------+

[stage07] input and output identity
+--------+------------------------------------------------------------------+------------------------------------------------------------------+
| device | input_digest                                                     | output_digest                                                    |
+--------+------------------------------------------------------------------+------------------------------------------------------------------+
| CPU    | d0343276a5211759e64669723537eddbe7cb4ce2c91a43b3d23b3b1a3f6ec9a9 | 24687304739c3abbc4c47c007fafdbaaa2adfaf51e58906998d89a0bd820b624 |
| GPU    | d0343276a5211759e64669723537eddbe7cb4ce2c91a43b3d23b3b1a3f6ec9a9 | 3e55ff0235de5146055a6900eb01b3386e459a46b05df90b233a985dba1c8cc1 |
+--------+------------------------------------------------------------------+------------------------------------------------------------------+

[stage07] dtype evidence
+-----------------+--------------------+--------------+------------------------------------------------------------------+------------------------------------------------------------------+----------------------+
| requested_dtype | config_input_dtype | output_dtype | typed_array_digest                                               | actual_input_digest                                              | task_gpu_call_status |
+-----------------+--------------------+--------------+------------------------------------------------------------------+------------------------------------------------------------------+----------------------+
| INT8            | INT8               | FP32         | dabd3aff769f07eb2965401eb029974ebba3407afd02b26ddb564ea5f8efae72 | d0343276a5211759e64669723537eddbe7cb4ce2c91a43b3d23b3b1a3f6ec9a9 | proved_gpu_cpu       |
+-----------------+--------------------+--------------+------------------------------------------------------------------+------------------------------------------------------------------+----------------------+

[stage07] evidence files
+-------------+---------------------------------------------------------------------------------------------------------------------------------------------------------------------------------------------------------------------------------+
| kind        | path                                                                                                                                                                                                                            |
+-------------+---------------------------------------------------------------------------------------------------------------------------------------------------------------------------------------------------------------------------------+
| main_csv    | /tmp/ZKX_dev/results/stage07_b04_formal_v2_e6d8c17/formal/20260810T103337Z_e6d8c17f237e_stage07_b04_formal_1a58898d/operator_main_results_firwin_not_applicable_20260810T103337Z_e6d8c17f237e_stage07_b04_formal_1a58898d.csv   |
| timing_csv  | /tmp/ZKX_dev/results/stage07_b04_formal_v2_e6d8c17/formal/20260810T103337Z_e6d8c17f237e_stage07_b04_formal_1a58898d/operator_timing_samples_firwin_not_applicable_20260810T103337Z_e6d8c17f237e_stage07_b04_formal_1a58898d.csv |
| memory_csv  | /tmp/ZKX_dev/results/stage07_b04_formal_v2_e6d8c17/formal/20260810T103337Z_e6d8c17f237e_stage07_b04_formal_1a58898d/operator_filter_design_firwin_memory_trace_not_applicable.csv                                               |
| dtype_csv   | /tmp/ZKX_dev/results/stage07_b04_formal_v2_e6d8c17/formal/20260810T103337Z_e6d8c17f237e_stage07_b04_formal_1a58898d/operator_dtype_evidence_firwin_not_applicable_20260810T103337Z_e6d8c17f237e_stage07_b04_formal_1a58898d.csv |
| report_json | /tmp/ZKX_dev/results/stage07_b04_formal_v2_e6d8c17/formal/20260810T103337Z_e6d8c17f237e_stage07_b04_formal_1a58898d/operator_firwin_report.json                                                                                 |
| summary_txt | /tmp/ZKX_dev/results/stage07_b04_formal_v2_e6d8c17/formal/20260810T103337Z_e6d8c17f237e_stage07_b04_formal_1a58898d/operator_firwin_summary.txt                                                                                 |
| full_log    | /tmp/ZKX_dev/results/stage07_b04_formal_v2_e6d8c17/formal/20260810T103337Z_e6d8c17f237e_stage07_b04_formal_1a58898d/operator_firwin_full.log                                                                                    |
| result_dir  | /tmp/ZKX_dev/results/stage07_b04_formal_v2_e6d8c17/formal/20260810T103337Z_e6d8c17f237e_stage07_b04_formal_1a58898d                                                                                                             |
+-------------+---------------------------------------------------------------------------------------------------------------------------------------------------------------------------------------------------------------------------------+
STAGE07_FILTER_CASE PASS operator=firwin scale=firwin_int8_10e3 dtype=INT8 backend=not_applicable measured=100 results=/tmp/ZKX_dev/results/stage07_b04_formal_v2_e6d8c17/formal/20260810T103337Z_e6d8c17f237e_stage07_b04_formal_1a58898d
