[stage07] identity and status
+--------+------------------+--------+----------------+-------+--------+----------+--------------------------+--------+------------+
| target | scale_id         | device | backend        | dtype | warmup | measured | timing_scope             | status | error_code |
+--------+------------------+--------+----------------+-------+--------+----------+--------------------------+--------+------------+
| firwin | firwin_int8_10e4 | CPU    | not_applicable | INT8  | 20     | 100      | compatibility/end-to-end | PASS   | OK         |
| firwin | firwin_int8_10e4 | GPU    | not_applicable | INT8  | 20     | 100      | compatibility/end-to-end | PASS   | OK         |
+--------+------------------+--------+----------------+-------+--------+----------+--------------------------+--------+------------+

[stage07] timing detail
+--------+--------------------+----------+--------------------+--------------------+----------+----------+----------------------+----------------------+--------------------+
| device | mean_ms            | p50_ms   | p95_ms             | p99_ms             | min_ms   | max_ms   | std_ms               | cv                   | speedup            |
+--------+--------------------+----------+--------------------+--------------------+----------+----------+----------------------+----------------------+--------------------+
| CPU    | 0.91372121         | 0.909891 | 0.9250899499999999 | 0.9300899100000004 | 0.906916 | 1.004727 | 0.010658657488910123 | 0.011665108976632078 | NA                 |
| GPU    | 0.9005234299999999 | 0.893985 | 0.932055           | 0.9847192100000006 | 0.872826 | 1.099877 | 0.027937906204386544 | 0.031024074747712613 | 1.0146556764214343 |
+--------+--------------------+----------+--------------------+--------------------+----------+----------+----------------------+----------------------+--------------------+

[stage07] accuracy detail
+-----------------------------------+-------------+-------------+-------------+---------------+-------------+----------------+------------------------------------------------------------+--------+
| reference                         | mse         | rmse        | relative_l2 | relative_linf | exact_match | mismatch_count | semantic_check                                             | status |
+-----------------------------------+-------------+-------------+-------------+---------------+-------------+----------------+------------------------------------------------------------+--------+
| typed_cpu_task_resident_reference | 5.78037e-18 | 2.40424e-09 | 2.22715e-07 | 1.24189e-07   | NA          | NA             | output_count=10230;output_dtype=FP32;task_gpu_call=present | PASS   |
+-----------------------------------+-------------+-------------+-------------+---------------+-------------+----------------+------------------------------------------------------------+--------+

[stage07] resource detail
+--------+------------+--------------+-------------+------------+-------------+
| device | metric     | before_bytes | after_bytes | peak_bytes | delta_bytes |
+--------+------------+--------------+-------------+------------+-------------+
| CPU    | cpu_heap   | 1495184      | 1580848     | 1580848    | 85664       |
| CPU    | rss        | 70815744     | 71020544    | 71020544   | 204800      |
| GPU    | cpu_heap   | 1580944      | 1667072     | 1667072    | 86128       |
| GPU    | rss        | 71020544     | 71139328    | 71139328   | 118784      |
| GPU    | gpu_memory | 341000192    | 341000192   | 341000192  | 0           |
+--------+------------+--------------+-------------+------------+-------------+

[stage07] input content
+-------------+--------+-------+----------+-----------------------------------+-----------------------------------------------------------------------------------------------------------+
| input_name  | shape  | dtype | elements | generator                         | values(head4/tail2)                                                                                       |
+-------------+--------+-------+----------+-----------------------------------+-----------------------------------------------------------------------------------------------------------+
| cutoff      | [1]    | INT8  | 1        | configured_cutoff_scalar          | i=0:60.000000                                                                                             |
| window      | [1023] | FP32  | 1023     | symmetric_hamming_explicit_window | i=0:0.0799999982;i=1:0.080008693;i=2:0.0800347701;i=3:0.0800782368;i=1021:0.080008693;i=1022:0.0799999982 |
| batch_count | [1]    | INT32 | 1        | configured_scientific_batch_count | i=0:10                                                                                                    |
+-------------+--------+-------+----------+-----------------------------------+-----------------------------------------------------------------------------------------------------------+

[stage07] case parameters
+--------------------------------------------------------------------------------------------------------------------------------------+
| parameters                                                                                                                           |
+--------------------------------------------------------------------------------------------------------------------------------------+
| {"batch_count":10,"cutoff_hz":60,"fs_hz":1000,"numtaps":1023,"output_dtype":"FP32_TASK_RESIDENT","pass_zero":"lowpass","scale":true} |
+--------------------------------------------------------------------------------------------------------------------------------------+

[stage07] input and output identity
+--------+------------------------------------------------------------------+------------------------------------------------------------------+
| device | input_digest                                                     | output_digest                                                    |
+--------+------------------------------------------------------------------+------------------------------------------------------------------+
| CPU    | 9bd8f969e090b169425750550b9d97b7ee3b77761aefa3da0a486f4b55716696 | 0bc342492f02a2190f2b40252ec560c43e345c69849c464e509354ac47302b1f |
| GPU    | 9bd8f969e090b169425750550b9d97b7ee3b77761aefa3da0a486f4b55716696 | 2a8d0d33a8487e87570a732a13559ec22a69d4feea90cc39255278ffb23ccad3 |
+--------+------------------------------------------------------------------+------------------------------------------------------------------+

[stage07] dtype evidence
+-----------------+--------------------+--------------+------------------------------------------------------------------+------------------------------------------------------------------+----------------------+
| requested_dtype | config_input_dtype | output_dtype | typed_array_digest                                               | actual_input_digest                                              | task_gpu_call_status |
+-----------------+--------------------+--------------+------------------------------------------------------------------+------------------------------------------------------------------+----------------------+
| INT8            | INT8               | FP32         | dabd3aff769f07eb2965401eb029974ebba3407afd02b26ddb564ea5f8efae72 | 9bd8f969e090b169425750550b9d97b7ee3b77761aefa3da0a486f4b55716696 | proved_gpu_cpu       |
+-----------------+--------------------+--------------+------------------------------------------------------------------+------------------------------------------------------------------+----------------------+

[stage07] evidence files
+-------------+---------------------------------------------------------------------------------------------------------------------------------------------------------------------------------------------------------------------------------+
| kind        | path                                                                                                                                                                                                                            |
+-------------+---------------------------------------------------------------------------------------------------------------------------------------------------------------------------------------------------------------------------------+
| main_csv    | /tmp/ZKX_dev/results/stage07_b04_formal_v2_e6d8c17/formal/20260810T103337Z_e6d8c17f237e_stage07_b04_formal_63521468/operator_main_results_firwin_not_applicable_20260810T103337Z_e6d8c17f237e_stage07_b04_formal_63521468.csv   |
| timing_csv  | /tmp/ZKX_dev/results/stage07_b04_formal_v2_e6d8c17/formal/20260810T103337Z_e6d8c17f237e_stage07_b04_formal_63521468/operator_timing_samples_firwin_not_applicable_20260810T103337Z_e6d8c17f237e_stage07_b04_formal_63521468.csv |
| memory_csv  | /tmp/ZKX_dev/results/stage07_b04_formal_v2_e6d8c17/formal/20260810T103337Z_e6d8c17f237e_stage07_b04_formal_63521468/operator_filter_design_firwin_memory_trace_not_applicable.csv                                               |
| dtype_csv   | /tmp/ZKX_dev/results/stage07_b04_formal_v2_e6d8c17/formal/20260810T103337Z_e6d8c17f237e_stage07_b04_formal_63521468/operator_dtype_evidence_firwin_not_applicable_20260810T103337Z_e6d8c17f237e_stage07_b04_formal_63521468.csv |
| report_json | /tmp/ZKX_dev/results/stage07_b04_formal_v2_e6d8c17/formal/20260810T103337Z_e6d8c17f237e_stage07_b04_formal_63521468/operator_firwin_report.json                                                                                 |
| summary_txt | /tmp/ZKX_dev/results/stage07_b04_formal_v2_e6d8c17/formal/20260810T103337Z_e6d8c17f237e_stage07_b04_formal_63521468/operator_firwin_summary.txt                                                                                 |
| full_log    | /tmp/ZKX_dev/results/stage07_b04_formal_v2_e6d8c17/formal/20260810T103337Z_e6d8c17f237e_stage07_b04_formal_63521468/operator_firwin_full.log                                                                                    |
| result_dir  | /tmp/ZKX_dev/results/stage07_b04_formal_v2_e6d8c17/formal/20260810T103337Z_e6d8c17f237e_stage07_b04_formal_63521468                                                                                                             |
+-------------+---------------------------------------------------------------------------------------------------------------------------------------------------------------------------------------------------------------------------------+
STAGE07_FILTER_CASE PASS operator=firwin scale=firwin_int8_10e4 dtype=INT8 backend=not_applicable measured=100 results=/tmp/ZKX_dev/results/stage07_b04_formal_v2_e6d8c17/formal/20260810T103337Z_e6d8c17f237e_stage07_b04_formal_63521468
