[stage08-b01] operator=general_gaussian entry=cpu:general_gaussian_typed_cpu gpu:general_gaussian_device
[stage08-b01] config=test_all/configs/operators/windows/general_gaussian/operator_scales.json config_sha256=5d6f2dd75b763122028b82c7fc144e476d8fa07150cda991f6306e7007f350ee
[stage08-b01] run_type=formal scale=general_gaussian_int32_10e4 dtype=INT32 sym=false backend=not_applicable
[stage08-b01] dtype_semantics=actual_typed_scalar_inputs typed_input_count=2 actual_input_digest=6acdde2b2e355a9601ead0f98fb54db2f7b6192c989aedaf69a07d6128819053
[stage08-b01] timing_scope=compatibility/end-to-end warmup=20 measured=100
[stage08-b01] cpu_mean_ms=0.42520963999999994 gpu_mean_ms=0.31130560999999995 speedup=1.3658913503036454
[stage08-b01] mse=6.9480704515078108e-16 rmse=2.6359192801578373e-08 relative_l2=4.3260505599227553e-08 relative_linf=1.1193314497504048e-07
[stage08-b01] resources=available cuda_event_ms=0.33603599667549133
[stage08-b01] status=PASS error_code=OK
[stage08] identity and status
target           | scale_id                    | device | backend        | dtype | warmup | measured | timing_scope             | status | error_code
general_gaussian | general_gaussian_int32_10e4 | CPU    | not_applicable | INT32 | 20     | 100      | compatibility/end-to-end | PASS   | OK        
general_gaussian | general_gaussian_int32_10e4 | GPU    | not_applicable | INT32 | 20     | 100      | compatibility/end-to-end | PASS   | OK        

[stage08] timing detail
device | mean_ms             | p50_ms              | p95_ms              | p99_ms              | min_ms              | max_ms              | std_ms               | cv                   | speedup           
CPU    | 0.42520963999999994 | 0.41727599999999998 | 0.43272604999999992 | 0.59721800000000014 | 0.414991            | 0.63246199999999997 | 0.031998097649554101 | 0.075252521672730902 | NA                
GPU    | 0.31130560999999995 | 0.30760549999999998 | 0.33060700000000004 | 0.39563901000000018 | 0.29407100000000003 | 0.433062            | 0.017801185877853756 | 0.057182348489812816 | 1.3658913503036454

[stage08] accuracy detail
accuracy_reference  | mse                    | rmse                   | relative_l2            | relative_linf          | exact_match | mismatch_count | semantic_check                                                                                  | status
cpu_typed_reference | 6.9480704515078108e-16 | 2.6359192801578373e-08 | 4.3260505599227553e-08 | 1.1193314497504048e-07 | NA          | NA             | finite_fp64_window_shape_power_width_and_symmetry_match_cpu:shape=[10000];finite=true;sym=false | PASS  

[stage08] resource detail
device | metric     | before_bytes | after_bytes | peak_bytes | delta_bytes
CPU    | cpu_heap   | 1567440      | 1571296     | 1650192    | 3856       
CPU    | rss        | 71139328     | 71139328    | 71139328   | 0          
GPU    | cpu_heap   | 1571296      | 1574512     | 1653360    | 3216       
GPU    | rss        | 71139328     | 71139328    | 71139328   | 0          
GPU    | gpu_memory | 341000192    | 341000192   | 341000192  | 0          

[stage08] input/output identity
device | input_digest                                                     | output_digest                                                   
CPU    | 6acdde2b2e355a9601ead0f98fb54db2f7b6192c989aedaf69a07d6128819053 | 86effb5fc1ce73aa47aacc8412ca6c483e5110a5b89104bd9742a424b59f616d
GPU    | 6acdde2b2e355a9601ead0f98fb54db2f7b6192c989aedaf69a07d6128819053 | 0b004743dbca6f8045f919a8f7b1053f9b8f3c365c432fb0a00eaa99fb318286

[stage08] input content
input_name       | shape   | dtype       | elements | generator                                           | values(head4/tail2)                                                                                  
window_positions | [10000] | INDEX_INT64 | 10000    | implicit_window_index_domain(no_materialized_array) | i=0:position=0;i=1:position=1;i=2:position=2;i=3:position=3;i=9998:position=9998;i=9999:position=9999
power            | scalar  | INT32       | 1        | exact_config_scalar                                 | value=2                                                                                              
width            | scalar  | INT32       | 1        | exact_config_scalar                                 | value=2048                                                                                           

[stage08] case parameters
parameters                                                                   
{"length":10000,"requested_dtype":"INT32","sym":false,"power":2,"width":2048}

[stage08] dtype evidence
requested_dtype | config_input_dtype | output_dtype | actual_input_digest                                              | status
INT32           | INT32              | FP64         | 6acdde2b2e355a9601ead0f98fb54db2f7b6192c989aedaf69a07d6128819053 | PASS  

[stage08] evidence files
kind        | path                                                                                                                                                                                                                                                               
main_csv    | /tmp/ZKX_dev/results/stage08_input_preview_b01_general_gaussian_8b745f9a6864/formal/20260810T082123Z_8b745f9a6864_stage08_b01_formal_a1030012/operator_main_results_general_gaussian_not_applicable_20260810T082123Z_8b745f9a6864_stage08_b01_formal_a1030012.csv  
timing_csv  | /tmp/ZKX_dev/results/stage08_input_preview_b01_general_gaussian_8b745f9a6864/formal/20260810T082123Z_8b745f9a6864_stage08_b01_formal_a1030012/operator_timing_samples_general_gaussian_not_applicable_20260810T082123Z_8b745f9a6864_stage08_b01_formal_a1030012.csv
memory_csv  | /tmp/ZKX_dev/results/stage08_input_preview_b01_general_gaussian_8b745f9a6864/formal/20260810T082123Z_8b745f9a6864_stage08_b01_formal_a1030012/operator_windows_general_gaussian_memory_trace_not_applicable.csv                                                    
input_csv   | /tmp/ZKX_dev/results/stage08_input_preview_b01_general_gaussian_8b745f9a6864/formal/20260810T082123Z_8b745f9a6864_stage08_b01_formal_a1030012/operator_input_evidence_general_gaussian_not_applicable_20260810T082123Z_8b745f9a6864_stage08_b01_formal_a1030012.csv
dtype_csv   | /tmp/ZKX_dev/results/stage08_input_preview_b01_general_gaussian_8b745f9a6864/formal/20260810T082123Z_8b745f9a6864_stage08_b01_formal_a1030012/operator_dtype_evidence_general_gaussian_not_applicable_20260810T082123Z_8b745f9a6864_stage08_b01_formal_a1030012.csv
module_csv  | /tmp/ZKX_dev/results/stage08_input_preview_b01_general_gaussian_8b745f9a6864/formal/20260810T082123Z_8b745f9a6864_stage08_b01_formal_a1030012/windows_batch01_module_summary_not_applicable_20260810T082123Z_8b745f9a6864_stage08_b01_formal_a1030012.csv          
report_json | /tmp/ZKX_dev/results/stage08_input_preview_b01_general_gaussian_8b745f9a6864/formal/20260810T082123Z_8b745f9a6864_stage08_b01_formal_a1030012/operator_general_gaussian_report.json                                                                                
summary_txt | /tmp/ZKX_dev/results/stage08_input_preview_b01_general_gaussian_8b745f9a6864/formal/20260810T082123Z_8b745f9a6864_stage08_b01_formal_a1030012/operator_general_gaussian_summary.txt                                                                                
full_log    | /tmp/ZKX_dev/results/stage08_input_preview_b01_general_gaussian_8b745f9a6864/formal/20260810T082123Z_8b745f9a6864_stage08_b01_formal_a1030012/operator_general_gaussian_full.log                                                                                   
results_dir | /tmp/ZKX_dev/results/stage08_input_preview_b01_general_gaussian_8b745f9a6864/formal/20260810T082123Z_8b745f9a6864_stage08_b01_formal_a1030012                                                                                                                      
