sample_index=0 cpu_pipeline_ms=187.556 gpu_pipeline_ms=28.047 cpu_resource_sampling_overhead_ms=0.166552 gpu_resource_sampling_overhead_ms=0.033301 semantic_gates=16/16 timing_direct=true resource_overhead_excluded=true step_sum_used=false status=PASS
sample_index=1 cpu_pipeline_ms=199.254 gpu_pipeline_ms=21.5112 cpu_resource_sampling_overhead_ms=0.177092 gpu_resource_sampling_overhead_ms=0.03351 semantic_gates=16/16 timing_direct=true resource_overhead_excluded=true step_sum_used=false status=PASS
sample_index=2 cpu_pipeline_ms=200.115 gpu_pipeline_ms=21.3946 cpu_resource_sampling_overhead_ms=0.192453 gpu_resource_sampling_overhead_ms=0.033081 semantic_gates=16/16 timing_direct=true resource_overhead_excluded=true step_sum_used=false status=PASS
sample_index=3 cpu_pipeline_ms=199.103 gpu_pipeline_ms=21.3516 cpu_resource_sampling_overhead_ms=0.173271 gpu_resource_sampling_overhead_ms=0.032622 semantic_gates=16/16 timing_direct=true resource_overhead_excluded=true step_sum_used=false status=PASS
sample_index=4 cpu_pipeline_ms=199.367 gpu_pipeline_ms=21.2073 cpu_resource_sampling_overhead_ms=0.193762 gpu_resource_sampling_overhead_ms=0.03384 semantic_gates=16/16 timing_direct=true resource_overhead_excluded=true step_sum_used=false status=PASS
sample_index=5 cpu_pipeline_ms=199.341 gpu_pipeline_ms=21.3275 cpu_resource_sampling_overhead_ms=0.171651 gpu_resource_sampling_overhead_ms=0.033551 semantic_gates=16/16 timing_direct=true resource_overhead_excluded=true step_sum_used=false status=PASS
sample_index=6 cpu_pipeline_ms=198.349 gpu_pipeline_ms=21.2358 cpu_resource_sampling_overhead_ms=0.160701 gpu_resource_sampling_overhead_ms=0.03248 semantic_gates=16/16 timing_direct=true resource_overhead_excluded=true step_sum_used=false status=PASS
sample_index=7 cpu_pipeline_ms=203.269 gpu_pipeline_ms=21.3019 cpu_resource_sampling_overhead_ms=0.191593 gpu_resource_sampling_overhead_ms=0.03379 semantic_gates=16/16 timing_direct=true resource_overhead_excluded=true step_sum_used=false status=PASS
sample_index=8 cpu_pipeline_ms=200.166 gpu_pipeline_ms=21.3258 cpu_resource_sampling_overhead_ms=0.17152 gpu_resource_sampling_overhead_ms=0.03361 semantic_gates=16/16 timing_direct=true resource_overhead_excluded=true step_sum_used=false status=PASS
sample_index=9 cpu_pipeline_ms=199.934 gpu_pipeline_ms=21.2542 cpu_resource_sampling_overhead_ms=0.167091 gpu_resource_sampling_overhead_ms=0.03292 semantic_gates=16/16 timing_direct=true resource_overhead_excluded=true step_sum_used=false status=PASS
sample_index=10 cpu_pipeline_ms=201.435 gpu_pipeline_ms=21.4545 cpu_resource_sampling_overhead_ms=0.175984 gpu_resource_sampling_overhead_ms=0.03295 semantic_gates=16/16 timing_direct=true resource_overhead_excluded=true step_sum_used=false status=PASS
sample_index=11 cpu_pipeline_ms=200.07 gpu_pipeline_ms=21.4661 cpu_resource_sampling_overhead_ms=0.16224 gpu_resource_sampling_overhead_ms=0.03265 semantic_gates=16/16 timing_direct=true resource_overhead_excluded=true step_sum_used=false status=PASS
sample_index=12 cpu_pipeline_ms=199.027 gpu_pipeline_ms=21.3201 cpu_resource_sampling_overhead_ms=0.163561 gpu_resource_sampling_overhead_ms=0.03278 semantic_gates=16/16 timing_direct=true resource_overhead_excluded=true step_sum_used=false status=PASS
sample_index=13 cpu_pipeline_ms=198.938 gpu_pipeline_ms=21.2862 cpu_resource_sampling_overhead_ms=0.17111 gpu_resource_sampling_overhead_ms=0.0326 semantic_gates=16/16 timing_direct=true resource_overhead_excluded=true step_sum_used=false status=PASS
sample_index=14 cpu_pipeline_ms=198.535 gpu_pipeline_ms=21.3572 cpu_resource_sampling_overhead_ms=0.172462 gpu_resource_sampling_overhead_ms=0.03403 semantic_gates=16/16 timing_direct=true resource_overhead_excluded=true step_sum_used=false status=PASS
sample_index=15 cpu_pipeline_ms=198.63 gpu_pipeline_ms=21.3237 cpu_resource_sampling_overhead_ms=0.169641 gpu_resource_sampling_overhead_ms=0.032481 semantic_gates=16/16 timing_direct=true resource_overhead_excluded=true step_sum_used=false status=PASS
sample_index=16 cpu_pipeline_ms=198.462 gpu_pipeline_ms=21.5017 cpu_resource_sampling_overhead_ms=0.1578 gpu_resource_sampling_overhead_ms=0.03307 semantic_gates=16/16 timing_direct=true resource_overhead_excluded=true step_sum_used=false status=PASS
sample_index=17 cpu_pipeline_ms=204.371 gpu_pipeline_ms=21.2958 cpu_resource_sampling_overhead_ms=0.171832 gpu_resource_sampling_overhead_ms=0.03409 semantic_gates=16/16 timing_direct=true resource_overhead_excluded=true step_sum_used=false status=PASS
sample_index=18 cpu_pipeline_ms=198.447 gpu_pipeline_ms=21.4471 cpu_resource_sampling_overhead_ms=0.169401 gpu_resource_sampling_overhead_ms=0.03321 semantic_gates=16/16 timing_direct=true resource_overhead_excluded=true step_sum_used=false status=PASS
sample_index=19 cpu_pipeline_ms=198.619 gpu_pipeline_ms=21.316 cpu_resource_sampling_overhead_ms=0.161551 gpu_resource_sampling_overhead_ms=0.032341 semantic_gates=16/16 timing_direct=true resource_overhead_excluded=true step_sum_used=false status=PASS
sample_index=20 cpu_pipeline_ms=198.118 gpu_pipeline_ms=21.2637 cpu_resource_sampling_overhead_ms=0.169862 gpu_resource_sampling_overhead_ms=0.03286 semantic_gates=16/16 timing_direct=true resource_overhead_excluded=true step_sum_used=false status=PASS
sample_index=21 cpu_pipeline_ms=198.942 gpu_pipeline_ms=21.8529 cpu_resource_sampling_overhead_ms=0.185733 gpu_resource_sampling_overhead_ms=0.03412 semantic_gates=16/16 timing_direct=true resource_overhead_excluded=true step_sum_used=false status=PASS
sample_index=22 cpu_pipeline_ms=200.8 gpu_pipeline_ms=21.3455 cpu_resource_sampling_overhead_ms=0.174272 gpu_resource_sampling_overhead_ms=0.04493 semantic_gates=16/16 timing_direct=true resource_overhead_excluded=true step_sum_used=false status=PASS
sample_index=23 cpu_pipeline_ms=199.553 gpu_pipeline_ms=27.1597 cpu_resource_sampling_overhead_ms=0.202971 gpu_resource_sampling_overhead_ms=0.037841 semantic_gates=16/16 timing_direct=true resource_overhead_excluded=true step_sum_used=false status=PASS
sample_index=24 cpu_pipeline_ms=203.637 gpu_pipeline_ms=23.6809 cpu_resource_sampling_overhead_ms=0.18257 gpu_resource_sampling_overhead_ms=0.03661 semantic_gates=16/16 timing_direct=true resource_overhead_excluded=true step_sum_used=false status=PASS
sample_index=25 cpu_pipeline_ms=198.205 gpu_pipeline_ms=25.068 cpu_resource_sampling_overhead_ms=0.174071 gpu_resource_sampling_overhead_ms=0.03773 semantic_gates=16/16 timing_direct=true resource_overhead_excluded=true step_sum_used=false status=PASS
sample_index=26 cpu_pipeline_ms=198.529 gpu_pipeline_ms=25.1983 cpu_resource_sampling_overhead_ms=0.189663 gpu_resource_sampling_overhead_ms=0.035741 semantic_gates=16/16 timing_direct=true resource_overhead_excluded=true step_sum_used=false status=PASS
sample_index=27 cpu_pipeline_ms=201.558 gpu_pipeline_ms=20.8292 cpu_resource_sampling_overhead_ms=0.174801 gpu_resource_sampling_overhead_ms=0.03352 semantic_gates=16/16 timing_direct=true resource_overhead_excluded=true step_sum_used=false status=PASS
sample_index=28 cpu_pipeline_ms=203.997 gpu_pipeline_ms=21.6812 cpu_resource_sampling_overhead_ms=0.206102 gpu_resource_sampling_overhead_ms=0.033571 semantic_gates=16/16 timing_direct=true resource_overhead_excluded=true step_sum_used=false status=PASS
sample_index=29 cpu_pipeline_ms=198.957 gpu_pipeline_ms=21.5198 cpu_resource_sampling_overhead_ms=0.190903 gpu_resource_sampling_overhead_ms=0.03322 semantic_gates=16/16 timing_direct=true resource_overhead_excluded=true step_sum_used=false status=PASS
sample_index=30 cpu_pipeline_ms=199.11 gpu_pipeline_ms=21.3307 cpu_resource_sampling_overhead_ms=0.170592 gpu_resource_sampling_overhead_ms=0.03308 semantic_gates=16/16 timing_direct=true resource_overhead_excluded=true step_sum_used=false status=PASS
sample_index=31 cpu_pipeline_ms=204.255 gpu_pipeline_ms=21.4055 cpu_resource_sampling_overhead_ms=0.168802 gpu_resource_sampling_overhead_ms=0.03301 semantic_gates=16/16 timing_direct=true resource_overhead_excluded=true step_sum_used=false status=PASS
sample_index=32 cpu_pipeline_ms=198.671 gpu_pipeline_ms=21.4763 cpu_resource_sampling_overhead_ms=0.166012 gpu_resource_sampling_overhead_ms=0.03384 semantic_gates=16/16 timing_direct=true resource_overhead_excluded=true step_sum_used=false status=PASS
sample_index=33 cpu_pipeline_ms=198.877 gpu_pipeline_ms=21.3948 cpu_resource_sampling_overhead_ms=0.15544 gpu_resource_sampling_overhead_ms=0.032441 semantic_gates=16/16 timing_direct=true resource_overhead_excluded=true step_sum_used=false status=PASS
sample_index=34 cpu_pipeline_ms=197.988 gpu_pipeline_ms=21.245 cpu_resource_sampling_overhead_ms=0.153773 gpu_resource_sampling_overhead_ms=0.032791 semantic_gates=16/16 timing_direct=true resource_overhead_excluded=true step_sum_used=false status=PASS
sample_index=35 cpu_pipeline_ms=197.708 gpu_pipeline_ms=25.2671 cpu_resource_sampling_overhead_ms=0.212232 gpu_resource_sampling_overhead_ms=0.0385 semantic_gates=16/16 timing_direct=true resource_overhead_excluded=true step_sum_used=false status=PASS
sample_index=36 cpu_pipeline_ms=204.761 gpu_pipeline_ms=25.7762 cpu_resource_sampling_overhead_ms=0.315422 gpu_resource_sampling_overhead_ms=0.043821 semantic_gates=16/16 timing_direct=true resource_overhead_excluded=true step_sum_used=false status=PASS
sample_index=37 cpu_pipeline_ms=199.733 gpu_pipeline_ms=21.7137 cpu_resource_sampling_overhead_ms=0.165702 gpu_resource_sampling_overhead_ms=0.03354 semantic_gates=16/16 timing_direct=true resource_overhead_excluded=true step_sum_used=false status=PASS
sample_index=38 cpu_pipeline_ms=199.285 gpu_pipeline_ms=21.6851 cpu_resource_sampling_overhead_ms=0.180492 gpu_resource_sampling_overhead_ms=0.03299 semantic_gates=16/16 timing_direct=true resource_overhead_excluded=true step_sum_used=false status=PASS
sample_index=39 cpu_pipeline_ms=200.284 gpu_pipeline_ms=21.2658 cpu_resource_sampling_overhead_ms=0.184633 gpu_resource_sampling_overhead_ms=0.03328 semantic_gates=16/16 timing_direct=true resource_overhead_excluded=true step_sum_used=false status=PASS
sample_index=40 cpu_pipeline_ms=199.542 gpu_pipeline_ms=21.8987 cpu_resource_sampling_overhead_ms=0.17839 gpu_resource_sampling_overhead_ms=0.03204 semantic_gates=16/16 timing_direct=true resource_overhead_excluded=true step_sum_used=false status=PASS
sample_index=41 cpu_pipeline_ms=198.917 gpu_pipeline_ms=21.3031 cpu_resource_sampling_overhead_ms=0.181922 gpu_resource_sampling_overhead_ms=0.033081 semantic_gates=16/16 timing_direct=true resource_overhead_excluded=true step_sum_used=false status=PASS
sample_index=42 cpu_pipeline_ms=198.548 gpu_pipeline_ms=21.3291 cpu_resource_sampling_overhead_ms=0.178163 gpu_resource_sampling_overhead_ms=0.03263 semantic_gates=16/16 timing_direct=true resource_overhead_excluded=true step_sum_used=false status=PASS
sample_index=43 cpu_pipeline_ms=199.389 gpu_pipeline_ms=21.3975 cpu_resource_sampling_overhead_ms=0.205631 gpu_resource_sampling_overhead_ms=0.03133 semantic_gates=16/16 timing_direct=true resource_overhead_excluded=true step_sum_used=false status=PASS
sample_index=44 cpu_pipeline_ms=198.785 gpu_pipeline_ms=21.0152 cpu_resource_sampling_overhead_ms=0.165982 gpu_resource_sampling_overhead_ms=0.03114 semantic_gates=16/16 timing_direct=true resource_overhead_excluded=true step_sum_used=false status=PASS
sample_index=45 cpu_pipeline_ms=198.844 gpu_pipeline_ms=21.1372 cpu_resource_sampling_overhead_ms=0.181712 gpu_resource_sampling_overhead_ms=0.03134 semantic_gates=16/16 timing_direct=true resource_overhead_excluded=true step_sum_used=false status=PASS
sample_index=46 cpu_pipeline_ms=204.032 gpu_pipeline_ms=21.1512 cpu_resource_sampling_overhead_ms=0.174812 gpu_resource_sampling_overhead_ms=0.03116 semantic_gates=16/16 timing_direct=true resource_overhead_excluded=true step_sum_used=false status=PASS
sample_index=47 cpu_pipeline_ms=194.66 gpu_pipeline_ms=25.1476 cpu_resource_sampling_overhead_ms=0.289032 gpu_resource_sampling_overhead_ms=0.039601 semantic_gates=16/16 timing_direct=true resource_overhead_excluded=true step_sum_used=false status=PASS
sample_index=48 cpu_pipeline_ms=199.66 gpu_pipeline_ms=21.7429 cpu_resource_sampling_overhead_ms=0.164781 gpu_resource_sampling_overhead_ms=0.03199 semantic_gates=16/16 timing_direct=true resource_overhead_excluded=true step_sum_used=false status=PASS
sample_index=49 cpu_pipeline_ms=202.003 gpu_pipeline_ms=21.1637 cpu_resource_sampling_overhead_ms=0.173743 gpu_resource_sampling_overhead_ms=0.0316 semantic_gates=16/16 timing_direct=true resource_overhead_excluded=true step_sum_used=false status=PASS
sample_index=50 cpu_pipeline_ms=199.795 gpu_pipeline_ms=21.2196 cpu_resource_sampling_overhead_ms=0.194281 gpu_resource_sampling_overhead_ms=0.03133 semantic_gates=16/16 timing_direct=true resource_overhead_excluded=true step_sum_used=false status=PASS
sample_index=51 cpu_pipeline_ms=199.964 gpu_pipeline_ms=21.1048 cpu_resource_sampling_overhead_ms=0.176081 gpu_resource_sampling_overhead_ms=0.03166 semantic_gates=16/16 timing_direct=true resource_overhead_excluded=true step_sum_used=false status=PASS
sample_index=52 cpu_pipeline_ms=200.536 gpu_pipeline_ms=21.2176 cpu_resource_sampling_overhead_ms=0.17726 gpu_resource_sampling_overhead_ms=0.031671 semantic_gates=16/16 timing_direct=true resource_overhead_excluded=true step_sum_used=false status=PASS
sample_index=53 cpu_pipeline_ms=200.401 gpu_pipeline_ms=21.4688 cpu_resource_sampling_overhead_ms=0.178331 gpu_resource_sampling_overhead_ms=0.03155 semantic_gates=16/16 timing_direct=true resource_overhead_excluded=true step_sum_used=false status=PASS
sample_index=54 cpu_pipeline_ms=200.882 gpu_pipeline_ms=22.0669 cpu_resource_sampling_overhead_ms=0.191103 gpu_resource_sampling_overhead_ms=0.03345 semantic_gates=16/16 timing_direct=true resource_overhead_excluded=true step_sum_used=false status=PASS
sample_index=55 cpu_pipeline_ms=196.407 gpu_pipeline_ms=22.4823 cpu_resource_sampling_overhead_ms=0.18974 gpu_resource_sampling_overhead_ms=0.03606 semantic_gates=16/16 timing_direct=true resource_overhead_excluded=true step_sum_used=false status=PASS
sample_index=56 cpu_pipeline_ms=199.684 gpu_pipeline_ms=22.0003 cpu_resource_sampling_overhead_ms=0.183161 gpu_resource_sampling_overhead_ms=0.03459 semantic_gates=16/16 timing_direct=true resource_overhead_excluded=true step_sum_used=false status=PASS
sample_index=57 cpu_pipeline_ms=199.225 gpu_pipeline_ms=20.6961 cpu_resource_sampling_overhead_ms=0.163803 gpu_resource_sampling_overhead_ms=0.03119 semantic_gates=16/16 timing_direct=true resource_overhead_excluded=true step_sum_used=false status=PASS
sample_index=58 cpu_pipeline_ms=202.476 gpu_pipeline_ms=20.5941 cpu_resource_sampling_overhead_ms=0.178362 gpu_resource_sampling_overhead_ms=0.03142 semantic_gates=16/16 timing_direct=true resource_overhead_excluded=true step_sum_used=false status=PASS
sample_index=59 cpu_pipeline_ms=198.842 gpu_pipeline_ms=20.685 cpu_resource_sampling_overhead_ms=0.180601 gpu_resource_sampling_overhead_ms=0.03132 semantic_gates=16/16 timing_direct=true resource_overhead_excluded=true step_sum_used=false status=PASS
sample_index=60 cpu_pipeline_ms=200.007 gpu_pipeline_ms=20.9119 cpu_resource_sampling_overhead_ms=0.186762 gpu_resource_sampling_overhead_ms=0.03106 semantic_gates=16/16 timing_direct=true resource_overhead_excluded=true step_sum_used=false status=PASS
sample_index=61 cpu_pipeline_ms=197.658 gpu_pipeline_ms=21.0225 cpu_resource_sampling_overhead_ms=0.177652 gpu_resource_sampling_overhead_ms=0.03228 semantic_gates=16/16 timing_direct=true resource_overhead_excluded=true step_sum_used=false status=PASS
sample_index=62 cpu_pipeline_ms=199.405 gpu_pipeline_ms=20.5992 cpu_resource_sampling_overhead_ms=0.201501 gpu_resource_sampling_overhead_ms=0.031321 semantic_gates=16/16 timing_direct=true resource_overhead_excluded=true step_sum_used=false status=PASS
sample_index=63 cpu_pipeline_ms=199.166 gpu_pipeline_ms=20.6704 cpu_resource_sampling_overhead_ms=0.18506 gpu_resource_sampling_overhead_ms=0.03147 semantic_gates=16/16 timing_direct=true resource_overhead_excluded=true step_sum_used=false status=PASS
sample_index=64 cpu_pipeline_ms=200.457 gpu_pipeline_ms=20.621 cpu_resource_sampling_overhead_ms=0.186033 gpu_resource_sampling_overhead_ms=0.03176 semantic_gates=16/16 timing_direct=true resource_overhead_excluded=true step_sum_used=false status=PASS
sample_index=65 cpu_pipeline_ms=199.455 gpu_pipeline_ms=20.5978 cpu_resource_sampling_overhead_ms=0.186252 gpu_resource_sampling_overhead_ms=0.03171 semantic_gates=16/16 timing_direct=true resource_overhead_excluded=true step_sum_used=false status=PASS
sample_index=66 cpu_pipeline_ms=198.943 gpu_pipeline_ms=20.6906 cpu_resource_sampling_overhead_ms=0.167392 gpu_resource_sampling_overhead_ms=0.031601 semantic_gates=16/16 timing_direct=true resource_overhead_excluded=true step_sum_used=false status=PASS
sample_index=67 cpu_pipeline_ms=200.943 gpu_pipeline_ms=20.7282 cpu_resource_sampling_overhead_ms=0.242684 gpu_resource_sampling_overhead_ms=0.03153 semantic_gates=16/16 timing_direct=true resource_overhead_excluded=true step_sum_used=false status=PASS
sample_index=68 cpu_pipeline_ms=199.426 gpu_pipeline_ms=20.6083 cpu_resource_sampling_overhead_ms=0.193471 gpu_resource_sampling_overhead_ms=0.03183 semantic_gates=16/16 timing_direct=true resource_overhead_excluded=true step_sum_used=false status=PASS
sample_index=69 cpu_pipeline_ms=199.272 gpu_pipeline_ms=20.6496 cpu_resource_sampling_overhead_ms=0.170323 gpu_resource_sampling_overhead_ms=0.03117 semantic_gates=16/16 timing_direct=true resource_overhead_excluded=true step_sum_used=false status=PASS
sample_index=70 cpu_pipeline_ms=199.353 gpu_pipeline_ms=20.6968 cpu_resource_sampling_overhead_ms=0.179231 gpu_resource_sampling_overhead_ms=0.03188 semantic_gates=16/16 timing_direct=true resource_overhead_excluded=true step_sum_used=false status=PASS
sample_index=71 cpu_pipeline_ms=200.468 gpu_pipeline_ms=20.5582 cpu_resource_sampling_overhead_ms=0.181582 gpu_resource_sampling_overhead_ms=0.0321 semantic_gates=16/16 timing_direct=true resource_overhead_excluded=true step_sum_used=false status=PASS
sample_index=72 cpu_pipeline_ms=205.477 gpu_pipeline_ms=20.5696 cpu_resource_sampling_overhead_ms=0.169111 gpu_resource_sampling_overhead_ms=0.031001 semantic_gates=16/16 timing_direct=true resource_overhead_excluded=true step_sum_used=false status=PASS
sample_index=73 cpu_pipeline_ms=199.174 gpu_pipeline_ms=20.6193 cpu_resource_sampling_overhead_ms=0.165071 gpu_resource_sampling_overhead_ms=0.031351 semantic_gates=16/16 timing_direct=true resource_overhead_excluded=true step_sum_used=false status=PASS
sample_index=74 cpu_pipeline_ms=199.273 gpu_pipeline_ms=20.6817 cpu_resource_sampling_overhead_ms=0.178762 gpu_resource_sampling_overhead_ms=0.03177 semantic_gates=16/16 timing_direct=true resource_overhead_excluded=true step_sum_used=false status=PASS
sample_index=75 cpu_pipeline_ms=200.227 gpu_pipeline_ms=20.5563 cpu_resource_sampling_overhead_ms=0.191071 gpu_resource_sampling_overhead_ms=0.03199 semantic_gates=16/16 timing_direct=true resource_overhead_excluded=true step_sum_used=false status=PASS
sample_index=76 cpu_pipeline_ms=201.39 gpu_pipeline_ms=20.6653 cpu_resource_sampling_overhead_ms=0.190572 gpu_resource_sampling_overhead_ms=0.032111 semantic_gates=16/16 timing_direct=true resource_overhead_excluded=true step_sum_used=false status=PASS
sample_index=77 cpu_pipeline_ms=198.321 gpu_pipeline_ms=20.5108 cpu_resource_sampling_overhead_ms=0.177611 gpu_resource_sampling_overhead_ms=0.031791 semantic_gates=16/16 timing_direct=true resource_overhead_excluded=true step_sum_used=false status=PASS
sample_index=78 cpu_pipeline_ms=199.685 gpu_pipeline_ms=20.65 cpu_resource_sampling_overhead_ms=0.183121 gpu_resource_sampling_overhead_ms=0.03225 semantic_gates=16/16 timing_direct=true resource_overhead_excluded=true step_sum_used=false status=PASS
sample_index=79 cpu_pipeline_ms=202.59 gpu_pipeline_ms=20.8709 cpu_resource_sampling_overhead_ms=0.238842 gpu_resource_sampling_overhead_ms=0.03179 semantic_gates=16/16 timing_direct=true resource_overhead_excluded=true step_sum_used=false status=PASS
sample_index=80 cpu_pipeline_ms=198.221 gpu_pipeline_ms=20.5325 cpu_resource_sampling_overhead_ms=0.185412 gpu_resource_sampling_overhead_ms=0.03241 semantic_gates=16/16 timing_direct=true resource_overhead_excluded=true step_sum_used=false status=PASS
sample_index=81 cpu_pipeline_ms=200.653 gpu_pipeline_ms=21.4925 cpu_resource_sampling_overhead_ms=0.196702 gpu_resource_sampling_overhead_ms=0.03318 semantic_gates=16/16 timing_direct=true resource_overhead_excluded=true step_sum_used=false status=PASS
sample_index=82 cpu_pipeline_ms=200.828 gpu_pipeline_ms=21.3038 cpu_resource_sampling_overhead_ms=0.183362 gpu_resource_sampling_overhead_ms=0.03342 semantic_gates=16/16 timing_direct=true resource_overhead_excluded=true step_sum_used=false status=PASS
sample_index=83 cpu_pipeline_ms=204.397 gpu_pipeline_ms=20.8333 cpu_resource_sampling_overhead_ms=0.189101 gpu_resource_sampling_overhead_ms=0.03182 semantic_gates=16/16 timing_direct=true resource_overhead_excluded=true step_sum_used=false status=PASS
sample_index=84 cpu_pipeline_ms=195.994 gpu_pipeline_ms=22.561 cpu_resource_sampling_overhead_ms=0.235305 gpu_resource_sampling_overhead_ms=0.0345 semantic_gates=16/16 timing_direct=true resource_overhead_excluded=true step_sum_used=false status=PASS
sample_index=85 cpu_pipeline_ms=189.201 gpu_pipeline_ms=25.8563 cpu_resource_sampling_overhead_ms=0.167291 gpu_resource_sampling_overhead_ms=0.04662 semantic_gates=16/16 timing_direct=true resource_overhead_excluded=true step_sum_used=false status=PASS
sample_index=86 cpu_pipeline_ms=201.666 gpu_pipeline_ms=24.3486 cpu_resource_sampling_overhead_ms=0.206602 gpu_resource_sampling_overhead_ms=0.03784 semantic_gates=16/16 timing_direct=true resource_overhead_excluded=true step_sum_used=false status=PASS
sample_index=87 cpu_pipeline_ms=199.153 gpu_pipeline_ms=21.0225 cpu_resource_sampling_overhead_ms=0.229101 gpu_resource_sampling_overhead_ms=0.03191 semantic_gates=16/16 timing_direct=true resource_overhead_excluded=true step_sum_used=false status=PASS
sample_index=88 cpu_pipeline_ms=199.456 gpu_pipeline_ms=20.6444 cpu_resource_sampling_overhead_ms=0.176782 gpu_resource_sampling_overhead_ms=0.032 semantic_gates=16/16 timing_direct=true resource_overhead_excluded=true step_sum_used=false status=PASS
sample_index=89 cpu_pipeline_ms=199.643 gpu_pipeline_ms=20.6309 cpu_resource_sampling_overhead_ms=0.199391 gpu_resource_sampling_overhead_ms=0.03163 semantic_gates=16/16 timing_direct=true resource_overhead_excluded=true step_sum_used=false status=PASS
sample_index=90 cpu_pipeline_ms=198.986 gpu_pipeline_ms=20.6516 cpu_resource_sampling_overhead_ms=0.187371 gpu_resource_sampling_overhead_ms=0.03122 semantic_gates=16/16 timing_direct=true resource_overhead_excluded=true step_sum_used=false status=PASS
sample_index=91 cpu_pipeline_ms=199.281 gpu_pipeline_ms=20.6111 cpu_resource_sampling_overhead_ms=0.180211 gpu_resource_sampling_overhead_ms=0.03106 semantic_gates=16/16 timing_direct=true resource_overhead_excluded=true step_sum_used=false status=PASS
sample_index=92 cpu_pipeline_ms=199.054 gpu_pipeline_ms=20.5917 cpu_resource_sampling_overhead_ms=0.183143 gpu_resource_sampling_overhead_ms=0.03097 semantic_gates=16/16 timing_direct=true resource_overhead_excluded=true step_sum_used=false status=PASS
sample_index=93 cpu_pipeline_ms=199.313 gpu_pipeline_ms=20.4854 cpu_resource_sampling_overhead_ms=0.205642 gpu_resource_sampling_overhead_ms=0.03201 semantic_gates=16/16 timing_direct=true resource_overhead_excluded=true step_sum_used=false status=PASS
sample_index=94 cpu_pipeline_ms=199.203 gpu_pipeline_ms=20.5896 cpu_resource_sampling_overhead_ms=0.166162 gpu_resource_sampling_overhead_ms=0.03207 semantic_gates=16/16 timing_direct=true resource_overhead_excluded=true step_sum_used=false status=PASS
sample_index=95 cpu_pipeline_ms=198.782 gpu_pipeline_ms=20.5892 cpu_resource_sampling_overhead_ms=0.177201 gpu_resource_sampling_overhead_ms=0.03111 semantic_gates=16/16 timing_direct=true resource_overhead_excluded=true step_sum_used=false status=PASS
sample_index=96 cpu_pipeline_ms=199.782 gpu_pipeline_ms=20.4948 cpu_resource_sampling_overhead_ms=0.173083 gpu_resource_sampling_overhead_ms=0.0321 semantic_gates=16/16 timing_direct=true resource_overhead_excluded=true step_sum_used=false status=PASS
sample_index=97 cpu_pipeline_ms=200.189 gpu_pipeline_ms=20.6247 cpu_resource_sampling_overhead_ms=0.17725 gpu_resource_sampling_overhead_ms=0.03159 semantic_gates=16/16 timing_direct=true resource_overhead_excluded=true step_sum_used=false status=PASS
sample_index=98 cpu_pipeline_ms=199.35 gpu_pipeline_ms=20.7721 cpu_resource_sampling_overhead_ms=0.17531 gpu_resource_sampling_overhead_ms=0.031711 semantic_gates=16/16 timing_direct=true resource_overhead_excluded=true step_sum_used=false status=PASS
sample_index=99 cpu_pipeline_ms=198.735 gpu_pipeline_ms=20.5908 cpu_resource_sampling_overhead_ms=0.176314 gpu_resource_sampling_overhead_ms=0.03179 semantic_gates=16/16 timing_direct=true resource_overhead_excluded=true step_sum_used=false status=PASS
function=Task2 frozen full six-step pipeline
call_chain=Step1->Step2;Step2+Step1->Step3;Step3 dual outputs->Step4;Step4->Step5;Step5+Step4+Kalman/delay->Step6
timing=pipeline_total measured directly;not=sum(step timings)
cpu_correlation_method=direct_parallel_exact workers=255
resource_sampling_mode=same_pipeline_execution
status=PASS return_code=0
