[stage08-b02] operator=triang entry=cpu:triang_typed_cpu gpu:triang_device
[stage08-b02] config=test_all/configs/operators/windows/triang/operator_scales.json config_sha256=d7de5774be071f747c6bdb46d3373673771af1a8190a816ca4092657ec7a5dfd
[stage08-b02] run_type=formal scale=triang_int16_10e2 dtype=INT16 sym=false backend=not_applicable
[stage08-b02] dtype_semantics=request_variant_no_typed_data_input typed_input_count=0 actual_input_digest=dcd591d59c1c4f0312f128d800410df4856990f61a8c1880dc74ce18946cc2c7
[stage08-b02] timing_scope=compatibility/end-to-end warmup=20 measured=100
[stage08-b02] cpu_mean_ms=0.0016365000000000021 gpu_mean_ms=0.24900954999999997 speedup=0.0065720370965691973
[stage08-b02] mse=1.7337183905004099e-16 rmse=1.3167074050450273e-08 relative_l2=2.2579303203325789e-08 relative_linf=2.9217963160022009e-08
[stage08-b02] resources=available cuda_event_ms=0.27135398983955383
[stage08-b02] status=PASS error_code=OK
[stage08] identity and status
target | scale_id          | device | backend        | dtype | warmup | measured | timing_scope             | status | error_code
triang | triang_int16_10e2 | CPU    | not_applicable | INT16 | 20     | 100      | compatibility/end-to-end | PASS   | OK        
triang | triang_int16_10e2 | GPU    | not_applicable | INT16 | 20     | 100      | compatibility/end-to-end | PASS   | OK        

[stage08] timing detail
device | mean_ms               | p50_ms                | p95_ms              | p99_ms                | min_ms                | max_ms                | std_ms                 | cv                   | speedup              
CPU    | 0.0016365000000000021 | 0.0016299999999999999 | 0.00164             | 0.0016519000000000011 | 0.0016199999999999999 | 0.0018400000000000001 | 2.1183720164314871e-05 | 0.012944528056409926 | NA                   
GPU    | 0.24900954999999997   | 0.24336150000000001   | 0.26108904999999999 | 0.35770000000000007   | 0.23733099999999999   | 0.38037100000000001   | 0.018830533716480264   | 0.075621733047910283 | 0.0065720370965691973

[stage08] accuracy detail
accuracy_reference  | mse                    | rmse                   | relative_l2            | relative_linf          | exact_match | mismatch_count | semantic_check                                                                                      | status
cpu_typed_reference | 1.7337183905004099e-16 | 1.3167074050450273e-08 | 2.2579303203325789e-08 | 2.9217963160022009e-08 | NA          | NA             | finite_fp64_triangular_window_shape_parity_and_symmetry_match_cpu:shape=[100];finite=true;sym=false | PASS  

[stage08] resource detail
device | metric     | before_bytes | after_bytes | peak_bytes | delta_bytes
CPU    | cpu_heap   | 1420720      | 1424368     | 1424368    | 3648       
CPU    | rss        | 70283264     | 70283264    | 70283264   | 0          
GPU    | cpu_heap   | 1424368      | 1427200     | 1427200    | 2832       
GPU    | rss        | 70283264     | 70283264    | 70283264   | 0          
GPU    | gpu_memory | 391544832    | 391544832   | 391544832  | 0          

[stage08] input/output identity
device | input_digest                                                     | output_digest                                                   
CPU    | dcd591d59c1c4f0312f128d800410df4856990f61a8c1880dc74ce18946cc2c7 | 469e7ba10aee5bc896ddf8c180946889ea1044eb55b3b50e7541a5202802a1d7
GPU    | dcd591d59c1c4f0312f128d800410df4856990f61a8c1880dc74ce18946cc2c7 | 16725ee26cc1254f4659a5fbd565ad87148f7376fa6a26689d44efd14b3def18

[stage08] input content
input_name       | shape | dtype       | elements | generator                                           | values(head4/tail2)                                                                          
window_positions | [100] | INDEX_INT64 | 100      | implicit_window_index_domain(no_materialized_array) | i=0:position=0;i=1:position=1;i=2:position=2;i=3:position=3;i=98:position=98;i=99:position=99

[stage08] case parameters
parameters                                                                                                                             
{"length":100,"requested_dtype":"INT16","sym":false,"dtype_semantics":"request_variant_no_typed_data_input","typed_input_names":"none"}

[stage08] dtype evidence
requested_dtype | config_input_dtype | output_dtype | actual_input_digest                                              | status
INT16           | INT16              | FP64         | dcd591d59c1c4f0312f128d800410df4856990f61a8c1880dc74ce18946cc2c7 | PASS  

[stage08] evidence files
kind        | path                                                                                                                                                                                                                                           
main_csv    | /tmp/ZKX_dev/results/stage08_input_preview_b02_triang_a64a65577ccc/formal/20260810T083048Z_a64a65577ccc_stage08_b02_formal_a2030014/operator_main_results_triang_not_applicable_20260810T083048Z_a64a65577ccc_stage08_b02_formal_a2030014.csv  
timing_csv  | /tmp/ZKX_dev/results/stage08_input_preview_b02_triang_a64a65577ccc/formal/20260810T083048Z_a64a65577ccc_stage08_b02_formal_a2030014/operator_timing_samples_triang_not_applicable_20260810T083048Z_a64a65577ccc_stage08_b02_formal_a2030014.csv
memory_csv  | /tmp/ZKX_dev/results/stage08_input_preview_b02_triang_a64a65577ccc/formal/20260810T083048Z_a64a65577ccc_stage08_b02_formal_a2030014/operator_windows_triang_memory_trace_not_applicable.csv                                                    
input_csv   | /tmp/ZKX_dev/results/stage08_input_preview_b02_triang_a64a65577ccc/formal/20260810T083048Z_a64a65577ccc_stage08_b02_formal_a2030014/operator_input_evidence_triang_not_applicable_20260810T083048Z_a64a65577ccc_stage08_b02_formal_a2030014.csv
dtype_csv   | /tmp/ZKX_dev/results/stage08_input_preview_b02_triang_a64a65577ccc/formal/20260810T083048Z_a64a65577ccc_stage08_b02_formal_a2030014/operator_dtype_evidence_triang_not_applicable_20260810T083048Z_a64a65577ccc_stage08_b02_formal_a2030014.csv
module_csv  | /tmp/ZKX_dev/results/stage08_input_preview_b02_triang_a64a65577ccc/formal/20260810T083048Z_a64a65577ccc_stage08_b02_formal_a2030014/windows_batch02_module_summary_not_applicable_20260810T083048Z_a64a65577ccc_stage08_b02_formal_a2030014.csv
report_json | /tmp/ZKX_dev/results/stage08_input_preview_b02_triang_a64a65577ccc/formal/20260810T083048Z_a64a65577ccc_stage08_b02_formal_a2030014/operator_triang_report.json                                                                                
summary_txt | /tmp/ZKX_dev/results/stage08_input_preview_b02_triang_a64a65577ccc/formal/20260810T083048Z_a64a65577ccc_stage08_b02_formal_a2030014/operator_triang_summary.txt                                                                                
full_log    | /tmp/ZKX_dev/results/stage08_input_preview_b02_triang_a64a65577ccc/formal/20260810T083048Z_a64a65577ccc_stage08_b02_formal_a2030014/operator_triang_full.log                                                                                   
results_dir | /tmp/ZKX_dev/results/stage08_input_preview_b02_triang_a64a65577ccc/formal/20260810T083048Z_a64a65577ccc_stage08_b02_formal_a2030014                                                                                                            
