command=build_stage07_b05_fm_demod_2836c8d/stage07_fm_demod --dtype INT8 --count 10000 --reference-count 31 --frame 64 --hop 32 --warmup 20 --measured 100 --output /tmp/ZKX_dev/results/stage07_b05_formal_2836c8d/formal/20260810T105059Z_2836c8dc200d_stage07_b05_formal_5e32c370/fm_demod_probe_raw.json
STAGE07_TASK_FEATURE_PROBE PASS operator=fm_demod dtype=INT8
{"run_id": "20260810T105059Z_2836c8dc200d_stage07_b05_formal_5e32c370", "case_id": "fm_demod__fm_demod_int8_10e4__3bd18c14f02f8af3", "operator_name": "fm_demod", "task_name": "Task2", "step_name": "Step4", "scale_id": "fm_demod_int8_10e4", "requested_dtype": "INT8", "input_content": [{"input_name": "analytic", "shape": "[10000]", "dtype": "ComplexINT8", "element_count": "10000", "generator": "deterministic_chirped_analytic_signal", "preview_head4_tail2": "i=0:(20,0);i=1:(20,0);i=2:(20,1);i=3:(20,1);i=9998:(-16,-12);i=9999:(-15,-13)"}], "case_parameters": {"count": 10000, "output_count": 9999}, "output_dtype": "FP32", "backend": "not_applicable", "warmup_runs": 20, "measured_runs": 100, "output_count": 9999, "mse": 6.25096e-15, "rmse": 7.9063e-08, "relative_l2": 1.54778e-06, "relative_linf": 2.12219e-06, "actual_input_digest": "3bd18c14f02f8af395cd192125d43ac598715d7e73a0ce09e3bf6aedaa6cec74", "typed_array_digest": "8ecf076732650ce69f55ddf59b6094919f0337a7b5fcb114ba55a9a76aef2f6d", "status": "PASS", "error_code": "OK"}
[stage07] identity and status
+----------+--------------------+--------+----------------+-------+--------+----------+--------------------------+--------+------------+
| target   | scale_id           | device | backend        | dtype | warmup | measured | timing_scope             | status | error_code |
+----------+--------------------+--------+----------------+-------+--------+----------+--------------------------+--------+------------+
| fm_demod | fm_demod_int8_10e4 | CPU    | not_applicable | INT8  | 20     | 100      | compatibility/end-to-end | PASS   | OK         |
| fm_demod | fm_demod_int8_10e4 | GPU    | not_applicable | INT8  | 20     | 100      | compatibility/end-to-end | PASS   | OK         |
+----------+--------------------+--------+----------------+-------+--------+----------+--------------------------+--------+------------+

[stage07] timing detail
+--------+------------+--------------------+------------+--------------------+----------+----------+----------------------+----------------------+-------------------+
| device | mean_ms    | p50_ms             | p95_ms     | p99_ms             | min_ms   | max_ms   | std_ms               | cv                   | speedup           |
+--------+------------+--------------------+------------+--------------------+----------+----------+----------------------+----------------------+-------------------+
| CPU    | 1.07541037 | 1.0720744999999998 | 1.0849655  | 1.0972782300000004 | 1.069749 | 1.161453 | 0.01000561193596374  | 0.009303994284492292 | NA                |
| GPU    | 0.25641721 | 0.256177           | 0.26467945 | 0.2729971          | 0.247701 | 0.273403 | 0.004789227846521817 | 0.018677482086798373 | 4.193986706274512 |
+--------+------------+--------------------+------------+--------------------+----------+----------+----------------------+----------------------+-------------------+

[stage07] accuracy detail
+---------------------------------+-------------+------------+-------------+---------------+-------------+----------------+-----------------------------------------------------------+--------+
| reference                       | mse         | rmse       | relative_l2 | relative_linf | exact_match | mismatch_count | semantic_check                                            | status |
+---------------------------------+-------------+------------+-------------+---------------+-------------+----------------+-----------------------------------------------------------+--------+
| typed_cpu_task2_step4_reference | 6.25096e-15 | 7.9063e-08 | 1.54778e-06 | 2.12219e-06   | NA          | NA             | output_count=9999;output_dtype=FP32;task_gpu_call=present | PASS   |
+---------------------------------+-------------+------------+-------------+---------------+-------------+----------------+-----------------------------------------------------------+--------+

[stage07] resource detail
+--------+------------+--------------+-------------+------------+-------------+
| device | metric     | before_bytes | after_bytes | peak_bytes | delta_bytes |
+--------+------------+--------------+-------------+------------+-------------+
| CPU    | cpu_heap   | 1474128      | 1497456     | 1497456    | 23328       |
| CPU    | rss        | 70545408     | 70545408    | 70545408   | 0           |
| GPU    | cpu_heap   | 1497488      | 1500608     | 1500608    | 3120        |
| GPU    | rss        | 70545408     | 70545408    | 70545408   | 0           |
| GPU    | gpu_memory | 341000192    | 341000192   | 341000192  | 0           |
+--------+------------+--------------+-------------+------------+-------------+

[stage07] input content
+------------+---------+-------------+----------+---------------------------------------+-------------------------------------------------------------------------------+
| input_name | shape   | dtype       | elements | generator                             | values(head4/tail2)                                                           |
+------------+---------+-------------+----------+---------------------------------------+-------------------------------------------------------------------------------+
| analytic   | [10000] | ComplexINT8 | 10000    | deterministic_chirped_analytic_signal | i=0:(20,0);i=1:(20,0);i=2:(20,1);i=3:(20,1);i=9998:(-16,-12);i=9999:(-15,-13) |
+------------+---------+-------------+----------+---------------------------------------+-------------------------------------------------------------------------------+

[stage07] case parameters
+-------------------------------------+
| parameters                          |
+-------------------------------------+
| {"count":10000,"output_count":9999} |
+-------------------------------------+

[stage07] input and output identity
+--------+------------------------------------------------------------------+------------------------------------------------------------------+
| device | input_digest                                                     | output_digest                                                    |
+--------+------------------------------------------------------------------+------------------------------------------------------------------+
| CPU    | 3bd18c14f02f8af395cd192125d43ac598715d7e73a0ce09e3bf6aedaa6cec74 | f81b48713ac568340914154f39ad08ce6557dcdadb8ff16835c3b19041461e0f |
| GPU    | 3bd18c14f02f8af395cd192125d43ac598715d7e73a0ce09e3bf6aedaa6cec74 | e29d2acab21913d9b0ef38a55740f4c0da913170a42da3fb07c96cf908b97e67 |
+--------+------------------------------------------------------------------+------------------------------------------------------------------+

[stage07] dtype evidence
+-----------------+--------------------+--------------+------------------------------------------------------------------+------------------------------------------------------------------+----------------------+
| requested_dtype | config_input_dtype | output_dtype | typed_array_digest                                               | actual_input_digest                                              | task_gpu_call_status |
+-----------------+--------------------+--------------+------------------------------------------------------------------+------------------------------------------------------------------+----------------------+
| INT8            | ComplexINT8        | FP32         | 8ecf076732650ce69f55ddf59b6094919f0337a7b5fcb114ba55a9a76aef2f6d | 3bd18c14f02f8af395cd192125d43ac598715d7e73a0ce09e3bf6aedaa6cec74 | proved_gpu_cpu       |
+-----------------+--------------------+--------------+------------------------------------------------------------------+------------------------------------------------------------------+----------------------+

[stage07] evidence files
+-------------+--------------------------------------------------------------------------------------------------------------------------------------------------------------------------------------------------------------------------------+
| kind        | path                                                                                                                                                                                                                           |
+-------------+--------------------------------------------------------------------------------------------------------------------------------------------------------------------------------------------------------------------------------+
| main_csv    | /tmp/ZKX_dev/results/stage07_b05_formal_2836c8d/formal/20260810T105059Z_2836c8dc200d_stage07_b05_formal_5e32c370/operator_main_results_fm_demod_not_applicable_20260810T105059Z_2836c8dc200d_stage07_b05_formal_5e32c370.csv   |
| timing_csv  | /tmp/ZKX_dev/results/stage07_b05_formal_2836c8d/formal/20260810T105059Z_2836c8dc200d_stage07_b05_formal_5e32c370/operator_timing_samples_fm_demod_not_applicable_20260810T105059Z_2836c8dc200d_stage07_b05_formal_5e32c370.csv |
| memory_csv  | /tmp/ZKX_dev/results/stage07_b05_formal_2836c8d/formal/20260810T105059Z_2836c8dc200d_stage07_b05_formal_5e32c370/operator_demod_fm_demod_memory_trace_not_applicable.csv                                                       |
| dtype_csv   | /tmp/ZKX_dev/results/stage07_b05_formal_2836c8d/formal/20260810T105059Z_2836c8dc200d_stage07_b05_formal_5e32c370/operator_dtype_evidence_fm_demod_not_applicable_20260810T105059Z_2836c8dc200d_stage07_b05_formal_5e32c370.csv |
| report_json | /tmp/ZKX_dev/results/stage07_b05_formal_2836c8d/formal/20260810T105059Z_2836c8dc200d_stage07_b05_formal_5e32c370/operator_fm_demod_report.json                                                                                 |
| summary_txt | /tmp/ZKX_dev/results/stage07_b05_formal_2836c8d/formal/20260810T105059Z_2836c8dc200d_stage07_b05_formal_5e32c370/operator_fm_demod_summary.txt                                                                                 |
| full_log    | /tmp/ZKX_dev/results/stage07_b05_formal_2836c8d/formal/20260810T105059Z_2836c8dc200d_stage07_b05_formal_5e32c370/operator_fm_demod_full.log                                                                                    |
| result_dir  | /tmp/ZKX_dev/results/stage07_b05_formal_2836c8d/formal/20260810T105059Z_2836c8dc200d_stage07_b05_formal_5e32c370                                                                                                               |
+-------------+--------------------------------------------------------------------------------------------------------------------------------------------------------------------------------------------------------------------------------+
