command=build_stage08_b05_detrend_2140b2b84ec4/stage08_filtering_detrend --dtype FP16 --mode linear --breakpoints 25|50|75 --rank 2 --rows 100 --cols 100 --axis 0 --seed 85120003 --warmup 20 --measured 100 --output /tmp/ZKX_dev/results/stage08_input_preview_b05_detrend_652061b694fc/formal/20260810T084554Z_652061b694fc_stage08_b05_formal_85610005/detrend_probe_raw.json
STAGE08_DETREND_PROBE PASS dtype=FP16 mode=linear
{"run_id": "20260810T084554Z_652061b694fc_stage08_b05_formal_85610005", "case_id": "detrend__detrend_fp16_10e4__4482b588d1df34c8", "operator_name": "detrend", "scale_id": "detrend_fp16_10e4", "requested_dtype": "FP16", "output_dtype": "FP64", "backend": "not_applicable", "mode": "linear", "axis": 0, "breakpoints": [25, 50, 75], "rank": 2, "warmup_runs": 20, "measured_runs": 100, "mse": 1.44072e-10, "rmse": 1.2003e-05, "relative_l2": 1.86857e-05, "relative_linf": 3.85398e-05, "status": "PASS", "error_code": "OK"}
[stage08] identity and status
+---------+-------------------+--------+----------------+-------+--------+----------+--------------------------+--------+------------+
| target  | scale_id          | device | backend        | dtype | warmup | measured | timing_scope             | status | error_code |
+---------+-------------------+--------+----------------+-------+--------+----------+--------------------------+--------+------------+
| detrend | detrend_fp16_10e4 | CPU    | not_applicable | FP16  | 20     | 100      | compatibility/end-to-end | PASS   | OK         |
| detrend | detrend_fp16_10e4 | GPU    | not_applicable | FP16  | 20     | 100      | compatibility/end-to-end | PASS   | OK         |
+---------+-------------------+--------+----------------+-------+--------+----------+--------------------------+--------+------------+

[stage08] timing detail
+--------+---------------------+---------------------+---------------------+---------------------+---------------------+---------------------+-----------------------+----------------------+-------------------+
| device | mean_ms             | p50_ms              | p95_ms              | p99_ms              | min_ms              | max_ms              | std_ms                | cv                   | speedup           |
+--------+---------------------+---------------------+---------------------+---------------------+---------------------+---------------------+-----------------------+----------------------+-------------------+
| CPU    | 0.72343215000000005 | 0.72065350000000006 | 0.73309950000000002 | 0.74383900000000036 | 0.71795399999999998 | 0.80769400000000002 | 0.0097588692033196145 | 0.013489681379683795 | NA                |
| GPU    | 0.63403197          | 0.62932350000000004 | 0.65257599999999993 | 0.74116870000000035 | 0.61895299999999998 | 0.79707399999999995 | 0.021284404086304599  | 0.033569922485619456 | 1.141002637453755 |
+--------+---------------------+---------------------+---------------------+---------------------+---------------------+---------------------+-----------------------+----------------------+-------------------+

[stage08] accuracy detail
+-----------------------+-------------+------------+-------------+---------------+-------------+----------------+--------------------------------------------------------+--------+
| accuracy_reference    | mse         | rmse       | relative_l2 | relative_linf | exact_match | mismatch_count | semantic_check                                         | status |
+-----------------------+-------------+------------+-------------+---------------+-------------+----------------+--------------------------------------------------------+--------+
| cpu_detrend_reference | 1.44072e-10 | 1.2003e-05 | 1.86857e-05 | 3.85398e-05   | NA          | NA             | shape_axis_mode_breakpoints_and_output_dtype_match_cpu | PASS   |
+-----------------------+-------------+------------+-------------+---------------+-------------+----------------+--------------------------------------------------------+--------+

[stage08] resource detail
+--------+------------+--------------+-------------+------------+-------------+
| device | metric     | before_bytes | after_bytes | peak_bytes | delta_bytes |
+--------+------------+--------------+-------------+------------+-------------+
| CPU    | cpu_heap   | 1560352      | 1583104     | 1663120    | 22752       |
| CPU    | rss        | 69967872     | 69967872    | 69967872   | 0           |
| GPU    | cpu_heap   | 1584832      | 1668624     | 1668624    | 83792       |
| GPU    | rss        | 70340608     | 70340608    | 70340608   | 0           |
| GPU    | gpu_memory | 408322048    | 408322048   | 408322048  | 0           |
+--------+------------+--------------+-------------+------------+-------------+

[stage08] input/output identity
+--------+------------------------------------------------------------------+------------------------------------------------------------------+
| device | input_digest                                                     | output_digest                                                    |
+--------+------------------------------------------------------------------+------------------------------------------------------------------+
| CPU    | 4482b588d1df34c896fba1e5e49d420b199e7047529d3ba7a9b38c25f447a802 | ade535eea3186b91339a1b4584ff8402eb33020dd71b01ac0cc84915c9f2a907 |
| GPU    | 4482b588d1df34c896fba1e5e49d420b199e7047529d3ba7a9b38c25f447a802 | 62b37a0100843d10b3e372db8789fd70b811d05e1b3a13d4ddcfc819cc8d7c83 |
+--------+------------------------------------------------------------------+------------------------------------------------------------------+

[stage08] input content
+------------+-----------+-------+----------+--------------------------------------------------------+---------------------------------------------------------------+
| input_name | shape     | dtype | elements | generator                                              | values(head4/tail2)                                           |
+------------+-----------+-------+----------+--------------------------------------------------------+---------------------------------------------------------------+
| x          | [100x100] | FP16  | 10000    | trend_plus_modular_noise(seed=85120003,integral=false) | i=0:-0.75;i=1:0.3;i=2:-0.9;i=3:0.15;i=9998:500.4;i=9999:499.2 |
+------------+-----------+-------+----------+--------------------------------------------------------+---------------------------------------------------------------+

[stage08] case parameters
+-----------------------------------------------------------------------------------------------------------------------------+
| parameters                                                                                                                  |
+-----------------------------------------------------------------------------------------------------------------------------+
| {"axis":"0","breakpoints":"25|50|75","cols":"100","dtype":"FP16","mode":"linear","rank":"2","rows":"100","seed":"85120003"} |
+-----------------------------------------------------------------------------------------------------------------------------+

[stage08] dtype evidence
+-----------------+--------------------+--------------+------------------------------------------------------------------+--------+
| requested_dtype | config_input_dtype | output_dtype | actual_input_digest                                              | status |
+-----------------+--------------------+--------------+------------------------------------------------------------------+--------+
| FP16            | NA                 | FP64         | 4482b588d1df34c896fba1e5e49d420b199e7047529d3ba7a9b38c25f447a802 | PASS   |
+-----------------+--------------------+--------------+------------------------------------------------------------------+--------+

[stage08] evidence files
+----------------+---------------------------------------------------------------------------------------------------------------------------------------------------------------------------------------------------------------------------------------------------+
| kind           | path                                                                                                                                                                                                                                              |
+----------------+---------------------------------------------------------------------------------------------------------------------------------------------------------------------------------------------------------------------------------------------------+
| probe_raw_json | /tmp/ZKX_dev/results/stage08_input_preview_b05_detrend_652061b694fc/formal/20260810T084554Z_652061b694fc_stage08_b05_formal_85610005/detrend_probe_raw.json                                                                                       |
| full_log       | /tmp/ZKX_dev/results/stage08_input_preview_b05_detrend_652061b694fc/formal/20260810T084554Z_652061b694fc_stage08_b05_formal_85610005/operator_detrend_full.log                                                                                    |
| report_json    | /tmp/ZKX_dev/results/stage08_input_preview_b05_detrend_652061b694fc/formal/20260810T084554Z_652061b694fc_stage08_b05_formal_85610005/operator_detrend_report.json                                                                                 |
| summary_txt    | /tmp/ZKX_dev/results/stage08_input_preview_b05_detrend_652061b694fc/formal/20260810T084554Z_652061b694fc_stage08_b05_formal_85610005/operator_detrend_summary.txt                                                                                 |
| dtype_csv      | /tmp/ZKX_dev/results/stage08_input_preview_b05_detrend_652061b694fc/formal/20260810T084554Z_652061b694fc_stage08_b05_formal_85610005/operator_dtype_evidence_detrend_not_applicable_20260810T084554Z_652061b694fc_stage08_b05_formal_85610005.csv |
| memory_csv     | /tmp/ZKX_dev/results/stage08_input_preview_b05_detrend_652061b694fc/formal/20260810T084554Z_652061b694fc_stage08_b05_formal_85610005/operator_filtering_detrend_memory_trace_not_applicable.csv                                                   |
| main_csv       | /tmp/ZKX_dev/results/stage08_input_preview_b05_detrend_652061b694fc/formal/20260810T084554Z_652061b694fc_stage08_b05_formal_85610005/operator_main_results_detrend_not_applicable_20260810T084554Z_652061b694fc_stage08_b05_formal_85610005.csv   |
| timing_csv     | /tmp/ZKX_dev/results/stage08_input_preview_b05_detrend_652061b694fc/formal/20260810T084554Z_652061b694fc_stage08_b05_formal_85610005/operator_timing_samples_detrend_not_applicable_20260810T084554Z_652061b694fc_stage08_b05_formal_85610005.csv |
+----------------+---------------------------------------------------------------------------------------------------------------------------------------------------------------------------------------------------------------------------------------------------+
