command=build_stage08_b06_csd_336d860e7e54/stage08_spectral_analysis_csd --dtype FP16 --nx 10000 --ny 9000 --fs 1000 --nperseg 128 --noverlap 64 --nfft 128 --detrend constant --scaling density --average median --seed 86120003 --warmup 20 --measured 100 --output /tmp/ZKX_dev/results/stage08_input_preview_b06_csd_9b01dadd36f6/formal/20260810T085520Z_9b01dadd36f6_stage08_b06_formal_86710005/csd_probe_raw.json
{"run_id": "20260810T085520Z_9b01dadd36f6_stage08_b06_formal_86710005", "case_id": "csd__csd_fp16_10e4__57efefbc2eaa3501", "operator_name": "csd", "scale_id": "csd_fp16_10e4", "requested_dtype": "FP16", "output_dtype": "ComplexFP32", "backend": "fft_thrust", "nperseg": 128, "noverlap": 64, "nfft": 128, "detrend": "constant", "scaling": "density", "average": "median", "frequency_count": 65, "warmup_runs": 20, "measured_runs": 100, "mse": 1.09515e-19, "rmse": 3.3093e-10, "relative_l2": 1.97787e-12, "relative_linf": 7.45058e-12, "status": "PASS", "error_code": "OK"}
[stage08] identity and status
+--------+---------------+--------+------------+-------+--------+----------+--------------------------+--------+------------+
| target | scale_id      | device | backend    | dtype | warmup | measured | timing_scope             | status | error_code |
+--------+---------------+--------+------------+-------+--------+----------+--------------------------+--------+------------+
| csd    | csd_fp16_10e4 | CPU    | fft_thrust | FP16  | 20     | 100      | compatibility/end-to-end | PASS   | OK         |
| csd    | csd_fp16_10e4 | GPU    | fft_thrust | FP16  | 20     | 100      | compatibility/end-to-end | PASS   | OK         |
+--------+---------------+--------+------------+-------+--------+----------+--------------------------+--------+------------+

[stage08] timing detail
+--------+-------------+------------+--------------+--------------------+------------+------------+----------------------+----------------------+-------------------+
| device | mean_ms     | p50_ms     | p95_ms       | p99_ms             | min_ms     | max_ms     | std_ms               | cv                   | speedup           |
+--------+-------------+------------+--------------+--------------------+------------+------------+----------------------+----------------------+-------------------+
| CPU    | 195.6889904 | 195.642109 | 196.01262505 | 196.20248318000003 | 195.317138 | 199.639781 | 0.4292199882736124   | 0.002193378316257144 | NA                |
| GPU    | 2.99771474  | 3.004126   | 3.06240455   | 3.1184614000000006 | 2.885355   | 3.244627   | 0.054095313610260175 | 0.01804551743647902  | 65.27939025979502 |
+--------+-------------+------------+--------------+--------------------+------------+------------+----------------------+----------------------+-------------------+

[stage08] accuracy detail
+--------------------+-------------+------------+-------------+---------------+-------------+----------------+----------------------------------------------+--------+
| accuracy_reference | mse         | rmse       | relative_l2 | relative_linf | exact_match | mismatch_count | semantic_check                               | status |
+--------------------+-------------+------------+-------------+---------------+-------------+----------------+----------------------------------------------+--------+
| cpu_csd_direct_dft | 1.09515e-19 | 3.3093e-10 | 1.97787e-12 | 7.45058e-12   | NA          | NA             | segmented_cross_spectrum_frequency_and_dtype | PASS   |
+--------------------+-------------+------------+-------------+---------------+-------------+----------------+----------------------------------------------+--------+

[stage08] resource detail
+--------+------------+--------------+-------------+------------+-------------+
| device | metric     | before_bytes | after_bytes | peak_bytes | delta_bytes |
+--------+------------+--------------+-------------+------------+-------------+
| CPU    | cpu_heap   | 1639008      | 1682976     | 1682976    | 43968       |
| CPU    | rss        | 70385664     | 70782976    | 70782976   | 397312      |
| GPU    | cpu_heap   | 1683040      | 1687696     | 1688752    | 4656        |
| GPU    | rss        | 70782976     | 70782976    | 70782976   | 0           |
| GPU    | gpu_memory | 357777408    | 357777408   | 357777408  | 0           |
+--------+------------+--------------+-------------+------------+-------------+

[stage08] input/output identity
+--------+------------------------------------------------------------------+------------------------------------------------------------------+
| device | input_digest                                                     | output_digest                                                    |
+--------+------------------------------------------------------------------+------------------------------------------------------------------+
| CPU    | 57efefbc2eaa350146575fe9f90d8de9a28d28e6a5892e9e5c44f701c72792e1 | e884839b52f6df7961a5bc24ff5ef6d70d1a19d85dd86c1f5e679515e5aab212 |
| GPU    | 57efefbc2eaa350146575fe9f90d8de9a28d28e6a5892e9e5c44f701c72792e1 | 412373224ab3907578c582f022f067bb0ca9ad821f1833a690da7c22af39e999 |
+--------+------------------------------------------------------------------+------------------------------------------------------------------+

[stage08] input content
+------------+---------+-------+----------+---------------------------------------------------------------------+-----------------------------------------------------------------------------+
| input_name | shape   | dtype | elements | generator                                                           | values(head4/tail2)                                                         |
+------------+---------+-------+----------+---------------------------------------------------------------------+-----------------------------------------------------------------------------+
| x          | [10000] | FP16  | 10000    | spectral_modular_plus_periodic_offset(seed=86120003,integral=false) | i=0:-0.75;i=1:0.78125;i=2:-0.4375;i=3:1.09375;i=9998:0.53125;i=9999:-0.6875 |
| y          | [9000]  | FP16  | 9000     | spectral_modular_plus_periodic_offset(seed=86120004,integral=false) | i=0:-0.5;i=1:1.03125;i=2:-0.1875;i=3:1.34375;i=8998:-0.4375;i=8999:1.09375  |
+------------+---------+-------+----------+---------------------------------------------------------------------+-----------------------------------------------------------------------------+

[stage08] case parameters
+----------------------------------------------------------------------------------------------------------------------------------------------------------------------------------+
| parameters                                                                                                                                                                       |
+----------------------------------------------------------------------------------------------------------------------------------------------------------------------------------+
| {"average":"median","detrend":"constant","dtype":"FP16","fs":"1000","nfft":"128","noverlap":"64","nperseg":"128","nx":"10000","ny":"9000","scaling":"density","seed":"86120003"} |
+----------------------------------------------------------------------------------------------------------------------------------------------------------------------------------+

[stage08] dtype evidence
+-----------------+--------------------+--------------+------------------------------------------------------------------+--------+
| requested_dtype | config_input_dtype | output_dtype | actual_input_digest                                              | status |
+-----------------+--------------------+--------------+------------------------------------------------------------------+--------+
| FP16            | NA                 | ComplexFP32  | 57efefbc2eaa350146575fe9f90d8de9a28d28e6a5892e9e5c44f701c72792e1 | PASS   |
+-----------------+--------------------+--------------+------------------------------------------------------------------+--------+

[stage08] evidence files
+----------------+---------------------------------------------------------------------------------------------------------------------------------------------------------------------------------------------------------------------------------------+
| kind           | path                                                                                                                                                                                                                                  |
+----------------+---------------------------------------------------------------------------------------------------------------------------------------------------------------------------------------------------------------------------------------+
| probe_raw_json | /tmp/ZKX_dev/results/stage08_input_preview_b06_csd_9b01dadd36f6/formal/20260810T085520Z_9b01dadd36f6_stage08_b06_formal_86710005/csd_probe_raw.json                                                                                   |
| full_log       | /tmp/ZKX_dev/results/stage08_input_preview_b06_csd_9b01dadd36f6/formal/20260810T085520Z_9b01dadd36f6_stage08_b06_formal_86710005/operator_csd_full.log                                                                                |
| report_json    | /tmp/ZKX_dev/results/stage08_input_preview_b06_csd_9b01dadd36f6/formal/20260810T085520Z_9b01dadd36f6_stage08_b06_formal_86710005/operator_csd_report.json                                                                             |
| summary_txt    | /tmp/ZKX_dev/results/stage08_input_preview_b06_csd_9b01dadd36f6/formal/20260810T085520Z_9b01dadd36f6_stage08_b06_formal_86710005/operator_csd_summary.txt                                                                             |
| dtype_csv      | /tmp/ZKX_dev/results/stage08_input_preview_b06_csd_9b01dadd36f6/formal/20260810T085520Z_9b01dadd36f6_stage08_b06_formal_86710005/operator_dtype_evidence_csd_fft_thrust_20260810T085520Z_9b01dadd36f6_stage08_b06_formal_86710005.csv |
| main_csv       | /tmp/ZKX_dev/results/stage08_input_preview_b06_csd_9b01dadd36f6/formal/20260810T085520Z_9b01dadd36f6_stage08_b06_formal_86710005/operator_main_results_csd_fft_thrust_20260810T085520Z_9b01dadd36f6_stage08_b06_formal_86710005.csv   |
| memory_csv     | /tmp/ZKX_dev/results/stage08_input_preview_b06_csd_9b01dadd36f6/formal/20260810T085520Z_9b01dadd36f6_stage08_b06_formal_86710005/operator_spectral_analysis_csd_memory_trace_fft_thrust.csv                                           |
| timing_csv     | /tmp/ZKX_dev/results/stage08_input_preview_b06_csd_9b01dadd36f6/formal/20260810T085520Z_9b01dadd36f6_stage08_b06_formal_86710005/operator_timing_samples_csd_fft_thrust_20260810T085520Z_9b01dadd36f6_stage08_b06_formal_86710005.csv |
+----------------+---------------------------------------------------------------------------------------------------------------------------------------------------------------------------------------------------------------------------------------+
