command=/tmp/ZKX_dev/build_stage07_b01_pulse_compression_1662dd06774d/stage07_radartools_pulse_compression --dtype INT8 --warmup 20 --measured 100 --output /tmp/ZKX_dev/results/stage07_b01_input_preview_1662dd06774d/formal/20260810T081036Z_1662dd06774d_stage07_b01_formal_ff8ba0a1/pulse_compression_probe_raw.json --n0 64 --n1 256 --template 64 --nfft 256
STAGE07_RADAR_PROBE PASS operator=pulse_compression dtype=INT8
{"run_id": "20260810T081036Z_1662dd06774d_stage07_b01_formal_ff8ba0a1", "case_id": "pulse_compression__pc_int8_10e4__80f715f3ba132e43", "operator_name": "pulse_compression", "scale_id": "pc_int8_10e4", "requested_dtype": "INT8", "config_input_dtype": "ComplexINT8", "input_content": [{"input_name": "echo", "shape": "[64x256]", "dtype": "ComplexINT8", "element_count": "16384", "generator": "complex_modular(seed=3,integral=true)", "preview_head4_tail2": "i=0:(-2,-1);i=1:(0,-3);i=2:(2,4);i=3:(4,2);i=16382:(4,4);i=16383:(-5,2)"}, {"input_name": "waveform", "shape": "[64]", "dtype": "ComplexINT8", "element_count": "64", "generator": "complex_modular(seed=7,integral=true)", "preview_head4_tail2": "i=0:(2,3);i=1:(4,1);i=2:(-5,-1);i=3:(-3,-3);i=62:(5,-4);i=63:(-4,3)"}], "case_parameters": {"num_pulses": 64, "samples_per_pulse": 256, "pulse_samples": 64, "nfft": 256, "normalize": false, "window": "none"}, "output_dtype": "ComplexFP64", "backend": "fft_thrust", "warmup_runs": 20, "measured_runs": 100, "mse": 2.63098e-09, "rmse": 5.1293e-05, "relative_l2": 2.06443e-07, "relative_linf": 3.12911e-07, "exact_match": true, "mismatch_count": 0, "semantic_check": true, "actual_input_digest": "80f715f3ba132e43397df256c8713c3cadf7c3204f3bed8b6a7209a0e1416d17", "status": "PASS", "error_code": "OK"}
[stage07] identity and status
+-------------------+--------------+--------+------------+-------+--------+----------+--------------------------+--------+------------+
| target            | scale_id     | device | backend    | dtype | warmup | measured | timing_scope             | status | error_code |
+-------------------+--------------+--------+------------+-------+--------+----------+--------------------------+--------+------------+
| pulse_compression | pc_int8_10e4 | CPU    | fft_thrust | INT8  | 20     | 100      | compatibility/end-to-end | PASS   | OK         |
| pulse_compression | pc_int8_10e4 | GPU    | fft_thrust | INT8  | 20     | 100      | compatibility/end-to-end | PASS   | OK         |
+-------------------+--------------+--------+------------+-------+--------+----------+--------------------------+--------+------------+

[stage07] timing detail
+--------+-------------+--------------------+-------------+--------------------+-----------+-----------+----------------------+-----------------------+--------------------+
| device | mean_ms     | p50_ms             | p95_ms      | p99_ms             | min_ms    | max_ms    | std_ms               | cv                    | speedup            |
+--------+-------------+--------------------+-------------+--------------------+-----------+-----------+----------------------+-----------------------+--------------------+
| CPU    | 38.42467571 | 38.415144999999995 | 38.49630705 | 38.60572012        | 38.362347 | 38.688595 | 0.048774803456763514 | 0.0012693614859596563 | NA                 |
| GPU    | 1.37712724  | 1.36518            | 1.426383    | 1.5478855900000008 | 1.346755  | 1.666744  | 0.04043863930997679  | 0.029364490175923606  | 27.902051890281395 |
+--------+-------------+--------------------+-------------+--------------------+-----------+-----------+----------------------+-----------------------+--------------------+

[stage07] accuracy detail
+---------------------+-------------+------------+-------------+---------------+-------------+----------------+---------------------------------+--------+
| reference           | mse         | rmse       | relative_l2 | relative_linf | exact_match | mismatch_count | semantic_check                  | status |
+---------------------+-------------+------------+-------------+---------------+-------------+----------------+---------------------------------+--------+
| typed_cpu_reference | 2.63098e-09 | 5.1293e-05 | 2.06443e-07 | 3.12911e-07   | NA          | NA             | typed_output_shape_dtype_finite | PASS   |
+---------------------+-------------+------------+-------------+---------------+-------------+----------------+---------------------------------+--------+

[stage07] resource detail
+--------+------------+--------------+-------------+------------+-------------+
| device | metric     | before_bytes | after_bytes | peak_bytes | delta_bytes |
+--------+------------+--------------+-------------+------------+-------------+
| CPU    | cpu_heap   | 2339440      | 2113680     | 2374720    | -225760     |
| CPU    | rss        | 71872512     | 71872512    | 71872512   | 0           |
| GPU    | cpu_heap   | 2113680      | 2116752     | 2117216    | 3072        |
| GPU    | rss        | 71872512     | 71872512    | 71872512   | 0           |
| GPU    | gpu_memory | 357777408    | 357777408   | 357777408  | 0           |
+--------+------------+--------------+-------------+------------+-------------+

[stage07] input content
+------------+----------+-------------+----------+---------------------------------------+-------------------------------------------------------------------------+
| input_name | shape    | dtype       | elements | generator                             | values(head4/tail2)                                                     |
+------------+----------+-------------+----------+---------------------------------------+-------------------------------------------------------------------------+
| echo       | [64x256] | ComplexINT8 | 16384    | complex_modular(seed=3,integral=true) | i=0:(-2,-1);i=1:(0,-3);i=2:(2,4);i=3:(4,2);i=16382:(4,4);i=16383:(-5,2) |
| waveform   | [64]     | ComplexINT8 | 64       | complex_modular(seed=7,integral=true) | i=0:(2,3);i=1:(4,1);i=2:(-5,-1);i=3:(-3,-3);i=62:(5,-4);i=63:(-4,3)     |
+------------+----------+-------------+----------+---------------------------------------+-------------------------------------------------------------------------+

[stage07] case parameters
+-----------------------------------------------------------------------------------------------------------+
| parameters                                                                                                |
+-----------------------------------------------------------------------------------------------------------+
| {"nfft":256,"normalize":false,"num_pulses":64,"pulse_samples":64,"samples_per_pulse":256,"window":"none"} |
+-----------------------------------------------------------------------------------------------------------+

[stage07] input and output identity
+--------+------------------------------------------------------------------+------------------------------------------------------------------+
| device | input_digest                                                     | output_digest                                                    |
+--------+------------------------------------------------------------------+------------------------------------------------------------------+
| CPU    | 80f715f3ba132e43397df256c8713c3cadf7c3204f3bed8b6a7209a0e1416d17 | 96107112969d4c5acf5024f93ac399dc452ce836b6c613adcfb7328f3fb67142 |
| GPU    | 80f715f3ba132e43397df256c8713c3cadf7c3204f3bed8b6a7209a0e1416d17 | da4155885ccf78bae07432482f0d60c1b81897866f5813b58017daf920d34271 |
+--------+------------------------------------------------------------------+------------------------------------------------------------------+

[stage07] dtype evidence
+-----------------+--------------------+--------------+------------------------------------------------------------------+
| requested_dtype | config_input_dtype | output_dtype | actual_input_digest                                              |
+-----------------+--------------------+--------------+------------------------------------------------------------------+
| INT8            | ComplexINT8        | ComplexFP64  | 80f715f3ba132e43397df256c8713c3cadf7c3204f3bed8b6a7209a0e1416d17 |
+-----------------+--------------------+--------------+------------------------------------------------------------------+

[stage07] evidence files
+-------------+-------------------------------------------------------------------------------------------------------------------------------------------------------------------------------------------------------------------------------------------------+
| kind        | path                                                                                                                                                                                                                                            |
+-------------+-------------------------------------------------------------------------------------------------------------------------------------------------------------------------------------------------------------------------------------------------+
| main_csv    | /tmp/ZKX_dev/results/stage07_b01_input_preview_1662dd06774d/formal/20260810T081036Z_1662dd06774d_stage07_b01_formal_ff8ba0a1/operator_main_results_pulse_compression_fft_thrust_20260810T081036Z_1662dd06774d_stage07_b01_formal_ff8ba0a1.csv   |
| timing_csv  | /tmp/ZKX_dev/results/stage07_b01_input_preview_1662dd06774d/formal/20260810T081036Z_1662dd06774d_stage07_b01_formal_ff8ba0a1/operator_timing_samples_pulse_compression_fft_thrust_20260810T081036Z_1662dd06774d_stage07_b01_formal_ff8ba0a1.csv |
| memory_csv  | /tmp/ZKX_dev/results/stage07_b01_input_preview_1662dd06774d/formal/20260810T081036Z_1662dd06774d_stage07_b01_formal_ff8ba0a1/operator_radartools_pulse_compression_memory_trace_fft_thrust.csv                                                  |
| dtype_csv   | /tmp/ZKX_dev/results/stage07_b01_input_preview_1662dd06774d/formal/20260810T081036Z_1662dd06774d_stage07_b01_formal_ff8ba0a1/operator_dtype_evidence_pulse_compression_fft_thrust_20260810T081036Z_1662dd06774d_stage07_b01_formal_ff8ba0a1.csv |
| report_json | /tmp/ZKX_dev/results/stage07_b01_input_preview_1662dd06774d/formal/20260810T081036Z_1662dd06774d_stage07_b01_formal_ff8ba0a1/operator_pulse_compression_report.json                                                                             |
| summary_txt | /tmp/ZKX_dev/results/stage07_b01_input_preview_1662dd06774d/formal/20260810T081036Z_1662dd06774d_stage07_b01_formal_ff8ba0a1/operator_pulse_compression_summary.txt                                                                             |
| full_log    | /tmp/ZKX_dev/results/stage07_b01_input_preview_1662dd06774d/formal/20260810T081036Z_1662dd06774d_stage07_b01_formal_ff8ba0a1/operator_pulse_compression_full.log                                                                                |
| result_dir  | /tmp/ZKX_dev/results/stage07_b01_input_preview_1662dd06774d/formal/20260810T081036Z_1662dd06774d_stage07_b01_formal_ff8ba0a1                                                                                                                    |
+-------------+-------------------------------------------------------------------------------------------------------------------------------------------------------------------------------------------------------------------------------------------------+
