[stage08-b02] operator=triang entry=cpu:triang_typed_cpu gpu:triang_device
[stage08-b02] config=test_all/configs/operators/windows/triang/operator_scales.json config_sha256=d7de5774be071f747c6bdb46d3373673771af1a8190a816ca4092657ec7a5dfd
[stage08-b02] run_type=formal scale=triang_fp16_10e4 dtype=FP16 sym=true backend=not_applicable
[stage08-b02] dtype_semantics=request_variant_no_typed_data_input typed_input_count=0 actual_input_digest=cadad88e333e0a70670079f972e771752bdabf67365c62ae56f8a799cc6ee292
[stage08-b02] timing_scope=compatibility/end-to-end warmup=20 measured=100
[stage08-b02] cpu_mean_ms=0.095700819999999992 gpu_mean_ms=0.30524369000000001 speedup=0.31352268084558926
[stage08-b02] mse=1.6917600126759456e-16 rmse=1.3006767518011327e-08 relative_l2=2.2528382296074068e-08 relative_linf=2.9757614403294899e-08
[stage08-b02] resources=available cuda_event_ms=0.32016798853874207
[stage08-b02] status=PASS error_code=OK
[stage08] identity and status
target | scale_id         | device | backend        | dtype | warmup | measured | timing_scope             | status | error_code
triang | triang_fp16_10e4 | CPU    | not_applicable | FP16  | 20     | 100      | compatibility/end-to-end | PASS   | OK        
triang | triang_fp16_10e4 | GPU    | not_applicable | FP16  | 20     | 100      | compatibility/end-to-end | PASS   | OK        

[stage08] timing detail
device | mean_ms              | p50_ms               | p95_ms               | p99_ms              | min_ms               | max_ms              | std_ms                | cv                   | speedup            
CPU    | 0.095700819999999992 | 0.094280499999999989 | 0.097520999999999997 | 0.10623570000000002 | 0.094141000000000002 | 0.109671            | 0.0024843289934306212 | 0.025959328179535154 | NA                 
GPU    | 0.30524369000000001  | 0.30336750000000001  | 0.311552             | 0.32480571000000041 | 0.29710300000000001  | 0.40427400000000002 | 0.010828655352992819  | 0.03547544374461211  | 0.31352268084558926

[stage08] accuracy detail
accuracy_reference  | mse                    | rmse                   | relative_l2            | relative_linf          | exact_match | mismatch_count | semantic_check                                                                                       | status
cpu_typed_reference | 1.6917600126759456e-16 | 1.3006767518011327e-08 | 2.2528382296074068e-08 | 2.9757614403294899e-08 | NA          | NA             | finite_fp64_triangular_window_shape_parity_and_symmetry_match_cpu:shape=[10000];finite=true;sym=true | PASS  

[stage08] resource detail
device | metric     | before_bytes | after_bytes | peak_bytes | delta_bytes
CPU    | cpu_heap   | 1558800      | 1562656     | 1641552    | 3856       
CPU    | rss        | 70959104     | 70959104    | 70959104   | 0          
GPU    | cpu_heap   | 1562656      | 1565536     | 1644640    | 2880       
GPU    | rss        | 70959104     | 70959104    | 70959104   | 0          
GPU    | gpu_memory | 341000192    | 341000192   | 341000192  | 0          

[stage08] input/output identity
device | input_digest                                                     | output_digest                                                   
CPU    | cadad88e333e0a70670079f972e771752bdabf67365c62ae56f8a799cc6ee292 | 436b9ff6fc84afbf534cf6b5ca0cf267433294456d8e303b59ec954eaf7c2dc3
GPU    | cadad88e333e0a70670079f972e771752bdabf67365c62ae56f8a799cc6ee292 | a6f955e5f2a8a3687c77b18529178b465e2ecadf4442246e09cd0eb684d76f1d

[stage08] dtype evidence
requested_dtype | config_input_dtype | output_dtype | actual_input_digest                                              | status
FP16            | FP16               | FP64         | cadad88e333e0a70670079f972e771752bdabf67365c62ae56f8a799cc6ee292 | PASS  

[stage08] evidence files
kind        | path                                                                                                                                                                                                                                     
main_csv    | /tmp/ZKX_dev/results/stage08_table_rerun_triang_47ebe13410d3/formal/20260810T032047Z_47ebe13410d3_stage08_b02_formal_8822000a/operator_main_results_triang_not_applicable_20260810T032047Z_47ebe13410d3_stage08_b02_formal_8822000a.csv  
timing_csv  | /tmp/ZKX_dev/results/stage08_table_rerun_triang_47ebe13410d3/formal/20260810T032047Z_47ebe13410d3_stage08_b02_formal_8822000a/operator_timing_samples_triang_not_applicable_20260810T032047Z_47ebe13410d3_stage08_b02_formal_8822000a.csv
memory_csv  | /tmp/ZKX_dev/results/stage08_table_rerun_triang_47ebe13410d3/formal/20260810T032047Z_47ebe13410d3_stage08_b02_formal_8822000a/operator_windows_triang_memory_trace_not_applicable.csv                                                    
dtype_csv   | /tmp/ZKX_dev/results/stage08_table_rerun_triang_47ebe13410d3/formal/20260810T032047Z_47ebe13410d3_stage08_b02_formal_8822000a/operator_dtype_evidence_triang_not_applicable_20260810T032047Z_47ebe13410d3_stage08_b02_formal_8822000a.csv
module_csv  | /tmp/ZKX_dev/results/stage08_table_rerun_triang_47ebe13410d3/formal/20260810T032047Z_47ebe13410d3_stage08_b02_formal_8822000a/windows_batch02_module_summary_not_applicable_20260810T032047Z_47ebe13410d3_stage08_b02_formal_8822000a.csv
report_json | /tmp/ZKX_dev/results/stage08_table_rerun_triang_47ebe13410d3/formal/20260810T032047Z_47ebe13410d3_stage08_b02_formal_8822000a/operator_triang_report.json                                                                                
summary_txt | /tmp/ZKX_dev/results/stage08_table_rerun_triang_47ebe13410d3/formal/20260810T032047Z_47ebe13410d3_stage08_b02_formal_8822000a/operator_triang_summary.txt                                                                                
full_log    | /tmp/ZKX_dev/results/stage08_table_rerun_triang_47ebe13410d3/formal/20260810T032047Z_47ebe13410d3_stage08_b02_formal_8822000a/operator_triang_full.log                                                                                   
results_dir | /tmp/ZKX_dev/results/stage08_table_rerun_triang_47ebe13410d3/formal/20260810T032047Z_47ebe13410d3_stage08_b02_formal_8822000a                                                                                                            
