[stage08-b01] operator=kaiser entry=cpu:kaiser_typed_cpu gpu:kaiser_device
[stage08-b01] config=test_all/configs/operators/windows/kaiser/operator_scales.json config_sha256=3c4c14a97768005f5dc56b0d0c17628fff55c481c5608f82bbef4fa7c495f9fe
[stage08-b01] run_type=formal scale=kaiser_fp32_10e2 dtype=FP32 sym=false backend=not_applicable
[stage08-b01] dtype_semantics=actual_typed_scalar_input typed_input_count=1 actual_input_digest=9f9188fb10cdde69376056924e6d82a98ed6b4a9a781789e5601ae71abfd0aa0
[stage08-b01] timing_scope=compatibility/end-to-end warmup=20 measured=100
[stage08-b01] cpu_mean_ms=0.005567720000000006 gpu_mean_ms=0.25611265999999999 speedup=0.021739339242347513
[stage08-b01] mse=9.4177306276040361e-15 rmse=9.7044992800267839e-08 relative_l2=1.7255874147697642e-07 relative_linf=2.8263307960685324e-07
[stage08-b01] resources=available cuda_event_ms=0.28938800096511841
[stage08-b01] status=PASS error_code=OK
[stage08] identity and status
target | scale_id         | device | backend        | dtype | warmup | measured | timing_scope             | status | error_code
kaiser | kaiser_fp32_10e2 | CPU    | not_applicable | FP32  | 20     | 100      | compatibility/end-to-end | PASS   | OK        
kaiser | kaiser_fp32_10e2 | GPU    | not_applicable | FP32  | 20     | 100      | compatibility/end-to-end | PASS   | OK        

[stage08] timing detail
device | mean_ms              | p50_ms                | p95_ms                | p99_ms                | min_ms                | max_ms              | std_ms                 | cv                    | speedup             
CPU    | 0.005567720000000006 | 0.0055599999999999998 | 0.0055999999999999999 | 0.0056133000000000025 | 0.0055399999999999998 | 0.00594             | 4.0336355809616709e-05 | 0.0072446810920119304 | NA                  
GPU    | 0.25611265999999999  | 0.24865100000000001   | 0.27322099999999999   | 0.46947270000000041   | 0.23925099999999999   | 0.54191100000000003 | 0.037840018243711256   | 0.14774755079936797   | 0.021739339242347513

[stage08] accuracy detail
accuracy_reference  | mse                    | rmse                   | relative_l2            | relative_linf          | exact_match | mismatch_count | semantic_check                                                                                    | status
cpu_typed_reference | 9.4177306276040361e-15 | 9.7044992800267839e-08 | 1.7255874147697642e-07 | 2.8263307960685324e-07 | NA          | NA             | finite_normalized_fp64_window_shape_beta_and_symmetry_match_cpu:shape=[100];finite=true;sym=false | PASS  

[stage08] resource detail
device | metric     | before_bytes | after_bytes | peak_bytes | delta_bytes
CPU    | cpu_heap   | 1426512      | 1429552     | 1429552    | 3040       
CPU    | rss        | 70066176     | 70066176    | 70066176   | 0          
GPU    | cpu_heap   | 1429552      | 1432480     | 1432480    | 2928       
GPU    | rss        | 70066176     | 70066176    | 70066176   | 0          
GPU    | gpu_memory | 391544832    | 391544832   | 391544832  | 0          

[stage08] input/output identity
device | input_digest                                                     | output_digest                                                   
CPU    | 9f9188fb10cdde69376056924e6d82a98ed6b4a9a781789e5601ae71abfd0aa0 | 7f7e8c1c3de8b46f4035204803e4778b5cfb9b93879cf782a3262e1746140d29
GPU    | 9f9188fb10cdde69376056924e6d82a98ed6b4a9a781789e5601ae71abfd0aa0 | c1878dc0a8b658f23eafeb770f05a2994bf4c97205780d9eb40d8474ddc05ab6

[stage08] input content
input_name       | shape  | dtype       | elements | generator                                           | values(head4/tail2)                                                                          
window_positions | [100]  | INDEX_INT64 | 100      | implicit_window_index_domain(no_materialized_array) | i=0:position=0;i=1:position=1;i=2:position=2;i=3:position=3;i=98:position=98;i=99:position=99
beta             | scalar | FP32        | 1        | exact_config_scalar                                 | value=8                                                                                      

[stage08] case parameters
parameters                                                  
{"length":100,"requested_dtype":"FP32","sym":false,"beta":8}

[stage08] dtype evidence
requested_dtype | config_input_dtype | output_dtype | actual_input_digest                                              | status
FP32            | FP32               | FP64         | 9f9188fb10cdde69376056924e6d82a98ed6b4a9a781789e5601ae71abfd0aa0 | PASS  

[stage08] evidence files
kind        | path                                                                                                                                                                                                                                           
main_csv    | /tmp/ZKX_dev/results/stage08_input_preview_b01_kaiser_8b745f9a6864/formal/20260810T082127Z_8b745f9a6864_stage08_b01_formal_a1040002/operator_main_results_kaiser_not_applicable_20260810T082127Z_8b745f9a6864_stage08_b01_formal_a1040002.csv  
timing_csv  | /tmp/ZKX_dev/results/stage08_input_preview_b01_kaiser_8b745f9a6864/formal/20260810T082127Z_8b745f9a6864_stage08_b01_formal_a1040002/operator_timing_samples_kaiser_not_applicable_20260810T082127Z_8b745f9a6864_stage08_b01_formal_a1040002.csv
memory_csv  | /tmp/ZKX_dev/results/stage08_input_preview_b01_kaiser_8b745f9a6864/formal/20260810T082127Z_8b745f9a6864_stage08_b01_formal_a1040002/operator_windows_kaiser_memory_trace_not_applicable.csv                                                    
input_csv   | /tmp/ZKX_dev/results/stage08_input_preview_b01_kaiser_8b745f9a6864/formal/20260810T082127Z_8b745f9a6864_stage08_b01_formal_a1040002/operator_input_evidence_kaiser_not_applicable_20260810T082127Z_8b745f9a6864_stage08_b01_formal_a1040002.csv
dtype_csv   | /tmp/ZKX_dev/results/stage08_input_preview_b01_kaiser_8b745f9a6864/formal/20260810T082127Z_8b745f9a6864_stage08_b01_formal_a1040002/operator_dtype_evidence_kaiser_not_applicable_20260810T082127Z_8b745f9a6864_stage08_b01_formal_a1040002.csv
module_csv  | /tmp/ZKX_dev/results/stage08_input_preview_b01_kaiser_8b745f9a6864/formal/20260810T082127Z_8b745f9a6864_stage08_b01_formal_a1040002/windows_batch01_module_summary_not_applicable_20260810T082127Z_8b745f9a6864_stage08_b01_formal_a1040002.csv
report_json | /tmp/ZKX_dev/results/stage08_input_preview_b01_kaiser_8b745f9a6864/formal/20260810T082127Z_8b745f9a6864_stage08_b01_formal_a1040002/operator_kaiser_report.json                                                                                
summary_txt | /tmp/ZKX_dev/results/stage08_input_preview_b01_kaiser_8b745f9a6864/formal/20260810T082127Z_8b745f9a6864_stage08_b01_formal_a1040002/operator_kaiser_summary.txt                                                                                
full_log    | /tmp/ZKX_dev/results/stage08_input_preview_b01_kaiser_8b745f9a6864/formal/20260810T082127Z_8b745f9a6864_stage08_b01_formal_a1040002/operator_kaiser_full.log                                                                                   
results_dir | /tmp/ZKX_dev/results/stage08_input_preview_b01_kaiser_8b745f9a6864/formal/20260810T082127Z_8b745f9a6864_stage08_b01_formal_a1040002                                                                                                            
