sample_index=0 cpu_pipeline_ms=27.046 gpu_pipeline_ms=5.97947 cpu_resource_sampling_overhead_ms=0.154061 gpu_resource_sampling_overhead_ms=0.032021 semantic_gates=16/16 timing_direct=true resource_overhead_excluded=true step_sum_used=false status=PASS
sample_index=1 cpu_pipeline_ms=25.0038 gpu_pipeline_ms=5.89774 cpu_resource_sampling_overhead_ms=0.142311 gpu_resource_sampling_overhead_ms=0.03178 semantic_gates=16/16 timing_direct=true resource_overhead_excluded=true step_sum_used=false status=PASS
sample_index=2 cpu_pipeline_ms=25.2288 gpu_pipeline_ms=6.01753 cpu_resource_sampling_overhead_ms=0.125341 gpu_resource_sampling_overhead_ms=0.03184 semantic_gates=16/16 timing_direct=true resource_overhead_excluded=true step_sum_used=false status=PASS
sample_index=3 cpu_pipeline_ms=25.2104 gpu_pipeline_ms=6.16671 cpu_resource_sampling_overhead_ms=0.120631 gpu_resource_sampling_overhead_ms=0.03181 semantic_gates=16/16 timing_direct=true resource_overhead_excluded=true step_sum_used=false status=PASS
sample_index=4 cpu_pipeline_ms=24.7979 gpu_pipeline_ms=6.08645 cpu_resource_sampling_overhead_ms=0.114951 gpu_resource_sampling_overhead_ms=0.03237 semantic_gates=16/16 timing_direct=true resource_overhead_excluded=true step_sum_used=false status=PASS
sample_index=5 cpu_pipeline_ms=25.4193 gpu_pipeline_ms=6.46973 cpu_resource_sampling_overhead_ms=0.12383 gpu_resource_sampling_overhead_ms=0.0318 semantic_gates=16/16 timing_direct=true resource_overhead_excluded=true step_sum_used=false status=PASS
sample_index=6 cpu_pipeline_ms=25.2558 gpu_pipeline_ms=6.66238 cpu_resource_sampling_overhead_ms=0.113731 gpu_resource_sampling_overhead_ms=0.032411 semantic_gates=16/16 timing_direct=true resource_overhead_excluded=true step_sum_used=false status=PASS
sample_index=7 cpu_pipeline_ms=24.7921 gpu_pipeline_ms=6.71216 cpu_resource_sampling_overhead_ms=0.113591 gpu_resource_sampling_overhead_ms=0.03238 semantic_gates=16/16 timing_direct=true resource_overhead_excluded=true step_sum_used=false status=PASS
sample_index=8 cpu_pipeline_ms=25.3338 gpu_pipeline_ms=6.43399 cpu_resource_sampling_overhead_ms=0.13174 gpu_resource_sampling_overhead_ms=0.03264 semantic_gates=16/16 timing_direct=true resource_overhead_excluded=true step_sum_used=false status=PASS
sample_index=9 cpu_pipeline_ms=25.1366 gpu_pipeline_ms=6.2785 cpu_resource_sampling_overhead_ms=0.13615 gpu_resource_sampling_overhead_ms=0.03285 semantic_gates=16/16 timing_direct=true resource_overhead_excluded=true step_sum_used=false status=PASS
sample_index=10 cpu_pipeline_ms=24.9175 gpu_pipeline_ms=7.03057 cpu_resource_sampling_overhead_ms=0.115721 gpu_resource_sampling_overhead_ms=0.03236 semantic_gates=16/16 timing_direct=true resource_overhead_excluded=true step_sum_used=false status=PASS
sample_index=11 cpu_pipeline_ms=25.1997 gpu_pipeline_ms=6.62666 cpu_resource_sampling_overhead_ms=0.128332 gpu_resource_sampling_overhead_ms=0.03378 semantic_gates=16/16 timing_direct=true resource_overhead_excluded=true step_sum_used=false status=PASS
sample_index=12 cpu_pipeline_ms=24.8712 gpu_pipeline_ms=6.62701 cpu_resource_sampling_overhead_ms=0.120271 gpu_resource_sampling_overhead_ms=0.03263 semantic_gates=16/16 timing_direct=true resource_overhead_excluded=true step_sum_used=false status=PASS
sample_index=13 cpu_pipeline_ms=24.8838 gpu_pipeline_ms=6.67373 cpu_resource_sampling_overhead_ms=0.116821 gpu_resource_sampling_overhead_ms=0.03233 semantic_gates=16/16 timing_direct=true resource_overhead_excluded=true step_sum_used=false status=PASS
sample_index=14 cpu_pipeline_ms=25.2717 gpu_pipeline_ms=6.49183 cpu_resource_sampling_overhead_ms=0.122031 gpu_resource_sampling_overhead_ms=0.03193 semantic_gates=16/16 timing_direct=true resource_overhead_excluded=true step_sum_used=false status=PASS
sample_index=15 cpu_pipeline_ms=25.1598 gpu_pipeline_ms=6.47975 cpu_resource_sampling_overhead_ms=0.120311 gpu_resource_sampling_overhead_ms=0.03181 semantic_gates=16/16 timing_direct=true resource_overhead_excluded=true step_sum_used=false status=PASS
sample_index=16 cpu_pipeline_ms=25.1942 gpu_pipeline_ms=7.00829 cpu_resource_sampling_overhead_ms=0.12356 gpu_resource_sampling_overhead_ms=0.03133 semantic_gates=16/16 timing_direct=true resource_overhead_excluded=true step_sum_used=false status=PASS
sample_index=17 cpu_pipeline_ms=25.0144 gpu_pipeline_ms=6.53266 cpu_resource_sampling_overhead_ms=0.127162 gpu_resource_sampling_overhead_ms=0.03211 semantic_gates=16/16 timing_direct=true resource_overhead_excluded=true step_sum_used=false status=PASS
sample_index=18 cpu_pipeline_ms=24.8229 gpu_pipeline_ms=6.57424 cpu_resource_sampling_overhead_ms=0.124151 gpu_resource_sampling_overhead_ms=0.031971 semantic_gates=16/16 timing_direct=true resource_overhead_excluded=true step_sum_used=false status=PASS
sample_index=19 cpu_pipeline_ms=25.4346 gpu_pipeline_ms=6.54566 cpu_resource_sampling_overhead_ms=0.141661 gpu_resource_sampling_overhead_ms=0.031521 semantic_gates=16/16 timing_direct=true resource_overhead_excluded=true step_sum_used=false status=PASS
sample_index=20 cpu_pipeline_ms=25.3185 gpu_pipeline_ms=6.56937 cpu_resource_sampling_overhead_ms=0.142461 gpu_resource_sampling_overhead_ms=0.03204 semantic_gates=16/16 timing_direct=true resource_overhead_excluded=true step_sum_used=false status=PASS
sample_index=21 cpu_pipeline_ms=25.3033 gpu_pipeline_ms=6.75917 cpu_resource_sampling_overhead_ms=0.128731 gpu_resource_sampling_overhead_ms=0.03211 semantic_gates=16/16 timing_direct=true resource_overhead_excluded=true step_sum_used=false status=PASS
sample_index=22 cpu_pipeline_ms=25.7489 gpu_pipeline_ms=6.54628 cpu_resource_sampling_overhead_ms=0.134452 gpu_resource_sampling_overhead_ms=0.03251 semantic_gates=16/16 timing_direct=true resource_overhead_excluded=true step_sum_used=false status=PASS
sample_index=23 cpu_pipeline_ms=25.3692 gpu_pipeline_ms=6.57134 cpu_resource_sampling_overhead_ms=0.111451 gpu_resource_sampling_overhead_ms=0.03255 semantic_gates=16/16 timing_direct=true resource_overhead_excluded=true step_sum_used=false status=PASS
sample_index=24 cpu_pipeline_ms=76.1689 gpu_pipeline_ms=6.60539 cpu_resource_sampling_overhead_ms=0.14369 gpu_resource_sampling_overhead_ms=0.031501 semantic_gates=16/16 timing_direct=true resource_overhead_excluded=true step_sum_used=false status=PASS
sample_index=25 cpu_pipeline_ms=25.529 gpu_pipeline_ms=6.86289 cpu_resource_sampling_overhead_ms=0.117141 gpu_resource_sampling_overhead_ms=0.03328 semantic_gates=16/16 timing_direct=true resource_overhead_excluded=true step_sum_used=false status=PASS
sample_index=26 cpu_pipeline_ms=26.9761 gpu_pipeline_ms=6.46665 cpu_resource_sampling_overhead_ms=0.115291 gpu_resource_sampling_overhead_ms=0.03268 semantic_gates=16/16 timing_direct=true resource_overhead_excluded=true step_sum_used=false status=PASS
sample_index=27 cpu_pipeline_ms=25.9662 gpu_pipeline_ms=6.33855 cpu_resource_sampling_overhead_ms=0.150251 gpu_resource_sampling_overhead_ms=0.03233 semantic_gates=16/16 timing_direct=true resource_overhead_excluded=true step_sum_used=false status=PASS
sample_index=28 cpu_pipeline_ms=24.5964 gpu_pipeline_ms=6.20423 cpu_resource_sampling_overhead_ms=0.12995 gpu_resource_sampling_overhead_ms=0.032121 semantic_gates=16/16 timing_direct=true resource_overhead_excluded=true step_sum_used=false status=PASS
sample_index=29 cpu_pipeline_ms=24.5705 gpu_pipeline_ms=6.22755 cpu_resource_sampling_overhead_ms=0.141931 gpu_resource_sampling_overhead_ms=0.03237 semantic_gates=16/16 timing_direct=true resource_overhead_excluded=true step_sum_used=false status=PASS
sample_index=30 cpu_pipeline_ms=25.5391 gpu_pipeline_ms=6.31203 cpu_resource_sampling_overhead_ms=0.1312 gpu_resource_sampling_overhead_ms=0.03191 semantic_gates=16/16 timing_direct=true resource_overhead_excluded=true step_sum_used=false status=PASS
sample_index=31 cpu_pipeline_ms=24.5411 gpu_pipeline_ms=6.23869 cpu_resource_sampling_overhead_ms=0.1155 gpu_resource_sampling_overhead_ms=0.031801 semantic_gates=16/16 timing_direct=true resource_overhead_excluded=true step_sum_used=false status=PASS
sample_index=32 cpu_pipeline_ms=24.8294 gpu_pipeline_ms=6.57569 cpu_resource_sampling_overhead_ms=0.117991 gpu_resource_sampling_overhead_ms=0.032 semantic_gates=16/16 timing_direct=true resource_overhead_excluded=true step_sum_used=false status=PASS
sample_index=33 cpu_pipeline_ms=25.7934 gpu_pipeline_ms=6.51184 cpu_resource_sampling_overhead_ms=0.123841 gpu_resource_sampling_overhead_ms=0.03211 semantic_gates=16/16 timing_direct=true resource_overhead_excluded=true step_sum_used=false status=PASS
sample_index=34 cpu_pipeline_ms=24.6192 gpu_pipeline_ms=6.61773 cpu_resource_sampling_overhead_ms=0.126041 gpu_resource_sampling_overhead_ms=0.03229 semantic_gates=16/16 timing_direct=true resource_overhead_excluded=true step_sum_used=false status=PASS
sample_index=35 cpu_pipeline_ms=25.3525 gpu_pipeline_ms=6.54909 cpu_resource_sampling_overhead_ms=0.133182 gpu_resource_sampling_overhead_ms=0.031711 semantic_gates=16/16 timing_direct=true resource_overhead_excluded=true step_sum_used=false status=PASS
sample_index=36 cpu_pipeline_ms=24.9917 gpu_pipeline_ms=6.32755 cpu_resource_sampling_overhead_ms=0.18744 gpu_resource_sampling_overhead_ms=0.0315 semantic_gates=16/16 timing_direct=true resource_overhead_excluded=true step_sum_used=false status=PASS
sample_index=37 cpu_pipeline_ms=24.7281 gpu_pipeline_ms=6.43901 cpu_resource_sampling_overhead_ms=0.114831 gpu_resource_sampling_overhead_ms=0.03214 semantic_gates=16/16 timing_direct=true resource_overhead_excluded=true step_sum_used=false status=PASS
sample_index=38 cpu_pipeline_ms=25.5285 gpu_pipeline_ms=6.60753 cpu_resource_sampling_overhead_ms=0.14145 gpu_resource_sampling_overhead_ms=0.03271 semantic_gates=16/16 timing_direct=true resource_overhead_excluded=true step_sum_used=false status=PASS
sample_index=39 cpu_pipeline_ms=26.3505 gpu_pipeline_ms=6.3741 cpu_resource_sampling_overhead_ms=0.118212 gpu_resource_sampling_overhead_ms=0.03273 semantic_gates=16/16 timing_direct=true resource_overhead_excluded=true step_sum_used=false status=PASS
sample_index=40 cpu_pipeline_ms=24.736 gpu_pipeline_ms=6.63427 cpu_resource_sampling_overhead_ms=0.121991 gpu_resource_sampling_overhead_ms=0.032351 semantic_gates=16/16 timing_direct=true resource_overhead_excluded=true step_sum_used=false status=PASS
sample_index=41 cpu_pipeline_ms=25.5753 gpu_pipeline_ms=6.24873 cpu_resource_sampling_overhead_ms=0.147222 gpu_resource_sampling_overhead_ms=0.031661 semantic_gates=16/16 timing_direct=true resource_overhead_excluded=true step_sum_used=false status=PASS
sample_index=42 cpu_pipeline_ms=24.44 gpu_pipeline_ms=6.32869 cpu_resource_sampling_overhead_ms=0.11297 gpu_resource_sampling_overhead_ms=0.03211 semantic_gates=16/16 timing_direct=true resource_overhead_excluded=true step_sum_used=false status=PASS
sample_index=43 cpu_pipeline_ms=24.9836 gpu_pipeline_ms=6.64458 cpu_resource_sampling_overhead_ms=0.12431 gpu_resource_sampling_overhead_ms=0.03245 semantic_gates=16/16 timing_direct=true resource_overhead_excluded=true step_sum_used=false status=PASS
sample_index=44 cpu_pipeline_ms=25.6686 gpu_pipeline_ms=6.33227 cpu_resource_sampling_overhead_ms=0.14066 gpu_resource_sampling_overhead_ms=0.03244 semantic_gates=16/16 timing_direct=true resource_overhead_excluded=true step_sum_used=false status=PASS
sample_index=45 cpu_pipeline_ms=24.4208 gpu_pipeline_ms=6.34313 cpu_resource_sampling_overhead_ms=0.110091 gpu_resource_sampling_overhead_ms=0.03317 semantic_gates=16/16 timing_direct=true resource_overhead_excluded=true step_sum_used=false status=PASS
sample_index=46 cpu_pipeline_ms=25.0991 gpu_pipeline_ms=6.44329 cpu_resource_sampling_overhead_ms=0.125491 gpu_resource_sampling_overhead_ms=0.032271 semantic_gates=16/16 timing_direct=true resource_overhead_excluded=true step_sum_used=false status=PASS
sample_index=47 cpu_pipeline_ms=25.273 gpu_pipeline_ms=6.25294 cpu_resource_sampling_overhead_ms=0.136731 gpu_resource_sampling_overhead_ms=0.03238 semantic_gates=16/16 timing_direct=true resource_overhead_excluded=true step_sum_used=false status=PASS
sample_index=48 cpu_pipeline_ms=24.6103 gpu_pipeline_ms=6.22449 cpu_resource_sampling_overhead_ms=0.123642 gpu_resource_sampling_overhead_ms=0.03231 semantic_gates=16/16 timing_direct=true resource_overhead_excluded=true step_sum_used=false status=PASS
sample_index=49 cpu_pipeline_ms=25.3098 gpu_pipeline_ms=6.50766 cpu_resource_sampling_overhead_ms=0.12556 gpu_resource_sampling_overhead_ms=0.031881 semantic_gates=16/16 timing_direct=true resource_overhead_excluded=true step_sum_used=false status=PASS
sample_index=50 cpu_pipeline_ms=24.5923 gpu_pipeline_ms=6.64695 cpu_resource_sampling_overhead_ms=0.128972 gpu_resource_sampling_overhead_ms=0.03189 semantic_gates=16/16 timing_direct=true resource_overhead_excluded=true step_sum_used=false status=PASS
sample_index=51 cpu_pipeline_ms=25.0866 gpu_pipeline_ms=6.74916 cpu_resource_sampling_overhead_ms=0.114821 gpu_resource_sampling_overhead_ms=0.03232 semantic_gates=16/16 timing_direct=true resource_overhead_excluded=true step_sum_used=false status=PASS
sample_index=52 cpu_pipeline_ms=25.5931 gpu_pipeline_ms=6.97644 cpu_resource_sampling_overhead_ms=0.159052 gpu_resource_sampling_overhead_ms=0.0323 semantic_gates=16/16 timing_direct=true resource_overhead_excluded=true step_sum_used=false status=PASS
sample_index=53 cpu_pipeline_ms=25.0709 gpu_pipeline_ms=6.45842 cpu_resource_sampling_overhead_ms=0.11309 gpu_resource_sampling_overhead_ms=0.052531 semantic_gates=16/16 timing_direct=true resource_overhead_excluded=true step_sum_used=false status=PASS
sample_index=54 cpu_pipeline_ms=25.1955 gpu_pipeline_ms=6.60966 cpu_resource_sampling_overhead_ms=0.125392 gpu_resource_sampling_overhead_ms=0.032541 semantic_gates=16/16 timing_direct=true resource_overhead_excluded=true step_sum_used=false status=PASS
sample_index=55 cpu_pipeline_ms=25.3717 gpu_pipeline_ms=6.34747 cpu_resource_sampling_overhead_ms=0.121292 gpu_resource_sampling_overhead_ms=0.03233 semantic_gates=16/16 timing_direct=true resource_overhead_excluded=true step_sum_used=false status=PASS
sample_index=56 cpu_pipeline_ms=24.6484 gpu_pipeline_ms=6.66556 cpu_resource_sampling_overhead_ms=0.129591 gpu_resource_sampling_overhead_ms=0.03154 semantic_gates=16/16 timing_direct=true resource_overhead_excluded=true step_sum_used=false status=PASS
sample_index=57 cpu_pipeline_ms=25.0104 gpu_pipeline_ms=6.92162 cpu_resource_sampling_overhead_ms=0.139102 gpu_resource_sampling_overhead_ms=0.033521 semantic_gates=16/16 timing_direct=true resource_overhead_excluded=true step_sum_used=false status=PASS
sample_index=58 cpu_pipeline_ms=25.2848 gpu_pipeline_ms=7.20416 cpu_resource_sampling_overhead_ms=0.12973 gpu_resource_sampling_overhead_ms=0.03399 semantic_gates=16/16 timing_direct=true resource_overhead_excluded=true step_sum_used=false status=PASS
sample_index=59 cpu_pipeline_ms=25.1984 gpu_pipeline_ms=7.07074 cpu_resource_sampling_overhead_ms=0.119612 gpu_resource_sampling_overhead_ms=0.03389 semantic_gates=16/16 timing_direct=true resource_overhead_excluded=true step_sum_used=false status=PASS
sample_index=60 cpu_pipeline_ms=25.7237 gpu_pipeline_ms=7.21159 cpu_resource_sampling_overhead_ms=0.122802 gpu_resource_sampling_overhead_ms=0.03434 semantic_gates=16/16 timing_direct=true resource_overhead_excluded=true step_sum_used=false status=PASS
sample_index=61 cpu_pipeline_ms=24.7072 gpu_pipeline_ms=6.86582 cpu_resource_sampling_overhead_ms=0.118642 gpu_resource_sampling_overhead_ms=0.03384 semantic_gates=16/16 timing_direct=true resource_overhead_excluded=true step_sum_used=false status=PASS
sample_index=62 cpu_pipeline_ms=25.0271 gpu_pipeline_ms=6.96098 cpu_resource_sampling_overhead_ms=0.159993 gpu_resource_sampling_overhead_ms=0.03547 semantic_gates=16/16 timing_direct=true resource_overhead_excluded=true step_sum_used=false status=PASS
sample_index=63 cpu_pipeline_ms=25.5542 gpu_pipeline_ms=6.85833 cpu_resource_sampling_overhead_ms=0.117652 gpu_resource_sampling_overhead_ms=0.03417 semantic_gates=16/16 timing_direct=true resource_overhead_excluded=true step_sum_used=false status=PASS
sample_index=64 cpu_pipeline_ms=24.7041 gpu_pipeline_ms=7.23384 cpu_resource_sampling_overhead_ms=0.134831 gpu_resource_sampling_overhead_ms=0.03482 semantic_gates=16/16 timing_direct=true resource_overhead_excluded=true step_sum_used=false status=PASS
sample_index=65 cpu_pipeline_ms=24.8359 gpu_pipeline_ms=7.20095 cpu_resource_sampling_overhead_ms=0.13161 gpu_resource_sampling_overhead_ms=0.03424 semantic_gates=16/16 timing_direct=true resource_overhead_excluded=true step_sum_used=false status=PASS
sample_index=66 cpu_pipeline_ms=25.2272 gpu_pipeline_ms=7.01863 cpu_resource_sampling_overhead_ms=0.12912 gpu_resource_sampling_overhead_ms=0.034981 semantic_gates=16/16 timing_direct=true resource_overhead_excluded=true step_sum_used=false status=PASS
sample_index=67 cpu_pipeline_ms=25.2117 gpu_pipeline_ms=7.00387 cpu_resource_sampling_overhead_ms=0.115081 gpu_resource_sampling_overhead_ms=0.0361 semantic_gates=16/16 timing_direct=true resource_overhead_excluded=true step_sum_used=false status=PASS
sample_index=68 cpu_pipeline_ms=24.8414 gpu_pipeline_ms=7.24929 cpu_resource_sampling_overhead_ms=0.130222 gpu_resource_sampling_overhead_ms=0.03511 semantic_gates=16/16 timing_direct=true resource_overhead_excluded=true step_sum_used=false status=PASS
sample_index=69 cpu_pipeline_ms=24.5313 gpu_pipeline_ms=7.19358 cpu_resource_sampling_overhead_ms=0.129292 gpu_resource_sampling_overhead_ms=0.0345 semantic_gates=16/16 timing_direct=true resource_overhead_excluded=true step_sum_used=false status=PASS
sample_index=70 cpu_pipeline_ms=24.9802 gpu_pipeline_ms=7.13767 cpu_resource_sampling_overhead_ms=0.121221 gpu_resource_sampling_overhead_ms=0.034881 semantic_gates=16/16 timing_direct=true resource_overhead_excluded=true step_sum_used=false status=PASS
sample_index=71 cpu_pipeline_ms=25.5241 gpu_pipeline_ms=7.20629 cpu_resource_sampling_overhead_ms=0.1478 gpu_resource_sampling_overhead_ms=0.03426 semantic_gates=16/16 timing_direct=true resource_overhead_excluded=true step_sum_used=false status=PASS
sample_index=72 cpu_pipeline_ms=24.4048 gpu_pipeline_ms=7.21282 cpu_resource_sampling_overhead_ms=0.119561 gpu_resource_sampling_overhead_ms=0.033961 semantic_gates=16/16 timing_direct=true resource_overhead_excluded=true step_sum_used=false status=PASS
sample_index=73 cpu_pipeline_ms=24.6342 gpu_pipeline_ms=7.53253 cpu_resource_sampling_overhead_ms=0.121101 gpu_resource_sampling_overhead_ms=0.0341 semantic_gates=16/16 timing_direct=true resource_overhead_excluded=true step_sum_used=false status=PASS
sample_index=74 cpu_pipeline_ms=25.2491 gpu_pipeline_ms=7.03336 cpu_resource_sampling_overhead_ms=0.12554 gpu_resource_sampling_overhead_ms=0.03464 semantic_gates=16/16 timing_direct=true resource_overhead_excluded=true step_sum_used=false status=PASS
sample_index=75 cpu_pipeline_ms=24.7685 gpu_pipeline_ms=7.04851 cpu_resource_sampling_overhead_ms=0.120131 gpu_resource_sampling_overhead_ms=0.034341 semantic_gates=16/16 timing_direct=true resource_overhead_excluded=true step_sum_used=false status=PASS
sample_index=76 cpu_pipeline_ms=25.1639 gpu_pipeline_ms=7.47181 cpu_resource_sampling_overhead_ms=0.1204 gpu_resource_sampling_overhead_ms=0.03656 semantic_gates=16/16 timing_direct=true resource_overhead_excluded=true step_sum_used=false status=PASS
sample_index=77 cpu_pipeline_ms=25.0351 gpu_pipeline_ms=6.90284 cpu_resource_sampling_overhead_ms=0.133901 gpu_resource_sampling_overhead_ms=0.03503 semantic_gates=16/16 timing_direct=true resource_overhead_excluded=true step_sum_used=false status=PASS
sample_index=78 cpu_pipeline_ms=25.0567 gpu_pipeline_ms=7.01362 cpu_resource_sampling_overhead_ms=0.120412 gpu_resource_sampling_overhead_ms=0.03441 semantic_gates=16/16 timing_direct=true resource_overhead_excluded=true step_sum_used=false status=PASS
sample_index=79 cpu_pipeline_ms=32.6421 gpu_pipeline_ms=6.99645 cpu_resource_sampling_overhead_ms=0.127091 gpu_resource_sampling_overhead_ms=0.03384 semantic_gates=16/16 timing_direct=true resource_overhead_excluded=true step_sum_used=false status=PASS
sample_index=80 cpu_pipeline_ms=25.1238 gpu_pipeline_ms=9.42542 cpu_resource_sampling_overhead_ms=0.115481 gpu_resource_sampling_overhead_ms=0.03398 semantic_gates=16/16 timing_direct=true resource_overhead_excluded=true step_sum_used=false status=PASS
sample_index=81 cpu_pipeline_ms=24.9349 gpu_pipeline_ms=7.13675 cpu_resource_sampling_overhead_ms=0.11966 gpu_resource_sampling_overhead_ms=0.03365 semantic_gates=16/16 timing_direct=true resource_overhead_excluded=true step_sum_used=false status=PASS
sample_index=82 cpu_pipeline_ms=25.3171 gpu_pipeline_ms=7.1507 cpu_resource_sampling_overhead_ms=0.136681 gpu_resource_sampling_overhead_ms=0.033641 semantic_gates=16/16 timing_direct=true resource_overhead_excluded=true step_sum_used=false status=PASS
sample_index=83 cpu_pipeline_ms=25.1393 gpu_pipeline_ms=7.30656 cpu_resource_sampling_overhead_ms=0.124251 gpu_resource_sampling_overhead_ms=0.03426 semantic_gates=16/16 timing_direct=true resource_overhead_excluded=true step_sum_used=false status=PASS
sample_index=84 cpu_pipeline_ms=25.1606 gpu_pipeline_ms=7.31632 cpu_resource_sampling_overhead_ms=0.136911 gpu_resource_sampling_overhead_ms=0.034241 semantic_gates=16/16 timing_direct=true resource_overhead_excluded=true step_sum_used=false status=PASS
sample_index=85 cpu_pipeline_ms=24.7341 gpu_pipeline_ms=7.15277 cpu_resource_sampling_overhead_ms=0.13387 gpu_resource_sampling_overhead_ms=0.03483 semantic_gates=16/16 timing_direct=true resource_overhead_excluded=true step_sum_used=false status=PASS
sample_index=86 cpu_pipeline_ms=25.0474 gpu_pipeline_ms=7.21382 cpu_resource_sampling_overhead_ms=0.120261 gpu_resource_sampling_overhead_ms=0.03447 semantic_gates=16/16 timing_direct=true resource_overhead_excluded=true step_sum_used=false status=PASS
sample_index=87 cpu_pipeline_ms=25.5256 gpu_pipeline_ms=7.06908 cpu_resource_sampling_overhead_ms=0.131481 gpu_resource_sampling_overhead_ms=0.03425 semantic_gates=16/16 timing_direct=true resource_overhead_excluded=true step_sum_used=false status=PASS
sample_index=88 cpu_pipeline_ms=24.8141 gpu_pipeline_ms=7.02683 cpu_resource_sampling_overhead_ms=0.117481 gpu_resource_sampling_overhead_ms=0.03585 semantic_gates=16/16 timing_direct=true resource_overhead_excluded=true step_sum_used=false status=PASS
sample_index=89 cpu_pipeline_ms=24.8593 gpu_pipeline_ms=7.33779 cpu_resource_sampling_overhead_ms=0.11838 gpu_resource_sampling_overhead_ms=0.034341 semantic_gates=16/16 timing_direct=true resource_overhead_excluded=true step_sum_used=false status=PASS
sample_index=90 cpu_pipeline_ms=25.2509 gpu_pipeline_ms=7.06833 cpu_resource_sampling_overhead_ms=0.127011 gpu_resource_sampling_overhead_ms=0.03423 semantic_gates=16/16 timing_direct=true resource_overhead_excluded=true step_sum_used=false status=PASS
sample_index=91 cpu_pipeline_ms=24.7581 gpu_pipeline_ms=7.11437 cpu_resource_sampling_overhead_ms=0.120041 gpu_resource_sampling_overhead_ms=0.033921 semantic_gates=16/16 timing_direct=true resource_overhead_excluded=true step_sum_used=false status=PASS
sample_index=92 cpu_pipeline_ms=25.054 gpu_pipeline_ms=7.25821 cpu_resource_sampling_overhead_ms=0.12037 gpu_resource_sampling_overhead_ms=0.03476 semantic_gates=16/16 timing_direct=true resource_overhead_excluded=true step_sum_used=false status=PASS
sample_index=93 cpu_pipeline_ms=25.0229 gpu_pipeline_ms=7.26722 cpu_resource_sampling_overhead_ms=0.14663 gpu_resource_sampling_overhead_ms=0.03625 semantic_gates=16/16 timing_direct=true resource_overhead_excluded=true step_sum_used=false status=PASS
sample_index=94 cpu_pipeline_ms=24.7352 gpu_pipeline_ms=7.49366 cpu_resource_sampling_overhead_ms=0.147531 gpu_resource_sampling_overhead_ms=0.03466 semantic_gates=16/16 timing_direct=true resource_overhead_excluded=true step_sum_used=false status=PASS
sample_index=95 cpu_pipeline_ms=25.2168 gpu_pipeline_ms=7.21885 cpu_resource_sampling_overhead_ms=0.127271 gpu_resource_sampling_overhead_ms=0.033931 semantic_gates=16/16 timing_direct=true resource_overhead_excluded=true step_sum_used=false status=PASS
sample_index=96 cpu_pipeline_ms=24.8497 gpu_pipeline_ms=7.05956 cpu_resource_sampling_overhead_ms=0.122291 gpu_resource_sampling_overhead_ms=0.03538 semantic_gates=16/16 timing_direct=true resource_overhead_excluded=true step_sum_used=false status=PASS
sample_index=97 cpu_pipeline_ms=24.7573 gpu_pipeline_ms=7.26491 cpu_resource_sampling_overhead_ms=0.11423 gpu_resource_sampling_overhead_ms=0.03432 semantic_gates=16/16 timing_direct=true resource_overhead_excluded=true step_sum_used=false status=PASS
sample_index=98 cpu_pipeline_ms=25.4215 gpu_pipeline_ms=7.05835 cpu_resource_sampling_overhead_ms=0.11901 gpu_resource_sampling_overhead_ms=0.03403 semantic_gates=16/16 timing_direct=true resource_overhead_excluded=true step_sum_used=false status=PASS
sample_index=99 cpu_pipeline_ms=24.7937 gpu_pipeline_ms=6.96206 cpu_resource_sampling_overhead_ms=0.122751 gpu_resource_sampling_overhead_ms=0.03453 semantic_gates=16/16 timing_direct=true resource_overhead_excluded=true step_sum_used=false status=PASS
function=Task2 frozen full six-step pipeline
call_chain=Step1->Step2;Step2+Step1->Step3;Step3 dual outputs->Step4;Step4->Step5;Step5+Step4+Kalman/delay->Step6
timing=pipeline_total measured directly;not=sum(step timings)
cpu_correlation_method=direct_parallel_exact workers=224
resource_sampling_mode=same_pipeline_execution
status=PASS return_code=0
