command=build_stage08_b03_resample_35406beea576/stage08_filtering_resample --dtype FP32 --rows 10 --cols 10 --output-count 15 --domain time --seed 83310001 --warmup 20 --measured 100 --output /tmp/ZKX_dev/results/stage08_input_preview_b03_resample_5bf09d215ce4/formal/20260810T074823Z_5bf09d215ce4_stage08_b03_formal_99013001/resample_probe_raw.json
STAGE08_RESAMPLE_PROBE PASS dtype=FP32 shape=10x10 output_count=15 domain=time backend=fft_thrust
{"actual_input_digest": "7045139dd4540c19df872dfd05ef8f4a78ba4bd84b9bfd42b83cccf0b47ea486", "axis": 1, "backend": "fft_thrust", "case_id": "resample__resample_fp32_10e2__7045139dd4540c19", "compute_dtype": "FP32", "domain": "time", "dtype_semantics": "actual_typed_array_input_fp32_fft_resample_extension", "error_code": "OK", "fft_dtype": "ComplexFP32", "measured_runs": 100, "metrics": {"mse": 8.424475407066898e-14, "relative_l2": 1.8208735333307322e-07, "relative_linf": 2.900787904758721e-07, "rmse": 2.9024946868283664e-07}, "operator_name": "resample", "output_dtype": "FP32", "output_sample_count": 15, "requested_dtype": "FP32", "run_id": "20260810T074823Z_5bf09d215ce4_stage08_b03_formal_99013001", "scale_id": "resample_fp32_10e2", "schema_version": 1, "status": "PASS", "typed_input_count": 1, "typed_input_names": "x", "warmup_runs": 20}
[stage08] identity and status
+----------+--------------------+--------+------------+-------+--------+----------+--------------------------+--------+------------+
| target   | scale_id           | device | backend    | dtype | warmup | measured | timing_scope             | status | error_code |
+----------+--------------------+--------+------------+-------+--------+----------+--------------------------+--------+------------+
| resample | resample_fp32_10e2 | CPU    | fft_thrust | FP32  | 20     | 100      | compatibility/end-to-end | PASS   | OK         |
| resample | resample_fp32_10e2 | GPU    | fft_thrust | FP32  | 20     | 100      | compatibility/end-to-end | PASS   | OK         |
+----------+--------------------+--------+------------+-------+--------+----------+--------------------------+--------+------------+

[stage08] timing detail
+--------+-------------+----------+---------------------+---------------------+-----------+---------------------+-----------------------+-----------------------+----------------------+
| device | mean_ms     | p50_ms   | p95_ms              | p99_ms              | min_ms    | max_ms              | std_ms                | cv                    | speedup              |
+--------+-------------+----------+---------------------+---------------------+-----------+---------------------+-----------------------+-----------------------+----------------------+
| CPU    | 0.19807395  | 0.196822 | 0.19763999999999998 | 0.20872920000000036 | 0.196491  | 0.28072200000000003 | 0.0085487695341201035 | 0.043159484294224976  | NA                   |
| GPU    | 11.86294636 | 11.84853 | 11.99122195         | 12.1041311          | 11.738609 | 12.154532           | 0.066197127468270056  | 0.0055801590481329676 | 0.016696859615573614 |
+--------+-------------+----------+---------------------+---------------------+-----------+---------------------+-----------------------+-----------------------+----------------------+

[stage08] accuracy detail
+--------------------------------------+------------------------+------------------------+------------------------+------------------------+-------------+----------------+----------------------------------------------------------------------------------------------------------------------+--------+
| accuracy_reference                   | mse                    | rmse                   | relative_l2            | relative_linf          | exact_match | mismatch_count | semantic_check                                                                                                       | status |
+--------------------------------------+------------------------+------------------------+------------------------+------------------------+-------------+----------------+----------------------------------------------------------------------------------------------------------------------+--------+
| cpu_typed_double_direct_dft_resample | 8.4244754070668979e-14 | 2.9024946868283664e-07 | 1.8208735333307322e-07 | 2.9007879047587208e-07 | NA          | NA             | finite_resampled_signal_shape_domain_and_output_dtype_match_cpu:shape=[10, 10];axis=1;num=15;domain=time;finite=true | PASS   |
+--------------------------------------+------------------------+------------------------+------------------------+------------------------+-------------+----------------+----------------------------------------------------------------------------------------------------------------------+--------+

[stage08] resource detail
+--------+------------+--------------+-------------+------------+-------------+
| device | metric     | before_bytes | after_bytes | peak_bytes | delta_bytes |
+--------+------------+--------------+-------------+------------+-------------+
| CPU    | cpu_heap   | 1945952      | 1949200     | 1949200    | 3248        |
| CPU    | rss        | 71487488     | 71487488    | 71487488   | 0           |
| GPU    | cpu_heap   | 1949200      | 1952128     | 1952128    | 2928        |
| GPU    | rss        | 71487488     | 71487488    | 71487488   | 0           |
| GPU    | gpu_memory | 341000192    | 341000192   | 341000192  | 0           |
+--------+------------+--------------+-------------+------------+-------------+

[stage08] input/output identity
+--------+------------------------------------------------------------------+------------------------------------------------------------------+
| device | input_digest                                                     | output_digest                                                    |
+--------+------------------------------------------------------------------+------------------------------------------------------------------+
| CPU    | 7045139dd4540c19df872dfd05ef8f4a78ba4bd84b9bfd42b83cccf0b47ea486 | b4b8a3a1b6fd0efbe51b2b54580b46ac9b3ff582c915b715c41cad0309d83644 |
| GPU    | 7045139dd4540c19df872dfd05ef8f4a78ba4bd84b9bfd42b83cccf0b47ea486 | 0a170b1c384187c9147f5253fb469f680e1d94c7d8bd3857a8ffb776ef4098ed |
+--------+------------------------------------------------------------------+------------------------------------------------------------------+

[stage08] input content
+------------+---------+-------+----------+----------------------------------------------+---------------------------------------------------------+
| input_name | shape   | dtype | elements | generator                                    | values(head4/tail2)                                     |
+------------+---------+-------+----------+----------------------------------------------+---------------------------------------------------------+
| x          | [10x10] | FP32  | 100      | modular_signal(seed=83310001,integral=false) | i=0:2.75;i=1:1.25;i=2:-0.25;i=3:-1.75;i=98:-0.5;i=99:-2 |
+------------+---------+-------+----------+----------------------------------------------+---------------------------------------------------------+

[stage08] case parameters
+------------------------------------------------------------------------------------------------+
| parameters                                                                                     |
+------------------------------------------------------------------------------------------------+
| {"cols":"10","domain":"time","dtype":"FP32","output-count":"15","rows":"10","seed":"83310001"} |
+------------------------------------------------------------------------------------------------+

[stage08] dtype evidence
+-----------------+--------------------+--------------+------------------------------------------------------------------+--------+
| requested_dtype | config_input_dtype | output_dtype | actual_input_digest                                              | status |
+-----------------+--------------------+--------------+------------------------------------------------------------------+--------+
| FP32            | NA                 | FP32         | 7045139dd4540c19df872dfd05ef8f4a78ba4bd84b9bfd42b83cccf0b47ea486 | PASS   |
+-----------------+--------------------+--------------+------------------------------------------------------------------+--------+

[stage08] evidence files
+----------------+-------------------------------------------------------------------------------------------------------------------------------------------------------------------------------------------------------------------------------------------------+
| kind           | path                                                                                                                                                                                                                                            |
+----------------+-------------------------------------------------------------------------------------------------------------------------------------------------------------------------------------------------------------------------------------------------+
| dtype_csv      | /tmp/ZKX_dev/results/stage08_input_preview_b03_resample_5bf09d215ce4/formal/20260810T074823Z_5bf09d215ce4_stage08_b03_formal_99013001/operator_dtype_evidence_resample_fft_thrust_20260810T074823Z_5bf09d215ce4_stage08_b03_formal_99013001.csv |
| memory_csv     | /tmp/ZKX_dev/results/stage08_input_preview_b03_resample_5bf09d215ce4/formal/20260810T074823Z_5bf09d215ce4_stage08_b03_formal_99013001/operator_filtering_resample_memory_trace_fft_thrust.csv                                                   |
| main_csv       | /tmp/ZKX_dev/results/stage08_input_preview_b03_resample_5bf09d215ce4/formal/20260810T074823Z_5bf09d215ce4_stage08_b03_formal_99013001/operator_main_results_resample_fft_thrust_20260810T074823Z_5bf09d215ce4_stage08_b03_formal_99013001.csv   |
| full_log       | /tmp/ZKX_dev/results/stage08_input_preview_b03_resample_5bf09d215ce4/formal/20260810T074823Z_5bf09d215ce4_stage08_b03_formal_99013001/operator_resample_full.log                                                                                |
| report_json    | /tmp/ZKX_dev/results/stage08_input_preview_b03_resample_5bf09d215ce4/formal/20260810T074823Z_5bf09d215ce4_stage08_b03_formal_99013001/operator_resample_report.json                                                                             |
| summary_txt    | /tmp/ZKX_dev/results/stage08_input_preview_b03_resample_5bf09d215ce4/formal/20260810T074823Z_5bf09d215ce4_stage08_b03_formal_99013001/operator_resample_summary.txt                                                                             |
| timing_csv     | /tmp/ZKX_dev/results/stage08_input_preview_b03_resample_5bf09d215ce4/formal/20260810T074823Z_5bf09d215ce4_stage08_b03_formal_99013001/operator_timing_samples_resample_fft_thrust_20260810T074823Z_5bf09d215ce4_stage08_b03_formal_99013001.csv |
| probe_raw_json | /tmp/ZKX_dev/results/stage08_input_preview_b03_resample_5bf09d215ce4/formal/20260810T074823Z_5bf09d215ce4_stage08_b03_formal_99013001/resample_probe_raw.json                                                                                   |
+----------------+-------------------------------------------------------------------------------------------------------------------------------------------------------------------------------------------------------------------------------------------------+
