[stage07] identity and status
+----------+----------------+--------+----------------+-------+--------+----------+--------------------------+--------+------------+
| target   | scale_id       | device | backend        | dtype | warmup | measured | timing_scope             | status | error_code |
+----------+----------------+--------+----------------+-------+--------+----------+--------------------------+--------+------------+
| sawtooth | saw_int16_10e3 | CPU    | not_applicable | INT16 | 20     | 100      | compatibility/end-to-end | PASS   | OK         |
| sawtooth | saw_int16_10e3 | GPU    | not_applicable | INT16 | 20     | 100      | compatibility/end-to-end | PASS   | OK         |
+----------+----------------+--------+----------------+-------+--------+----------+--------------------------+--------+------------+

[stage07] timing detail
+--------+---------------------+-----------+----------------------+---------------------+----------+----------+-----------------------+----------------------+---------------------+
| device | mean_ms             | p50_ms    | p95_ms               | p99_ms              | min_ms   | max_ms   | std_ms                | cv                   | speedup             |
+--------+---------------------+-----------+----------------------+---------------------+----------+----------+-----------------------+----------------------+---------------------+
| CPU    | 0.03578045          | 0.035591  | 0.035631050000000004 | 0.03833620000000008 | 0.035271 | 0.052711 | 0.0017224374437116725 | 0.048139065990273254 | NA                  |
| GPU    | 0.30331357000000003 | 0.3015635 | 0.31347755           | 0.3261789200000003  | 0.293759 | 0.384482 | 0.009372793153862939  | 0.03090133143025199  | 0.11796521335989021 |
+--------+---------------------+-----------+----------------------+---------------------+----------+----------+-----------------------+----------------------+---------------------+

[stage07] accuracy detail
+---------------------+-------------+-------------+-------------+---------------+-------------+----------------+------------------------------------------------------------------+--------+
| reference           | mse         | rmse        | relative_l2 | relative_linf | exact_match | mismatch_count | semantic_check                                                   | status |
+---------------------+-------------+-------------+-------------+---------------+-------------+----------------+------------------------------------------------------------------+--------+
| typed_cpu_reference | 2.20353e-13 | 4.69417e-07 | 8.00895e-07 | 1.24694e-06   | NA          | NA             | output_shape=[1024];output_dtype=FP64;finite_numeric_output=true | PASS   |
+---------------------+-------------+-------------+-------------+---------------+-------------+----------------+------------------------------------------------------------------+--------+

[stage07] resource detail
+--------+------------+--------------+-------------+------------+-------------+
| device | metric     | before_bytes | after_bytes | peak_bytes | delta_bytes |
+--------+------------+--------------+-------------+------------+-------------+
| CPU    | cpu_heap   | 1410288      | 1424464     | 1424464    | 14176       |
| CPU    | rss        | 69844992     | 69902336    | 69902336   | 57344       |
| GPU    | cpu_heap   | 1424464      | 1435824     | 1435824    | 11360       |
| GPU    | rss        | 69902336     | 69902336    | 69902336   | 0           |
| GPU    | gpu_memory | 408322048    | 408322048   | 408322048  | 0           |
+--------+------------+--------------+-------------+------------+-------------+

[stage07] input content
+------------+--------+-------+----------+--------------------------------------------------------+---------------------------------------------+
| input_name | shape  | dtype | elements | generator                                              | values(head4/tail2)                         |
+------------+--------+-------+----------+--------------------------------------------------------+---------------------------------------------+
| phase      | [1024] | INT16 | 1024     | quantized_periodic_phase_8cycles(floor(16*pi*i/(N-1))) | i=0:0;i=1:0;i=2:0;i=3:0;i=1022:50;i=1023:50 |
+------------+--------+-------+----------+--------------------------------------------------------+---------------------------------------------+

[stage07] case parameters
+-------------------------------------------------------+
| parameters                                            |
+-------------------------------------------------------+
| {"output_dtype":"FP64","phase_cycles":8,"width":0.65} |
+-------------------------------------------------------+

[stage07] input and output identity
+--------+------------------------------------------------------------------+------------------------------------------------------------------+
| device | input_digest                                                     | output_digest                                                    |
+--------+------------------------------------------------------------------+------------------------------------------------------------------+
| CPU    | de048e2e25411c9bb6109125077448c0ed6c6c95456f54f86b8cf6a5d15342d6 | 3e633243566cd14356713680980878fd29d6de365cdc12a474f26bee1e98c1f4 |
| GPU    | de048e2e25411c9bb6109125077448c0ed6c6c95456f54f86b8cf6a5d15342d6 | 16162fb93c7115dd9a4389b2044ab03c04782f35fc8c55802467904939d7f916 |
+--------+------------------------------------------------------------------+------------------------------------------------------------------+

[stage07] dtype evidence
+-----------------+--------------------+--------------+------------------------------------------------------------------+------------------------------------------------------------------+
| requested_dtype | config_input_dtype | output_dtype | typed_array_digest                                               | actual_input_digest                                              |
+-----------------+--------------------+--------------+------------------------------------------------------------------+------------------------------------------------------------------+
| INT16           | INT16              | FP64         | 17872077ca03e92b36ab9a4ae6372b39722cfcb1040417ee9dfa0cfac08ae60f | de048e2e25411c9bb6109125077448c0ed6c6c95456f54f86b8cf6a5d15342d6 |
+-----------------+--------------------+--------------+------------------------------------------------------------------+------------------------------------------------------------------+

[stage07] evidence files
+-------------+-------------------------------------------------------------------------------------------------------------------------------------------------------------------------------------------------------------------------------------+
| kind        | path                                                                                                                                                                                                                                |
+-------------+-------------------------------------------------------------------------------------------------------------------------------------------------------------------------------------------------------------------------------------+
| main_csv    | /tmp/ZKX_dev/results/stage07_b02_formal_76c5b6f8b36d/formal/20260810T092025Z_76c5b6f8b36d_stage07_b02_formal_66c7d721/operator_main_results_sawtooth_not_applicable_20260810T092025Z_76c5b6f8b36d_stage07_b02_formal_66c7d721.csv   |
| timing_csv  | /tmp/ZKX_dev/results/stage07_b02_formal_76c5b6f8b36d/formal/20260810T092025Z_76c5b6f8b36d_stage07_b02_formal_66c7d721/operator_timing_samples_sawtooth_not_applicable_20260810T092025Z_76c5b6f8b36d_stage07_b02_formal_66c7d721.csv |
| memory_csv  | /tmp/ZKX_dev/results/stage07_b02_formal_76c5b6f8b36d/formal/20260810T092025Z_76c5b6f8b36d_stage07_b02_formal_66c7d721/operator_waveforms_sawtooth_memory_trace_not_applicable.csv                                                   |
| dtype_csv   | /tmp/ZKX_dev/results/stage07_b02_formal_76c5b6f8b36d/formal/20260810T092025Z_76c5b6f8b36d_stage07_b02_formal_66c7d721/operator_dtype_evidence_sawtooth_not_applicable_20260810T092025Z_76c5b6f8b36d_stage07_b02_formal_66c7d721.csv |
| report_json | /tmp/ZKX_dev/results/stage07_b02_formal_76c5b6f8b36d/formal/20260810T092025Z_76c5b6f8b36d_stage07_b02_formal_66c7d721/operator_sawtooth_report.json                                                                                 |
| summary_txt | /tmp/ZKX_dev/results/stage07_b02_formal_76c5b6f8b36d/formal/20260810T092025Z_76c5b6f8b36d_stage07_b02_formal_66c7d721/operator_sawtooth_summary.txt                                                                                 |
| full_log    | /tmp/ZKX_dev/results/stage07_b02_formal_76c5b6f8b36d/formal/20260810T092025Z_76c5b6f8b36d_stage07_b02_formal_66c7d721/operator_sawtooth_full.log                                                                                    |
| result_dir  | /tmp/ZKX_dev/results/stage07_b02_formal_76c5b6f8b36d/formal/20260810T092025Z_76c5b6f8b36d_stage07_b02_formal_66c7d721                                                                                                               |
+-------------+-------------------------------------------------------------------------------------------------------------------------------------------------------------------------------------------------------------------------------------+
STAGE07_WAVEFORM_CASE PASS operator=sawtooth scale=saw_int16_10e3 dtype=INT16 backend=not_applicable measured=100 results=/tmp/ZKX_dev/results/stage07_b02_formal_76c5b6f8b36d/formal/20260810T092025Z_76c5b6f8b36d_stage07_b02_formal_66c7d721
