[stage07] identity and status
+----------+----------------+--------+----------------+-------+--------+----------+--------------------------+--------+------------+
| target   | scale_id       | device | backend        | dtype | warmup | measured | timing_scope             | status | error_code |
+----------+----------------+--------+----------------+-------+--------+----------+--------------------------+--------+------------+
| sawtooth | saw_int16_10e4 | CPU    | not_applicable | INT16 | 20     | 100      | compatibility/end-to-end | PASS   | OK         |
| sawtooth | saw_int16_10e4 | GPU    | not_applicable | INT16 | 20     | 100      | compatibility/end-to-end | PASS   | OK         |
+----------+----------------+--------+----------------+-------+--------+----------+--------------------------+--------+------------+

[stage07] timing detail
+--------+------------+-----------+------------+---------------------+----------+----------+----------------------+----------------------+-------------------+
| device | mean_ms    | p50_ms    | p95_ms     | p99_ms              | min_ms   | max_ms   | std_ms               | cv                   | speedup           |
+--------+------------+-----------+------------+---------------------+----------+----------+----------------------+----------------------+-------------------+
| CPU    | 0.55398037 | 0.5537615 | 0.56180005 | 0.5669111200000002  | 0.548576 | 0.616819 | 0.007249727052317211 | 0.013086613614697595 | NA                |
| GPU    | 0.39041092 | 0.3886715 | 0.40825745 | 0.41316631000000004 | 0.375711 | 0.415573 | 0.007205593240920556 | 0.018456433649244635 | 1.418967404907629 |
+--------+------------+-----------+------------+---------------------+----------+----------+----------------------+----------------------+-------------------+

[stage07] accuracy detail
+---------------------+-------------+-------------+-------------+---------------+-------------+----------------+-------------------------------------------------------------------+--------+
| reference           | mse         | rmse        | relative_l2 | relative_linf | exact_match | mismatch_count | semantic_check                                                    | status |
+---------------------+-------------+-------------+-------------+---------------+-------------+----------------+-------------------------------------------------------------------+--------+
| typed_cpu_reference | 2.19536e-13 | 4.68547e-07 | 8.00056e-07 | 1.24694e-06   | NA          | NA             | output_shape=[16384];output_dtype=FP64;finite_numeric_output=true | PASS   |
+---------------------+-------------+-------------+-------------+---------------+-------------+----------------+-------------------------------------------------------------------+--------+

[stage07] resource detail
+--------+------------+--------------+-------------+------------+-------------+
| device | metric     | before_bytes | after_bytes | peak_bytes | delta_bytes |
+--------+------------+--------------+-------------+------------+-------------+
| CPU    | cpu_heap   | 1646096      | 1813840     | 1813840    | 167744      |
| CPU    | rss        | 70098944     | 70594560    | 70594560   | 495616      |
| GPU    | cpu_heap   | 1813840      | 1947856     | 1947856    | 134016      |
| GPU    | rss        | 70594560     | 70594560    | 70594560   | 0           |
| GPU    | gpu_memory | 391544832    | 391544832   | 391544832  | 0           |
+--------+------------+--------------+-------------+------------+-------------+

[stage07] input content
+------------+---------+-------+----------+--------------------------------------------------------+-----------------------------------------------+
| input_name | shape   | dtype | elements | generator                                              | values(head4/tail2)                           |
+------------+---------+-------+----------+--------------------------------------------------------+-----------------------------------------------+
| phase      | [16384] | INT16 | 16384    | quantized_periodic_phase_8cycles(floor(16*pi*i/(N-1))) | i=0:0;i=1:0;i=2:0;i=3:0;i=16382:50;i=16383:50 |
+------------+---------+-------+----------+--------------------------------------------------------+-----------------------------------------------+

[stage07] case parameters
+-------------------------------------------------------+
| parameters                                            |
+-------------------------------------------------------+
| {"output_dtype":"FP64","phase_cycles":8,"width":0.65} |
+-------------------------------------------------------+

[stage07] input and output identity
+--------+------------------------------------------------------------------+------------------------------------------------------------------+
| device | input_digest                                                     | output_digest                                                    |
+--------+------------------------------------------------------------------+------------------------------------------------------------------+
| CPU    | d05f856b5066d62eb7e49789a96a74a2bcfd9eba22d6ced1d8ff99b611c1ef09 | 6fe9af8dac4136a8dd9047642c44a4eebf5e12d9ec9645a0bb437352db248ff1 |
| GPU    | d05f856b5066d62eb7e49789a96a74a2bcfd9eba22d6ced1d8ff99b611c1ef09 | 224e1b10774dc5ce783ed8107e4d6e6c593488a61bdd514e1b0fb51d5396bc88 |
+--------+------------------------------------------------------------------+------------------------------------------------------------------+

[stage07] dtype evidence
+-----------------+--------------------+--------------+------------------------------------------------------------------+------------------------------------------------------------------+
| requested_dtype | config_input_dtype | output_dtype | typed_array_digest                                               | actual_input_digest                                              |
+-----------------+--------------------+--------------+------------------------------------------------------------------+------------------------------------------------------------------+
| INT16           | INT16              | FP64         | f343a13fb5c8aa5b24a834df964ad7230390fc22ab573444b27911e6c9783fc7 | d05f856b5066d62eb7e49789a96a74a2bcfd9eba22d6ced1d8ff99b611c1ef09 |
+-----------------+--------------------+--------------+------------------------------------------------------------------+------------------------------------------------------------------+

[stage07] evidence files
+-------------+-------------------------------------------------------------------------------------------------------------------------------------------------------------------------------------------------------------------------------------+
| kind        | path                                                                                                                                                                                                                                |
+-------------+-------------------------------------------------------------------------------------------------------------------------------------------------------------------------------------------------------------------------------------+
| main_csv    | /tmp/ZKX_dev/results/stage07_b02_formal_76c5b6f8b36d/formal/20260810T092025Z_76c5b6f8b36d_stage07_b02_formal_2666dbaf/operator_main_results_sawtooth_not_applicable_20260810T092025Z_76c5b6f8b36d_stage07_b02_formal_2666dbaf.csv   |
| timing_csv  | /tmp/ZKX_dev/results/stage07_b02_formal_76c5b6f8b36d/formal/20260810T092025Z_76c5b6f8b36d_stage07_b02_formal_2666dbaf/operator_timing_samples_sawtooth_not_applicable_20260810T092025Z_76c5b6f8b36d_stage07_b02_formal_2666dbaf.csv |
| memory_csv  | /tmp/ZKX_dev/results/stage07_b02_formal_76c5b6f8b36d/formal/20260810T092025Z_76c5b6f8b36d_stage07_b02_formal_2666dbaf/operator_waveforms_sawtooth_memory_trace_not_applicable.csv                                                   |
| dtype_csv   | /tmp/ZKX_dev/results/stage07_b02_formal_76c5b6f8b36d/formal/20260810T092025Z_76c5b6f8b36d_stage07_b02_formal_2666dbaf/operator_dtype_evidence_sawtooth_not_applicable_20260810T092025Z_76c5b6f8b36d_stage07_b02_formal_2666dbaf.csv |
| report_json | /tmp/ZKX_dev/results/stage07_b02_formal_76c5b6f8b36d/formal/20260810T092025Z_76c5b6f8b36d_stage07_b02_formal_2666dbaf/operator_sawtooth_report.json                                                                                 |
| summary_txt | /tmp/ZKX_dev/results/stage07_b02_formal_76c5b6f8b36d/formal/20260810T092025Z_76c5b6f8b36d_stage07_b02_formal_2666dbaf/operator_sawtooth_summary.txt                                                                                 |
| full_log    | /tmp/ZKX_dev/results/stage07_b02_formal_76c5b6f8b36d/formal/20260810T092025Z_76c5b6f8b36d_stage07_b02_formal_2666dbaf/operator_sawtooth_full.log                                                                                    |
| result_dir  | /tmp/ZKX_dev/results/stage07_b02_formal_76c5b6f8b36d/formal/20260810T092025Z_76c5b6f8b36d_stage07_b02_formal_2666dbaf                                                                                                               |
+-------------+-------------------------------------------------------------------------------------------------------------------------------------------------------------------------------------------------------------------------------------+
STAGE07_WAVEFORM_CASE PASS operator=sawtooth scale=saw_int16_10e4 dtype=INT16 backend=not_applicable measured=100 results=/tmp/ZKX_dev/results/stage07_b02_formal_76c5b6f8b36d/formal/20260810T092025Z_76c5b6f8b36d_stage07_b02_formal_2666dbaf
