[stage07] identity and status
+----------+----------------+--------+----------------+-------+--------+----------+--------------------------+--------+------------+
| target   | scale_id       | device | backend        | dtype | warmup | measured | timing_scope             | status | error_code |
+----------+----------------+--------+----------------+-------+--------+----------+--------------------------+--------+------------+
| sawtooth | saw_int32_10e4 | CPU    | not_applicable | INT32 | 20     | 100      | compatibility/end-to-end | PASS   | OK         |
| sawtooth | saw_int32_10e4 | GPU    | not_applicable | INT32 | 20     | 100      | compatibility/end-to-end | PASS   | OK         |
+----------+----------------+--------+----------------+-------+--------+----------+--------------------------+--------+------------+

[stage07] timing detail
+--------+------------+-----------+------------+--------------------+----------+----------+----------------------+----------------------+--------------------+
| device | mean_ms    | p50_ms    | p95_ms     | p99_ms             | min_ms   | max_ms   | std_ms               | cv                   | speedup            |
+--------+------------+-----------+------------+--------------------+----------+----------+----------------------+----------------------+--------------------+
| CPU    | 0.54742708 | 0.5442965 | 0.55841555 | 0.6094295000000001 | 0.542056 | 0.619478 | 0.010797401551002905 | 0.019723908344108417 | NA                 |
| GPU    | 0.40350802 | 0.4013215 | 0.417329   | 0.4254942500000009 | 0.387002 | 0.597878 | 0.02056632512432885  | 0.05096881376565662  | 1.3566696394287279 |
+--------+------------+-----------+------------+--------------------+----------+----------+----------------------+----------------------+--------------------+

[stage07] accuracy detail
+---------------------+-------------+-------------+-------------+---------------+-------------+----------------+-------------------------------------------------------------------+--------+
| reference           | mse         | rmse        | relative_l2 | relative_linf | exact_match | mismatch_count | semantic_check                                                    | status |
+---------------------+-------------+-------------+-------------+---------------+-------------+----------------+-------------------------------------------------------------------+--------+
| typed_cpu_reference | 2.19536e-13 | 4.68547e-07 | 8.00056e-07 | 1.24694e-06   | NA          | NA             | output_shape=[16384];output_dtype=FP64;finite_numeric_output=true | PASS   |
+---------------------+-------------+-------------+-------------+---------------+-------------+----------------+-------------------------------------------------------------------+--------+

[stage07] resource detail
+--------+------------+--------------+-------------+------------+-------------+
| device | metric     | before_bytes | after_bytes | peak_bytes | delta_bytes |
+--------+------------+--------------+-------------+------------+-------------+
| CPU    | cpu_heap   | 1678640      | 1879120     | 1879120    | 200480      |
| CPU    | rss        | 70090752     | 70524928    | 70524928   | 434176      |
| GPU    | cpu_heap   | 1879168      | 2013152     | 2013152    | 133984      |
| GPU    | rss        | 70524928     | 70524928    | 70524928   | 0           |
| GPU    | gpu_memory | 391544832    | 391544832   | 391544832  | 0           |
+--------+------------+--------------+-------------+------------+-------------+

[stage07] input content
+------------+---------+-------+----------+--------------------------------------------------------+-----------------------------------------------+
| input_name | shape   | dtype | elements | generator                                              | values(head4/tail2)                           |
+------------+---------+-------+----------+--------------------------------------------------------+-----------------------------------------------+
| phase      | [16384] | INT32 | 16384    | quantized_periodic_phase_8cycles(floor(16*pi*i/(N-1))) | i=0:0;i=1:0;i=2:0;i=3:0;i=16382:50;i=16383:50 |
+------------+---------+-------+----------+--------------------------------------------------------+-----------------------------------------------+

[stage07] case parameters
+-------------------------------------------------------+
| parameters                                            |
+-------------------------------------------------------+
| {"output_dtype":"FP64","phase_cycles":8,"width":0.65} |
+-------------------------------------------------------+

[stage07] input and output identity
+--------+------------------------------------------------------------------+------------------------------------------------------------------+
| device | input_digest                                                     | output_digest                                                    |
+--------+------------------------------------------------------------------+------------------------------------------------------------------+
| CPU    | bc46031dd187638224def0407ed017aaece58f82649ea69cbcb0328a9a4b16ea | 6fe9af8dac4136a8dd9047642c44a4eebf5e12d9ec9645a0bb437352db248ff1 |
| GPU    | bc46031dd187638224def0407ed017aaece58f82649ea69cbcb0328a9a4b16ea | 224e1b10774dc5ce783ed8107e4d6e6c593488a61bdd514e1b0fb51d5396bc88 |
+--------+------------------------------------------------------------------+------------------------------------------------------------------+

[stage07] dtype evidence
+-----------------+--------------------+--------------+------------------------------------------------------------------+------------------------------------------------------------------+
| requested_dtype | config_input_dtype | output_dtype | typed_array_digest                                               | actual_input_digest                                              |
+-----------------+--------------------+--------------+------------------------------------------------------------------+------------------------------------------------------------------+
| INT32           | INT32              | FP64         | 68b4e52467969de8c1688bd538c4c2703973ce32180c863f408fb6cbf36b3e04 | bc46031dd187638224def0407ed017aaece58f82649ea69cbcb0328a9a4b16ea |
+-----------------+--------------------+--------------+------------------------------------------------------------------+------------------------------------------------------------------+

[stage07] evidence files
+-------------+-------------------------------------------------------------------------------------------------------------------------------------------------------------------------------------------------------------------------------------+
| kind        | path                                                                                                                                                                                                                                |
+-------------+-------------------------------------------------------------------------------------------------------------------------------------------------------------------------------------------------------------------------------------+
| main_csv    | /tmp/ZKX_dev/results/stage07_b02_formal_76c5b6f8b36d/formal/20260810T092025Z_76c5b6f8b36d_stage07_b02_formal_63263178/operator_main_results_sawtooth_not_applicable_20260810T092025Z_76c5b6f8b36d_stage07_b02_formal_63263178.csv   |
| timing_csv  | /tmp/ZKX_dev/results/stage07_b02_formal_76c5b6f8b36d/formal/20260810T092025Z_76c5b6f8b36d_stage07_b02_formal_63263178/operator_timing_samples_sawtooth_not_applicable_20260810T092025Z_76c5b6f8b36d_stage07_b02_formal_63263178.csv |
| memory_csv  | /tmp/ZKX_dev/results/stage07_b02_formal_76c5b6f8b36d/formal/20260810T092025Z_76c5b6f8b36d_stage07_b02_formal_63263178/operator_waveforms_sawtooth_memory_trace_not_applicable.csv                                                   |
| dtype_csv   | /tmp/ZKX_dev/results/stage07_b02_formal_76c5b6f8b36d/formal/20260810T092025Z_76c5b6f8b36d_stage07_b02_formal_63263178/operator_dtype_evidence_sawtooth_not_applicable_20260810T092025Z_76c5b6f8b36d_stage07_b02_formal_63263178.csv |
| report_json | /tmp/ZKX_dev/results/stage07_b02_formal_76c5b6f8b36d/formal/20260810T092025Z_76c5b6f8b36d_stage07_b02_formal_63263178/operator_sawtooth_report.json                                                                                 |
| summary_txt | /tmp/ZKX_dev/results/stage07_b02_formal_76c5b6f8b36d/formal/20260810T092025Z_76c5b6f8b36d_stage07_b02_formal_63263178/operator_sawtooth_summary.txt                                                                                 |
| full_log    | /tmp/ZKX_dev/results/stage07_b02_formal_76c5b6f8b36d/formal/20260810T092025Z_76c5b6f8b36d_stage07_b02_formal_63263178/operator_sawtooth_full.log                                                                                    |
| result_dir  | /tmp/ZKX_dev/results/stage07_b02_formal_76c5b6f8b36d/formal/20260810T092025Z_76c5b6f8b36d_stage07_b02_formal_63263178                                                                                                               |
+-------------+-------------------------------------------------------------------------------------------------------------------------------------------------------------------------------------------------------------------------------------+
STAGE07_WAVEFORM_CASE PASS operator=sawtooth scale=saw_int32_10e4 dtype=INT32 backend=not_applicable measured=100 results=/tmp/ZKX_dev/results/stage07_b02_formal_76c5b6f8b36d/formal/20260810T092025Z_76c5b6f8b36d_stage07_b02_formal_63263178
