[stage08-b01] operator=kaiser entry=cpu:kaiser_typed_cpu gpu:kaiser_device
[stage08-b01] config=test_all/configs/operators/windows/kaiser/operator_scales.json config_sha256=3c4c14a97768005f5dc56b0d0c17628fff55c481c5608f82bbef4fa7c495f9fe
[stage08-b01] run_type=formal scale=kaiser_fp32_10e3 dtype=FP32 sym=false backend=not_applicable
[stage08-b01] dtype_semantics=actual_typed_scalar_input typed_input_count=1 actual_input_digest=30db896a6a0b8c60ac83daf3edcbe4e29a842b5d39a049eae84eb4dffc3a51ae
[stage08-b01] timing_scope=compatibility/end-to-end warmup=20 measured=100
[stage08-b01] cpu_mean_ms=0.049016139999999979 gpu_mean_ms=0.26854368999999989 speedup=0.18252575586490227
[stage08-b01] mse=1.6053093309773665e-14 rmse=1.267008023249011e-07 relative_l2=2.2529066124187107e-07 relative_linf=5.8072872155534583e-07
[stage08-b01] resources=available cuda_event_ms=0.28948399424552917
[stage08-b01] status=PASS error_code=OK
[stage08] identity and status
target | scale_id         | device | backend        | dtype | warmup | measured | timing_scope             | status | error_code
kaiser | kaiser_fp32_10e3 | CPU    | not_applicable | FP32  | 20     | 100      | compatibility/end-to-end | PASS   | OK        
kaiser | kaiser_fp32_10e3 | GPU    | not_applicable | FP32  | 20     | 100      | compatibility/end-to-end | PASS   | OK        

[stage08] timing detail
device | mean_ms              | p50_ms               | p95_ms               | p99_ms               | min_ms               | max_ms               | std_ms                 | cv                   | speedup            
CPU    | 0.049016139999999979 | 0.048930000000000001 | 0.049130500000000001 | 0.049317000000000041 | 0.048710000000000003 | 0.056939999999999998 | 0.00080370494610895586 | 0.016396740871658932 | NA                 
GPU    | 0.26854368999999989  | 0.26187050000000001  | 0.29954599999999998  | 0.40421300000000027  | 0.24341099999999999  | 0.45589099999999999  | 0.027708042857154312   | 0.10317890119538584  | 0.18252575586490227

[stage08] accuracy detail
accuracy_reference  | mse                    | rmse                  | relative_l2            | relative_linf          | exact_match | mismatch_count | semantic_check                                                                                     | status
cpu_typed_reference | 1.6053093309773665e-14 | 1.267008023249011e-07 | 2.2529066124187107e-07 | 5.8072872155534583e-07 | NA          | NA             | finite_normalized_fp64_window_shape_beta_and_symmetry_match_cpu:shape=[1000];finite=true;sym=false | PASS  

[stage08] resource detail
device | metric     | before_bytes | after_bytes | peak_bytes | delta_bytes
CPU    | cpu_heap   | 1463040      | 1466208     | 1473104    | 3168       
CPU    | rss        | 70230016     | 70230016    | 70230016   | 0          
GPU    | cpu_heap   | 1466208      | 1469184     | 1476240    | 2976       
GPU    | rss        | 70230016     | 70230016    | 70230016   | 0          
GPU    | gpu_memory | 408322048    | 408322048   | 408322048  | 0          

[stage08] input/output identity
device | input_digest                                                     | output_digest                                                   
CPU    | 30db896a6a0b8c60ac83daf3edcbe4e29a842b5d39a049eae84eb4dffc3a51ae | 8de68bd9a9e9ec55cb2742f48fd41e04e6c46545c68de4476a2c44fb6daecfc9
GPU    | 30db896a6a0b8c60ac83daf3edcbe4e29a842b5d39a049eae84eb4dffc3a51ae | 950b5635624bdefd061a188cb76f3f45eadfc8e75c3374016a170c62af7ed21b

[stage08] input content
input_name       | shape  | dtype       | elements | generator                                           | values(head4/tail2)                                                                              
window_positions | [1000] | INDEX_INT64 | 1000     | implicit_window_index_domain(no_materialized_array) | i=0:position=0;i=1:position=1;i=2:position=2;i=3:position=3;i=998:position=998;i=999:position=999
beta             | scalar | FP32        | 1        | exact_config_scalar                                 | value=8                                                                                          

[stage08] case parameters
parameters                                                   
{"length":1000,"requested_dtype":"FP32","sym":false,"beta":8}

[stage08] dtype evidence
requested_dtype | config_input_dtype | output_dtype | actual_input_digest                                              | status
FP32            | FP32               | FP64         | 30db896a6a0b8c60ac83daf3edcbe4e29a842b5d39a049eae84eb4dffc3a51ae | PASS  

[stage08] evidence files
kind        | path                                                                                                                                                                                                                                           
main_csv    | /tmp/ZKX_dev/results/stage08_input_preview_b01_kaiser_8b745f9a6864/formal/20260810T082127Z_8b745f9a6864_stage08_b01_formal_a1040004/operator_main_results_kaiser_not_applicable_20260810T082127Z_8b745f9a6864_stage08_b01_formal_a1040004.csv  
timing_csv  | /tmp/ZKX_dev/results/stage08_input_preview_b01_kaiser_8b745f9a6864/formal/20260810T082127Z_8b745f9a6864_stage08_b01_formal_a1040004/operator_timing_samples_kaiser_not_applicable_20260810T082127Z_8b745f9a6864_stage08_b01_formal_a1040004.csv
memory_csv  | /tmp/ZKX_dev/results/stage08_input_preview_b01_kaiser_8b745f9a6864/formal/20260810T082127Z_8b745f9a6864_stage08_b01_formal_a1040004/operator_windows_kaiser_memory_trace_not_applicable.csv                                                    
input_csv   | /tmp/ZKX_dev/results/stage08_input_preview_b01_kaiser_8b745f9a6864/formal/20260810T082127Z_8b745f9a6864_stage08_b01_formal_a1040004/operator_input_evidence_kaiser_not_applicable_20260810T082127Z_8b745f9a6864_stage08_b01_formal_a1040004.csv
dtype_csv   | /tmp/ZKX_dev/results/stage08_input_preview_b01_kaiser_8b745f9a6864/formal/20260810T082127Z_8b745f9a6864_stage08_b01_formal_a1040004/operator_dtype_evidence_kaiser_not_applicable_20260810T082127Z_8b745f9a6864_stage08_b01_formal_a1040004.csv
module_csv  | /tmp/ZKX_dev/results/stage08_input_preview_b01_kaiser_8b745f9a6864/formal/20260810T082127Z_8b745f9a6864_stage08_b01_formal_a1040004/windows_batch01_module_summary_not_applicable_20260810T082127Z_8b745f9a6864_stage08_b01_formal_a1040004.csv
report_json | /tmp/ZKX_dev/results/stage08_input_preview_b01_kaiser_8b745f9a6864/formal/20260810T082127Z_8b745f9a6864_stage08_b01_formal_a1040004/operator_kaiser_report.json                                                                                
summary_txt | /tmp/ZKX_dev/results/stage08_input_preview_b01_kaiser_8b745f9a6864/formal/20260810T082127Z_8b745f9a6864_stage08_b01_formal_a1040004/operator_kaiser_summary.txt                                                                                
full_log    | /tmp/ZKX_dev/results/stage08_input_preview_b01_kaiser_8b745f9a6864/formal/20260810T082127Z_8b745f9a6864_stage08_b01_formal_a1040004/operator_kaiser_full.log                                                                                   
results_dir | /tmp/ZKX_dev/results/stage08_input_preview_b01_kaiser_8b745f9a6864/formal/20260810T082127Z_8b745f9a6864_stage08_b01_formal_a1040004                                                                                                            
