command=build_stage08_b04_resample_poly_a6a399dddc61/stage08_filtering_resample_poly --dtype INT16 --rows 10 --cols 10 --axis 1 --up 2 --down 1 --filter-mode default_kaiser --seed 84340001 --warmup 20 --measured 100 --output /tmp/ZKX_dev/results/stage08_input_preview_b04_resample_poly_db927ed96663/formal/20260810T083719Z_db927ed96663_stage08_b04_formal_b404000a/resample_poly_probe_raw.json
STAGE08_RESAMPLE_POLY_PROBE PASS dtype=INT16 filter=default_kaiser backend=not_applicable
{"actual_input_digest": "fc56ad3976a94a30576b1239ba0e2a67c3e1f0bb92ad203cc9ffbe635a172a19", "axis": 1, "backend": "not_applicable", "case_id": "resample_poly__resample_poly_int16_10e2__fc56ad3976a94a30", "compute_dtype": "FP32", "down": 1, "dtype_semantics": "actual_typed_array_input", "error_code": "OK", "fft_dtype": "not_applicable", "filter_mode": "default_kaiser", "measured_runs": 100, "mse": 1.2740446653943817e-14, "operator_name": "resample_poly", "output_dtype": "FP64", "relative_l2": 3.942833069771325e-08, "relative_linf": 7.966710139953386e-08, "requested_dtype": "INT16", "rmse": 1.128735870518157e-07, "run_id": "20260810T083719Z_db927ed96663_stage08_b04_formal_b404000a", "scale_id": "resample_poly_int16_10e2", "schema_version": 1, "status": "PASS", "typed_input_count": 1, "typed_input_names": "x", "up": 2, "warmup_runs": 20}
[stage08] identity and status
+---------------+--------------------------+--------+----------------+-------+--------+----------+--------------------------+--------+------------+
| target        | scale_id                 | device | backend        | dtype | warmup | measured | timing_scope             | status | error_code |
+---------------+--------------------------+--------+----------------+-------+--------+----------+--------------------------+--------+------------+
| resample_poly | resample_poly_int16_10e2 | CPU    | not_applicable | INT16 | 20     | 100      | compatibility/end-to-end | PASS   | OK         |
| resample_poly | resample_poly_int16_10e2 | GPU    | not_applicable | INT16 | 20     | 100      | compatibility/end-to-end | PASS   | OK         |
+---------------+--------------------------+--------+----------------+-------+--------+----------+--------------------------+--------+------------+

[stage08] timing detail
+--------+----------------------+----------------------+----------------------+----------------------+----------------------+---------------------+-----------------------+---------------------+---------------------+
| device | mean_ms              | p50_ms               | p95_ms               | p99_ms               | min_ms               | max_ms              | std_ms                | cv                  | speedup             |
+--------+----------------------+----------------------+----------------------+----------------------+----------------------+---------------------+-----------------------+---------------------+---------------------+
| CPU    | 0.069668950000000007 | 0.068850499999999995 | 0.069011950000000002 | 0.078905600000000298 | 0.068700999999999998 | 0.13886000000000001 | 0.0070215069641423851 | 0.10078387809981899 | NA                  |
| GPU    | 0.51316150999999999  | 0.50981699999999996  | 0.52822904999999998  | 0.55575050000000004  | 0.49682199999999999  | 0.56451200000000001 | 0.010192395143924709  | 0.01986196342731299 | 0.13576417685730172 |
+--------+----------------------+----------------------+----------------------+----------------------+----------------------+---------------------+-----------------------+---------------------+---------------------+

[stage08] accuracy detail
+-----------------------------+------------------------+-----------------------+------------------------+------------------------+-------------+----------------+-------------------------------------------------------------------------------------------+--------+
| accuracy_reference          | mse                    | rmse                  | relative_l2            | relative_linf          | exact_match | mismatch_count | semantic_check                                                                            | status |
+-----------------------------+------------------------+-----------------------+------------------------+------------------------+-------------+----------------+-------------------------------------------------------------------------------------------+--------+
| cpu_resample_poly_reference | 1.2740446653943817e-14 | 1.128735870518157e-07 | 3.9428330697713248e-08 | 7.9667101399533864e-08 | NA          | NA             | shape_ratio_filter_mode_and_output_dtype_match_cpu:filter=default_kaiser;ratio=2/1;axis=1 | PASS   |
+-----------------------------+------------------------+-----------------------+------------------------+------------------------+-------------+----------------+-------------------------------------------------------------------------------------------+--------+

[stage08] resource detail
+--------+------------+--------------+-------------+------------+-------------+
| device | metric     | before_bytes | after_bytes | peak_bytes | delta_bytes |
+--------+------------+--------------+-------------+------------+-------------+
| CPU    | cpu_heap   | 1432112      | 1434848     | 1436464    | 2736        |
| CPU    | rss        | 70168576     | 70168576    | 70168576   | 0           |
| GPU    | cpu_heap   | 1436688      | 1442176     | 1442176    | 5488        |
| GPU    | rss        | 70168576     | 70168576    | 70168576   | 0           |
| GPU    | gpu_memory | 391544832    | 391544832   | 391544832  | 0           |
+--------+------------+--------------+-------------+------------+-------------+

[stage08] input/output identity
+--------+------------------------------------------------------------------+------------------------------------------------------------------+
| device | input_digest                                                     | output_digest                                                    |
+--------+------------------------------------------------------------------+------------------------------------------------------------------+
| CPU    | fc56ad3976a94a30576b1239ba0e2a67c3e1f0bb92ad203cc9ffbe635a172a19 | 91495441bab68bc87c9c7a60d5552936a53beec833006a4a800a1c543f9210b4 |
| GPU    | fc56ad3976a94a30576b1239ba0e2a67c3e1f0bb92ad203cc9ffbe635a172a19 | db5359698502dfe5f9b19d39643de3d7670a7bcedd89e334249b09ffa0a8ee1a |
+--------+------------------------------------------------------------------+------------------------------------------------------------------+

[stage08] input content
+------------+---------+-------+----------+----------------------------------------------------+-----------------------------------------+
| input_name | shape   | dtype | elements | generator                                          | values(head4/tail2)                     |
+------------+---------+-------+----------+----------------------------------------------------+-----------------------------------------+
| x          | [10x10] | INT16 | 100      | resample_poly_modular(seed=84340001,integral=true) | i=0:4;i=1:-1;i=2:5;i=3:0;i=98:-2;i=99:4 |
+------------+---------+-------+----------+----------------------------------------------------+-----------------------------------------+

[stage08] case parameters
+---------------------------------------------------------------------------------------------------------------------------+
| parameters                                                                                                                |
+---------------------------------------------------------------------------------------------------------------------------+
| {"axis":"1","cols":"10","down":"1","dtype":"INT16","filter-mode":"default_kaiser","rows":"10","seed":"84340001","up":"2"} |
+---------------------------------------------------------------------------------------------------------------------------+

[stage08] dtype evidence
+-----------------+--------------------+--------------+------------------------------------------------------------------+--------+
| requested_dtype | config_input_dtype | output_dtype | actual_input_digest                                              | status |
+-----------------+--------------------+--------------+------------------------------------------------------------------+--------+
| INT16           | NA                 | FP64         | fc56ad3976a94a30576b1239ba0e2a67c3e1f0bb92ad203cc9ffbe635a172a19 | PASS   |
+-----------------+--------------------+--------------+------------------------------------------------------------------+--------+

[stage08] evidence files
+----------------+---------------------------------------------------------------------------------------------------------------------------------------------------------------------------------------------------------------------------------------------------------------+
| kind           | path                                                                                                                                                                                                                                                          |
+----------------+---------------------------------------------------------------------------------------------------------------------------------------------------------------------------------------------------------------------------------------------------------------+
| dtype_csv      | /tmp/ZKX_dev/results/stage08_input_preview_b04_resample_poly_db927ed96663/formal/20260810T083719Z_db927ed96663_stage08_b04_formal_b404000a/operator_dtype_evidence_resample_poly_not_applicable_20260810T083719Z_db927ed96663_stage08_b04_formal_b404000a.csv |
| memory_csv     | /tmp/ZKX_dev/results/stage08_input_preview_b04_resample_poly_db927ed96663/formal/20260810T083719Z_db927ed96663_stage08_b04_formal_b404000a/operator_filtering_resample_poly_memory_trace_not_applicable.csv                                                   |
| main_csv       | /tmp/ZKX_dev/results/stage08_input_preview_b04_resample_poly_db927ed96663/formal/20260810T083719Z_db927ed96663_stage08_b04_formal_b404000a/operator_main_results_resample_poly_not_applicable_20260810T083719Z_db927ed96663_stage08_b04_formal_b404000a.csv   |
| full_log       | /tmp/ZKX_dev/results/stage08_input_preview_b04_resample_poly_db927ed96663/formal/20260810T083719Z_db927ed96663_stage08_b04_formal_b404000a/operator_resample_poly_full.log                                                                                    |
| report_json    | /tmp/ZKX_dev/results/stage08_input_preview_b04_resample_poly_db927ed96663/formal/20260810T083719Z_db927ed96663_stage08_b04_formal_b404000a/operator_resample_poly_report.json                                                                                 |
| summary_txt    | /tmp/ZKX_dev/results/stage08_input_preview_b04_resample_poly_db927ed96663/formal/20260810T083719Z_db927ed96663_stage08_b04_formal_b404000a/operator_resample_poly_summary.txt                                                                                 |
| timing_csv     | /tmp/ZKX_dev/results/stage08_input_preview_b04_resample_poly_db927ed96663/formal/20260810T083719Z_db927ed96663_stage08_b04_formal_b404000a/operator_timing_samples_resample_poly_not_applicable_20260810T083719Z_db927ed96663_stage08_b04_formal_b404000a.csv |
| probe_raw_json | /tmp/ZKX_dev/results/stage08_input_preview_b04_resample_poly_db927ed96663/formal/20260810T083719Z_db927ed96663_stage08_b04_formal_b404000a/resample_poly_probe_raw.json                                                                                       |
+----------------+---------------------------------------------------------------------------------------------------------------------------------------------------------------------------------------------------------------------------------------------------------------+
