[stage08-b03-formal] case=0 scale=hilbert2_fp32_10e2 status=starting
STAGE08_HILBERT2_CASE PASS scale=hilbert2_fp32_10e2 dtype=FP32 backend=fft_thrust measured=100 results=/tmp/ZKX_dev/results/stage08_b03_hilbert2_0b2008e7f76a/formal/20260809T091437Z_0b2008e7f76a_stage08_b03_formal_8323f000
[stage08-b03-formal] case=0 scale=hilbert2_fp32_10e2 status=completed
[stage08-b03-formal] case=1 scale=hilbert2_fp32_10e3 status=starting
STAGE08_HILBERT2_CASE PASS scale=hilbert2_fp32_10e3 dtype=FP32 backend=fft_thrust measured=100 results=/tmp/ZKX_dev/results/stage08_b03_hilbert2_0b2008e7f76a/formal/20260809T091441Z_0b2008e7f76a_stage08_b03_formal_8323f001
[stage08-b03-formal] case=1 scale=hilbert2_fp32_10e3 status=completed
[stage08-b03-formal] case=2 scale=hilbert2_fp32_10e4 status=starting
STAGE08_HILBERT2_CASE PASS scale=hilbert2_fp32_10e4 dtype=FP32 backend=fft_thrust measured=100 results=/tmp/ZKX_dev/results/stage08_b03_hilbert2_0b2008e7f76a/formal/20260809T091441Z_0b2008e7f76a_stage08_b03_formal_8323f002
[stage08-b03-formal] case=2 scale=hilbert2_fp32_10e4 status=completed
[stage08-b03-formal] case=3 scale=hilbert2_fp16_10e2 status=starting
STAGE08_HILBERT2_CASE PASS scale=hilbert2_fp16_10e2 dtype=FP16 backend=fft_thrust measured=100 results=/tmp/ZKX_dev/results/stage08_b03_hilbert2_0b2008e7f76a/formal/20260809T091529Z_0b2008e7f76a_stage08_b03_formal_8323f003
[stage08-b03-formal] case=3 scale=hilbert2_fp16_10e2 status=completed
[stage08-b03-formal] case=4 scale=hilbert2_fp16_10e3 status=starting
STAGE08_HILBERT2_CASE PASS scale=hilbert2_fp16_10e3 dtype=FP16 backend=fft_thrust measured=100 results=/tmp/ZKX_dev/results/stage08_b03_hilbert2_0b2008e7f76a/formal/20260809T091532Z_0b2008e7f76a_stage08_b03_formal_8323f004
[stage08-b03-formal] case=4 scale=hilbert2_fp16_10e3 status=completed
[stage08-b03-formal] case=5 scale=hilbert2_fp16_10e4 status=starting
STAGE08_HILBERT2_CASE PASS scale=hilbert2_fp16_10e4 dtype=FP16 backend=fft_thrust measured=100 results=/tmp/ZKX_dev/results/stage08_b03_hilbert2_0b2008e7f76a/formal/20260809T091532Z_0b2008e7f76a_stage08_b03_formal_8323f005
[stage08-b03-formal] case=5 scale=hilbert2_fp16_10e4 status=completed
[stage08-b03-formal] case=6 scale=hilbert2_int32_10e2 status=starting
STAGE08_HILBERT2_CASE PASS scale=hilbert2_int32_10e2 dtype=INT32 backend=fft_thrust measured=100 results=/tmp/ZKX_dev/results/stage08_b03_hilbert2_0b2008e7f76a/formal/20260809T091632Z_0b2008e7f76a_stage08_b03_formal_8323f006
[stage08-b03-formal] case=6 scale=hilbert2_int32_10e2 status=completed
[stage08-b03-formal] case=7 scale=hilbert2_int32_10e3 status=starting
STAGE08_HILBERT2_CASE PASS scale=hilbert2_int32_10e3 dtype=INT32 backend=fft_thrust measured=100 results=/tmp/ZKX_dev/results/stage08_b03_hilbert2_0b2008e7f76a/formal/20260809T091635Z_0b2008e7f76a_stage08_b03_formal_8323f007
[stage08-b03-formal] case=7 scale=hilbert2_int32_10e3 status=completed
[stage08-b03-formal] case=8 scale=hilbert2_int32_10e4 status=starting
STAGE08_HILBERT2_CASE PASS scale=hilbert2_int32_10e4 dtype=INT32 backend=fft_thrust measured=100 results=/tmp/ZKX_dev/results/stage08_b03_hilbert2_0b2008e7f76a/formal/20260809T091635Z_0b2008e7f76a_stage08_b03_formal_8323f008
[stage08-b03-formal] case=8 scale=hilbert2_int32_10e4 status=completed
[stage08-b03-formal] case=9 scale=hilbert2_int16_10e2 status=starting
STAGE08_HILBERT2_CASE PASS scale=hilbert2_int16_10e2 dtype=INT16 backend=fft_thrust measured=100 results=/tmp/ZKX_dev/results/stage08_b03_hilbert2_0b2008e7f76a/formal/20260809T091722Z_0b2008e7f76a_stage08_b03_formal_8323f009
[stage08-b03-formal] case=9 scale=hilbert2_int16_10e2 status=completed
[stage08-b03-formal] case=10 scale=hilbert2_int16_10e3 status=starting
STAGE08_HILBERT2_CASE PASS scale=hilbert2_int16_10e3 dtype=INT16 backend=fft_thrust measured=100 results=/tmp/ZKX_dev/results/stage08_b03_hilbert2_0b2008e7f76a/formal/20260809T091725Z_0b2008e7f76a_stage08_b03_formal_8323f00a
[stage08-b03-formal] case=10 scale=hilbert2_int16_10e3 status=completed
[stage08-b03-formal] case=11 scale=hilbert2_int16_10e4 status=starting
STAGE08_HILBERT2_CASE PASS scale=hilbert2_int16_10e4 dtype=INT16 backend=fft_thrust measured=100 results=/tmp/ZKX_dev/results/stage08_b03_hilbert2_0b2008e7f76a/formal/20260809T091725Z_0b2008e7f76a_stage08_b03_formal_8323f00b
[stage08-b03-formal] case=11 scale=hilbert2_int16_10e4 status=completed
[stage08-b03-formal] case=12 scale=hilbert2_int8_10e2 status=starting
STAGE08_HILBERT2_CASE PASS scale=hilbert2_int8_10e2 dtype=INT8 backend=fft_thrust measured=100 results=/tmp/ZKX_dev/results/stage08_b03_hilbert2_0b2008e7f76a/formal/20260809T091812Z_0b2008e7f76a_stage08_b03_formal_8323f00c
[stage08-b03-formal] case=12 scale=hilbert2_int8_10e2 status=completed
[stage08-b03-formal] case=13 scale=hilbert2_int8_10e3 status=starting
STAGE08_HILBERT2_CASE PASS scale=hilbert2_int8_10e3 dtype=INT8 backend=fft_thrust measured=100 results=/tmp/ZKX_dev/results/stage08_b03_hilbert2_0b2008e7f76a/formal/20260809T091816Z_0b2008e7f76a_stage08_b03_formal_8323f00d
[stage08-b03-formal] case=13 scale=hilbert2_int8_10e3 status=completed
[stage08-b03-formal] case=14 scale=hilbert2_int8_10e4 status=starting
STAGE08_HILBERT2_CASE PASS scale=hilbert2_int8_10e4 dtype=INT8 backend=fft_thrust measured=100 results=/tmp/ZKX_dev/results/stage08_b03_hilbert2_0b2008e7f76a/formal/20260809T091816Z_0b2008e7f76a_stage08_b03_formal_8323f00e
[stage08-b03-formal] case=14 scale=hilbert2_int8_10e4 status=completed
[stage08-b03-formal] cases=15 status=completed
