command=build_stage07_b05_spectrogram_2836c8d/stage07_spectrogram --dtype INT32 --count 10000 --reference-count 31 --frame 64 --hop 32 --warmup 20 --measured 100 --output /tmp/ZKX_dev/results/stage07_b05_formal_2836c8d/formal/20260810T105147Z_2836c8dc200d_stage07_b05_formal_452df5cc/spectrogram_probe_raw.json
STAGE07_TASK_FEATURE_PROBE PASS operator=spectrogram dtype=INT32
{"run_id": "20260810T105147Z_2836c8dc200d_stage07_b05_formal_452df5cc", "case_id": "spectrogram__spectrogram_int32_10e4__693377e8b81458d8", "operator_name": "spectrogram", "task_name": "Task2", "step_name": "Step4", "scale_id": "spectrogram_int32_10e4", "requested_dtype": "INT32", "input_content": [{"input_name": "signal", "shape": "[10000]", "dtype": "INT32", "element_count": "10000", "generator": "task2_signal_mixture", "preview_head4_tail2": "i=0:2;i=1:3;i=2:2;i=3:2;i=9998:6;i=9999:5"}], "case_parameters": {"count": 10000, "frame": 64, "hop": 32, "output_count": 19904}, "output_dtype": "FP32", "backend": "fft_thrust", "warmup_runs": 20, "measured_runs": 100, "output_count": 19904, "mse": 1.74112e-11, "rmse": 4.17268e-06, "relative_l2": 2.71495e-06, "relative_linf": 3.03329e-06, "actual_input_digest": "693377e8b81458d82e1aa6d43fb9e11210a73f15060f3573211c92e35f18b48d", "typed_array_digest": "7c49c08c0897fbf96ef47232706bc6c37393ff5344cd5d128b20ead85b2d6765", "status": "PASS", "error_code": "OK"}
[stage07] identity and status
+-------------+------------------------+--------+------------+-------+--------+----------+--------------------------+--------+------------+
| target      | scale_id               | device | backend    | dtype | warmup | measured | timing_scope             | status | error_code |
+-------------+------------------------+--------+------------+-------+--------+----------+--------------------------+--------+------------+
| spectrogram | spectrogram_int32_10e4 | CPU    | fft_thrust | INT32 | 20     | 100      | compatibility/end-to-end | PASS   | OK         |
| spectrogram | spectrogram_int32_10e4 | GPU    | fft_thrust | INT32 | 20     | 100      | compatibility/end-to-end | PASS   | OK         |
+-------------+------------------------+--------+------------+-------+--------+----------+--------------------------+--------+------------+

[stage07] timing detail
+--------+--------------------+--------------------+--------------------+--------------------+-----------+-----------+---------------------+----------------------+-------------------+
| device | mean_ms            | p50_ms             | p95_ms             | p99_ms             | min_ms    | max_ms    | std_ms              | cv                   | speedup           |
+--------+--------------------+--------------------+--------------------+--------------------+-----------+-----------+---------------------+----------------------+-------------------+
| CPU    | 60.902021770000005 | 60.8733            | 61.10322695        | 61.165551810000004 | 60.788024 | 61.433031 | 0.10001445959458588 | 0.001642219037855529 | NA                |
| GPU    | 0.72393237         | 0.7092004999999999 | 0.8157659999999999 | 0.8901649200000002 | 0.6982    | 0.92946   | 0.04042889501078529 | 0.0558462318942656   | 84.12667300676168 |
+--------+--------------------+--------------------+--------------------+--------------------+-----------+-----------+---------------------+----------------------+-------------------+

[stage07] accuracy detail
+---------------------------------+-------------+-------------+-------------+---------------+-------------+----------------+------------------------------------------------------------+--------+
| reference                       | mse         | rmse        | relative_l2 | relative_linf | exact_match | mismatch_count | semantic_check                                             | status |
+---------------------------------+-------------+-------------+-------------+---------------+-------------+----------------+------------------------------------------------------------+--------+
| typed_cpu_task2_step4_reference | 1.74112e-11 | 4.17268e-06 | 2.71495e-06 | 3.03329e-06   | NA          | NA             | output_count=19904;output_dtype=FP32;task_gpu_call=present | PASS   |
+---------------------------------+-------------+-------------+-------------+---------------+-------------+----------------+------------------------------------------------------------+--------+

[stage07] resource detail
+--------+------------+--------------+-------------+------------+-------------+
| device | metric     | before_bytes | after_bytes | peak_bytes | delta_bytes |
+--------+------------+--------------+-------------+------------+-------------+
| CPU    | cpu_heap   | 1707760      | 1750832     | 1750832    | 43072       |
| CPU    | rss        | 70889472     | 70889472    | 70889472   | 0           |
| GPU    | cpu_heap   | 1750832      | 1753984     | 1754000    | 3152        |
| GPU    | rss        | 70889472     | 70889472    | 70889472   | 0           |
| GPU    | gpu_memory | 357777408    | 357777408   | 357777408  | 0           |
+--------+------------+--------------+-------------+------------+-------------+

[stage07] input content
+------------+---------+-------+----------+----------------------+-------------------------------------------+
| input_name | shape   | dtype | elements | generator            | values(head4/tail2)                       |
+------------+---------+-------+----------+----------------------+-------------------------------------------+
| signal     | [10000] | INT32 | 10000    | task2_signal_mixture | i=0:2;i=1:3;i=2:2;i=3:2;i=9998:6;i=9999:5 |
+------------+---------+-------+----------+----------------------+-------------------------------------------+

[stage07] case parameters
+----------------------------------------------------------+
| parameters                                               |
+----------------------------------------------------------+
| {"count":10000,"frame":64,"hop":32,"output_count":19904} |
+----------------------------------------------------------+

[stage07] input and output identity
+--------+------------------------------------------------------------------+------------------------------------------------------------------+
| device | input_digest                                                     | output_digest                                                    |
+--------+------------------------------------------------------------------+------------------------------------------------------------------+
| CPU    | 693377e8b81458d82e1aa6d43fb9e11210a73f15060f3573211c92e35f18b48d | aecb511781c9f776d80a36130116e8d5b66daa2b65ead57d263bd2532481a8f1 |
| GPU    | 693377e8b81458d82e1aa6d43fb9e11210a73f15060f3573211c92e35f18b48d | 599a3fe1623e997562b783f1f2244677da03d7814246868d4c34a87dfbead2c9 |
+--------+------------------------------------------------------------------+------------------------------------------------------------------+

[stage07] dtype evidence
+-----------------+--------------------+--------------+------------------------------------------------------------------+------------------------------------------------------------------+----------------------+
| requested_dtype | config_input_dtype | output_dtype | typed_array_digest                                               | actual_input_digest                                              | task_gpu_call_status |
+-----------------+--------------------+--------------+------------------------------------------------------------------+------------------------------------------------------------------+----------------------+
| INT32           | INT32              | FP32         | 7c49c08c0897fbf96ef47232706bc6c37393ff5344cd5d128b20ead85b2d6765 | 693377e8b81458d82e1aa6d43fb9e11210a73f15060f3573211c92e35f18b48d | proved_gpu_cpu       |
+-----------------+--------------------+--------------+------------------------------------------------------------------+------------------------------------------------------------------+----------------------+

[stage07] evidence files
+-------------+-------------------------------------------------------------------------------------------------------------------------------------------------------------------------------------------------------------------------------+
| kind        | path                                                                                                                                                                                                                          |
+-------------+-------------------------------------------------------------------------------------------------------------------------------------------------------------------------------------------------------------------------------+
| main_csv    | /tmp/ZKX_dev/results/stage07_b05_formal_2836c8d/formal/20260810T105147Z_2836c8dc200d_stage07_b05_formal_452df5cc/operator_main_results_spectrogram_fft_thrust_20260810T105147Z_2836c8dc200d_stage07_b05_formal_452df5cc.csv   |
| timing_csv  | /tmp/ZKX_dev/results/stage07_b05_formal_2836c8d/formal/20260810T105147Z_2836c8dc200d_stage07_b05_formal_452df5cc/operator_timing_samples_spectrogram_fft_thrust_20260810T105147Z_2836c8dc200d_stage07_b05_formal_452df5cc.csv |
| memory_csv  | /tmp/ZKX_dev/results/stage07_b05_formal_2836c8d/formal/20260810T105147Z_2836c8dc200d_stage07_b05_formal_452df5cc/operator_spectral_analysis_spectrogram_memory_trace_fft_thrust.csv                                           |
| dtype_csv   | /tmp/ZKX_dev/results/stage07_b05_formal_2836c8d/formal/20260810T105147Z_2836c8dc200d_stage07_b05_formal_452df5cc/operator_dtype_evidence_spectrogram_fft_thrust_20260810T105147Z_2836c8dc200d_stage07_b05_formal_452df5cc.csv |
| report_json | /tmp/ZKX_dev/results/stage07_b05_formal_2836c8d/formal/20260810T105147Z_2836c8dc200d_stage07_b05_formal_452df5cc/operator_spectrogram_report.json                                                                             |
| summary_txt | /tmp/ZKX_dev/results/stage07_b05_formal_2836c8d/formal/20260810T105147Z_2836c8dc200d_stage07_b05_formal_452df5cc/operator_spectrogram_summary.txt                                                                             |
| full_log    | /tmp/ZKX_dev/results/stage07_b05_formal_2836c8d/formal/20260810T105147Z_2836c8dc200d_stage07_b05_formal_452df5cc/operator_spectrogram_full.log                                                                                |
| result_dir  | /tmp/ZKX_dev/results/stage07_b05_formal_2836c8d/formal/20260810T105147Z_2836c8dc200d_stage07_b05_formal_452df5cc                                                                                                              |
+-------------+-------------------------------------------------------------------------------------------------------------------------------------------------------------------------------------------------------------------------------+
