command=/tmp/ZKX_dev/build_stage07_b02_gausspulse_76c5b6f8b36d/stage07_waveforms_gausspulse --dtype FP32 --count 16384 --p0 0.05 --p1 0.2 --p2 0 --p3 0 --warmup 20 --measured 100 --output /tmp/ZKX_dev/results/stage07_b02_formal_76c5b6f8b36d/formal/20260810T092021Z_76c5b6f8b36d_stage07_b02_formal_1ad817f1/gausspulse_probe_raw.json
STAGE07_WAVEFORM_PROBE PASS operator=gausspulse dtype=FP32
{"run_id": "20260810T092021Z_76c5b6f8b36d_stage07_b02_formal_1ad817f1", "case_id": "gausspulse__gauss_fp32_10e4__f3b9750f1c4f12af", "operator_name": "gausspulse", "task_name": "Task2", "step_name": "Step1", "scale_id": "gauss_fp32_10e4", "requested_dtype": "FP32", "config_input_dtype": "FP32", "input_content": [{"input_name": "time", "shape": "[16384]", "dtype": "FP32", "element_count": "16384", "generator": "centered_time_minus16_to_16(32*i/(N-1)-16)", "preview_head4_tail2": "i=0:-16;i=1:-15.9980469;i=2:-15.9960938;i=3:-15.9941406;i=16382:15.9980469;i=16383:16"}], "case_parameters": {"fc": 0.05, "bw": 0.2, "bwr_db": -6, "return_component": "in_phase"}, "output_dtype": "FP32", "backend": "not_applicable", "warmup_runs": 20, "measured_runs": 100, "mse": 1.42207e-15, "rmse": 3.77104e-08, "relative_l2": 5.63453e-08, "relative_linf": 1.78814e-07, "actual_input_digest": "f3b9750f1c4f12af147ee9fd0257bddef6f7d6e4f0450162c70bdc0a5a96c851", "typed_array_digest": "7f3417db228b1f1ca703df615a74d7e071780e91d406e1595ff41cdefaa9ad46", "status": "PASS", "error_code": "OK"}
[stage07] identity and status
+------------+-----------------+--------+----------------+-------+--------+----------+--------------------------+--------+------------+
| target     | scale_id        | device | backend        | dtype | warmup | measured | timing_scope             | status | error_code |
+------------+-----------------+--------+----------------+-------+--------+----------+--------------------------+--------+------------+
| gausspulse | gauss_fp32_10e4 | CPU    | not_applicable | FP32  | 20     | 100      | compatibility/end-to-end | PASS   | OK         |
| gausspulse | gauss_fp32_10e4 | GPU    | not_applicable | FP32  | 20     | 100      | compatibility/end-to-end | PASS   | OK         |
+------------+-----------------+--------+----------------+-------+--------+----------+--------------------------+--------+------------+

[stage07] timing detail
+--------+---------------------+----------+--------------------+--------------------+----------+----------+----------------------+----------------------+--------------------+
| device | mean_ms             | p50_ms   | p95_ms             | p99_ms             | min_ms   | max_ms   | std_ms               | cv                   | speedup            |
+--------+---------------------+----------+--------------------+--------------------+----------+----------+----------------------+----------------------+--------------------+
| CPU    | 0.57116375          | 0.566567 | 0.5791664999999999 | 0.6680358300000003 | 0.564607 | 0.728112 | 0.0191011729296266   | 0.033442551159149375 | NA                 |
| GPU    | 0.25381803999999997 | 0.252457 | 0.2656235          | 0.299868           | 0.245778 | 0.305709 | 0.008206826176933444 | 0.032333502287439635 | 2.2502882379833995 |
+--------+---------------------+----------+--------------------+--------------------+----------+----------+----------------------+----------------------+--------------------+

[stage07] accuracy detail
+---------------------+-------------+-------------+-------------+---------------+-------------+----------------+-------------------------------------------------------------------+--------+
| reference           | mse         | rmse        | relative_l2 | relative_linf | exact_match | mismatch_count | semantic_check                                                    | status |
+---------------------+-------------+-------------+-------------+---------------+-------------+----------------+-------------------------------------------------------------------+--------+
| typed_cpu_reference | 1.42207e-15 | 3.77104e-08 | 5.63453e-08 | 1.78814e-07   | NA          | NA             | output_shape=[16384];output_dtype=FP32;finite_numeric_output=true | PASS   |
+---------------------+-------------+-------------+-------------+---------------+-------------+----------------+-------------------------------------------------------------------+--------+

[stage07] resource detail
+--------+------------+--------------+-------------+------------+-------------+
| device | metric     | before_bytes | after_bytes | peak_bytes | delta_bytes |
+--------+------------+--------------+-------------+------------+-------------+
| CPU    | cpu_heap   | 1544160      | 1744832     | 1744832    | 200672      |
| CPU    | rss        | 69300224     | 70041600    | 70041600   | 741376      |
| GPU    | cpu_heap   | 1744880      | 1879200     | 1879200    | 134320      |
| GPU    | rss        | 70041600     | 70041600    | 70041600   | 0           |
| GPU    | gpu_memory | 391544832    | 391544832   | 391544832  | 0           |
+--------+------------+--------------+-------------+------------+-------------+

[stage07] input content
+------------+---------+-------+----------+--------------------------------------------+---------------------------------------------------------------------------------------+
| input_name | shape   | dtype | elements | generator                                  | values(head4/tail2)                                                                   |
+------------+---------+-------+----------+--------------------------------------------+---------------------------------------------------------------------------------------+
| time       | [16384] | FP32  | 16384    | centered_time_minus16_to_16(32*i/(N-1)-16) | i=0:-16;i=1:-15.9980469;i=2:-15.9960938;i=3:-15.9941406;i=16382:15.9980469;i=16383:16 |
+------------+---------+-------+----------+--------------------------------------------+---------------------------------------------------------------------------------------+

[stage07] case parameters
+----------------------------------------------------------------+
| parameters                                                     |
+----------------------------------------------------------------+
| {"bw":0.2,"bwr_db":-6,"fc":0.05,"return_component":"in_phase"} |
+----------------------------------------------------------------+

[stage07] input and output identity
+--------+------------------------------------------------------------------+------------------------------------------------------------------+
| device | input_digest                                                     | output_digest                                                    |
+--------+------------------------------------------------------------------+------------------------------------------------------------------+
| CPU    | f3b9750f1c4f12af147ee9fd0257bddef6f7d6e4f0450162c70bdc0a5a96c851 | de570296c090534e316a37818a36f302ffbfba4f9a24e8a3a8b774221a393e86 |
| GPU    | f3b9750f1c4f12af147ee9fd0257bddef6f7d6e4f0450162c70bdc0a5a96c851 | 320af6fdd7114098b488e0e7b9a832a9f0cce4c5f6ba8269b731ecba547b6e39 |
+--------+------------------------------------------------------------------+------------------------------------------------------------------+

[stage07] dtype evidence
+-----------------+--------------------+--------------+------------------------------------------------------------------+------------------------------------------------------------------+
| requested_dtype | config_input_dtype | output_dtype | typed_array_digest                                               | actual_input_digest                                              |
+-----------------+--------------------+--------------+------------------------------------------------------------------+------------------------------------------------------------------+
| FP32            | FP32               | FP32         | 7f3417db228b1f1ca703df615a74d7e071780e91d406e1595ff41cdefaa9ad46 | f3b9750f1c4f12af147ee9fd0257bddef6f7d6e4f0450162c70bdc0a5a96c851 |
+-----------------+--------------------+--------------+------------------------------------------------------------------+------------------------------------------------------------------+

[stage07] evidence files
+-------------+---------------------------------------------------------------------------------------------------------------------------------------------------------------------------------------------------------------------------------------+
| kind        | path                                                                                                                                                                                                                                  |
+-------------+---------------------------------------------------------------------------------------------------------------------------------------------------------------------------------------------------------------------------------------+
| main_csv    | /tmp/ZKX_dev/results/stage07_b02_formal_76c5b6f8b36d/formal/20260810T092021Z_76c5b6f8b36d_stage07_b02_formal_1ad817f1/operator_main_results_gausspulse_not_applicable_20260810T092021Z_76c5b6f8b36d_stage07_b02_formal_1ad817f1.csv   |
| timing_csv  | /tmp/ZKX_dev/results/stage07_b02_formal_76c5b6f8b36d/formal/20260810T092021Z_76c5b6f8b36d_stage07_b02_formal_1ad817f1/operator_timing_samples_gausspulse_not_applicable_20260810T092021Z_76c5b6f8b36d_stage07_b02_formal_1ad817f1.csv |
| memory_csv  | /tmp/ZKX_dev/results/stage07_b02_formal_76c5b6f8b36d/formal/20260810T092021Z_76c5b6f8b36d_stage07_b02_formal_1ad817f1/operator_waveforms_gausspulse_memory_trace_not_applicable.csv                                                   |
| dtype_csv   | /tmp/ZKX_dev/results/stage07_b02_formal_76c5b6f8b36d/formal/20260810T092021Z_76c5b6f8b36d_stage07_b02_formal_1ad817f1/operator_dtype_evidence_gausspulse_not_applicable_20260810T092021Z_76c5b6f8b36d_stage07_b02_formal_1ad817f1.csv |
| report_json | /tmp/ZKX_dev/results/stage07_b02_formal_76c5b6f8b36d/formal/20260810T092021Z_76c5b6f8b36d_stage07_b02_formal_1ad817f1/operator_gausspulse_report.json                                                                                 |
| summary_txt | /tmp/ZKX_dev/results/stage07_b02_formal_76c5b6f8b36d/formal/20260810T092021Z_76c5b6f8b36d_stage07_b02_formal_1ad817f1/operator_gausspulse_summary.txt                                                                                 |
| full_log    | /tmp/ZKX_dev/results/stage07_b02_formal_76c5b6f8b36d/formal/20260810T092021Z_76c5b6f8b36d_stage07_b02_formal_1ad817f1/operator_gausspulse_full.log                                                                                    |
| result_dir  | /tmp/ZKX_dev/results/stage07_b02_formal_76c5b6f8b36d/formal/20260810T092021Z_76c5b6f8b36d_stage07_b02_formal_1ad817f1                                                                                                                 |
+-------------+---------------------------------------------------------------------------------------------------------------------------------------------------------------------------------------------------------------------------------------+
