[TASK2][step1][TIMING] prep_ms=0.025910 h2d_ms=104.229037 compute_ms=4.179088 d2h_ms=0.375052 post_ms=0.376543 formal_execution_ms=109.152581 total_ms=110.129148
[TASK2][step1][ACCURACY] max_error=1.799315214e-06 relative_error=1.061341108e-05 relative_tolerance=3.000000000e-05 compared_elements=2560 tolerance=3.000000000e-05 first_failure_index=-1 reference_source="typed CPU waveform APIs plus independent Host echo/noise formulas" comparison_method="maximum relative L2 error across five FP32 arrays; maximum absolute error retained" input_shape="[512]" input_dtype="FP32 outputs; FP64 typed waveform intermediates where required" status=pass
[TASK2][OPERATOR] step=step1 name=chirp gpu_ms=3.333982
[TASK2][OPERATOR] step=step1 name=gausspulse gpu_ms=0.125406
[TASK2][OPERATOR] step=step1 name=gpu_echo_superposition gpu_ms=0.088030
[TASK2][OPERATOR] step=step1 name=sawtooth gpu_ms=0.320862
[TASK2][OPERATOR] step=step1 name=square gpu_ms=0.310808
[TASK2][METRIC] step=step1 name=interference_rms value=0.071842
[TASK2][METRIC] step=step1 name=noise_rms value=0.022721
[TASK2][METRIC] step=step1 name=perturbation_delta value=0.118545
[TASK2][METRIC] step=step1 name=target_rms value=0.510511
[TASK2][METRIC] step=step1 name=waveform_functions_selected value=4.000000
[TASK2][step2][TIMING] prep_ms=0.001770 h2d_ms=0.145051 compute_ms=1.311784 d2h_ms=0.140071 post_ms=0.575884 formal_execution_ms=1.716912 total_ms=2.524768
[TASK2][step2][ACCURACY] max_error=2.384185791e-07 relative_error=1.197660815e-07 relative_tolerance=5.000000000e-04 compared_elements=512 tolerance=5.000000000e-04 first_failure_index=-1 reference_source="hamming_typed_cpu<float> + firwin_typed_cpu + firfilter_typed_cpu" comparison_method="FP32 relative L2 error primary; maximum absolute error retained" input_shape="[512]" input_dtype="FP32" status=pass
[TASK2][OPERATOR] step=step2 name=firfilter gpu_ms=0.436482
[TASK2][OPERATOR] step=step2 name=firwin gpu_ms=0.552598
[TASK2][OPERATOR] step=step2 name=hamming gpu_ms=0.322704
[TASK2][METRIC] step=step2 name=snr_after_db value=25.497160
[TASK2][METRIC] step=step2 name=snr_before_db value=16.746842
[TASK2][METRIC] step=step2 name=snr_improvement_db value=8.750318
[TASK2][METRIC] step=step2 name=step1_to_step2_data_match value=1.000000
[TASK2][step3][TIMING] prep_ms=0.002150 h2d_ms=0.147961 compute_ms=0.278314 d2h_ms=0.097991 post_ms=0.127061 formal_execution_ms=0.611934 total_ms=0.930146
[TASK2][step3][ACCURACY] max_error=5.960464478e-08 relative_error=5.931607227e-08 relative_tolerance=5.000000000e-05 compared_elements=480 tolerance=5.000000000e-05 first_failure_index=-1 reference_source="cubic_cpu + firfilter_typed_cpu" comparison_method="FP32 relative L2 error primary; maximum absolute error retained" input_shape="input [512], output [480]" input_dtype="FP32" status=pass
[TASK2][OPERATOR] step=step3 name=cubic gpu_ms=0.088330
[TASK2][OPERATOR] step=step3 name=firfilter_b_spline gpu_ms=0.189984
[TASK2][METRIC] step=step3 name=crop_begin value=16.000000
[TASK2][METRIC] step=step3 name=crop_end value=496.000000
[TASK2][METRIC] step=step3 name=peak_amplitude_ratio value=0.952412
[TASK2][METRIC] step=step3 name=roughness_after value=0.105550
[TASK2][METRIC] step=step3 name=roughness_before value=0.135166
[TASK2][METRIC] step=step3 name=step2_to_step3_data_match value=1.000000
[TASK2][step4][TIMING] prep_ms=5.403338 h2d_ms=0.095981 compute_ms=3229.283646 d2h_ms=0.200382 post_ms=8.451199 formal_execution_ms=3235.595494 total_ms=3244.219024
[TASK2][step4][ACCURACY] max_error=2.288818359e-05 relative_error=7.774341946e-07 relative_tolerance=1.000000000e-02 compared_elements=1933 tolerance=1.000000000e-02 first_failure_index=-1 reference_source="fm_demod/correlate/spectrogram/cwt typed CPU APIs plus Host fusion" comparison_method="maximum relative L2 error across four domains and fused bundle; maximum absolute error retained" input_shape="input [480], fused output [480]" input_dtype="FP32 features; FP64 CWT workspace/intermediate where required" status=pass
[TASK2][OPERATOR] step=step4 name=analytic_glue gpu_ms=0.070834
[TASK2][OPERATOR] step=step4 name=correlate gpu_ms=0.144418
[TASK2][OPERATOR] step=step4 name=cwt_ricker gpu_ms=0.408414
[TASK2][OPERATOR] step=step4 name=fm_demod gpu_ms=0.087714
[TASK2][OPERATOR] step=step4 name=spectrogram gpu_ms=3228.572266
[TASK2][METRIC] step=step4 name=feature_bundle_size value=480.000000
[TASK2][METRIC] step=step4 name=feature_families value=4.000000
[TASK2][METRIC] step=step4 name=step3_to_step4_data_match value=1.000000
[TASK2][step5][TIMING] prep_ms=0.012210 h2d_ms=0.053020 compute_ms=0.522726 d2h_ms=0.050811 post_ms=1.174818 formal_execution_ms=0.680085 total_ms=2.014374
[TASK2][step5][ACCURACY] max_error=0.000000000e+00 relative_error=0.000000000e+00 relative_tolerance=0.000000000e+00 compared_elements=187 tolerance=0.000000000e+00 first_failure_index=-1 reference_source="argrelextrema_typed_cpu exact integer indices" comparison_method="relative INT64 index mismatch rate primary (zero required); exact equality and absolute mismatch retained" input_shape="input [480], variable-length coordinate output" input_dtype="FP32 input / INT64 indices" status=pass
[TASK2][OPERATOR] step=step5 name=argrelextrema gpu_ms=0.522726
[TASK2][METRIC] step=step5 name=baseline_relative_mismatch_rate value=0.000000
[TASK2][METRIC] step=step5 name=extrema_count value=62.000000
[TASK2][METRIC] step=step5 name=injected_peak_followed value=1.000000
[TASK2][METRIC] step=step5 name=injected_relative_mismatch_rate value=0.000000
[TASK2][METRIC] step=step5 name=moved_relative_mismatch_rate value=0.000000
[TASK2][METRIC] step=step5 name=step4_to_step5_data_match value=1.000000
[TASK2][METRIC] step=step5 name=zero_review_comparator_negative value=1.000000
[TASK2][METRIC] step=step5 name=zero_review_independent_integer_recompute value=1.000000
[TASK2][METRIC] step=step5 name=zero_review_path_independent value=1.000000
[TASK2][METRIC] step=step5 name=zero_review_perturbation value=1.000000
[TASK2][step6][TIMING] prep_ms=0.011050 h2d_ms=0.771945 compute_ms=3.277310 d2h_ms=0.093511 post_ms=0.065481 formal_execution_ms=5.080026 total_ms=6.095153
[TASK2][step6][ACCURACY] max_error=2.910383046e-11 relative_error=6.831205823e-08 relative_tolerance=2.000000000e-05 compared_elements=2 tolerance=2.000000000e-05 first_failure_index=-1 reference_source="typed CPU Kalman predict/update state and covariance" comparison_method="FP32 state/covariance relative L2 error primary; maximum absolute error, truth and R perturbation retained" input_shape="8 observations, state [1], covariance [1]" input_dtype="FP32" status=pass
[TASK2][OPERATOR] step=step6 name=kalmanfilter_predict_update gpu_ms=3.277310
[TASK2][METRIC] step=step6 name=anchor_index value=356.000000
[TASK2][METRIC] step=step6 name=estimate_normalized value=0.743048
[TASK2][METRIC] step=step6 name=measurement_noise_response value=0.043490
[TASK2][METRIC] step=step6 name=observation_count value=8.000000
[TASK2][METRIC] step=step6 name=step5_to_step6_data_match value=1.000000
[TASK2][METRIC] step=step6 name=truth_absolute_error value=0.042631
[TASK2][METRIC] step=step6 name=truth_normalized value=0.700418
[TASK2][PIPELINE][TIMING] requested_steps=6 completed_steps=6 pipeline_total_ms=3365.932363 sum_step_total_ms=3365.912613
[TASK2][SUMMARY] requested_steps=6/6 completed_steps=6/6 gpu_operator_mapping=6/6 cpu_fallback=0 temporary_implementation=0 nvidia_only_path=0 accuracy_pass=6/6 semantic_metrics_pass=6/6 status=pass
