[TASK2][step1][TIMING] prep_ms=0.025360 h2d_ms=104.730241 compute_ms=4.210192 d2h_ms=0.385042 post_ms=0.411313 formal_execution_ms=109.675935 total_ms=110.698972
[TASK2][step1][ACCURACY] max_error=1.799315214e-06 relative_error=1.061341108e-05 relative_tolerance=3.000000000e-05 compared_elements=2560 tolerance=3.000000000e-05 first_failure_index=-1 reference_source="typed CPU waveform APIs plus independent Host echo/noise formulas" comparison_method="maximum relative L2 error across five FP32 arrays; maximum absolute error retained" input_shape="[512]" input_dtype="FP32 outputs; FP64 typed waveform intermediates where required" status=pass
[TASK2][OPERATOR] step=step1 name=chirp gpu_ms=3.350918
[TASK2][OPERATOR] step=step1 name=gausspulse gpu_ms=0.129980
[TASK2][OPERATOR] step=step1 name=gpu_echo_superposition gpu_ms=0.087446
[TASK2][OPERATOR] step=step1 name=sawtooth gpu_ms=0.362344
[TASK2][OPERATOR] step=step1 name=square gpu_ms=0.279504
[TASK2][METRIC] step=step1 name=interference_rms value=0.071842
[TASK2][METRIC] step=step1 name=noise_rms value=0.022721
[TASK2][METRIC] step=step1 name=perturbation_delta value=0.118545
[TASK2][METRIC] step=step1 name=target_rms value=0.510511
[TASK2][METRIC] step=step1 name=waveform_functions_selected value=4.000000
[TASK2][step2][TIMING] prep_ms=0.001790 h2d_ms=0.148062 compute_ms=1.300560 d2h_ms=0.146700 post_ms=0.571144 formal_execution_ms=1.717492 total_ms=2.533308
[TASK2][step2][ACCURACY] max_error=2.384185791e-07 relative_error=1.197660815e-07 relative_tolerance=5.000000000e-04 compared_elements=512 tolerance=5.000000000e-04 first_failure_index=-1 reference_source="hamming_typed_cpu<float> + firwin_typed_cpu + firfilter_typed_cpu" comparison_method="FP32 relative L2 error primary; maximum absolute error retained" input_shape="[512]" input_dtype="FP32" status=pass
[TASK2][OPERATOR] step=step2 name=firfilter gpu_ms=0.419646
[TASK2][OPERATOR] step=step2 name=firwin gpu_ms=0.554122
[TASK2][OPERATOR] step=step2 name=hamming gpu_ms=0.326792
[TASK2][METRIC] step=step2 name=snr_after_db value=25.497160
[TASK2][METRIC] step=step2 name=snr_before_db value=16.746842
[TASK2][METRIC] step=step2 name=snr_improvement_db value=8.750318
[TASK2][METRIC] step=step2 name=step1_to_step2_data_match value=1.000000
[TASK2][step3][TIMING] prep_ms=0.002200 h2d_ms=0.144471 compute_ms=0.280502 d2h_ms=0.098810 post_ms=0.125810 formal_execution_ms=0.610964 total_ms=0.929686
[TASK2][step3][ACCURACY] max_error=5.960464478e-08 relative_error=5.931607227e-08 relative_tolerance=5.000000000e-05 compared_elements=480 tolerance=5.000000000e-05 first_failure_index=-1 reference_source="cubic_cpu + firfilter_typed_cpu" comparison_method="FP32 relative L2 error primary; maximum absolute error retained" input_shape="input [512], output [480]" input_dtype="FP32" status=pass
[TASK2][OPERATOR] step=step3 name=cubic gpu_ms=0.091646
[TASK2][OPERATOR] step=step3 name=firfilter_b_spline gpu_ms=0.188856
[TASK2][METRIC] step=step3 name=crop_begin value=16.000000
[TASK2][METRIC] step=step3 name=crop_end value=496.000000
[TASK2][METRIC] step=step3 name=peak_amplitude_ratio value=0.952412
[TASK2][METRIC] step=step3 name=roughness_after value=0.105550
[TASK2][METRIC] step=step3 name=roughness_before value=0.135166
[TASK2][METRIC] step=step3 name=step2_to_step3_data_match value=1.000000
[TASK2][step4][TIMING] prep_ms=5.405309 h2d_ms=0.092691 compute_ms=3222.732490 d2h_ms=0.203892 post_ms=8.478499 formal_execution_ms=3229.014105 total_ms=3237.679356
[TASK2][step4][ACCURACY] max_error=2.288818359e-05 relative_error=7.774341946e-07 relative_tolerance=1.000000000e-02 compared_elements=1933 tolerance=1.000000000e-02 first_failure_index=-1 reference_source="fm_demod/correlate/spectrogram/cwt typed CPU APIs plus Host fusion" comparison_method="maximum relative L2 error across four domains and fused bundle; maximum absolute error retained" input_shape="input [480], fused output [480]" input_dtype="FP32 features; FP64 CWT workspace/intermediate where required" status=pass
[TASK2][OPERATOR] step=step4 name=analytic_glue gpu_ms=0.073146
[TASK2][OPERATOR] step=step4 name=correlate gpu_ms=0.147294
[TASK2][OPERATOR] step=step4 name=cwt_ricker gpu_ms=0.412726
[TASK2][OPERATOR] step=step4 name=fm_demod gpu_ms=0.102742
[TASK2][OPERATOR] step=step4 name=spectrogram gpu_ms=3221.996582
[TASK2][METRIC] step=step4 name=feature_bundle_size value=480.000000
[TASK2][METRIC] step=step4 name=feature_families value=4.000000
[TASK2][METRIC] step=step4 name=step3_to_step4_data_match value=1.000000
[TASK2][step5][TIMING] prep_ms=0.012890 h2d_ms=0.053261 compute_ms=0.519326 d2h_ms=0.050600 post_ms=1.182289 formal_execution_ms=0.677685 total_ms=2.028345
[TASK2][step5][ACCURACY] max_error=0.000000000e+00 relative_error=0.000000000e+00 relative_tolerance=0.000000000e+00 compared_elements=187 tolerance=0.000000000e+00 first_failure_index=-1 reference_source="argrelextrema_typed_cpu exact integer indices" comparison_method="relative INT64 index mismatch rate primary (zero required); exact equality and absolute mismatch retained" input_shape="input [480], variable-length coordinate output" input_dtype="FP32 input / INT64 indices" status=pass
[TASK2][OPERATOR] step=step5 name=argrelextrema gpu_ms=0.519326
[TASK2][METRIC] step=step5 name=baseline_relative_mismatch_rate value=0.000000
[TASK2][METRIC] step=step5 name=extrema_count value=62.000000
[TASK2][METRIC] step=step5 name=injected_peak_followed value=1.000000
[TASK2][METRIC] step=step5 name=injected_relative_mismatch_rate value=0.000000
[TASK2][METRIC] step=step5 name=moved_relative_mismatch_rate value=0.000000
[TASK2][METRIC] step=step5 name=step4_to_step5_data_match value=1.000000
[TASK2][METRIC] step=step5 name=zero_review_comparator_negative value=1.000000
[TASK2][METRIC] step=step5 name=zero_review_independent_integer_recompute value=1.000000
[TASK2][METRIC] step=step5 name=zero_review_path_independent value=1.000000
[TASK2][METRIC] step=step5 name=zero_review_perturbation value=1.000000
[TASK2][step6][TIMING] prep_ms=0.009780 h2d_ms=0.754546 compute_ms=3.355690 d2h_ms=0.086950 post_ms=0.065351 formal_execution_ms=5.175746 total_ms=6.215784
[TASK2][step6][ACCURACY] max_error=2.910383046e-11 relative_error=6.831205823e-08 relative_tolerance=2.000000000e-05 compared_elements=2 tolerance=2.000000000e-05 first_failure_index=-1 reference_source="typed CPU Kalman predict/update state and covariance" comparison_method="FP32 state/covariance relative L2 error primary; maximum absolute error, truth and R perturbation retained" input_shape="8 observations, state [1], covariance [1]" input_dtype="FP32" status=pass
[TASK2][OPERATOR] step=step6 name=kalmanfilter_predict_update gpu_ms=3.355690
[TASK2][METRIC] step=step6 name=anchor_index value=356.000000
[TASK2][METRIC] step=step6 name=estimate_normalized value=0.743048
[TASK2][METRIC] step=step6 name=measurement_noise_response value=0.043490
[TASK2][METRIC] step=step6 name=observation_count value=8.000000
[TASK2][METRIC] step=step6 name=step5_to_step6_data_match value=1.000000
[TASK2][METRIC] step=step6 name=truth_absolute_error value=0.042631
[TASK2][METRIC] step=step6 name=truth_normalized value=0.700418
[TASK2][PIPELINE][TIMING] requested_steps=6 completed_steps=6 pipeline_total_ms=3360.104931 sum_step_total_ms=3360.085451
[TASK2][SUMMARY] requested_steps=6/6 completed_steps=6/6 gpu_operator_mapping=6/6 cpu_fallback=0 temporary_implementation=0 nvidia_only_path=0 accuracy_pass=6/6 semantic_metrics_pass=6/6 status=pass
