command=/tmp/ZKX_dev/build_stage07_b02_gausspulse_76c5b6f8b36d/stage07_waveforms_gausspulse --dtype INT8 --count 16384 --p0 0.05 --p1 0.2 --p2 0 --p3 0 --warmup 20 --measured 100 --output /tmp/ZKX_dev/results/stage07_b02_formal_76c5b6f8b36d/formal/20260810T092023Z_76c5b6f8b36d_stage07_b02_formal_051841b4/gausspulse_probe_raw.json
STAGE07_WAVEFORM_PROBE PASS operator=gausspulse dtype=INT8
{"run_id": "20260810T092023Z_76c5b6f8b36d_stage07_b02_formal_051841b4", "case_id": "gausspulse__gauss_int8_10e4__5f36f2468c512522", "operator_name": "gausspulse", "task_name": "Task2", "step_name": "Step1", "scale_id": "gauss_int8_10e4", "requested_dtype": "INT8", "config_input_dtype": "INT8", "input_content": [{"input_name": "time", "shape": "[16384]", "dtype": "INT8", "element_count": "16384", "generator": "quantized_centered_time_minus16_to_16(round(32*i/(N-1)-16))", "preview_head4_tail2": "i=0:-16;i=1:-16;i=2:-16;i=3:-16;i=16382:16;i=16383:16"}], "case_parameters": {"fc": 0.05, "bw": 0.2, "bwr_db": -6, "return_component": "in_phase"}, "output_dtype": "INT8", "backend": "not_applicable", "warmup_runs": 20, "measured_runs": 100, "mse": 0, "rmse": 0, "relative_l2": 0, "relative_linf": 0, "actual_input_digest": "5f36f2468c5125220764e203b57c1f3594d74ca94533fb0592309030bb06e0c7", "typed_array_digest": "8df230d0f9a311e8f247913945b24626a86af9a7a444064b578dd4e6abdc1cbf", "status": "PASS", "error_code": "OK"}
[stage07] identity and status
+------------+-----------------+--------+----------------+-------+--------+----------+--------------------------+--------+------------+
| target     | scale_id        | device | backend        | dtype | warmup | measured | timing_scope             | status | error_code |
+------------+-----------------+--------+----------------+-------+--------+----------+--------------------------+--------+------------+
| gausspulse | gauss_int8_10e4 | CPU    | not_applicable | INT8  | 20     | 100      | compatibility/end-to-end | PASS   | OK         |
| gausspulse | gauss_int8_10e4 | GPU    | not_applicable | INT8  | 20     | 100      | compatibility/end-to-end | PASS   | OK         |
+------------+-----------------+--------+----------------+-------+--------+----------+--------------------------+--------+------------+

[stage07] timing detail
+--------+--------------------+----------+---------------------+---------------------+----------+----------+----------------------+----------------------+-------------------+
| device | mean_ms            | p50_ms   | p95_ms              | p99_ms              | min_ms   | max_ms   | std_ms               | cv                   | speedup           |
+--------+--------------------+----------+---------------------+---------------------+----------+----------+----------------------+----------------------+-------------------+
| CPU    | 0.6473244800000001 | 0.642939 | 0.659657            | 0.7531004200000003  | 0.639339 | 0.808384 | 0.020308627118778858 | 0.03137317952007447  | NA                |
| GPU    | 0.19037204         | 0.18905  | 0.19531199999999999 | 0.21844671000000002 | 0.184325 | 0.222477 | 0.005853654525029642 | 0.030748499228298663 | 3.400312777023349 |
+--------+--------------------+----------+---------------------+---------------------+----------+----------+----------------------+----------------------+-------------------+

[stage07] accuracy detail
+---------------------+-----+------+-------------+---------------+-------------+----------------+-------------------------------------------------------------------+--------+
| reference           | mse | rmse | relative_l2 | relative_linf | exact_match | mismatch_count | semantic_check                                                    | status |
+---------------------+-----+------+-------------+---------------+-------------+----------------+-------------------------------------------------------------------+--------+
| typed_cpu_reference | 0   | 0    | 0           | 0             | NA          | NA             | output_shape=[16384];output_dtype=INT8;finite_numeric_output=true | PASS   |
+---------------------+-----+------+-------------+---------------+-------------+----------------+-------------------------------------------------------------------+--------+

[stage07] resource detail
+--------+------------+--------------+-------------+------------+-------------+
| device | metric     | before_bytes | after_bytes | peak_bytes | delta_bytes |
+--------+------------+--------------+-------------+------------+-------------+
| CPU    | cpu_heap   | 1396848      | 1548400     | 1548400    | 151552      |
| CPU    | rss        | 69308416     | 69758976    | 69758976   | 450560      |
| GPU    | cpu_heap   | 1548400      | 1682688     | 1682688    | 134288      |
| GPU    | rss        | 69758976     | 69758976    | 69758976   | 0           |
| GPU    | gpu_memory | 391544832    | 391544832   | 391544832  | 0           |
+--------+------------+--------------+-------------+------------+-------------+

[stage07] input content
+------------+---------+-------+----------+-------------------------------------------------------------+-------------------------------------------------------+
| input_name | shape   | dtype | elements | generator                                                   | values(head4/tail2)                                   |
+------------+---------+-------+----------+-------------------------------------------------------------+-------------------------------------------------------+
| time       | [16384] | INT8  | 16384    | quantized_centered_time_minus16_to_16(round(32*i/(N-1)-16)) | i=0:-16;i=1:-16;i=2:-16;i=3:-16;i=16382:16;i=16383:16 |
+------------+---------+-------+----------+-------------------------------------------------------------+-------------------------------------------------------+

[stage07] case parameters
+----------------------------------------------------------------+
| parameters                                                     |
+----------------------------------------------------------------+
| {"bw":0.2,"bwr_db":-6,"fc":0.05,"return_component":"in_phase"} |
+----------------------------------------------------------------+

[stage07] input and output identity
+--------+------------------------------------------------------------------+------------------------------------------------------------------+
| device | input_digest                                                     | output_digest                                                    |
+--------+------------------------------------------------------------------+------------------------------------------------------------------+
| CPU    | 5f36f2468c5125220764e203b57c1f3594d74ca94533fb0592309030bb06e0c7 | e07ce39f13af400775e3c0abc25cf30545bdaa2d35cd7e6616724e94ff712123 |
| GPU    | 5f36f2468c5125220764e203b57c1f3594d74ca94533fb0592309030bb06e0c7 | e07ce39f13af400775e3c0abc25cf30545bdaa2d35cd7e6616724e94ff712123 |
+--------+------------------------------------------------------------------+------------------------------------------------------------------+

[stage07] dtype evidence
+-----------------+--------------------+--------------+------------------------------------------------------------------+------------------------------------------------------------------+
| requested_dtype | config_input_dtype | output_dtype | typed_array_digest                                               | actual_input_digest                                              |
+-----------------+--------------------+--------------+------------------------------------------------------------------+------------------------------------------------------------------+
| INT8            | INT8               | INT8         | 8df230d0f9a311e8f247913945b24626a86af9a7a444064b578dd4e6abdc1cbf | 5f36f2468c5125220764e203b57c1f3594d74ca94533fb0592309030bb06e0c7 |
+-----------------+--------------------+--------------+------------------------------------------------------------------+------------------------------------------------------------------+

[stage07] evidence files
+-------------+---------------------------------------------------------------------------------------------------------------------------------------------------------------------------------------------------------------------------------------+
| kind        | path                                                                                                                                                                                                                                  |
+-------------+---------------------------------------------------------------------------------------------------------------------------------------------------------------------------------------------------------------------------------------+
| main_csv    | /tmp/ZKX_dev/results/stage07_b02_formal_76c5b6f8b36d/formal/20260810T092023Z_76c5b6f8b36d_stage07_b02_formal_051841b4/operator_main_results_gausspulse_not_applicable_20260810T092023Z_76c5b6f8b36d_stage07_b02_formal_051841b4.csv   |
| timing_csv  | /tmp/ZKX_dev/results/stage07_b02_formal_76c5b6f8b36d/formal/20260810T092023Z_76c5b6f8b36d_stage07_b02_formal_051841b4/operator_timing_samples_gausspulse_not_applicable_20260810T092023Z_76c5b6f8b36d_stage07_b02_formal_051841b4.csv |
| memory_csv  | /tmp/ZKX_dev/results/stage07_b02_formal_76c5b6f8b36d/formal/20260810T092023Z_76c5b6f8b36d_stage07_b02_formal_051841b4/operator_waveforms_gausspulse_memory_trace_not_applicable.csv                                                   |
| dtype_csv   | /tmp/ZKX_dev/results/stage07_b02_formal_76c5b6f8b36d/formal/20260810T092023Z_76c5b6f8b36d_stage07_b02_formal_051841b4/operator_dtype_evidence_gausspulse_not_applicable_20260810T092023Z_76c5b6f8b36d_stage07_b02_formal_051841b4.csv |
| report_json | /tmp/ZKX_dev/results/stage07_b02_formal_76c5b6f8b36d/formal/20260810T092023Z_76c5b6f8b36d_stage07_b02_formal_051841b4/operator_gausspulse_report.json                                                                                 |
| summary_txt | /tmp/ZKX_dev/results/stage07_b02_formal_76c5b6f8b36d/formal/20260810T092023Z_76c5b6f8b36d_stage07_b02_formal_051841b4/operator_gausspulse_summary.txt                                                                                 |
| full_log    | /tmp/ZKX_dev/results/stage07_b02_formal_76c5b6f8b36d/formal/20260810T092023Z_76c5b6f8b36d_stage07_b02_formal_051841b4/operator_gausspulse_full.log                                                                                    |
| result_dir  | /tmp/ZKX_dev/results/stage07_b02_formal_76c5b6f8b36d/formal/20260810T092023Z_76c5b6f8b36d_stage07_b02_formal_051841b4                                                                                                                 |
+-------------+---------------------------------------------------------------------------------------------------------------------------------------------------------------------------------------------------------------------------------------+
