command=build_stage08_b05_freq_shift_99442e69c882/stage08_filtering_freq_shift --dtype INT16 --count 1024 --freq -7.5 --fs 256.0 --seed 85240002 --warmup 20 --measured 100 --output /tmp/ZKX_dev/results/stage08_input_preview_b05_freq_shift_652061b694fc/formal/20260810T084615Z_652061b694fc_stage08_b05_formal_8562000a/freq_shift_probe_raw.json
STAGE08_FREQ_SHIFT_PROBE PASS dtype=INT16 backend=not_applicable
{"run_id": "20260810T084615Z_652061b694fc_stage08_b05_formal_8562000a", "case_id": "freq_shift__freq_shift_int16_10e3__6064c6fb09de038a", "operator_name": "freq_shift", "scale_id": "freq_shift_int16_10e3", "requested_dtype": "INT16", "output_dtype": "ComplexFP64", "backend": "not_applicable", "freq": -7.5, "fs": 256.0, "rank": 2, "shape": [32, 32], "warmup_runs": 20, "measured_runs": 100, "mse": 9.489891217172539e-12, "rmse": 3.0805667038992256e-06, "relative_l2": 2.8801124791879132e-06, "relative_linf": 5.06231636393317e-06, "status": "PASS", "error_code": "OK"}
[stage08] identity and status
+------------+-----------------------+--------+----------------+-------+--------+----------+--------------------------+--------+------------+
| target     | scale_id              | device | backend        | dtype | warmup | measured | timing_scope             | status | error_code |
+------------+-----------------------+--------+----------------+-------+--------+----------+--------------------------+--------+------------+
| freq_shift | freq_shift_int16_10e3 | CPU    | not_applicable | INT16 | 20     | 100      | compatibility/end-to-end | PASS   | OK         |
| freq_shift | freq_shift_int16_10e3 | GPU    | not_applicable | INT16 | 20     | 100      | compatibility/end-to-end | PASS   | OK         |
+------------+-----------------------+--------+----------------+-------+--------+----------+--------------------------+--------+------------+

[stage08] timing detail
+--------+----------------------+----------------------+----------------------+----------------------+---------------------+----------------------+-----------------------+----------------------+---------------------+
| device | mean_ms              | p50_ms               | p95_ms               | p99_ms               | min_ms              | max_ms               | std_ms                | cv                   | speedup             |
+--------+----------------------+----------------------+----------------------+----------------------+---------------------+----------------------+-----------------------+----------------------+---------------------+
| CPU    | 0.052359780000000002 | 0.052170000000000001 | 0.052511500000000003 | 0.054174910000000041 | 0.05203             | 0.062580999999999998 | 0.0010541288496194378 | 0.020132415560558847 | NA                  |
| GPU    | 0.35078016000000001  | 0.34930700000000003  | 0.36237049999999998  | 0.37838080000000029  | 0.33443099999999998 | 0.43964199999999998  | 0.011100140168232108  | 0.031644150479411687 | 0.14926665179695453 |
+--------+----------------------+----------------------+----------------------+----------------------+---------------------+----------------------+-----------------------+----------------------+---------------------+

[stage08] accuracy detail
+-------------------------------------+-----------------------+------------------------+------------------------+----------------------+-------------+----------------+-----------------------------------------------+--------+
| accuracy_reference                  | mse                   | rmse                   | relative_l2            | relative_linf        | exact_match | mismatch_count | semantic_check                                | status |
+-------------------------------------+-----------------------+------------------------+------------------------+----------------------+-------------+----------------+-----------------------------------------------+--------+
| cpu_freq_shift_complex128_reference | 9.489891217172539e-12 | 3.0805667038992256e-06 | 2.8801124791879132e-06 | 5.06231636393317e-06 | NA          | NA             | same_shape_negative_phase_complex_fp64_output | PASS   |
+-------------------------------------+-----------------------+------------------------+------------------------+----------------------+-------------+----------------+-----------------------------------------------+--------+

[stage08] resource detail
+--------+------------+--------------+-------------+------------+-------------+
| device | metric     | before_bytes | after_bytes | peak_bytes | delta_bytes |
+--------+------------+--------------+-------------+------------+-------------+
| CPU    | cpu_heap   | 1486432      | 1489168     | 1505568    | 2736        |
| CPU    | rss        | 70766592     | 70766592    | 70766592   | 0           |
| GPU    | cpu_heap   | 1490976      | 1494944     | 1510752    | 3968        |
| GPU    | rss        | 70766592     | 70766592    | 70766592   | 0           |
| GPU    | gpu_memory | 408322048    | 408322048   | 408322048  | 0           |
+--------+------------+--------------+-------------+------------+-------------+

[stage08] input/output identity
+--------+------------------------------------------------------------------+------------------------------------------------------------------+
| device | input_digest                                                     | output_digest                                                    |
+--------+------------------------------------------------------------------+------------------------------------------------------------------+
| CPU    | 6064c6fb09de038a80621b03c73302e41ca5f287e17265d44ea110af902cf64f | be7a44b5d6aec89c06593b279fd2b080c85298802e40f4e38e96aab4f0e3628d |
| GPU    | 6064c6fb09de038a80621b03c73302e41ca5f287e17265d44ea110af902cf64f | 9dd8f4da0bce83de9138ebb4bb0d4f4a5458f1ed21d2d946674af571aab987c2 |
+--------+------------------------------------------------------------------+------------------------------------------------------------------+

[stage08] input content
+------------+--------+-------+----------+------------------------------------------------------+--------------------------------------------+
| input_name | shape  | dtype | elements | generator                                            | values(head4/tail2)                        |
+------------+--------+-------+----------+------------------------------------------------------+--------------------------------------------+
| x          | [1024] | INT16 | 1024     | modular_noise_plus_ramp(seed=85240002,integral=true) | i=0:-1;i=1:0;i=2:0;i=3:0;i=1022:1;i=1023:0 |
+------------+--------+-------+----------+------------------------------------------------------+--------------------------------------------+

[stage08] case parameters
+-------------------------------------------------------------------------------+
| parameters                                                                    |
+-------------------------------------------------------------------------------+
| {"count":"1024","dtype":"INT16","freq":"-7.5","fs":"256.0","seed":"85240002"} |
+-------------------------------------------------------------------------------+

[stage08] dtype evidence
+-----------------+--------------------+--------------+------------------------------------------------------------------+--------+
| requested_dtype | config_input_dtype | output_dtype | actual_input_digest                                              | status |
+-----------------+--------------------+--------------+------------------------------------------------------------------+--------+
| INT16           | NA                 | ComplexFP64  | 6064c6fb09de038a80621b03c73302e41ca5f287e17265d44ea110af902cf64f | PASS   |
+-----------------+--------------------+--------------+------------------------------------------------------------------+--------+

[stage08] evidence files
+----------------+---------------------------------------------------------------------------------------------------------------------------------------------------------------------------------------------------------------------------------------------------------+
| kind           | path                                                                                                                                                                                                                                                    |
+----------------+---------------------------------------------------------------------------------------------------------------------------------------------------------------------------------------------------------------------------------------------------------+
| probe_raw_json | /tmp/ZKX_dev/results/stage08_input_preview_b05_freq_shift_652061b694fc/formal/20260810T084615Z_652061b694fc_stage08_b05_formal_8562000a/freq_shift_probe_raw.json                                                                                       |
| dtype_csv      | /tmp/ZKX_dev/results/stage08_input_preview_b05_freq_shift_652061b694fc/formal/20260810T084615Z_652061b694fc_stage08_b05_formal_8562000a/operator_dtype_evidence_freq_shift_not_applicable_20260810T084615Z_652061b694fc_stage08_b05_formal_8562000a.csv |
| memory_csv     | /tmp/ZKX_dev/results/stage08_input_preview_b05_freq_shift_652061b694fc/formal/20260810T084615Z_652061b694fc_stage08_b05_formal_8562000a/operator_filtering_freq_shift_memory_trace_not_applicable.csv                                                   |
| full_log       | /tmp/ZKX_dev/results/stage08_input_preview_b05_freq_shift_652061b694fc/formal/20260810T084615Z_652061b694fc_stage08_b05_formal_8562000a/operator_freq_shift_full.log                                                                                    |
| report_json    | /tmp/ZKX_dev/results/stage08_input_preview_b05_freq_shift_652061b694fc/formal/20260810T084615Z_652061b694fc_stage08_b05_formal_8562000a/operator_freq_shift_report.json                                                                                 |
| summary_txt    | /tmp/ZKX_dev/results/stage08_input_preview_b05_freq_shift_652061b694fc/formal/20260810T084615Z_652061b694fc_stage08_b05_formal_8562000a/operator_freq_shift_summary.txt                                                                                 |
| main_csv       | /tmp/ZKX_dev/results/stage08_input_preview_b05_freq_shift_652061b694fc/formal/20260810T084615Z_652061b694fc_stage08_b05_formal_8562000a/operator_main_results_freq_shift_not_applicable_20260810T084615Z_652061b694fc_stage08_b05_formal_8562000a.csv   |
| timing_csv     | /tmp/ZKX_dev/results/stage08_input_preview_b05_freq_shift_652061b694fc/formal/20260810T084615Z_652061b694fc_stage08_b05_formal_8562000a/operator_timing_samples_freq_shift_not_applicable_20260810T084615Z_652061b694fc_stage08_b05_formal_8562000a.csv |
+----------------+---------------------------------------------------------------------------------------------------------------------------------------------------------------------------------------------------------------------------------------------------------+
