command=build_stage07_b04_hamming_20e76c9b0ef/stage07_hamming --dtype FP16 --n 10000 --taps 1 --cutoff 60 --fs 1000 --sym true --warmup 20 --measured 100 --output /tmp/ZKX_dev/results/stage07_b04_formal_20e76c9b0ef/formal/20260810T101628Z_20e76c9b0ef0_stage07_b04_formal_8e89afd0/hamming_probe_raw.json
STAGE07_FILTER_PROBE PASS operator=hamming dtype=FP16
{"run_id": "20260810T101628Z_20e76c9b0ef0_stage07_b04_formal_8e89afd0", "case_id": "hamming__hamming_fp16_10e4__55dce539ce6c16c5", "operator_name": "hamming", "task_name": "Task2", "step_name": "Step2", "scale_id": "hamming_fp16_10e4", "requested_dtype": "FP16", "input_content": [{"input_name": "request_spec", "shape": "[1]", "dtype": "FP16", "element_count": "1", "generator": "typed_hamming_request", "preview_head4_tail2": "i=0:n=10000,sym=true,dtype=FP16"}], "case_parameters": {"n": 10000, "sym": true, "output_dtype": "FP32_TASK_RESIDENT", "equivalent_work": "10^4"}, "output_dtype": "FP32", "backend": "not_applicable", "warmup_runs": 20, "measured_runs": 100, "mse": 3.18972e-15, "rmse": 5.64776e-08, "relative_l2": 8.95949e-08, "relative_linf": 2.38419e-07, "actual_input_digest": "55dce539ce6c16c52874f1922d5768365e56ff69e7c3e2c88e7f7c13b133a600", "typed_array_digest": "505114fe537172ea35e17ca1a7516edac516a89b31f983f7c6387d5d2bb462aa", "status": "PASS", "error_code": "OK"}
[stage07] identity and status
+---------+-------------------+--------+----------------+-------+--------+----------+--------------------------+--------+------------+
| target  | scale_id          | device | backend        | dtype | warmup | measured | timing_scope             | status | error_code |
+---------+-------------------+--------+----------------+-------+--------+----------+--------------------------+--------+------------+
| hamming | hamming_fp16_10e4 | CPU    | not_applicable | FP16  | 20     | 100      | compatibility/end-to-end | PASS   | OK         |
| hamming | hamming_fp16_10e4 | GPU    | not_applicable | FP16  | 20     | 100      | compatibility/end-to-end | PASS   | OK         |
+---------+-------------------+--------+----------------+-------+--------+----------+--------------------------+--------+------------+

[stage07] timing detail
+--------+---------------------+-----------+---------------------+---------------------+----------+----------+----------------------+----------------------+-------------------+
| device | mean_ms             | p50_ms    | p95_ms              | p99_ms              | min_ms   | max_ms   | std_ms               | cv                   | speedup           |
+--------+---------------------+-----------+---------------------+---------------------+----------+----------+----------------------+----------------------+-------------------+
| CPU    | 0.34725374999999997 | 0.3455605 | 0.35879099999999997 | 0.36593540000000013 | 0.34175  | 0.396071 | 0.006629253765507849 | 0.019090517425680353 | NA                |
| GPU    | 0.14948473          | 0.1488405 | 0.15609599999999998 | 0.16171631          | 0.143161 | 0.162341 | 0.003338415485990322 | 0.022332819452463952 | 2.323004831329594 |
+--------+---------------------+-----------+---------------------+---------------------+----------+----------+----------------------+----------------------+-------------------+

[stage07] accuracy detail
+-----------------------------------+-------------+-------------+-------------+---------------+-------------+----------------+------------------------------------------------------------+--------+
| reference                         | mse         | rmse        | relative_l2 | relative_linf | exact_match | mismatch_count | semantic_check                                             | status |
+-----------------------------------+-------------+-------------+-------------+---------------+-------------+----------------+------------------------------------------------------------+--------+
| typed_cpu_task_resident_reference | 3.18972e-15 | 5.64776e-08 | 8.95949e-08 | 2.38419e-07   | NA          | NA             | output_count=10000;output_dtype=FP32;task_gpu_call=present | PASS   |
+-----------------------------------+-------------+-------------+-------------+---------------+-------------+----------------+------------------------------------------------------------+--------+

[stage07] resource detail
+--------+------------+--------------+-------------+------------+-------------+
| device | metric     | before_bytes | after_bytes | peak_bytes | delta_bytes |
+--------+------------+--------------+-------------+------------+-------------+
| CPU    | cpu_heap   | 1453232      | 1537088     | 1537088    | 83856       |
| CPU    | rss        | 70774784     | 71020544    | 71020544   | 245760      |
| GPU    | cpu_heap   | 1537184      | 1620208     | 1620208    | 83024       |
| GPU    | rss        | 71020544     | 71102464    | 71102464   | 81920       |
| GPU    | gpu_memory | 341000192    | 341000192   | 341000192  | 0           |
+--------+------------+--------------+-------------+------------+-------------+

[stage07] input content
+--------------+-------+-------+----------+-----------------------+---------------------------------+
| input_name   | shape | dtype | elements | generator             | values(head4/tail2)             |
+--------------+-------+-------+----------+-----------------------+---------------------------------+
| request_spec | [1]   | FP16  | 1        | typed_hamming_request | i=0:n=10000,sym=true,dtype=FP16 |
+--------------+-------+-------+----------+-----------------------+---------------------------------+

[stage07] case parameters
+-------------------------------------------------------------------------------------+
| parameters                                                                          |
+-------------------------------------------------------------------------------------+
| {"equivalent_work":"10^4","n":10000,"output_dtype":"FP32_TASK_RESIDENT","sym":true} |
+-------------------------------------------------------------------------------------+

[stage07] input and output identity
+--------+------------------------------------------------------------------+------------------------------------------------------------------+
| device | input_digest                                                     | output_digest                                                    |
+--------+------------------------------------------------------------------+------------------------------------------------------------------+
| CPU    | 55dce539ce6c16c52874f1922d5768365e56ff69e7c3e2c88e7f7c13b133a600 | f9546a5ccd980893d8c955e8a327d2b62d54680326d954643ea43524df6181a9 |
| GPU    | 55dce539ce6c16c52874f1922d5768365e56ff69e7c3e2c88e7f7c13b133a600 | a9895c5cb0dab1b83cf96476d6dc9349b3bb0c30605d967d2dbbaa589d07ca56 |
+--------+------------------------------------------------------------------+------------------------------------------------------------------+

[stage07] dtype evidence
+-----------------+--------------------+--------------+------------------------------------------------------------------+------------------------------------------------------------------+----------------------+
| requested_dtype | config_input_dtype | output_dtype | typed_array_digest                                               | actual_input_digest                                              | task_gpu_call_status |
+-----------------+--------------------+--------------+------------------------------------------------------------------+------------------------------------------------------------------+----------------------+
| FP16            | FP16               | FP32         | 505114fe537172ea35e17ca1a7516edac516a89b31f983f7c6387d5d2bb462aa | 55dce539ce6c16c52874f1922d5768365e56ff69e7c3e2c88e7f7c13b133a600 | proved_gpu_cpu       |
+-----------------+--------------------+--------------+------------------------------------------------------------------+------------------------------------------------------------------+----------------------+

[stage07] evidence files
+-------------+-----------------------------------------------------------------------------------------------------------------------------------------------------------------------------------------------------------------------------------+
| kind        | path                                                                                                                                                                                                                              |
+-------------+-----------------------------------------------------------------------------------------------------------------------------------------------------------------------------------------------------------------------------------+
| main_csv    | /tmp/ZKX_dev/results/stage07_b04_formal_20e76c9b0ef/formal/20260810T101628Z_20e76c9b0ef0_stage07_b04_formal_8e89afd0/operator_main_results_hamming_not_applicable_20260810T101628Z_20e76c9b0ef0_stage07_b04_formal_8e89afd0.csv   |
| timing_csv  | /tmp/ZKX_dev/results/stage07_b04_formal_20e76c9b0ef/formal/20260810T101628Z_20e76c9b0ef0_stage07_b04_formal_8e89afd0/operator_timing_samples_hamming_not_applicable_20260810T101628Z_20e76c9b0ef0_stage07_b04_formal_8e89afd0.csv |
| memory_csv  | /tmp/ZKX_dev/results/stage07_b04_formal_20e76c9b0ef/formal/20260810T101628Z_20e76c9b0ef0_stage07_b04_formal_8e89afd0/operator_windows_hamming_memory_trace_not_applicable.csv                                                     |
| dtype_csv   | /tmp/ZKX_dev/results/stage07_b04_formal_20e76c9b0ef/formal/20260810T101628Z_20e76c9b0ef0_stage07_b04_formal_8e89afd0/operator_dtype_evidence_hamming_not_applicable_20260810T101628Z_20e76c9b0ef0_stage07_b04_formal_8e89afd0.csv |
| report_json | /tmp/ZKX_dev/results/stage07_b04_formal_20e76c9b0ef/formal/20260810T101628Z_20e76c9b0ef0_stage07_b04_formal_8e89afd0/operator_hamming_report.json                                                                                 |
| summary_txt | /tmp/ZKX_dev/results/stage07_b04_formal_20e76c9b0ef/formal/20260810T101628Z_20e76c9b0ef0_stage07_b04_formal_8e89afd0/operator_hamming_summary.txt                                                                                 |
| full_log    | /tmp/ZKX_dev/results/stage07_b04_formal_20e76c9b0ef/formal/20260810T101628Z_20e76c9b0ef0_stage07_b04_formal_8e89afd0/operator_hamming_full.log                                                                                    |
| result_dir  | /tmp/ZKX_dev/results/stage07_b04_formal_20e76c9b0ef/formal/20260810T101628Z_20e76c9b0ef0_stage07_b04_formal_8e89afd0                                                                                                              |
+-------------+-----------------------------------------------------------------------------------------------------------------------------------------------------------------------------------------------------------------------------------+
