[stage08-b01] operator=kaiser entry=cpu:kaiser_typed_cpu gpu:kaiser_device
[stage08-b01] config=test_all/configs/operators/windows/kaiser/operator_scales.json config_sha256=3c4c14a97768005f5dc56b0d0c17628fff55c481c5608f82bbef4fa7c495f9fe
[stage08-b01] run_type=formal scale=kaiser_int8_10e4 dtype=INT8 sym=false backend=not_applicable
[stage08-b01] dtype_semantics=actual_typed_scalar_input typed_input_count=1 actual_input_digest=2b6a57da80dae370705e35e0b105bc217b369ed7435ef9be65045d795366144e
[stage08-b01] timing_scope=compatibility/end-to-end warmup=20 measured=100
[stage08-b01] cpu_mean_ms=0.48530792000000011 gpu_mean_ms=0.31052284999999991 speedup=1.5628734568164637
[stage08-b01] mse=1.5666116859541735e-14 rmse=1.2516435938214095e-07 relative_l2=2.2255866392746574e-07 relative_linf=6.288099760887178e-07
[stage08-b01] resources=available cuda_event_ms=0.52940797805786133
[stage08-b01] status=PASS error_code=OK
[stage08] identity and status
target | scale_id         | device | backend        | dtype | warmup | measured | timing_scope             | status | error_code
kaiser | kaiser_int8_10e4 | CPU    | not_applicable | INT8  | 20     | 100      | compatibility/end-to-end | PASS   | OK        
kaiser | kaiser_int8_10e4 | GPU    | not_applicable | INT8  | 20     | 100      | compatibility/end-to-end | PASS   | OK        

[stage08] timing detail
device | mean_ms             | p50_ms              | p95_ms              | p99_ms              | min_ms              | max_ms              | std_ms                | cv                   | speedup           
CPU    | 0.48530792000000011 | 0.48255899999999996 | 0.49968895000000002 | 0.50683531000000015 | 0.48049399999999998 | 0.54755500000000001 | 0.0083487257323258627 | 0.017202945569744381 | NA                
GPU    | 0.31052284999999991 | 0.30792249999999999 | 0.322295            | 0.36468210000000006 | 0.30172199999999999 | 0.37152299999999999 | 0.010581191120450478  | 0.034075402568443776 | 1.5628734568164637

[stage08] accuracy detail
accuracy_reference  | mse                    | rmse                   | relative_l2            | relative_linf         | exact_match | mismatch_count | semantic_check                                                                                      | status
cpu_typed_reference | 1.5666116859541735e-14 | 1.2516435938214095e-07 | 2.2255866392746574e-07 | 6.288099760887178e-07 | NA          | NA             | finite_normalized_fp64_window_shape_beta_and_symmetry_match_cpu:shape=[10000];finite=true;sym=false | PASS  

[stage08] resource detail
device | metric     | before_bytes | after_bytes | peak_bytes | delta_bytes
CPU    | cpu_heap   | 1564080      | 1567456     | 1646352    | 3376       
CPU    | rss        | 70926336     | 70926336    | 70926336   | 0          
GPU    | cpu_heap   | 1567456      | 1570400     | 1649536    | 2944       
GPU    | rss        | 70926336     | 70926336    | 70926336   | 0          
GPU    | gpu_memory | 341000192    | 341000192   | 341000192  | 0          

[stage08] input/output identity
device | input_digest                                                     | output_digest                                                   
CPU    | 2b6a57da80dae370705e35e0b105bc217b369ed7435ef9be65045d795366144e | 4b2442ac2d6f0f41ffd6137e30bd641bdbedf91c564c89956abffa2736342bf4
GPU    | 2b6a57da80dae370705e35e0b105bc217b369ed7435ef9be65045d795366144e | 4a653ee3d49c61271714c444257d59d833f8a00997f9f5fae1c1ca8d0484a1c1

[stage08] dtype evidence
requested_dtype | config_input_dtype | output_dtype | actual_input_digest                                              | status
INT8            | INT8               | FP64         | 2b6a57da80dae370705e35e0b105bc217b369ed7435ef9be65045d795366144e | PASS  

[stage08] evidence files
kind        | path                                                                                                                                                                                                                                     
main_csv    | /tmp/ZKX_dev/results/stage08_table_rerun_kaiser_47ebe13410d3/formal/20260810T032008Z_47ebe13410d3_stage08_b01_formal_8813001d/operator_main_results_kaiser_not_applicable_20260810T032008Z_47ebe13410d3_stage08_b01_formal_8813001d.csv  
timing_csv  | /tmp/ZKX_dev/results/stage08_table_rerun_kaiser_47ebe13410d3/formal/20260810T032008Z_47ebe13410d3_stage08_b01_formal_8813001d/operator_timing_samples_kaiser_not_applicable_20260810T032008Z_47ebe13410d3_stage08_b01_formal_8813001d.csv
memory_csv  | /tmp/ZKX_dev/results/stage08_table_rerun_kaiser_47ebe13410d3/formal/20260810T032008Z_47ebe13410d3_stage08_b01_formal_8813001d/operator_windows_kaiser_memory_trace_not_applicable.csv                                                    
dtype_csv   | /tmp/ZKX_dev/results/stage08_table_rerun_kaiser_47ebe13410d3/formal/20260810T032008Z_47ebe13410d3_stage08_b01_formal_8813001d/operator_dtype_evidence_kaiser_not_applicable_20260810T032008Z_47ebe13410d3_stage08_b01_formal_8813001d.csv
module_csv  | /tmp/ZKX_dev/results/stage08_table_rerun_kaiser_47ebe13410d3/formal/20260810T032008Z_47ebe13410d3_stage08_b01_formal_8813001d/windows_batch01_module_summary_not_applicable_20260810T032008Z_47ebe13410d3_stage08_b01_formal_8813001d.csv
report_json | /tmp/ZKX_dev/results/stage08_table_rerun_kaiser_47ebe13410d3/formal/20260810T032008Z_47ebe13410d3_stage08_b01_formal_8813001d/operator_kaiser_report.json                                                                                
summary_txt | /tmp/ZKX_dev/results/stage08_table_rerun_kaiser_47ebe13410d3/formal/20260810T032008Z_47ebe13410d3_stage08_b01_formal_8813001d/operator_kaiser_summary.txt                                                                                
full_log    | /tmp/ZKX_dev/results/stage08_table_rerun_kaiser_47ebe13410d3/formal/20260810T032008Z_47ebe13410d3_stage08_b01_formal_8813001d/operator_kaiser_full.log                                                                                   
results_dir | /tmp/ZKX_dev/results/stage08_table_rerun_kaiser_47ebe13410d3/formal/20260810T032008Z_47ebe13410d3_stage08_b01_formal_8813001d                                                                                                            
