[stage08-b01] operator=general_cosine entry=cpu:general_cosine_typed_cpu gpu:general_cosine_device
[stage08-b01] config=test_all/configs/operators/windows/general_cosine/operator_scales.json config_sha256=98e7d3d2716deaf919d8883f5caa73c3f61a1ce37bffff86a62a6be43aa66f64
[stage08-b01] run_type=formal scale=general_cosine_int8_10e3 dtype=INT8 sym=false backend=not_applicable
[stage08-b01] dtype_semantics=actual_typed_array_input typed_input_count=3 actual_input_digest=098b8df988c3da79ba50c409b1268036aad62847d46c893bc3d44bae8dec39ad
[stage08-b01] timing_scope=compatibility/end-to-end warmup=20 measured=100
[stage08-b01] cpu_mean_ms=0.073256309999999991 gpu_mean_ms=0.34773769999999998 speedup=0.21066542396754795
[stage08-b01] mse=7.5613294212346909e-14 rmse=2.7497871592606381e-07 relative_l2=1.4698230623576716e-07 relative_linf=4.3335145183398538e-07
[stage08-b01] resources=available cuda_event_ms=0.3574180006980896
[stage08-b01] status=PASS error_code=OK
[stage08] identity and status
target         | scale_id                 | device | backend        | dtype | warmup | measured | timing_scope             | status | error_code
general_cosine | general_cosine_int8_10e3 | CPU    | not_applicable | INT8  | 20     | 100      | compatibility/end-to-end | PASS   | OK        
general_cosine | general_cosine_int8_10e3 | GPU    | not_applicable | INT8  | 20     | 100      | compatibility/end-to-end | PASS   | OK        

[stage08] timing detail
device | mean_ms              | p50_ms               | p95_ms               | p99_ms               | min_ms               | max_ms              | std_ms                | cv                   | speedup            
CPU    | 0.073256309999999991 | 0.073040499999999994 | 0.073289999999999994 | 0.082633799999999993 | 0.072800000000000004 | 0.08301             | 0.0013728815658679372 | 0.018740796060679788 | NA                 
GPU    | 0.34773769999999998  | 0.34362599999999999  | 0.36786799999999997  | 0.42159720000000017  | 0.329351             | 0.46181100000000003 | 0.01677685137771686   | 0.048245707548295338 | 0.21066542396754795

[stage08] accuracy detail
accuracy_reference  | mse                    | rmse                   | relative_l2            | relative_linf          | exact_match | mismatch_count | semantic_check                                                                                  | status
cpu_typed_reference | 7.5613294212346909e-14 | 2.7497871592606381e-07 | 1.4698230623576716e-07 | 4.3335145183398538e-07 | NA          | NA             | finite_fp64_window_shape_coefficients_and_symmetry_match_cpu:shape=[1000];finite=true;sym=false | PASS  

[stage08] resource detail
device | metric     | before_bytes | after_bytes | peak_bytes | delta_bytes
CPU    | cpu_heap   | 1473136      | 1476960     | 1483856    | 3824       
CPU    | rss        | 70516736     | 70516736    | 70516736   | 0          
GPU    | cpu_heap   | 1476960      | 1480048     | 1487584    | 3088       
GPU    | rss        | 70516736     | 70516736    | 70516736   | 0          
GPU    | gpu_memory | 357777408    | 357777408   | 357777408  | 0          

[stage08] input/output identity
device | input_digest                                                     | output_digest                                                   
CPU    | 098b8df988c3da79ba50c409b1268036aad62847d46c893bc3d44bae8dec39ad | adc1e8850a5aae6f89df01b54e88449fff8adc0a5b6401fc9150ad585c8a7a64
GPU    | 098b8df988c3da79ba50c409b1268036aad62847d46c893bc3d44bae8dec39ad | 10151f7920c36b8ebd34543099a92c0ae0936c3d40364df9e29bd9c00dec2f93

[stage08] input content
input_name         | shape  | dtype       | elements | generator                                           | values(head4/tail2)                                                                              
window_positions   | [1000] | INDEX_INT64 | 1000     | implicit_window_index_domain(no_materialized_array) | i=0:position=0;i=1:position=1;i=2:position=2;i=3:position=3;i=998:position=998;i=999:position=999
coefficient_values | [3]    | INT8        | 3        | exact_config_array                                  | i=0:1;i=1:2;i=2:1                                                                                

[stage08] case parameters
parameters                                                                       
{"length":1000,"requested_dtype":"INT8","sym":false,"coefficient_values":[1,2,1]}

[stage08] dtype evidence
requested_dtype | config_input_dtype | output_dtype | actual_input_digest                                              | status
INT8            | INT8               | FP64         | 098b8df988c3da79ba50c409b1268036aad62847d46c893bc3d44bae8dec39ad | PASS  

[stage08] evidence files
kind        | path                                                                                                                                                                                                                                                           
main_csv    | /tmp/ZKX_dev/results/stage08_input_preview_b01_general_cosine_8b745f9a6864/formal/20260810T082117Z_8b745f9a6864_stage08_b01_formal_a102001c/operator_main_results_general_cosine_not_applicable_20260810T082117Z_8b745f9a6864_stage08_b01_formal_a102001c.csv  
timing_csv  | /tmp/ZKX_dev/results/stage08_input_preview_b01_general_cosine_8b745f9a6864/formal/20260810T082117Z_8b745f9a6864_stage08_b01_formal_a102001c/operator_timing_samples_general_cosine_not_applicable_20260810T082117Z_8b745f9a6864_stage08_b01_formal_a102001c.csv
memory_csv  | /tmp/ZKX_dev/results/stage08_input_preview_b01_general_cosine_8b745f9a6864/formal/20260810T082117Z_8b745f9a6864_stage08_b01_formal_a102001c/operator_windows_general_cosine_memory_trace_not_applicable.csv                                                    
input_csv   | /tmp/ZKX_dev/results/stage08_input_preview_b01_general_cosine_8b745f9a6864/formal/20260810T082117Z_8b745f9a6864_stage08_b01_formal_a102001c/operator_input_evidence_general_cosine_not_applicable_20260810T082117Z_8b745f9a6864_stage08_b01_formal_a102001c.csv
dtype_csv   | /tmp/ZKX_dev/results/stage08_input_preview_b01_general_cosine_8b745f9a6864/formal/20260810T082117Z_8b745f9a6864_stage08_b01_formal_a102001c/operator_dtype_evidence_general_cosine_not_applicable_20260810T082117Z_8b745f9a6864_stage08_b01_formal_a102001c.csv
module_csv  | /tmp/ZKX_dev/results/stage08_input_preview_b01_general_cosine_8b745f9a6864/formal/20260810T082117Z_8b745f9a6864_stage08_b01_formal_a102001c/windows_batch01_module_summary_not_applicable_20260810T082117Z_8b745f9a6864_stage08_b01_formal_a102001c.csv        
report_json | /tmp/ZKX_dev/results/stage08_input_preview_b01_general_cosine_8b745f9a6864/formal/20260810T082117Z_8b745f9a6864_stage08_b01_formal_a102001c/operator_general_cosine_report.json                                                                                
summary_txt | /tmp/ZKX_dev/results/stage08_input_preview_b01_general_cosine_8b745f9a6864/formal/20260810T082117Z_8b745f9a6864_stage08_b01_formal_a102001c/operator_general_cosine_summary.txt                                                                                
full_log    | /tmp/ZKX_dev/results/stage08_input_preview_b01_general_cosine_8b745f9a6864/formal/20260810T082117Z_8b745f9a6864_stage08_b01_formal_a102001c/operator_general_cosine_full.log                                                                                   
results_dir | /tmp/ZKX_dev/results/stage08_input_preview_b01_general_cosine_8b745f9a6864/formal/20260810T082117Z_8b745f9a6864_stage08_b01_formal_a102001c                                                                                                                    
