command=build_stage08_b06_istft_365e0a0ca281/stage08_spectral_analysis_istft --dtype FP32 --bins 9 --frames 12 --fs 100 --nperseg 16 --noverlap 8 --nfft 16 --onesided true --boundary true --seed 86210001 --warmup 1 --measured 1 --output /tmp/ZKX_dev/results/stage08_input_preview_b06_smoke_20260810T0900Z/smoke/20260810T090000Z_6b8f8261f90c_stage08_b06_smoke_86600001/istft_probe_raw.json
{"run_id": "20260810T090000Z_6b8f8261f90c_stage08_b06_smoke_86600001", "case_id": "istft__istft_fp32_10e2__0e96def854e68ce9", "operator_name": "istft", "scale_id": "istft_fp32_10e2", "requested_dtype": "FP32", "output_dtype": "FP32", "backend": "fft_thrust", "frequency_count": 9, "time_count": 12, "nperseg": 16, "noverlap": 8, "nfft": 16, "input_onesided": true, "boundary": true, "output_length": 88, "warmup_runs": 1, "measured_runs": 1, "mse": 2.67706e-14, "rmse": 1.63617e-07, "relative_l2": 9.96916e-08, "relative_linf": 1.25415e-07, "status": "PASS", "error_code": "OK"}
[stage08] identity and status
+--------+-----------------+--------+------------+-------+--------+----------+--------------------------+--------+------------+
| target | scale_id        | device | backend    | dtype | warmup | measured | timing_scope             | status | error_code |
+--------+-----------------+--------+------------+-------+--------+----------+--------------------------+--------+------------+
| istft  | istft_fp32_10e2 | CPU    | fft_thrust | FP32  | 1      | 1        | compatibility/end-to-end | PASS   | OK         |
| istft  | istft_fp32_10e2 | GPU    | fft_thrust | FP32  | 1      | 1        | compatibility/end-to-end | PASS   | OK         |
+--------+-----------------+--------+------------+-------+--------+----------+--------------------------+--------+------------+

[stage08] timing detail
+--------+----------+----------+----------+----------+----------+----------+--------+-----+--------------------+
| device | mean_ms  | p50_ms   | p95_ms   | p99_ms   | min_ms   | max_ms   | std_ms | cv  | speedup            |
+--------+----------+----------+----------+----------+----------+----------+--------+-----+--------------------+
| CPU    | 0.131331 | 0.131331 | 0.131331 | 0.131331 | 0.131331 | 0.131331 | 0.0    | 0.0 | NA                 |
| GPU    | 0.615623 | 0.615623 | 0.615623 | 0.615623 | 0.615623 | 0.615623 | 0.0    | 0.0 | 0.2133302361997521 |
+--------+----------+----------+----------+----------+----------+----------+--------+-----+--------------------+

[stage08] accuracy detail
+-----------------------------------+-------------+-------------+-------------+---------------+-------------+----------------+------------------------------------------------------+--------+
| accuracy_reference                | mse         | rmse        | relative_l2 | relative_linf | exact_match | mismatch_count | semantic_check                                       | status |
+-----------------------------------+-------------+-------------+-------------+---------------+-------------+----------------+------------------------------------------------------+--------+
| cpu_istft_direct_idft_overlap_add | 2.67706e-14 | 1.63617e-07 | 9.96916e-08 | 1.25415e-07   | NA          | NA             | frequency_major_inverse_overlap_add_output_length=88 | PASS   |
+-----------------------------------+-------------+-------------+-------------+---------------+-------------+----------------+------------------------------------------------------+--------+

[stage08] resource detail
+--------+------------+--------------+-------------+------------+-------------+
| device | metric     | before_bytes | after_bytes | peak_bytes | delta_bytes |
+--------+------------+--------------+-------------+------------+-------------+
| CPU    | cpu_heap   | 1458352      | 1466112     | 1466112    | 7760        |
| CPU    | rss        | 70164480     | 70164480    | 70164480   | 0           |
| GPU    | cpu_heap   | 1466144      | 1470608     | 1470608    | 4464        |
| GPU    | rss        | 70164480     | 70164480    | 70164480   | 0           |
| GPU    | gpu_memory | 391544832    | 391544832   | 391544832  | 0           |
+--------+------------+--------------+-------------+------------+-------------+

[stage08] input/output identity
+--------+------------------------------------------------------------------+------------------------------------------------------------------+
| device | input_digest                                                     | output_digest                                                    |
+--------+------------------------------------------------------------------+------------------------------------------------------------------+
| CPU    | 0e96def854e68ce97ef79f7f5bc9b904e29acdd38c3f3bde595a31f1f0533001 | 1361f654dad8d8767bf57708a1fa2f2dbfcfa21a8af8fd4b444f1a64a9a1c1ac |
| GPU    | 0e96def854e68ce97ef79f7f5bc9b904e29acdd38c3f3bde595a31f1f0533001 | d1fd19b4e2e8052f38c9d5df23be57fe516fe7d49785f4c9c57ba6ae904e7cc8 |
+--------+------------------------------------------------------------------+------------------------------------------------------------------+

[stage08] input content
+------------+--------+-------------+----------+------------------------------------------------------------------------------------+--------------------------------------------------------------------------------------------------------------------------------------+
| input_name | shape  | dtype       | elements | generator                                                                          | values(head4/tail2)                                                                                                                  |
+------------+--------+-------------+----------+------------------------------------------------------------------------------------+--------------------------------------------------------------------------------------------------------------------------------------+
| z          | [9x12] | ComplexFP32 | 108      | frequency_major_complex_modular(seed=86210001,component_dtype=FP32,integral=false) | i=0:(1,-0.5);i=1:(-0.21875,0.359375);i=2:(1.3125,0.09375);i=3:(0.09375,-0.171875);i=106:(0.5625,-0.015625);i=107:(-0.65625,-0.28125) |
+------------+--------+-------------+----------+------------------------------------------------------------------------------------+--------------------------------------------------------------------------------------------------------------------------------------+

[stage08] case parameters
+------------------------------------------------------------------------------------------------------------------------------------------------------+
| parameters                                                                                                                                           |
+------------------------------------------------------------------------------------------------------------------------------------------------------+
| {"bins":"9","boundary":"true","dtype":"FP32","frames":"12","fs":"100","nfft":"16","noverlap":"8","nperseg":"16","onesided":"true","seed":"86210001"} |
+------------------------------------------------------------------------------------------------------------------------------------------------------+

[stage08] dtype evidence
+-----------------+--------------------+--------------+------------------------------------------------------------------+--------+
| requested_dtype | config_input_dtype | output_dtype | actual_input_digest                                              | status |
+-----------------+--------------------+--------------+------------------------------------------------------------------+--------+
| FP32            | NA                 | FP32         | 0e96def854e68ce97ef79f7f5bc9b904e29acdd38c3f3bde595a31f1f0533001 | PASS   |
+-----------------+--------------------+--------------+------------------------------------------------------------------+--------+

[stage08] evidence files
+----------------+------------------------------------------------------------------------------------------------------------------------------------------------------------------------------------------------------------------------------------------+
| kind           | path                                                                                                                                                                                                                                     |
+----------------+------------------------------------------------------------------------------------------------------------------------------------------------------------------------------------------------------------------------------------------+
| probe_raw_json | /tmp/ZKX_dev/results/stage08_input_preview_b06_smoke_20260810T0900Z/smoke/20260810T090000Z_6b8f8261f90c_stage08_b06_smoke_86600001/istft_probe_raw.json                                                                                  |
| dtype_csv      | /tmp/ZKX_dev/results/stage08_input_preview_b06_smoke_20260810T0900Z/smoke/20260810T090000Z_6b8f8261f90c_stage08_b06_smoke_86600001/operator_dtype_evidence_istft_fft_thrust_20260810T090000Z_6b8f8261f90c_stage08_b06_smoke_86600001.csv |
| full_log       | /tmp/ZKX_dev/results/stage08_input_preview_b06_smoke_20260810T0900Z/smoke/20260810T090000Z_6b8f8261f90c_stage08_b06_smoke_86600001/operator_istft_full.log                                                                               |
| report_json    | /tmp/ZKX_dev/results/stage08_input_preview_b06_smoke_20260810T0900Z/smoke/20260810T090000Z_6b8f8261f90c_stage08_b06_smoke_86600001/operator_istft_report.json                                                                            |
| summary_txt    | /tmp/ZKX_dev/results/stage08_input_preview_b06_smoke_20260810T0900Z/smoke/20260810T090000Z_6b8f8261f90c_stage08_b06_smoke_86600001/operator_istft_summary.txt                                                                            |
| main_csv       | /tmp/ZKX_dev/results/stage08_input_preview_b06_smoke_20260810T0900Z/smoke/20260810T090000Z_6b8f8261f90c_stage08_b06_smoke_86600001/operator_main_results_istft_fft_thrust_20260810T090000Z_6b8f8261f90c_stage08_b06_smoke_86600001.csv   |
| memory_csv     | /tmp/ZKX_dev/results/stage08_input_preview_b06_smoke_20260810T0900Z/smoke/20260810T090000Z_6b8f8261f90c_stage08_b06_smoke_86600001/operator_spectral_analysis_istft_memory_trace_fft_thrust.csv                                          |
| timing_csv     | /tmp/ZKX_dev/results/stage08_input_preview_b06_smoke_20260810T0900Z/smoke/20260810T090000Z_6b8f8261f90c_stage08_b06_smoke_86600001/operator_timing_samples_istft_fft_thrust_20260810T090000Z_6b8f8261f90c_stage08_b06_smoke_86600001.csv |
+----------------+------------------------------------------------------------------------------------------------------------------------------------------------------------------------------------------------------------------------------------------+
