sample_index=0 cpu_pipeline_ms=25.0034 gpu_pipeline_ms=6.13201 cpu_resource_sampling_overhead_ms=0.128651 gpu_resource_sampling_overhead_ms=0.03178 semantic_gates=16/16 timing_direct=true resource_overhead_excluded=true step_sum_used=false status=PASS
sample_index=1 cpu_pipeline_ms=24.7463 gpu_pipeline_ms=6.05417 cpu_resource_sampling_overhead_ms=0.117211 gpu_resource_sampling_overhead_ms=0.03572 semantic_gates=16/16 timing_direct=true resource_overhead_excluded=true step_sum_used=false status=PASS
sample_index=2 cpu_pipeline_ms=24.5056 gpu_pipeline_ms=5.88896 cpu_resource_sampling_overhead_ms=0.117431 gpu_resource_sampling_overhead_ms=0.03112 semantic_gates=16/16 timing_direct=true resource_overhead_excluded=true step_sum_used=false status=PASS
sample_index=3 cpu_pipeline_ms=25.0998 gpu_pipeline_ms=5.85351 cpu_resource_sampling_overhead_ms=0.11398 gpu_resource_sampling_overhead_ms=0.0321 semantic_gates=16/16 timing_direct=true resource_overhead_excluded=true step_sum_used=false status=PASS
sample_index=4 cpu_pipeline_ms=24.9026 gpu_pipeline_ms=6.02047 cpu_resource_sampling_overhead_ms=0.127791 gpu_resource_sampling_overhead_ms=0.03165 semantic_gates=16/16 timing_direct=true resource_overhead_excluded=true step_sum_used=false status=PASS
sample_index=5 cpu_pipeline_ms=24.6566 gpu_pipeline_ms=5.92137 cpu_resource_sampling_overhead_ms=0.113861 gpu_resource_sampling_overhead_ms=0.03174 semantic_gates=16/16 timing_direct=true resource_overhead_excluded=true step_sum_used=false status=PASS
sample_index=6 cpu_pipeline_ms=25.3992 gpu_pipeline_ms=5.7611 cpu_resource_sampling_overhead_ms=0.121032 gpu_resource_sampling_overhead_ms=0.03195 semantic_gates=16/16 timing_direct=true resource_overhead_excluded=true step_sum_used=false status=PASS
sample_index=7 cpu_pipeline_ms=25.2383 gpu_pipeline_ms=5.90997 cpu_resource_sampling_overhead_ms=0.12605 gpu_resource_sampling_overhead_ms=0.03193 semantic_gates=16/16 timing_direct=true resource_overhead_excluded=true step_sum_used=false status=PASS
sample_index=8 cpu_pipeline_ms=30.3306 gpu_pipeline_ms=5.90201 cpu_resource_sampling_overhead_ms=0.12832 gpu_resource_sampling_overhead_ms=0.03189 semantic_gates=16/16 timing_direct=true resource_overhead_excluded=true step_sum_used=false status=PASS
sample_index=9 cpu_pipeline_ms=25.3573 gpu_pipeline_ms=5.54524 cpu_resource_sampling_overhead_ms=0.145571 gpu_resource_sampling_overhead_ms=0.03165 semantic_gates=16/16 timing_direct=true resource_overhead_excluded=true step_sum_used=false status=PASS
sample_index=10 cpu_pipeline_ms=25.1396 gpu_pipeline_ms=5.76705 cpu_resource_sampling_overhead_ms=0.124001 gpu_resource_sampling_overhead_ms=0.03202 semantic_gates=16/16 timing_direct=true resource_overhead_excluded=true step_sum_used=false status=PASS
sample_index=11 cpu_pipeline_ms=25.2848 gpu_pipeline_ms=5.70454 cpu_resource_sampling_overhead_ms=0.12376 gpu_resource_sampling_overhead_ms=0.03159 semantic_gates=16/16 timing_direct=true resource_overhead_excluded=true step_sum_used=false status=PASS
sample_index=12 cpu_pipeline_ms=25.3727 gpu_pipeline_ms=5.69742 cpu_resource_sampling_overhead_ms=0.127602 gpu_resource_sampling_overhead_ms=0.03122 semantic_gates=16/16 timing_direct=true resource_overhead_excluded=true step_sum_used=false status=PASS
sample_index=13 cpu_pipeline_ms=25.4255 gpu_pipeline_ms=5.48479 cpu_resource_sampling_overhead_ms=0.131772 gpu_resource_sampling_overhead_ms=0.031961 semantic_gates=16/16 timing_direct=true resource_overhead_excluded=true step_sum_used=false status=PASS
sample_index=14 cpu_pipeline_ms=29.6961 gpu_pipeline_ms=5.65722 cpu_resource_sampling_overhead_ms=0.122762 gpu_resource_sampling_overhead_ms=0.03128 semantic_gates=16/16 timing_direct=true resource_overhead_excluded=true step_sum_used=false status=PASS
sample_index=15 cpu_pipeline_ms=25.449 gpu_pipeline_ms=5.53735 cpu_resource_sampling_overhead_ms=0.128071 gpu_resource_sampling_overhead_ms=0.031651 semantic_gates=16/16 timing_direct=true resource_overhead_excluded=true step_sum_used=false status=PASS
sample_index=16 cpu_pipeline_ms=24.752 gpu_pipeline_ms=5.5233 cpu_resource_sampling_overhead_ms=0.12224 gpu_resource_sampling_overhead_ms=0.03148 semantic_gates=16/16 timing_direct=true resource_overhead_excluded=true step_sum_used=false status=PASS
sample_index=17 cpu_pipeline_ms=25.4619 gpu_pipeline_ms=5.42861 cpu_resource_sampling_overhead_ms=0.12925 gpu_resource_sampling_overhead_ms=0.03148 semantic_gates=16/16 timing_direct=true resource_overhead_excluded=true step_sum_used=false status=PASS
sample_index=18 cpu_pipeline_ms=25.2664 gpu_pipeline_ms=5.54155 cpu_resource_sampling_overhead_ms=0.11969 gpu_resource_sampling_overhead_ms=0.03144 semantic_gates=16/16 timing_direct=true resource_overhead_excluded=true step_sum_used=false status=PASS
sample_index=19 cpu_pipeline_ms=24.6338 gpu_pipeline_ms=5.79479 cpu_resource_sampling_overhead_ms=0.11722 gpu_resource_sampling_overhead_ms=0.03166 semantic_gates=16/16 timing_direct=true resource_overhead_excluded=true step_sum_used=false status=PASS
sample_index=20 cpu_pipeline_ms=24.9331 gpu_pipeline_ms=5.63234 cpu_resource_sampling_overhead_ms=0.12279 gpu_resource_sampling_overhead_ms=0.03171 semantic_gates=16/16 timing_direct=true resource_overhead_excluded=true step_sum_used=false status=PASS
sample_index=21 cpu_pipeline_ms=27.1649 gpu_pipeline_ms=5.49747 cpu_resource_sampling_overhead_ms=0.120332 gpu_resource_sampling_overhead_ms=0.03125 semantic_gates=16/16 timing_direct=true resource_overhead_excluded=true step_sum_used=false status=PASS
sample_index=22 cpu_pipeline_ms=26.0707 gpu_pipeline_ms=5.49281 cpu_resource_sampling_overhead_ms=0.135341 gpu_resource_sampling_overhead_ms=0.032101 semantic_gates=16/16 timing_direct=true resource_overhead_excluded=true step_sum_used=false status=PASS
sample_index=23 cpu_pipeline_ms=25.0903 gpu_pipeline_ms=5.49475 cpu_resource_sampling_overhead_ms=0.139703 gpu_resource_sampling_overhead_ms=0.03154 semantic_gates=16/16 timing_direct=true resource_overhead_excluded=true step_sum_used=false status=PASS
sample_index=24 cpu_pipeline_ms=24.7279 gpu_pipeline_ms=5.50937 cpu_resource_sampling_overhead_ms=0.127201 gpu_resource_sampling_overhead_ms=0.03172 semantic_gates=16/16 timing_direct=true resource_overhead_excluded=true step_sum_used=false status=PASS
sample_index=25 cpu_pipeline_ms=25.0293 gpu_pipeline_ms=5.58139 cpu_resource_sampling_overhead_ms=0.124652 gpu_resource_sampling_overhead_ms=0.031541 semantic_gates=16/16 timing_direct=true resource_overhead_excluded=true step_sum_used=false status=PASS
sample_index=26 cpu_pipeline_ms=24.93 gpu_pipeline_ms=5.79397 cpu_resource_sampling_overhead_ms=0.130691 gpu_resource_sampling_overhead_ms=0.03126 semantic_gates=16/16 timing_direct=true resource_overhead_excluded=true step_sum_used=false status=PASS
sample_index=27 cpu_pipeline_ms=24.8291 gpu_pipeline_ms=5.58764 cpu_resource_sampling_overhead_ms=0.12236 gpu_resource_sampling_overhead_ms=0.031861 semantic_gates=16/16 timing_direct=true resource_overhead_excluded=true step_sum_used=false status=PASS
sample_index=28 cpu_pipeline_ms=25.0369 gpu_pipeline_ms=5.79661 cpu_resource_sampling_overhead_ms=0.12046 gpu_resource_sampling_overhead_ms=0.03152 semantic_gates=16/16 timing_direct=true resource_overhead_excluded=true step_sum_used=false status=PASS
sample_index=29 cpu_pipeline_ms=25.3323 gpu_pipeline_ms=5.49605 cpu_resource_sampling_overhead_ms=0.130623 gpu_resource_sampling_overhead_ms=0.03114 semantic_gates=16/16 timing_direct=true resource_overhead_excluded=true step_sum_used=false status=PASS
sample_index=30 cpu_pipeline_ms=24.9157 gpu_pipeline_ms=5.63661 cpu_resource_sampling_overhead_ms=0.11957 gpu_resource_sampling_overhead_ms=0.03142 semantic_gates=16/16 timing_direct=true resource_overhead_excluded=true step_sum_used=false status=PASS
sample_index=31 cpu_pipeline_ms=25.1359 gpu_pipeline_ms=5.5562 cpu_resource_sampling_overhead_ms=0.119831 gpu_resource_sampling_overhead_ms=0.031741 semantic_gates=16/16 timing_direct=true resource_overhead_excluded=true step_sum_used=false status=PASS
sample_index=32 cpu_pipeline_ms=25.1032 gpu_pipeline_ms=5.52027 cpu_resource_sampling_overhead_ms=0.127182 gpu_resource_sampling_overhead_ms=0.032031 semantic_gates=16/16 timing_direct=true resource_overhead_excluded=true step_sum_used=false status=PASS
sample_index=33 cpu_pipeline_ms=24.9194 gpu_pipeline_ms=5.57093 cpu_resource_sampling_overhead_ms=0.11961 gpu_resource_sampling_overhead_ms=0.03149 semantic_gates=16/16 timing_direct=true resource_overhead_excluded=true step_sum_used=false status=PASS
sample_index=34 cpu_pipeline_ms=25.2514 gpu_pipeline_ms=5.6035 cpu_resource_sampling_overhead_ms=0.115721 gpu_resource_sampling_overhead_ms=0.03177 semantic_gates=16/16 timing_direct=true resource_overhead_excluded=true step_sum_used=false status=PASS
sample_index=35 cpu_pipeline_ms=25.2142 gpu_pipeline_ms=5.47219 cpu_resource_sampling_overhead_ms=0.121302 gpu_resource_sampling_overhead_ms=0.03216 semantic_gates=16/16 timing_direct=true resource_overhead_excluded=true step_sum_used=false status=PASS
sample_index=36 cpu_pipeline_ms=25.1735 gpu_pipeline_ms=5.47006 cpu_resource_sampling_overhead_ms=0.130462 gpu_resource_sampling_overhead_ms=0.0314 semantic_gates=16/16 timing_direct=true resource_overhead_excluded=true step_sum_used=false status=PASS
sample_index=37 cpu_pipeline_ms=25.2128 gpu_pipeline_ms=5.58222 cpu_resource_sampling_overhead_ms=0.139802 gpu_resource_sampling_overhead_ms=0.031461 semantic_gates=16/16 timing_direct=true resource_overhead_excluded=true step_sum_used=false status=PASS
sample_index=38 cpu_pipeline_ms=25.0678 gpu_pipeline_ms=5.64118 cpu_resource_sampling_overhead_ms=0.122401 gpu_resource_sampling_overhead_ms=0.031412 semantic_gates=16/16 timing_direct=true resource_overhead_excluded=true step_sum_used=false status=PASS
sample_index=39 cpu_pipeline_ms=24.9699 gpu_pipeline_ms=5.71115 cpu_resource_sampling_overhead_ms=0.118331 gpu_resource_sampling_overhead_ms=0.031531 semantic_gates=16/16 timing_direct=true resource_overhead_excluded=true step_sum_used=false status=PASS
sample_index=40 cpu_pipeline_ms=25.2863 gpu_pipeline_ms=5.73777 cpu_resource_sampling_overhead_ms=0.138532 gpu_resource_sampling_overhead_ms=0.03191 semantic_gates=16/16 timing_direct=true resource_overhead_excluded=true step_sum_used=false status=PASS
sample_index=41 cpu_pipeline_ms=24.9663 gpu_pipeline_ms=5.54515 cpu_resource_sampling_overhead_ms=0.12332 gpu_resource_sampling_overhead_ms=0.03203 semantic_gates=16/16 timing_direct=true resource_overhead_excluded=true step_sum_used=false status=PASS
sample_index=42 cpu_pipeline_ms=25.1477 gpu_pipeline_ms=5.69125 cpu_resource_sampling_overhead_ms=0.131941 gpu_resource_sampling_overhead_ms=0.03229 semantic_gates=16/16 timing_direct=true resource_overhead_excluded=true step_sum_used=false status=PASS
sample_index=43 cpu_pipeline_ms=25.094 gpu_pipeline_ms=5.44158 cpu_resource_sampling_overhead_ms=0.128902 gpu_resource_sampling_overhead_ms=0.03104 semantic_gates=16/16 timing_direct=true resource_overhead_excluded=true step_sum_used=false status=PASS
sample_index=44 cpu_pipeline_ms=24.8923 gpu_pipeline_ms=5.78426 cpu_resource_sampling_overhead_ms=0.113271 gpu_resource_sampling_overhead_ms=0.03119 semantic_gates=16/16 timing_direct=true resource_overhead_excluded=true step_sum_used=false status=PASS
sample_index=45 cpu_pipeline_ms=25.1908 gpu_pipeline_ms=5.87982 cpu_resource_sampling_overhead_ms=0.13108 gpu_resource_sampling_overhead_ms=0.031641 semantic_gates=16/16 timing_direct=true resource_overhead_excluded=true step_sum_used=false status=PASS
sample_index=46 cpu_pipeline_ms=24.9965 gpu_pipeline_ms=5.53307 cpu_resource_sampling_overhead_ms=0.122082 gpu_resource_sampling_overhead_ms=0.031831 semantic_gates=16/16 timing_direct=true resource_overhead_excluded=true step_sum_used=false status=PASS
sample_index=47 cpu_pipeline_ms=24.6588 gpu_pipeline_ms=5.71538 cpu_resource_sampling_overhead_ms=0.129152 gpu_resource_sampling_overhead_ms=0.03163 semantic_gates=16/16 timing_direct=true resource_overhead_excluded=true step_sum_used=false status=PASS
sample_index=48 cpu_pipeline_ms=25.1995 gpu_pipeline_ms=5.63435 cpu_resource_sampling_overhead_ms=0.125981 gpu_resource_sampling_overhead_ms=0.03165 semantic_gates=16/16 timing_direct=true resource_overhead_excluded=true step_sum_used=false status=PASS
sample_index=49 cpu_pipeline_ms=27.1438 gpu_pipeline_ms=5.63251 cpu_resource_sampling_overhead_ms=0.13307 gpu_resource_sampling_overhead_ms=0.03187 semantic_gates=16/16 timing_direct=true resource_overhead_excluded=true step_sum_used=false status=PASS
sample_index=50 cpu_pipeline_ms=27.0402 gpu_pipeline_ms=5.60979 cpu_resource_sampling_overhead_ms=0.12615 gpu_resource_sampling_overhead_ms=0.03278 semantic_gates=16/16 timing_direct=true resource_overhead_excluded=true step_sum_used=false status=PASS
sample_index=51 cpu_pipeline_ms=25.1932 gpu_pipeline_ms=5.50804 cpu_resource_sampling_overhead_ms=0.136442 gpu_resource_sampling_overhead_ms=0.03223 semantic_gates=16/16 timing_direct=true resource_overhead_excluded=true step_sum_used=false status=PASS
sample_index=52 cpu_pipeline_ms=25.3229 gpu_pipeline_ms=5.75078 cpu_resource_sampling_overhead_ms=0.127031 gpu_resource_sampling_overhead_ms=0.03175 semantic_gates=16/16 timing_direct=true resource_overhead_excluded=true step_sum_used=false status=PASS
sample_index=53 cpu_pipeline_ms=25.0827 gpu_pipeline_ms=5.6218 cpu_resource_sampling_overhead_ms=0.124191 gpu_resource_sampling_overhead_ms=0.03142 semantic_gates=16/16 timing_direct=true resource_overhead_excluded=true step_sum_used=false status=PASS
sample_index=54 cpu_pipeline_ms=25.1501 gpu_pipeline_ms=5.60251 cpu_resource_sampling_overhead_ms=0.12438 gpu_resource_sampling_overhead_ms=0.031951 semantic_gates=16/16 timing_direct=true resource_overhead_excluded=true step_sum_used=false status=PASS
sample_index=55 cpu_pipeline_ms=24.9486 gpu_pipeline_ms=5.60929 cpu_resource_sampling_overhead_ms=0.121882 gpu_resource_sampling_overhead_ms=0.03123 semantic_gates=16/16 timing_direct=true resource_overhead_excluded=true step_sum_used=false status=PASS
sample_index=56 cpu_pipeline_ms=27.9711 gpu_pipeline_ms=8.78218 cpu_resource_sampling_overhead_ms=0.228441 gpu_resource_sampling_overhead_ms=0.03844 semantic_gates=16/16 timing_direct=true resource_overhead_excluded=true step_sum_used=false status=PASS
sample_index=57 cpu_pipeline_ms=27.6311 gpu_pipeline_ms=8.15514 cpu_resource_sampling_overhead_ms=0.140903 gpu_resource_sampling_overhead_ms=0.03539 semantic_gates=16/16 timing_direct=true resource_overhead_excluded=true step_sum_used=false status=PASS
sample_index=58 cpu_pipeline_ms=27.6637 gpu_pipeline_ms=8.34398 cpu_resource_sampling_overhead_ms=0.138471 gpu_resource_sampling_overhead_ms=0.03479 semantic_gates=16/16 timing_direct=true resource_overhead_excluded=true step_sum_used=false status=PASS
sample_index=59 cpu_pipeline_ms=27.7162 gpu_pipeline_ms=8.19903 cpu_resource_sampling_overhead_ms=0.157511 gpu_resource_sampling_overhead_ms=0.03491 semantic_gates=16/16 timing_direct=true resource_overhead_excluded=true step_sum_used=false status=PASS
sample_index=60 cpu_pipeline_ms=27.5344 gpu_pipeline_ms=8.18613 cpu_resource_sampling_overhead_ms=0.136172 gpu_resource_sampling_overhead_ms=0.034011 semantic_gates=16/16 timing_direct=true resource_overhead_excluded=true step_sum_used=false status=PASS
sample_index=61 cpu_pipeline_ms=27.7706 gpu_pipeline_ms=8.14388 cpu_resource_sampling_overhead_ms=0.158411 gpu_resource_sampling_overhead_ms=0.03542 semantic_gates=16/16 timing_direct=true resource_overhead_excluded=true step_sum_used=false status=PASS
sample_index=62 cpu_pipeline_ms=27.5537 gpu_pipeline_ms=8.26547 cpu_resource_sampling_overhead_ms=0.142692 gpu_resource_sampling_overhead_ms=0.03415 semantic_gates=16/16 timing_direct=true resource_overhead_excluded=true step_sum_used=false status=PASS
sample_index=63 cpu_pipeline_ms=28.0359 gpu_pipeline_ms=6.06292 cpu_resource_sampling_overhead_ms=0.22614 gpu_resource_sampling_overhead_ms=0.03407 semantic_gates=16/16 timing_direct=true resource_overhead_excluded=true step_sum_used=false status=PASS
sample_index=64 cpu_pipeline_ms=25.323 gpu_pipeline_ms=5.75839 cpu_resource_sampling_overhead_ms=0.13383 gpu_resource_sampling_overhead_ms=0.03128 semantic_gates=16/16 timing_direct=true resource_overhead_excluded=true step_sum_used=false status=PASS
sample_index=65 cpu_pipeline_ms=24.9915 gpu_pipeline_ms=5.69174 cpu_resource_sampling_overhead_ms=0.13854 gpu_resource_sampling_overhead_ms=0.03098 semantic_gates=16/16 timing_direct=true resource_overhead_excluded=true step_sum_used=false status=PASS
sample_index=66 cpu_pipeline_ms=24.9779 gpu_pipeline_ms=5.98625 cpu_resource_sampling_overhead_ms=0.123112 gpu_resource_sampling_overhead_ms=0.03152 semantic_gates=16/16 timing_direct=true resource_overhead_excluded=true step_sum_used=false status=PASS
sample_index=67 cpu_pipeline_ms=32.1518 gpu_pipeline_ms=5.65357 cpu_resource_sampling_overhead_ms=0.126232 gpu_resource_sampling_overhead_ms=0.03126 semantic_gates=16/16 timing_direct=true resource_overhead_excluded=true step_sum_used=false status=PASS
sample_index=68 cpu_pipeline_ms=25.1385 gpu_pipeline_ms=5.88695 cpu_resource_sampling_overhead_ms=0.13287 gpu_resource_sampling_overhead_ms=0.03124 semantic_gates=16/16 timing_direct=true resource_overhead_excluded=true step_sum_used=false status=PASS
sample_index=69 cpu_pipeline_ms=25.2787 gpu_pipeline_ms=5.65218 cpu_resource_sampling_overhead_ms=0.130131 gpu_resource_sampling_overhead_ms=0.03107 semantic_gates=16/16 timing_direct=true resource_overhead_excluded=true step_sum_used=false status=PASS
sample_index=70 cpu_pipeline_ms=25.0011 gpu_pipeline_ms=5.841 cpu_resource_sampling_overhead_ms=0.118541 gpu_resource_sampling_overhead_ms=0.03121 semantic_gates=16/16 timing_direct=true resource_overhead_excluded=true step_sum_used=false status=PASS
sample_index=71 cpu_pipeline_ms=24.9688 gpu_pipeline_ms=5.77626 cpu_resource_sampling_overhead_ms=0.12583 gpu_resource_sampling_overhead_ms=0.03116 semantic_gates=16/16 timing_direct=true resource_overhead_excluded=true step_sum_used=false status=PASS
sample_index=72 cpu_pipeline_ms=25.3087 gpu_pipeline_ms=5.71096 cpu_resource_sampling_overhead_ms=0.122591 gpu_resource_sampling_overhead_ms=0.03147 semantic_gates=16/16 timing_direct=true resource_overhead_excluded=true step_sum_used=false status=PASS
sample_index=73 cpu_pipeline_ms=25.0843 gpu_pipeline_ms=5.75022 cpu_resource_sampling_overhead_ms=0.122041 gpu_resource_sampling_overhead_ms=0.04203 semantic_gates=16/16 timing_direct=true resource_overhead_excluded=true step_sum_used=false status=PASS
sample_index=74 cpu_pipeline_ms=25.1119 gpu_pipeline_ms=5.88182 cpu_resource_sampling_overhead_ms=0.12616 gpu_resource_sampling_overhead_ms=0.03064 semantic_gates=16/16 timing_direct=true resource_overhead_excluded=true step_sum_used=false status=PASS
sample_index=75 cpu_pipeline_ms=25.2317 gpu_pipeline_ms=5.78477 cpu_resource_sampling_overhead_ms=0.132582 gpu_resource_sampling_overhead_ms=0.03097 semantic_gates=16/16 timing_direct=true resource_overhead_excluded=true step_sum_used=false status=PASS
sample_index=76 cpu_pipeline_ms=24.981 gpu_pipeline_ms=5.73257 cpu_resource_sampling_overhead_ms=0.133701 gpu_resource_sampling_overhead_ms=0.03092 semantic_gates=16/16 timing_direct=true resource_overhead_excluded=true step_sum_used=false status=PASS
sample_index=77 cpu_pipeline_ms=25.3278 gpu_pipeline_ms=5.78819 cpu_resource_sampling_overhead_ms=0.13296 gpu_resource_sampling_overhead_ms=0.03115 semantic_gates=16/16 timing_direct=true resource_overhead_excluded=true step_sum_used=false status=PASS
sample_index=78 cpu_pipeline_ms=24.8215 gpu_pipeline_ms=5.89284 cpu_resource_sampling_overhead_ms=0.132281 gpu_resource_sampling_overhead_ms=0.031501 semantic_gates=16/16 timing_direct=true resource_overhead_excluded=true step_sum_used=false status=PASS
sample_index=79 cpu_pipeline_ms=24.9354 gpu_pipeline_ms=5.79528 cpu_resource_sampling_overhead_ms=0.126441 gpu_resource_sampling_overhead_ms=0.031161 semantic_gates=16/16 timing_direct=true resource_overhead_excluded=true step_sum_used=false status=PASS
sample_index=80 cpu_pipeline_ms=25.0766 gpu_pipeline_ms=5.76145 cpu_resource_sampling_overhead_ms=0.136081 gpu_resource_sampling_overhead_ms=0.03055 semantic_gates=16/16 timing_direct=true resource_overhead_excluded=true step_sum_used=false status=PASS
sample_index=81 cpu_pipeline_ms=24.8822 gpu_pipeline_ms=5.7496 cpu_resource_sampling_overhead_ms=0.125421 gpu_resource_sampling_overhead_ms=0.030891 semantic_gates=16/16 timing_direct=true resource_overhead_excluded=true step_sum_used=false status=PASS
sample_index=82 cpu_pipeline_ms=25.1174 gpu_pipeline_ms=5.85243 cpu_resource_sampling_overhead_ms=0.13364 gpu_resource_sampling_overhead_ms=0.03087 semantic_gates=16/16 timing_direct=true resource_overhead_excluded=true step_sum_used=false status=PASS
sample_index=83 cpu_pipeline_ms=25.2447 gpu_pipeline_ms=5.75222 cpu_resource_sampling_overhead_ms=0.119561 gpu_resource_sampling_overhead_ms=0.03119 semantic_gates=16/16 timing_direct=true resource_overhead_excluded=true step_sum_used=false status=PASS
sample_index=84 cpu_pipeline_ms=24.9811 gpu_pipeline_ms=5.72467 cpu_resource_sampling_overhead_ms=0.126001 gpu_resource_sampling_overhead_ms=0.03106 semantic_gates=16/16 timing_direct=true resource_overhead_excluded=true step_sum_used=false status=PASS
sample_index=85 cpu_pipeline_ms=25.2871 gpu_pipeline_ms=5.80818 cpu_resource_sampling_overhead_ms=0.168861 gpu_resource_sampling_overhead_ms=0.031871 semantic_gates=16/16 timing_direct=true resource_overhead_excluded=true step_sum_used=false status=PASS
sample_index=86 cpu_pipeline_ms=25.3102 gpu_pipeline_ms=5.91277 cpu_resource_sampling_overhead_ms=0.120901 gpu_resource_sampling_overhead_ms=0.0309 semantic_gates=16/16 timing_direct=true resource_overhead_excluded=true step_sum_used=false status=PASS
sample_index=87 cpu_pipeline_ms=24.9413 gpu_pipeline_ms=5.71192 cpu_resource_sampling_overhead_ms=0.119601 gpu_resource_sampling_overhead_ms=0.031131 semantic_gates=16/16 timing_direct=true resource_overhead_excluded=true step_sum_used=false status=PASS
sample_index=88 cpu_pipeline_ms=24.8288 gpu_pipeline_ms=5.69457 cpu_resource_sampling_overhead_ms=0.179521 gpu_resource_sampling_overhead_ms=0.03062 semantic_gates=16/16 timing_direct=true resource_overhead_excluded=true step_sum_used=false status=PASS
sample_index=89 cpu_pipeline_ms=25.2364 gpu_pipeline_ms=6.03732 cpu_resource_sampling_overhead_ms=0.134571 gpu_resource_sampling_overhead_ms=0.03141 semantic_gates=16/16 timing_direct=true resource_overhead_excluded=true step_sum_used=false status=PASS
sample_index=90 cpu_pipeline_ms=24.9676 gpu_pipeline_ms=5.89352 cpu_resource_sampling_overhead_ms=0.128212 gpu_resource_sampling_overhead_ms=0.03128 semantic_gates=16/16 timing_direct=true resource_overhead_excluded=true step_sum_used=false status=PASS
sample_index=91 cpu_pipeline_ms=24.7831 gpu_pipeline_ms=5.70153 cpu_resource_sampling_overhead_ms=0.129291 gpu_resource_sampling_overhead_ms=0.031 semantic_gates=16/16 timing_direct=true resource_overhead_excluded=true step_sum_used=false status=PASS
sample_index=92 cpu_pipeline_ms=24.9095 gpu_pipeline_ms=5.62286 cpu_resource_sampling_overhead_ms=0.13542 gpu_resource_sampling_overhead_ms=0.03074 semantic_gates=16/16 timing_direct=true resource_overhead_excluded=true step_sum_used=false status=PASS
sample_index=93 cpu_pipeline_ms=25.056 gpu_pipeline_ms=5.80356 cpu_resource_sampling_overhead_ms=0.131512 gpu_resource_sampling_overhead_ms=0.03097 semantic_gates=16/16 timing_direct=true resource_overhead_excluded=true step_sum_used=false status=PASS
sample_index=94 cpu_pipeline_ms=25.1352 gpu_pipeline_ms=5.8827 cpu_resource_sampling_overhead_ms=0.129321 gpu_resource_sampling_overhead_ms=0.030841 semantic_gates=16/16 timing_direct=true resource_overhead_excluded=true step_sum_used=false status=PASS
sample_index=95 cpu_pipeline_ms=24.8311 gpu_pipeline_ms=5.8315 cpu_resource_sampling_overhead_ms=0.126062 gpu_resource_sampling_overhead_ms=0.03098 semantic_gates=16/16 timing_direct=true resource_overhead_excluded=true step_sum_used=false status=PASS
sample_index=96 cpu_pipeline_ms=25.1814 gpu_pipeline_ms=5.7643 cpu_resource_sampling_overhead_ms=0.121071 gpu_resource_sampling_overhead_ms=0.03107 semantic_gates=16/16 timing_direct=true resource_overhead_excluded=true step_sum_used=false status=PASS
sample_index=97 cpu_pipeline_ms=24.9906 gpu_pipeline_ms=5.79211 cpu_resource_sampling_overhead_ms=0.12457 gpu_resource_sampling_overhead_ms=0.03027 semantic_gates=16/16 timing_direct=true resource_overhead_excluded=true step_sum_used=false status=PASS
sample_index=98 cpu_pipeline_ms=24.9895 gpu_pipeline_ms=5.81739 cpu_resource_sampling_overhead_ms=0.127301 gpu_resource_sampling_overhead_ms=0.030771 semantic_gates=16/16 timing_direct=true resource_overhead_excluded=true step_sum_used=false status=PASS
sample_index=99 cpu_pipeline_ms=25.1317 gpu_pipeline_ms=5.69368 cpu_resource_sampling_overhead_ms=0.130921 gpu_resource_sampling_overhead_ms=0.03074 semantic_gates=16/16 timing_direct=true resource_overhead_excluded=true step_sum_used=false status=PASS
function=Task2 frozen full six-step pipeline
call_chain=Step1->Step2;Step2+Step1->Step3;Step3 dual outputs->Step4;Step4->Step5;Step5+Step4+Kalman/delay->Step6
timing=pipeline_total measured directly;not=sum(step timings)
cpu_correlation_method=direct_parallel_exact workers=224
resource_sampling_mode=same_pipeline_execution
status=PASS return_code=0
