command=build_stage07_b05_fm_demod_2836c8d/stage07_fm_demod --dtype FP32 --count 10000 --reference-count 31 --frame 64 --hop 32 --warmup 20 --measured 100 --output /tmp/ZKX_dev/results/stage07_b05_formal_2836c8d/formal/20260810T105057Z_2836c8dc200d_stage07_b05_formal_c7d48895/fm_demod_probe_raw.json
STAGE07_TASK_FEATURE_PROBE PASS operator=fm_demod dtype=FP32
{"run_id": "20260810T105057Z_2836c8dc200d_stage07_b05_formal_c7d48895", "case_id": "fm_demod__fm_demod_fp32_10e4__3587f27cad382fa2", "operator_name": "fm_demod", "task_name": "Task2", "step_name": "Step4", "scale_id": "fm_demod_fp32_10e4", "requested_dtype": "FP32", "input_content": [{"input_name": "analytic", "shape": "[10000]", "dtype": "ComplexFP32", "element_count": "10000", "generator": "deterministic_chirped_analytic_signal", "preview_head4_tail2": "i=0:(20,0);i=1:(19.9937496,0.4999879);i=2:(19.9749966,0.999743164);i=3:(19.9437485,1.4989531);i=9998:(-16.2512817,-11.6574373);i=9999:(-15.4598389,-12.6883163)"}], "case_parameters": {"count": 10000, "output_count": 9999}, "output_dtype": "FP32", "backend": "not_applicable", "warmup_runs": 20, "measured_runs": 100, "output_count": 9999, "mse": 1.08691e-14, "rmse": 1.04255e-07, "relative_l2": 2.24419e-06, "relative_linf": 7.33665e-06, "actual_input_digest": "3587f27cad382fa27d0c56b8bcd2e7ae2ee1052e3244bd2ac2958d7d19dc18c8", "typed_array_digest": "9d303d666a88ab127b3ed33392188a543f0c1599b2cf7a8795acc1ba5456f203", "status": "PASS", "error_code": "OK"}
[stage07] identity and status
+----------+--------------------+--------+----------------+-------+--------+----------+--------------------------+--------+------------+
| target   | scale_id           | device | backend        | dtype | warmup | measured | timing_scope             | status | error_code |
+----------+--------------------+--------+----------------+-------+--------+----------+--------------------------+--------+------------+
| fm_demod | fm_demod_fp32_10e4 | CPU    | not_applicable | FP32  | 20     | 100      | compatibility/end-to-end | PASS   | OK         |
| fm_demod | fm_demod_fp32_10e4 | GPU    | not_applicable | FP32  | 20     | 100      | compatibility/end-to-end | PASS   | OK         |
+----------+--------------------+--------+----------------+-------+--------+----------+--------------------------+--------+------------+

[stage07] timing detail
+--------+--------------------+---------------------+---------------------+--------------------+----------+----------+----------------------+----------------------+-------------------+
| device | mean_ms            | p50_ms              | p95_ms              | p99_ms             | min_ms   | max_ms   | std_ms               | cv                   | speedup           |
+--------+--------------------+---------------------+---------------------+--------------------+----------+----------+----------------------+----------------------+-------------------+
| CPU    | 1.0377584400000002 | 1.034253            | 1.0495469499999999  | 1.0609157400000004 | 1.028347 | 1.138803 | 0.011590649985501245 | 0.011168928662725444 | NA                |
| GPU    | 0.25813711         | 0.25650649999999997 | 0.26462505000000003 | 0.2862072200000002 | 0.250102 | 0.327215 | 0.008244152943626168 | 0.03193710870795047  | 4.020183072476484 |
+--------+--------------------+---------------------+---------------------+--------------------+----------+----------+----------------------+----------------------+-------------------+

[stage07] accuracy detail
+---------------------------------+-------------+-------------+-------------+---------------+-------------+----------------+-----------------------------------------------------------+--------+
| reference                       | mse         | rmse        | relative_l2 | relative_linf | exact_match | mismatch_count | semantic_check                                            | status |
+---------------------------------+-------------+-------------+-------------+---------------+-------------+----------------+-----------------------------------------------------------+--------+
| typed_cpu_task2_step4_reference | 1.08691e-14 | 1.04255e-07 | 2.24419e-06 | 7.33665e-06   | NA          | NA             | output_count=9999;output_dtype=FP32;task_gpu_call=present | PASS   |
+---------------------------------+-------------+-------------+-------------+---------------+-------------+----------------+-----------------------------------------------------------+--------+

[stage07] resource detail
+--------+------------+--------------+-------------+------------+-------------+
| device | metric     | before_bytes | after_bytes | peak_bytes | delta_bytes |
+--------+------------+--------------+-------------+------------+-------------+
| CPU    | cpu_heap   | 1533696      | 1617024     | 1617024    | 83328       |
| CPU    | rss        | 70217728     | 70217728    | 70217728   | 0           |
| GPU    | cpu_heap   | 1617056      | 1619984     | 1619984    | 2928        |
| GPU    | rss        | 70217728     | 70217728    | 70217728   | 0           |
| GPU    | gpu_memory | 341000192    | 341000192   | 341000192  | 0           |
+--------+------------+--------------+-------------+------------+-------------+

[stage07] input content
+------------+---------+-------------+----------+---------------------------------------+-----------------------------------------------------------------------------------------------------------------------------------------------------------------+
| input_name | shape   | dtype       | elements | generator                             | values(head4/tail2)                                                                                                                                             |
+------------+---------+-------------+----------+---------------------------------------+-----------------------------------------------------------------------------------------------------------------------------------------------------------------+
| analytic   | [10000] | ComplexFP32 | 10000    | deterministic_chirped_analytic_signal | i=0:(20,0);i=1:(19.9937496,0.4999879);i=2:(19.9749966,0.999743164);i=3:(19.9437485,1.4989531);i=9998:(-16.2512817,-11.6574373);i=9999:(-15.4598389,-12.6883163) |
+------------+---------+-------------+----------+---------------------------------------+-----------------------------------------------------------------------------------------------------------------------------------------------------------------+

[stage07] case parameters
+-------------------------------------+
| parameters                          |
+-------------------------------------+
| {"count":10000,"output_count":9999} |
+-------------------------------------+

[stage07] input and output identity
+--------+------------------------------------------------------------------+------------------------------------------------------------------+
| device | input_digest                                                     | output_digest                                                    |
+--------+------------------------------------------------------------------+------------------------------------------------------------------+
| CPU    | 3587f27cad382fa27d0c56b8bcd2e7ae2ee1052e3244bd2ac2958d7d19dc18c8 | 676b8d1c03117c4505dba905385175efc765cb0504c06772f574fe71b1ac749b |
| GPU    | 3587f27cad382fa27d0c56b8bcd2e7ae2ee1052e3244bd2ac2958d7d19dc18c8 | a4d98ac9ce38be0eb6211f5d4ca03bbae0c2134e02b7e8a6c71285140cab4db5 |
+--------+------------------------------------------------------------------+------------------------------------------------------------------+

[stage07] dtype evidence
+-----------------+--------------------+--------------+------------------------------------------------------------------+------------------------------------------------------------------+----------------------+
| requested_dtype | config_input_dtype | output_dtype | typed_array_digest                                               | actual_input_digest                                              | task_gpu_call_status |
+-----------------+--------------------+--------------+------------------------------------------------------------------+------------------------------------------------------------------+----------------------+
| FP32            | ComplexFP32        | FP32         | 9d303d666a88ab127b3ed33392188a543f0c1599b2cf7a8795acc1ba5456f203 | 3587f27cad382fa27d0c56b8bcd2e7ae2ee1052e3244bd2ac2958d7d19dc18c8 | proved_gpu_cpu       |
+-----------------+--------------------+--------------+------------------------------------------------------------------+------------------------------------------------------------------+----------------------+

[stage07] evidence files
+-------------+--------------------------------------------------------------------------------------------------------------------------------------------------------------------------------------------------------------------------------+
| kind        | path                                                                                                                                                                                                                           |
+-------------+--------------------------------------------------------------------------------------------------------------------------------------------------------------------------------------------------------------------------------+
| main_csv    | /tmp/ZKX_dev/results/stage07_b05_formal_2836c8d/formal/20260810T105057Z_2836c8dc200d_stage07_b05_formal_c7d48895/operator_main_results_fm_demod_not_applicable_20260810T105057Z_2836c8dc200d_stage07_b05_formal_c7d48895.csv   |
| timing_csv  | /tmp/ZKX_dev/results/stage07_b05_formal_2836c8d/formal/20260810T105057Z_2836c8dc200d_stage07_b05_formal_c7d48895/operator_timing_samples_fm_demod_not_applicable_20260810T105057Z_2836c8dc200d_stage07_b05_formal_c7d48895.csv |
| memory_csv  | /tmp/ZKX_dev/results/stage07_b05_formal_2836c8d/formal/20260810T105057Z_2836c8dc200d_stage07_b05_formal_c7d48895/operator_demod_fm_demod_memory_trace_not_applicable.csv                                                       |
| dtype_csv   | /tmp/ZKX_dev/results/stage07_b05_formal_2836c8d/formal/20260810T105057Z_2836c8dc200d_stage07_b05_formal_c7d48895/operator_dtype_evidence_fm_demod_not_applicable_20260810T105057Z_2836c8dc200d_stage07_b05_formal_c7d48895.csv |
| report_json | /tmp/ZKX_dev/results/stage07_b05_formal_2836c8d/formal/20260810T105057Z_2836c8dc200d_stage07_b05_formal_c7d48895/operator_fm_demod_report.json                                                                                 |
| summary_txt | /tmp/ZKX_dev/results/stage07_b05_formal_2836c8d/formal/20260810T105057Z_2836c8dc200d_stage07_b05_formal_c7d48895/operator_fm_demod_summary.txt                                                                                 |
| full_log    | /tmp/ZKX_dev/results/stage07_b05_formal_2836c8d/formal/20260810T105057Z_2836c8dc200d_stage07_b05_formal_c7d48895/operator_fm_demod_full.log                                                                                    |
| result_dir  | /tmp/ZKX_dev/results/stage07_b05_formal_2836c8d/formal/20260810T105057Z_2836c8dc200d_stage07_b05_formal_c7d48895                                                                                                               |
+-------------+--------------------------------------------------------------------------------------------------------------------------------------------------------------------------------------------------------------------------------+
