sample_index=0 cpu_pipeline_ms=51.8023 gpu_pipeline_ms=7.97928 cpu_resource_sampling_overhead_ms=0.133821 gpu_resource_sampling_overhead_ms=0.03229 semantic_gates=16/16 timing_direct=true resource_overhead_excluded=true step_sum_used=false status=PASS
sample_index=1 cpu_pipeline_ms=51.0814 gpu_pipeline_ms=8.33616 cpu_resource_sampling_overhead_ms=0.14582 gpu_resource_sampling_overhead_ms=0.03384 semantic_gates=16/16 timing_direct=true resource_overhead_excluded=true step_sum_used=false status=PASS
sample_index=2 cpu_pipeline_ms=51.4113 gpu_pipeline_ms=7.94182 cpu_resource_sampling_overhead_ms=0.1393 gpu_resource_sampling_overhead_ms=0.031932 semantic_gates=16/16 timing_direct=true resource_overhead_excluded=true step_sum_used=false status=PASS
sample_index=3 cpu_pipeline_ms=50.9135 gpu_pipeline_ms=7.96379 cpu_resource_sampling_overhead_ms=0.122153 gpu_resource_sampling_overhead_ms=0.03233 semantic_gates=16/16 timing_direct=true resource_overhead_excluded=true step_sum_used=false status=PASS
sample_index=4 cpu_pipeline_ms=51.6151 gpu_pipeline_ms=7.85389 cpu_resource_sampling_overhead_ms=0.130192 gpu_resource_sampling_overhead_ms=0.04267 semantic_gates=16/16 timing_direct=true resource_overhead_excluded=true step_sum_used=false status=PASS
sample_index=5 cpu_pipeline_ms=51.8658 gpu_pipeline_ms=7.90013 cpu_resource_sampling_overhead_ms=0.133081 gpu_resource_sampling_overhead_ms=0.03286 semantic_gates=16/16 timing_direct=true resource_overhead_excluded=true step_sum_used=false status=PASS
sample_index=6 cpu_pipeline_ms=51.1448 gpu_pipeline_ms=7.9175 cpu_resource_sampling_overhead_ms=0.129922 gpu_resource_sampling_overhead_ms=0.03244 semantic_gates=16/16 timing_direct=true resource_overhead_excluded=true step_sum_used=false status=PASS
sample_index=7 cpu_pipeline_ms=51.1898 gpu_pipeline_ms=7.90509 cpu_resource_sampling_overhead_ms=0.132232 gpu_resource_sampling_overhead_ms=0.032421 semantic_gates=16/16 timing_direct=true resource_overhead_excluded=true step_sum_used=false status=PASS
sample_index=8 cpu_pipeline_ms=51.2601 gpu_pipeline_ms=8.25524 cpu_resource_sampling_overhead_ms=0.139431 gpu_resource_sampling_overhead_ms=0.03251 semantic_gates=16/16 timing_direct=true resource_overhead_excluded=true step_sum_used=false status=PASS
sample_index=9 cpu_pipeline_ms=51.2028 gpu_pipeline_ms=7.89254 cpu_resource_sampling_overhead_ms=0.123481 gpu_resource_sampling_overhead_ms=0.03246 semantic_gates=16/16 timing_direct=true resource_overhead_excluded=true step_sum_used=false status=PASS
sample_index=10 cpu_pipeline_ms=51.5098 gpu_pipeline_ms=7.99439 cpu_resource_sampling_overhead_ms=0.13874 gpu_resource_sampling_overhead_ms=0.03278 semantic_gates=16/16 timing_direct=true resource_overhead_excluded=true step_sum_used=false status=PASS
sample_index=11 cpu_pipeline_ms=51.3118 gpu_pipeline_ms=8.41857 cpu_resource_sampling_overhead_ms=0.130881 gpu_resource_sampling_overhead_ms=0.031791 semantic_gates=16/16 timing_direct=true resource_overhead_excluded=true step_sum_used=false status=PASS
sample_index=12 cpu_pipeline_ms=51.1832 gpu_pipeline_ms=8.02115 cpu_resource_sampling_overhead_ms=0.150052 gpu_resource_sampling_overhead_ms=0.0323 semantic_gates=16/16 timing_direct=true resource_overhead_excluded=true step_sum_used=false status=PASS
sample_index=13 cpu_pipeline_ms=51.1247 gpu_pipeline_ms=7.9551 cpu_resource_sampling_overhead_ms=0.129942 gpu_resource_sampling_overhead_ms=0.032451 semantic_gates=16/16 timing_direct=true resource_overhead_excluded=true step_sum_used=false status=PASS
sample_index=14 cpu_pipeline_ms=51.1031 gpu_pipeline_ms=8.02587 cpu_resource_sampling_overhead_ms=0.12955 gpu_resource_sampling_overhead_ms=0.03302 semantic_gates=16/16 timing_direct=true resource_overhead_excluded=true step_sum_used=false status=PASS
sample_index=15 cpu_pipeline_ms=51.6946 gpu_pipeline_ms=8.13828 cpu_resource_sampling_overhead_ms=0.126381 gpu_resource_sampling_overhead_ms=0.03243 semantic_gates=16/16 timing_direct=true resource_overhead_excluded=true step_sum_used=false status=PASS
sample_index=16 cpu_pipeline_ms=51.0426 gpu_pipeline_ms=7.98911 cpu_resource_sampling_overhead_ms=0.1385 gpu_resource_sampling_overhead_ms=0.03263 semantic_gates=16/16 timing_direct=true resource_overhead_excluded=true step_sum_used=false status=PASS
sample_index=17 cpu_pipeline_ms=58.0826 gpu_pipeline_ms=7.86401 cpu_resource_sampling_overhead_ms=0.146732 gpu_resource_sampling_overhead_ms=0.032281 semantic_gates=16/16 timing_direct=true resource_overhead_excluded=true step_sum_used=false status=PASS
sample_index=18 cpu_pipeline_ms=51.472 gpu_pipeline_ms=7.94319 cpu_resource_sampling_overhead_ms=0.130982 gpu_resource_sampling_overhead_ms=0.032851 semantic_gates=16/16 timing_direct=true resource_overhead_excluded=true step_sum_used=false status=PASS
sample_index=19 cpu_pipeline_ms=51.3629 gpu_pipeline_ms=8.14844 cpu_resource_sampling_overhead_ms=0.137651 gpu_resource_sampling_overhead_ms=0.032791 semantic_gates=16/16 timing_direct=true resource_overhead_excluded=true step_sum_used=false status=PASS
sample_index=20 cpu_pipeline_ms=51.3493 gpu_pipeline_ms=7.8956 cpu_resource_sampling_overhead_ms=0.132121 gpu_resource_sampling_overhead_ms=0.03267 semantic_gates=16/16 timing_direct=true resource_overhead_excluded=true step_sum_used=false status=PASS
sample_index=21 cpu_pipeline_ms=51.3556 gpu_pipeline_ms=7.963 cpu_resource_sampling_overhead_ms=0.141091 gpu_resource_sampling_overhead_ms=0.032342 semantic_gates=16/16 timing_direct=true resource_overhead_excluded=true step_sum_used=false status=PASS
sample_index=22 cpu_pipeline_ms=51.6162 gpu_pipeline_ms=7.8584 cpu_resource_sampling_overhead_ms=0.138542 gpu_resource_sampling_overhead_ms=0.03251 semantic_gates=16/16 timing_direct=true resource_overhead_excluded=true step_sum_used=false status=PASS
sample_index=23 cpu_pipeline_ms=51.2403 gpu_pipeline_ms=7.81397 cpu_resource_sampling_overhead_ms=0.12704 gpu_resource_sampling_overhead_ms=0.03216 semantic_gates=16/16 timing_direct=true resource_overhead_excluded=true step_sum_used=false status=PASS
sample_index=24 cpu_pipeline_ms=53.5727 gpu_pipeline_ms=8.00634 cpu_resource_sampling_overhead_ms=0.13494 gpu_resource_sampling_overhead_ms=0.0327 semantic_gates=16/16 timing_direct=true resource_overhead_excluded=true step_sum_used=false status=PASS
sample_index=25 cpu_pipeline_ms=51.4479 gpu_pipeline_ms=8.00578 cpu_resource_sampling_overhead_ms=0.1542 gpu_resource_sampling_overhead_ms=0.03185 semantic_gates=16/16 timing_direct=true resource_overhead_excluded=true step_sum_used=false status=PASS
sample_index=26 cpu_pipeline_ms=51.0398 gpu_pipeline_ms=7.94356 cpu_resource_sampling_overhead_ms=0.129811 gpu_resource_sampling_overhead_ms=0.032511 semantic_gates=16/16 timing_direct=true resource_overhead_excluded=true step_sum_used=false status=PASS
sample_index=27 cpu_pipeline_ms=51.2911 gpu_pipeline_ms=7.87188 cpu_resource_sampling_overhead_ms=0.134332 gpu_resource_sampling_overhead_ms=0.03236 semantic_gates=16/16 timing_direct=true resource_overhead_excluded=true step_sum_used=false status=PASS
sample_index=28 cpu_pipeline_ms=51.2571 gpu_pipeline_ms=7.94493 cpu_resource_sampling_overhead_ms=0.126951 gpu_resource_sampling_overhead_ms=0.032221 semantic_gates=16/16 timing_direct=true resource_overhead_excluded=true step_sum_used=false status=PASS
sample_index=29 cpu_pipeline_ms=51.0589 gpu_pipeline_ms=8.01103 cpu_resource_sampling_overhead_ms=0.13819 gpu_resource_sampling_overhead_ms=0.03251 semantic_gates=16/16 timing_direct=true resource_overhead_excluded=true step_sum_used=false status=PASS
sample_index=30 cpu_pipeline_ms=53.3103 gpu_pipeline_ms=8.04431 cpu_resource_sampling_overhead_ms=0.144372 gpu_resource_sampling_overhead_ms=0.032472 semantic_gates=16/16 timing_direct=true resource_overhead_excluded=true step_sum_used=false status=PASS
sample_index=31 cpu_pipeline_ms=51.2167 gpu_pipeline_ms=7.94179 cpu_resource_sampling_overhead_ms=0.118931 gpu_resource_sampling_overhead_ms=0.03251 semantic_gates=16/16 timing_direct=true resource_overhead_excluded=true step_sum_used=false status=PASS
sample_index=32 cpu_pipeline_ms=51.3923 gpu_pipeline_ms=7.98058 cpu_resource_sampling_overhead_ms=0.132151 gpu_resource_sampling_overhead_ms=0.03272 semantic_gates=16/16 timing_direct=true resource_overhead_excluded=true step_sum_used=false status=PASS
sample_index=33 cpu_pipeline_ms=51.4244 gpu_pipeline_ms=7.85062 cpu_resource_sampling_overhead_ms=0.136171 gpu_resource_sampling_overhead_ms=0.03208 semantic_gates=16/16 timing_direct=true resource_overhead_excluded=true step_sum_used=false status=PASS
sample_index=34 cpu_pipeline_ms=50.9509 gpu_pipeline_ms=8.05448 cpu_resource_sampling_overhead_ms=0.15619 gpu_resource_sampling_overhead_ms=0.0326 semantic_gates=16/16 timing_direct=true resource_overhead_excluded=true step_sum_used=false status=PASS
sample_index=35 cpu_pipeline_ms=51.1007 gpu_pipeline_ms=7.92453 cpu_resource_sampling_overhead_ms=0.127401 gpu_resource_sampling_overhead_ms=0.03199 semantic_gates=16/16 timing_direct=true resource_overhead_excluded=true step_sum_used=false status=PASS
sample_index=36 cpu_pipeline_ms=51.1587 gpu_pipeline_ms=8.04907 cpu_resource_sampling_overhead_ms=0.128011 gpu_resource_sampling_overhead_ms=0.032161 semantic_gates=16/16 timing_direct=true resource_overhead_excluded=true step_sum_used=false status=PASS
sample_index=37 cpu_pipeline_ms=59.5157 gpu_pipeline_ms=7.89529 cpu_resource_sampling_overhead_ms=0.150051 gpu_resource_sampling_overhead_ms=0.03239 semantic_gates=16/16 timing_direct=true resource_overhead_excluded=true step_sum_used=false status=PASS
sample_index=38 cpu_pipeline_ms=51.3524 gpu_pipeline_ms=8.03887 cpu_resource_sampling_overhead_ms=0.14341 gpu_resource_sampling_overhead_ms=0.03264 semantic_gates=16/16 timing_direct=true resource_overhead_excluded=true step_sum_used=false status=PASS
sample_index=39 cpu_pipeline_ms=51.3287 gpu_pipeline_ms=8.02814 cpu_resource_sampling_overhead_ms=0.137701 gpu_resource_sampling_overhead_ms=0.032312 semantic_gates=16/16 timing_direct=true resource_overhead_excluded=true step_sum_used=false status=PASS
sample_index=40 cpu_pipeline_ms=51.9921 gpu_pipeline_ms=7.98015 cpu_resource_sampling_overhead_ms=0.138351 gpu_resource_sampling_overhead_ms=0.03214 semantic_gates=16/16 timing_direct=true resource_overhead_excluded=true step_sum_used=false status=PASS
sample_index=41 cpu_pipeline_ms=51.6103 gpu_pipeline_ms=8.25789 cpu_resource_sampling_overhead_ms=0.142602 gpu_resource_sampling_overhead_ms=0.03232 semantic_gates=16/16 timing_direct=true resource_overhead_excluded=true step_sum_used=false status=PASS
sample_index=42 cpu_pipeline_ms=51.5798 gpu_pipeline_ms=7.84511 cpu_resource_sampling_overhead_ms=0.138872 gpu_resource_sampling_overhead_ms=0.03184 semantic_gates=16/16 timing_direct=true resource_overhead_excluded=true step_sum_used=false status=PASS
sample_index=43 cpu_pipeline_ms=51.5848 gpu_pipeline_ms=7.9475 cpu_resource_sampling_overhead_ms=0.15129 gpu_resource_sampling_overhead_ms=0.03255 semantic_gates=16/16 timing_direct=true resource_overhead_excluded=true step_sum_used=false status=PASS
sample_index=44 cpu_pipeline_ms=51.2515 gpu_pipeline_ms=7.94975 cpu_resource_sampling_overhead_ms=0.12799 gpu_resource_sampling_overhead_ms=0.03209 semantic_gates=16/16 timing_direct=true resource_overhead_excluded=true step_sum_used=false status=PASS
sample_index=45 cpu_pipeline_ms=51.4444 gpu_pipeline_ms=7.97684 cpu_resource_sampling_overhead_ms=0.142222 gpu_resource_sampling_overhead_ms=0.032251 semantic_gates=16/16 timing_direct=true resource_overhead_excluded=true step_sum_used=false status=PASS
sample_index=46 cpu_pipeline_ms=51.4785 gpu_pipeline_ms=7.97564 cpu_resource_sampling_overhead_ms=0.13842 gpu_resource_sampling_overhead_ms=0.032331 semantic_gates=16/16 timing_direct=true resource_overhead_excluded=true step_sum_used=false status=PASS
sample_index=47 cpu_pipeline_ms=51.033 gpu_pipeline_ms=7.94981 cpu_resource_sampling_overhead_ms=0.148121 gpu_resource_sampling_overhead_ms=0.03203 semantic_gates=16/16 timing_direct=true resource_overhead_excluded=true step_sum_used=false status=PASS
sample_index=48 cpu_pipeline_ms=51.4225 gpu_pipeline_ms=8.02266 cpu_resource_sampling_overhead_ms=0.137671 gpu_resource_sampling_overhead_ms=0.032011 semantic_gates=16/16 timing_direct=true resource_overhead_excluded=true step_sum_used=false status=PASS
sample_index=49 cpu_pipeline_ms=51.3794 gpu_pipeline_ms=7.99155 cpu_resource_sampling_overhead_ms=0.133432 gpu_resource_sampling_overhead_ms=0.0326 semantic_gates=16/16 timing_direct=true resource_overhead_excluded=true step_sum_used=false status=PASS
sample_index=50 cpu_pipeline_ms=51.5341 gpu_pipeline_ms=8.27706 cpu_resource_sampling_overhead_ms=0.140521 gpu_resource_sampling_overhead_ms=0.03615 semantic_gates=16/16 timing_direct=true resource_overhead_excluded=true step_sum_used=false status=PASS
sample_index=51 cpu_pipeline_ms=51.8702 gpu_pipeline_ms=8.15914 cpu_resource_sampling_overhead_ms=0.14003 gpu_resource_sampling_overhead_ms=0.03247 semantic_gates=16/16 timing_direct=true resource_overhead_excluded=true step_sum_used=false status=PASS
sample_index=52 cpu_pipeline_ms=51.3326 gpu_pipeline_ms=7.98199 cpu_resource_sampling_overhead_ms=0.131361 gpu_resource_sampling_overhead_ms=0.03249 semantic_gates=16/16 timing_direct=true resource_overhead_excluded=true step_sum_used=false status=PASS
sample_index=53 cpu_pipeline_ms=51.272 gpu_pipeline_ms=8.04528 cpu_resource_sampling_overhead_ms=0.14784 gpu_resource_sampling_overhead_ms=0.032241 semantic_gates=16/16 timing_direct=true resource_overhead_excluded=true step_sum_used=false status=PASS
sample_index=54 cpu_pipeline_ms=51.2895 gpu_pipeline_ms=8.31823 cpu_resource_sampling_overhead_ms=0.14209 gpu_resource_sampling_overhead_ms=0.03182 semantic_gates=16/16 timing_direct=true resource_overhead_excluded=true step_sum_used=false status=PASS
sample_index=55 cpu_pipeline_ms=53.2092 gpu_pipeline_ms=8.30665 cpu_resource_sampling_overhead_ms=0.147311 gpu_resource_sampling_overhead_ms=0.03239 semantic_gates=16/16 timing_direct=true resource_overhead_excluded=true step_sum_used=false status=PASS
sample_index=56 cpu_pipeline_ms=51.2336 gpu_pipeline_ms=8.08659 cpu_resource_sampling_overhead_ms=0.14024 gpu_resource_sampling_overhead_ms=0.0319 semantic_gates=16/16 timing_direct=true resource_overhead_excluded=true step_sum_used=false status=PASS
sample_index=57 cpu_pipeline_ms=51.5829 gpu_pipeline_ms=7.93459 cpu_resource_sampling_overhead_ms=0.127952 gpu_resource_sampling_overhead_ms=0.032131 semantic_gates=16/16 timing_direct=true resource_overhead_excluded=true step_sum_used=false status=PASS
sample_index=58 cpu_pipeline_ms=51.7772 gpu_pipeline_ms=8.31966 cpu_resource_sampling_overhead_ms=0.135342 gpu_resource_sampling_overhead_ms=0.032111 semantic_gates=16/16 timing_direct=true resource_overhead_excluded=true step_sum_used=false status=PASS
sample_index=59 cpu_pipeline_ms=51.0041 gpu_pipeline_ms=8.25109 cpu_resource_sampling_overhead_ms=0.145852 gpu_resource_sampling_overhead_ms=0.033091 semantic_gates=16/16 timing_direct=true resource_overhead_excluded=true step_sum_used=false status=PASS
sample_index=60 cpu_pipeline_ms=51.2081 gpu_pipeline_ms=8.2701 cpu_resource_sampling_overhead_ms=0.146202 gpu_resource_sampling_overhead_ms=0.03271 semantic_gates=16/16 timing_direct=true resource_overhead_excluded=true step_sum_used=false status=PASS
sample_index=61 cpu_pipeline_ms=51.516 gpu_pipeline_ms=8.22064 cpu_resource_sampling_overhead_ms=0.131501 gpu_resource_sampling_overhead_ms=0.032391 semantic_gates=16/16 timing_direct=true resource_overhead_excluded=true step_sum_used=false status=PASS
sample_index=62 cpu_pipeline_ms=51.242 gpu_pipeline_ms=8.28589 cpu_resource_sampling_overhead_ms=0.137573 gpu_resource_sampling_overhead_ms=0.03201 semantic_gates=16/16 timing_direct=true resource_overhead_excluded=true step_sum_used=false status=PASS
sample_index=63 cpu_pipeline_ms=51.6516 gpu_pipeline_ms=8.19802 cpu_resource_sampling_overhead_ms=0.13422 gpu_resource_sampling_overhead_ms=0.03245 semantic_gates=16/16 timing_direct=true resource_overhead_excluded=true step_sum_used=false status=PASS
sample_index=64 cpu_pipeline_ms=51.0394 gpu_pipeline_ms=8.26433 cpu_resource_sampling_overhead_ms=0.155533 gpu_resource_sampling_overhead_ms=0.03218 semantic_gates=16/16 timing_direct=true resource_overhead_excluded=true step_sum_used=false status=PASS
sample_index=65 cpu_pipeline_ms=51.3796 gpu_pipeline_ms=8.38128 cpu_resource_sampling_overhead_ms=0.135191 gpu_resource_sampling_overhead_ms=0.03228 semantic_gates=16/16 timing_direct=true resource_overhead_excluded=true step_sum_used=false status=PASS
sample_index=66 cpu_pipeline_ms=51.8182 gpu_pipeline_ms=8.44492 cpu_resource_sampling_overhead_ms=0.13744 gpu_resource_sampling_overhead_ms=0.03226 semantic_gates=16/16 timing_direct=true resource_overhead_excluded=true step_sum_used=false status=PASS
sample_index=67 cpu_pipeline_ms=51.2508 gpu_pipeline_ms=8.50607 cpu_resource_sampling_overhead_ms=0.156552 gpu_resource_sampling_overhead_ms=0.03273 semantic_gates=16/16 timing_direct=true resource_overhead_excluded=true step_sum_used=false status=PASS
sample_index=68 cpu_pipeline_ms=51.6845 gpu_pipeline_ms=8.18093 cpu_resource_sampling_overhead_ms=0.136011 gpu_resource_sampling_overhead_ms=0.032891 semantic_gates=16/16 timing_direct=true resource_overhead_excluded=true step_sum_used=false status=PASS
sample_index=69 cpu_pipeline_ms=51.5403 gpu_pipeline_ms=8.07865 cpu_resource_sampling_overhead_ms=0.135181 gpu_resource_sampling_overhead_ms=0.03259 semantic_gates=16/16 timing_direct=true resource_overhead_excluded=true step_sum_used=false status=PASS
sample_index=70 cpu_pipeline_ms=51.2587 gpu_pipeline_ms=8.03484 cpu_resource_sampling_overhead_ms=0.13185 gpu_resource_sampling_overhead_ms=0.03219 semantic_gates=16/16 timing_direct=true resource_overhead_excluded=true step_sum_used=false status=PASS
sample_index=71 cpu_pipeline_ms=51.5322 gpu_pipeline_ms=8.0928 cpu_resource_sampling_overhead_ms=0.13399 gpu_resource_sampling_overhead_ms=0.0323 semantic_gates=16/16 timing_direct=true resource_overhead_excluded=true step_sum_used=false status=PASS
sample_index=72 cpu_pipeline_ms=51.2484 gpu_pipeline_ms=8.02336 cpu_resource_sampling_overhead_ms=0.13165 gpu_resource_sampling_overhead_ms=0.03215 semantic_gates=16/16 timing_direct=true resource_overhead_excluded=true step_sum_used=false status=PASS
sample_index=73 cpu_pipeline_ms=51.6755 gpu_pipeline_ms=8.01886 cpu_resource_sampling_overhead_ms=0.139633 gpu_resource_sampling_overhead_ms=0.0328 semantic_gates=16/16 timing_direct=true resource_overhead_excluded=true step_sum_used=false status=PASS
sample_index=74 cpu_pipeline_ms=51.7213 gpu_pipeline_ms=8.11675 cpu_resource_sampling_overhead_ms=0.134881 gpu_resource_sampling_overhead_ms=0.03232 semantic_gates=16/16 timing_direct=true resource_overhead_excluded=true step_sum_used=false status=PASS
sample_index=75 cpu_pipeline_ms=51.3395 gpu_pipeline_ms=8.20396 cpu_resource_sampling_overhead_ms=0.128571 gpu_resource_sampling_overhead_ms=0.03239 semantic_gates=16/16 timing_direct=true resource_overhead_excluded=true step_sum_used=false status=PASS
sample_index=76 cpu_pipeline_ms=51.4382 gpu_pipeline_ms=7.99236 cpu_resource_sampling_overhead_ms=0.126891 gpu_resource_sampling_overhead_ms=0.03311 semantic_gates=16/16 timing_direct=true resource_overhead_excluded=true step_sum_used=false status=PASS
sample_index=77 cpu_pipeline_ms=139.561 gpu_pipeline_ms=8.02679 cpu_resource_sampling_overhead_ms=0.154181 gpu_resource_sampling_overhead_ms=0.03262 semantic_gates=16/16 timing_direct=true resource_overhead_excluded=true step_sum_used=false status=PASS
sample_index=78 cpu_pipeline_ms=51.6666 gpu_pipeline_ms=7.93344 cpu_resource_sampling_overhead_ms=0.13155 gpu_resource_sampling_overhead_ms=0.03231 semantic_gates=16/16 timing_direct=true resource_overhead_excluded=true step_sum_used=false status=PASS
sample_index=79 cpu_pipeline_ms=52.4112 gpu_pipeline_ms=7.97305 cpu_resource_sampling_overhead_ms=0.143341 gpu_resource_sampling_overhead_ms=0.032771 semantic_gates=16/16 timing_direct=true resource_overhead_excluded=true step_sum_used=false status=PASS
sample_index=80 cpu_pipeline_ms=51.2481 gpu_pipeline_ms=8.16038 cpu_resource_sampling_overhead_ms=0.134421 gpu_resource_sampling_overhead_ms=0.03219 semantic_gates=16/16 timing_direct=true resource_overhead_excluded=true step_sum_used=false status=PASS
sample_index=81 cpu_pipeline_ms=51.5269 gpu_pipeline_ms=7.93086 cpu_resource_sampling_overhead_ms=0.14041 gpu_resource_sampling_overhead_ms=0.031951 semantic_gates=16/16 timing_direct=true resource_overhead_excluded=true step_sum_used=false status=PASS
sample_index=82 cpu_pipeline_ms=51.4105 gpu_pipeline_ms=7.95226 cpu_resource_sampling_overhead_ms=0.144872 gpu_resource_sampling_overhead_ms=0.03215 semantic_gates=16/16 timing_direct=true resource_overhead_excluded=true step_sum_used=false status=PASS
sample_index=83 cpu_pipeline_ms=51.0145 gpu_pipeline_ms=7.91153 cpu_resource_sampling_overhead_ms=0.1335 gpu_resource_sampling_overhead_ms=0.032671 semantic_gates=16/16 timing_direct=true resource_overhead_excluded=true step_sum_used=false status=PASS
sample_index=84 cpu_pipeline_ms=51.4727 gpu_pipeline_ms=7.84142 cpu_resource_sampling_overhead_ms=0.1326 gpu_resource_sampling_overhead_ms=0.03188 semantic_gates=16/16 timing_direct=true resource_overhead_excluded=true step_sum_used=false status=PASS
sample_index=85 cpu_pipeline_ms=51.3191 gpu_pipeline_ms=7.96338 cpu_resource_sampling_overhead_ms=0.132152 gpu_resource_sampling_overhead_ms=0.03199 semantic_gates=16/16 timing_direct=true resource_overhead_excluded=true step_sum_used=false status=PASS
sample_index=86 cpu_pipeline_ms=51.9094 gpu_pipeline_ms=7.83431 cpu_resource_sampling_overhead_ms=0.149272 gpu_resource_sampling_overhead_ms=0.03311 semantic_gates=16/16 timing_direct=true resource_overhead_excluded=true step_sum_used=false status=PASS
sample_index=87 cpu_pipeline_ms=51.205 gpu_pipeline_ms=8.1328 cpu_resource_sampling_overhead_ms=0.13474 gpu_resource_sampling_overhead_ms=0.0327 semantic_gates=16/16 timing_direct=true resource_overhead_excluded=true step_sum_used=false status=PASS
sample_index=88 cpu_pipeline_ms=51.1002 gpu_pipeline_ms=8.11326 cpu_resource_sampling_overhead_ms=0.137541 gpu_resource_sampling_overhead_ms=0.03254 semantic_gates=16/16 timing_direct=true resource_overhead_excluded=true step_sum_used=false status=PASS
sample_index=89 cpu_pipeline_ms=51.9464 gpu_pipeline_ms=7.97236 cpu_resource_sampling_overhead_ms=0.154261 gpu_resource_sampling_overhead_ms=0.03245 semantic_gates=16/16 timing_direct=true resource_overhead_excluded=true step_sum_used=false status=PASS
sample_index=90 cpu_pipeline_ms=51.3983 gpu_pipeline_ms=7.99083 cpu_resource_sampling_overhead_ms=0.138311 gpu_resource_sampling_overhead_ms=0.03251 semantic_gates=16/16 timing_direct=true resource_overhead_excluded=true step_sum_used=false status=PASS
sample_index=91 cpu_pipeline_ms=51.8304 gpu_pipeline_ms=8.83967 cpu_resource_sampling_overhead_ms=0.138342 gpu_resource_sampling_overhead_ms=0.033042 semantic_gates=16/16 timing_direct=true resource_overhead_excluded=true step_sum_used=false status=PASS
sample_index=92 cpu_pipeline_ms=51.5388 gpu_pipeline_ms=8.02491 cpu_resource_sampling_overhead_ms=0.13773 gpu_resource_sampling_overhead_ms=0.03284 semantic_gates=16/16 timing_direct=true resource_overhead_excluded=true step_sum_used=false status=PASS
sample_index=93 cpu_pipeline_ms=51.2071 gpu_pipeline_ms=8.27229 cpu_resource_sampling_overhead_ms=0.147951 gpu_resource_sampling_overhead_ms=0.03266 semantic_gates=16/16 timing_direct=true resource_overhead_excluded=true step_sum_used=false status=PASS
sample_index=94 cpu_pipeline_ms=51.2819 gpu_pipeline_ms=8.64624 cpu_resource_sampling_overhead_ms=0.13022 gpu_resource_sampling_overhead_ms=0.03227 semantic_gates=16/16 timing_direct=true resource_overhead_excluded=true step_sum_used=false status=PASS
sample_index=95 cpu_pipeline_ms=51.3177 gpu_pipeline_ms=7.96401 cpu_resource_sampling_overhead_ms=0.13144 gpu_resource_sampling_overhead_ms=0.03267 semantic_gates=16/16 timing_direct=true resource_overhead_excluded=true step_sum_used=false status=PASS
sample_index=96 cpu_pipeline_ms=51.9769 gpu_pipeline_ms=8.09123 cpu_resource_sampling_overhead_ms=0.13804 gpu_resource_sampling_overhead_ms=0.032831 semantic_gates=16/16 timing_direct=true resource_overhead_excluded=true step_sum_used=false status=PASS
sample_index=97 cpu_pipeline_ms=51.1202 gpu_pipeline_ms=8.20841 cpu_resource_sampling_overhead_ms=0.161 gpu_resource_sampling_overhead_ms=0.0337 semantic_gates=16/16 timing_direct=true resource_overhead_excluded=true step_sum_used=false status=PASS
sample_index=98 cpu_pipeline_ms=53.8279 gpu_pipeline_ms=8.44645 cpu_resource_sampling_overhead_ms=0.162082 gpu_resource_sampling_overhead_ms=0.03302 semantic_gates=16/16 timing_direct=true resource_overhead_excluded=true step_sum_used=false status=PASS
sample_index=99 cpu_pipeline_ms=51.2981 gpu_pipeline_ms=8.28544 cpu_resource_sampling_overhead_ms=0.131082 gpu_resource_sampling_overhead_ms=0.03296 semantic_gates=16/16 timing_direct=true resource_overhead_excluded=true step_sum_used=false status=PASS
function=Task2 frozen full six-step pipeline
call_chain=Step1->Step2;Step2+Step1->Step3;Step3 dual outputs->Step4;Step4->Step5;Step5+Step4+Kalman/delay->Step6
timing=pipeline_total measured directly;not=sum(step timings)
cpu_correlation_method=direct_parallel_exact workers=255
resource_sampling_mode=same_pipeline_execution
status=PASS return_code=0
