command=build_stage08_b03_hilbert2_0b2008e7f76a/stage08_filtering_hilbert2 --dtype INT16 --rows 10 --cols 10 --seed 83240001 --warmup 20 --measured 100 --output /tmp/ZKX_dev/results/stage08_table_rerun_hilbert2_47ebe13410d3/formal/20260810T032839Z_47ebe13410d3_stage08_b03_formal_88320009/hilbert2_probe_raw.json
STAGE08_HILBERT2_PROBE PASS dtype=INT16 shape=10x10 backend=fft_thrust
{"actual_input_digest": "26daf1f2a0f56dca7b17af77cd9bb5fe64e553bc742b598bba37d04982fc64e8", "backend": "fft_thrust", "case_id": "hilbert2__hilbert2_int16_10e2__26daf1f2a0f56dca", "compute_dtype": "FP32", "dtype_semantics": "actual_typed_array_input_fp32_fft2d_extension", "error_code": "OK", "fft_dtype": "ComplexFP32", "measured_runs": 100, "metrics": {"mse": 1.1478218552080884e-11, "relative_l2": 3.898318836794278e-07, "relative_linf": 3.9216498954955845e-07, "rmse": 3.3879519701555517e-06}, "operator_name": "hilbert2", "output_dtype": "ComplexFP64", "requested_dtype": "INT16", "run_id": "20260810T032839Z_47ebe13410d3_stage08_b03_formal_88320009", "scale_id": "hilbert2_int16_10e2", "schema_version": 1, "status": "PASS", "typed_input_count": 1, "typed_input_names": "x", "warmup_runs": 20}
[stage08] identity and status
+----------+---------------------+--------+------------+-------+--------+----------+--------------------------+--------+------------+
| target   | scale_id            | device | backend    | dtype | warmup | measured | timing_scope             | status | error_code |
+----------+---------------------+--------+------------+-------+--------+----------+--------------------------+--------+------------+
| hilbert2 | hilbert2_int16_10e2 | CPU    | fft_thrust | INT16 | 20     | 100      | compatibility/end-to-end | PASS   | OK         |
| hilbert2 | hilbert2_int16_10e2 | GPU    | fft_thrust | INT16 | 20     | 100      | compatibility/end-to-end | PASS   | OK         |
+----------+---------------------+--------+------------+-------+--------+----------+--------------------------+--------+------------+

[stage08] timing detail
+--------+---------------------+---------------------+---------------------+---------------------+-----------+---------------------+----------------------+----------------------+---------------------+
| device | mean_ms             | p50_ms              | p95_ms              | p99_ms              | min_ms    | max_ms              | std_ms               | cv                   | speedup             |
+--------+---------------------+---------------------+---------------------+---------------------+-----------+---------------------+----------------------+----------------------+---------------------+
| CPU    | 0.79840317999999999 | 0.79492600000000002 | 0.80711949999999999 | 0.86266112000000028 | 0.790655  | 0.91049000000000002 | 0.013717839346908829 | 0.017181594074949489 | NA                  |
| GPU    | 25.809523290000001  | 23.410054500000001  | 32.852426049999998  | 33.0297494          | 23.232239 | 33.350152999999999  | 4.0604722424206257   | 0.15732457344510006  | 0.03093444117618958 |
+--------+---------------------+---------------------+---------------------+---------------------+-----------+---------------------+----------------------+----------------------+---------------------+

[stage08] accuracy detail
+-------------------------------+------------------------+------------------------+------------------------+------------------------+-------------+----------------+-------------------------------------------------------------------------------------------------------+--------+
| accuracy_reference            | mse                    | rmse                   | relative_l2            | relative_linf          | exact_match | mismatch_count | semantic_check                                                                                        | status |
+-------------------------------+------------------------+------------------------+------------------------+------------------------+-------------+----------------+-------------------------------------------------------------------------------------------------------+--------+
| cpu_typed_double_direct_dft2d | 1.1478218552080884e-11 | 3.3879519701555517e-06 | 3.8983188367942778e-07 | 3.9216498954955845e-07 | NA          | NA             | finite_analytic_signal_shape_and_output_dtype_match_cpu:shape=[10, 10];fft_shape=[10, 10];finite=true | PASS   |
+-------------------------------+------------------------+------------------------+------------------------+------------------------+-------------+----------------+-------------------------------------------------------------------------------------------------------+--------+

[stage08] resource detail
+--------+------------+--------------+-------------+------------+-------------+
| device | metric     | before_bytes | after_bytes | peak_bytes | delta_bytes |
+--------+------------+--------------+-------------+------------+-------------+
| CPU    | cpu_heap   | 1949664      | 1956032     | 1956528    | 6368        |
| CPU    | rss        | 71405568     | 71405568    | 71405568   | 0           |
| GPU    | cpu_heap   | 1956032      | 1959248     | 1959248    | 3216        |
| GPU    | rss        | 71405568     | 71405568    | 71405568   | 0           |
| GPU    | gpu_memory | 341000192    | 341000192   | 341000192  | 0           |
+--------+------------+--------------+-------------+------------+-------------+

[stage08] input/output identity
+--------+------------------------------------------------------------------+------------------------------------------------------------------+
| device | input_digest                                                     | output_digest                                                    |
+--------+------------------------------------------------------------------+------------------------------------------------------------------+
| CPU    | 26daf1f2a0f56dca7b17af77cd9bb5fe64e553bc742b598bba37d04982fc64e8 | 36cea44eb4a786880a7f37919ee69a2f6d8dddc7962930c4a8c556a329908c24 |
| GPU    | 26daf1f2a0f56dca7b17af77cd9bb5fe64e553bc742b598bba37d04982fc64e8 | 49d8e7f47b48611cefee1721921c8a81128d22a10c4a641e9a4f71e375da2ba7 |
+--------+------------------------------------------------------------------+------------------------------------------------------------------+

[stage08] dtype evidence
+-----------------+--------------------+--------------+------------------------------------------------------------------+--------+
| requested_dtype | config_input_dtype | output_dtype | actual_input_digest                                              | status |
+-----------------+--------------------+--------------+------------------------------------------------------------------+--------+
| INT16           | NA                 | ComplexFP64  | 26daf1f2a0f56dca7b17af77cd9bb5fe64e553bc742b598bba37d04982fc64e8 | PASS   |
+-----------------+--------------------+--------------+------------------------------------------------------------------+--------+

[stage08] evidence files
+----------------+-------------------------------------------------------------------------------------------------------------------------------------------------------------------------------------------------------------------------------------------+
| kind           | path                                                                                                                                                                                                                                      |
+----------------+-------------------------------------------------------------------------------------------------------------------------------------------------------------------------------------------------------------------------------------------+
| probe_raw_json | /tmp/ZKX_dev/results/stage08_table_rerun_hilbert2_47ebe13410d3/formal/20260810T032839Z_47ebe13410d3_stage08_b03_formal_88320009/hilbert2_probe_raw.json                                                                                   |
| dtype_csv      | /tmp/ZKX_dev/results/stage08_table_rerun_hilbert2_47ebe13410d3/formal/20260810T032839Z_47ebe13410d3_stage08_b03_formal_88320009/operator_dtype_evidence_hilbert2_fft_thrust_20260810T032839Z_47ebe13410d3_stage08_b03_formal_88320009.csv |
| memory_csv     | /tmp/ZKX_dev/results/stage08_table_rerun_hilbert2_47ebe13410d3/formal/20260810T032839Z_47ebe13410d3_stage08_b03_formal_88320009/operator_filtering_hilbert2_memory_trace_fft_thrust.csv                                                   |
| full_log       | /tmp/ZKX_dev/results/stage08_table_rerun_hilbert2_47ebe13410d3/formal/20260810T032839Z_47ebe13410d3_stage08_b03_formal_88320009/operator_hilbert2_full.log                                                                                |
| report_json    | /tmp/ZKX_dev/results/stage08_table_rerun_hilbert2_47ebe13410d3/formal/20260810T032839Z_47ebe13410d3_stage08_b03_formal_88320009/operator_hilbert2_report.json                                                                             |
| summary_txt    | /tmp/ZKX_dev/results/stage08_table_rerun_hilbert2_47ebe13410d3/formal/20260810T032839Z_47ebe13410d3_stage08_b03_formal_88320009/operator_hilbert2_summary.txt                                                                             |
| main_csv       | /tmp/ZKX_dev/results/stage08_table_rerun_hilbert2_47ebe13410d3/formal/20260810T032839Z_47ebe13410d3_stage08_b03_formal_88320009/operator_main_results_hilbert2_fft_thrust_20260810T032839Z_47ebe13410d3_stage08_b03_formal_88320009.csv   |
| timing_csv     | /tmp/ZKX_dev/results/stage08_table_rerun_hilbert2_47ebe13410d3/formal/20260810T032839Z_47ebe13410d3_stage08_b03_formal_88320009/operator_timing_samples_hilbert2_fft_thrust_20260810T032839Z_47ebe13410d3_stage08_b03_formal_88320009.csv |
+----------------+-------------------------------------------------------------------------------------------------------------------------------------------------------------------------------------------------------------------------------------------+
