command=build_stage08_b04_resample_poly_a6a399dddc61/stage08_filtering_resample_poly --dtype FP32 --rows 32 --cols 32 --axis 1 --up 2 --down 2 --filter-mode identity --seed 84310002 --warmup 20 --measured 100 --output /tmp/ZKX_dev/results/stage08_input_preview_b04_resample_poly_db927ed96663/formal/20260810T083717Z_db927ed96663_stage08_b04_formal_b4040002/resample_poly_probe_raw.json
STAGE08_RESAMPLE_POLY_PROBE PASS dtype=FP32 filter=identity backend=not_applicable
{"actual_input_digest": "56ed140826dd5bc59bc6a5764e0296700f6568b9b5eab788a26c4b4c832976b6", "axis": 1, "backend": "not_applicable", "case_id": "resample_poly__resample_poly_fp32_10e3__56ed140826dd5bc5", "compute_dtype": "identity_copy", "down": 2, "dtype_semantics": "actual_typed_array_input", "error_code": "OK", "fft_dtype": "not_applicable", "filter_mode": "identity", "measured_runs": 100, "mse": 0, "operator_name": "resample_poly", "output_dtype": "FP32", "relative_l2": 0, "relative_linf": 0, "requested_dtype": "FP32", "rmse": 0, "run_id": "20260810T083717Z_db927ed96663_stage08_b04_formal_b4040002", "scale_id": "resample_poly_fp32_10e3", "schema_version": 1, "status": "PASS", "typed_input_count": 1, "typed_input_names": "x", "up": 2, "warmup_runs": 20}
[stage08] identity and status
+---------------+-------------------------+--------+----------------+-------+--------+----------+--------------------------+--------+------------+
| target        | scale_id                | device | backend        | dtype | warmup | measured | timing_scope             | status | error_code |
+---------------+-------------------------+--------+----------------+-------+--------+----------+--------------------------+--------+------------+
| resample_poly | resample_poly_fp32_10e3 | CPU    | not_applicable | FP32  | 20     | 100      | compatibility/end-to-end | PASS   | OK         |
| resample_poly | resample_poly_fp32_10e3 | GPU    | not_applicable | FP32  | 20     | 100      | compatibility/end-to-end | PASS   | OK         |
+---------------+-------------------------+--------+----------------+-------+--------+----------+--------------------------+--------+------------+

[stage08] timing detail
+--------+---------------------+----------+---------------------+-----------------------+-----------------------+---------------------+------------------------+----------------------+-----------------------+
| device | mean_ms             | p50_ms   | p95_ms              | p99_ms                | min_ms                | max_ms              | std_ms                 | cv                   | speedup               |
+--------+---------------------+----------+---------------------+-----------------------+-----------------------+---------------------+------------------------+----------------------+-----------------------+
| CPU    | 0.0017504           | 0.00172  | 0.0018              | 0.0018991000000000097 | 0.0016800000000000001 | 0.00379             | 0.00020763872471193806 | 0.11862358587290794  | NA                    |
| GPU    | 0.26547764000000001 | 0.259656 | 0.31552944999999999 | 0.32704370000000005   | 0.25301200000000001   | 0.32731100000000002 | 0.01681803868619644    | 0.063350113727831989 | 0.0065933989770287247 |
+--------+---------------------+----------+---------------------+-----------------------+-----------------------+---------------------+------------------------+----------------------+-----------------------+

[stage08] accuracy detail
+-----------------------------+-----+------+-------------+---------------+-------------+----------------+-------------------------------------------------------------------------------------+--------+
| accuracy_reference          | mse | rmse | relative_l2 | relative_linf | exact_match | mismatch_count | semantic_check                                                                      | status |
+-----------------------------+-----+------+-------------+---------------+-------------+----------------+-------------------------------------------------------------------------------------+--------+
| cpu_resample_poly_reference | 0   | 0    | 0           | 0             | NA          | NA             | shape_ratio_filter_mode_and_output_dtype_match_cpu:filter=identity;ratio=2/2;axis=1 | PASS   |
+-----------------------------+-----+------+-------------+---------------+-------------+----------------+-------------------------------------------------------------------------------------+--------+

[stage08] resource detail
+--------+------------+--------------+-------------+------------+-------------+
| device | metric     | before_bytes | after_bytes | peak_bytes | delta_bytes |
+--------+------------+--------------+-------------+------------+-------------+
| CPU    | cpu_heap   | 1337248      | 1339952     | 1344064    | 2704        |
| CPU    | rss        | 69304320     | 69304320    | 69304320   | 0           |
| GPU    | cpu_heap   | 1341728      | 1354176     | 1354176    | 12448       |
| GPU    | rss        | 69304320     | 69304320    | 69304320   | 0           |
| GPU    | gpu_memory | 391544832    | 391544832   | 391544832  | 0           |
+--------+------------+--------------+-------------+------------+-------------+

[stage08] input/output identity
+--------+------------------------------------------------------------------+------------------------------------------------------------------+
| device | input_digest                                                     | output_digest                                                    |
+--------+------------------------------------------------------------------+------------------------------------------------------------------+
| CPU    | 56ed140826dd5bc59bc6a5764e0296700f6568b9b5eab788a26c4b4c832976b6 | 74c66de57a355786e743551488da2845a85209f9c760a67f3efb7faa81e63ffe |
| GPU    | 56ed140826dd5bc59bc6a5764e0296700f6568b9b5eab788a26c4b4c832976b6 | 74c66de57a355786e743551488da2845a85209f9c760a67f3efb7faa81e63ffe |
+--------+------------------------------------------------------------------+------------------------------------------------------------------+

[stage08] input content
+------------+---------+-------+----------+-----------------------------------------------------+----------------------------------------------------------+
| input_name | shape   | dtype | elements | generator                                           | values(head4/tail2)                                      |
+------------+---------+-------+----------+-----------------------------------------------------+----------------------------------------------------------+
| x          | [32x32] | FP32  | 1024     | resample_poly_modular(seed=84310002,integral=false) | i=0:0.5;i=1:-0.75;i=2:0.75;i=3:-0.5;i=1022:-1;i=1023:0.5 |
+------------+---------+-------+----------+-----------------------------------------------------+----------------------------------------------------------+

[stage08] case parameters
+--------------------------------------------------------------------------------------------------------------------+
| parameters                                                                                                         |
+--------------------------------------------------------------------------------------------------------------------+
| {"axis":"1","cols":"32","down":"2","dtype":"FP32","filter-mode":"identity","rows":"32","seed":"84310002","up":"2"} |
+--------------------------------------------------------------------------------------------------------------------+

[stage08] dtype evidence
+-----------------+--------------------+--------------+------------------------------------------------------------------+--------+
| requested_dtype | config_input_dtype | output_dtype | actual_input_digest                                              | status |
+-----------------+--------------------+--------------+------------------------------------------------------------------+--------+
| FP32            | NA                 | FP32         | 56ed140826dd5bc59bc6a5764e0296700f6568b9b5eab788a26c4b4c832976b6 | PASS   |
+-----------------+--------------------+--------------+------------------------------------------------------------------+--------+

[stage08] evidence files
+----------------+---------------------------------------------------------------------------------------------------------------------------------------------------------------------------------------------------------------------------------------------------------------+
| kind           | path                                                                                                                                                                                                                                                          |
+----------------+---------------------------------------------------------------------------------------------------------------------------------------------------------------------------------------------------------------------------------------------------------------+
| dtype_csv      | /tmp/ZKX_dev/results/stage08_input_preview_b04_resample_poly_db927ed96663/formal/20260810T083717Z_db927ed96663_stage08_b04_formal_b4040002/operator_dtype_evidence_resample_poly_not_applicable_20260810T083717Z_db927ed96663_stage08_b04_formal_b4040002.csv |
| memory_csv     | /tmp/ZKX_dev/results/stage08_input_preview_b04_resample_poly_db927ed96663/formal/20260810T083717Z_db927ed96663_stage08_b04_formal_b4040002/operator_filtering_resample_poly_memory_trace_not_applicable.csv                                                   |
| main_csv       | /tmp/ZKX_dev/results/stage08_input_preview_b04_resample_poly_db927ed96663/formal/20260810T083717Z_db927ed96663_stage08_b04_formal_b4040002/operator_main_results_resample_poly_not_applicable_20260810T083717Z_db927ed96663_stage08_b04_formal_b4040002.csv   |
| full_log       | /tmp/ZKX_dev/results/stage08_input_preview_b04_resample_poly_db927ed96663/formal/20260810T083717Z_db927ed96663_stage08_b04_formal_b4040002/operator_resample_poly_full.log                                                                                    |
| report_json    | /tmp/ZKX_dev/results/stage08_input_preview_b04_resample_poly_db927ed96663/formal/20260810T083717Z_db927ed96663_stage08_b04_formal_b4040002/operator_resample_poly_report.json                                                                                 |
| summary_txt    | /tmp/ZKX_dev/results/stage08_input_preview_b04_resample_poly_db927ed96663/formal/20260810T083717Z_db927ed96663_stage08_b04_formal_b4040002/operator_resample_poly_summary.txt                                                                                 |
| timing_csv     | /tmp/ZKX_dev/results/stage08_input_preview_b04_resample_poly_db927ed96663/formal/20260810T083717Z_db927ed96663_stage08_b04_formal_b4040002/operator_timing_samples_resample_poly_not_applicable_20260810T083717Z_db927ed96663_stage08_b04_formal_b4040002.csv |
| probe_raw_json | /tmp/ZKX_dev/results/stage08_input_preview_b04_resample_poly_db927ed96663/formal/20260810T083717Z_db927ed96663_stage08_b04_formal_b4040002/resample_poly_probe_raw.json                                                                                       |
+----------------+---------------------------------------------------------------------------------------------------------------------------------------------------------------------------------------------------------------------------------------------------------------+
