sample_index=0 cpu_pipeline_ms=403.308 gpu_pipeline_ms=58.3692 cpu_resource_sampling_overhead_ms=0.474689 gpu_resource_sampling_overhead_ms=0.03453 semantic_gates=16/16 timing_direct=true resource_overhead_excluded=true step_sum_used=false status=PASS
sample_index=1 cpu_pipeline_ms=395.783 gpu_pipeline_ms=57.5673 cpu_resource_sampling_overhead_ms=0.21179 gpu_resource_sampling_overhead_ms=0.03199 semantic_gates=16/16 timing_direct=true resource_overhead_excluded=true step_sum_used=false status=PASS
sample_index=2 cpu_pipeline_ms=398.259 gpu_pipeline_ms=56.5364 cpu_resource_sampling_overhead_ms=0.29305 gpu_resource_sampling_overhead_ms=0.03407 semantic_gates=16/16 timing_direct=true resource_overhead_excluded=true step_sum_used=false status=PASS
sample_index=3 cpu_pipeline_ms=397.18 gpu_pipeline_ms=56.1393 cpu_resource_sampling_overhead_ms=0.17283 gpu_resource_sampling_overhead_ms=0.03234 semantic_gates=16/16 timing_direct=true resource_overhead_excluded=true step_sum_used=false status=PASS
sample_index=4 cpu_pipeline_ms=393.518 gpu_pipeline_ms=56.2979 cpu_resource_sampling_overhead_ms=0.19241 gpu_resource_sampling_overhead_ms=0.03436 semantic_gates=16/16 timing_direct=true resource_overhead_excluded=true step_sum_used=false status=PASS
sample_index=5 cpu_pipeline_ms=394.152 gpu_pipeline_ms=56.0388 cpu_resource_sampling_overhead_ms=0.1663 gpu_resource_sampling_overhead_ms=0.03272 semantic_gates=16/16 timing_direct=true resource_overhead_excluded=true step_sum_used=false status=PASS
sample_index=6 cpu_pipeline_ms=402.53 gpu_pipeline_ms=56.6317 cpu_resource_sampling_overhead_ms=0.22037 gpu_resource_sampling_overhead_ms=0.03172 semantic_gates=16/16 timing_direct=true resource_overhead_excluded=true step_sum_used=false status=PASS
sample_index=7 cpu_pipeline_ms=396.338 gpu_pipeline_ms=58.5528 cpu_resource_sampling_overhead_ms=0.19616 gpu_resource_sampling_overhead_ms=0.03288 semantic_gates=16/16 timing_direct=true resource_overhead_excluded=true step_sum_used=false status=PASS
sample_index=8 cpu_pipeline_ms=397.764 gpu_pipeline_ms=56.428 cpu_resource_sampling_overhead_ms=0.19192 gpu_resource_sampling_overhead_ms=0.0321 semantic_gates=16/16 timing_direct=true resource_overhead_excluded=true step_sum_used=false status=PASS
sample_index=9 cpu_pipeline_ms=397.135 gpu_pipeline_ms=56.0121 cpu_resource_sampling_overhead_ms=0.1729 gpu_resource_sampling_overhead_ms=0.03181 semantic_gates=16/16 timing_direct=true resource_overhead_excluded=true step_sum_used=false status=PASS
sample_index=10 cpu_pipeline_ms=401.474 gpu_pipeline_ms=56.3019 cpu_resource_sampling_overhead_ms=0.21356 gpu_resource_sampling_overhead_ms=0.03298 semantic_gates=16/16 timing_direct=true resource_overhead_excluded=true step_sum_used=false status=PASS
sample_index=11 cpu_pipeline_ms=401.423 gpu_pipeline_ms=56.3914 cpu_resource_sampling_overhead_ms=0.19206 gpu_resource_sampling_overhead_ms=0.03237 semantic_gates=16/16 timing_direct=true resource_overhead_excluded=true step_sum_used=false status=PASS
sample_index=12 cpu_pipeline_ms=398.224 gpu_pipeline_ms=56.2706 cpu_resource_sampling_overhead_ms=0.17833 gpu_resource_sampling_overhead_ms=0.03357 semantic_gates=16/16 timing_direct=true resource_overhead_excluded=true step_sum_used=false status=PASS
sample_index=13 cpu_pipeline_ms=397.086 gpu_pipeline_ms=56.1811 cpu_resource_sampling_overhead_ms=0.18217 gpu_resource_sampling_overhead_ms=0.0324 semantic_gates=16/16 timing_direct=true resource_overhead_excluded=true step_sum_used=false status=PASS
sample_index=14 cpu_pipeline_ms=394.736 gpu_pipeline_ms=55.982 cpu_resource_sampling_overhead_ms=0.17997 gpu_resource_sampling_overhead_ms=0.03289 semantic_gates=16/16 timing_direct=true resource_overhead_excluded=true step_sum_used=false status=PASS
sample_index=15 cpu_pipeline_ms=394.474 gpu_pipeline_ms=56.6823 cpu_resource_sampling_overhead_ms=0.19234 gpu_resource_sampling_overhead_ms=0.033031 semantic_gates=16/16 timing_direct=true resource_overhead_excluded=true step_sum_used=false status=PASS
sample_index=16 cpu_pipeline_ms=396.413 gpu_pipeline_ms=55.9266 cpu_resource_sampling_overhead_ms=0.17952 gpu_resource_sampling_overhead_ms=0.03267 semantic_gates=16/16 timing_direct=true resource_overhead_excluded=true step_sum_used=false status=PASS
sample_index=17 cpu_pipeline_ms=393.643 gpu_pipeline_ms=58.2437 cpu_resource_sampling_overhead_ms=0.22958 gpu_resource_sampling_overhead_ms=0.0353 semantic_gates=16/16 timing_direct=true resource_overhead_excluded=true step_sum_used=false status=PASS
sample_index=18 cpu_pipeline_ms=398.246 gpu_pipeline_ms=56.4578 cpu_resource_sampling_overhead_ms=0.17573 gpu_resource_sampling_overhead_ms=0.03167 semantic_gates=16/16 timing_direct=true resource_overhead_excluded=true step_sum_used=false status=PASS
sample_index=19 cpu_pipeline_ms=397.524 gpu_pipeline_ms=56.8814 cpu_resource_sampling_overhead_ms=0.23985 gpu_resource_sampling_overhead_ms=0.03244 semantic_gates=16/16 timing_direct=true resource_overhead_excluded=true step_sum_used=false status=PASS
sample_index=20 cpu_pipeline_ms=394.838 gpu_pipeline_ms=55.7913 cpu_resource_sampling_overhead_ms=0.18292 gpu_resource_sampling_overhead_ms=0.03161 semantic_gates=16/16 timing_direct=true resource_overhead_excluded=true step_sum_used=false status=PASS
sample_index=21 cpu_pipeline_ms=399.727 gpu_pipeline_ms=56.0993 cpu_resource_sampling_overhead_ms=0.19089 gpu_resource_sampling_overhead_ms=0.03259 semantic_gates=16/16 timing_direct=true resource_overhead_excluded=true step_sum_used=false status=PASS
sample_index=22 cpu_pipeline_ms=395.825 gpu_pipeline_ms=56.0904 cpu_resource_sampling_overhead_ms=0.192411 gpu_resource_sampling_overhead_ms=0.04859 semantic_gates=16/16 timing_direct=true resource_overhead_excluded=true step_sum_used=false status=PASS
sample_index=23 cpu_pipeline_ms=396.28 gpu_pipeline_ms=56.42 cpu_resource_sampling_overhead_ms=0.22364 gpu_resource_sampling_overhead_ms=0.03135 semantic_gates=16/16 timing_direct=true resource_overhead_excluded=true step_sum_used=false status=PASS
sample_index=24 cpu_pipeline_ms=400.087 gpu_pipeline_ms=55.9937 cpu_resource_sampling_overhead_ms=0.18447 gpu_resource_sampling_overhead_ms=0.03261 semantic_gates=16/16 timing_direct=true resource_overhead_excluded=true step_sum_used=false status=PASS
sample_index=25 cpu_pipeline_ms=396.206 gpu_pipeline_ms=56.01 cpu_resource_sampling_overhead_ms=0.21206 gpu_resource_sampling_overhead_ms=0.03238 semantic_gates=16/16 timing_direct=true resource_overhead_excluded=true step_sum_used=false status=PASS
sample_index=26 cpu_pipeline_ms=395.734 gpu_pipeline_ms=55.8425 cpu_resource_sampling_overhead_ms=0.18446 gpu_resource_sampling_overhead_ms=0.03189 semantic_gates=16/16 timing_direct=true resource_overhead_excluded=true step_sum_used=false status=PASS
sample_index=27 cpu_pipeline_ms=411.426 gpu_pipeline_ms=56.457 cpu_resource_sampling_overhead_ms=0.20047 gpu_resource_sampling_overhead_ms=0.03268 semantic_gates=16/16 timing_direct=true resource_overhead_excluded=true step_sum_used=false status=PASS
sample_index=28 cpu_pipeline_ms=401.566 gpu_pipeline_ms=56.014 cpu_resource_sampling_overhead_ms=0.17981 gpu_resource_sampling_overhead_ms=0.0323 semantic_gates=16/16 timing_direct=true resource_overhead_excluded=true step_sum_used=false status=PASS
sample_index=29 cpu_pipeline_ms=396.549 gpu_pipeline_ms=56.0378 cpu_resource_sampling_overhead_ms=0.214501 gpu_resource_sampling_overhead_ms=0.03181 semantic_gates=16/16 timing_direct=true resource_overhead_excluded=true step_sum_used=false status=PASS
sample_index=30 cpu_pipeline_ms=394.497 gpu_pipeline_ms=56.0613 cpu_resource_sampling_overhead_ms=0.19232 gpu_resource_sampling_overhead_ms=0.03124 semantic_gates=16/16 timing_direct=true resource_overhead_excluded=true step_sum_used=false status=PASS
sample_index=31 cpu_pipeline_ms=403.916 gpu_pipeline_ms=56.1155 cpu_resource_sampling_overhead_ms=0.178551 gpu_resource_sampling_overhead_ms=0.0323 semantic_gates=16/16 timing_direct=true resource_overhead_excluded=true step_sum_used=false status=PASS
sample_index=32 cpu_pipeline_ms=396.52 gpu_pipeline_ms=56.0811 cpu_resource_sampling_overhead_ms=0.19356 gpu_resource_sampling_overhead_ms=0.03234 semantic_gates=16/16 timing_direct=true resource_overhead_excluded=true step_sum_used=false status=PASS
sample_index=33 cpu_pipeline_ms=403.496 gpu_pipeline_ms=55.8692 cpu_resource_sampling_overhead_ms=0.17256 gpu_resource_sampling_overhead_ms=0.0329 semantic_gates=16/16 timing_direct=true resource_overhead_excluded=true step_sum_used=false status=PASS
sample_index=34 cpu_pipeline_ms=397.482 gpu_pipeline_ms=56.8036 cpu_resource_sampling_overhead_ms=0.24363 gpu_resource_sampling_overhead_ms=0.03255 semantic_gates=16/16 timing_direct=true resource_overhead_excluded=true step_sum_used=false status=PASS
sample_index=35 cpu_pipeline_ms=397.236 gpu_pipeline_ms=55.857 cpu_resource_sampling_overhead_ms=0.182961 gpu_resource_sampling_overhead_ms=0.03172 semantic_gates=16/16 timing_direct=true resource_overhead_excluded=true step_sum_used=false status=PASS
sample_index=36 cpu_pipeline_ms=402.444 gpu_pipeline_ms=56.132 cpu_resource_sampling_overhead_ms=0.199681 gpu_resource_sampling_overhead_ms=0.03265 semantic_gates=16/16 timing_direct=true resource_overhead_excluded=true step_sum_used=false status=PASS
sample_index=37 cpu_pipeline_ms=399.623 gpu_pipeline_ms=55.9212 cpu_resource_sampling_overhead_ms=0.21538 gpu_resource_sampling_overhead_ms=0.03276 semantic_gates=16/16 timing_direct=true resource_overhead_excluded=true step_sum_used=false status=PASS
sample_index=38 cpu_pipeline_ms=400.394 gpu_pipeline_ms=56.1931 cpu_resource_sampling_overhead_ms=0.24763 gpu_resource_sampling_overhead_ms=0.03182 semantic_gates=16/16 timing_direct=true resource_overhead_excluded=true step_sum_used=false status=PASS
sample_index=39 cpu_pipeline_ms=392.267 gpu_pipeline_ms=57.0521 cpu_resource_sampling_overhead_ms=0.270211 gpu_resource_sampling_overhead_ms=0.03539 semantic_gates=16/16 timing_direct=true resource_overhead_excluded=true step_sum_used=false status=PASS
sample_index=40 cpu_pipeline_ms=399.563 gpu_pipeline_ms=56.1553 cpu_resource_sampling_overhead_ms=0.18024 gpu_resource_sampling_overhead_ms=0.03167 semantic_gates=16/16 timing_direct=true resource_overhead_excluded=true step_sum_used=false status=PASS
sample_index=41 cpu_pipeline_ms=406.39 gpu_pipeline_ms=58.8134 cpu_resource_sampling_overhead_ms=0.18259 gpu_resource_sampling_overhead_ms=0.03178 semantic_gates=16/16 timing_direct=true resource_overhead_excluded=true step_sum_used=false status=PASS
sample_index=42 cpu_pipeline_ms=393.906 gpu_pipeline_ms=55.9229 cpu_resource_sampling_overhead_ms=0.18008 gpu_resource_sampling_overhead_ms=0.03235 semantic_gates=16/16 timing_direct=true resource_overhead_excluded=true step_sum_used=false status=PASS
sample_index=43 cpu_pipeline_ms=397.871 gpu_pipeline_ms=60.3616 cpu_resource_sampling_overhead_ms=0.18975 gpu_resource_sampling_overhead_ms=0.03213 semantic_gates=16/16 timing_direct=true resource_overhead_excluded=true step_sum_used=false status=PASS
sample_index=44 cpu_pipeline_ms=399.258 gpu_pipeline_ms=56.0959 cpu_resource_sampling_overhead_ms=0.19987 gpu_resource_sampling_overhead_ms=0.03156 semantic_gates=16/16 timing_direct=true resource_overhead_excluded=true step_sum_used=false status=PASS
sample_index=45 cpu_pipeline_ms=403.072 gpu_pipeline_ms=56.62 cpu_resource_sampling_overhead_ms=0.20814 gpu_resource_sampling_overhead_ms=0.03359 semantic_gates=16/16 timing_direct=true resource_overhead_excluded=true step_sum_used=false status=PASS
sample_index=46 cpu_pipeline_ms=395.569 gpu_pipeline_ms=57.4236 cpu_resource_sampling_overhead_ms=0.23425 gpu_resource_sampling_overhead_ms=0.03293 semantic_gates=16/16 timing_direct=true resource_overhead_excluded=true step_sum_used=false status=PASS
sample_index=47 cpu_pipeline_ms=397.349 gpu_pipeline_ms=56.9356 cpu_resource_sampling_overhead_ms=0.22186 gpu_resource_sampling_overhead_ms=0.03546 semantic_gates=16/16 timing_direct=true resource_overhead_excluded=true step_sum_used=false status=PASS
sample_index=48 cpu_pipeline_ms=394.818 gpu_pipeline_ms=56.37 cpu_resource_sampling_overhead_ms=0.19251 gpu_resource_sampling_overhead_ms=0.03217 semantic_gates=16/16 timing_direct=true resource_overhead_excluded=true step_sum_used=false status=PASS
sample_index=49 cpu_pipeline_ms=394.181 gpu_pipeline_ms=55.8185 cpu_resource_sampling_overhead_ms=0.203311 gpu_resource_sampling_overhead_ms=0.03142 semantic_gates=16/16 timing_direct=true resource_overhead_excluded=true step_sum_used=false status=PASS
sample_index=50 cpu_pipeline_ms=394.971 gpu_pipeline_ms=55.9598 cpu_resource_sampling_overhead_ms=0.17877 gpu_resource_sampling_overhead_ms=0.0321 semantic_gates=16/16 timing_direct=true resource_overhead_excluded=true step_sum_used=false status=PASS
sample_index=51 cpu_pipeline_ms=397.993 gpu_pipeline_ms=55.8514 cpu_resource_sampling_overhead_ms=0.19241 gpu_resource_sampling_overhead_ms=0.03161 semantic_gates=16/16 timing_direct=true resource_overhead_excluded=true step_sum_used=false status=PASS
sample_index=52 cpu_pipeline_ms=400.411 gpu_pipeline_ms=56.334 cpu_resource_sampling_overhead_ms=0.22199 gpu_resource_sampling_overhead_ms=0.03223 semantic_gates=16/16 timing_direct=true resource_overhead_excluded=true step_sum_used=false status=PASS
sample_index=53 cpu_pipeline_ms=394.632 gpu_pipeline_ms=55.8778 cpu_resource_sampling_overhead_ms=0.173351 gpu_resource_sampling_overhead_ms=0.031141 semantic_gates=16/16 timing_direct=true resource_overhead_excluded=true step_sum_used=false status=PASS
sample_index=54 cpu_pipeline_ms=423.819 gpu_pipeline_ms=56.1822 cpu_resource_sampling_overhead_ms=0.237031 gpu_resource_sampling_overhead_ms=0.03169 semantic_gates=16/16 timing_direct=true resource_overhead_excluded=true step_sum_used=false status=PASS
sample_index=55 cpu_pipeline_ms=396.563 gpu_pipeline_ms=56.2724 cpu_resource_sampling_overhead_ms=0.183901 gpu_resource_sampling_overhead_ms=0.03218 semantic_gates=16/16 timing_direct=true resource_overhead_excluded=true step_sum_used=false status=PASS
sample_index=56 cpu_pipeline_ms=407.444 gpu_pipeline_ms=56.1815 cpu_resource_sampling_overhead_ms=0.209531 gpu_resource_sampling_overhead_ms=0.03112 semantic_gates=16/16 timing_direct=true resource_overhead_excluded=true step_sum_used=false status=PASS
sample_index=57 cpu_pipeline_ms=433.256 gpu_pipeline_ms=55.8421 cpu_resource_sampling_overhead_ms=0.19056 gpu_resource_sampling_overhead_ms=0.03161 semantic_gates=16/16 timing_direct=true resource_overhead_excluded=true step_sum_used=false status=PASS
sample_index=58 cpu_pipeline_ms=398.061 gpu_pipeline_ms=56.2453 cpu_resource_sampling_overhead_ms=0.18915 gpu_resource_sampling_overhead_ms=0.03174 semantic_gates=16/16 timing_direct=true resource_overhead_excluded=true step_sum_used=false status=PASS
sample_index=59 cpu_pipeline_ms=392.431 gpu_pipeline_ms=56.0593 cpu_resource_sampling_overhead_ms=0.25575 gpu_resource_sampling_overhead_ms=0.03153 semantic_gates=16/16 timing_direct=true resource_overhead_excluded=true step_sum_used=false status=PASS
sample_index=60 cpu_pipeline_ms=395.377 gpu_pipeline_ms=56.8182 cpu_resource_sampling_overhead_ms=0.226261 gpu_resource_sampling_overhead_ms=0.03528 semantic_gates=16/16 timing_direct=true resource_overhead_excluded=true step_sum_used=false status=PASS
sample_index=61 cpu_pipeline_ms=392.131 gpu_pipeline_ms=58.3224 cpu_resource_sampling_overhead_ms=0.232352 gpu_resource_sampling_overhead_ms=0.03434 semantic_gates=16/16 timing_direct=true resource_overhead_excluded=true step_sum_used=false status=PASS
sample_index=62 cpu_pipeline_ms=395.841 gpu_pipeline_ms=56.3965 cpu_resource_sampling_overhead_ms=0.1921 gpu_resource_sampling_overhead_ms=0.0319 semantic_gates=16/16 timing_direct=true resource_overhead_excluded=true step_sum_used=false status=PASS
sample_index=63 cpu_pipeline_ms=398.746 gpu_pipeline_ms=56.763 cpu_resource_sampling_overhead_ms=0.201881 gpu_resource_sampling_overhead_ms=0.03221 semantic_gates=16/16 timing_direct=true resource_overhead_excluded=true step_sum_used=false status=PASS
sample_index=64 cpu_pipeline_ms=404.987 gpu_pipeline_ms=57.0407 cpu_resource_sampling_overhead_ms=0.24128 gpu_resource_sampling_overhead_ms=0.03309 semantic_gates=16/16 timing_direct=true resource_overhead_excluded=true step_sum_used=false status=PASS
sample_index=65 cpu_pipeline_ms=394.84 gpu_pipeline_ms=56.8399 cpu_resource_sampling_overhead_ms=0.221571 gpu_resource_sampling_overhead_ms=0.03174 semantic_gates=16/16 timing_direct=true resource_overhead_excluded=true step_sum_used=false status=PASS
sample_index=66 cpu_pipeline_ms=391.061 gpu_pipeline_ms=55.8261 cpu_resource_sampling_overhead_ms=0.19294 gpu_resource_sampling_overhead_ms=0.03179 semantic_gates=16/16 timing_direct=true resource_overhead_excluded=true step_sum_used=false status=PASS
sample_index=67 cpu_pipeline_ms=396.388 gpu_pipeline_ms=56.0875 cpu_resource_sampling_overhead_ms=0.17448 gpu_resource_sampling_overhead_ms=0.03141 semantic_gates=16/16 timing_direct=true resource_overhead_excluded=true step_sum_used=false status=PASS
sample_index=68 cpu_pipeline_ms=392.546 gpu_pipeline_ms=56.0134 cpu_resource_sampling_overhead_ms=0.207961 gpu_resource_sampling_overhead_ms=0.0314 semantic_gates=16/16 timing_direct=true resource_overhead_excluded=true step_sum_used=false status=PASS
sample_index=69 cpu_pipeline_ms=395.778 gpu_pipeline_ms=56.0849 cpu_resource_sampling_overhead_ms=0.217791 gpu_resource_sampling_overhead_ms=0.0318 semantic_gates=16/16 timing_direct=true resource_overhead_excluded=true step_sum_used=false status=PASS
sample_index=70 cpu_pipeline_ms=399.227 gpu_pipeline_ms=55.9128 cpu_resource_sampling_overhead_ms=0.20882 gpu_resource_sampling_overhead_ms=0.03228 semantic_gates=16/16 timing_direct=true resource_overhead_excluded=true step_sum_used=false status=PASS
sample_index=71 cpu_pipeline_ms=392.359 gpu_pipeline_ms=56.3197 cpu_resource_sampling_overhead_ms=0.216472 gpu_resource_sampling_overhead_ms=0.03157 semantic_gates=16/16 timing_direct=true resource_overhead_excluded=true step_sum_used=false status=PASS
sample_index=72 cpu_pipeline_ms=399.103 gpu_pipeline_ms=55.9537 cpu_resource_sampling_overhead_ms=0.180541 gpu_resource_sampling_overhead_ms=0.03254 semantic_gates=16/16 timing_direct=true resource_overhead_excluded=true step_sum_used=false status=PASS
sample_index=73 cpu_pipeline_ms=405.039 gpu_pipeline_ms=58.8602 cpu_resource_sampling_overhead_ms=0.23579 gpu_resource_sampling_overhead_ms=0.0379 semantic_gates=16/16 timing_direct=true resource_overhead_excluded=true step_sum_used=false status=PASS
sample_index=74 cpu_pipeline_ms=395.156 gpu_pipeline_ms=55.8068 cpu_resource_sampling_overhead_ms=0.192901 gpu_resource_sampling_overhead_ms=0.03132 semantic_gates=16/16 timing_direct=true resource_overhead_excluded=true step_sum_used=false status=PASS
sample_index=75 cpu_pipeline_ms=398.206 gpu_pipeline_ms=56.1488 cpu_resource_sampling_overhead_ms=0.196171 gpu_resource_sampling_overhead_ms=0.0317 semantic_gates=16/16 timing_direct=true resource_overhead_excluded=true step_sum_used=false status=PASS
sample_index=76 cpu_pipeline_ms=395.714 gpu_pipeline_ms=55.8213 cpu_resource_sampling_overhead_ms=0.171361 gpu_resource_sampling_overhead_ms=0.03133 semantic_gates=16/16 timing_direct=true resource_overhead_excluded=true step_sum_used=false status=PASS
sample_index=77 cpu_pipeline_ms=394.611 gpu_pipeline_ms=56.3588 cpu_resource_sampling_overhead_ms=0.22108 gpu_resource_sampling_overhead_ms=0.031481 semantic_gates=16/16 timing_direct=true resource_overhead_excluded=true step_sum_used=false status=PASS
sample_index=78 cpu_pipeline_ms=398.691 gpu_pipeline_ms=55.8817 cpu_resource_sampling_overhead_ms=0.193181 gpu_resource_sampling_overhead_ms=0.03195 semantic_gates=16/16 timing_direct=true resource_overhead_excluded=true step_sum_used=false status=PASS
sample_index=79 cpu_pipeline_ms=404.749 gpu_pipeline_ms=56.1726 cpu_resource_sampling_overhead_ms=0.19892 gpu_resource_sampling_overhead_ms=0.03214 semantic_gates=16/16 timing_direct=true resource_overhead_excluded=true step_sum_used=false status=PASS
sample_index=80 cpu_pipeline_ms=396.294 gpu_pipeline_ms=56.2409 cpu_resource_sampling_overhead_ms=0.193661 gpu_resource_sampling_overhead_ms=0.031631 semantic_gates=16/16 timing_direct=true resource_overhead_excluded=true step_sum_used=false status=PASS
sample_index=81 cpu_pipeline_ms=405.879 gpu_pipeline_ms=56.4086 cpu_resource_sampling_overhead_ms=0.211641 gpu_resource_sampling_overhead_ms=0.03157 semantic_gates=16/16 timing_direct=true resource_overhead_excluded=true step_sum_used=false status=PASS
sample_index=82 cpu_pipeline_ms=403.487 gpu_pipeline_ms=56.3809 cpu_resource_sampling_overhead_ms=0.18013 gpu_resource_sampling_overhead_ms=0.03152 semantic_gates=16/16 timing_direct=true resource_overhead_excluded=true step_sum_used=false status=PASS
sample_index=83 cpu_pipeline_ms=394.648 gpu_pipeline_ms=56.16 cpu_resource_sampling_overhead_ms=0.19715 gpu_resource_sampling_overhead_ms=0.032581 semantic_gates=16/16 timing_direct=true resource_overhead_excluded=true step_sum_used=false status=PASS
sample_index=84 cpu_pipeline_ms=396.937 gpu_pipeline_ms=57.7065 cpu_resource_sampling_overhead_ms=0.23218 gpu_resource_sampling_overhead_ms=0.03418 semantic_gates=16/16 timing_direct=true resource_overhead_excluded=true step_sum_used=false status=PASS
sample_index=85 cpu_pipeline_ms=392.16 gpu_pipeline_ms=56.2649 cpu_resource_sampling_overhead_ms=0.21032 gpu_resource_sampling_overhead_ms=0.03135 semantic_gates=16/16 timing_direct=true resource_overhead_excluded=true step_sum_used=false status=PASS
sample_index=86 cpu_pipeline_ms=398.396 gpu_pipeline_ms=56.1128 cpu_resource_sampling_overhead_ms=0.204741 gpu_resource_sampling_overhead_ms=0.03187 semantic_gates=16/16 timing_direct=true resource_overhead_excluded=true step_sum_used=false status=PASS
sample_index=87 cpu_pipeline_ms=406.768 gpu_pipeline_ms=56.4079 cpu_resource_sampling_overhead_ms=0.230242 gpu_resource_sampling_overhead_ms=0.03213 semantic_gates=16/16 timing_direct=true resource_overhead_excluded=true step_sum_used=false status=PASS
sample_index=88 cpu_pipeline_ms=396.509 gpu_pipeline_ms=56.3651 cpu_resource_sampling_overhead_ms=0.188211 gpu_resource_sampling_overhead_ms=0.03195 semantic_gates=16/16 timing_direct=true resource_overhead_excluded=true step_sum_used=false status=PASS
sample_index=89 cpu_pipeline_ms=392.564 gpu_pipeline_ms=56.1429 cpu_resource_sampling_overhead_ms=0.20027 gpu_resource_sampling_overhead_ms=0.03162 semantic_gates=16/16 timing_direct=true resource_overhead_excluded=true step_sum_used=false status=PASS
sample_index=90 cpu_pipeline_ms=391.172 gpu_pipeline_ms=56.3045 cpu_resource_sampling_overhead_ms=0.21519 gpu_resource_sampling_overhead_ms=0.03109 semantic_gates=16/16 timing_direct=true resource_overhead_excluded=true step_sum_used=false status=PASS
sample_index=91 cpu_pipeline_ms=396.287 gpu_pipeline_ms=57.1302 cpu_resource_sampling_overhead_ms=0.23898 gpu_resource_sampling_overhead_ms=0.03323 semantic_gates=16/16 timing_direct=true resource_overhead_excluded=true step_sum_used=false status=PASS
sample_index=92 cpu_pipeline_ms=394.374 gpu_pipeline_ms=56.3666 cpu_resource_sampling_overhead_ms=0.215893 gpu_resource_sampling_overhead_ms=0.031801 semantic_gates=16/16 timing_direct=true resource_overhead_excluded=true step_sum_used=false status=PASS
sample_index=93 cpu_pipeline_ms=407.669 gpu_pipeline_ms=56.2752 cpu_resource_sampling_overhead_ms=0.209841 gpu_resource_sampling_overhead_ms=0.0314 semantic_gates=16/16 timing_direct=true resource_overhead_excluded=true step_sum_used=false status=PASS
sample_index=94 cpu_pipeline_ms=390.661 gpu_pipeline_ms=55.9589 cpu_resource_sampling_overhead_ms=0.166651 gpu_resource_sampling_overhead_ms=0.03175 semantic_gates=16/16 timing_direct=true resource_overhead_excluded=true step_sum_used=false status=PASS
sample_index=95 cpu_pipeline_ms=390.313 gpu_pipeline_ms=56.0373 cpu_resource_sampling_overhead_ms=0.19014 gpu_resource_sampling_overhead_ms=0.030851 semantic_gates=16/16 timing_direct=true resource_overhead_excluded=true step_sum_used=false status=PASS
sample_index=96 cpu_pipeline_ms=410.695 gpu_pipeline_ms=56.1976 cpu_resource_sampling_overhead_ms=0.21014 gpu_resource_sampling_overhead_ms=0.03187 semantic_gates=16/16 timing_direct=true resource_overhead_excluded=true step_sum_used=false status=PASS
sample_index=97 cpu_pipeline_ms=394.736 gpu_pipeline_ms=56.0194 cpu_resource_sampling_overhead_ms=0.184011 gpu_resource_sampling_overhead_ms=0.0319 semantic_gates=16/16 timing_direct=true resource_overhead_excluded=true step_sum_used=false status=PASS
sample_index=98 cpu_pipeline_ms=396.742 gpu_pipeline_ms=55.9446 cpu_resource_sampling_overhead_ms=0.192931 gpu_resource_sampling_overhead_ms=0.03264 semantic_gates=16/16 timing_direct=true resource_overhead_excluded=true step_sum_used=false status=PASS
sample_index=99 cpu_pipeline_ms=392.897 gpu_pipeline_ms=56.3367 cpu_resource_sampling_overhead_ms=0.19391 gpu_resource_sampling_overhead_ms=0.031421 semantic_gates=16/16 timing_direct=true resource_overhead_excluded=true step_sum_used=false status=PASS
function=Task2 frozen full six-step pipeline
call_chain=Step1->Step2;Step2+Step1->Step3;Step3 dual outputs->Step4;Step4->Step5;Step5+Step4+Kalman/delay->Step6
timing=pipeline_total measured directly;not=sum(step timings)
cpu_correlation_method=direct_parallel_exact workers=255
resource_sampling_mode=same_pipeline_execution
status=PASS return_code=0
