[stage07] identity and status
+---------------+-------------------------+--------+----------------+-------+--------+----------+--------------------------+--------+------------+
| target        | scale_id                | device | backend        | dtype | warmup | measured | timing_scope             | status | error_code |
+---------------+-------------------------+--------+----------------+-------+--------+----------+--------------------------+--------+------------+
| argrelextrema | argrelextrema_int8_10e2 | CPU    | not_applicable | INT8  | 20     | 100      | compatibility/end-to-end | PASS   | OK         |
| argrelextrema | argrelextrema_int8_10e2 | GPU    | not_applicable | INT8  | 20     | 100      | compatibility/end-to-end | PASS   | OK         |
+---------------+-------------------------+--------+----------------+-------+--------+----------+--------------------------+--------+------------+

[stage07] timing detail
+--------+-----------------------+-----------+---------+-----------------------+----------+----------+------------------------+----------------------+----------------------+
| device | mean_ms               | p50_ms    | p95_ms  | p99_ms                | min_ms   | max_ms   | std_ms                 | cv                   | speedup              |
+--------+-----------------------+-----------+---------+-----------------------+----------+----------+------------------------+----------------------+----------------------+
| CPU    | 0.0014477199999999998 | 0.00145   | 0.00145 | 0.0014526900000000008 | 0.00144  | 0.00162  | 1.7989485818110503e-05 | 0.012426080884501495 | NA                   |
| GPU    | 0.45193492999999996   | 0.4482785 | 0.46344 | 0.5207288400000011    | 0.430588 | 0.739503 | 0.030519041041702145   | 0.06752972389565495  | 0.003203381513351933 |
+--------+-----------------------+-----------+---------+-----------------------+----------+----------+------------------------+----------------------+----------------------+

[stage07] accuracy detail
+---------------------------+-----+------+-------------+---------------+-------------+----------------+---------------------------------------------------------------------+--------+
| reference                 | mse | rmse | relative_l2 | relative_linf | exact_match | mismatch_count | semantic_check                                                      | status |
+---------------------------+-----+------+-------------+---------------+-------------+----------------+---------------------------------------------------------------------+--------+
| typed_cpu_task2_reference | NA  | NA   | NA          | NA            | true        | 0              | output_count=2;output_dtype=INT64_COORDINATES;task_gpu_call=present | PASS   |
+---------------------------+-----+------+-------------+---------------+-------------+----------------+---------------------------------------------------------------------+--------+

[stage07] resource detail
+--------+------------+--------------+-------------+------------+-------------+
| device | metric     | before_bytes | after_bytes | peak_bytes | delta_bytes |
+--------+------------+--------------+-------------+------------+-------------+
| CPU    | cpu_heap   | 1517936      | 1520384     | 1520384    | 2448        |
| CPU    | rss        | 69730304     | 69730304    | 69730304   | 0           |
| GPU    | cpu_heap   | 1520512      | 1523472     | 1523536    | 2960        |
| GPU    | rss        | 69730304     | 69730304    | 69730304   | 0           |
| GPU    | gpu_memory | 341000192    | 341000192   | 341000192  | 0           |
+--------+------------+--------------+-------------+------------+-------------+

[stage07] input content
+----------------+-------+-------+----------+------------------------------------+-------------------------------------------+
| input_name     | shape | dtype | elements | generator                          | values(head4/tail2)                       |
+----------------+-------+-------+----------+------------------------------------+-------------------------------------------+
| feature_bundle | [128] | INT8  | 128      | deterministic_task2_feature_bundle | i=0:2;i=1:2;i=2:2;i=3:3;i=126:-6;i=127:-6 |
+----------------+-------+-------+----------+------------------------------------+-------------------------------------------+

[stage07] case parameters
+---------------------------------------------------------------------------------------------------------+
| parameters                                                                                              |
+---------------------------------------------------------------------------------------------------------+
| {"comparator":"greater","count":128,"mode":"clip","order":3,"output_count":"dynamic_int64_coordinates"} |
+---------------------------------------------------------------------------------------------------------+

[stage07] input and output identity
+--------+------------------------------------------------------------------+------------------------------------------------------------------+
| device | input_digest                                                     | output_digest                                                    |
+--------+------------------------------------------------------------------+------------------------------------------------------------------+
| CPU    | 09350b5634faf50e3cb6ac640321bd7e6d80a8cbea9f1c75bcc5bf72cc2b037a | 5cc61bb0319a3f4c8ed480149997e8b7081db8750d0b4eda2b136026d2835ba0 |
| GPU    | 09350b5634faf50e3cb6ac640321bd7e6d80a8cbea9f1c75bcc5bf72cc2b037a | 5cc61bb0319a3f4c8ed480149997e8b7081db8750d0b4eda2b136026d2835ba0 |
+--------+------------------------------------------------------------------+------------------------------------------------------------------+

[stage07] dtype evidence
+-----------------+--------------------+-------------------+------------------------------------------------------------------+------------------------------------------------------------------+----------------------+
| requested_dtype | config_input_dtype | output_dtype      | typed_array_digest                                               | actual_input_digest                                              | task_gpu_call_status |
+-----------------+--------------------+-------------------+------------------------------------------------------------------+------------------------------------------------------------------+----------------------+
| INT8            | INT8               | INT64_COORDINATES | e7a2c30f40a528c1f6152183313b4c8c4ad30b857ab8bcff3e68e8653f95355a | 09350b5634faf50e3cb6ac640321bd7e6d80a8cbea9f1c75bcc5bf72cc2b037a | proved_gpu_cpu       |
+-----------------+--------------------+-------------------+------------------------------------------------------------------+------------------------------------------------------------------+----------------------+

[stage07] evidence files
+-------------+-------------------------------------------------------------------------------------------------------------------------------------------------------------------------------------------------------------------------------------+
| kind        | path                                                                                                                                                                                                                                |
+-------------+-------------------------------------------------------------------------------------------------------------------------------------------------------------------------------------------------------------------------------------+
| main_csv    | /tmp/ZKX_dev/results/stage07_b06_formal_6132f71/formal/20260810T110456Z_6132f71eb1e0_stage07_b06_formal_6b59bd3d/operator_main_results_argrelextrema_not_applicable_20260810T110456Z_6132f71eb1e0_stage07_b06_formal_6b59bd3d.csv   |
| timing_csv  | /tmp/ZKX_dev/results/stage07_b06_formal_6132f71/formal/20260810T110456Z_6132f71eb1e0_stage07_b06_formal_6b59bd3d/operator_timing_samples_argrelextrema_not_applicable_20260810T110456Z_6132f71eb1e0_stage07_b06_formal_6b59bd3d.csv |
| memory_csv  | /tmp/ZKX_dev/results/stage07_b06_formal_6132f71/formal/20260810T110456Z_6132f71eb1e0_stage07_b06_formal_6b59bd3d/operator_peak_finding_argrelextrema_memory_trace_not_applicable.csv                                                |
| dtype_csv   | /tmp/ZKX_dev/results/stage07_b06_formal_6132f71/formal/20260810T110456Z_6132f71eb1e0_stage07_b06_formal_6b59bd3d/operator_dtype_evidence_argrelextrema_not_applicable_20260810T110456Z_6132f71eb1e0_stage07_b06_formal_6b59bd3d.csv |
| report_json | /tmp/ZKX_dev/results/stage07_b06_formal_6132f71/formal/20260810T110456Z_6132f71eb1e0_stage07_b06_formal_6b59bd3d/operator_argrelextrema_report.json                                                                                 |
| summary_txt | /tmp/ZKX_dev/results/stage07_b06_formal_6132f71/formal/20260810T110456Z_6132f71eb1e0_stage07_b06_formal_6b59bd3d/operator_argrelextrema_summary.txt                                                                                 |
| full_log    | /tmp/ZKX_dev/results/stage07_b06_formal_6132f71/formal/20260810T110456Z_6132f71eb1e0_stage07_b06_formal_6b59bd3d/operator_argrelextrema_full.log                                                                                    |
| result_dir  | /tmp/ZKX_dev/results/stage07_b06_formal_6132f71/formal/20260810T110456Z_6132f71eb1e0_stage07_b06_formal_6b59bd3d                                                                                                                    |
+-------------+-------------------------------------------------------------------------------------------------------------------------------------------------------------------------------------------------------------------------------------+
STAGE07_TASK_FINAL_CASE PASS operator=argrelextrema scale=argrelextrema_int8_10e2 dtype=INT8 backend=not_applicable measured=100 results=/tmp/ZKX_dev/results/stage07_b06_formal_6132f71/formal/20260810T110456Z_6132f71eb1e0_stage07_b06_formal_6b59bd3d
