[stage08-b01] operator=kaiser entry=cpu:kaiser_typed_cpu gpu:kaiser_device
[stage08-b01] config=test_all/configs/operators/windows/kaiser/operator_scales.json config_sha256=3c4c14a97768005f5dc56b0d0c17628fff55c481c5608f82bbef4fa7c495f9fe
[stage08-b01] run_type=formal scale=kaiser_fp32_10e3 dtype=FP32 sym=true backend=not_applicable
[stage08-b01] dtype_semantics=actual_typed_scalar_input typed_input_count=1 actual_input_digest=abdc51a55d501fc8398a1711948192c2d32fff9dc42b9b124ced19b288234424
[stage08-b01] timing_scope=compatibility/end-to-end warmup=20 measured=100
[stage08-b01] cpu_mean_ms=0.04899913999999999 gpu_mean_ms=0.26423008000000009 speedup=0.18544118822504982
[stage08-b01] mse=1.6034510753045315e-14 rmse=1.2662744865567383e-07 relative_l2=2.2527289145725902e-07 relative_linf=4.9332858766712288e-07
[stage08-b01] resources=available cuda_event_ms=0.28965398669242859
[stage08-b01] status=PASS error_code=OK
[stage08] identity and status
target | scale_id         | device | backend        | dtype | warmup | measured | timing_scope             | status | error_code
kaiser | kaiser_fp32_10e3 | CPU    | not_applicable | FP32  | 20     | 100      | compatibility/end-to-end | PASS   | OK        
kaiser | kaiser_fp32_10e3 | GPU    | not_applicable | FP32  | 20     | 100      | compatibility/end-to-end | PASS   | OK        

[stage08] timing detail
device | mean_ms             | p50_ms               | p95_ms               | p99_ms               | min_ms               | max_ms               | std_ms                 | cv                   | speedup            
CPU    | 0.04899913999999999 | 0.048939999999999997 | 0.049101449999999998 | 0.049188200000000043 | 0.048660000000000002 | 0.056930000000000001 | 0.00080772334397366551 | 0.016484439195742329 | NA                 
GPU    | 0.26423008000000009 | 0.2618355            | 0.27962549999999997  | 0.28987781000000085  | 0.24683099999999999  | 0.45489200000000002  | 0.020980065357228992   | 0.079400745582141843 | 0.18544118822504982

[stage08] accuracy detail
accuracy_reference  | mse                    | rmse                   | relative_l2            | relative_linf          | exact_match | mismatch_count | semantic_check                                                                                    | status
cpu_typed_reference | 1.6034510753045315e-14 | 1.2662744865567383e-07 | 2.2527289145725902e-07 | 4.9332858766712288e-07 | NA          | NA             | finite_normalized_fp64_window_shape_beta_and_symmetry_match_cpu:shape=[1000];finite=true;sym=true | PASS  

[stage08] resource detail
device | metric     | before_bytes | after_bytes | peak_bytes | delta_bytes
CPU    | cpu_heap   | 1463280      | 1466336     | 1473232    | 3056       
CPU    | rss        | 70549504     | 70549504    | 70549504   | 0          
GPU    | cpu_heap   | 1466336      | 1469616     | 1476672    | 3280       
GPU    | rss        | 70549504     | 70549504    | 70549504   | 0          
GPU    | gpu_memory | 408322048    | 408322048   | 408322048  | 0          

[stage08] input/output identity
device | input_digest                                                     | output_digest                                                   
CPU    | abdc51a55d501fc8398a1711948192c2d32fff9dc42b9b124ced19b288234424 | 7fa02561634a7aa08dd83cdeb7a4b906d5fc46fe038ad25246b64d3ac7699471
GPU    | abdc51a55d501fc8398a1711948192c2d32fff9dc42b9b124ced19b288234424 | 88d54eb80cb0a025950b06c04d1b111581f59cfe97cb686cf7f97872498f6e39

[stage08] input content
input_name       | shape  | dtype       | elements | generator                                           | values(head4/tail2)                                                                              
window_positions | [1000] | INDEX_INT64 | 1000     | implicit_window_index_domain(no_materialized_array) | i=0:position=0;i=1:position=1;i=2:position=2;i=3:position=3;i=998:position=998;i=999:position=999
beta             | scalar | FP32        | 1        | exact_config_scalar                                 | value=8                                                                                          

[stage08] case parameters
parameters                                                  
{"length":1000,"requested_dtype":"FP32","sym":true,"beta":8}

[stage08] dtype evidence
requested_dtype | config_input_dtype | output_dtype | actual_input_digest                                              | status
FP32            | FP32               | FP64         | abdc51a55d501fc8398a1711948192c2d32fff9dc42b9b124ced19b288234424 | PASS  

[stage08] evidence files
kind        | path                                                                                                                                                                                                                                           
main_csv    | /tmp/ZKX_dev/results/stage08_input_preview_b01_kaiser_8b745f9a6864/formal/20260810T082127Z_8b745f9a6864_stage08_b01_formal_a1040003/operator_main_results_kaiser_not_applicable_20260810T082127Z_8b745f9a6864_stage08_b01_formal_a1040003.csv  
timing_csv  | /tmp/ZKX_dev/results/stage08_input_preview_b01_kaiser_8b745f9a6864/formal/20260810T082127Z_8b745f9a6864_stage08_b01_formal_a1040003/operator_timing_samples_kaiser_not_applicable_20260810T082127Z_8b745f9a6864_stage08_b01_formal_a1040003.csv
memory_csv  | /tmp/ZKX_dev/results/stage08_input_preview_b01_kaiser_8b745f9a6864/formal/20260810T082127Z_8b745f9a6864_stage08_b01_formal_a1040003/operator_windows_kaiser_memory_trace_not_applicable.csv                                                    
input_csv   | /tmp/ZKX_dev/results/stage08_input_preview_b01_kaiser_8b745f9a6864/formal/20260810T082127Z_8b745f9a6864_stage08_b01_formal_a1040003/operator_input_evidence_kaiser_not_applicable_20260810T082127Z_8b745f9a6864_stage08_b01_formal_a1040003.csv
dtype_csv   | /tmp/ZKX_dev/results/stage08_input_preview_b01_kaiser_8b745f9a6864/formal/20260810T082127Z_8b745f9a6864_stage08_b01_formal_a1040003/operator_dtype_evidence_kaiser_not_applicable_20260810T082127Z_8b745f9a6864_stage08_b01_formal_a1040003.csv
module_csv  | /tmp/ZKX_dev/results/stage08_input_preview_b01_kaiser_8b745f9a6864/formal/20260810T082127Z_8b745f9a6864_stage08_b01_formal_a1040003/windows_batch01_module_summary_not_applicable_20260810T082127Z_8b745f9a6864_stage08_b01_formal_a1040003.csv
report_json | /tmp/ZKX_dev/results/stage08_input_preview_b01_kaiser_8b745f9a6864/formal/20260810T082127Z_8b745f9a6864_stage08_b01_formal_a1040003/operator_kaiser_report.json                                                                                
summary_txt | /tmp/ZKX_dev/results/stage08_input_preview_b01_kaiser_8b745f9a6864/formal/20260810T082127Z_8b745f9a6864_stage08_b01_formal_a1040003/operator_kaiser_summary.txt                                                                                
full_log    | /tmp/ZKX_dev/results/stage08_input_preview_b01_kaiser_8b745f9a6864/formal/20260810T082127Z_8b745f9a6864_stage08_b01_formal_a1040003/operator_kaiser_full.log                                                                                   
results_dir | /tmp/ZKX_dev/results/stage08_input_preview_b01_kaiser_8b745f9a6864/formal/20260810T082127Z_8b745f9a6864_stage08_b01_formal_a1040003                                                                                                            
