command=/tmp/ZKX_dev/build_stage07_b02_chirp_76c5b6f8b36d/stage07_waveforms_chirp --dtype FP32 --count 1024 --p0 0.02 --p1 31 --p2 0.07 --p3 0 --warmup 20 --measured 100 --output /tmp/ZKX_dev/results/stage07_b02_formal_76c5b6f8b36d/formal/20260810T092018Z_76c5b6f8b36d_stage07_b02_formal_a8241bb1/chirp_probe_raw.json
STAGE07_WAVEFORM_PROBE PASS operator=chirp dtype=FP32
{"run_id": "20260810T092018Z_76c5b6f8b36d_stage07_b02_formal_a8241bb1", "case_id": "chirp__chirp_fp32_10e3__9d06dd0d1c25502d", "operator_name": "chirp", "task_name": "Task2", "step_name": "Step1", "scale_id": "chirp_fp32_10e3", "requested_dtype": "FP32", "config_input_dtype": "FP32", "input_content": [{"input_name": "time", "shape": "[1024]", "dtype": "FP32", "element_count": "1024", "generator": "uniform_time_0_to_31(31*i/(N-1))", "preview_head4_tail2": "i=0:0;i=1:0.0303030312;i=2:0.0606060624;i=3:0.0909090936;i=1022:30.969696;i=1023:31"}], "case_parameters": {"f0": 0.02, "t1": 31, "f1": 0.07, "phase_degrees": 0, "method": "linear"}, "output_dtype": "FP32", "backend": "not_applicable", "warmup_runs": 20, "measured_runs": 100, "mse": 5.8683e-16, "rmse": 2.42246e-08, "relative_l2": 3.44325e-08, "relative_linf": 5.96046e-08, "actual_input_digest": "9d06dd0d1c25502d9e1aa9d28558fa9498813592af3e9435f5ecf59a6e045ee7", "typed_array_digest": "d32a6cd14eea7b3a147bb6eec813792d0a83a328b79702f9303fab878226e81f", "status": "PASS", "error_code": "OK"}
[stage07] identity and status
+--------+-----------------+--------+----------------+-------+--------+----------+--------------------------+--------+------------+
| target | scale_id        | device | backend        | dtype | warmup | measured | timing_scope             | status | error_code |
+--------+-----------------+--------+----------------+-------+--------+----------+--------------------------+--------+------------+
| chirp  | chirp_fp32_10e3 | CPU    | not_applicable | FP32  | 20     | 100      | compatibility/end-to-end | PASS   | OK         |
| chirp  | chirp_fp32_10e3 | GPU    | not_applicable | FP32  | 20     | 100      | compatibility/end-to-end | PASS   | OK         |
+--------+-----------------+--------+----------------+-------+--------+----------+--------------------------+--------+------------+

[stage07] timing detail
+--------+----------------------+---------------------+------------+---------------------+----------+----------+-----------------------+----------------------+--------------------+
| device | mean_ms              | p50_ms              | p95_ms     | p99_ms              | min_ms   | max_ms   | std_ms                | cv                   | speedup            |
+--------+----------------------+---------------------+------------+---------------------+----------+----------+-----------------------+----------------------+--------------------+
| CPU    | 0.047919729999999994 | 0.047801            | 0.04802105 | 0.04967001000000004 | 0.047591 | 0.057492 | 0.0009823240896465893 | 0.020499366120105215 | NA                 |
| GPU    | 0.17227834           | 0.17010999999999998 | 0.18123245 | 0.21988520000000011 | 0.164575 | 0.240497 | 0.009682570940840041  | 0.05620306615933286  | 0.2781529587526789 |
+--------+----------------------+---------------------+------------+---------------------+----------+----------+-----------------------+----------------------+--------------------+

[stage07] accuracy detail
+---------------------+------------+-------------+-------------+---------------+-------------+----------------+------------------------------------------------------------------+--------+
| reference           | mse        | rmse        | relative_l2 | relative_linf | exact_match | mismatch_count | semantic_check                                                   | status |
+---------------------+------------+-------------+-------------+---------------+-------------+----------------+------------------------------------------------------------------+--------+
| typed_cpu_reference | 5.8683e-16 | 2.42246e-08 | 3.44325e-08 | 5.96046e-08   | NA          | NA             | output_shape=[1024];output_dtype=FP32;finite_numeric_output=true | PASS   |
+---------------------+------------+-------------+-------------+---------------+-------------+----------------+------------------------------------------------------------------+--------+

[stage07] resource detail
+--------+------------+--------------+-------------+------------+-------------+
| device | metric     | before_bytes | after_bytes | peak_bytes | delta_bytes |
+--------+------------+--------------+-------------+------------+-------------+
| CPU    | cpu_heap   | 1403168      | 1419776     | 1419776    | 16608       |
| CPU    | rss        | 70078464     | 70078464    | 70078464   | 0           |
| GPU    | cpu_heap   | 1419872      | 1431120     | 1431120    | 11248       |
| GPU    | rss        | 70078464     | 70078464    | 70078464   | 0           |
| GPU    | gpu_memory | 391544832    | 391544832   | 391544832  | 0           |
+--------+------------+--------------+-------------+------------+-------------+

[stage07] input content
+------------+--------+-------+----------+----------------------------------+-------------------------------------------------------------------------------------+
| input_name | shape  | dtype | elements | generator                        | values(head4/tail2)                                                                 |
+------------+--------+-------+----------+----------------------------------+-------------------------------------------------------------------------------------+
| time       | [1024] | FP32  | 1024     | uniform_time_0_to_31(31*i/(N-1)) | i=0:0;i=1:0.0303030312;i=2:0.0606060624;i=3:0.0909090936;i=1022:30.969696;i=1023:31 |
+------------+--------+-------+----------+----------------------------------+-------------------------------------------------------------------------------------+

[stage07] case parameters
+-------------------------------------------------------------------+
| parameters                                                        |
+-------------------------------------------------------------------+
| {"f0":0.02,"f1":0.07,"method":"linear","phase_degrees":0,"t1":31} |
+-------------------------------------------------------------------+

[stage07] input and output identity
+--------+------------------------------------------------------------------+------------------------------------------------------------------+
| device | input_digest                                                     | output_digest                                                    |
+--------+------------------------------------------------------------------+------------------------------------------------------------------+
| CPU    | 9d06dd0d1c25502d9e1aa9d28558fa9498813592af3e9435f5ecf59a6e045ee7 | 61608befef4d884351298d9e76e96331304eb51286327c28de49bcba91d1d988 |
| GPU    | 9d06dd0d1c25502d9e1aa9d28558fa9498813592af3e9435f5ecf59a6e045ee7 | a87d0c75a2469d2fc8a8262c81c81d64f332e29ffb2b05426006876f40d83d57 |
+--------+------------------------------------------------------------------+------------------------------------------------------------------+

[stage07] dtype evidence
+-----------------+--------------------+--------------+------------------------------------------------------------------+------------------------------------------------------------------+
| requested_dtype | config_input_dtype | output_dtype | typed_array_digest                                               | actual_input_digest                                              |
+-----------------+--------------------+--------------+------------------------------------------------------------------+------------------------------------------------------------------+
| FP32            | FP32               | FP32         | d32a6cd14eea7b3a147bb6eec813792d0a83a328b79702f9303fab878226e81f | 9d06dd0d1c25502d9e1aa9d28558fa9498813592af3e9435f5ecf59a6e045ee7 |
+-----------------+--------------------+--------------+------------------------------------------------------------------+------------------------------------------------------------------+

[stage07] evidence files
+-------------+----------------------------------------------------------------------------------------------------------------------------------------------------------------------------------------------------------------------------------+
| kind        | path                                                                                                                                                                                                                             |
+-------------+----------------------------------------------------------------------------------------------------------------------------------------------------------------------------------------------------------------------------------+
| main_csv    | /tmp/ZKX_dev/results/stage07_b02_formal_76c5b6f8b36d/formal/20260810T092018Z_76c5b6f8b36d_stage07_b02_formal_a8241bb1/operator_main_results_chirp_not_applicable_20260810T092018Z_76c5b6f8b36d_stage07_b02_formal_a8241bb1.csv   |
| timing_csv  | /tmp/ZKX_dev/results/stage07_b02_formal_76c5b6f8b36d/formal/20260810T092018Z_76c5b6f8b36d_stage07_b02_formal_a8241bb1/operator_timing_samples_chirp_not_applicable_20260810T092018Z_76c5b6f8b36d_stage07_b02_formal_a8241bb1.csv |
| memory_csv  | /tmp/ZKX_dev/results/stage07_b02_formal_76c5b6f8b36d/formal/20260810T092018Z_76c5b6f8b36d_stage07_b02_formal_a8241bb1/operator_waveforms_chirp_memory_trace_not_applicable.csv                                                   |
| dtype_csv   | /tmp/ZKX_dev/results/stage07_b02_formal_76c5b6f8b36d/formal/20260810T092018Z_76c5b6f8b36d_stage07_b02_formal_a8241bb1/operator_dtype_evidence_chirp_not_applicable_20260810T092018Z_76c5b6f8b36d_stage07_b02_formal_a8241bb1.csv |
| report_json | /tmp/ZKX_dev/results/stage07_b02_formal_76c5b6f8b36d/formal/20260810T092018Z_76c5b6f8b36d_stage07_b02_formal_a8241bb1/operator_chirp_report.json                                                                                 |
| summary_txt | /tmp/ZKX_dev/results/stage07_b02_formal_76c5b6f8b36d/formal/20260810T092018Z_76c5b6f8b36d_stage07_b02_formal_a8241bb1/operator_chirp_summary.txt                                                                                 |
| full_log    | /tmp/ZKX_dev/results/stage07_b02_formal_76c5b6f8b36d/formal/20260810T092018Z_76c5b6f8b36d_stage07_b02_formal_a8241bb1/operator_chirp_full.log                                                                                    |
| result_dir  | /tmp/ZKX_dev/results/stage07_b02_formal_76c5b6f8b36d/formal/20260810T092018Z_76c5b6f8b36d_stage07_b02_formal_a8241bb1                                                                                                            |
+-------------+----------------------------------------------------------------------------------------------------------------------------------------------------------------------------------------------------------------------------------+
