command=build_stage08_b05_wiener_fd04f1143cb8/stage08_filtering_wiener --dtype INT8 --rank 2 --rows 32 --cols 32 --window-mode scalar --scalar-window 5 --w0 5 --w1 5 --noise-mode explicit --noise 0.75 --seed 85550002 --warmup 20 --measured 100 --output /tmp/ZKX_dev/results/stage08_input_preview_b05_wiener_652061b694fc/formal/20260810T084754Z_652061b694fc_stage08_b05_formal_8565000d/wiener_probe_raw.json
{"run_id": "20260810T084754Z_652061b694fc_stage08_b05_formal_8565000d", "case_id": "wiener__wiener_int8_10e3__dbfab9bfdf648d15", "operator_name": "wiener", "scale_id": "wiener_int8_10e3", "requested_dtype": "INT8", "output_dtype": "FP64", "backend": "not_applicable", "rank": 2, "shape": [32, 32], "window_mode": "scalar", "window_shape": [5, 5], "noise_mode": "explicit", "warmup_runs": 20, "measured_runs": 100, "mse": 1.48012e-14, "rmse": 1.2166e-07, "relative_l2": 4.16773e-08, "relative_linf": 7.6783e-08, "status": "PASS", "error_code": "OK"}
[stage08] identity and status
+--------+------------------+--------+----------------+-------+--------+----------+--------------------------+--------+------------+
| target | scale_id         | device | backend        | dtype | warmup | measured | timing_scope             | status | error_code |
+--------+------------------+--------+----------------+-------+--------+----------+--------------------------+--------+------------+
| wiener | wiener_int8_10e3 | CPU    | not_applicable | INT8  | 20     | 100      | compatibility/end-to-end | PASS   | OK         |
| wiener | wiener_int8_10e3 | GPU    | not_applicable | INT8  | 20     | 100      | compatibility/end-to-end | PASS   | OK         |
+--------+------------------+--------+----------------+-------+--------+----------+--------------------------+--------+------------+

[stage08] timing detail
+--------+--------------------+--------------------+------------+--------------------+----------+----------+----------------------+----------------------+--------------------+
| device | mean_ms            | p50_ms             | p95_ms     | p99_ms             | min_ms   | max_ms   | std_ms               | cv                   | speedup            |
+--------+--------------------+--------------------+------------+--------------------+----------+----------+----------------------+----------------------+--------------------+
| CPU    | 1.7189695800000002 | 1.714934           | 1.728023   | 1.7314108900000003 | 1.711199 | 1.786939 | 0.008608381488038275 | 0.005007873081755335 | NA                 |
| GPU    | 0.85861369         | 0.8501844999999999 | 0.90723505 | 0.9576887100000004 | 0.835265 | 1.045176 | 0.028923649733633212 | 0.03368645302363303  | 2.0020290848146156 |
+--------+--------------------+--------------------+------------+--------------------+----------+----------+----------------------+----------------------+--------------------+

[stage08] accuracy detail
+---------------------------+-------------+------------+-------------+---------------+-------------+----------------+---------------------------------------------------+--------+
| accuracy_reference        | mse         | rmse       | relative_l2 | relative_linf | exact_match | mismatch_count | semantic_check                                    | status |
+---------------------------+-------------+------------+-------------+---------------+-------------+----------------+---------------------------------------------------+--------+
| cpu_wiener_fp64_reference | 1.48012e-14 | 1.2166e-07 | 4.16773e-08 | 7.6783e-08    | NA          | NA             | integer_square_semantics_fp32_compute_fp64_output | PASS   |
+---------------------------+-------------+------------+-------------+---------------+-------------+----------------+---------------------------------------------------+--------+

[stage08] resource detail
+--------+------------+--------------+-------------+------------+-------------+
| device | metric     | before_bytes | after_bytes | peak_bytes | delta_bytes |
+--------+------------+--------------+-------------+------------+-------------+
| CPU    | cpu_heap   | 1463488      | 1476080     | 1483168    | 12592       |
| CPU    | rss        | 70615040     | 70615040    | 70615040   | 0           |
| GPU    | cpu_heap   | 1476080      | 1487872     | 1487872    | 11792       |
| GPU    | rss        | 70615040     | 70615040    | 70615040   | 0           |
| GPU    | gpu_memory | 408322048    | 408322048   | 408322048  | 0           |
+--------+------------+--------------+-------------+------------+-------------+

[stage08] input/output identity
+--------+------------------------------------------------------------------+------------------------------------------------------------------+
| device | input_digest                                                     | output_digest                                                    |
+--------+------------------------------------------------------------------+------------------------------------------------------------------+
| CPU    | dbfab9bfdf648d15532c4197b389b42830a8d553892ce3534a22b9d6c638348b | 4e6d028472fd07cb4c96720fee62921058a3d1422a9455bf76c4cede4ca0f678 |
| GPU    | dbfab9bfdf648d15532c4197b389b42830a8d553892ce3534a22b9d6c638348b | 2972e604dc4c095c2d1156bc87d6536af7498d9c5cb75d49f796aba701c0ed94 |
+--------+------------------------------------------------------------------+------------------------------------------------------------------+

[stage08] input content
+------------+---------+-------+----------+------------------------------------------------------------------+---------------------------------------------+
| input_name | shape   | dtype | elements | generator                                                        | values(head4/tail2)                         |
+------------+---------+-------+----------+------------------------------------------------------------------+---------------------------------------------+
| x          | [32x32] | INT8  | 1024     | wiener_modular_plus_periodic_offset(seed=85550002,integral=true) | i=0:5;i=1:0;i=2:-5;i=3:1;i=1022:-1;i=1023:5 |
+------------+---------+-------+----------+------------------------------------------------------------------+---------------------------------------------+

[stage08] case parameters
+---------------------------------------------------------------------------------------------------------------------------------------------------------------------------+
| parameters                                                                                                                                                                |
+---------------------------------------------------------------------------------------------------------------------------------------------------------------------------+
| {"cols":"32","dtype":"INT8","noise":"0.75","noise-mode":"explicit","rank":"2","rows":"32","scalar-window":"5","seed":"85550002","w0":"5","w1":"5","window-mode":"scalar"} |
+---------------------------------------------------------------------------------------------------------------------------------------------------------------------------+

[stage08] dtype evidence
+-----------------+--------------------+--------------+------------------------------------------------------------------+--------+
| requested_dtype | config_input_dtype | output_dtype | actual_input_digest                                              | status |
+-----------------+--------------------+--------------+------------------------------------------------------------------+--------+
| INT8            | NA                 | FP64         | dbfab9bfdf648d15532c4197b389b42830a8d553892ce3534a22b9d6c638348b | PASS   |
+-----------------+--------------------+--------------+------------------------------------------------------------------+--------+

[stage08] evidence files
+----------------+-------------------------------------------------------------------------------------------------------------------------------------------------------------------------------------------------------------------------------------------------+
| kind           | path                                                                                                                                                                                                                                            |
+----------------+-------------------------------------------------------------------------------------------------------------------------------------------------------------------------------------------------------------------------------------------------+
| dtype_csv      | /tmp/ZKX_dev/results/stage08_input_preview_b05_wiener_652061b694fc/formal/20260810T084754Z_652061b694fc_stage08_b05_formal_8565000d/operator_dtype_evidence_wiener_not_applicable_20260810T084754Z_652061b694fc_stage08_b05_formal_8565000d.csv |
| memory_csv     | /tmp/ZKX_dev/results/stage08_input_preview_b05_wiener_652061b694fc/formal/20260810T084754Z_652061b694fc_stage08_b05_formal_8565000d/operator_filtering_wiener_memory_trace_not_applicable.csv                                                   |
| main_csv       | /tmp/ZKX_dev/results/stage08_input_preview_b05_wiener_652061b694fc/formal/20260810T084754Z_652061b694fc_stage08_b05_formal_8565000d/operator_main_results_wiener_not_applicable_20260810T084754Z_652061b694fc_stage08_b05_formal_8565000d.csv   |
| timing_csv     | /tmp/ZKX_dev/results/stage08_input_preview_b05_wiener_652061b694fc/formal/20260810T084754Z_652061b694fc_stage08_b05_formal_8565000d/operator_timing_samples_wiener_not_applicable_20260810T084754Z_652061b694fc_stage08_b05_formal_8565000d.csv |
| full_log       | /tmp/ZKX_dev/results/stage08_input_preview_b05_wiener_652061b694fc/formal/20260810T084754Z_652061b694fc_stage08_b05_formal_8565000d/operator_wiener_full.log                                                                                    |
| report_json    | /tmp/ZKX_dev/results/stage08_input_preview_b05_wiener_652061b694fc/formal/20260810T084754Z_652061b694fc_stage08_b05_formal_8565000d/operator_wiener_report.json                                                                                 |
| summary_txt    | /tmp/ZKX_dev/results/stage08_input_preview_b05_wiener_652061b694fc/formal/20260810T084754Z_652061b694fc_stage08_b05_formal_8565000d/operator_wiener_summary.txt                                                                                 |
| probe_raw_json | /tmp/ZKX_dev/results/stage08_input_preview_b05_wiener_652061b694fc/formal/20260810T084754Z_652061b694fc_stage08_b05_formal_8565000d/wiener_probe_raw.json                                                                                       |
+----------------+-------------------------------------------------------------------------------------------------------------------------------------------------------------------------------------------------------------------------------------------------+
