[stage08-b01] operator=chebwin entry=cpu:chebwin_typed_cpu gpu:chebwin_device
[stage08-b01] config=test_all/configs/operators/windows/chebwin/operator_scales.json config_sha256=e5f2e743fda9d9dda0f3c0b01d6bbbf2d9490d2f40af1bc668f22d1da683811e
[stage08-b01] run_type=formal scale=chebwin_int16_10e3 dtype=INT16 sym=true backend=fft_thrust
[stage08-b01] dtype_semantics=actual_typed_scalar_input typed_input_count=1 actual_input_digest=2bd6556ea2c25c06a2b333e24aa10c2e97a21c313254fad6b82a5fb4ca7bf415
[stage08-b01] timing_scope=compatibility/end-to-end warmup=20 measured=100
[stage08-b01] cpu_mean_ms=2.3449800299999994 gpu_mean_ms=1.8587868000000003 speedup=1.2615648174389871
[stage08-b01] mse=8.0716766245112788e-14 rmse=2.8410696268326967e-07 relative_l2=5.1966973888842977e-07 relative_linf=7.7925057303564194e-07
[stage08-b01] resources=available cuda_event_ms=1.9752899408340454
[stage08-b01] status=PASS error_code=OK
[stage08] identity and status
target  | scale_id           | device | backend    | dtype | warmup | measured | timing_scope             | status | error_code
chebwin | chebwin_int16_10e3 | CPU    | fft_thrust | INT16 | 20     | 100      | compatibility/end-to-end | PASS   | OK        
chebwin | chebwin_int16_10e3 | GPU    | fft_thrust | INT16 | 20     | 100      | compatibility/end-to-end | PASS   | OK        

[stage08] timing detail
device | mean_ms            | p50_ms             | p95_ms    | p99_ms             | min_ms             | max_ms             | std_ms               | cv                   | speedup           
CPU    | 2.3449800299999994 | 2.3362794999999998 | 2.3471715 | 2.5216622600000034 | 2.3251900000000001 | 3.108857           | 0.079196483561134831 | 0.033772775267998698 | NA                
GPU    | 1.8587868000000003 | 1.8486555          | 1.917913  | 1.9995213000000003 | 1.8253950000000001 | 2.0573670000000002 | 0.033784922762380265 | 0.018175792276112709 | 1.2615648174389871

[stage08] accuracy detail
accuracy_reference  | mse                    | rmse                   | relative_l2            | relative_linf          | exact_match | mismatch_count | semantic_check                                                                           | status
cpu_typed_reference | 8.0716766245112788e-14 | 2.8410696268326967e-07 | 5.1966973888842977e-07 | 7.7925057303564194e-07 | NA          | NA             | finite_fp64_window_shape_and_symmetry_policy_match_cpu:shape=[1000];finite=true;sym=true | PASS  

[stage08] resource detail
device | metric     | before_bytes | after_bytes | peak_bytes | delta_bytes
CPU    | cpu_heap   | 2158496      | 2161152     | 2168048    | 2656       
CPU    | rss        | 72151040     | 72310784    | 72310784   | 159744     
GPU    | cpu_heap   | 2161152      | 2164256     | 2171440    | 3104       
GPU    | rss        | 72310784     | 72310784    | 72310784   | 0          
GPU    | gpu_memory | 357777408    | 357777408   | 357777408  | 0          

[stage08] input/output identity
device | input_digest                                                     | output_digest                                                   
CPU    | 2bd6556ea2c25c06a2b333e24aa10c2e97a21c313254fad6b82a5fb4ca7bf415 | ae3f058ee5a51bfde9c1261c4e6e0f2d1356ab2c064a8480739e71ae8bbb3fd1
GPU    | 2bd6556ea2c25c06a2b333e24aa10c2e97a21c313254fad6b82a5fb4ca7bf415 | 7c4d0fac8ea11dda0a5dee3afda941d517d2cdf55996a742b2f4e49876bdc50a

[stage08] dtype evidence
requested_dtype | config_input_dtype | output_dtype | actual_input_digest                                              | status
INT16           | INT16              | FP64         | 2bd6556ea2c25c06a2b333e24aa10c2e97a21c313254fad6b82a5fb4ca7bf415 | PASS  

[stage08] evidence files
kind        | path                                                                                                                                                                                                                                   
main_csv    | /tmp/ZKX_dev/results/stage08_table_rerun_chebwin_47ebe13410d3/formal/20260810T031918Z_47ebe13410d3_stage08_b01_formal_88100014/operator_main_results_chebwin_fft_thrust_20260810T031918Z_47ebe13410d3_stage08_b01_formal_88100014.csv  
timing_csv  | /tmp/ZKX_dev/results/stage08_table_rerun_chebwin_47ebe13410d3/formal/20260810T031918Z_47ebe13410d3_stage08_b01_formal_88100014/operator_timing_samples_chebwin_fft_thrust_20260810T031918Z_47ebe13410d3_stage08_b01_formal_88100014.csv
memory_csv  | /tmp/ZKX_dev/results/stage08_table_rerun_chebwin_47ebe13410d3/formal/20260810T031918Z_47ebe13410d3_stage08_b01_formal_88100014/operator_windows_chebwin_memory_trace_fft_thrust.csv                                                    
dtype_csv   | /tmp/ZKX_dev/results/stage08_table_rerun_chebwin_47ebe13410d3/formal/20260810T031918Z_47ebe13410d3_stage08_b01_formal_88100014/operator_dtype_evidence_chebwin_fft_thrust_20260810T031918Z_47ebe13410d3_stage08_b01_formal_88100014.csv
module_csv  | /tmp/ZKX_dev/results/stage08_table_rerun_chebwin_47ebe13410d3/formal/20260810T031918Z_47ebe13410d3_stage08_b01_formal_88100014/windows_batch01_module_summary_fft_thrust_20260810T031918Z_47ebe13410d3_stage08_b01_formal_88100014.csv 
report_json | /tmp/ZKX_dev/results/stage08_table_rerun_chebwin_47ebe13410d3/formal/20260810T031918Z_47ebe13410d3_stage08_b01_formal_88100014/operator_chebwin_report.json                                                                            
summary_txt | /tmp/ZKX_dev/results/stage08_table_rerun_chebwin_47ebe13410d3/formal/20260810T031918Z_47ebe13410d3_stage08_b01_formal_88100014/operator_chebwin_summary.txt                                                                            
full_log    | /tmp/ZKX_dev/results/stage08_table_rerun_chebwin_47ebe13410d3/formal/20260810T031918Z_47ebe13410d3_stage08_b01_formal_88100014/operator_chebwin_full.log                                                                               
results_dir | /tmp/ZKX_dev/results/stage08_table_rerun_chebwin_47ebe13410d3/formal/20260810T031918Z_47ebe13410d3_stage08_b01_formal_88100014                                                                                                         
