command=build_stage08_b04_firwin2_ba26c5229701/stage08_filter_design_firwin2 --dtype INT32 --numtaps 32 --nfreqs 65 --window none --antisymmetric false --fs 16 --warmup 20 --measured 100 --output /tmp/ZKX_dev/results/stage08_input_preview_b04_firwin2_db927ed96663/formal/20260810T083705Z_db927ed96663_stage08_b04_formal_b4020008/firwin2_probe_raw.json
STAGE08_FIRWIN2_PROBE PASS dtype=INT32 numtaps=32 nfreqs=65 backend=fft_thrust
{"actual_input_digest": "9bb7ee17931d2a9a4ebf725bb62923a7d4386220c65c617d97e4564f41e8e011", "antisymmetric": false, "backend": "fft_thrust", "case_id": "firwin2__firwin2_int32_10e3__9bb7ee17931d2a9a", "compute_dtype": "FP32", "dtype_semantics": "actual_same_dtype_freq_gain_arrays", "error_code": "OK", "fft_dtype": "ComplexFP32", "filter_type": "II", "measured_runs": 100, "metrics": {"mse": 3.3703870808340244e-15, "relative_l2": 5.687036828005167e-07, "relative_linf": 5.240684496942937e-07, "rmse": 5.805503493095172e-08}, "nfreqs": 65, "numtaps": 32, "operator_name": "firwin2", "output_dtype": "FP64", "requested_dtype": "INT32", "run_id": "20260810T083705Z_db927ed96663_stage08_b04_formal_b4020008", "scale_id": "firwin2_int32_10e3", "schema_version": 1, "status": "PASS", "typed_input_count": 2, "typed_input_names": "freq|gain", "warmup_runs": 20, "window": "none", "work_items": 2080}
[stage08] identity and status
+---------+--------------------+--------+------------+-------+--------+----------+--------------------------+--------+------------+
| target  | scale_id           | device | backend    | dtype | warmup | measured | timing_scope             | status | error_code |
+---------+--------------------+--------+------------+-------+--------+----------+--------------------------+--------+------------+
| firwin2 | firwin2_int32_10e3 | CPU    | fft_thrust | INT32 | 20     | 100      | compatibility/end-to-end | PASS   | OK         |
| firwin2 | firwin2_int32_10e3 | GPU    | fft_thrust | INT32 | 20     | 100      | compatibility/end-to-end | PASS   | OK         |
+---------+--------------------+--------+------------+-------+--------+----------+--------------------------+--------+------------+

[stage08] timing detail
+--------+---------------------+---------------------+---------------------+---------------------+---------------------+---------------------+-----------------------+-----------------------+---------------------+
| device | mean_ms             | p50_ms              | p95_ms              | p99_ms              | min_ms              | max_ms              | std_ms                | cv                    | speedup             |
+--------+---------------------+---------------------+---------------------+---------------------+---------------------+---------------------+-----------------------+-----------------------+---------------------+
| CPU    | 0.25947931000000002 | 0.25896649999999999 | 0.26715505000000001 | 0.26869839000000001 | 0.25826199999999999 | 0.27032099999999998 | 0.0022079093853462368 | 0.0085089997554958687 | NA                  |
| GPU    | 0.99555884000000006 | 0.98147000000000006 | 1.0497725           | 1.1928036100000006  | 0.95898499999999998 | 1.3143370000000001  | 0.044819748632209     | 0.045019688270970498  | 0.26063683990792547 |
+--------+---------------------+---------------------+---------------------+---------------------+---------------------+---------------------+-----------------------+-----------------------+---------------------+

[stage08] accuracy detail
+-----------------------------------+------------------------+------------------------+------------------------+------------------------+-------------+----------------+-------------------------------------------------------------------------------------------+--------+
| accuracy_reference                | mse                    | rmse                   | relative_l2            | relative_linf          | exact_match | mismatch_count | semantic_check                                                                            | status |
+-----------------------------------+------------------------+------------------------+------------------------+------------------------+-------------+----------------+-------------------------------------------------------------------------------------------+--------+
| cpu_independent_firwin2_reference | 3.3703870808340244e-15 | 5.8055034930951721e-08 | 5.6870368280051672e-07 | 5.2406844969429374e-07 | NA          | NA             | finite_fp64_taps_type_window_and_shape_match_cpu:type=II;window=none;numtaps=32;nfreqs=65 | PASS   |
+-----------------------------------+------------------------+------------------------+------------------------+------------------------+-------------+----------------+-------------------------------------------------------------------------------------------+--------+

[stage08] resource detail
+--------+------------+--------------+-------------+------------+-------------+
| device | metric     | before_bytes | after_bytes | peak_bytes | delta_bytes |
+--------+------------+--------------+-------------+------------+-------------+
| CPU    | cpu_heap   | 1517312      | 1520400     | 1520400    | 3088        |
| CPU    | rss        | 69980160     | 70369280    | 70369280   | 389120      |
| GPU    | cpu_heap   | 1520592      | 1523872     | 1524464    | 3280        |
| GPU    | rss        | 70369280     | 70369280    | 70369280   | 0           |
| GPU    | gpu_memory | 391544832    | 391544832   | 391544832  | 0           |
+--------+------------+--------------+-------------+------------+-------------+

[stage08] input/output identity
+--------+------------------------------------------------------------------+------------------------------------------------------------------+
| device | input_digest                                                     | output_digest                                                    |
+--------+------------------------------------------------------------------+------------------------------------------------------------------+
| CPU    | 9bb7ee17931d2a9a4ebf725bb62923a7d4386220c65c617d97e4564f41e8e011 | ddebe4aa13aa2f17036e84c8a937191a0f7ec331dd5dafc6dd0b35bc01d53a4a |
| GPU    | 9bb7ee17931d2a9a4ebf725bb62923a7d4386220c65c617d97e4564f41e8e011 | 5badb9a978c0c6ab250a0b6ac537c6884792a56562bd3164a4f2b9a16d92152c |
+--------+------------------------------------------------------------------+------------------------------------------------------------------+

[stage08] input content
+------------+-------+-------+----------+-----------------------------+---------------------+
| input_name | shape | dtype | elements | generator                   | values(head4/tail2) |
+------------+-------+-------+----------+-----------------------------+---------------------+
| freq       | [3]   | INT32 | 3        | fixed_frequency_breakpoints | i=0:0;i=1:4;i=2:8   |
| gain       | [3]   | INT32 | 3        | fixed_gain_breakpoints      | i=0:0;i=1:1;i=2:0   |
+------------+-------+-------+----------+-----------------------------+---------------------+

[stage08] case parameters
+--------------------------------------------------------------------------------------------------+
| parameters                                                                                       |
+--------------------------------------------------------------------------------------------------+
| {"antisymmetric":"false","dtype":"INT32","fs":"16","nfreqs":"65","numtaps":"32","window":"none"} |
+--------------------------------------------------------------------------------------------------+

[stage08] dtype evidence
+-----------------+--------------------+--------------+------------------------------------------------------------------+--------+
| requested_dtype | config_input_dtype | output_dtype | actual_input_digest                                              | status |
+-----------------+--------------------+--------------+------------------------------------------------------------------+--------+
| INT32           | NA                 | FP64         | 9bb7ee17931d2a9a4ebf725bb62923a7d4386220c65c617d97e4564f41e8e011 | PASS   |
+-----------------+--------------------+--------------+------------------------------------------------------------------+--------+

[stage08] evidence files
+----------------+-----------------------------------------------------------------------------------------------------------------------------------------------------------------------------------------------------------------------------------------------+
| kind           | path                                                                                                                                                                                                                                          |
+----------------+-----------------------------------------------------------------------------------------------------------------------------------------------------------------------------------------------------------------------------------------------+
| probe_raw_json | /tmp/ZKX_dev/results/stage08_input_preview_b04_firwin2_db927ed96663/formal/20260810T083705Z_db927ed96663_stage08_b04_formal_b4020008/firwin2_probe_raw.json                                                                                   |
| dtype_csv      | /tmp/ZKX_dev/results/stage08_input_preview_b04_firwin2_db927ed96663/formal/20260810T083705Z_db927ed96663_stage08_b04_formal_b4020008/operator_dtype_evidence_firwin2_fft_thrust_20260810T083705Z_db927ed96663_stage08_b04_formal_b4020008.csv |
| memory_csv     | /tmp/ZKX_dev/results/stage08_input_preview_b04_firwin2_db927ed96663/formal/20260810T083705Z_db927ed96663_stage08_b04_formal_b4020008/operator_filter_design_firwin2_memory_trace_fft_thrust.csv                                               |
| full_log       | /tmp/ZKX_dev/results/stage08_input_preview_b04_firwin2_db927ed96663/formal/20260810T083705Z_db927ed96663_stage08_b04_formal_b4020008/operator_firwin2_full.log                                                                                |
| report_json    | /tmp/ZKX_dev/results/stage08_input_preview_b04_firwin2_db927ed96663/formal/20260810T083705Z_db927ed96663_stage08_b04_formal_b4020008/operator_firwin2_report.json                                                                             |
| summary_txt    | /tmp/ZKX_dev/results/stage08_input_preview_b04_firwin2_db927ed96663/formal/20260810T083705Z_db927ed96663_stage08_b04_formal_b4020008/operator_firwin2_summary.txt                                                                             |
| main_csv       | /tmp/ZKX_dev/results/stage08_input_preview_b04_firwin2_db927ed96663/formal/20260810T083705Z_db927ed96663_stage08_b04_formal_b4020008/operator_main_results_firwin2_fft_thrust_20260810T083705Z_db927ed96663_stage08_b04_formal_b4020008.csv   |
| timing_csv     | /tmp/ZKX_dev/results/stage08_input_preview_b04_firwin2_db927ed96663/formal/20260810T083705Z_db927ed96663_stage08_b04_formal_b4020008/operator_timing_samples_firwin2_fft_thrust_20260810T083705Z_db927ed96663_stage08_b04_formal_b4020008.csv |
+----------------+-----------------------------------------------------------------------------------------------------------------------------------------------------------------------------------------------------------------------------------------------+
