command=build_stage08_b03_decimate_02b9734201c9/stage08_filtering_decimate --dtype INT16 --rows 10 --cols 10 --q 2 --filter-order -1 --zero-phase false --custom-coefficients true --seed 83440001 --warmup 20 --measured 100 --output /tmp/ZKX_dev/results/stage08_input_preview_b03_decimate_5bf09d215ce4/formal/20260810T075004Z_5bf09d215ce4_stage08_b03_formal_9901400a/decimate_probe_raw.json
STAGE08_DECIMATE_PROBE PASS dtype=INT16 shape=10x10 q=2 custom=true backend=not_applicable
{"actual_input_digest": "7d9d2c2fa25f0b6e6576ab4e041a1a17e9ed94370dc93a01dd1c7935406451da", "axis": 1, "backend": "not_applicable", "case_id": "decimate__decimate_int16_10e2__7d9d2c2fa25f0b6e", "compute_dtype": "FP32", "custom_coefficients": true, "dtype_semantics": "actual_typed_array_inputs_fp32_fir_decimate_extension", "error_code": "OK", "fft_dtype": "not_applicable", "measured_runs": 100, "metrics": {"mse": 0, "relative_l2": 0, "relative_linf": 0, "rmse": 0}, "operator_name": "decimate", "output_dtype": "FP32", "q": 2, "requested_dtype": "INT16", "run_id": "20260810T075004Z_5bf09d215ce4_stage08_b03_formal_9901400a", "scale_id": "decimate_int16_10e2", "schema_version": 1, "status": "PASS", "typed_input_count": 2, "typed_input_names": "x|h", "warmup_runs": 20, "zero_phase": false}
[stage08] identity and status
+----------+---------------------+--------+----------------+-------+--------+----------+--------------------------+--------+------------+
| target   | scale_id            | device | backend        | dtype | warmup | measured | timing_scope             | status | error_code |
+----------+---------------------+--------+----------------+-------+--------+----------+--------------------------+--------+------------+
| decimate | decimate_int16_10e2 | CPU    | not_applicable | INT16 | 20     | 100      | compatibility/end-to-end | PASS   | OK         |
| decimate | decimate_int16_10e2 | GPU    | not_applicable | INT16 | 20     | 100      | compatibility/end-to-end | PASS   | OK         |
+----------+---------------------+--------+----------------+-------+--------+----------+--------------------------+--------+------------+

[stage08] timing detail
+--------+-----------------------+-----------------------+-----------------------+-----------------------+-----------------------+-----------------------+------------------------+-----------------------+----------------------+
| device | mean_ms               | p50_ms                | p95_ms                | p99_ms                | min_ms                | max_ms                | std_ms                 | cv                    | speedup              |
+--------+-----------------------+-----------------------+-----------------------+-----------------------+-----------------------+-----------------------+------------------------+-----------------------+----------------------+
| CPU    | 0.0043199399999999995 | 0.0043149999999999994 | 0.0043724499999999999 | 0.0044201000000000006 | 0.0042700000000000004 | 0.0044299999999999999 | 3.0961853949658704e-05 | 0.0071671953660603404 | NA                   |
| GPU    | 0.38494281000000002   | 0.3766835             | 0.42943699999999996   | 0.45367742000000094   | 0.36937399999999998   | 0.632216              | 0.030186509977701961   | 0.078418168085025303  | 0.011222290396851416 |
+--------+-----------------------+-----------------------+-----------------------+-----------------------+-----------------------+-----------------------+------------------------+-----------------------+----------------------+

[stage08] accuracy detail
+----------------------------------+-----+------+-------------+---------------+-------------+----------------+------------------------------------------------------------------------------------------------------------------------------------------+--------+
| accuracy_reference               | mse | rmse | relative_l2 | relative_linf | exact_match | mismatch_count | semantic_check                                                                                                                           | status |
+----------------------------------+-----+------+-------------+---------------+-------------+----------------+------------------------------------------------------------------------------------------------------------------------------------------+--------+
| cpu_typed_fir_decimate_reference | 0   | 0    | 0           | 0             | NA          | NA             | finite_decimated_signal_shape_filter_phase_and_output_dtype_match_cpu:shape=[10, 10];axis=1;q=2;zero_phase=False;custom=True;finite=true | PASS   |
+----------------------------------+-----+------+-------------+---------------+-------------+----------------+------------------------------------------------------------------------------------------------------------------------------------------+--------+

[stage08] resource detail
+--------+------------+--------------+-------------+------------+-------------+
| device | metric     | before_bytes | after_bytes | peak_bytes | delta_bytes |
+--------+------------+--------------+-------------+------------+-------------+
| CPU    | cpu_heap   | 1405584      | 1409168     | 1409168    | 3584        |
| CPU    | rss        | 69963776     | 70283264    | 70283264   | 319488      |
| GPU    | cpu_heap   | 1409168      | 1412224     | 1412224    | 3056        |
| GPU    | rss        | 70283264     | 70283264    | 70283264   | 0           |
| GPU    | gpu_memory | 341000192    | 341000192   | 341000192  | 0           |
+--------+------------+--------------+-------------+------------+-------------+

[stage08] input/output identity
+--------+------------------------------------------------------------------+------------------------------------------------------------------+
| device | input_digest                                                     | output_digest                                                    |
+--------+------------------------------------------------------------------+------------------------------------------------------------------+
| CPU    | 7d9d2c2fa25f0b6e6576ab4e041a1a17e9ed94370dc93a01dd1c7935406451da | 5a2029ffa8aa5a82acffb34114633e7386b37a5fca90584c379c9e84bb62dfad |
| GPU    | 7d9d2c2fa25f0b6e6576ab4e041a1a17e9ed94370dc93a01dd1c7935406451da | 5a2029ffa8aa5a82acffb34114633e7386b37a5fca90584c379c9e84bb62dfad |
+--------+------------------------------------------------------------------+------------------------------------------------------------------+

[stage08] input content
+------------+---------+-------+----------+---------------------------------------------+------------------------------------------+
| input_name | shape   | dtype | elements | generator                                   | values(head4/tail2)                      |
+------------+---------+-------+----------+---------------------------------------------+------------------------------------------+
| x          | [10x10] | INT16 | 100      | modular_signal(seed=83440001,integral=true) | i=0:-8;i=1:9;i=2:3;i=3:-3;i=98:2;i=99:-4 |
| h          | [5]     | INT16 | 5        | fixed_custom_coefficients                   | i=0:1;i=1:2;i=2:1;i=3:-1;i=4:1           |
+------------+---------+-------+----------+---------------------------------------------+------------------------------------------+

[stage08] case parameters
+-------------------------------------------------------------------------------------------------------------------------------------------+
| parameters                                                                                                                                |
+-------------------------------------------------------------------------------------------------------------------------------------------+
| {"cols":"10","custom-coefficients":"true","dtype":"INT16","filter-order":"-1","q":"2","rows":"10","seed":"83440001","zero-phase":"false"} |
+-------------------------------------------------------------------------------------------------------------------------------------------+

[stage08] dtype evidence
+-----------------+--------------------+--------------+------------------------------------------------------------------+--------+
| requested_dtype | config_input_dtype | output_dtype | actual_input_digest                                              | status |
+-----------------+--------------------+--------------+------------------------------------------------------------------+--------+
| INT16           | NA                 | FP32         | 7d9d2c2fa25f0b6e6576ab4e041a1a17e9ed94370dc93a01dd1c7935406451da | PASS   |
+-----------------+--------------------+--------------+------------------------------------------------------------------+--------+

[stage08] evidence files
+----------------+-----------------------------------------------------------------------------------------------------------------------------------------------------------------------------------------------------------------------------------------------------+
| kind           | path                                                                                                                                                                                                                                                |
+----------------+-----------------------------------------------------------------------------------------------------------------------------------------------------------------------------------------------------------------------------------------------------+
| probe_raw_json | /tmp/ZKX_dev/results/stage08_input_preview_b03_decimate_5bf09d215ce4/formal/20260810T075004Z_5bf09d215ce4_stage08_b03_formal_9901400a/decimate_probe_raw.json                                                                                       |
| full_log       | /tmp/ZKX_dev/results/stage08_input_preview_b03_decimate_5bf09d215ce4/formal/20260810T075004Z_5bf09d215ce4_stage08_b03_formal_9901400a/operator_decimate_full.log                                                                                    |
| report_json    | /tmp/ZKX_dev/results/stage08_input_preview_b03_decimate_5bf09d215ce4/formal/20260810T075004Z_5bf09d215ce4_stage08_b03_formal_9901400a/operator_decimate_report.json                                                                                 |
| summary_txt    | /tmp/ZKX_dev/results/stage08_input_preview_b03_decimate_5bf09d215ce4/formal/20260810T075004Z_5bf09d215ce4_stage08_b03_formal_9901400a/operator_decimate_summary.txt                                                                                 |
| dtype_csv      | /tmp/ZKX_dev/results/stage08_input_preview_b03_decimate_5bf09d215ce4/formal/20260810T075004Z_5bf09d215ce4_stage08_b03_formal_9901400a/operator_dtype_evidence_decimate_not_applicable_20260810T075004Z_5bf09d215ce4_stage08_b03_formal_9901400a.csv |
| memory_csv     | /tmp/ZKX_dev/results/stage08_input_preview_b03_decimate_5bf09d215ce4/formal/20260810T075004Z_5bf09d215ce4_stage08_b03_formal_9901400a/operator_filtering_decimate_memory_trace_not_applicable.csv                                                   |
| main_csv       | /tmp/ZKX_dev/results/stage08_input_preview_b03_decimate_5bf09d215ce4/formal/20260810T075004Z_5bf09d215ce4_stage08_b03_formal_9901400a/operator_main_results_decimate_not_applicable_20260810T075004Z_5bf09d215ce4_stage08_b03_formal_9901400a.csv   |
| timing_csv     | /tmp/ZKX_dev/results/stage08_input_preview_b03_decimate_5bf09d215ce4/formal/20260810T075004Z_5bf09d215ce4_stage08_b03_formal_9901400a/operator_timing_samples_decimate_not_applicable_20260810T075004Z_5bf09d215ce4_stage08_b03_formal_9901400a.csv |
+----------------+-----------------------------------------------------------------------------------------------------------------------------------------------------------------------------------------------------------------------------------------------------+
