[stage08-b06-formal] case=0 scale=lombscargle_fp32_10e2 status=starting
STAGE08_LOMBSCARGLE_CASE PASS scale=lombscargle_fp32_10e2 dtype=FP32 backend=not_applicable measured=100 results=/tmp/ZKX_dev/results/stage08_b06_lombscargle_ab7484afd8df/formal/20260809T153451Z_ab7484afd8df_stage08_b06_formal_8633f000
[stage08-b06-formal] case=0 scale=lombscargle_fp32_10e2 status=completed
[stage08-b06-formal] case=1 scale=lombscargle_fp32_10e3 status=starting
STAGE08_LOMBSCARGLE_CASE PASS scale=lombscargle_fp32_10e3 dtype=FP32 backend=not_applicable measured=100 results=/tmp/ZKX_dev/results/stage08_b06_lombscargle_ab7484afd8df/formal/20260809T153451Z_ab7484afd8df_stage08_b06_formal_8633f001
[stage08-b06-formal] case=1 scale=lombscargle_fp32_10e3 status=completed
[stage08-b06-formal] case=2 scale=lombscargle_fp32_10e4 status=starting
STAGE08_LOMBSCARGLE_CASE PASS scale=lombscargle_fp32_10e4 dtype=FP32 backend=not_applicable measured=100 results=/tmp/ZKX_dev/results/stage08_b06_lombscargle_ab7484afd8df/formal/20260809T153451Z_ab7484afd8df_stage08_b06_formal_8633f002
[stage08-b06-formal] case=2 scale=lombscargle_fp32_10e4 status=completed
[stage08-b06-formal] case=3 scale=lombscargle_fp16_10e2 status=starting
STAGE08_LOMBSCARGLE_CASE PASS scale=lombscargle_fp16_10e2 dtype=FP16 backend=not_applicable measured=100 results=/tmp/ZKX_dev/results/stage08_b06_lombscargle_ab7484afd8df/formal/20260809T153451Z_ab7484afd8df_stage08_b06_formal_8633f003
[stage08-b06-formal] case=3 scale=lombscargle_fp16_10e2 status=completed
[stage08-b06-formal] case=4 scale=lombscargle_fp16_10e3 status=starting
STAGE08_LOMBSCARGLE_CASE PASS scale=lombscargle_fp16_10e3 dtype=FP16 backend=not_applicable measured=100 results=/tmp/ZKX_dev/results/stage08_b06_lombscargle_ab7484afd8df/formal/20260809T153451Z_ab7484afd8df_stage08_b06_formal_8633f004
[stage08-b06-formal] case=4 scale=lombscargle_fp16_10e3 status=completed
[stage08-b06-formal] case=5 scale=lombscargle_fp16_10e4 status=starting
STAGE08_LOMBSCARGLE_CASE PASS scale=lombscargle_fp16_10e4 dtype=FP16 backend=not_applicable measured=100 results=/tmp/ZKX_dev/results/stage08_b06_lombscargle_ab7484afd8df/formal/20260809T153451Z_ab7484afd8df_stage08_b06_formal_8633f005
[stage08-b06-formal] case=5 scale=lombscargle_fp16_10e4 status=completed
[stage08-b06-formal] case=6 scale=lombscargle_int32_10e2 status=starting
STAGE08_LOMBSCARGLE_CASE PASS scale=lombscargle_int32_10e2 dtype=INT32 backend=not_applicable measured=100 results=/tmp/ZKX_dev/results/stage08_b06_lombscargle_ab7484afd8df/formal/20260809T153452Z_ab7484afd8df_stage08_b06_formal_8633f006
[stage08-b06-formal] case=6 scale=lombscargle_int32_10e2 status=completed
[stage08-b06-formal] case=7 scale=lombscargle_int32_10e3 status=starting
STAGE08_LOMBSCARGLE_CASE PASS scale=lombscargle_int32_10e3 dtype=INT32 backend=not_applicable measured=100 results=/tmp/ZKX_dev/results/stage08_b06_lombscargle_ab7484afd8df/formal/20260809T153452Z_ab7484afd8df_stage08_b06_formal_8633f007
[stage08-b06-formal] case=7 scale=lombscargle_int32_10e3 status=completed
[stage08-b06-formal] case=8 scale=lombscargle_int32_10e4 status=starting
STAGE08_LOMBSCARGLE_CASE PASS scale=lombscargle_int32_10e4 dtype=INT32 backend=not_applicable measured=100 results=/tmp/ZKX_dev/results/stage08_b06_lombscargle_ab7484afd8df/formal/20260809T153452Z_ab7484afd8df_stage08_b06_formal_8633f008
[stage08-b06-formal] case=8 scale=lombscargle_int32_10e4 status=completed
[stage08-b06-formal] case=9 scale=lombscargle_int16_10e2 status=starting
STAGE08_LOMBSCARGLE_CASE PASS scale=lombscargle_int16_10e2 dtype=INT16 backend=not_applicable measured=100 results=/tmp/ZKX_dev/results/stage08_b06_lombscargle_ab7484afd8df/formal/20260809T153452Z_ab7484afd8df_stage08_b06_formal_8633f009
[stage08-b06-formal] case=9 scale=lombscargle_int16_10e2 status=completed
[stage08-b06-formal] case=10 scale=lombscargle_int16_10e3 status=starting
STAGE08_LOMBSCARGLE_CASE PASS scale=lombscargle_int16_10e3 dtype=INT16 backend=not_applicable measured=100 results=/tmp/ZKX_dev/results/stage08_b06_lombscargle_ab7484afd8df/formal/20260809T153452Z_ab7484afd8df_stage08_b06_formal_8633f00a
[stage08-b06-formal] case=10 scale=lombscargle_int16_10e3 status=completed
[stage08-b06-formal] case=11 scale=lombscargle_int16_10e4 status=starting
STAGE08_LOMBSCARGLE_CASE PASS scale=lombscargle_int16_10e4 dtype=INT16 backend=not_applicable measured=100 results=/tmp/ZKX_dev/results/stage08_b06_lombscargle_ab7484afd8df/formal/20260809T153453Z_ab7484afd8df_stage08_b06_formal_8633f00b
[stage08-b06-formal] case=11 scale=lombscargle_int16_10e4 status=completed
[stage08-b06-formal] case=12 scale=lombscargle_int8_10e2 status=starting
STAGE08_LOMBSCARGLE_CASE PASS scale=lombscargle_int8_10e2 dtype=INT8 backend=not_applicable measured=100 results=/tmp/ZKX_dev/results/stage08_b06_lombscargle_ab7484afd8df/formal/20260809T153453Z_ab7484afd8df_stage08_b06_formal_8633f00c
[stage08-b06-formal] case=12 scale=lombscargle_int8_10e2 status=completed
[stage08-b06-formal] case=13 scale=lombscargle_int8_10e3 status=starting
STAGE08_LOMBSCARGLE_CASE PASS scale=lombscargle_int8_10e3 dtype=INT8 backend=not_applicable measured=100 results=/tmp/ZKX_dev/results/stage08_b06_lombscargle_ab7484afd8df/formal/20260809T153453Z_ab7484afd8df_stage08_b06_formal_8633f00d
[stage08-b06-formal] case=13 scale=lombscargle_int8_10e3 status=completed
[stage08-b06-formal] case=14 scale=lombscargle_int8_10e4 status=starting
STAGE08_LOMBSCARGLE_CASE PASS scale=lombscargle_int8_10e4 dtype=INT8 backend=not_applicable measured=100 results=/tmp/ZKX_dev/results/stage08_b06_lombscargle_ab7484afd8df/formal/20260809T153453Z_ab7484afd8df_stage08_b06_formal_8633f00e
[stage08-b06-formal] case=14 scale=lombscargle_int8_10e4 status=completed
[stage08-b06-formal] cases=15 status=completed
