command=build_stage08_b07_morlet_167aadba1745/stage08_wavelets_morlet --dtype INT8 --n 100 --frequency 5 --scale 1 --complete true --warmup 20 --measured 100 --output /tmp/ZKX_dev/results/stage08_input_preview_b07_morlet_ed9b9505e41d/formal/20260810T090708Z_ed9b9505e41d_stage08_b07_formal_8751000c/morlet_probe_raw.json
{"run_id": "20260810T090708Z_ed9b9505e41d_stage08_b07_formal_8751000c", "case_id": "morlet__morlet_int8_10e2__884a156c91849e6a", "operator_name": "morlet", "scale_id": "morlet_int8_10e2", "requested_dtype": "INT8", "output_dtype": "ComplexFP64", "backend": "not_applicable", "n": 100, "frequency": 5, "scale": 1, "complete": true, "output_count": 100, "warmup_runs": 20, "measured_runs": 100, "mse": 9.05263e-15, "rmse": 9.51453e-08, "relative_l2": 4.79391e-07, "relative_linf": 5.27908e-07, "status": "PASS", "error_code": "OK"}
[stage08] identity and status
+--------+------------------+--------+----------------+-------+--------+----------+--------------------------+--------+------------+
| target | scale_id         | device | backend        | dtype | warmup | measured | timing_scope             | status | error_code |
+--------+------------------+--------+----------------+-------+--------+----------+--------------------------+--------+------------+
| morlet | morlet_int8_10e2 | CPU    | not_applicable | INT8  | 20     | 100      | compatibility/end-to-end | PASS   | OK         |
| morlet | morlet_int8_10e2 | GPU    | not_applicable | INT8  | 20     | 100      | compatibility/end-to-end | PASS   | OK         |
+--------+------------------+--------+----------------+-------+--------+----------+--------------------------+--------+------------+

[stage08] timing detail
+--------+------------+-----------+----------+-----------+----------+----------+-----------------------+-----------------------+---------------------+
| device | mean_ms    | p50_ms    | p95_ms   | p99_ms    | min_ms   | max_ms   | std_ms                | cv                    | speedup             |
+--------+------------+-----------+----------+-----------+----------+----------+-----------------------+-----------------------+---------------------+
| CPU    | 0.00802404 | 0.00802   | 0.00808  | 0.0081301 | 0.00795  | 0.00814  | 3.126209206051314e-05 | 0.0038960538656977214 | NA                  |
| GPU    | 0.24647355 | 0.2459715 | 0.256588 | 0.259341  | 0.234281 | 0.261222 | 0.004249836425969827  | 0.017242565889807757  | 0.03255537967461417 |
+--------+------------+-----------+----------+-----------+----------+----------+-----------------------+-----------------------+---------------------+

[stage08] accuracy detail
+-------------------------+-------------+-------------+-------------+---------------+-------------+----------------+--------------------------------+--------+
| accuracy_reference      | mse         | rmse        | relative_l2 | relative_linf | exact_match | mismatch_count | semantic_check                 | status |
+-------------------------+-------------+-------------+-------------+---------------+-------------+----------------+--------------------------------+--------+
| cpu_morlet_complex_fp64 | 9.05263e-15 | 9.51453e-08 | 4.79391e-07 | 5.27908e-07   | NA          | NA             | output_count=100;complete=true | PASS   |
+-------------------------+-------------+-------------+-------------+---------------+-------------+----------------+--------------------------------+--------+

[stage08] resource detail
+--------+------------+--------------+-------------+------------+-------------+
| device | metric     | before_bytes | after_bytes | peak_bytes | delta_bytes |
+--------+------------+--------------+-------------+------------+-------------+
| CPU    | cpu_heap   | 1393808      | 1400320     | 1400320    | 6512        |
| CPU    | rss        | 69419008     | 69419008    | 69419008   | 0           |
| GPU    | cpu_heap   | 1400416      | 1404976     | 1404976    | 4560        |
| GPU    | rss        | 69419008     | 69419008    | 69419008   | 0           |
| GPU    | gpu_memory | 341000192    | 341000192   | 341000192  | 0           |
+--------+------------+--------------+-------------+------------+-------------+

[stage08] input/output identity
+--------+------------------------------------------------------------------+------------------------------------------------------------------+
| device | input_digest                                                     | output_digest                                                    |
+--------+------------------------------------------------------------------+------------------------------------------------------------------+
| CPU    | 884a156c91849e6a9d03015d5cdc1d8ed7eebe0d39ec43e0323626603c4aa524 | 386aa9ca7d78fc035c68c0c74de10daa46616d54c24ffb6dffd1d120fbe6e1f7 |
| GPU    | 884a156c91849e6a9d03015d5cdc1d8ed7eebe0d39ec43e0323626603c4aa524 | 8bae009d90b4cc4c0a5cdf76f9e5b275db7284c391dd6889d57821aeac4a0e6d |
+--------+------------------------------------------------------------------+------------------------------------------------------------------+

[stage08] input content
+------------+--------+-------+----------+-------------------------+---------------------+
| input_name | shape  | dtype | elements | generator               | values(head4/tail2) |
+------------+--------+-------+----------+-------------------------+---------------------+
| frequency  | scalar | INT8  | 1        | configured_typed_scalar | i=0:5               |
| scale      | scalar | INT8  | 1        | configured_typed_scalar | i=0:1               |
+------------+--------+-------+----------+-------------------------+---------------------+

[stage08] case parameters
+--------------------------------------------------------------------------+
| parameters                                                               |
+--------------------------------------------------------------------------+
| {"complete":"true","dtype":"INT8","frequency":"5","n":"100","scale":"1"} |
+--------------------------------------------------------------------------+

[stage08] dtype evidence
+-----------------+--------------------+--------------+------------------------------------------------------------------+--------+
| requested_dtype | config_input_dtype | output_dtype | actual_input_digest                                              | status |
+-----------------+--------------------+--------------+------------------------------------------------------------------+--------+
| INT8            | NA                 | ComplexFP64  | 884a156c91849e6a9d03015d5cdc1d8ed7eebe0d39ec43e0323626603c4aa524 | PASS   |
+-----------------+--------------------+--------------+------------------------------------------------------------------+--------+

[stage08] evidence files
+----------------+-------------------------------------------------------------------------------------------------------------------------------------------------------------------------------------------------------------------------------------------------+
| kind           | path                                                                                                                                                                                                                                            |
+----------------+-------------------------------------------------------------------------------------------------------------------------------------------------------------------------------------------------------------------------------------------------+
| probe_raw_json | /tmp/ZKX_dev/results/stage08_input_preview_b07_morlet_ed9b9505e41d/formal/20260810T090708Z_ed9b9505e41d_stage08_b07_formal_8751000c/morlet_probe_raw.json                                                                                       |
| dtype_csv      | /tmp/ZKX_dev/results/stage08_input_preview_b07_morlet_ed9b9505e41d/formal/20260810T090708Z_ed9b9505e41d_stage08_b07_formal_8751000c/operator_dtype_evidence_morlet_not_applicable_20260810T090708Z_ed9b9505e41d_stage08_b07_formal_8751000c.csv |
| main_csv       | /tmp/ZKX_dev/results/stage08_input_preview_b07_morlet_ed9b9505e41d/formal/20260810T090708Z_ed9b9505e41d_stage08_b07_formal_8751000c/operator_main_results_morlet_not_applicable_20260810T090708Z_ed9b9505e41d_stage08_b07_formal_8751000c.csv   |
| full_log       | /tmp/ZKX_dev/results/stage08_input_preview_b07_morlet_ed9b9505e41d/formal/20260810T090708Z_ed9b9505e41d_stage08_b07_formal_8751000c/operator_morlet_full.log                                                                                    |
| report_json    | /tmp/ZKX_dev/results/stage08_input_preview_b07_morlet_ed9b9505e41d/formal/20260810T090708Z_ed9b9505e41d_stage08_b07_formal_8751000c/operator_morlet_report.json                                                                                 |
| summary_txt    | /tmp/ZKX_dev/results/stage08_input_preview_b07_morlet_ed9b9505e41d/formal/20260810T090708Z_ed9b9505e41d_stage08_b07_formal_8751000c/operator_morlet_summary.txt                                                                                 |
| timing_csv     | /tmp/ZKX_dev/results/stage08_input_preview_b07_morlet_ed9b9505e41d/formal/20260810T090708Z_ed9b9505e41d_stage08_b07_formal_8751000c/operator_timing_samples_morlet_not_applicable_20260810T090708Z_ed9b9505e41d_stage08_b07_formal_8751000c.csv |
| memory_csv     | /tmp/ZKX_dev/results/stage08_input_preview_b07_morlet_ed9b9505e41d/formal/20260810T090708Z_ed9b9505e41d_stage08_b07_formal_8751000c/operator_wavelets_morlet_memory_trace_not_applicable.csv                                                    |
+----------------+-------------------------------------------------------------------------------------------------------------------------------------------------------------------------------------------------------------------------------------------------+
