command=build_stage08_b05_detrend_2140b2b84ec4/stage08_filtering_detrend --dtype INT16 --mode linear --breakpoints  --rank 2 --rows 32 --cols 32 --axis 1 --seed 85140002 --warmup 20 --measured 100 --output /tmp/ZKX_dev/results/stage08_input_preview_b05_detrend_652061b694fc/formal/20260810T084555Z_652061b694fc_stage08_b05_formal_8561000a/detrend_probe_raw.json
STAGE08_DETREND_PROBE PASS dtype=INT16 mode=linear
{"run_id": "20260810T084555Z_652061b694fc_stage08_b05_formal_8561000a", "case_id": "detrend__detrend_int16_10e3__9e69454c5651e037", "operator_name": "detrend", "scale_id": "detrend_int16_10e3", "requested_dtype": "INT16", "output_dtype": "FP64", "backend": "not_applicable", "mode": "linear", "axis": 1, "breakpoints": [], "rank": 2, "warmup_runs": 20, "measured_runs": 100, "mse": 1.21793e-12, "rmse": 1.1036e-06, "relative_l2": 1.58227e-06, "relative_linf": 2.24208e-06, "status": "PASS", "error_code": "OK"}
[stage08] identity and status
+---------+--------------------+--------+----------------+-------+--------+----------+--------------------------+--------+------------+
| target  | scale_id           | device | backend        | dtype | warmup | measured | timing_scope             | status | error_code |
+---------+--------------------+--------+----------------+-------+--------+----------+--------------------------+--------+------------+
| detrend | detrend_int16_10e3 | CPU    | not_applicable | INT16 | 20     | 100      | compatibility/end-to-end | PASS   | OK         |
| detrend | detrend_int16_10e3 | GPU    | not_applicable | INT16 | 20     | 100      | compatibility/end-to-end | PASS   | OK         |
+---------+--------------------+--------+----------------+-------+--------+----------+--------------------------+--------+------------+

[stage08] timing detail
+--------+----------------------+----------------------+----------------------+----------------------+----------------------+----------------------+------------------------+----------------------+----------------------+
| device | mean_ms              | p50_ms               | p95_ms               | p99_ms               | min_ms               | max_ms               | std_ms                 | cv                   | speedup              |
+--------+----------------------+----------------------+----------------------+----------------------+----------------------+----------------------+------------------------+----------------------+----------------------+
| CPU    | 0.035251290000000005 | 0.035150000000000001 | 0.035290550000000004 | 0.035473310000000043 | 0.035040000000000002 | 0.043721000000000003 | 0.00085440384239538652 | 0.024237519886375403 | NA                   |
| GPU    | 0.50262916000000002  | 0.4933825            | 0.56460149999999998  | 0.60477751000000035  | 0.47676299999999999  | 0.66561400000000004  | 0.029716771140458721   | 0.059122656434136688 | 0.070133794067976485 |
+--------+----------------------+----------------------+----------------------+----------------------+----------------------+----------------------+------------------------+----------------------+----------------------+

[stage08] accuracy detail
+-----------------------+-------------+------------+-------------+---------------+-------------+----------------+--------------------------------------------------------+--------+
| accuracy_reference    | mse         | rmse       | relative_l2 | relative_linf | exact_match | mismatch_count | semantic_check                                         | status |
+-----------------------+-------------+------------+-------------+---------------+-------------+----------------+--------------------------------------------------------+--------+
| cpu_detrend_reference | 1.21793e-12 | 1.1036e-06 | 1.58227e-06 | 2.24208e-06   | NA          | NA             | shape_axis_mode_breakpoints_and_output_dtype_match_cpu | PASS   |
+-----------------------+-------------+------------+-------------+---------------+-------------+----------------+--------------------------------------------------------+--------+

[stage08] resource detail
+--------+------------+--------------+-------------+------------+-------------+
| device | metric     | before_bytes | after_bytes | peak_bytes | delta_bytes |
+--------+------------+--------------+-------------+------------+-------------+
| CPU    | cpu_heap   | 1457440      | 1462240     | 1470448    | 4800        |
| CPU    | rss        | 70242304     | 70242304    | 70242304   | 0           |
| GPU    | cpu_heap   | 1463968      | 1476208     | 1476208    | 12240       |
| GPU    | rss        | 70242304     | 70242304    | 70242304   | 0           |
| GPU    | gpu_memory | 408322048    | 408322048   | 408322048  | 0           |
+--------+------------+--------------+-------------+------------+-------------+

[stage08] input/output identity
+--------+------------------------------------------------------------------+------------------------------------------------------------------+
| device | input_digest                                                     | output_digest                                                    |
+--------+------------------------------------------------------------------+------------------------------------------------------------------+
| CPU    | 9e69454c5651e03786aab193c43df450a631ee641662278c4d2708da6c4fccc7 | 84325b3d6c0cdcf5ad66a952a74c98019f415d52b500a98bd9fff9c540cc7da0 |
| GPU    | 9e69454c5651e03786aab193c43df450a631ee641662278c4d2708da6c4fccc7 | f7ce89ba05e6c95af3f950ef586482d66f8f116cea50fce555ee9c60e7c97ad4 |
+--------+------------------------------------------------------------------+------------------------------------------------------------------+

[stage08] input content
+------------+---------+-------+----------+-------------------------------------------------------+---------------------------------------------+
| input_name | shape   | dtype | elements | generator                                             | values(head4/tail2)                         |
+------------+---------+-------+----------+-------------------------------------------------------+---------------------------------------------+
| x          | [32x32] | INT16 | 1024     | trend_plus_modular_noise(seed=85140002,integral=true) | i=0:0;i=1:0;i=2:0;i=3:0;i=1022:51;i=1023:52 |
+------------+---------+-------+----------+-------------------------------------------------------+---------------------------------------------+

[stage08] case parameters
+--------------------------------------------------------------------------------------------------------------------+
| parameters                                                                                                         |
+--------------------------------------------------------------------------------------------------------------------+
| {"axis":"1","breakpoints":"","cols":"32","dtype":"INT16","mode":"linear","rank":"2","rows":"32","seed":"85140002"} |
+--------------------------------------------------------------------------------------------------------------------+

[stage08] dtype evidence
+-----------------+--------------------+--------------+------------------------------------------------------------------+--------+
| requested_dtype | config_input_dtype | output_dtype | actual_input_digest                                              | status |
+-----------------+--------------------+--------------+------------------------------------------------------------------+--------+
| INT16           | NA                 | FP64         | 9e69454c5651e03786aab193c43df450a631ee641662278c4d2708da6c4fccc7 | PASS   |
+-----------------+--------------------+--------------+------------------------------------------------------------------+--------+

[stage08] evidence files
+----------------+---------------------------------------------------------------------------------------------------------------------------------------------------------------------------------------------------------------------------------------------------+
| kind           | path                                                                                                                                                                                                                                              |
+----------------+---------------------------------------------------------------------------------------------------------------------------------------------------------------------------------------------------------------------------------------------------+
| probe_raw_json | /tmp/ZKX_dev/results/stage08_input_preview_b05_detrend_652061b694fc/formal/20260810T084555Z_652061b694fc_stage08_b05_formal_8561000a/detrend_probe_raw.json                                                                                       |
| full_log       | /tmp/ZKX_dev/results/stage08_input_preview_b05_detrend_652061b694fc/formal/20260810T084555Z_652061b694fc_stage08_b05_formal_8561000a/operator_detrend_full.log                                                                                    |
| report_json    | /tmp/ZKX_dev/results/stage08_input_preview_b05_detrend_652061b694fc/formal/20260810T084555Z_652061b694fc_stage08_b05_formal_8561000a/operator_detrend_report.json                                                                                 |
| summary_txt    | /tmp/ZKX_dev/results/stage08_input_preview_b05_detrend_652061b694fc/formal/20260810T084555Z_652061b694fc_stage08_b05_formal_8561000a/operator_detrend_summary.txt                                                                                 |
| dtype_csv      | /tmp/ZKX_dev/results/stage08_input_preview_b05_detrend_652061b694fc/formal/20260810T084555Z_652061b694fc_stage08_b05_formal_8561000a/operator_dtype_evidence_detrend_not_applicable_20260810T084555Z_652061b694fc_stage08_b05_formal_8561000a.csv |
| memory_csv     | /tmp/ZKX_dev/results/stage08_input_preview_b05_detrend_652061b694fc/formal/20260810T084555Z_652061b694fc_stage08_b05_formal_8561000a/operator_filtering_detrend_memory_trace_not_applicable.csv                                                   |
| main_csv       | /tmp/ZKX_dev/results/stage08_input_preview_b05_detrend_652061b694fc/formal/20260810T084555Z_652061b694fc_stage08_b05_formal_8561000a/operator_main_results_detrend_not_applicable_20260810T084555Z_652061b694fc_stage08_b05_formal_8561000a.csv   |
| timing_csv     | /tmp/ZKX_dev/results/stage08_input_preview_b05_detrend_652061b694fc/formal/20260810T084555Z_652061b694fc_stage08_b05_formal_8561000a/operator_timing_samples_detrend_not_applicable_20260810T084555Z_652061b694fc_stage08_b05_formal_8561000a.csv |
+----------------+---------------------------------------------------------------------------------------------------------------------------------------------------------------------------------------------------------------------------------------------------+
