sample_index=0 cpu_pipeline_ms=51.1245 gpu_pipeline_ms=8.02429 cpu_resource_sampling_overhead_ms=0.141492 gpu_resource_sampling_overhead_ms=0.03224 semantic_gates=16/16 timing_direct=true resource_overhead_excluded=true step_sum_used=false status=PASS
sample_index=1 cpu_pipeline_ms=51.4659 gpu_pipeline_ms=8.04681 cpu_resource_sampling_overhead_ms=0.147072 gpu_resource_sampling_overhead_ms=0.03211 semantic_gates=16/16 timing_direct=true resource_overhead_excluded=true step_sum_used=false status=PASS
sample_index=2 cpu_pipeline_ms=51.0144 gpu_pipeline_ms=8.03703 cpu_resource_sampling_overhead_ms=0.133521 gpu_resource_sampling_overhead_ms=0.031451 semantic_gates=16/16 timing_direct=true resource_overhead_excluded=true step_sum_used=false status=PASS
sample_index=3 cpu_pipeline_ms=51.3523 gpu_pipeline_ms=7.88255 cpu_resource_sampling_overhead_ms=0.129953 gpu_resource_sampling_overhead_ms=0.03226 semantic_gates=16/16 timing_direct=true resource_overhead_excluded=true step_sum_used=false status=PASS
sample_index=4 cpu_pipeline_ms=51.3172 gpu_pipeline_ms=8.00957 cpu_resource_sampling_overhead_ms=0.136051 gpu_resource_sampling_overhead_ms=0.032121 semantic_gates=16/16 timing_direct=true resource_overhead_excluded=true step_sum_used=false status=PASS
sample_index=5 cpu_pipeline_ms=52.8096 gpu_pipeline_ms=8.03437 cpu_resource_sampling_overhead_ms=0.134541 gpu_resource_sampling_overhead_ms=0.03152 semantic_gates=16/16 timing_direct=true resource_overhead_excluded=true step_sum_used=false status=PASS
sample_index=6 cpu_pipeline_ms=51.3695 gpu_pipeline_ms=7.84769 cpu_resource_sampling_overhead_ms=0.14367 gpu_resource_sampling_overhead_ms=0.03192 semantic_gates=16/16 timing_direct=true resource_overhead_excluded=true step_sum_used=false status=PASS
sample_index=7 cpu_pipeline_ms=51.1388 gpu_pipeline_ms=7.96378 cpu_resource_sampling_overhead_ms=0.136941 gpu_resource_sampling_overhead_ms=0.03237 semantic_gates=16/16 timing_direct=true resource_overhead_excluded=true step_sum_used=false status=PASS
sample_index=8 cpu_pipeline_ms=51.3682 gpu_pipeline_ms=7.91573 cpu_resource_sampling_overhead_ms=0.139032 gpu_resource_sampling_overhead_ms=0.031921 semantic_gates=16/16 timing_direct=true resource_overhead_excluded=true step_sum_used=false status=PASS
sample_index=9 cpu_pipeline_ms=51.5533 gpu_pipeline_ms=8.04717 cpu_resource_sampling_overhead_ms=0.144671 gpu_resource_sampling_overhead_ms=0.03216 semantic_gates=16/16 timing_direct=true resource_overhead_excluded=true step_sum_used=false status=PASS
sample_index=10 cpu_pipeline_ms=51.1588 gpu_pipeline_ms=8.07748 cpu_resource_sampling_overhead_ms=0.146201 gpu_resource_sampling_overhead_ms=0.0317 semantic_gates=16/16 timing_direct=true resource_overhead_excluded=true step_sum_used=false status=PASS
sample_index=11 cpu_pipeline_ms=51.7006 gpu_pipeline_ms=7.87849 cpu_resource_sampling_overhead_ms=0.150371 gpu_resource_sampling_overhead_ms=0.03231 semantic_gates=16/16 timing_direct=true resource_overhead_excluded=true step_sum_used=false status=PASS
sample_index=12 cpu_pipeline_ms=51.2594 gpu_pipeline_ms=8.14415 cpu_resource_sampling_overhead_ms=0.13242 gpu_resource_sampling_overhead_ms=0.03231 semantic_gates=16/16 timing_direct=true resource_overhead_excluded=true step_sum_used=false status=PASS
sample_index=13 cpu_pipeline_ms=51.2651 gpu_pipeline_ms=8.13835 cpu_resource_sampling_overhead_ms=0.139661 gpu_resource_sampling_overhead_ms=0.03183 semantic_gates=16/16 timing_direct=true resource_overhead_excluded=true step_sum_used=false status=PASS
sample_index=14 cpu_pipeline_ms=51.2565 gpu_pipeline_ms=8.04078 cpu_resource_sampling_overhead_ms=0.140631 gpu_resource_sampling_overhead_ms=0.031031 semantic_gates=16/16 timing_direct=true resource_overhead_excluded=true step_sum_used=false status=PASS
sample_index=15 cpu_pipeline_ms=51.3462 gpu_pipeline_ms=8.00626 cpu_resource_sampling_overhead_ms=0.140071 gpu_resource_sampling_overhead_ms=0.03213 semantic_gates=16/16 timing_direct=true resource_overhead_excluded=true step_sum_used=false status=PASS
sample_index=16 cpu_pipeline_ms=51.3567 gpu_pipeline_ms=7.8814 cpu_resource_sampling_overhead_ms=0.136052 gpu_resource_sampling_overhead_ms=0.04354 semantic_gates=16/16 timing_direct=true resource_overhead_excluded=true step_sum_used=false status=PASS
sample_index=17 cpu_pipeline_ms=51.2026 gpu_pipeline_ms=7.95871 cpu_resource_sampling_overhead_ms=0.133631 gpu_resource_sampling_overhead_ms=0.03208 semantic_gates=16/16 timing_direct=true resource_overhead_excluded=true step_sum_used=false status=PASS
sample_index=18 cpu_pipeline_ms=51.5386 gpu_pipeline_ms=7.85842 cpu_resource_sampling_overhead_ms=0.134101 gpu_resource_sampling_overhead_ms=0.03239 semantic_gates=16/16 timing_direct=true resource_overhead_excluded=true step_sum_used=false status=PASS
sample_index=19 cpu_pipeline_ms=51.4206 gpu_pipeline_ms=7.94371 cpu_resource_sampling_overhead_ms=0.146342 gpu_resource_sampling_overhead_ms=0.03199 semantic_gates=16/16 timing_direct=true resource_overhead_excluded=true step_sum_used=false status=PASS
sample_index=20 cpu_pipeline_ms=51.0887 gpu_pipeline_ms=8.10586 cpu_resource_sampling_overhead_ms=0.132873 gpu_resource_sampling_overhead_ms=0.0322 semantic_gates=16/16 timing_direct=true resource_overhead_excluded=true step_sum_used=false status=PASS
sample_index=21 cpu_pipeline_ms=51.0984 gpu_pipeline_ms=7.87025 cpu_resource_sampling_overhead_ms=0.13344 gpu_resource_sampling_overhead_ms=0.03257 semantic_gates=16/16 timing_direct=true resource_overhead_excluded=true step_sum_used=false status=PASS
sample_index=22 cpu_pipeline_ms=51.5023 gpu_pipeline_ms=7.92813 cpu_resource_sampling_overhead_ms=0.12908 gpu_resource_sampling_overhead_ms=0.031921 semantic_gates=16/16 timing_direct=true resource_overhead_excluded=true step_sum_used=false status=PASS
sample_index=23 cpu_pipeline_ms=51.4279 gpu_pipeline_ms=7.84456 cpu_resource_sampling_overhead_ms=0.134981 gpu_resource_sampling_overhead_ms=0.03276 semantic_gates=16/16 timing_direct=true resource_overhead_excluded=true step_sum_used=false status=PASS
sample_index=24 cpu_pipeline_ms=51.1802 gpu_pipeline_ms=8.1257 cpu_resource_sampling_overhead_ms=0.13853 gpu_resource_sampling_overhead_ms=0.0323 semantic_gates=16/16 timing_direct=true resource_overhead_excluded=true step_sum_used=false status=PASS
sample_index=25 cpu_pipeline_ms=51.2 gpu_pipeline_ms=8.49437 cpu_resource_sampling_overhead_ms=0.186101 gpu_resource_sampling_overhead_ms=0.03234 semantic_gates=16/16 timing_direct=true resource_overhead_excluded=true step_sum_used=false status=PASS
sample_index=26 cpu_pipeline_ms=59.0699 gpu_pipeline_ms=9.5754 cpu_resource_sampling_overhead_ms=0.143052 gpu_resource_sampling_overhead_ms=0.0362 semantic_gates=16/16 timing_direct=true resource_overhead_excluded=true step_sum_used=false status=PASS
sample_index=27 cpu_pipeline_ms=52.0677 gpu_pipeline_ms=8.66212 cpu_resource_sampling_overhead_ms=0.128071 gpu_resource_sampling_overhead_ms=0.03351 semantic_gates=16/16 timing_direct=true resource_overhead_excluded=true step_sum_used=false status=PASS
sample_index=28 cpu_pipeline_ms=51.7895 gpu_pipeline_ms=7.98351 cpu_resource_sampling_overhead_ms=0.133361 gpu_resource_sampling_overhead_ms=0.03234 semantic_gates=16/16 timing_direct=true resource_overhead_excluded=true step_sum_used=false status=PASS
sample_index=29 cpu_pipeline_ms=51.232 gpu_pipeline_ms=7.9632 cpu_resource_sampling_overhead_ms=0.1409 gpu_resource_sampling_overhead_ms=0.03153 semantic_gates=16/16 timing_direct=true resource_overhead_excluded=true step_sum_used=false status=PASS
sample_index=30 cpu_pipeline_ms=53.6823 gpu_pipeline_ms=8.03401 cpu_resource_sampling_overhead_ms=0.153771 gpu_resource_sampling_overhead_ms=0.032392 semantic_gates=16/16 timing_direct=true resource_overhead_excluded=true step_sum_used=false status=PASS
sample_index=31 cpu_pipeline_ms=51.0716 gpu_pipeline_ms=8.00165 cpu_resource_sampling_overhead_ms=0.12978 gpu_resource_sampling_overhead_ms=0.03199 semantic_gates=16/16 timing_direct=true resource_overhead_excluded=true step_sum_used=false status=PASS
sample_index=32 cpu_pipeline_ms=51.3756 gpu_pipeline_ms=7.95298 cpu_resource_sampling_overhead_ms=0.127582 gpu_resource_sampling_overhead_ms=0.0318 semantic_gates=16/16 timing_direct=true resource_overhead_excluded=true step_sum_used=false status=PASS
sample_index=33 cpu_pipeline_ms=51.8881 gpu_pipeline_ms=8.00931 cpu_resource_sampling_overhead_ms=0.13133 gpu_resource_sampling_overhead_ms=0.03234 semantic_gates=16/16 timing_direct=true resource_overhead_excluded=true step_sum_used=false status=PASS
sample_index=34 cpu_pipeline_ms=52.0901 gpu_pipeline_ms=8.12593 cpu_resource_sampling_overhead_ms=0.132301 gpu_resource_sampling_overhead_ms=0.03205 semantic_gates=16/16 timing_direct=true resource_overhead_excluded=true step_sum_used=false status=PASS
sample_index=35 cpu_pipeline_ms=51.992 gpu_pipeline_ms=8.1345 cpu_resource_sampling_overhead_ms=0.137832 gpu_resource_sampling_overhead_ms=0.03114 semantic_gates=16/16 timing_direct=true resource_overhead_excluded=true step_sum_used=false status=PASS
sample_index=36 cpu_pipeline_ms=53.1746 gpu_pipeline_ms=8.27011 cpu_resource_sampling_overhead_ms=0.151763 gpu_resource_sampling_overhead_ms=0.03185 semantic_gates=16/16 timing_direct=true resource_overhead_excluded=true step_sum_used=false status=PASS
sample_index=37 cpu_pipeline_ms=51.2176 gpu_pipeline_ms=8.07231 cpu_resource_sampling_overhead_ms=0.12007 gpu_resource_sampling_overhead_ms=0.031902 semantic_gates=16/16 timing_direct=true resource_overhead_excluded=true step_sum_used=false status=PASS
sample_index=38 cpu_pipeline_ms=51.6459 gpu_pipeline_ms=8.0262 cpu_resource_sampling_overhead_ms=0.130233 gpu_resource_sampling_overhead_ms=0.03246 semantic_gates=16/16 timing_direct=true resource_overhead_excluded=true step_sum_used=false status=PASS
sample_index=39 cpu_pipeline_ms=51.4598 gpu_pipeline_ms=8.06612 cpu_resource_sampling_overhead_ms=0.130221 gpu_resource_sampling_overhead_ms=0.03179 semantic_gates=16/16 timing_direct=true resource_overhead_excluded=true step_sum_used=false status=PASS
sample_index=40 cpu_pipeline_ms=51.395 gpu_pipeline_ms=7.98737 cpu_resource_sampling_overhead_ms=0.159972 gpu_resource_sampling_overhead_ms=0.03212 semantic_gates=16/16 timing_direct=true resource_overhead_excluded=true step_sum_used=false status=PASS
sample_index=41 cpu_pipeline_ms=51.8033 gpu_pipeline_ms=8.16139 cpu_resource_sampling_overhead_ms=0.146041 gpu_resource_sampling_overhead_ms=0.03215 semantic_gates=16/16 timing_direct=true resource_overhead_excluded=true step_sum_used=false status=PASS
sample_index=42 cpu_pipeline_ms=51.4433 gpu_pipeline_ms=8.01702 cpu_resource_sampling_overhead_ms=0.128041 gpu_resource_sampling_overhead_ms=0.03144 semantic_gates=16/16 timing_direct=true resource_overhead_excluded=true step_sum_used=false status=PASS
sample_index=43 cpu_pipeline_ms=51.5775 gpu_pipeline_ms=8.1028 cpu_resource_sampling_overhead_ms=0.136941 gpu_resource_sampling_overhead_ms=0.03178 semantic_gates=16/16 timing_direct=true resource_overhead_excluded=true step_sum_used=false status=PASS
sample_index=44 cpu_pipeline_ms=51.6928 gpu_pipeline_ms=8.33451 cpu_resource_sampling_overhead_ms=0.1318 gpu_resource_sampling_overhead_ms=0.031821 semantic_gates=16/16 timing_direct=true resource_overhead_excluded=true step_sum_used=false status=PASS
sample_index=45 cpu_pipeline_ms=51.7685 gpu_pipeline_ms=7.94471 cpu_resource_sampling_overhead_ms=0.129181 gpu_resource_sampling_overhead_ms=0.03226 semantic_gates=16/16 timing_direct=true resource_overhead_excluded=true step_sum_used=false status=PASS
sample_index=46 cpu_pipeline_ms=51.3572 gpu_pipeline_ms=8.05387 cpu_resource_sampling_overhead_ms=0.162561 gpu_resource_sampling_overhead_ms=0.032621 semantic_gates=16/16 timing_direct=true resource_overhead_excluded=true step_sum_used=false status=PASS
sample_index=47 cpu_pipeline_ms=51.1757 gpu_pipeline_ms=8.0679 cpu_resource_sampling_overhead_ms=0.168701 gpu_resource_sampling_overhead_ms=0.03204 semantic_gates=16/16 timing_direct=true resource_overhead_excluded=true step_sum_used=false status=PASS
sample_index=48 cpu_pipeline_ms=51.5885 gpu_pipeline_ms=8.05073 cpu_resource_sampling_overhead_ms=0.152252 gpu_resource_sampling_overhead_ms=0.03196 semantic_gates=16/16 timing_direct=true resource_overhead_excluded=true step_sum_used=false status=PASS
sample_index=49 cpu_pipeline_ms=51.6746 gpu_pipeline_ms=7.93402 cpu_resource_sampling_overhead_ms=0.14622 gpu_resource_sampling_overhead_ms=0.03212 semantic_gates=16/16 timing_direct=true resource_overhead_excluded=true step_sum_used=false status=PASS
sample_index=50 cpu_pipeline_ms=51.6557 gpu_pipeline_ms=8.19493 cpu_resource_sampling_overhead_ms=0.139901 gpu_resource_sampling_overhead_ms=0.03371 semantic_gates=16/16 timing_direct=true resource_overhead_excluded=true step_sum_used=false status=PASS
sample_index=51 cpu_pipeline_ms=51.5947 gpu_pipeline_ms=8.13022 cpu_resource_sampling_overhead_ms=0.145301 gpu_resource_sampling_overhead_ms=0.0338 semantic_gates=16/16 timing_direct=true resource_overhead_excluded=true step_sum_used=false status=PASS
sample_index=52 cpu_pipeline_ms=51.0677 gpu_pipeline_ms=7.93667 cpu_resource_sampling_overhead_ms=0.141532 gpu_resource_sampling_overhead_ms=0.03156 semantic_gates=16/16 timing_direct=true resource_overhead_excluded=true step_sum_used=false status=PASS
sample_index=53 cpu_pipeline_ms=51.3338 gpu_pipeline_ms=7.91158 cpu_resource_sampling_overhead_ms=0.151811 gpu_resource_sampling_overhead_ms=0.03189 semantic_gates=16/16 timing_direct=true resource_overhead_excluded=true step_sum_used=false status=PASS
sample_index=54 cpu_pipeline_ms=51.4901 gpu_pipeline_ms=7.95002 cpu_resource_sampling_overhead_ms=0.128551 gpu_resource_sampling_overhead_ms=0.03206 semantic_gates=16/16 timing_direct=true resource_overhead_excluded=true step_sum_used=false status=PASS
sample_index=55 cpu_pipeline_ms=51.6034 gpu_pipeline_ms=7.73664 cpu_resource_sampling_overhead_ms=0.140132 gpu_resource_sampling_overhead_ms=0.03118 semantic_gates=16/16 timing_direct=true resource_overhead_excluded=true step_sum_used=false status=PASS
sample_index=56 cpu_pipeline_ms=51.1663 gpu_pipeline_ms=7.6845 cpu_resource_sampling_overhead_ms=0.135132 gpu_resource_sampling_overhead_ms=0.03115 semantic_gates=16/16 timing_direct=true resource_overhead_excluded=true step_sum_used=false status=PASS
sample_index=57 cpu_pipeline_ms=51.8014 gpu_pipeline_ms=7.73486 cpu_resource_sampling_overhead_ms=0.152423 gpu_resource_sampling_overhead_ms=0.03136 semantic_gates=16/16 timing_direct=true resource_overhead_excluded=true step_sum_used=false status=PASS
sample_index=58 cpu_pipeline_ms=51.3007 gpu_pipeline_ms=7.86425 cpu_resource_sampling_overhead_ms=0.134291 gpu_resource_sampling_overhead_ms=0.03088 semantic_gates=16/16 timing_direct=true resource_overhead_excluded=true step_sum_used=false status=PASS
sample_index=59 cpu_pipeline_ms=51.3983 gpu_pipeline_ms=7.70533 cpu_resource_sampling_overhead_ms=0.149971 gpu_resource_sampling_overhead_ms=0.03108 semantic_gates=16/16 timing_direct=true resource_overhead_excluded=true step_sum_used=false status=PASS
sample_index=60 cpu_pipeline_ms=51.2659 gpu_pipeline_ms=7.83347 cpu_resource_sampling_overhead_ms=0.140711 gpu_resource_sampling_overhead_ms=0.031251 semantic_gates=16/16 timing_direct=true resource_overhead_excluded=true step_sum_used=false status=PASS
sample_index=61 cpu_pipeline_ms=53.2105 gpu_pipeline_ms=8.32365 cpu_resource_sampling_overhead_ms=0.134101 gpu_resource_sampling_overhead_ms=0.03091 semantic_gates=16/16 timing_direct=true resource_overhead_excluded=true step_sum_used=false status=PASS
sample_index=62 cpu_pipeline_ms=51.6672 gpu_pipeline_ms=8.01378 cpu_resource_sampling_overhead_ms=0.13071 gpu_resource_sampling_overhead_ms=0.03092 semantic_gates=16/16 timing_direct=true resource_overhead_excluded=true step_sum_used=false status=PASS
sample_index=63 cpu_pipeline_ms=51.3212 gpu_pipeline_ms=7.94034 cpu_resource_sampling_overhead_ms=0.138193 gpu_resource_sampling_overhead_ms=0.0312 semantic_gates=16/16 timing_direct=true resource_overhead_excluded=true step_sum_used=false status=PASS
sample_index=64 cpu_pipeline_ms=51.5589 gpu_pipeline_ms=7.94125 cpu_resource_sampling_overhead_ms=0.14201 gpu_resource_sampling_overhead_ms=0.03124 semantic_gates=16/16 timing_direct=true resource_overhead_excluded=true step_sum_used=false status=PASS
sample_index=65 cpu_pipeline_ms=51.2143 gpu_pipeline_ms=8.23045 cpu_resource_sampling_overhead_ms=0.143991 gpu_resource_sampling_overhead_ms=0.03095 semantic_gates=16/16 timing_direct=true resource_overhead_excluded=true step_sum_used=false status=PASS
sample_index=66 cpu_pipeline_ms=58.4372 gpu_pipeline_ms=8.04563 cpu_resource_sampling_overhead_ms=0.128271 gpu_resource_sampling_overhead_ms=0.03162 semantic_gates=16/16 timing_direct=true resource_overhead_excluded=true step_sum_used=false status=PASS
sample_index=67 cpu_pipeline_ms=54.1038 gpu_pipeline_ms=8.00914 cpu_resource_sampling_overhead_ms=0.146823 gpu_resource_sampling_overhead_ms=0.03081 semantic_gates=16/16 timing_direct=true resource_overhead_excluded=true step_sum_used=false status=PASS
sample_index=68 cpu_pipeline_ms=51.4051 gpu_pipeline_ms=7.72062 cpu_resource_sampling_overhead_ms=0.130212 gpu_resource_sampling_overhead_ms=0.03106 semantic_gates=16/16 timing_direct=true resource_overhead_excluded=true step_sum_used=false status=PASS
sample_index=69 cpu_pipeline_ms=51.6261 gpu_pipeline_ms=7.80359 cpu_resource_sampling_overhead_ms=0.13544 gpu_resource_sampling_overhead_ms=0.03104 semantic_gates=16/16 timing_direct=true resource_overhead_excluded=true step_sum_used=false status=PASS
sample_index=70 cpu_pipeline_ms=51.4061 gpu_pipeline_ms=7.69952 cpu_resource_sampling_overhead_ms=0.12987 gpu_resource_sampling_overhead_ms=0.031 semantic_gates=16/16 timing_direct=true resource_overhead_excluded=true step_sum_used=false status=PASS
sample_index=71 cpu_pipeline_ms=51.3614 gpu_pipeline_ms=7.73989 cpu_resource_sampling_overhead_ms=0.144681 gpu_resource_sampling_overhead_ms=0.03154 semantic_gates=16/16 timing_direct=true resource_overhead_excluded=true step_sum_used=false status=PASS
sample_index=72 cpu_pipeline_ms=52.0811 gpu_pipeline_ms=7.72926 cpu_resource_sampling_overhead_ms=0.134222 gpu_resource_sampling_overhead_ms=0.03116 semantic_gates=16/16 timing_direct=true resource_overhead_excluded=true step_sum_used=false status=PASS
sample_index=73 cpu_pipeline_ms=51.4856 gpu_pipeline_ms=8.09658 cpu_resource_sampling_overhead_ms=0.13632 gpu_resource_sampling_overhead_ms=0.031421 semantic_gates=16/16 timing_direct=true resource_overhead_excluded=true step_sum_used=false status=PASS
sample_index=74 cpu_pipeline_ms=51.4701 gpu_pipeline_ms=7.75483 cpu_resource_sampling_overhead_ms=0.13213 gpu_resource_sampling_overhead_ms=0.031 semantic_gates=16/16 timing_direct=true resource_overhead_excluded=true step_sum_used=false status=PASS
sample_index=75 cpu_pipeline_ms=51.0736 gpu_pipeline_ms=7.94172 cpu_resource_sampling_overhead_ms=0.13382 gpu_resource_sampling_overhead_ms=0.031021 semantic_gates=16/16 timing_direct=true resource_overhead_excluded=true step_sum_used=false status=PASS
sample_index=76 cpu_pipeline_ms=51.3913 gpu_pipeline_ms=7.78703 cpu_resource_sampling_overhead_ms=0.132972 gpu_resource_sampling_overhead_ms=0.03143 semantic_gates=16/16 timing_direct=true resource_overhead_excluded=true step_sum_used=false status=PASS
sample_index=77 cpu_pipeline_ms=51.5277 gpu_pipeline_ms=7.95756 cpu_resource_sampling_overhead_ms=0.13912 gpu_resource_sampling_overhead_ms=0.031131 semantic_gates=16/16 timing_direct=true resource_overhead_excluded=true step_sum_used=false status=PASS
sample_index=78 cpu_pipeline_ms=51.1149 gpu_pipeline_ms=8.00989 cpu_resource_sampling_overhead_ms=0.140011 gpu_resource_sampling_overhead_ms=0.031491 semantic_gates=16/16 timing_direct=true resource_overhead_excluded=true step_sum_used=false status=PASS
sample_index=79 cpu_pipeline_ms=51.7949 gpu_pipeline_ms=7.91495 cpu_resource_sampling_overhead_ms=0.136261 gpu_resource_sampling_overhead_ms=0.03126 semantic_gates=16/16 timing_direct=true resource_overhead_excluded=true step_sum_used=false status=PASS
sample_index=80 cpu_pipeline_ms=51.3784 gpu_pipeline_ms=7.8492 cpu_resource_sampling_overhead_ms=0.12298 gpu_resource_sampling_overhead_ms=0.03093 semantic_gates=16/16 timing_direct=true resource_overhead_excluded=true step_sum_used=false status=PASS
sample_index=81 cpu_pipeline_ms=51.7151 gpu_pipeline_ms=7.82363 cpu_resource_sampling_overhead_ms=0.13637 gpu_resource_sampling_overhead_ms=0.031161 semantic_gates=16/16 timing_direct=true resource_overhead_excluded=true step_sum_used=false status=PASS
sample_index=82 cpu_pipeline_ms=51.1388 gpu_pipeline_ms=8.26853 cpu_resource_sampling_overhead_ms=0.136801 gpu_resource_sampling_overhead_ms=0.030671 semantic_gates=16/16 timing_direct=true resource_overhead_excluded=true step_sum_used=false status=PASS
sample_index=83 cpu_pipeline_ms=51.1325 gpu_pipeline_ms=8.03578 cpu_resource_sampling_overhead_ms=0.138901 gpu_resource_sampling_overhead_ms=0.03069 semantic_gates=16/16 timing_direct=true resource_overhead_excluded=true step_sum_used=false status=PASS
sample_index=84 cpu_pipeline_ms=51.7822 gpu_pipeline_ms=7.73945 cpu_resource_sampling_overhead_ms=0.133932 gpu_resource_sampling_overhead_ms=0.03083 semantic_gates=16/16 timing_direct=true resource_overhead_excluded=true step_sum_used=false status=PASS
sample_index=85 cpu_pipeline_ms=51.401 gpu_pipeline_ms=7.83583 cpu_resource_sampling_overhead_ms=0.133501 gpu_resource_sampling_overhead_ms=0.031431 semantic_gates=16/16 timing_direct=true resource_overhead_excluded=true step_sum_used=false status=PASS
sample_index=86 cpu_pipeline_ms=51.5734 gpu_pipeline_ms=7.8076 cpu_resource_sampling_overhead_ms=0.147661 gpu_resource_sampling_overhead_ms=0.031421 semantic_gates=16/16 timing_direct=true resource_overhead_excluded=true step_sum_used=false status=PASS
sample_index=87 cpu_pipeline_ms=51.2101 gpu_pipeline_ms=7.80691 cpu_resource_sampling_overhead_ms=0.16414 gpu_resource_sampling_overhead_ms=0.03065 semantic_gates=16/16 timing_direct=true resource_overhead_excluded=true step_sum_used=false status=PASS
sample_index=88 cpu_pipeline_ms=51.2778 gpu_pipeline_ms=7.74657 cpu_resource_sampling_overhead_ms=0.1313 gpu_resource_sampling_overhead_ms=0.03126 semantic_gates=16/16 timing_direct=true resource_overhead_excluded=true step_sum_used=false status=PASS
sample_index=89 cpu_pipeline_ms=51.5272 gpu_pipeline_ms=7.75126 cpu_resource_sampling_overhead_ms=0.133491 gpu_resource_sampling_overhead_ms=0.031 semantic_gates=16/16 timing_direct=true resource_overhead_excluded=true step_sum_used=false status=PASS
sample_index=90 cpu_pipeline_ms=51.2113 gpu_pipeline_ms=7.81526 cpu_resource_sampling_overhead_ms=0.127181 gpu_resource_sampling_overhead_ms=0.03107 semantic_gates=16/16 timing_direct=true resource_overhead_excluded=true step_sum_used=false status=PASS
sample_index=91 cpu_pipeline_ms=51.3272 gpu_pipeline_ms=7.77716 cpu_resource_sampling_overhead_ms=0.141692 gpu_resource_sampling_overhead_ms=0.03127 semantic_gates=16/16 timing_direct=true resource_overhead_excluded=true step_sum_used=false status=PASS
sample_index=92 cpu_pipeline_ms=53.3366 gpu_pipeline_ms=7.74181 cpu_resource_sampling_overhead_ms=0.130312 gpu_resource_sampling_overhead_ms=0.03089 semantic_gates=16/16 timing_direct=true resource_overhead_excluded=true step_sum_used=false status=PASS
sample_index=93 cpu_pipeline_ms=51.5832 gpu_pipeline_ms=7.8122 cpu_resource_sampling_overhead_ms=0.140323 gpu_resource_sampling_overhead_ms=0.03096 semantic_gates=16/16 timing_direct=true resource_overhead_excluded=true step_sum_used=false status=PASS
sample_index=94 cpu_pipeline_ms=51.4002 gpu_pipeline_ms=7.94135 cpu_resource_sampling_overhead_ms=0.136372 gpu_resource_sampling_overhead_ms=0.0311 semantic_gates=16/16 timing_direct=true resource_overhead_excluded=true step_sum_used=false status=PASS
sample_index=95 cpu_pipeline_ms=51.2933 gpu_pipeline_ms=7.66335 cpu_resource_sampling_overhead_ms=0.137162 gpu_resource_sampling_overhead_ms=0.03124 semantic_gates=16/16 timing_direct=true resource_overhead_excluded=true step_sum_used=false status=PASS
sample_index=96 cpu_pipeline_ms=51.6326 gpu_pipeline_ms=7.71384 cpu_resource_sampling_overhead_ms=0.126122 gpu_resource_sampling_overhead_ms=0.03078 semantic_gates=16/16 timing_direct=true resource_overhead_excluded=true step_sum_used=false status=PASS
sample_index=97 cpu_pipeline_ms=51.3303 gpu_pipeline_ms=7.73195 cpu_resource_sampling_overhead_ms=0.13046 gpu_resource_sampling_overhead_ms=0.03132 semantic_gates=16/16 timing_direct=true resource_overhead_excluded=true step_sum_used=false status=PASS
sample_index=98 cpu_pipeline_ms=51.4256 gpu_pipeline_ms=7.89268 cpu_resource_sampling_overhead_ms=0.143782 gpu_resource_sampling_overhead_ms=0.030791 semantic_gates=16/16 timing_direct=true resource_overhead_excluded=true step_sum_used=false status=PASS
sample_index=99 cpu_pipeline_ms=51.4434 gpu_pipeline_ms=7.92971 cpu_resource_sampling_overhead_ms=0.13003 gpu_resource_sampling_overhead_ms=0.03101 semantic_gates=16/16 timing_direct=true resource_overhead_excluded=true step_sum_used=false status=PASS
function=Task2 frozen full six-step pipeline
call_chain=Step1->Step2;Step2+Step1->Step3;Step3 dual outputs->Step4;Step4->Step5;Step5+Step4+Kalman/delay->Step6
timing=pipeline_total measured directly;not=sum(step timings)
cpu_correlation_method=direct_parallel_exact workers=255
resource_sampling_mode=same_pipeline_execution
status=PASS return_code=0
