[stage08-b02] operator=taylor entry=cpu:taylor_typed_cpu gpu:taylor_device
[stage08-b02] config=test_all/configs/operators/windows/taylor/operator_scales.json config_sha256=1e7a268332169dbf26515052ca42f187fc360013dd724c8f10fd2a57331a5876
[stage08-b02] run_type=formal scale=taylor_int16_10e3 dtype=INT16 sym=true backend=not_applicable
[stage08-b02] dtype_semantics=actual_typed_scalar_input typed_input_count=1 actual_input_digest=7280baf4fc74a630375aa4efbdaf4626412e0c7f802e11483db64c11d7225454
[stage08-b02] timing_scope=compatibility/end-to-end warmup=20 measured=100
[stage08-b02] cpu_mean_ms=0.17227920000000005 gpu_mean_ms=0.39878104000000003 speedup=0.43201452105145227
[stage08-b02] mse=2.8433952351655122e-15 rmse=5.3323496089111711e-08 relative_l2=7.6751789124970632e-08 relative_linf=1.1843647180769327e-07
[stage08-b02] resources=available cuda_event_ms=0.41022199392318726
[stage08-b02] status=PASS error_code=OK
[stage08] identity and status
target | scale_id          | device | backend        | dtype | warmup | measured | timing_scope             | status | error_code
taylor | taylor_int16_10e3 | CPU    | not_applicable | INT16 | 20     | 100      | compatibility/end-to-end | PASS   | OK        
taylor | taylor_int16_10e3 | GPU    | not_applicable | INT16 | 20     | 100      | compatibility/end-to-end | PASS   | OK        

[stage08] timing detail
device | mean_ms             | p50_ms              | p95_ms              | p99_ms              | min_ms              | max_ms   | std_ms                | cv                    | speedup            
CPU    | 0.17227920000000005 | 0.17195099999999999 | 0.172211            | 0.1814376           | 0.17166000000000001 | 0.182091 | 0.0016399823657588521 | 0.0095193288903062685 | NA                 
GPU    | 0.39878104000000003 | 0.39686100000000002 | 0.41468699999999997 | 0.44115940000000003 | 0.38084099999999999 | 0.448822 | 0.010528603432478592  | 0.026401965932178199  | 0.43201452105145227

[stage08] accuracy detail
accuracy_reference  | mse                    | rmse                   | relative_l2            | relative_linf          | exact_match | mismatch_count | semantic_check                                                                                         | status
cpu_typed_reference | 2.8433952351655122e-15 | 5.3323496089111711e-08 | 7.6751789124970632e-08 | 1.1843647180769327e-07 | NA          | NA             | finite_normalized_fp64_taylor_window_nbar_sll_and_symmetry_match_cpu:shape=[1000];finite=true;sym=true | PASS  

[stage08] resource detail
device | metric     | before_bytes | after_bytes | peak_bytes | delta_bytes
CPU    | cpu_heap   | 1476464      | 1480320     | 1487216    | 3856       
CPU    | rss        | 70557696     | 70557696    | 70557696   | 0          
GPU    | cpu_heap   | 1480320      | 1483552     | 1490208    | 3232       
GPU    | rss        | 70557696     | 70557696    | 70557696   | 0          
GPU    | gpu_memory | 408322048    | 408322048   | 408322048  | 0          

[stage08] input/output identity
device | input_digest                                                     | output_digest                                                   
CPU    | 7280baf4fc74a630375aa4efbdaf4626412e0c7f802e11483db64c11d7225454 | c25eca1973d337068a4f0c6e8a62152d1e7de70aadf6806528157b97a7e4fd21
GPU    | 7280baf4fc74a630375aa4efbdaf4626412e0c7f802e11483db64c11d7225454 | 28b7e7f615f3db435442e52487a9e36f2eacaf203d09db4ea096f2127402e7ac

[stage08] input content
input_name        | shape  | dtype       | elements | generator                                           | values(head4/tail2)                                                                              
window_positions  | [1000] | INDEX_INT64 | 1000     | implicit_window_index_domain(no_materialized_array) | i=0:position=0;i=1:position=1;i=2:position=2;i=3:position=3;i=998:position=998;i=999:position=999
nbar              | scalar | INT32       | 1        | exact_config_scalar                                 | value=4                                                                                          
sidelobe_level_db | scalar | INT16       | 1        | exact_config_scalar                                 | value=30                                                                                         
normalize         | scalar | BOOL        | 1        | exact_config_scalar                                 | value=true                                                                                       

[stage08] case parameters
parameters                                                                                                                                                                                 
{"length":1000,"requested_dtype":"INT16","sym":true,"nbar":4,"sidelobe_level_db":30,"normalize":true,"dtype_semantics":"actual_typed_scalar_input","typed_input_names":"sidelobe_level_db"}

[stage08] dtype evidence
requested_dtype | config_input_dtype | output_dtype | actual_input_digest                                              | status
INT16           | INT16              | FP64         | 7280baf4fc74a630375aa4efbdaf4626412e0c7f802e11483db64c11d7225454 | PASS  

[stage08] evidence files
kind        | path                                                                                                                                                                                                                                           
main_csv    | /tmp/ZKX_dev/results/stage08_input_preview_b02_taylor_a64a65577ccc/formal/20260810T083042Z_a64a65577ccc_stage08_b02_formal_a2020015/operator_main_results_taylor_not_applicable_20260810T083042Z_a64a65577ccc_stage08_b02_formal_a2020015.csv  
timing_csv  | /tmp/ZKX_dev/results/stage08_input_preview_b02_taylor_a64a65577ccc/formal/20260810T083042Z_a64a65577ccc_stage08_b02_formal_a2020015/operator_timing_samples_taylor_not_applicable_20260810T083042Z_a64a65577ccc_stage08_b02_formal_a2020015.csv
memory_csv  | /tmp/ZKX_dev/results/stage08_input_preview_b02_taylor_a64a65577ccc/formal/20260810T083042Z_a64a65577ccc_stage08_b02_formal_a2020015/operator_windows_taylor_memory_trace_not_applicable.csv                                                    
input_csv   | /tmp/ZKX_dev/results/stage08_input_preview_b02_taylor_a64a65577ccc/formal/20260810T083042Z_a64a65577ccc_stage08_b02_formal_a2020015/operator_input_evidence_taylor_not_applicable_20260810T083042Z_a64a65577ccc_stage08_b02_formal_a2020015.csv
dtype_csv   | /tmp/ZKX_dev/results/stage08_input_preview_b02_taylor_a64a65577ccc/formal/20260810T083042Z_a64a65577ccc_stage08_b02_formal_a2020015/operator_dtype_evidence_taylor_not_applicable_20260810T083042Z_a64a65577ccc_stage08_b02_formal_a2020015.csv
module_csv  | /tmp/ZKX_dev/results/stage08_input_preview_b02_taylor_a64a65577ccc/formal/20260810T083042Z_a64a65577ccc_stage08_b02_formal_a2020015/windows_batch02_module_summary_not_applicable_20260810T083042Z_a64a65577ccc_stage08_b02_formal_a2020015.csv
report_json | /tmp/ZKX_dev/results/stage08_input_preview_b02_taylor_a64a65577ccc/formal/20260810T083042Z_a64a65577ccc_stage08_b02_formal_a2020015/operator_taylor_report.json                                                                                
summary_txt | /tmp/ZKX_dev/results/stage08_input_preview_b02_taylor_a64a65577ccc/formal/20260810T083042Z_a64a65577ccc_stage08_b02_formal_a2020015/operator_taylor_summary.txt                                                                                
full_log    | /tmp/ZKX_dev/results/stage08_input_preview_b02_taylor_a64a65577ccc/formal/20260810T083042Z_a64a65577ccc_stage08_b02_formal_a2020015/operator_taylor_full.log                                                                                   
results_dir | /tmp/ZKX_dev/results/stage08_input_preview_b02_taylor_a64a65577ccc/formal/20260810T083042Z_a64a65577ccc_stage08_b02_formal_a2020015                                                                                                            
