command=build_stage08_b05_wiener_fd04f1143cb8/stage08_filtering_wiener --dtype FP16 --rank 2 --rows 100 --cols 100 --window-mode per_dimension --scalar-window 0 --w0 3 --w1 5 --noise-mode automatic --noise 0 --seed 85520003 --warmup 20 --measured 100 --output /tmp/ZKX_dev/results/stage08_input_preview_b05_wiener_652061b694fc/formal/20260810T084746Z_652061b694fc_stage08_b05_formal_85650005/wiener_probe_raw.json
{"run_id": "20260810T084746Z_652061b694fc_stage08_b05_formal_85650005", "case_id": "wiener__wiener_fp16_10e4__1aa6e6c4ed8a7dfc", "operator_name": "wiener", "scale_id": "wiener_fp16_10e4", "requested_dtype": "FP16", "output_dtype": "FP64", "backend": "not_applicable", "rank": 2, "shape": [100, 100], "window_mode": "per_dimension", "window_shape": [3, 5], "noise_mode": "automatic", "warmup_runs": 20, "measured_runs": 100, "mse": 6.24404e-16, "rmse": 2.49881e-08, "relative_l2": 8.46397e-08, "relative_linf": 2.40678e-07, "status": "PASS", "error_code": "OK"}
[stage08] identity and status
+--------+------------------+--------+----------------+-------+--------+----------+--------------------------+--------+------------+
| target | scale_id         | device | backend        | dtype | warmup | measured | timing_scope             | status | error_code |
+--------+------------------+--------+----------------+-------+--------+----------+--------------------------+--------+------------+
| wiener | wiener_fp16_10e4 | CPU    | not_applicable | FP16  | 20     | 100      | compatibility/end-to-end | PASS   | OK         |
| wiener | wiener_fp16_10e4 | GPU    | not_applicable | FP16  | 20     | 100      | compatibility/end-to-end | PASS   | OK         |
+--------+------------------+--------+----------------+-------+--------+----------+--------------------------+--------+------------+

[stage08] timing detail
+--------+--------------------+------------+------------+--------------------+-----------+-----------+----------------------+-----------------------+-------------------+
| device | mean_ms            | p50_ms     | p95_ms     | p99_ms             | min_ms    | max_ms    | std_ms               | cv                    | speedup           |
+--------+--------------------+------------+------------+--------------------+-----------+-----------+----------------------+-----------------------+-------------------+
| CPU    | 22.281773039999997 | 22.2740645 | 22.336139  | 22.48972141        | 22.046008 | 22.511641 | 0.049534451001685756 | 0.0022230928801205384 | NA                |
| GPU    | 2.78087177         | 2.772199   | 2.84825295 | 2.9255636000000003 | 2.748304  | 3.003536  | 0.03704285532187146  | 0.013320590946151917  | 8.012513658621518 |
+--------+--------------------+------------+------------+--------------------+-----------+-----------+----------------------+-----------------------+-------------------+

[stage08] accuracy detail
+---------------------------+-------------+-------------+-------------+---------------+-------------+----------------+---------------------------------------------+--------+
| accuracy_reference        | mse         | rmse        | relative_l2 | relative_linf | exact_match | mismatch_count | semantic_check                              | status |
+---------------------------+-------------+-------------+-------------+---------------+-------------+----------------+---------------------------------------------+--------+
| cpu_wiener_fp64_reference | 6.24404e-16 | 2.49881e-08 | 8.46397e-08 | 2.40678e-07   | NA          | NA             | input_dtype_square_fp32_compute_fp64_output | PASS   |
+---------------------------+-------------+-------------+-------------+---------------+-------------+----------------+---------------------------------------------+--------+

[stage08] resource detail
+--------+------------+--------------+-------------+------------+-------------+
| device | metric     | before_bytes | after_bytes | peak_bytes | delta_bytes |
+--------+------------+--------------+-------------+------------+-------------+
| CPU    | cpu_heap   | 1576384      | 1679760     | 1758656    | 103376      |
| CPU    | rss        | 71327744     | 71458816    | 71458816   | 131072      |
| GPU    | cpu_heap   | 1679760      | 1763024     | 1763024    | 83264       |
| GPU    | rss        | 71458816     | 71458816    | 71458816   | 0           |
| GPU    | gpu_memory | 408322048    | 408322048   | 408322048  | 0           |
+--------+------------+--------------+-------------+------------+-------------+

[stage08] input/output identity
+--------+------------------------------------------------------------------+------------------------------------------------------------------+
| device | input_digest                                                     | output_digest                                                    |
+--------+------------------------------------------------------------------+------------------------------------------------------------------+
| CPU    | 1aa6e6c4ed8a7dfcb41360220d823a8425c0e55a4993345d8bc0ae1dd3a82106 | 0054325b699f55c0ea565e584ae19022af5abe97f3e93d9327b03ce40f2b07df |
| GPU    | 1aa6e6c4ed8a7dfcb41360220d823a8425c0e55a4993345d8bc0ae1dd3a82106 | cd8796135cdd432bf9c00e15d75ddc2f385b9f8092a2bb70744a3088b0486d5b |
+--------+------------------------------------------------------------------+------------------------------------------------------------------+

[stage08] input content
+------------+-----------+-------+----------+-------------------------------------------------------------------+------------------------------------------------------------------------+
| input_name | shape     | dtype | elements | generator                                                         | values(head4/tail2)                                                    |
+------------+-----------+-------+----------+-------------------------------------------------------------------+------------------------------------------------------------------------+
| x          | [100x100] | FP16  | 10000    | wiener_modular_plus_periodic_offset(seed=85520003,integral=false) | i=0:0.75;i=1:-0.4375;i=2:1.125;i=3:-0.0625;i=9998:-0.625;i=9999:0.9375 |
+------------+-----------+-------+----------+-------------------------------------------------------------------+------------------------------------------------------------------------+

[stage08] case parameters
+----------------------------------------------------------------------------------------------------------------------------------------------------------------------------------+
| parameters                                                                                                                                                                       |
+----------------------------------------------------------------------------------------------------------------------------------------------------------------------------------+
| {"cols":"100","dtype":"FP16","noise":"0","noise-mode":"automatic","rank":"2","rows":"100","scalar-window":"0","seed":"85520003","w0":"3","w1":"5","window-mode":"per_dimension"} |
+----------------------------------------------------------------------------------------------------------------------------------------------------------------------------------+

[stage08] dtype evidence
+-----------------+--------------------+--------------+------------------------------------------------------------------+--------+
| requested_dtype | config_input_dtype | output_dtype | actual_input_digest                                              | status |
+-----------------+--------------------+--------------+------------------------------------------------------------------+--------+
| FP16            | NA                 | FP64         | 1aa6e6c4ed8a7dfcb41360220d823a8425c0e55a4993345d8bc0ae1dd3a82106 | PASS   |
+-----------------+--------------------+--------------+------------------------------------------------------------------+--------+

[stage08] evidence files
+----------------+-------------------------------------------------------------------------------------------------------------------------------------------------------------------------------------------------------------------------------------------------+
| kind           | path                                                                                                                                                                                                                                            |
+----------------+-------------------------------------------------------------------------------------------------------------------------------------------------------------------------------------------------------------------------------------------------+
| dtype_csv      | /tmp/ZKX_dev/results/stage08_input_preview_b05_wiener_652061b694fc/formal/20260810T084746Z_652061b694fc_stage08_b05_formal_85650005/operator_dtype_evidence_wiener_not_applicable_20260810T084746Z_652061b694fc_stage08_b05_formal_85650005.csv |
| memory_csv     | /tmp/ZKX_dev/results/stage08_input_preview_b05_wiener_652061b694fc/formal/20260810T084746Z_652061b694fc_stage08_b05_formal_85650005/operator_filtering_wiener_memory_trace_not_applicable.csv                                                   |
| main_csv       | /tmp/ZKX_dev/results/stage08_input_preview_b05_wiener_652061b694fc/formal/20260810T084746Z_652061b694fc_stage08_b05_formal_85650005/operator_main_results_wiener_not_applicable_20260810T084746Z_652061b694fc_stage08_b05_formal_85650005.csv   |
| timing_csv     | /tmp/ZKX_dev/results/stage08_input_preview_b05_wiener_652061b694fc/formal/20260810T084746Z_652061b694fc_stage08_b05_formal_85650005/operator_timing_samples_wiener_not_applicable_20260810T084746Z_652061b694fc_stage08_b05_formal_85650005.csv |
| full_log       | /tmp/ZKX_dev/results/stage08_input_preview_b05_wiener_652061b694fc/formal/20260810T084746Z_652061b694fc_stage08_b05_formal_85650005/operator_wiener_full.log                                                                                    |
| report_json    | /tmp/ZKX_dev/results/stage08_input_preview_b05_wiener_652061b694fc/formal/20260810T084746Z_652061b694fc_stage08_b05_formal_85650005/operator_wiener_report.json                                                                                 |
| summary_txt    | /tmp/ZKX_dev/results/stage08_input_preview_b05_wiener_652061b694fc/formal/20260810T084746Z_652061b694fc_stage08_b05_formal_85650005/operator_wiener_summary.txt                                                                                 |
| probe_raw_json | /tmp/ZKX_dev/results/stage08_input_preview_b05_wiener_652061b694fc/formal/20260810T084746Z_652061b694fc_stage08_b05_formal_85650005/wiener_probe_raw.json                                                                                       |
+----------------+-------------------------------------------------------------------------------------------------------------------------------------------------------------------------------------------------------------------------------------------------+
