command=build_stage08_b06_vectorstrength_89aacbf48da8/stage08_spectral_analysis_vectorstrength --dtype FP16 --events 64 --periods 16 --period-mode array --seed 86520002 --warmup 20 --measured 100 --output /tmp/ZKX_dev/results/stage08_input_preview_b06_vectorstrength_9b01dadd36f6/formal/20260810T085959Z_9b01dadd36f6_stage08_b06_formal_86750004/vectorstrength_probe_raw.json
{"run_id": "20260810T085959Z_9b01dadd36f6_stage08_b06_formal_86750004", "case_id": "vectorstrength__vectorstrength_fp16_10e3__ab09c5146d4d76a9", "operator_name": "vectorstrength", "scale_id": "vectorstrength_fp16_10e3", "requested_dtype": "FP16", "output_dtype": "FP64_pair", "backend": "not_applicable", "event_count": 64, "period_count": 16, "period_mode": "array", "scientific_work": 1024, "output_count": 16, "scalar_period": false, "warmup_runs": 20, "measured_runs": 100, "mse": 1.70967e-10, "rmse": 1.30754e-05, "relative_l2": 1.12623e-05, "relative_linf": 2.13339e-05, "status": "PASS", "error_code": "OK"}
[stage08] identity and status
+----------------+--------------------------+--------+----------------+-------+--------+----------+--------------------------+--------+------------+
| target         | scale_id                 | device | backend        | dtype | warmup | measured | timing_scope             | status | error_code |
+----------------+--------------------------+--------+----------------+-------+--------+----------+--------------------------+--------+------------+
| vectorstrength | vectorstrength_fp16_10e3 | CPU    | not_applicable | FP16  | 20     | 100      | compatibility/end-to-end | PASS   | OK         |
| vectorstrength | vectorstrength_fp16_10e3 | GPU    | not_applicable | FP16  | 20     | 100      | compatibility/end-to-end | PASS   | OK         |
+----------------+--------------------------+--------+----------------+-------+--------+----------+--------------------------+--------+------------+

[stage08] timing detail
+--------+------------+---------------------+------------+--------------------+----------+----------+-----------------------+----------------------+--------------------+
| device | mean_ms    | p50_ms              | p95_ms     | p99_ms             | min_ms   | max_ms   | std_ms                | cv                   | speedup            |
+--------+------------+---------------------+------------+--------------------+----------+----------+-----------------------+----------------------+--------------------+
| CPU    | 0.08207475 | 0.08189550000000001 | 0.08204295 | 0.09031411         | 0.081701 | 0.090721 | 0.0012089760491837708 | 0.014730182537062505 | NA                 |
| GPU    | 0.57779984 | 0.574658            | 0.604159   | 0.6377240100000008 | 0.553183 | 0.800184 | 0.025661648893911707  | 0.0444126964346541   | 0.1420470279119496 |
+--------+------------+---------------------+------------+--------------------+----------+----------+-----------------------+----------------------+--------------------+

[stage08] accuracy detail
+--------------------------------------------+-------------+-------------+-------------+---------------+-------------+----------------+---------------------------------------+--------+
| accuracy_reference                         | mse         | rmse        | relative_l2 | relative_linf | exact_match | mismatch_count | semantic_check                        | status |
+--------------------------------------------+-------------+-------------+-------------+---------------+-------------+----------------+---------------------------------------+--------+
| cpu_vectorstrength_fp64_trigonometric_mean | 1.70967e-10 | 1.30754e-05 | 1.12623e-05 | 2.13339e-05   | NA          | NA             | strength_phase_pair_period_mode=array | PASS   |
+--------------------------------------------+-------------+-------------+-------------+---------------+-------------+----------------+---------------------------------------+--------+

[stage08] resource detail
+--------+------------+--------------+-------------+------------+-------------+
| device | metric     | before_bytes | after_bytes | peak_bytes | delta_bytes |
+--------+------------+--------------+-------------+------------+-------------+
| CPU    | cpu_heap   | 1418160      | 1421536     | 1421536    | 3376        |
| CPU    | rss        | 70139904     | 70139904    | 70139904   | 0           |
| GPU    | cpu_heap   | 1421536      | 1424896     | 1425312    | 3360        |
| GPU    | rss        | 70139904     | 70139904    | 70139904   | 0           |
| GPU    | gpu_memory | 341000192    | 341000192   | 341000192  | 0           |
+--------+------------+--------------+-------------+------------+-------------+

[stage08] input/output identity
+--------+------------------------------------------------------------------+------------------------------------------------------------------+
| device | input_digest                                                     | output_digest                                                    |
+--------+------------------------------------------------------------------+------------------------------------------------------------------+
| CPU    | ab09c5146d4d76a9dcd3cc78290fc88712431a6f3dc9408214b4a01cee26d6c2 | 9c75eac485d7e8d8e2945d490334abc2a124bbd86cb85344c2aeded5d7de0d68 |
| GPU    | ab09c5146d4d76a9dcd3cc78290fc88712431a6f3dc9408214b4a01cee26d6c2 | 3c7988f8a8c01d4208c0ebfb1d731771430943bd92b6bfa837daa142abba3561 |
+--------+------------------------------------------------------------------+------------------------------------------------------------------+

[stage08] input content
+------------+-------+-------+----------+----------------------------------------------------+----------------------------------------------------------------------+
| input_name | shape | dtype | elements | generator                                          | values(head4/tail2)                                                  |
+------------+-------+-------+----------+----------------------------------------------------+----------------------------------------------------------------------+
| events     | [64]  | FP16  | 64       | deterministic_events(seed=86520002,integral=false) | i=0:0;i=1:0.132812;i=2:0.265625;i=3:0.398438;i=62:7.79688;i=63:7.875 |
| periods    | [16]  | FP16  | 16       | deterministic_period_grid(integral=false)          | i=0:0.75;i=1:1;i=2:1.25;i=3:1.5;i=14:4.25;i=15:4.5                   |
+------------+-------+-------+----------+----------------------------------------------------+----------------------------------------------------------------------+

[stage08] case parameters
+---------------------------------------------------------------------------------------+
| parameters                                                                            |
+---------------------------------------------------------------------------------------+
| {"dtype":"FP16","events":"64","period-mode":"array","periods":"16","seed":"86520002"} |
+---------------------------------------------------------------------------------------+

[stage08] dtype evidence
+-----------------+--------------------+--------------+------------------------------------------------------------------+--------+
| requested_dtype | config_input_dtype | output_dtype | actual_input_digest                                              | status |
+-----------------+--------------------+--------------+------------------------------------------------------------------+--------+
| FP16            | NA                 | FP64_pair    | ab09c5146d4d76a9dcd3cc78290fc88712431a6f3dc9408214b4a01cee26d6c2 | PASS   |
+-----------------+--------------------+--------------+------------------------------------------------------------------+--------+

[stage08] evidence files
+----------------+-----------------------------------------------------------------------------------------------------------------------------------------------------------------------------------------------------------------------------------------------------------------+
| kind           | path                                                                                                                                                                                                                                                            |
+----------------+-----------------------------------------------------------------------------------------------------------------------------------------------------------------------------------------------------------------------------------------------------------------+
| dtype_csv      | /tmp/ZKX_dev/results/stage08_input_preview_b06_vectorstrength_9b01dadd36f6/formal/20260810T085959Z_9b01dadd36f6_stage08_b06_formal_86750004/operator_dtype_evidence_vectorstrength_not_applicable_20260810T085959Z_9b01dadd36f6_stage08_b06_formal_86750004.csv |
| main_csv       | /tmp/ZKX_dev/results/stage08_input_preview_b06_vectorstrength_9b01dadd36f6/formal/20260810T085959Z_9b01dadd36f6_stage08_b06_formal_86750004/operator_main_results_vectorstrength_not_applicable_20260810T085959Z_9b01dadd36f6_stage08_b06_formal_86750004.csv   |
| memory_csv     | /tmp/ZKX_dev/results/stage08_input_preview_b06_vectorstrength_9b01dadd36f6/formal/20260810T085959Z_9b01dadd36f6_stage08_b06_formal_86750004/operator_spectral_analysis_vectorstrength_memory_trace_not_applicable.csv                                           |
| timing_csv     | /tmp/ZKX_dev/results/stage08_input_preview_b06_vectorstrength_9b01dadd36f6/formal/20260810T085959Z_9b01dadd36f6_stage08_b06_formal_86750004/operator_timing_samples_vectorstrength_not_applicable_20260810T085959Z_9b01dadd36f6_stage08_b06_formal_86750004.csv |
| full_log       | /tmp/ZKX_dev/results/stage08_input_preview_b06_vectorstrength_9b01dadd36f6/formal/20260810T085959Z_9b01dadd36f6_stage08_b06_formal_86750004/operator_vectorstrength_full.log                                                                                    |
| report_json    | /tmp/ZKX_dev/results/stage08_input_preview_b06_vectorstrength_9b01dadd36f6/formal/20260810T085959Z_9b01dadd36f6_stage08_b06_formal_86750004/operator_vectorstrength_report.json                                                                                 |
| summary_txt    | /tmp/ZKX_dev/results/stage08_input_preview_b06_vectorstrength_9b01dadd36f6/formal/20260810T085959Z_9b01dadd36f6_stage08_b06_formal_86750004/operator_vectorstrength_summary.txt                                                                                 |
| probe_raw_json | /tmp/ZKX_dev/results/stage08_input_preview_b06_vectorstrength_9b01dadd36f6/formal/20260810T085959Z_9b01dadd36f6_stage08_b06_formal_86750004/vectorstrength_probe_raw.json                                                                                       |
+----------------+-----------------------------------------------------------------------------------------------------------------------------------------------------------------------------------------------------------------------------------------------------------------+
