sample_index=0 cpu_pipeline_ms=677.914 gpu_pipeline_ms=80.1786 cpu_resource_sampling_overhead_ms=0.256326 gpu_resource_sampling_overhead_ms=0.037264 semantic_gates=16/16 timing_direct=true resource_overhead_excluded=true step_sum_used=false status=PASS
sample_index=1 cpu_pipeline_ms=673.039 gpu_pipeline_ms=80.106 cpu_resource_sampling_overhead_ms=0.206314 gpu_resource_sampling_overhead_ms=0.036093 semantic_gates=16/16 timing_direct=true resource_overhead_excluded=true step_sum_used=false status=PASS
sample_index=2 cpu_pipeline_ms=681.472 gpu_pipeline_ms=79.2493 cpu_resource_sampling_overhead_ms=0.213524 gpu_resource_sampling_overhead_ms=0.049713 semantic_gates=16/16 timing_direct=true resource_overhead_excluded=true step_sum_used=false status=PASS
sample_index=3 cpu_pipeline_ms=672.961 gpu_pipeline_ms=79.0933 cpu_resource_sampling_overhead_ms=0.220423 gpu_resource_sampling_overhead_ms=0.036622 semantic_gates=16/16 timing_direct=true resource_overhead_excluded=true step_sum_used=false status=PASS
sample_index=4 cpu_pipeline_ms=673.672 gpu_pipeline_ms=79.4572 cpu_resource_sampling_overhead_ms=0.204461 gpu_resource_sampling_overhead_ms=0.037793 semantic_gates=16/16 timing_direct=true resource_overhead_excluded=true step_sum_used=false status=PASS
sample_index=5 cpu_pipeline_ms=661.664 gpu_pipeline_ms=80.1674 cpu_resource_sampling_overhead_ms=0.238634 gpu_resource_sampling_overhead_ms=0.042561 semantic_gates=16/16 timing_direct=true resource_overhead_excluded=true step_sum_used=false status=PASS
sample_index=6 cpu_pipeline_ms=680.22 gpu_pipeline_ms=79.536 cpu_resource_sampling_overhead_ms=0.216821 gpu_resource_sampling_overhead_ms=0.03509 semantic_gates=16/16 timing_direct=true resource_overhead_excluded=true step_sum_used=false status=PASS
sample_index=7 cpu_pipeline_ms=675.64 gpu_pipeline_ms=80.0849 cpu_resource_sampling_overhead_ms=0.212271 gpu_resource_sampling_overhead_ms=0.040431 semantic_gates=16/16 timing_direct=true resource_overhead_excluded=true step_sum_used=false status=PASS
sample_index=8 cpu_pipeline_ms=693.146 gpu_pipeline_ms=79.2484 cpu_resource_sampling_overhead_ms=0.212201 gpu_resource_sampling_overhead_ms=0.035682 semantic_gates=16/16 timing_direct=true resource_overhead_excluded=true step_sum_used=false status=PASS
sample_index=9 cpu_pipeline_ms=687.268 gpu_pipeline_ms=79.6051 cpu_resource_sampling_overhead_ms=0.220731 gpu_resource_sampling_overhead_ms=0.035341 semantic_gates=16/16 timing_direct=true resource_overhead_excluded=true step_sum_used=false status=PASS
sample_index=10 cpu_pipeline_ms=682.965 gpu_pipeline_ms=79.1171 cpu_resource_sampling_overhead_ms=0.253413 gpu_resource_sampling_overhead_ms=0.035122 semantic_gates=16/16 timing_direct=true resource_overhead_excluded=true step_sum_used=false status=PASS
sample_index=11 cpu_pipeline_ms=679.835 gpu_pipeline_ms=79.4431 cpu_resource_sampling_overhead_ms=0.213881 gpu_resource_sampling_overhead_ms=0.035211 semantic_gates=16/16 timing_direct=true resource_overhead_excluded=true step_sum_used=false status=PASS
sample_index=12 cpu_pipeline_ms=680.543 gpu_pipeline_ms=78.7553 cpu_resource_sampling_overhead_ms=0.231281 gpu_resource_sampling_overhead_ms=0.035062 semantic_gates=16/16 timing_direct=true resource_overhead_excluded=true step_sum_used=false status=PASS
sample_index=13 cpu_pipeline_ms=670.434 gpu_pipeline_ms=78.8928 cpu_resource_sampling_overhead_ms=0.22579 gpu_resource_sampling_overhead_ms=0.036143 semantic_gates=16/16 timing_direct=true resource_overhead_excluded=true step_sum_used=false status=PASS
sample_index=14 cpu_pipeline_ms=679.073 gpu_pipeline_ms=79.5774 cpu_resource_sampling_overhead_ms=0.2198 gpu_resource_sampling_overhead_ms=0.036472 semantic_gates=16/16 timing_direct=true resource_overhead_excluded=true step_sum_used=false status=PASS
sample_index=15 cpu_pipeline_ms=681.773 gpu_pipeline_ms=79.8774 cpu_resource_sampling_overhead_ms=0.222099 gpu_resource_sampling_overhead_ms=0.03674 semantic_gates=16/16 timing_direct=true resource_overhead_excluded=true step_sum_used=false status=PASS
sample_index=16 cpu_pipeline_ms=671.078 gpu_pipeline_ms=79.801 cpu_resource_sampling_overhead_ms=0.218508 gpu_resource_sampling_overhead_ms=0.03762 semantic_gates=16/16 timing_direct=true resource_overhead_excluded=true step_sum_used=false status=PASS
sample_index=17 cpu_pipeline_ms=685.096 gpu_pipeline_ms=84.3174 cpu_resource_sampling_overhead_ms=0.204758 gpu_resource_sampling_overhead_ms=0.03638 semantic_gates=16/16 timing_direct=true resource_overhead_excluded=true step_sum_used=false status=PASS
sample_index=18 cpu_pipeline_ms=663.793 gpu_pipeline_ms=79.2792 cpu_resource_sampling_overhead_ms=0.241959 gpu_resource_sampling_overhead_ms=0.036321 semantic_gates=16/16 timing_direct=true resource_overhead_excluded=true step_sum_used=false status=PASS
sample_index=19 cpu_pipeline_ms=695.045 gpu_pipeline_ms=82.3595 cpu_resource_sampling_overhead_ms=0.208078 gpu_resource_sampling_overhead_ms=0.034721 semantic_gates=16/16 timing_direct=true resource_overhead_excluded=true step_sum_used=false status=PASS
sample_index=20 cpu_pipeline_ms=665.886 gpu_pipeline_ms=80.877 cpu_resource_sampling_overhead_ms=0.255041 gpu_resource_sampling_overhead_ms=0.041162 semantic_gates=16/16 timing_direct=true resource_overhead_excluded=true step_sum_used=false status=PASS
sample_index=21 cpu_pipeline_ms=670.63 gpu_pipeline_ms=79.9698 cpu_resource_sampling_overhead_ms=0.215357 gpu_resource_sampling_overhead_ms=0.035651 semantic_gates=16/16 timing_direct=true resource_overhead_excluded=true step_sum_used=false status=PASS
sample_index=22 cpu_pipeline_ms=679.849 gpu_pipeline_ms=79.9125 cpu_resource_sampling_overhead_ms=0.255948 gpu_resource_sampling_overhead_ms=0.035591 semantic_gates=16/16 timing_direct=true resource_overhead_excluded=true step_sum_used=false status=PASS
sample_index=23 cpu_pipeline_ms=674.091 gpu_pipeline_ms=79.8807 cpu_resource_sampling_overhead_ms=0.238029 gpu_resource_sampling_overhead_ms=0.037012 semantic_gates=16/16 timing_direct=true resource_overhead_excluded=true step_sum_used=false status=PASS
sample_index=24 cpu_pipeline_ms=683.349 gpu_pipeline_ms=79.1483 cpu_resource_sampling_overhead_ms=0.213438 gpu_resource_sampling_overhead_ms=0.036301 semantic_gates=16/16 timing_direct=true resource_overhead_excluded=true step_sum_used=false status=PASS
sample_index=25 cpu_pipeline_ms=685.291 gpu_pipeline_ms=79.6404 cpu_resource_sampling_overhead_ms=0.221726 gpu_resource_sampling_overhead_ms=0.035522 semantic_gates=16/16 timing_direct=true resource_overhead_excluded=true step_sum_used=false status=PASS
sample_index=26 cpu_pipeline_ms=670.559 gpu_pipeline_ms=79.6369 cpu_resource_sampling_overhead_ms=0.210786 gpu_resource_sampling_overhead_ms=0.038361 semantic_gates=16/16 timing_direct=true resource_overhead_excluded=true step_sum_used=false status=PASS
sample_index=27 cpu_pipeline_ms=665.257 gpu_pipeline_ms=79.1968 cpu_resource_sampling_overhead_ms=0.221924 gpu_resource_sampling_overhead_ms=0.036231 semantic_gates=16/16 timing_direct=true resource_overhead_excluded=true step_sum_used=false status=PASS
sample_index=28 cpu_pipeline_ms=682.84 gpu_pipeline_ms=79.3673 cpu_resource_sampling_overhead_ms=0.216087 gpu_resource_sampling_overhead_ms=0.035572 semantic_gates=16/16 timing_direct=true resource_overhead_excluded=true step_sum_used=false status=PASS
sample_index=29 cpu_pipeline_ms=683.603 gpu_pipeline_ms=79.8737 cpu_resource_sampling_overhead_ms=0.199617 gpu_resource_sampling_overhead_ms=0.035612 semantic_gates=16/16 timing_direct=true resource_overhead_excluded=true step_sum_used=false status=PASS
sample_index=30 cpu_pipeline_ms=680.045 gpu_pipeline_ms=79.647 cpu_resource_sampling_overhead_ms=0.215086 gpu_resource_sampling_overhead_ms=0.035623 semantic_gates=16/16 timing_direct=true resource_overhead_excluded=true step_sum_used=false status=PASS
sample_index=31 cpu_pipeline_ms=679.176 gpu_pipeline_ms=79.4163 cpu_resource_sampling_overhead_ms=0.237687 gpu_resource_sampling_overhead_ms=0.037202 semantic_gates=16/16 timing_direct=true resource_overhead_excluded=true step_sum_used=false status=PASS
sample_index=32 cpu_pipeline_ms=683.451 gpu_pipeline_ms=80.2449 cpu_resource_sampling_overhead_ms=0.213595 gpu_resource_sampling_overhead_ms=0.035922 semantic_gates=16/16 timing_direct=true resource_overhead_excluded=true step_sum_used=false status=PASS
sample_index=33 cpu_pipeline_ms=666.534 gpu_pipeline_ms=79.5195 cpu_resource_sampling_overhead_ms=0.259118 gpu_resource_sampling_overhead_ms=0.03715 semantic_gates=16/16 timing_direct=true resource_overhead_excluded=true step_sum_used=false status=PASS
sample_index=34 cpu_pipeline_ms=691.808 gpu_pipeline_ms=79.8639 cpu_resource_sampling_overhead_ms=0.208234 gpu_resource_sampling_overhead_ms=0.036562 semantic_gates=16/16 timing_direct=true resource_overhead_excluded=true step_sum_used=false status=PASS
sample_index=35 cpu_pipeline_ms=674.404 gpu_pipeline_ms=79.6451 cpu_resource_sampling_overhead_ms=0.249997 gpu_resource_sampling_overhead_ms=0.040781 semantic_gates=16/16 timing_direct=true resource_overhead_excluded=true step_sum_used=false status=PASS
sample_index=36 cpu_pipeline_ms=678.281 gpu_pipeline_ms=79.0739 cpu_resource_sampling_overhead_ms=0.216794 gpu_resource_sampling_overhead_ms=0.035183 semantic_gates=16/16 timing_direct=true resource_overhead_excluded=true step_sum_used=false status=PASS
sample_index=37 cpu_pipeline_ms=676.812 gpu_pipeline_ms=79.2653 cpu_resource_sampling_overhead_ms=0.228746 gpu_resource_sampling_overhead_ms=0.03599 semantic_gates=16/16 timing_direct=true resource_overhead_excluded=true step_sum_used=false status=PASS
sample_index=38 cpu_pipeline_ms=682.385 gpu_pipeline_ms=79.897 cpu_resource_sampling_overhead_ms=0.261697 gpu_resource_sampling_overhead_ms=0.03713 semantic_gates=16/16 timing_direct=true resource_overhead_excluded=true step_sum_used=false status=PASS
sample_index=39 cpu_pipeline_ms=690.975 gpu_pipeline_ms=79.7714 cpu_resource_sampling_overhead_ms=0.213248 gpu_resource_sampling_overhead_ms=0.03633 semantic_gates=16/16 timing_direct=true resource_overhead_excluded=true step_sum_used=false status=PASS
sample_index=40 cpu_pipeline_ms=688.204 gpu_pipeline_ms=80.4577 cpu_resource_sampling_overhead_ms=0.239796 gpu_resource_sampling_overhead_ms=0.039922 semantic_gates=16/16 timing_direct=true resource_overhead_excluded=true step_sum_used=false status=PASS
sample_index=41 cpu_pipeline_ms=683.074 gpu_pipeline_ms=81.1038 cpu_resource_sampling_overhead_ms=0.230467 gpu_resource_sampling_overhead_ms=0.03731 semantic_gates=16/16 timing_direct=true resource_overhead_excluded=true step_sum_used=false status=PASS
sample_index=42 cpu_pipeline_ms=680.657 gpu_pipeline_ms=78.291 cpu_resource_sampling_overhead_ms=0.223126 gpu_resource_sampling_overhead_ms=0.03809 semantic_gates=16/16 timing_direct=true resource_overhead_excluded=true step_sum_used=false status=PASS
sample_index=43 cpu_pipeline_ms=679.589 gpu_pipeline_ms=77.5938 cpu_resource_sampling_overhead_ms=0.229576 gpu_resource_sampling_overhead_ms=0.03696 semantic_gates=16/16 timing_direct=true resource_overhead_excluded=true step_sum_used=false status=PASS
sample_index=44 cpu_pipeline_ms=676.796 gpu_pipeline_ms=77.9173 cpu_resource_sampling_overhead_ms=0.242175 gpu_resource_sampling_overhead_ms=0.037031 semantic_gates=16/16 timing_direct=true resource_overhead_excluded=true step_sum_used=false status=PASS
sample_index=45 cpu_pipeline_ms=660.882 gpu_pipeline_ms=78.1599 cpu_resource_sampling_overhead_ms=0.255027 gpu_resource_sampling_overhead_ms=0.036092 semantic_gates=16/16 timing_direct=true resource_overhead_excluded=true step_sum_used=false status=PASS
sample_index=46 cpu_pipeline_ms=677.519 gpu_pipeline_ms=77.9775 cpu_resource_sampling_overhead_ms=0.223714 gpu_resource_sampling_overhead_ms=0.035781 semantic_gates=16/16 timing_direct=true resource_overhead_excluded=true step_sum_used=false status=PASS
sample_index=47 cpu_pipeline_ms=684.834 gpu_pipeline_ms=80.8766 cpu_resource_sampling_overhead_ms=0.337866 gpu_resource_sampling_overhead_ms=0.03829 semantic_gates=16/16 timing_direct=true resource_overhead_excluded=true step_sum_used=false status=PASS
sample_index=48 cpu_pipeline_ms=668.387 gpu_pipeline_ms=78.2033 cpu_resource_sampling_overhead_ms=0.212143 gpu_resource_sampling_overhead_ms=0.03643 semantic_gates=16/16 timing_direct=true resource_overhead_excluded=true step_sum_used=false status=PASS
sample_index=49 cpu_pipeline_ms=676.216 gpu_pipeline_ms=77.7854 cpu_resource_sampling_overhead_ms=0.219037 gpu_resource_sampling_overhead_ms=0.0361 semantic_gates=16/16 timing_direct=true resource_overhead_excluded=true step_sum_used=false status=PASS
sample_index=50 cpu_pipeline_ms=670.211 gpu_pipeline_ms=77.5048 cpu_resource_sampling_overhead_ms=0.225365 gpu_resource_sampling_overhead_ms=0.036722 semantic_gates=16/16 timing_direct=true resource_overhead_excluded=true step_sum_used=false status=PASS
sample_index=51 cpu_pipeline_ms=688.064 gpu_pipeline_ms=77.6789 cpu_resource_sampling_overhead_ms=0.216404 gpu_resource_sampling_overhead_ms=0.03518 semantic_gates=16/16 timing_direct=true resource_overhead_excluded=true step_sum_used=false status=PASS
sample_index=52 cpu_pipeline_ms=685.951 gpu_pipeline_ms=77.4128 cpu_resource_sampling_overhead_ms=0.212275 gpu_resource_sampling_overhead_ms=0.03809 semantic_gates=16/16 timing_direct=true resource_overhead_excluded=true step_sum_used=false status=PASS
sample_index=53 cpu_pipeline_ms=675.25 gpu_pipeline_ms=77.8158 cpu_resource_sampling_overhead_ms=0.211316 gpu_resource_sampling_overhead_ms=0.03765 semantic_gates=16/16 timing_direct=true resource_overhead_excluded=true step_sum_used=false status=PASS
sample_index=54 cpu_pipeline_ms=679.06 gpu_pipeline_ms=77.8693 cpu_resource_sampling_overhead_ms=0.283814 gpu_resource_sampling_overhead_ms=0.03635 semantic_gates=16/16 timing_direct=true resource_overhead_excluded=true step_sum_used=false status=PASS
sample_index=55 cpu_pipeline_ms=681.938 gpu_pipeline_ms=77.6009 cpu_resource_sampling_overhead_ms=0.223064 gpu_resource_sampling_overhead_ms=0.035291 semantic_gates=16/16 timing_direct=true resource_overhead_excluded=true step_sum_used=false status=PASS
sample_index=56 cpu_pipeline_ms=684.506 gpu_pipeline_ms=77.9068 cpu_resource_sampling_overhead_ms=0.209063 gpu_resource_sampling_overhead_ms=0.03586 semantic_gates=16/16 timing_direct=true resource_overhead_excluded=true step_sum_used=false status=PASS
sample_index=57 cpu_pipeline_ms=685.002 gpu_pipeline_ms=77.4403 cpu_resource_sampling_overhead_ms=0.206322 gpu_resource_sampling_overhead_ms=0.03507 semantic_gates=16/16 timing_direct=true resource_overhead_excluded=true step_sum_used=false status=PASS
sample_index=58 cpu_pipeline_ms=683.729 gpu_pipeline_ms=77.5136 cpu_resource_sampling_overhead_ms=0.219435 gpu_resource_sampling_overhead_ms=0.03542 semantic_gates=16/16 timing_direct=true resource_overhead_excluded=true step_sum_used=false status=PASS
sample_index=59 cpu_pipeline_ms=706.752 gpu_pipeline_ms=80.3455 cpu_resource_sampling_overhead_ms=0.234695 gpu_resource_sampling_overhead_ms=0.034532 semantic_gates=16/16 timing_direct=true resource_overhead_excluded=true step_sum_used=false status=PASS
sample_index=60 cpu_pipeline_ms=677.394 gpu_pipeline_ms=79.8692 cpu_resource_sampling_overhead_ms=0.220444 gpu_resource_sampling_overhead_ms=0.03633 semantic_gates=16/16 timing_direct=true resource_overhead_excluded=true step_sum_used=false status=PASS
sample_index=61 cpu_pipeline_ms=680.037 gpu_pipeline_ms=78.5923 cpu_resource_sampling_overhead_ms=0.231984 gpu_resource_sampling_overhead_ms=0.03546 semantic_gates=16/16 timing_direct=true resource_overhead_excluded=true step_sum_used=false status=PASS
sample_index=62 cpu_pipeline_ms=687.254 gpu_pipeline_ms=78.4534 cpu_resource_sampling_overhead_ms=0.214624 gpu_resource_sampling_overhead_ms=0.035241 semantic_gates=16/16 timing_direct=true resource_overhead_excluded=true step_sum_used=false status=PASS
sample_index=63 cpu_pipeline_ms=693.907 gpu_pipeline_ms=80.1763 cpu_resource_sampling_overhead_ms=0.263834 gpu_resource_sampling_overhead_ms=0.03508 semantic_gates=16/16 timing_direct=true resource_overhead_excluded=true step_sum_used=false status=PASS
sample_index=64 cpu_pipeline_ms=696.368 gpu_pipeline_ms=78.7695 cpu_resource_sampling_overhead_ms=0.269923 gpu_resource_sampling_overhead_ms=0.037832 semantic_gates=16/16 timing_direct=true resource_overhead_excluded=true step_sum_used=false status=PASS
sample_index=65 cpu_pipeline_ms=659.955 gpu_pipeline_ms=78.4649 cpu_resource_sampling_overhead_ms=0.342646 gpu_resource_sampling_overhead_ms=0.03553 semantic_gates=16/16 timing_direct=true resource_overhead_excluded=true step_sum_used=false status=PASS
sample_index=66 cpu_pipeline_ms=683.362 gpu_pipeline_ms=77.3674 cpu_resource_sampling_overhead_ms=0.217283 gpu_resource_sampling_overhead_ms=0.034961 semantic_gates=16/16 timing_direct=true resource_overhead_excluded=true step_sum_used=false status=PASS
sample_index=67 cpu_pipeline_ms=654.517 gpu_pipeline_ms=77.8246 cpu_resource_sampling_overhead_ms=0.238436 gpu_resource_sampling_overhead_ms=0.04016 semantic_gates=16/16 timing_direct=true resource_overhead_excluded=true step_sum_used=false status=PASS
sample_index=68 cpu_pipeline_ms=688.09 gpu_pipeline_ms=77.5765 cpu_resource_sampling_overhead_ms=0.222243 gpu_resource_sampling_overhead_ms=0.0362 semantic_gates=16/16 timing_direct=true resource_overhead_excluded=true step_sum_used=false status=PASS
sample_index=69 cpu_pipeline_ms=669.446 gpu_pipeline_ms=78.1968 cpu_resource_sampling_overhead_ms=0.258643 gpu_resource_sampling_overhead_ms=0.03568 semantic_gates=16/16 timing_direct=true resource_overhead_excluded=true step_sum_used=false status=PASS
sample_index=70 cpu_pipeline_ms=689.209 gpu_pipeline_ms=82.373 cpu_resource_sampling_overhead_ms=0.223714 gpu_resource_sampling_overhead_ms=0.037142 semantic_gates=16/16 timing_direct=true resource_overhead_excluded=true step_sum_used=false status=PASS
sample_index=71 cpu_pipeline_ms=664.88 gpu_pipeline_ms=83.1775 cpu_resource_sampling_overhead_ms=0.231662 gpu_resource_sampling_overhead_ms=0.03786 semantic_gates=16/16 timing_direct=true resource_overhead_excluded=true step_sum_used=false status=PASS
sample_index=72 cpu_pipeline_ms=669.292 gpu_pipeline_ms=78.2657 cpu_resource_sampling_overhead_ms=0.324747 gpu_resource_sampling_overhead_ms=0.03777 semantic_gates=16/16 timing_direct=true resource_overhead_excluded=true step_sum_used=false status=PASS
sample_index=73 cpu_pipeline_ms=682.755 gpu_pipeline_ms=80.358 cpu_resource_sampling_overhead_ms=0.247487 gpu_resource_sampling_overhead_ms=0.03541 semantic_gates=16/16 timing_direct=true resource_overhead_excluded=true step_sum_used=false status=PASS
sample_index=74 cpu_pipeline_ms=692.796 gpu_pipeline_ms=79.0925 cpu_resource_sampling_overhead_ms=0.218952 gpu_resource_sampling_overhead_ms=0.035941 semantic_gates=16/16 timing_direct=true resource_overhead_excluded=true step_sum_used=false status=PASS
sample_index=75 cpu_pipeline_ms=669.08 gpu_pipeline_ms=78.4876 cpu_resource_sampling_overhead_ms=0.206993 gpu_resource_sampling_overhead_ms=0.037672 semantic_gates=16/16 timing_direct=true resource_overhead_excluded=true step_sum_used=false status=PASS
sample_index=76 cpu_pipeline_ms=675.368 gpu_pipeline_ms=78.3462 cpu_resource_sampling_overhead_ms=0.222212 gpu_resource_sampling_overhead_ms=0.03641 semantic_gates=16/16 timing_direct=true resource_overhead_excluded=true step_sum_used=false status=PASS
sample_index=77 cpu_pipeline_ms=674.046 gpu_pipeline_ms=79.1555 cpu_resource_sampling_overhead_ms=0.233722 gpu_resource_sampling_overhead_ms=0.03607 semantic_gates=16/16 timing_direct=true resource_overhead_excluded=true step_sum_used=false status=PASS
sample_index=78 cpu_pipeline_ms=718.351 gpu_pipeline_ms=78.2612 cpu_resource_sampling_overhead_ms=0.232582 gpu_resource_sampling_overhead_ms=0.037751 semantic_gates=16/16 timing_direct=true resource_overhead_excluded=true step_sum_used=false status=PASS
sample_index=79 cpu_pipeline_ms=687.615 gpu_pipeline_ms=78.312 cpu_resource_sampling_overhead_ms=0.249445 gpu_resource_sampling_overhead_ms=0.03526 semantic_gates=16/16 timing_direct=true resource_overhead_excluded=true step_sum_used=false status=PASS
sample_index=80 cpu_pipeline_ms=679.879 gpu_pipeline_ms=82.0372 cpu_resource_sampling_overhead_ms=0.224295 gpu_resource_sampling_overhead_ms=0.036981 semantic_gates=16/16 timing_direct=true resource_overhead_excluded=true step_sum_used=false status=PASS
sample_index=81 cpu_pipeline_ms=682.911 gpu_pipeline_ms=78.0512 cpu_resource_sampling_overhead_ms=0.220864 gpu_resource_sampling_overhead_ms=0.03556 semantic_gates=16/16 timing_direct=true resource_overhead_excluded=true step_sum_used=false status=PASS
sample_index=82 cpu_pipeline_ms=684.818 gpu_pipeline_ms=77.4227 cpu_resource_sampling_overhead_ms=0.217662 gpu_resource_sampling_overhead_ms=0.035511 semantic_gates=16/16 timing_direct=true resource_overhead_excluded=true step_sum_used=false status=PASS
sample_index=83 cpu_pipeline_ms=691.69 gpu_pipeline_ms=77.8797 cpu_resource_sampling_overhead_ms=0.227585 gpu_resource_sampling_overhead_ms=0.03791 semantic_gates=16/16 timing_direct=true resource_overhead_excluded=true step_sum_used=false status=PASS
sample_index=84 cpu_pipeline_ms=676.584 gpu_pipeline_ms=77.572 cpu_resource_sampling_overhead_ms=0.217383 gpu_resource_sampling_overhead_ms=0.0364 semantic_gates=16/16 timing_direct=true resource_overhead_excluded=true step_sum_used=false status=PASS
sample_index=85 cpu_pipeline_ms=668.942 gpu_pipeline_ms=77.4443 cpu_resource_sampling_overhead_ms=0.222842 gpu_resource_sampling_overhead_ms=0.036281 semantic_gates=16/16 timing_direct=true resource_overhead_excluded=true step_sum_used=false status=PASS
sample_index=86 cpu_pipeline_ms=679.448 gpu_pipeline_ms=77.9331 cpu_resource_sampling_overhead_ms=0.260305 gpu_resource_sampling_overhead_ms=0.037442 semantic_gates=16/16 timing_direct=true resource_overhead_excluded=true step_sum_used=false status=PASS
sample_index=87 cpu_pipeline_ms=682.254 gpu_pipeline_ms=77.755 cpu_resource_sampling_overhead_ms=0.261815 gpu_resource_sampling_overhead_ms=0.036121 semantic_gates=16/16 timing_direct=true resource_overhead_excluded=true step_sum_used=false status=PASS
sample_index=88 cpu_pipeline_ms=684.15 gpu_pipeline_ms=78.0128 cpu_resource_sampling_overhead_ms=0.240621 gpu_resource_sampling_overhead_ms=0.036351 semantic_gates=16/16 timing_direct=true resource_overhead_excluded=true step_sum_used=false status=PASS
sample_index=89 cpu_pipeline_ms=666.83 gpu_pipeline_ms=77.455 cpu_resource_sampling_overhead_ms=0.229003 gpu_resource_sampling_overhead_ms=0.03451 semantic_gates=16/16 timing_direct=true resource_overhead_excluded=true step_sum_used=false status=PASS
sample_index=90 cpu_pipeline_ms=682.073 gpu_pipeline_ms=78.3437 cpu_resource_sampling_overhead_ms=0.223293 gpu_resource_sampling_overhead_ms=0.03538 semantic_gates=16/16 timing_direct=true resource_overhead_excluded=true step_sum_used=false status=PASS
sample_index=91 cpu_pipeline_ms=683.833 gpu_pipeline_ms=77.4757 cpu_resource_sampling_overhead_ms=0.233773 gpu_resource_sampling_overhead_ms=0.03675 semantic_gates=16/16 timing_direct=true resource_overhead_excluded=true step_sum_used=false status=PASS
sample_index=92 cpu_pipeline_ms=674.132 gpu_pipeline_ms=77.6237 cpu_resource_sampling_overhead_ms=0.230064 gpu_resource_sampling_overhead_ms=0.03669 semantic_gates=16/16 timing_direct=true resource_overhead_excluded=true step_sum_used=false status=PASS
sample_index=93 cpu_pipeline_ms=685.881 gpu_pipeline_ms=77.3944 cpu_resource_sampling_overhead_ms=0.227174 gpu_resource_sampling_overhead_ms=0.03608 semantic_gates=16/16 timing_direct=true resource_overhead_excluded=true step_sum_used=false status=PASS
sample_index=94 cpu_pipeline_ms=677.007 gpu_pipeline_ms=77.745 cpu_resource_sampling_overhead_ms=0.217501 gpu_resource_sampling_overhead_ms=0.03641 semantic_gates=16/16 timing_direct=true resource_overhead_excluded=true step_sum_used=false status=PASS
sample_index=95 cpu_pipeline_ms=686.388 gpu_pipeline_ms=77.4252 cpu_resource_sampling_overhead_ms=0.218954 gpu_resource_sampling_overhead_ms=0.035911 semantic_gates=16/16 timing_direct=true resource_overhead_excluded=true step_sum_used=false status=PASS
sample_index=96 cpu_pipeline_ms=674.368 gpu_pipeline_ms=77.5669 cpu_resource_sampling_overhead_ms=0.219942 gpu_resource_sampling_overhead_ms=0.0366 semantic_gates=16/16 timing_direct=true resource_overhead_excluded=true step_sum_used=false status=PASS
sample_index=97 cpu_pipeline_ms=681.801 gpu_pipeline_ms=77.4273 cpu_resource_sampling_overhead_ms=0.210944 gpu_resource_sampling_overhead_ms=0.03603 semantic_gates=16/16 timing_direct=true resource_overhead_excluded=true step_sum_used=false status=PASS
sample_index=98 cpu_pipeline_ms=667.007 gpu_pipeline_ms=77.9207 cpu_resource_sampling_overhead_ms=0.242243 gpu_resource_sampling_overhead_ms=0.03671 semantic_gates=16/16 timing_direct=true resource_overhead_excluded=true step_sum_used=false status=PASS
sample_index=99 cpu_pipeline_ms=699.069 gpu_pipeline_ms=79.5221 cpu_resource_sampling_overhead_ms=0.230794 gpu_resource_sampling_overhead_ms=0.038351 semantic_gates=16/16 timing_direct=true resource_overhead_excluded=true step_sum_used=false status=PASS
function=Task2 frozen full six-step pipeline
call_chain=Step1->Step2;Step2+Step1->Step3;Step3 dual outputs->Step4;Step4->Step5;Step5+Step4+Kalman/delay->Step6
timing=pipeline_total measured directly;not=sum(step timings)
cpu_correlation_method=direct_parallel_exact workers=255
resource_sampling_mode=same_pipeline_execution
status=PASS return_code=0
