command=/tmp/ZKX_dev/build_stage07_b02_square_76c5b6f8b36d/stage07_waveforms_square --dtype FP32 --count 1024 --p0 0.35 --p1 0 --p2 0 --p3 0 --warmup 20 --measured 100 --output /tmp/ZKX_dev/results/stage07_b02_formal_76c5b6f8b36d/formal/20260810T092026Z_76c5b6f8b36d_stage07_b02_formal_42c25fa3/square_probe_raw.json
STAGE07_WAVEFORM_PROBE PASS operator=square dtype=FP32
{"run_id": "20260810T092026Z_76c5b6f8b36d_stage07_b02_formal_42c25fa3", "case_id": "square__square_fp32_10e3__a09bf071e35b8537", "operator_name": "square", "task_name": "Task2", "step_name": "Step1", "scale_id": "square_fp32_10e3", "requested_dtype": "FP32", "config_input_dtype": "FP32", "input_content": [{"input_name": "phase", "shape": "[1024]", "dtype": "FP32", "element_count": "1024", "generator": "periodic_phase_8cycles(16*pi*i/(N-1))", "preview_head4_tail2": "i=0:0;i=1:0.0491353683;i=2:0.0982707366;i=3:0.147406101;i=1022:50.2163467;i=1023:50.2654839"}], "case_parameters": {"duty": 0.35, "phase_cycles": 8, "output_dtype": "FP64"}, "output_dtype": "FP64", "backend": "not_applicable", "warmup_runs": 20, "measured_runs": 100, "mse": 0, "rmse": 0, "relative_l2": 0, "relative_linf": 0, "actual_input_digest": "a09bf071e35b85373f5dc425014107c49a29815f4d7384a336a676bd50f54424", "typed_array_digest": "f35c2383fe4ff9f2310c195dec45da08e36afab4e0428a89797876a633fb6582", "status": "PASS", "error_code": "OK"}
[stage07] identity and status
+--------+------------------+--------+----------------+-------+--------+----------+--------------------------+--------+------------+
| target | scale_id         | device | backend        | dtype | warmup | measured | timing_scope             | status | error_code |
+--------+------------------+--------+----------------+-------+--------+----------+--------------------------+--------+------------+
| square | square_fp32_10e3 | CPU    | not_applicable | FP32  | 20     | 100      | compatibility/end-to-end | PASS   | OK         |
| square | square_fp32_10e3 | GPU    | not_applicable | FP32  | 20     | 100      | compatibility/end-to-end | PASS   | OK         |
+--------+------------------+--------+----------------+-------+--------+----------+--------------------------+--------+------------+

[stage07] timing detail
+--------+---------------------+----------------------+------------+----------------------+----------+----------+-----------------------+----------------------+-----------------+
| device | mean_ms             | p50_ms               | p95_ms     | p99_ms               | min_ms   | max_ms   | std_ms                | cv                   | speedup         |
+--------+---------------------+----------------------+------------+----------------------+----------+----------+-----------------------+----------------------+-----------------+
| CPU    | 0.02801013          | 0.027935500000000002 | 0.028041   | 0.028468800000000075 | 0.027591 | 0.043101 | 0.0015248214364639552 | 0.05443821347719397  | NA              |
| GPU    | 0.18433865000000002 | 0.18371549999999998  | 0.18806995 | 0.20023992000000038  | 0.170025 | 0.273888 | 0.009738948720857916  | 0.052831832721232985 | 0.1519493063446 |
+--------+---------------------+----------------------+------------+----------------------+----------+----------+-----------------------+----------------------+-----------------+

[stage07] accuracy detail
+---------------------+-----+------+-------------+---------------+-------------+----------------+------------------------------------------------------------------+--------+
| reference           | mse | rmse | relative_l2 | relative_linf | exact_match | mismatch_count | semantic_check                                                   | status |
+---------------------+-----+------+-------------+---------------+-------------+----------------+------------------------------------------------------------------+--------+
| typed_cpu_reference | 0   | 0    | 0           | 0             | NA          | NA             | output_shape=[1024];output_dtype=FP64;finite_numeric_output=true | PASS   |
+---------------------+-----+------+-------------+---------------+-------------+----------------+------------------------------------------------------------------+--------+

[stage07] resource detail
+--------+------------+--------------+-------------+------------+-------------+
| device | metric     | before_bytes | after_bytes | peak_bytes | delta_bytes |
+--------+------------+--------------+-------------+------------+-------------+
| CPU    | cpu_heap   | 1394080      | 1410224     | 1410224    | 16144       |
| CPU    | rss        | 69705728     | 69705728    | 69705728   | 0           |
| GPU    | cpu_heap   | 1410320      | 1421600     | 1421600    | 11280       |
| GPU    | rss        | 69705728     | 69705728    | 69705728   | 0           |
| GPU    | gpu_memory | 408322048    | 408322048   | 408322048  | 0           |
+--------+------------+--------------+-------------+------------+-------------+

[stage07] input content
+------------+--------+-------+----------+---------------------------------------+---------------------------------------------------------------------------------------------+
| input_name | shape  | dtype | elements | generator                             | values(head4/tail2)                                                                         |
+------------+--------+-------+----------+---------------------------------------+---------------------------------------------------------------------------------------------+
| phase      | [1024] | FP32  | 1024     | periodic_phase_8cycles(16*pi*i/(N-1)) | i=0:0;i=1:0.0491353683;i=2:0.0982707366;i=3:0.147406101;i=1022:50.2163467;i=1023:50.2654839 |
+------------+--------+-------+----------+---------------------------------------+---------------------------------------------------------------------------------------------+

[stage07] case parameters
+------------------------------------------------------+
| parameters                                           |
+------------------------------------------------------+
| {"duty":0.35,"output_dtype":"FP64","phase_cycles":8} |
+------------------------------------------------------+

[stage07] input and output identity
+--------+------------------------------------------------------------------+------------------------------------------------------------------+
| device | input_digest                                                     | output_digest                                                    |
+--------+------------------------------------------------------------------+------------------------------------------------------------------+
| CPU    | a09bf071e35b85373f5dc425014107c49a29815f4d7384a336a676bd50f54424 | 2fd383e1af802fbebe954ec7e5be52391601b04387f6e07b4b6a17535f6ed02f |
| GPU    | a09bf071e35b85373f5dc425014107c49a29815f4d7384a336a676bd50f54424 | 2fd383e1af802fbebe954ec7e5be52391601b04387f6e07b4b6a17535f6ed02f |
+--------+------------------------------------------------------------------+------------------------------------------------------------------+

[stage07] dtype evidence
+-----------------+--------------------+--------------+------------------------------------------------------------------+------------------------------------------------------------------+
| requested_dtype | config_input_dtype | output_dtype | typed_array_digest                                               | actual_input_digest                                              |
+-----------------+--------------------+--------------+------------------------------------------------------------------+------------------------------------------------------------------+
| FP32            | FP32               | FP64         | f35c2383fe4ff9f2310c195dec45da08e36afab4e0428a89797876a633fb6582 | a09bf071e35b85373f5dc425014107c49a29815f4d7384a336a676bd50f54424 |
+-----------------+--------------------+--------------+------------------------------------------------------------------+------------------------------------------------------------------+

[stage07] evidence files
+-------------+-----------------------------------------------------------------------------------------------------------------------------------------------------------------------------------------------------------------------------------+
| kind        | path                                                                                                                                                                                                                              |
+-------------+-----------------------------------------------------------------------------------------------------------------------------------------------------------------------------------------------------------------------------------+
| main_csv    | /tmp/ZKX_dev/results/stage07_b02_formal_76c5b6f8b36d/formal/20260810T092026Z_76c5b6f8b36d_stage07_b02_formal_42c25fa3/operator_main_results_square_not_applicable_20260810T092026Z_76c5b6f8b36d_stage07_b02_formal_42c25fa3.csv   |
| timing_csv  | /tmp/ZKX_dev/results/stage07_b02_formal_76c5b6f8b36d/formal/20260810T092026Z_76c5b6f8b36d_stage07_b02_formal_42c25fa3/operator_timing_samples_square_not_applicable_20260810T092026Z_76c5b6f8b36d_stage07_b02_formal_42c25fa3.csv |
| memory_csv  | /tmp/ZKX_dev/results/stage07_b02_formal_76c5b6f8b36d/formal/20260810T092026Z_76c5b6f8b36d_stage07_b02_formal_42c25fa3/operator_waveforms_square_memory_trace_not_applicable.csv                                                   |
| dtype_csv   | /tmp/ZKX_dev/results/stage07_b02_formal_76c5b6f8b36d/formal/20260810T092026Z_76c5b6f8b36d_stage07_b02_formal_42c25fa3/operator_dtype_evidence_square_not_applicable_20260810T092026Z_76c5b6f8b36d_stage07_b02_formal_42c25fa3.csv |
| report_json | /tmp/ZKX_dev/results/stage07_b02_formal_76c5b6f8b36d/formal/20260810T092026Z_76c5b6f8b36d_stage07_b02_formal_42c25fa3/operator_square_report.json                                                                                 |
| summary_txt | /tmp/ZKX_dev/results/stage07_b02_formal_76c5b6f8b36d/formal/20260810T092026Z_76c5b6f8b36d_stage07_b02_formal_42c25fa3/operator_square_summary.txt                                                                                 |
| full_log    | /tmp/ZKX_dev/results/stage07_b02_formal_76c5b6f8b36d/formal/20260810T092026Z_76c5b6f8b36d_stage07_b02_formal_42c25fa3/operator_square_full.log                                                                                    |
| result_dir  | /tmp/ZKX_dev/results/stage07_b02_formal_76c5b6f8b36d/formal/20260810T092026Z_76c5b6f8b36d_stage07_b02_formal_42c25fa3                                                                                                             |
+-------------+-----------------------------------------------------------------------------------------------------------------------------------------------------------------------------------------------------------------------------------+
