command=build_stage08_b04_correlate2d_e458c69972d3/stage08_convolution_correlate2d --dtype INT32 --rows1 10 --cols1 10 --rows2 3 --cols2 3 --mode same --boundary fill --fillvalue 1 --seed 84030001 --warmup 20 --measured 100 --output /tmp/ZKX_dev/results/stage08_input_preview_b04_correlate2d_db927ed96663/formal/20260810T083656Z_db927ed96663_stage08_b04_formal_b4010007/correlate2d_probe_raw.json
STAGE08_CORRELATE2D_PROBE PASS dtype=INT32 mode=same boundary=fill backend=not_applicable
{"actual_input_digest": "49effc96ccb0892adc889b77dc65f457a729295f96e25c02a929bc8f942e8681", "backend": "not_applicable", "boundary": "fill", "boundary_effect": "active", "case_id": "correlate2d__correlate2d_int32_10e2__49effc96ccb0892a", "compute_dtype": "INT32_modular", "dtype_semantics": "actual_same_dtype_arrays_native_modular_direct", "error_code": "OK", "fft_dtype": "not_applicable", "measured_runs": 100, "metrics": {"exact_match": true, "mismatch_count": 0, "mse": 0, "relative_l2": 0, "relative_linf": 0, "rmse": 0}, "mode": "same", "native_capability": "native", "operator_name": "correlate2d", "output_dtype": "INT32", "requested_dtype": "INT32", "run_id": "20260810T083656Z_db927ed96663_stage08_b04_formal_b4010007", "scale_id": "correlate2d_int32_10e2", "schema_version": 1, "status": "PASS", "typed_input_count": 2, "typed_input_names": "in1|in2", "warmup_runs": 20}
[stage08] identity and status
+-------------+------------------------+--------+----------------+-------+--------+----------+--------------------------+--------+------------+
| target      | scale_id               | device | backend        | dtype | warmup | measured | timing_scope             | status | error_code |
+-------------+------------------------+--------+----------------+-------+--------+----------+--------------------------+--------+------------+
| correlate2d | correlate2d_int32_10e2 | CPU    | not_applicable | INT32 | 20     | 100      | compatibility/end-to-end | PASS   | OK         |
| correlate2d | correlate2d_int32_10e2 | GPU    | not_applicable | INT32 | 20     | 100      | compatibility/end-to-end | PASS   | OK         |
+-------------+------------------------+--------+----------------+-------+--------+----------+--------------------------+--------+------------+

[stage08] timing detail
+--------+---------------------+---------------------+----------------------+----------------------+----------------------+---------------------+------------------------+----------------------+----------------------+
| device | mean_ms             | p50_ms              | p95_ms               | p99_ms               | min_ms               | max_ms              | std_ms                 | cv                   | speedup              |
+--------+---------------------+---------------------+----------------------+----------------------+----------------------+---------------------+------------------------+----------------------+----------------------+
| CPU    | 0.0198412           | 0.01984             | 0.019900050000000002 | 0.019930900000000001 | 0.019769999999999999 | 0.02002             | 3.4662083030308277e-05 | 0.001746975134080009 | NA                   |
| GPU    | 0.29519010000000001 | 0.29084149999999998 | 0.30482245000000002  | 0.36809090000000044  | 0.28601199999999999  | 0.45213199999999998 | 0.019279530867995723   | 0.065312254265965292 | 0.067214991288664483 |
+--------+---------------------+---------------------+----------------------+----------------------+----------------------+---------------------+------------------------+----------------------+----------------------+

[stage08] accuracy detail
+-------------------------------------------+-----+------+-------------+---------------+-------------+----------------+-------------------------------------------------------------------------------------------+--------+
| accuracy_reference                        | mse | rmse | relative_l2 | relative_linf | exact_match | mismatch_count | semantic_check                                                                            | status |
+-------------------------------------------+-----+------+-------------+---------------+-------------+----------------+-------------------------------------------------------------------------------------------+--------+
| cpu_independent_boundary_direct_reference | 0   | 0    | 0           | 0             | true        | 0              | native_modular_int32_exact_match_cpu:mode=same;boundary=fill;valid_boundary_effect=active | PASS   |
+-------------------------------------------+-----+------+-------------+---------------+-------------+----------------+-------------------------------------------------------------------------------------------+--------+

[stage08] resource detail
+--------+------------+--------------+-------------+------------+-------------+
| device | metric     | before_bytes | after_bytes | peak_bytes | delta_bytes |
+--------+------------+--------------+-------------+------------+-------------+
| CPU    | cpu_heap   | 1442624      | 1446416     | 1446416    | 3792        |
| CPU    | rss        | 69636096     | 69636096    | 69636096   | 0           |
| GPU    | cpu_heap   | 1446416      | 1449856     | 1449856    | 3440        |
| GPU    | rss        | 69636096     | 69636096    | 69636096   | 0           |
| GPU    | gpu_memory | 391544832    | 391544832   | 391544832  | 0           |
+--------+------------+--------------+-------------+------------+-------------+

[stage08] input/output identity
+--------+------------------------------------------------------------------+------------------------------------------------------------------+
| device | input_digest                                                     | output_digest                                                    |
+--------+------------------------------------------------------------------+------------------------------------------------------------------+
| CPU    | 49effc96ccb0892adc889b77dc65f457a729295f96e25c02a929bc8f942e8681 | ca7edcd280cae2fee1aac204075721544a552544b3f9874c93e38ba733eb9694 |
| GPU    | 49effc96ccb0892adc889b77dc65f457a729295f96e25c02a929bc8f942e8681 | ca7edcd280cae2fee1aac204075721544a552544b3f9874c93e38ba733eb9694 |
+--------+------------------------------------------------------------------+------------------------------------------------------------------+

[stage08] input content
+------------+---------+-------+----------+-------------------------------------------------------+------------------------------------------+
| input_name | shape   | dtype | elements | generator                                             | values(head4/tail2)                      |
+------------+---------+-------+----------+-------------------------------------------------------+------------------------------------------+
| in1        | [10x10] | INT32 | 100      | correlate_modular(seed=84030001,salt=3,integral=true) | i=0:-2;i=1:4;i=2:-1;i=3:5;i=98:3;i=99:-2 |
| in2        | [3x3]   | INT32 | 9        | correlate_modular(seed=84030001,salt=7,integral=true) | i=0:2;i=1:-3;i=2:3;i=3:-2;i=7:0;i=8:-5   |
+------------+---------+-------+----------+-------------------------------------------------------+------------------------------------------+

[stage08] case parameters
+---------------------------------------------------------------------------------------------------------------------------------------+
| parameters                                                                                                                            |
+---------------------------------------------------------------------------------------------------------------------------------------+
| {"boundary":"fill","cols1":"10","cols2":"3","dtype":"INT32","fillvalue":"1","mode":"same","rows1":"10","rows2":"3","seed":"84030001"} |
+---------------------------------------------------------------------------------------------------------------------------------------+

[stage08] dtype evidence
+-----------------+--------------------+--------------+------------------------------------------------------------------+--------+
| requested_dtype | config_input_dtype | output_dtype | actual_input_digest                                              | status |
+-----------------+--------------------+--------------+------------------------------------------------------------------+--------+
| INT32           | NA                 | INT32        | 49effc96ccb0892adc889b77dc65f457a729295f96e25c02a929bc8f942e8681 | PASS   |
+-----------------+--------------------+--------------+------------------------------------------------------------------+--------+

[stage08] evidence files
+----------------+-----------------------------------------------------------------------------------------------------------------------------------------------------------------------------------------------------------------------------------------------------------+
| kind           | path                                                                                                                                                                                                                                                      |
+----------------+-----------------------------------------------------------------------------------------------------------------------------------------------------------------------------------------------------------------------------------------------------------+
| probe_raw_json | /tmp/ZKX_dev/results/stage08_input_preview_b04_correlate2d_db927ed96663/formal/20260810T083656Z_db927ed96663_stage08_b04_formal_b4010007/correlate2d_probe_raw.json                                                                                       |
| memory_csv     | /tmp/ZKX_dev/results/stage08_input_preview_b04_correlate2d_db927ed96663/formal/20260810T083656Z_db927ed96663_stage08_b04_formal_b4010007/operator_convolution_correlate2d_memory_trace_not_applicable.csv                                                 |
| full_log       | /tmp/ZKX_dev/results/stage08_input_preview_b04_correlate2d_db927ed96663/formal/20260810T083656Z_db927ed96663_stage08_b04_formal_b4010007/operator_correlate2d_full.log                                                                                    |
| report_json    | /tmp/ZKX_dev/results/stage08_input_preview_b04_correlate2d_db927ed96663/formal/20260810T083656Z_db927ed96663_stage08_b04_formal_b4010007/operator_correlate2d_report.json                                                                                 |
| summary_txt    | /tmp/ZKX_dev/results/stage08_input_preview_b04_correlate2d_db927ed96663/formal/20260810T083656Z_db927ed96663_stage08_b04_formal_b4010007/operator_correlate2d_summary.txt                                                                                 |
| dtype_csv      | /tmp/ZKX_dev/results/stage08_input_preview_b04_correlate2d_db927ed96663/formal/20260810T083656Z_db927ed96663_stage08_b04_formal_b4010007/operator_dtype_evidence_correlate2d_not_applicable_20260810T083656Z_db927ed96663_stage08_b04_formal_b4010007.csv |
| main_csv       | /tmp/ZKX_dev/results/stage08_input_preview_b04_correlate2d_db927ed96663/formal/20260810T083656Z_db927ed96663_stage08_b04_formal_b4010007/operator_main_results_correlate2d_not_applicable_20260810T083656Z_db927ed96663_stage08_b04_formal_b4010007.csv   |
| timing_csv     | /tmp/ZKX_dev/results/stage08_input_preview_b04_correlate2d_db927ed96663/formal/20260810T083656Z_db927ed96663_stage08_b04_formal_b4010007/operator_timing_samples_correlate2d_not_applicable_20260810T083656Z_db927ed96663_stage08_b04_formal_b4010007.csv |
+----------------+-----------------------------------------------------------------------------------------------------------------------------------------------------------------------------------------------------------------------------------------------------------+
