command=/tmp/ZKX_dev/build_stage07_b01_pulse_doppler_1662dd06774d/stage07_radartools_pulse_doppler --dtype FP32 --warmup 20 --measured 100 --output /tmp/ZKX_dev/results/stage07_b01_input_preview_1662dd06774d/formal/20260810T081042Z_1662dd06774d_stage07_b01_formal_326294ba/pulse_doppler_probe_raw.json --n0 128 --n1 128 --nfft 128
STAGE07_RADAR_PROBE PASS operator=pulse_doppler dtype=FP32
{"run_id": "20260810T081042Z_1662dd06774d_stage07_b01_formal_326294ba", "case_id": "pulse_doppler__pd_fp32_10e4__d201ca14242913b9", "operator_name": "pulse_doppler", "scale_id": "pd_fp32_10e4", "requested_dtype": "FP32", "config_input_dtype": "ComplexFP32", "input_content": [{"input_name": "compressed", "shape": "[128x128]", "dtype": "ComplexFP32", "element_count": "16384", "generator": "complex_modular(seed=11,integral=false)", "preview_head4_tail2": "i=0:(-1.25,-0.5);i=1:(-0.75,-1);i=2:(-0.25,0.75);i=3:(0.25,0.25);i=16382:(0.25,0.75);i=16383:(0.75,0.25)"}], "case_parameters": {"num_pulses": 128, "samples_per_pulse": 128, "nfft": 128, "window": "none"}, "output_dtype": "ComplexFP32", "backend": "fft_thrust", "warmup_runs": 20, "measured_runs": 100, "mse": 3.20744e-09, "rmse": 5.66343e-05, "relative_l2": 6.93627e-06, "relative_linf": 8.18477e-06, "exact_match": true, "mismatch_count": 0, "semantic_check": true, "actual_input_digest": "d201ca14242913b9f9304930757dac26af81f934e448f10a90e45c92f2e5fd82", "status": "PASS", "error_code": "OK"}
[stage07] identity and status
+---------------+--------------+--------+------------+-------+--------+----------+--------------------------+--------+------------+
| target        | scale_id     | device | backend    | dtype | warmup | measured | timing_scope             | status | error_code |
+---------------+--------------+--------+------------+-------+--------+----------+--------------------------+--------+------------+
| pulse_doppler | pd_fp32_10e4 | CPU    | fft_thrust | FP32  | 20     | 100      | compatibility/end-to-end | PASS   | OK         |
| pulse_doppler | pd_fp32_10e4 | GPU    | fft_thrust | FP32  | 20     | 100      | compatibility/end-to-end | PASS   | OK         |
+---------------+--------------+--------+------------+-------+--------+----------+--------------------------+--------+------------+

[stage07] timing detail
+--------+--------------+-------------+--------------+-------------+------------+------------+----------------------+-----------------------+-------------------+
| device | mean_ms      | p50_ms      | p95_ms       | p99_ms      | min_ms     | max_ms     | std_ms               | cv                    | speedup           |
+--------+--------------+-------------+--------------+-------------+------------+------------+----------------------+-----------------------+-------------------+
| CPU    | 122.07452743 | 122.0158905 | 122.64744005 | 122.7521123 | 121.819224 | 122.831936 | 0.2311146785079321   | 0.0018932260756893606 | NA                |
| GPU    | 1.38580997   | 1.3815005   | 1.42167595   | 1.5095258   | 1.359195   | 1.540295   | 0.025001130155836958 | 0.018040806962759084  | 88.08893720832447 |
+--------+--------------+-------------+--------------+-------------+------------+------------+----------------------+-----------------------+-------------------+

[stage07] accuracy detail
+---------------------+-------------+-------------+-------------+---------------+-------------+----------------+---------------------------------+--------+
| reference           | mse         | rmse        | relative_l2 | relative_linf | exact_match | mismatch_count | semantic_check                  | status |
+---------------------+-------------+-------------+-------------+---------------+-------------+----------------+---------------------------------+--------+
| typed_cpu_reference | 3.20744e-09 | 5.66343e-05 | 6.93627e-06 | 8.18477e-06   | NA          | NA             | typed_output_shape_dtype_finite | PASS   |
+---------------------+-------------+-------------+-------------+---------------+-------------+----------------+---------------------------------+--------+

[stage07] resource detail
+--------+------------+--------------+-------------+------------+-------------+
| device | metric     | before_bytes | after_bytes | peak_bytes | delta_bytes |
+--------+------------+--------------+-------------+------------+-------------+
| CPU    | cpu_heap   | 2114672      | 2117664     | 2247632    | 2992        |
| CPU    | rss        | 72163328     | 72421376    | 72421376   | 258048      |
| GPU    | cpu_heap   | 2117712      | 2121008     | 2121008    | 3296        |
| GPU    | rss        | 72421376     | 72421376    | 72421376   | 0           |
| GPU    | gpu_memory | 341000192    | 341000192   | 341000192  | 0           |
+--------+------------+--------------+-------------+------------+-------------+

[stage07] input content
+------------+-----------+-------------+----------+-----------------------------------------+----------------------------------------------------------------------------------------------------------+
| input_name | shape     | dtype       | elements | generator                               | values(head4/tail2)                                                                                      |
+------------+-----------+-------------+----------+-----------------------------------------+----------------------------------------------------------------------------------------------------------+
| compressed | [128x128] | ComplexFP32 | 16384    | complex_modular(seed=11,integral=false) | i=0:(-1.25,-0.5);i=1:(-0.75,-1);i=2:(-0.25,0.75);i=3:(0.25,0.25);i=16382:(0.25,0.75);i=16383:(0.75,0.25) |
+------------+-----------+-------------+----------+-----------------------------------------+----------------------------------------------------------------------------------------------------------+

[stage07] case parameters
+-----------------------------------------------------------------------+
| parameters                                                            |
+-----------------------------------------------------------------------+
| {"nfft":128,"num_pulses":128,"samples_per_pulse":128,"window":"none"} |
+-----------------------------------------------------------------------+

[stage07] input and output identity
+--------+------------------------------------------------------------------+------------------------------------------------------------------+
| device | input_digest                                                     | output_digest                                                    |
+--------+------------------------------------------------------------------+------------------------------------------------------------------+
| CPU    | d201ca14242913b9f9304930757dac26af81f934e448f10a90e45c92f2e5fd82 | 22859c82a362f342dfa56db13dd2d4bf792ce28457856e31d3f79408fc60bd59 |
| GPU    | d201ca14242913b9f9304930757dac26af81f934e448f10a90e45c92f2e5fd82 | f8049aede2ef26ee8031e123df53c1252b98aaa9006a21df793f9ea29d2dbe9f |
+--------+------------------------------------------------------------------+------------------------------------------------------------------+

[stage07] dtype evidence
+-----------------+--------------------+--------------+------------------------------------------------------------------+
| requested_dtype | config_input_dtype | output_dtype | actual_input_digest                                              |
+-----------------+--------------------+--------------+------------------------------------------------------------------+
| FP32            | ComplexFP32        | ComplexFP32  | d201ca14242913b9f9304930757dac26af81f934e448f10a90e45c92f2e5fd82 |
+-----------------+--------------------+--------------+------------------------------------------------------------------+

[stage07] evidence files
+-------------+---------------------------------------------------------------------------------------------------------------------------------------------------------------------------------------------------------------------------------------------+
| kind        | path                                                                                                                                                                                                                                        |
+-------------+---------------------------------------------------------------------------------------------------------------------------------------------------------------------------------------------------------------------------------------------+
| main_csv    | /tmp/ZKX_dev/results/stage07_b01_input_preview_1662dd06774d/formal/20260810T081042Z_1662dd06774d_stage07_b01_formal_326294ba/operator_main_results_pulse_doppler_fft_thrust_20260810T081042Z_1662dd06774d_stage07_b01_formal_326294ba.csv   |
| timing_csv  | /tmp/ZKX_dev/results/stage07_b01_input_preview_1662dd06774d/formal/20260810T081042Z_1662dd06774d_stage07_b01_formal_326294ba/operator_timing_samples_pulse_doppler_fft_thrust_20260810T081042Z_1662dd06774d_stage07_b01_formal_326294ba.csv |
| memory_csv  | /tmp/ZKX_dev/results/stage07_b01_input_preview_1662dd06774d/formal/20260810T081042Z_1662dd06774d_stage07_b01_formal_326294ba/operator_radartools_pulse_doppler_memory_trace_fft_thrust.csv                                                  |
| dtype_csv   | /tmp/ZKX_dev/results/stage07_b01_input_preview_1662dd06774d/formal/20260810T081042Z_1662dd06774d_stage07_b01_formal_326294ba/operator_dtype_evidence_pulse_doppler_fft_thrust_20260810T081042Z_1662dd06774d_stage07_b01_formal_326294ba.csv |
| report_json | /tmp/ZKX_dev/results/stage07_b01_input_preview_1662dd06774d/formal/20260810T081042Z_1662dd06774d_stage07_b01_formal_326294ba/operator_pulse_doppler_report.json                                                                             |
| summary_txt | /tmp/ZKX_dev/results/stage07_b01_input_preview_1662dd06774d/formal/20260810T081042Z_1662dd06774d_stage07_b01_formal_326294ba/operator_pulse_doppler_summary.txt                                                                             |
| full_log    | /tmp/ZKX_dev/results/stage07_b01_input_preview_1662dd06774d/formal/20260810T081042Z_1662dd06774d_stage07_b01_formal_326294ba/operator_pulse_doppler_full.log                                                                                |
| result_dir  | /tmp/ZKX_dev/results/stage07_b01_input_preview_1662dd06774d/formal/20260810T081042Z_1662dd06774d_stage07_b01_formal_326294ba                                                                                                                |
+-------------+---------------------------------------------------------------------------------------------------------------------------------------------------------------------------------------------------------------------------------------------+
