command=build_stage08_b05_detrend_2140b2b84ec4/stage08_filtering_detrend --dtype FP32 --mode constant --breakpoints  --rank 1 --rows 100 --cols 1 --axis 0 --seed 85110001 --warmup 20 --measured 100 --output /tmp/ZKX_dev/results/stage08_input_preview_b05_detrend_652061b694fc/formal/20260810T084553Z_652061b694fc_stage08_b05_formal_85610000/detrend_probe_raw.json
STAGE08_DETREND_PROBE PASS dtype=FP32 mode=constant
{"run_id": "20260810T084553Z_652061b694fc_stage08_b05_formal_85610000", "case_id": "detrend__detrend_fp32_10e2__91e1a45e3715cb26", "operator_name": "detrend", "scale_id": "detrend_fp32_10e2", "requested_dtype": "FP32", "output_dtype": "FP32", "backend": "not_applicable", "mode": "constant", "axis": 0, "breakpoints": [], "rank": 1, "warmup_runs": 20, "measured_runs": 100, "mse": 0, "rmse": 0, "relative_l2": 0, "relative_linf": 0, "status": "PASS", "error_code": "OK"}
[stage08] identity and status
+---------+-------------------+--------+----------------+-------+--------+----------+--------------------------+--------+------------+
| target  | scale_id          | device | backend        | dtype | warmup | measured | timing_scope             | status | error_code |
+---------+-------------------+--------+----------------+-------+--------+----------+--------------------------+--------+------------+
| detrend | detrend_fp32_10e2 | CPU    | not_applicable | FP32  | 20     | 100      | compatibility/end-to-end | PASS   | OK         |
| detrend | detrend_fp32_10e2 | GPU    | not_applicable | FP32  | 20     | 100      | compatibility/end-to-end | PASS   | OK         |
+---------+-------------------+--------+----------------+-------+--------+----------+--------------------------+--------+------------+

[stage08] timing detail
+--------+------------+---------------------+-----------------------+-----------------------+-----------------------+---------------------+------------------------+-----------------------+----------------------+
| device | mean_ms    | p50_ms              | p95_ms                | p99_ms                | min_ms                | max_ms              | std_ms                 | cv                    | speedup              |
+--------+------------+---------------------+-----------------------+-----------------------+-----------------------+---------------------+------------------------+-----------------------+----------------------+
| CPU    | 0.00381803 | 0.00381             | 0.0038610000000000003 | 0.0039404000000000002 | 0.0037799999999999999 | 0.00398             | 3.0876351792269774e-05 | 0.0080869851185741796 | NA                   |
| GPU    | 0.33497009 | 0.33012649999999999 | 0.35088899999999995   | 0.44928460000000014   | 0.322712              | 0.47419299999999998 | 0.020828132177463727   | 0.06217908045898584   | 0.011398122142785943 |
+--------+------------+---------------------+-----------------------+-----------------------+-----------------------+---------------------+------------------------+-----------------------+----------------------+

[stage08] accuracy detail
+-----------------------+-----+------+-------------+---------------+-------------+----------------+--------------------------------------------------------+--------+
| accuracy_reference    | mse | rmse | relative_l2 | relative_linf | exact_match | mismatch_count | semantic_check                                         | status |
+-----------------------+-----+------+-------------+---------------+-------------+----------------+--------------------------------------------------------+--------+
| cpu_detrend_reference | 0   | 0    | 0           | 0             | NA          | NA             | shape_axis_mode_breakpoints_and_output_dtype_match_cpu | PASS   |
+-----------------------+-----+------+-------------+---------------+-------------+----------------+--------------------------------------------------------+--------+

[stage08] resource detail
+--------+------------+--------------+-------------+------------+-------------+
| device | metric     | before_bytes | after_bytes | peak_bytes | delta_bytes |
+--------+------------+--------------+-------------+------------+-------------+
| CPU    | cpu_heap   | 1419104      | 1421840     | 1421840    | 2736        |
| CPU    | rss        | 70238208     | 70238208    | 70238208   | 0           |
| GPU    | cpu_heap   | 1423552      | 1427536     | 1427536    | 3984        |
| GPU    | rss        | 70238208     | 70238208    | 70238208   | 0           |
| GPU    | gpu_memory | 391544832    | 391544832   | 391544832  | 0           |
+--------+------------+--------------+-------------+------------+-------------+

[stage08] input/output identity
+--------+------------------------------------------------------------------+------------------------------------------------------------------+
| device | input_digest                                                     | output_digest                                                    |
+--------+------------------------------------------------------------------+------------------------------------------------------------------+
| CPU    | 91e1a45e3715cb26deee7f54e41c8f4349a74a12f6443d14263011d374d94e3c | 5b372f98358564de2a3e8a47b902bfef4a8347795da9b5705f685bd616357f28 |
| GPU    | 91e1a45e3715cb26deee7f54e41c8f4349a74a12f6443d14263011d374d94e3c | 5b372f98358564de2a3e8a47b902bfef4a8347795da9b5705f685bd616357f28 |
+--------+------------------------------------------------------------------+------------------------------------------------------------------+

[stage08] input content
+------------+-------+-------+----------+--------------------------------------------------------+--------------------------------------------------------+
| input_name | shape | dtype | elements | generator                                              | values(head4/tail2)                                    |
+------------+-------+-------+----------+--------------------------------------------------------+--------------------------------------------------------+
| x          | [100] | FP32  | 100      | trend_plus_modular_noise(seed=85110001,integral=false) | i=0:0.75;i=1:-0.45;i=2:0.6;i=3:-0.6;i=98:4.65;i=99:5.7 |
+------------+-------+-------+----------+--------------------------------------------------------+--------------------------------------------------------+

[stage08] case parameters
+---------------------------------------------------------------------------------------------------------------------+
| parameters                                                                                                          |
+---------------------------------------------------------------------------------------------------------------------+
| {"axis":"0","breakpoints":"","cols":"1","dtype":"FP32","mode":"constant","rank":"1","rows":"100","seed":"85110001"} |
+---------------------------------------------------------------------------------------------------------------------+

[stage08] dtype evidence
+-----------------+--------------------+--------------+------------------------------------------------------------------+--------+
| requested_dtype | config_input_dtype | output_dtype | actual_input_digest                                              | status |
+-----------------+--------------------+--------------+------------------------------------------------------------------+--------+
| FP32            | NA                 | FP32         | 91e1a45e3715cb26deee7f54e41c8f4349a74a12f6443d14263011d374d94e3c | PASS   |
+-----------------+--------------------+--------------+------------------------------------------------------------------+--------+

[stage08] evidence files
+----------------+---------------------------------------------------------------------------------------------------------------------------------------------------------------------------------------------------------------------------------------------------+
| kind           | path                                                                                                                                                                                                                                              |
+----------------+---------------------------------------------------------------------------------------------------------------------------------------------------------------------------------------------------------------------------------------------------+
| probe_raw_json | /tmp/ZKX_dev/results/stage08_input_preview_b05_detrend_652061b694fc/formal/20260810T084553Z_652061b694fc_stage08_b05_formal_85610000/detrend_probe_raw.json                                                                                       |
| full_log       | /tmp/ZKX_dev/results/stage08_input_preview_b05_detrend_652061b694fc/formal/20260810T084553Z_652061b694fc_stage08_b05_formal_85610000/operator_detrend_full.log                                                                                    |
| report_json    | /tmp/ZKX_dev/results/stage08_input_preview_b05_detrend_652061b694fc/formal/20260810T084553Z_652061b694fc_stage08_b05_formal_85610000/operator_detrend_report.json                                                                                 |
| summary_txt    | /tmp/ZKX_dev/results/stage08_input_preview_b05_detrend_652061b694fc/formal/20260810T084553Z_652061b694fc_stage08_b05_formal_85610000/operator_detrend_summary.txt                                                                                 |
| dtype_csv      | /tmp/ZKX_dev/results/stage08_input_preview_b05_detrend_652061b694fc/formal/20260810T084553Z_652061b694fc_stage08_b05_formal_85610000/operator_dtype_evidence_detrend_not_applicable_20260810T084553Z_652061b694fc_stage08_b05_formal_85610000.csv |
| memory_csv     | /tmp/ZKX_dev/results/stage08_input_preview_b05_detrend_652061b694fc/formal/20260810T084553Z_652061b694fc_stage08_b05_formal_85610000/operator_filtering_detrend_memory_trace_not_applicable.csv                                                   |
| main_csv       | /tmp/ZKX_dev/results/stage08_input_preview_b05_detrend_652061b694fc/formal/20260810T084553Z_652061b694fc_stage08_b05_formal_85610000/operator_main_results_detrend_not_applicable_20260810T084553Z_652061b694fc_stage08_b05_formal_85610000.csv   |
| timing_csv     | /tmp/ZKX_dev/results/stage08_input_preview_b05_detrend_652061b694fc/formal/20260810T084553Z_652061b694fc_stage08_b05_formal_85610000/operator_timing_samples_detrend_not_applicable_20260810T084553Z_652061b694fc_stage08_b05_formal_85610000.csv |
+----------------+---------------------------------------------------------------------------------------------------------------------------------------------------------------------------------------------------------------------------------------------------+
