sample_index=0 cpu_pipeline_ms=162.589 gpu_pipeline_ms=22.125 cpu_resource_sampling_overhead_ms=0.193001 gpu_resource_sampling_overhead_ms=0.03237 semantic_gates=16/16 timing_direct=true resource_overhead_excluded=true step_sum_used=false status=PASS
sample_index=1 cpu_pipeline_ms=175.123 gpu_pipeline_ms=23.9732 cpu_resource_sampling_overhead_ms=0.18061 gpu_resource_sampling_overhead_ms=0.033331 semantic_gates=16/16 timing_direct=true resource_overhead_excluded=true step_sum_used=false status=PASS
sample_index=2 cpu_pipeline_ms=175.741 gpu_pipeline_ms=21.0002 cpu_resource_sampling_overhead_ms=0.169462 gpu_resource_sampling_overhead_ms=0.03281 semantic_gates=16/16 timing_direct=true resource_overhead_excluded=true step_sum_used=false status=PASS
sample_index=3 cpu_pipeline_ms=176.332 gpu_pipeline_ms=21.1821 cpu_resource_sampling_overhead_ms=0.190532 gpu_resource_sampling_overhead_ms=0.032671 semantic_gates=16/16 timing_direct=true resource_overhead_excluded=true step_sum_used=false status=PASS
sample_index=4 cpu_pipeline_ms=174.379 gpu_pipeline_ms=21.1597 cpu_resource_sampling_overhead_ms=0.161781 gpu_resource_sampling_overhead_ms=0.03308 semantic_gates=16/16 timing_direct=true resource_overhead_excluded=true step_sum_used=false status=PASS
sample_index=5 cpu_pipeline_ms=187.351 gpu_pipeline_ms=21.9794 cpu_resource_sampling_overhead_ms=0.192751 gpu_resource_sampling_overhead_ms=0.03361 semantic_gates=16/16 timing_direct=true resource_overhead_excluded=true step_sum_used=false status=PASS
sample_index=6 cpu_pipeline_ms=174.765 gpu_pipeline_ms=21.644 cpu_resource_sampling_overhead_ms=0.182102 gpu_resource_sampling_overhead_ms=0.03236 semantic_gates=16/16 timing_direct=true resource_overhead_excluded=true step_sum_used=false status=PASS
sample_index=7 cpu_pipeline_ms=173.579 gpu_pipeline_ms=21.6004 cpu_resource_sampling_overhead_ms=0.16843 gpu_resource_sampling_overhead_ms=0.031971 semantic_gates=16/16 timing_direct=true resource_overhead_excluded=true step_sum_used=false status=PASS
sample_index=8 cpu_pipeline_ms=175.838 gpu_pipeline_ms=21.8128 cpu_resource_sampling_overhead_ms=0.165362 gpu_resource_sampling_overhead_ms=0.03249 semantic_gates=16/16 timing_direct=true resource_overhead_excluded=true step_sum_used=false status=PASS
sample_index=9 cpu_pipeline_ms=174.505 gpu_pipeline_ms=21.5211 cpu_resource_sampling_overhead_ms=0.177213 gpu_resource_sampling_overhead_ms=0.03258 semantic_gates=16/16 timing_direct=true resource_overhead_excluded=true step_sum_used=false status=PASS
sample_index=10 cpu_pipeline_ms=173.918 gpu_pipeline_ms=21.7689 cpu_resource_sampling_overhead_ms=0.180522 gpu_resource_sampling_overhead_ms=0.03193 semantic_gates=16/16 timing_direct=true resource_overhead_excluded=true step_sum_used=false status=PASS
sample_index=11 cpu_pipeline_ms=174.245 gpu_pipeline_ms=21.5538 cpu_resource_sampling_overhead_ms=0.177431 gpu_resource_sampling_overhead_ms=0.03242 semantic_gates=16/16 timing_direct=true resource_overhead_excluded=true step_sum_used=false status=PASS
sample_index=12 cpu_pipeline_ms=174.859 gpu_pipeline_ms=21.628 cpu_resource_sampling_overhead_ms=0.169173 gpu_resource_sampling_overhead_ms=0.03257 semantic_gates=16/16 timing_direct=true resource_overhead_excluded=true step_sum_used=false status=PASS
sample_index=13 cpu_pipeline_ms=174.295 gpu_pipeline_ms=21.6172 cpu_resource_sampling_overhead_ms=0.16931 gpu_resource_sampling_overhead_ms=0.032661 semantic_gates=16/16 timing_direct=true resource_overhead_excluded=true step_sum_used=false status=PASS
sample_index=14 cpu_pipeline_ms=173.379 gpu_pipeline_ms=21.6333 cpu_resource_sampling_overhead_ms=0.159062 gpu_resource_sampling_overhead_ms=0.03242 semantic_gates=16/16 timing_direct=true resource_overhead_excluded=true step_sum_used=false status=PASS
sample_index=15 cpu_pipeline_ms=175.307 gpu_pipeline_ms=21.5836 cpu_resource_sampling_overhead_ms=0.17743 gpu_resource_sampling_overhead_ms=0.03281 semantic_gates=16/16 timing_direct=true resource_overhead_excluded=true step_sum_used=false status=PASS
sample_index=16 cpu_pipeline_ms=174.774 gpu_pipeline_ms=21.7113 cpu_resource_sampling_overhead_ms=0.172652 gpu_resource_sampling_overhead_ms=0.03239 semantic_gates=16/16 timing_direct=true resource_overhead_excluded=true step_sum_used=false status=PASS
sample_index=17 cpu_pipeline_ms=174.387 gpu_pipeline_ms=21.457 cpu_resource_sampling_overhead_ms=0.167971 gpu_resource_sampling_overhead_ms=0.032351 semantic_gates=16/16 timing_direct=true resource_overhead_excluded=true step_sum_used=false status=PASS
sample_index=18 cpu_pipeline_ms=176.49 gpu_pipeline_ms=21.6483 cpu_resource_sampling_overhead_ms=0.175831 gpu_resource_sampling_overhead_ms=0.03315 semantic_gates=16/16 timing_direct=true resource_overhead_excluded=true step_sum_used=false status=PASS
sample_index=19 cpu_pipeline_ms=174.654 gpu_pipeline_ms=21.5413 cpu_resource_sampling_overhead_ms=0.200573 gpu_resource_sampling_overhead_ms=0.03235 semantic_gates=16/16 timing_direct=true resource_overhead_excluded=true step_sum_used=false status=PASS
sample_index=20 cpu_pipeline_ms=173.964 gpu_pipeline_ms=21.7302 cpu_resource_sampling_overhead_ms=0.176293 gpu_resource_sampling_overhead_ms=0.0321 semantic_gates=16/16 timing_direct=true resource_overhead_excluded=true step_sum_used=false status=PASS
sample_index=21 cpu_pipeline_ms=173.818 gpu_pipeline_ms=21.4737 cpu_resource_sampling_overhead_ms=0.176212 gpu_resource_sampling_overhead_ms=0.03315 semantic_gates=16/16 timing_direct=true resource_overhead_excluded=true step_sum_used=false status=PASS
sample_index=22 cpu_pipeline_ms=174.883 gpu_pipeline_ms=21.5203 cpu_resource_sampling_overhead_ms=0.168123 gpu_resource_sampling_overhead_ms=0.0321 semantic_gates=16/16 timing_direct=true resource_overhead_excluded=true step_sum_used=false status=PASS
sample_index=23 cpu_pipeline_ms=175.062 gpu_pipeline_ms=21.608 cpu_resource_sampling_overhead_ms=0.172051 gpu_resource_sampling_overhead_ms=0.03241 semantic_gates=16/16 timing_direct=true resource_overhead_excluded=true step_sum_used=false status=PASS
sample_index=24 cpu_pipeline_ms=177.209 gpu_pipeline_ms=23.0225 cpu_resource_sampling_overhead_ms=0.238883 gpu_resource_sampling_overhead_ms=0.0339 semantic_gates=16/16 timing_direct=true resource_overhead_excluded=true step_sum_used=false status=PASS
sample_index=25 cpu_pipeline_ms=177.684 gpu_pipeline_ms=22.3087 cpu_resource_sampling_overhead_ms=0.189981 gpu_resource_sampling_overhead_ms=0.03392 semantic_gates=16/16 timing_direct=true resource_overhead_excluded=true step_sum_used=false status=PASS
sample_index=26 cpu_pipeline_ms=174.62 gpu_pipeline_ms=21.5343 cpu_resource_sampling_overhead_ms=0.173281 gpu_resource_sampling_overhead_ms=0.0329 semantic_gates=16/16 timing_direct=true resource_overhead_excluded=true step_sum_used=false status=PASS
sample_index=27 cpu_pipeline_ms=174.481 gpu_pipeline_ms=21.0904 cpu_resource_sampling_overhead_ms=0.16677 gpu_resource_sampling_overhead_ms=0.03273 semantic_gates=16/16 timing_direct=true resource_overhead_excluded=true step_sum_used=false status=PASS
sample_index=28 cpu_pipeline_ms=173.804 gpu_pipeline_ms=21.1349 cpu_resource_sampling_overhead_ms=0.165102 gpu_resource_sampling_overhead_ms=0.03292 semantic_gates=16/16 timing_direct=true resource_overhead_excluded=true step_sum_used=false status=PASS
sample_index=29 cpu_pipeline_ms=173.802 gpu_pipeline_ms=21.1333 cpu_resource_sampling_overhead_ms=0.152022 gpu_resource_sampling_overhead_ms=0.0325 semantic_gates=16/16 timing_direct=true resource_overhead_excluded=true step_sum_used=false status=PASS
sample_index=30 cpu_pipeline_ms=174.193 gpu_pipeline_ms=21.2954 cpu_resource_sampling_overhead_ms=0.17187 gpu_resource_sampling_overhead_ms=0.03272 semantic_gates=16/16 timing_direct=true resource_overhead_excluded=true step_sum_used=false status=PASS
sample_index=31 cpu_pipeline_ms=176.165 gpu_pipeline_ms=21.2145 cpu_resource_sampling_overhead_ms=0.176363 gpu_resource_sampling_overhead_ms=0.03217 semantic_gates=16/16 timing_direct=true resource_overhead_excluded=true step_sum_used=false status=PASS
sample_index=32 cpu_pipeline_ms=181.183 gpu_pipeline_ms=21.1348 cpu_resource_sampling_overhead_ms=0.172442 gpu_resource_sampling_overhead_ms=0.032181 semantic_gates=16/16 timing_direct=true resource_overhead_excluded=true step_sum_used=false status=PASS
sample_index=33 cpu_pipeline_ms=175.281 gpu_pipeline_ms=21.1606 cpu_resource_sampling_overhead_ms=0.161381 gpu_resource_sampling_overhead_ms=0.03294 semantic_gates=16/16 timing_direct=true resource_overhead_excluded=true step_sum_used=false status=PASS
sample_index=34 cpu_pipeline_ms=173.6 gpu_pipeline_ms=21.3154 cpu_resource_sampling_overhead_ms=0.187082 gpu_resource_sampling_overhead_ms=0.033051 semantic_gates=16/16 timing_direct=true resource_overhead_excluded=true step_sum_used=false status=PASS
sample_index=35 cpu_pipeline_ms=177.084 gpu_pipeline_ms=21.5207 cpu_resource_sampling_overhead_ms=0.157722 gpu_resource_sampling_overhead_ms=0.032721 semantic_gates=16/16 timing_direct=true resource_overhead_excluded=true step_sum_used=false status=PASS
sample_index=36 cpu_pipeline_ms=174.299 gpu_pipeline_ms=21.1157 cpu_resource_sampling_overhead_ms=0.163032 gpu_resource_sampling_overhead_ms=0.03185 semantic_gates=16/16 timing_direct=true resource_overhead_excluded=true step_sum_used=false status=PASS
sample_index=37 cpu_pipeline_ms=176.722 gpu_pipeline_ms=21.0338 cpu_resource_sampling_overhead_ms=0.163472 gpu_resource_sampling_overhead_ms=0.033041 semantic_gates=16/16 timing_direct=true resource_overhead_excluded=true step_sum_used=false status=PASS
sample_index=38 cpu_pipeline_ms=173.806 gpu_pipeline_ms=21.2923 cpu_resource_sampling_overhead_ms=0.166511 gpu_resource_sampling_overhead_ms=0.0327 semantic_gates=16/16 timing_direct=true resource_overhead_excluded=true step_sum_used=false status=PASS
sample_index=39 cpu_pipeline_ms=174.069 gpu_pipeline_ms=21.1489 cpu_resource_sampling_overhead_ms=0.158781 gpu_resource_sampling_overhead_ms=0.03264 semantic_gates=16/16 timing_direct=true resource_overhead_excluded=true step_sum_used=false status=PASS
sample_index=40 cpu_pipeline_ms=175.2 gpu_pipeline_ms=21.3813 cpu_resource_sampling_overhead_ms=0.17568 gpu_resource_sampling_overhead_ms=0.03281 semantic_gates=16/16 timing_direct=true resource_overhead_excluded=true step_sum_used=false status=PASS
sample_index=41 cpu_pipeline_ms=174.575 gpu_pipeline_ms=21.0991 cpu_resource_sampling_overhead_ms=0.165231 gpu_resource_sampling_overhead_ms=0.03269 semantic_gates=16/16 timing_direct=true resource_overhead_excluded=true step_sum_used=false status=PASS
sample_index=42 cpu_pipeline_ms=174.483 gpu_pipeline_ms=21.1362 cpu_resource_sampling_overhead_ms=0.177173 gpu_resource_sampling_overhead_ms=0.03224 semantic_gates=16/16 timing_direct=true resource_overhead_excluded=true step_sum_used=false status=PASS
sample_index=43 cpu_pipeline_ms=176.716 gpu_pipeline_ms=20.9517 cpu_resource_sampling_overhead_ms=0.169042 gpu_resource_sampling_overhead_ms=0.03203 semantic_gates=16/16 timing_direct=true resource_overhead_excluded=true step_sum_used=false status=PASS
sample_index=44 cpu_pipeline_ms=174.091 gpu_pipeline_ms=21.059 cpu_resource_sampling_overhead_ms=0.179292 gpu_resource_sampling_overhead_ms=0.03236 semantic_gates=16/16 timing_direct=true resource_overhead_excluded=true step_sum_used=false status=PASS
sample_index=45 cpu_pipeline_ms=176.491 gpu_pipeline_ms=21.821 cpu_resource_sampling_overhead_ms=0.191001 gpu_resource_sampling_overhead_ms=0.03244 semantic_gates=16/16 timing_direct=true resource_overhead_excluded=true step_sum_used=false status=PASS
sample_index=46 cpu_pipeline_ms=173.917 gpu_pipeline_ms=21.5283 cpu_resource_sampling_overhead_ms=0.193813 gpu_resource_sampling_overhead_ms=0.0327 semantic_gates=16/16 timing_direct=true resource_overhead_excluded=true step_sum_used=false status=PASS
sample_index=47 cpu_pipeline_ms=177.361 gpu_pipeline_ms=21.707 cpu_resource_sampling_overhead_ms=0.1697 gpu_resource_sampling_overhead_ms=0.03237 semantic_gates=16/16 timing_direct=true resource_overhead_excluded=true step_sum_used=false status=PASS
sample_index=48 cpu_pipeline_ms=174.62 gpu_pipeline_ms=21.4674 cpu_resource_sampling_overhead_ms=0.178851 gpu_resource_sampling_overhead_ms=0.03282 semantic_gates=16/16 timing_direct=true resource_overhead_excluded=true step_sum_used=false status=PASS
sample_index=49 cpu_pipeline_ms=175.345 gpu_pipeline_ms=21.5856 cpu_resource_sampling_overhead_ms=0.175553 gpu_resource_sampling_overhead_ms=0.03294 semantic_gates=16/16 timing_direct=true resource_overhead_excluded=true step_sum_used=false status=PASS
sample_index=50 cpu_pipeline_ms=174.302 gpu_pipeline_ms=21.4508 cpu_resource_sampling_overhead_ms=0.178022 gpu_resource_sampling_overhead_ms=0.03171 semantic_gates=16/16 timing_direct=true resource_overhead_excluded=true step_sum_used=false status=PASS
sample_index=51 cpu_pipeline_ms=174.389 gpu_pipeline_ms=21.6606 cpu_resource_sampling_overhead_ms=0.192642 gpu_resource_sampling_overhead_ms=0.03277 semantic_gates=16/16 timing_direct=true resource_overhead_excluded=true step_sum_used=false status=PASS
sample_index=52 cpu_pipeline_ms=173.83 gpu_pipeline_ms=21.5505 cpu_resource_sampling_overhead_ms=0.173131 gpu_resource_sampling_overhead_ms=0.03236 semantic_gates=16/16 timing_direct=true resource_overhead_excluded=true step_sum_used=false status=PASS
sample_index=53 cpu_pipeline_ms=174.299 gpu_pipeline_ms=22.7091 cpu_resource_sampling_overhead_ms=0.22861 gpu_resource_sampling_overhead_ms=0.03568 semantic_gates=16/16 timing_direct=true resource_overhead_excluded=true step_sum_used=false status=PASS
sample_index=54 cpu_pipeline_ms=175.034 gpu_pipeline_ms=22.3267 cpu_resource_sampling_overhead_ms=0.183431 gpu_resource_sampling_overhead_ms=0.034131 semantic_gates=16/16 timing_direct=true resource_overhead_excluded=true step_sum_used=false status=PASS
sample_index=55 cpu_pipeline_ms=173.079 gpu_pipeline_ms=22.2763 cpu_resource_sampling_overhead_ms=0.19118 gpu_resource_sampling_overhead_ms=0.034 semantic_gates=16/16 timing_direct=true resource_overhead_excluded=true step_sum_used=false status=PASS
sample_index=56 cpu_pipeline_ms=174.604 gpu_pipeline_ms=21.6662 cpu_resource_sampling_overhead_ms=0.200182 gpu_resource_sampling_overhead_ms=0.032861 semantic_gates=16/16 timing_direct=true resource_overhead_excluded=true step_sum_used=false status=PASS
sample_index=57 cpu_pipeline_ms=174.587 gpu_pipeline_ms=24.8961 cpu_resource_sampling_overhead_ms=0.189454 gpu_resource_sampling_overhead_ms=0.034278 semantic_gates=16/16 timing_direct=true resource_overhead_excluded=true step_sum_used=false status=PASS
sample_index=58 cpu_pipeline_ms=178.235 gpu_pipeline_ms=21.1152 cpu_resource_sampling_overhead_ms=0.182043 gpu_resource_sampling_overhead_ms=0.03239 semantic_gates=16/16 timing_direct=true resource_overhead_excluded=true step_sum_used=false status=PASS
sample_index=59 cpu_pipeline_ms=174.676 gpu_pipeline_ms=21.2489 cpu_resource_sampling_overhead_ms=0.213442 gpu_resource_sampling_overhead_ms=0.033079 semantic_gates=16/16 timing_direct=true resource_overhead_excluded=true step_sum_used=false status=PASS
sample_index=60 cpu_pipeline_ms=173.571 gpu_pipeline_ms=21.2295 cpu_resource_sampling_overhead_ms=0.173545 gpu_resource_sampling_overhead_ms=0.032939 semantic_gates=16/16 timing_direct=true resource_overhead_excluded=true step_sum_used=false status=PASS
sample_index=61 cpu_pipeline_ms=174.034 gpu_pipeline_ms=21.1748 cpu_resource_sampling_overhead_ms=0.168544 gpu_resource_sampling_overhead_ms=0.032829 semantic_gates=16/16 timing_direct=true resource_overhead_excluded=true step_sum_used=false status=PASS
sample_index=62 cpu_pipeline_ms=174.373 gpu_pipeline_ms=21.419 cpu_resource_sampling_overhead_ms=0.218702 gpu_resource_sampling_overhead_ms=0.03333 semantic_gates=16/16 timing_direct=true resource_overhead_excluded=true step_sum_used=false status=PASS
sample_index=63 cpu_pipeline_ms=174.936 gpu_pipeline_ms=21.0023 cpu_resource_sampling_overhead_ms=0.184713 gpu_resource_sampling_overhead_ms=0.032429 semantic_gates=16/16 timing_direct=true resource_overhead_excluded=true step_sum_used=false status=PASS
sample_index=64 cpu_pipeline_ms=178.356 gpu_pipeline_ms=22.0374 cpu_resource_sampling_overhead_ms=0.204833 gpu_resource_sampling_overhead_ms=0.03291 semantic_gates=16/16 timing_direct=true resource_overhead_excluded=true step_sum_used=false status=PASS
sample_index=65 cpu_pipeline_ms=174.335 gpu_pipeline_ms=21.664 cpu_resource_sampling_overhead_ms=0.175403 gpu_resource_sampling_overhead_ms=0.03248 semantic_gates=16/16 timing_direct=true resource_overhead_excluded=true step_sum_used=false status=PASS
sample_index=66 cpu_pipeline_ms=175.7 gpu_pipeline_ms=22.7539 cpu_resource_sampling_overhead_ms=0.236532 gpu_resource_sampling_overhead_ms=0.036798 semantic_gates=16/16 timing_direct=true resource_overhead_excluded=true step_sum_used=false status=PASS
sample_index=67 cpu_pipeline_ms=173.638 gpu_pipeline_ms=21.7729 cpu_resource_sampling_overhead_ms=0.174004 gpu_resource_sampling_overhead_ms=0.03242 semantic_gates=16/16 timing_direct=true resource_overhead_excluded=true step_sum_used=false status=PASS
sample_index=68 cpu_pipeline_ms=174.898 gpu_pipeline_ms=22.0454 cpu_resource_sampling_overhead_ms=0.174636 gpu_resource_sampling_overhead_ms=0.032659 semantic_gates=16/16 timing_direct=true resource_overhead_excluded=true step_sum_used=false status=PASS
sample_index=69 cpu_pipeline_ms=174.007 gpu_pipeline_ms=21.1258 cpu_resource_sampling_overhead_ms=0.174062 gpu_resource_sampling_overhead_ms=0.033237 semantic_gates=16/16 timing_direct=true resource_overhead_excluded=true step_sum_used=false status=PASS
sample_index=70 cpu_pipeline_ms=174.173 gpu_pipeline_ms=21.1615 cpu_resource_sampling_overhead_ms=0.196414 gpu_resource_sampling_overhead_ms=0.033278 semantic_gates=16/16 timing_direct=true resource_overhead_excluded=true step_sum_used=false status=PASS
sample_index=71 cpu_pipeline_ms=174.632 gpu_pipeline_ms=21.0859 cpu_resource_sampling_overhead_ms=0.182244 gpu_resource_sampling_overhead_ms=0.032439 semantic_gates=16/16 timing_direct=true resource_overhead_excluded=true step_sum_used=false status=PASS
sample_index=72 cpu_pipeline_ms=174.015 gpu_pipeline_ms=21.0624 cpu_resource_sampling_overhead_ms=0.188463 gpu_resource_sampling_overhead_ms=0.032518 semantic_gates=16/16 timing_direct=true resource_overhead_excluded=true step_sum_used=false status=PASS
sample_index=73 cpu_pipeline_ms=174.457 gpu_pipeline_ms=20.9802 cpu_resource_sampling_overhead_ms=0.181334 gpu_resource_sampling_overhead_ms=0.032308 semantic_gates=16/16 timing_direct=true resource_overhead_excluded=true step_sum_used=false status=PASS
sample_index=74 cpu_pipeline_ms=171.307 gpu_pipeline_ms=22.6893 cpu_resource_sampling_overhead_ms=0.224173 gpu_resource_sampling_overhead_ms=0.034749 semantic_gates=16/16 timing_direct=true resource_overhead_excluded=true step_sum_used=false status=PASS
sample_index=75 cpu_pipeline_ms=174.913 gpu_pipeline_ms=22.8727 cpu_resource_sampling_overhead_ms=0.223042 gpu_resource_sampling_overhead_ms=0.035829 semantic_gates=16/16 timing_direct=true resource_overhead_excluded=true step_sum_used=false status=PASS
sample_index=76 cpu_pipeline_ms=178.941 gpu_pipeline_ms=21.8623 cpu_resource_sampling_overhead_ms=0.225872 gpu_resource_sampling_overhead_ms=0.032098 semantic_gates=16/16 timing_direct=true resource_overhead_excluded=true step_sum_used=false status=PASS
sample_index=77 cpu_pipeline_ms=175.346 gpu_pipeline_ms=21.7023 cpu_resource_sampling_overhead_ms=0.192703 gpu_resource_sampling_overhead_ms=0.033508 semantic_gates=16/16 timing_direct=true resource_overhead_excluded=true step_sum_used=false status=PASS
sample_index=78 cpu_pipeline_ms=173.714 gpu_pipeline_ms=21.9104 cpu_resource_sampling_overhead_ms=0.187613 gpu_resource_sampling_overhead_ms=0.033349 semantic_gates=16/16 timing_direct=true resource_overhead_excluded=true step_sum_used=false status=PASS
sample_index=79 cpu_pipeline_ms=175.28 gpu_pipeline_ms=21.2481 cpu_resource_sampling_overhead_ms=0.191174 gpu_resource_sampling_overhead_ms=0.033468 semantic_gates=16/16 timing_direct=true resource_overhead_excluded=true step_sum_used=false status=PASS
sample_index=80 cpu_pipeline_ms=174.199 gpu_pipeline_ms=21.1903 cpu_resource_sampling_overhead_ms=0.165485 gpu_resource_sampling_overhead_ms=0.032338 semantic_gates=16/16 timing_direct=true resource_overhead_excluded=true step_sum_used=false status=PASS
sample_index=81 cpu_pipeline_ms=174.48 gpu_pipeline_ms=21.1073 cpu_resource_sampling_overhead_ms=0.200543 gpu_resource_sampling_overhead_ms=0.032239 semantic_gates=16/16 timing_direct=true resource_overhead_excluded=true step_sum_used=false status=PASS
sample_index=82 cpu_pipeline_ms=173.413 gpu_pipeline_ms=21.0463 cpu_resource_sampling_overhead_ms=0.176783 gpu_resource_sampling_overhead_ms=0.033669 semantic_gates=16/16 timing_direct=true resource_overhead_excluded=true step_sum_used=false status=PASS
sample_index=83 cpu_pipeline_ms=174.167 gpu_pipeline_ms=21.0084 cpu_resource_sampling_overhead_ms=0.174755 gpu_resource_sampling_overhead_ms=0.03261 semantic_gates=16/16 timing_direct=true resource_overhead_excluded=true step_sum_used=false status=PASS
sample_index=84 cpu_pipeline_ms=174.389 gpu_pipeline_ms=21.8362 cpu_resource_sampling_overhead_ms=0.191162 gpu_resource_sampling_overhead_ms=0.035269 semantic_gates=16/16 timing_direct=true resource_overhead_excluded=true step_sum_used=false status=PASS
sample_index=85 cpu_pipeline_ms=175.658 gpu_pipeline_ms=22.4377 cpu_resource_sampling_overhead_ms=0.221064 gpu_resource_sampling_overhead_ms=0.033969 semantic_gates=16/16 timing_direct=true resource_overhead_excluded=true step_sum_used=false status=PASS
sample_index=86 cpu_pipeline_ms=173.949 gpu_pipeline_ms=21.3619 cpu_resource_sampling_overhead_ms=0.181864 gpu_resource_sampling_overhead_ms=0.03227 semantic_gates=16/16 timing_direct=true resource_overhead_excluded=true step_sum_used=false status=PASS
sample_index=87 cpu_pipeline_ms=173.815 gpu_pipeline_ms=21.0068 cpu_resource_sampling_overhead_ms=0.172714 gpu_resource_sampling_overhead_ms=0.03262 semantic_gates=16/16 timing_direct=true resource_overhead_excluded=true step_sum_used=false status=PASS
sample_index=88 cpu_pipeline_ms=180.28 gpu_pipeline_ms=21.2302 cpu_resource_sampling_overhead_ms=0.183246 gpu_resource_sampling_overhead_ms=0.031826 semantic_gates=16/16 timing_direct=true resource_overhead_excluded=true step_sum_used=false status=PASS
sample_index=89 cpu_pipeline_ms=178.379 gpu_pipeline_ms=21.158 cpu_resource_sampling_overhead_ms=0.185515 gpu_resource_sampling_overhead_ms=0.032979 semantic_gates=16/16 timing_direct=true resource_overhead_excluded=true step_sum_used=false status=PASS
sample_index=90 cpu_pipeline_ms=178.33 gpu_pipeline_ms=21.9004 cpu_resource_sampling_overhead_ms=0.200271 gpu_resource_sampling_overhead_ms=0.032208 semantic_gates=16/16 timing_direct=true resource_overhead_excluded=true step_sum_used=false status=PASS
sample_index=91 cpu_pipeline_ms=175.704 gpu_pipeline_ms=21.5286 cpu_resource_sampling_overhead_ms=0.172115 gpu_resource_sampling_overhead_ms=0.032929 semantic_gates=16/16 timing_direct=true resource_overhead_excluded=true step_sum_used=false status=PASS
sample_index=92 cpu_pipeline_ms=174.329 gpu_pipeline_ms=21.4549 cpu_resource_sampling_overhead_ms=0.191926 gpu_resource_sampling_overhead_ms=0.033077 semantic_gates=16/16 timing_direct=true resource_overhead_excluded=true step_sum_used=false status=PASS
sample_index=93 cpu_pipeline_ms=175.914 gpu_pipeline_ms=21.5306 cpu_resource_sampling_overhead_ms=0.169064 gpu_resource_sampling_overhead_ms=0.032809 semantic_gates=16/16 timing_direct=true resource_overhead_excluded=true step_sum_used=false status=PASS
sample_index=94 cpu_pipeline_ms=176.36 gpu_pipeline_ms=21.5394 cpu_resource_sampling_overhead_ms=0.196483 gpu_resource_sampling_overhead_ms=0.032358 semantic_gates=16/16 timing_direct=true resource_overhead_excluded=true step_sum_used=false status=PASS
sample_index=95 cpu_pipeline_ms=175.165 gpu_pipeline_ms=21.5445 cpu_resource_sampling_overhead_ms=0.167626 gpu_resource_sampling_overhead_ms=0.032219 semantic_gates=16/16 timing_direct=true resource_overhead_excluded=true step_sum_used=false status=PASS
sample_index=96 cpu_pipeline_ms=174.011 gpu_pipeline_ms=21.2683 cpu_resource_sampling_overhead_ms=0.185426 gpu_resource_sampling_overhead_ms=0.033037 semantic_gates=16/16 timing_direct=true resource_overhead_excluded=true step_sum_used=false status=PASS
sample_index=97 cpu_pipeline_ms=173.919 gpu_pipeline_ms=21.1795 cpu_resource_sampling_overhead_ms=0.175564 gpu_resource_sampling_overhead_ms=0.032497 semantic_gates=16/16 timing_direct=true resource_overhead_excluded=true step_sum_used=false status=PASS
sample_index=98 cpu_pipeline_ms=173.982 gpu_pipeline_ms=21.4684 cpu_resource_sampling_overhead_ms=0.187075 gpu_resource_sampling_overhead_ms=0.0311 semantic_gates=16/16 timing_direct=true resource_overhead_excluded=true step_sum_used=false status=PASS
sample_index=99 cpu_pipeline_ms=174.489 gpu_pipeline_ms=21.2851 cpu_resource_sampling_overhead_ms=0.174782 gpu_resource_sampling_overhead_ms=0.0316 semantic_gates=16/16 timing_direct=true resource_overhead_excluded=true step_sum_used=false status=PASS
function=Task2 frozen full six-step pipeline
call_chain=Step1->Step2;Step2+Step1->Step3;Step3 dual outputs->Step4;Step4->Step5;Step5+Step4+Kalman/delay->Step6
timing=pipeline_total measured directly;not=sum(step timings)
cpu_correlation_method=direct_parallel_exact workers=255
resource_sampling_mode=same_pipeline_execution
status=PASS return_code=0
