[stage07] identity and status
+--------+---------------------------+--------+----------------+-------+--------+----------+--------------------------+--------+------------+
| target | scale_id                  | device | backend        | dtype | warmup | measured | timing_scope             | status | error_code |
+--------+---------------------------+--------+----------------+-------+--------+----------+--------------------------+--------+------------+
| ricker | ricker_standard_int8_10e2 | CPU    | not_applicable | INT8  | 20     | 100      | compatibility/end-to-end | PASS   | OK         |
| ricker | ricker_standard_int8_10e2 | GPU    | not_applicable | INT8  | 20     | 100      | compatibility/end-to-end | PASS   | OK         |
+--------+---------------------------+--------+----------------+-------+--------+----------+--------------------------+--------+------------+

[stage07] timing detail
+--------+------------+----------+---------------------+-----------------------+----------+----------+------------------------+-----------------------+---------------------+
| device | mean_ms    | p50_ms   | p95_ms              | p99_ms                | min_ms   | max_ms   | std_ms                 | cv                    | speedup             |
+--------+------------+----------+---------------------+-----------------------+----------+----------+------------------------+-----------------------+---------------------+
| CPU    | 0.00519853 | 0.0052   | 0.00521             | 0.0052401999999999995 | 0.00511  | 0.00526  | 1.8986023807000717e-05 | 0.0036521908706885825 | NA                  |
| GPU    | 0.2577541  | 0.254602 | 0.26520494999999994 | 0.2871880000000009    | 0.241402 | 0.464992 | 0.02158122498121921    | 0.08372796002554066   | 0.02016856375902459 |
+--------+------------+----------+---------------------+-----------------------+----------+----------+------------------------+-----------------------+---------------------+

[stage07] accuracy detail
+---------------------+-------------+-------------+-------------+---------------+-------------+----------------+-------------------------------------------------------------------------------+--------+
| reference           | mse         | rmse        | relative_l2 | relative_linf | exact_match | mismatch_count | semantic_check                                                                | status |
+---------------------+-------------+-------------+-------------+---------------+-------------+----------------+-------------------------------------------------------------------------------+--------+
| typed_cpu_reference | 3.55661e-17 | 5.96374e-09 | 6.7472e-08  | 7.44008e-08   | NA          | NA             | output_count=128;output_dtype=FP64;task_gpu_call=missing_independent_api_only | PASS   |
+---------------------+-------------+-------------+-------------+---------------+-------------+----------------+-------------------------------------------------------------------------------+--------+

[stage07] resource detail
+--------+------------+--------------+-------------+------------+-------------+
| device | metric     | before_bytes | after_bytes | peak_bytes | delta_bytes |
+--------+------------+--------------+-------------+------------+-------------+
| CPU    | cpu_heap   | 1364464      | 1369824     | 1369824    | 5360        |
| CPU    | rss        | 69349376     | 69349376    | 69349376   | 0           |
| GPU    | cpu_heap   | 1369920      | 1374208     | 1374208    | 4288        |
| GPU    | rss        | 69349376     | 69349376    | 69349376   | 0           |
| GPU    | gpu_memory | 341000192    | 341000192   | 341000192  | 0           |
+--------+------------+--------------+-------------+------------+-------------+

[stage07] input content
+------------+-------+-------+----------+-------------------------------------------+---------------------+
| input_name | shape | dtype | elements | generator                                 | values(head4/tail2) |
+------------+-------+-------+----------+-------------------------------------------+---------------------+
| width      | [1]   | INT8  | 1        | configured_typed_scalar(profile=standard) | i=0:4.000000        |
+------------+-------+-------+----------+-------------------------------------------+---------------------+

[stage07] case parameters
+------------------------------------------------------------------------------------------------------------------------------------------------------------------------------+
| parameters                                                                                                                                                                   |
+------------------------------------------------------------------------------------------------------------------------------------------------------------------------------+
| {"equivalent_work":"10^2","expected_output_shape":[128],"n":128,"output_dtype":"FP64","profile":"standard","task_gpu_call_status":"cpu_callable_only_gpu_missing","width":4} |
+------------------------------------------------------------------------------------------------------------------------------------------------------------------------------+

[stage07] input and output identity
+--------+------------------------------------------------------------------+------------------------------------------------------------------+
| device | input_digest                                                     | output_digest                                                    |
+--------+------------------------------------------------------------------+------------------------------------------------------------------+
| CPU    | 2ec4090ddb2ff7447f0b57aed1b12aca63cb388b3b31c4c3d6f5ed95c1e4ea2e | a89462309661ce38844c89a1b1b9ca513aa5107a2a5dcc9c6c2c507c0948f7de |
| GPU    | 2ec4090ddb2ff7447f0b57aed1b12aca63cb388b3b31c4c3d6f5ed95c1e4ea2e | 2ce8d379865572f96209f1118fb1b060ae504c9cc4ca9a1c65bc6e9d57fb12a4 |
+--------+------------------------------------------------------------------+------------------------------------------------------------------+

[stage07] dtype evidence
+-----------------+--------------------+--------------+------------------------------------------------------------------+------------------------------------------------------------------+-------------------------------------------------------------+
| requested_dtype | config_input_dtype | output_dtype | typed_array_digest                                               | actual_input_digest                                              | task_gpu_call_status                                        |
+-----------------+--------------------+--------------+------------------------------------------------------------------+------------------------------------------------------------------+-------------------------------------------------------------+
| INT8            | INT8               | FP64         | e52d9c508c502347344d8c07ad91cbd6068afc75ff6292f062a09ca381c89e71 | 2ec4090ddb2ff7447f0b57aed1b12aca63cb388b3b31c4c3d6f5ed95c1e4ea2e | cpu_callable_only_gpu_missing_independent_device_api_tested |
+-----------------+--------------------+--------------+------------------------------------------------------------------+------------------------------------------------------------------+-------------------------------------------------------------+

[stage07] evidence files
+-------------+----------------------------------------------------------------------------------------------------------------------------------------------------------------------------------------------------------------------------------+
| kind        | path                                                                                                                                                                                                                             |
+-------------+----------------------------------------------------------------------------------------------------------------------------------------------------------------------------------------------------------------------------------+
| main_csv    | /tmp/ZKX_dev/results/stage07_b03_formal_20e76c9b0ef/formal/20260810T101010Z_20e76c9b0ef0_stage07_b03_formal_15dc692c/operator_main_results_ricker_not_applicable_20260810T101010Z_20e76c9b0ef0_stage07_b03_formal_15dc692c.csv   |
| timing_csv  | /tmp/ZKX_dev/results/stage07_b03_formal_20e76c9b0ef/formal/20260810T101010Z_20e76c9b0ef0_stage07_b03_formal_15dc692c/operator_timing_samples_ricker_not_applicable_20260810T101010Z_20e76c9b0ef0_stage07_b03_formal_15dc692c.csv |
| memory_csv  | /tmp/ZKX_dev/results/stage07_b03_formal_20e76c9b0ef/formal/20260810T101010Z_20e76c9b0ef0_stage07_b03_formal_15dc692c/operator_wavelets_ricker_memory_trace_not_applicable.csv                                                    |
| dtype_csv   | /tmp/ZKX_dev/results/stage07_b03_formal_20e76c9b0ef/formal/20260810T101010Z_20e76c9b0ef0_stage07_b03_formal_15dc692c/operator_dtype_evidence_ricker_not_applicable_20260810T101010Z_20e76c9b0ef0_stage07_b03_formal_15dc692c.csv |
| report_json | /tmp/ZKX_dev/results/stage07_b03_formal_20e76c9b0ef/formal/20260810T101010Z_20e76c9b0ef0_stage07_b03_formal_15dc692c/operator_ricker_report.json                                                                                 |
| summary_txt | /tmp/ZKX_dev/results/stage07_b03_formal_20e76c9b0ef/formal/20260810T101010Z_20e76c9b0ef0_stage07_b03_formal_15dc692c/operator_ricker_summary.txt                                                                                 |
| full_log    | /tmp/ZKX_dev/results/stage07_b03_formal_20e76c9b0ef/formal/20260810T101010Z_20e76c9b0ef0_stage07_b03_formal_15dc692c/operator_ricker_full.log                                                                                    |
| result_dir  | /tmp/ZKX_dev/results/stage07_b03_formal_20e76c9b0ef/formal/20260810T101010Z_20e76c9b0ef0_stage07_b03_formal_15dc692c                                                                                                             |
+-------------+----------------------------------------------------------------------------------------------------------------------------------------------------------------------------------------------------------------------------------+
STAGE07_WAVELET_CASE PASS operator=ricker scale=ricker_standard_int8_10e2 dtype=INT8 backend=not_applicable measured=100 results=/tmp/ZKX_dev/results/stage07_b03_formal_20e76c9b0ef/formal/20260810T101010Z_20e76c9b0ef0_stage07_b03_formal_15dc692c
