command=build_stage08_b04_firfilter2_be79ae78aeff/stage08_filtering_firfilter2 --dtype INT8 --rows 10 --cols 10 --axis 1 --padtype odd --padlen 4 --seed 84250001 --warmup 20 --measured 100 --output /tmp/ZKX_dev/results/stage08_input_preview_b04_firfilter2_db927ed96663/formal/20260810T083714Z_db927ed96663_stage08_b04_formal_b403000d/firfilter2_probe_raw.json
STAGE08_FIRFILTER2_PROBE PASS dtype=INT8 padtype=odd backend=not_applicable
[stage08] identity and status
+------------+----------------------+--------+----------------+-------+--------+----------+--------------------------+--------+------------+
| target     | scale_id             | device | backend        | dtype | warmup | measured | timing_scope             | status | error_code |
+------------+----------------------+--------+----------------+-------+--------+----------+--------------------------+--------+------------+
| firfilter2 | firfilter2_int8_10e2 | CPU    | not_applicable | INT8  | 20     | 100      | compatibility/end-to-end | PASS   | OK         |
| firfilter2 | firfilter2_int8_10e2 | GPU    | not_applicable | INT8  | 20     | 100      | compatibility/end-to-end | PASS   | OK         |
+------------+----------------------+--------+----------------+-------+--------+----------+--------------------------+--------+------------+

[stage08] timing detail
+--------+----------------------+----------------------+----------------------+----------------------+----------------------+----------------------+-----------------------+---------------------+---------------------+
| device | mean_ms              | p50_ms               | p95_ms               | p99_ms               | min_ms               | max_ms               | std_ms                | cv                  | speedup             |
+--------+----------------------+----------------------+----------------------+----------------------+----------------------+----------------------+-----------------------+---------------------+---------------------+
| CPU    | 0.034700979999999999 | 0.034505499999999995 | 0.034620499999999998 | 0.034988510000000091 | 0.034369999999999998 | 0.053650999999999997 | 0.001905696990499801  | 0.05491767063926728 | NA                  |
| GPU    | 0.25602079999999999  | 0.25468099999999999  | 0.26593              | 0.27670430000000018  | 0.24826200000000001  | 0.30871100000000001  | 0.0069692677707202519 | 0.02722149048327422 | 0.13553969052514483 |
+--------+----------------------+----------------------+----------------------+----------------------+----------------------+----------------------+-----------------------+---------------------+---------------------+

[stage08] accuracy detail
+---------------------------------------------+-----+------+-------------+---------------+-------------+----------------+--------------------------------------------------------------------------+--------+
| accuracy_reference                          | mse | rmse | relative_l2 | relative_linf | exact_match | mismatch_count | semantic_check                                                           | status |
+---------------------------------------------+-----+------+-------------+---------------+-------------+----------------+--------------------------------------------------------------------------+--------+
| cpu_independent_bidirectional_fir_reference | 0   | 0    | 0           | 0             | NA          | NA             | shape_axis_padding_and_fp32_output_match_cpu:axis=1;padtype=odd;padlen=4 | PASS   |
+---------------------------------------------+-----+------+-------------+---------------+-------------+----------------+--------------------------------------------------------------------------+--------+

[stage08] resource detail
+--------+------------+--------------+-------------+------------+-------------+
| device | metric     | before_bytes | after_bytes | peak_bytes | delta_bytes |
+--------+------------+--------------+-------------+------------+-------------+
| CPU    | cpu_heap   | 1427024      | 1430240     | 1430240    | 3216        |
| CPU    | rss        | 70242304     | 70242304    | 70242304   | 0           |
| GPU    | cpu_heap   | 1432016      | 1436032     | 1436032    | 4016        |
| GPU    | rss        | 70242304     | 70242304    | 70242304   | 0           |
| GPU    | gpu_memory | 391544832    | 391544832   | 391544832  | 0           |
+--------+------------+--------------+-------------+------------+-------------+

[stage08] input/output identity
+--------+------------------------------------------------------------------+------------------------------------------------------------------+
| device | input_digest                                                     | output_digest                                                    |
+--------+------------------------------------------------------------------+------------------------------------------------------------------+
| CPU    | b813600a26be64d887e6ce07113d566f0a330296ff2797900a792df86074adf8 | 6aeb74bb0d9ec04d27e349ea4db4450d1b6711851e0546a476c243dfd6a71eed |
| GPU    | b813600a26be64d887e6ce07113d566f0a330296ff2797900a792df86074adf8 | 6aeb74bb0d9ec04d27e349ea4db4450d1b6711851e0546a476c243dfd6a71eed |
+--------+------------------------------------------------------------------+------------------------------------------------------------------+

[stage08] input content
+------------+---------+-------+----------+------------------------------------------------+------------------------------------------+
| input_name | shape   | dtype | elements | generator                                      | values(head4/tail2)                      |
+------------+---------+-------+----------+------------------------------------------------+------------------------------------------+
| x          | [10x10] | INT8  | 100      | firfilter_modular(seed=84250001,integral=true) | i=0:-2;i=1:2;i=2:-3;i=3:1;i=98:3;i=99:-2 |
| b          | [3]     | INT8  | 3        | fixed_filter_coefficients                      | i=0:1;i=1:1;i=2:1                        |
+------------+---------+-------+----------+------------------------------------------------+------------------------------------------+

[stage08] case parameters
+----------------------------------------------------------------------------------------------------+
| parameters                                                                                         |
+----------------------------------------------------------------------------------------------------+
| {"axis":"1","cols":"10","dtype":"INT8","padlen":"4","padtype":"odd","rows":"10","seed":"84250001"} |
+----------------------------------------------------------------------------------------------------+

[stage08] dtype evidence
+-----------------+--------------------+--------------+------------------------------------------------------------------+--------+
| requested_dtype | config_input_dtype | output_dtype | actual_input_digest                                              | status |
+-----------------+--------------------+--------------+------------------------------------------------------------------+--------+
| INT8            | NA                 | FP32         | b813600a26be64d887e6ce07113d566f0a330296ff2797900a792df86074adf8 | PASS   |
+-----------------+--------------------+--------------+------------------------------------------------------------------+--------+

[stage08] evidence files
+----------------+---------------------------------------------------------------------------------------------------------------------------------------------------------------------------------------------------------------------------------------------------------+
| kind           | path                                                                                                                                                                                                                                                    |
+----------------+---------------------------------------------------------------------------------------------------------------------------------------------------------------------------------------------------------------------------------------------------------+
| probe_raw_json | /tmp/ZKX_dev/results/stage08_input_preview_b04_firfilter2_db927ed96663/formal/20260810T083714Z_db927ed96663_stage08_b04_formal_b403000d/firfilter2_probe_raw.json                                                                                       |
| dtype_csv      | /tmp/ZKX_dev/results/stage08_input_preview_b04_firfilter2_db927ed96663/formal/20260810T083714Z_db927ed96663_stage08_b04_formal_b403000d/operator_dtype_evidence_firfilter2_not_applicable_20260810T083714Z_db927ed96663_stage08_b04_formal_b403000d.csv |
| memory_csv     | /tmp/ZKX_dev/results/stage08_input_preview_b04_firfilter2_db927ed96663/formal/20260810T083714Z_db927ed96663_stage08_b04_formal_b403000d/operator_filtering_firfilter2_memory_trace_not_applicable.csv                                                   |
| full_log       | /tmp/ZKX_dev/results/stage08_input_preview_b04_firfilter2_db927ed96663/formal/20260810T083714Z_db927ed96663_stage08_b04_formal_b403000d/operator_firfilter2_full.log                                                                                    |
| report_json    | /tmp/ZKX_dev/results/stage08_input_preview_b04_firfilter2_db927ed96663/formal/20260810T083714Z_db927ed96663_stage08_b04_formal_b403000d/operator_firfilter2_report.json                                                                                 |
| summary_txt    | /tmp/ZKX_dev/results/stage08_input_preview_b04_firfilter2_db927ed96663/formal/20260810T083714Z_db927ed96663_stage08_b04_formal_b403000d/operator_firfilter2_summary.txt                                                                                 |
| main_csv       | /tmp/ZKX_dev/results/stage08_input_preview_b04_firfilter2_db927ed96663/formal/20260810T083714Z_db927ed96663_stage08_b04_formal_b403000d/operator_main_results_firfilter2_not_applicable_20260810T083714Z_db927ed96663_stage08_b04_formal_b403000d.csv   |
| timing_csv     | /tmp/ZKX_dev/results/stage08_input_preview_b04_firfilter2_db927ed96663/formal/20260810T083714Z_db927ed96663_stage08_b04_formal_b403000d/operator_timing_samples_firfilter2_not_applicable_20260810T083714Z_db927ed96663_stage08_b04_formal_b403000d.csv |
+----------------+---------------------------------------------------------------------------------------------------------------------------------------------------------------------------------------------------------------------------------------------------------+
